
Note: Compatibility modes selected: hs a


Circuit: ** sch_path: /home/ubuntu/github/sky130-pll/sim/pll-lock/testbench/tb_pll_lock.sch

option SCALE: Scale is set to 1e-06 for instance and model parameters
option SCALE: Scale is set to 1e-06 for instance and model parameters
option SCALE: Scale is set to 1e-06 for instance and model parameters
option SCALE: Scale is set to 1e-06 for instance and model parameters
Doing analysis at TEMP = -40.000000 and TNOM = 27.000000

Using KLU as Direct Linear Solver
 Reference value :  0.00000e+00
 Reference value :  8.44302e-10
 Reference value :  1.26684e-09
 Reference value :  2.21057e-09
 Reference value :  3.72192e-09
 Reference value :  6.50000e-09
 Reference value :  1.03000e-08
 Reference value :  1.39000e-08
 Reference value :  1.77000e-08
 Reference value :  2.07000e-08
 Reference value :  2.39000e-08
 Reference value :  2.91000e-08
 Reference value :  3.13000e-08
 Reference value :  3.29000e-08
 Reference value :  3.37000e-08
 Reference value :  3.53000e-08
 Reference value :  4.01000e-08
 Reference value :  4.59000e-08
 Reference value :  4.97000e-08
 Reference value :  5.01878e-08
 Reference value :  5.41734e-08
 Reference value :  5.81734e-08
 Reference value :  6.13734e-08
 Reference value :  6.53734e-08
 Reference value :  6.87734e-08
 Reference value :  7.13734e-08
 Reference value :  7.41734e-08
 Reference value :  7.81734e-08
 Reference value :  8.25734e-08
 Reference value :  8.75734e-08
 Reference value :  9.17734e-08
 Reference value :  9.53734e-08
 Reference value :  9.89734e-08
 Reference value :  1.00850e-07
 Reference value :  1.00863e-07
 Reference value :  1.03177e-07
 Reference value :  1.07977e-07
 Reference value :  1.11977e-07
 Reference value :  1.15977e-07
 Reference value :  1.20977e-07
 Reference value :  1.26777e-07
 Reference value :  1.32177e-07
 Reference value :  1.37777e-07
 Reference value :  1.42977e-07
 Reference value :  1.47777e-07
 Reference value :  1.48777e-07
 Reference value :  1.50122e-07
 Reference value :  1.51373e-07
 Reference value :  1.54973e-07
 Reference value :  1.56573e-07
 Reference value :  1.58973e-07
 Reference value :  1.59373e-07
 Reference value :  1.59973e-07
 Reference value :  1.60573e-07
 Reference value :  1.61173e-07
 Reference value :  1.61973e-07
 Reference value :  1.64973e-07
 Reference value :  1.67973e-07
 Reference value :  1.70573e-07
 Reference value :  1.73573e-07
 Reference value :  1.74573e-07
 Reference value :  1.74973e-07
 Reference value :  1.76573e-07
 Reference value :  1.78973e-07
 Reference value :  1.81973e-07
 Reference value :  1.85373e-07
 Reference value :  1.88573e-07
 Reference value :  1.89373e-07
 Reference value :  1.89973e-07
 Reference value :  1.93373e-07
 Reference value :  1.96573e-07
 Reference value :  1.97773e-07
 Reference value :  1.98373e-07
 Reference value :  1.98973e-07
 Reference value :  1.99573e-07
 Reference value :  1.99887e-07
 Reference value :  2.00020e-07
 Reference value :  2.00869e-07
 Reference value :  2.01803e-07
 Reference value :  2.02403e-07
 Reference value :  2.03003e-07
 Reference value :  2.03803e-07
 Reference value :  2.04603e-07
 Reference value :  2.05203e-07
 Reference value :  2.05803e-07
 Reference value :  2.06403e-07
 Reference value :  2.07203e-07
 Reference value :  2.07803e-07
 Reference value :  2.08603e-07
 Reference value :  2.09403e-07
 Reference value :  2.10003e-07
 Reference value :  2.10803e-07
 Reference value :  2.11403e-07
 Reference value :  2.12203e-07
 Reference value :  2.13003e-07
 Reference value :  2.13603e-07
 Reference value :  2.14603e-07
 Reference value :  2.18203e-07
 Reference value :  2.21003e-07
 Reference value :  2.24403e-07
 Reference value :  2.27603e-07
 Reference value :  2.29203e-07
 Reference value :  2.29803e-07
 Reference value :  2.32603e-07
 Reference value :  2.36203e-07
 Reference value :  2.39603e-07
 Reference value :  2.42403e-07
 Reference value :  2.45603e-07
 Reference value :  2.48803e-07
 Reference value :  2.50060e-07
 Reference value :  2.50973e-07
 Reference value :  2.53373e-07
 Reference value :  2.55573e-07
 Reference value :  2.57773e-07
 Reference value :  2.59773e-07
 Reference value :  2.62373e-07
 Reference value :  2.63573e-07
 Reference value :  2.65373e-07
 Reference value :  2.67373e-07
 Reference value :  2.69773e-07
 Reference value :  2.71573e-07
 Reference value :  2.73773e-07
 Reference value :  2.76173e-07
 Reference value :  2.77973e-07
 Reference value :  2.79173e-07
 Reference value :  2.81773e-07
 Reference value :  2.84973e-07
 Reference value :  2.88173e-07
 Reference value :  2.90773e-07
 Reference value :  2.94573e-07
 Reference value :  2.98973e-07
 Reference value :  3.00869e-07
 Reference value :  3.01603e-07
 Reference value :  3.04803e-07
 Reference value :  3.09403e-07
 Reference value :  3.14803e-07
 Reference value :  3.20403e-07
 Reference value :  3.26003e-07
 Reference value :  3.31203e-07
 Reference value :  3.35603e-07
 Reference value :  3.37403e-07
 Reference value :  3.40603e-07
 Reference value :  3.44003e-07
 Reference value :  3.48003e-07
 Reference value :  3.50060e-07
 Reference value :  3.51573e-07
 Reference value :  3.54773e-07
 Reference value :  3.57373e-07
 Reference value :  3.59973e-07
 Reference value :  3.61573e-07
 Reference value :  3.62173e-07
 Reference value :  3.64973e-07
 Reference value :  3.67973e-07
 Reference value :  3.70773e-07
 Reference value :  3.73773e-07
 Reference value :  3.76773e-07
 Reference value :  3.79573e-07
 Reference value :  3.82173e-07
 Reference value :  3.85373e-07
 Reference value :  3.88573e-07
 Reference value :  3.91773e-07
 Reference value :  3.95373e-07
 Reference value :  3.98573e-07
 Reference value :  4.00700e-07
 Reference value :  4.00869e-07
 Reference value :  4.01403e-07
 Reference value :  4.05203e-07
 Reference value :  4.09203e-07
 Reference value :  4.12603e-07
 Reference value :  4.13203e-07
 Reference value :  4.13803e-07
 Reference value :  4.17203e-07
 Reference value :  4.21003e-07
 Reference value :  4.24203e-07
 Reference value :  4.28403e-07
 Reference value :  4.32603e-07
 Reference value :  4.37003e-07
 Reference value :  4.41603e-07
 Reference value :  4.45203e-07
 Reference value :  4.49020e-07
 Reference value :  4.50122e-07
 Reference value :  4.52373e-07
 Reference value :  4.55173e-07
 Reference value :  4.58773e-07
 Reference value :  4.61573e-07
 Reference value :  4.64773e-07
 Reference value :  4.68373e-07
 Reference value :  4.71573e-07
 Reference value :  4.74573e-07
 Reference value :  4.77373e-07
 Reference value :  4.80373e-07
 Reference value :  4.83573e-07
 Reference value :  4.87173e-07
 Reference value :  4.90573e-07
 Reference value :  4.94173e-07
 Reference value :  4.97573e-07
 Reference value :  5.00300e-07
 Reference value :  5.00869e-07
 Reference value :  5.03003e-07
 Reference value :  5.06803e-07
 Reference value :  5.11403e-07
 Reference value :  5.16203e-07
 Reference value :  5.20403e-07
 Reference value :  5.24803e-07
 Reference value :  5.29203e-07
 Reference value :  5.33603e-07
 Reference value :  5.37003e-07
 Reference value :  5.41603e-07
 Reference value :  5.45803e-07
 Reference value :  5.49500e-07
 Reference value :  5.50773e-07
 Reference value :  5.53773e-07
 Reference value :  5.56973e-07
 Reference value :  5.60173e-07
 Reference value :  5.62973e-07
 Reference value :  5.65973e-07
 Reference value :  5.68173e-07
 Reference value :  5.68773e-07
 Reference value :  5.69173e-07
 Reference value :  5.69573e-07
 Reference value :  5.70173e-07
 Reference value :  5.70773e-07
 Reference value :  5.71373e-07
 Reference value :  5.71773e-07
 Reference value :  5.72173e-07
 Reference value :  5.72573e-07
 Reference value :  5.74973e-07
 Reference value :  5.77773e-07
 Reference value :  5.80173e-07
 Reference value :  5.82573e-07
 Reference value :  5.85173e-07
 Reference value :  5.87773e-07
 Reference value :  5.89773e-07
 Reference value :  5.92173e-07
 Reference value :  5.94373e-07
 Reference value :  5.95173e-07
 Reference value :  5.95773e-07
 Reference value :  5.98373e-07
 Reference value :  6.00140e-07
 Reference value :  6.00869e-07
 Reference value :  6.02603e-07
 Reference value :  6.05803e-07
 Reference value :  6.10203e-07
 Reference value :  6.13803e-07
 Reference value :  6.18203e-07
 Reference value :  6.20403e-07
 Reference value :  6.24603e-07
 Reference value :  6.30203e-07
 Reference value :  6.35203e-07
 Reference value :  6.40203e-07
 Reference value :  6.42403e-07
 Reference value :  6.46203e-07
 Reference value :  6.50000e-07
 Reference value :  6.52173e-07
 Reference value :  6.56373e-07
 Reference value :  6.60173e-07
 Reference value :  6.64173e-07
 Reference value :  6.67973e-07
 Reference value :  6.72173e-07
 Reference value :  6.76373e-07
 Reference value :  6.79973e-07
 Reference value :  6.84573e-07
 Reference value :  6.88973e-07
 Reference value :  6.93373e-07
 Reference value :  6.97373e-07
 Reference value :  6.99373e-07
 Reference value :  7.00500e-07
 Reference value :  7.00869e-07
 Reference value :  7.03803e-07
 Reference value :  7.09603e-07
 Reference value :  7.15003e-07
 Reference value :  7.20603e-07
 Reference value :  7.23003e-07
 Reference value :  7.28203e-07
 Reference value :  7.33403e-07
 Reference value :  7.38803e-07
 Reference value :  7.44603e-07
 Reference value :  7.49000e-07
 Reference value :  7.49300e-07
 Reference value :  7.49700e-07
 Reference value :  7.51373e-07
 Reference value :  7.55373e-07
 Reference value :  7.59773e-07
 Reference value :  7.62373e-07
 Reference value :  7.64573e-07
 Reference value :  7.68773e-07
 Reference value :  7.72773e-07
 Reference value :  7.76973e-07
 Reference value :  7.80773e-07
 Reference value :  7.85573e-07
 Reference value :  7.90173e-07
 Reference value :  7.93973e-07
 Reference value :  7.94973e-07
 Reference value :  7.99173e-07
 Reference value :  8.00869e-07
 Reference value :  8.01803e-07
 Reference value :  8.05003e-07
 Reference value :  8.09803e-07
 Reference value :  8.15403e-07
 Reference value :  8.20403e-07
 Reference value :  8.25603e-07
 Reference value :  8.30803e-07
 Reference value :  8.36403e-07
 Reference value :  8.40003e-07
 Reference value :  8.44003e-07
 Reference value :  8.48803e-07
 Reference value :  8.50273e-07
 Reference value :  8.53973e-07
 Reference value :  8.57773e-07
 Reference value :  8.61773e-07
 Reference value :  8.65173e-07
 Reference value :  8.67373e-07
 Reference value :  8.71573e-07
 Reference value :  8.75173e-07
 Reference value :  8.79373e-07
 Reference value :  8.82773e-07
 Reference value :  8.84173e-07
 Reference value :  8.86573e-07
 Reference value :  8.91373e-07
 Reference value :  8.96173e-07
 Reference value :  9.00020e-07
 Reference value :  9.00869e-07
 Reference value :  9.03603e-07
 Reference value :  9.08403e-07
 Reference value :  9.12003e-07
 Reference value :  9.17403e-07
 Reference value :  9.22603e-07
 Reference value :  9.28203e-07
 Reference value :  9.33603e-07
 Reference value :  9.37603e-07
 Reference value :  9.40803e-07
 Reference value :  9.46003e-07
 Reference value :  9.50020e-07
 Reference value :  9.52373e-07
 Reference value :  9.54973e-07
 Reference value :  9.57773e-07
 Reference value :  9.61973e-07
 Reference value :  9.65173e-07
 Reference value :  9.69373e-07
 Reference value :  9.73573e-07
 Reference value :  9.77773e-07
 Reference value :  9.81973e-07
 Reference value :  9.85573e-07
 Reference value :  9.88573e-07
 Reference value :  9.92973e-07
 Reference value :  9.97773e-07
 Reference value :  1.00070e-06
 Reference value :  1.00087e-06
 Reference value :  1.00280e-06
 Reference value :  1.00620e-06
 Reference value :  1.01140e-06
 Reference value :  1.01700e-06
 Reference value :  1.02220e-06
 Reference value :  1.02740e-06
 Reference value :  1.03280e-06
 Reference value :  1.03740e-06
 Reference value :  1.04240e-06
 Reference value :  1.04760e-06
 Reference value :  1.05006e-06
 Reference value :  1.05297e-06
 Reference value :  1.05677e-06
 Reference value :  1.06057e-06
 Reference value :  1.06257e-06
 Reference value :  1.06617e-06
 Reference value :  1.06997e-06
 Reference value :  1.07417e-06
 Reference value :  1.07837e-06
 Reference value :  1.08237e-06
 Reference value :  1.08697e-06
 Reference value :  1.09077e-06
 Reference value :  1.09397e-06
 Reference value :  1.09817e-06
 Reference value :  1.10087e-06
 Reference value :  1.10400e-06
 Reference value :  1.10660e-06
 Reference value :  1.10980e-06
 Reference value :  1.11540e-06
 Reference value :  1.12040e-06
 Reference value :  1.12600e-06
 Reference value :  1.13100e-06
 Reference value :  1.13660e-06
 Reference value :  1.13840e-06
 Reference value :  1.14140e-06
 Reference value :  1.14660e-06
 Reference value :  1.15006e-06
 Reference value :  1.15277e-06
 Reference value :  1.15477e-06
 Reference value :  1.15897e-06
 Reference value :  1.16277e-06
 Reference value :  1.16697e-06
 Reference value :  1.17057e-06
 Reference value :  1.17377e-06
 Reference value :  1.17737e-06
 Reference value :  1.17877e-06
 Reference value :  1.18317e-06
 Reference value :  1.18757e-06
 Reference value :  1.19257e-06
 Reference value :  1.19657e-06
 Reference value :  1.19917e-06
 Reference value :  1.20085e-06
 Reference value :  1.20087e-06
 Reference value :  1.20400e-06
 Reference value :  1.20680e-06
 Reference value :  1.21040e-06
 Reference value :  1.21480e-06
 Reference value :  1.22040e-06
 Reference value :  1.22540e-06
 Reference value :  1.23060e-06
 Reference value :  1.23460e-06
 Reference value :  1.23800e-06
 Reference value :  1.24360e-06
 Reference value :  1.24880e-06
 Reference value :  1.25077e-06
 Reference value :  1.25457e-06
 Reference value :  1.25897e-06
 Reference value :  1.26057e-06
 Reference value :  1.26377e-06
 Reference value :  1.26797e-06
 Reference value :  1.27197e-06
 Reference value :  1.27637e-06
 Reference value :  1.28037e-06
 Reference value :  1.28457e-06
 Reference value :  1.28697e-06
 Reference value :  1.29057e-06
 Reference value :  1.29557e-06
 Reference value :  1.30000e-06
 Reference value :  1.30087e-06
 Reference value :  1.30400e-06
 Reference value :  1.30860e-06
 Reference value :  1.31220e-06
 Reference value :  1.31680e-06
 Reference value :  1.32060e-06
 Reference value :  1.32500e-06
 Reference value :  1.32920e-06
 Reference value :  1.33340e-06
 Reference value :  1.33680e-06
 Reference value :  1.34220e-06
 Reference value :  1.34780e-06
 Reference value :  1.35019e-06
 Reference value :  1.35417e-06
 Reference value :  1.35777e-06
 Reference value :  1.36137e-06
 Reference value :  1.36317e-06
 Reference value :  1.36737e-06
 Reference value :  1.37157e-06
 Reference value :  1.37577e-06
 Reference value :  1.38017e-06
 Reference value :  1.38457e-06
 Reference value :  1.38837e-06
 Reference value :  1.39137e-06
 Reference value :  1.39577e-06
 Reference value :  1.40000e-06
 Reference value :  1.40087e-06
 Reference value :  1.40340e-06
 Reference value :  1.40920e-06
 Reference value :  1.41460e-06
 Reference value :  1.41980e-06
 Reference value :  1.42400e-06
 Reference value :  1.42680e-06
 Reference value :  1.43220e-06
 Reference value :  1.43720e-06
 Reference value :  1.44300e-06
 Reference value :  1.44800e-06
 Reference value :  1.44970e-06
 Reference value :  1.45177e-06
 Reference value :  1.45557e-06
 Reference value :  1.45997e-06
 Reference value :  1.46317e-06
 Reference value :  1.46517e-06
 Reference value :  1.46677e-06
 Reference value :  1.47097e-06
 Reference value :  1.47537e-06
 Reference value :  1.47937e-06
 Reference value :  1.48397e-06
 Reference value :  1.48797e-06
 Reference value :  1.49277e-06
 Reference value :  1.49737e-06
 Reference value :  1.50085e-06
 Reference value :  1.50087e-06
 Reference value :  1.50110e-06
 Reference value :  1.50600e-06
 Reference value :  1.51160e-06
 Reference value :  1.51540e-06
 Reference value :  1.51860e-06
 Reference value :  1.52420e-06
 Reference value :  1.52940e-06
 Reference value :  1.53520e-06
 Reference value :  1.54000e-06
 Reference value :  1.54360e-06
 Reference value :  1.54820e-06
 Reference value :  1.54985e-06
 Reference value :  1.55217e-06
 Reference value :  1.55577e-06
 Reference value :  1.56017e-06
 Reference value :  1.56377e-06
 Reference value :  1.56597e-06
 Reference value :  1.56817e-06
 Reference value :  1.57217e-06
 Reference value :  1.57597e-06
 Reference value :  1.57857e-06
 Reference value :  1.58257e-06
 Reference value :  1.58557e-06
 Reference value :  1.58877e-06
 Reference value :  1.59317e-06
 Reference value :  1.59797e-06
 Reference value :  1.60085e-06
 Reference value :  1.60087e-06
 Reference value :  1.60400e-06
 Reference value :  1.60600e-06
 Reference value :  1.60920e-06
 Reference value :  1.61280e-06
 Reference value :  1.61860e-06
 Reference value :  1.62360e-06
 Reference value :  1.62740e-06
 Reference value :  1.63120e-06
 Reference value :  1.63580e-06
 Reference value :  1.64140e-06
 Reference value :  1.64360e-06
 Reference value :  1.64420e-06
 Reference value :  1.64500e-06
 Reference value :  1.64700e-06
 Reference value :  1.64985e-06
 Reference value :  1.65012e-06
 Reference value :  1.65337e-06
 Reference value :  1.65757e-06
 Reference value :  1.66137e-06
 Reference value :  1.66557e-06
 Reference value :  1.66717e-06
 Reference value :  1.66957e-06
 Reference value :  1.67377e-06
 Reference value :  1.67757e-06
 Reference value :  1.68177e-06
 Reference value :  1.68617e-06
 Reference value :  1.69077e-06
 Reference value :  1.69377e-06
 Reference value :  1.69597e-06
 Reference value :  1.69917e-06
 Reference value :  1.70087e-06
 Reference value :  1.70360e-06
 Reference value :  1.70760e-06
 Reference value :  1.71000e-06
 Reference value :  1.71300e-06
 Reference value :  1.71860e-06
 Reference value :  1.72380e-06
 Reference value :  1.72940e-06
 Reference value :  1.73440e-06
 Reference value :  1.74000e-06
 Reference value :  1.74420e-06
 Reference value :  1.74760e-06
 Reference value :  1.75019e-06
 Reference value :  1.75337e-06
 Reference value :  1.75717e-06
 Reference value :  1.76057e-06
 Reference value :  1.76357e-06
 Reference value :  1.76617e-06
 Reference value :  1.77037e-06
 Reference value :  1.77457e-06
 Reference value :  1.77837e-06
 Reference value :  1.78257e-06
 Reference value :  1.78597e-06
 Reference value :  1.78817e-06
 Reference value :  1.79117e-06
 Reference value :  1.79577e-06
 Reference value :  1.80000e-06
 Reference value :  1.80087e-06
 Reference value :  1.80340e-06
 Reference value :  1.80900e-06
 Reference value :  1.81260e-06
 Reference value :  1.81520e-06
 Reference value :  1.82100e-06
 Reference value :  1.82580e-06
 Reference value :  1.83020e-06
 Reference value :  1.83140e-06
 Reference value :  1.83720e-06
 Reference value :  1.84260e-06
 Reference value :  1.84840e-06
 Reference value :  1.85019e-06
 Reference value :  1.85041e-06
 Reference value :  1.85457e-06
 Reference value :  1.85857e-06
 Reference value :  1.86297e-06
 Reference value :  1.86657e-06
 Reference value :  1.86877e-06
 Reference value :  1.87117e-06
 Reference value :  1.87497e-06
 Reference value :  1.87897e-06
 Reference value :  1.88297e-06
 Reference value :  1.88757e-06
 Reference value :  1.89137e-06
 Reference value :  1.89517e-06
 Reference value :  1.89957e-06
 Reference value :  1.90087e-06
 Reference value :  1.90340e-06
 Reference value :  1.90760e-06
 Reference value :  1.91040e-06
 Reference value :  1.91520e-06
 Reference value :  1.92040e-06
 Reference value :  1.92580e-06
 Reference value :  1.93040e-06
 Reference value :  1.93480e-06
 Reference value :  1.93960e-06
 Reference value :  1.94260e-06
 Reference value :  1.94720e-06
 Reference value :  1.94950e-06
 Reference value :  1.95117e-06
 Reference value :  1.95317e-06
 Reference value :  1.95417e-06
 Reference value :  1.95817e-06
 Reference value :  1.96197e-06
 Reference value :  1.96617e-06
 Reference value :  1.96997e-06
 Reference value :  1.97437e-06
 Reference value :  1.97677e-06
 Reference value :  1.98017e-06
 Reference value :  1.98497e-06
 Reference value :  1.98877e-06
 Reference value :  1.99357e-06
 Reference value :  1.99797e-06
 Reference value :  2.00087e-06
 Reference value :  2.00380e-06
 Reference value :  2.00920e-06
 Reference value :  2.01480e-06
 Reference value :  2.01900e-06
 Reference value :  2.02180e-06
 Reference value :  2.02600e-06
 Reference value :  2.03160e-06
 Reference value :  2.03720e-06
 Reference value :  2.04260e-06
 Reference value :  2.04680e-06
 Reference value :  2.04914e-06
 Reference value :  2.05137e-06
 Reference value :  2.05517e-06
 Reference value :  2.05937e-06
 Reference value :  2.06337e-06
 Reference value :  2.06757e-06
 Reference value :  2.07057e-06
 Reference value :  2.07317e-06
 Reference value :  2.07717e-06
 Reference value :  2.08117e-06
 Reference value :  2.08597e-06
 Reference value :  2.09057e-06
 Reference value :  2.09397e-06
 Reference value :  2.09757e-06
 Reference value :  2.10014e-06
 Reference value :  2.10087e-06
 Reference value :  2.10420e-06
 Reference value :  2.10920e-06
 Reference value :  2.11480e-06
 Reference value :  2.11800e-06
 Reference value :  2.12080e-06
 Reference value :  2.12620e-06
 Reference value :  2.13160e-06
 Reference value :  2.13740e-06
 Reference value :  2.14200e-06
 Reference value :  2.14640e-06
 Reference value :  2.14950e-06
 Reference value :  2.15157e-06
 Reference value :  2.15597e-06
 Reference value :  2.15977e-06
 Reference value :  2.16397e-06
 Reference value :  2.16717e-06
 Reference value :  2.17117e-06
 Reference value :  2.17437e-06
 Reference value :  2.17697e-06
 Reference value :  2.18097e-06
 Reference value :  2.18537e-06
 Reference value :  2.19017e-06
 Reference value :  2.19477e-06
 Reference value :  2.19777e-06
 Reference value :  2.20030e-06
 Reference value :  2.20087e-06
 Reference value :  2.20400e-06
 Reference value :  2.20820e-06
 Reference value :  2.20920e-06
 Reference value :  2.21000e-06
 Reference value :  2.21080e-06
 Reference value :  2.21140e-06
 Reference value :  2.21360e-06
 Reference value :  2.21720e-06
 Reference value :  2.22140e-06
 Reference value :  2.22540e-06
 Reference value :  2.22940e-06
 Reference value :  2.23360e-06
 Reference value :  2.23620e-06
 Reference value :  2.24060e-06
 Reference value :  2.24420e-06
 Reference value :  2.24840e-06
 Reference value :  2.25012e-06
 Reference value :  2.25277e-06
 Reference value :  2.25577e-06
 Reference value :  2.25837e-06
 Reference value :  2.26137e-06
 Reference value :  2.26437e-06
 Reference value :  2.26717e-06
 Reference value :  2.26997e-06
 Reference value :  2.27277e-06
 Reference value :  2.27577e-06
 Reference value :  2.27837e-06
 Reference value :  2.28157e-06
 Reference value :  2.28477e-06
 Reference value :  2.28817e-06
 Reference value :  2.29137e-06
 Reference value :  2.29457e-06
 Reference value :  2.29757e-06
 Reference value :  2.30006e-06
 Reference value :  2.30087e-06
 Reference value :  2.30180e-06
 Reference value :  2.30520e-06
 Reference value :  2.30920e-06
 Reference value :  2.31340e-06
 Reference value :  2.31760e-06
 Reference value :  2.32100e-06
 Reference value :  2.32460e-06
 Reference value :  2.32820e-06
 Reference value :  2.33220e-06
 Reference value :  2.33620e-06
 Reference value :  2.33860e-06
 Reference value :  2.33920e-06
 Reference value :  2.34020e-06
 Reference value :  2.34440e-06
 Reference value :  2.34880e-06
 Reference value :  2.35012e-06
 Reference value :  2.35277e-06
 Reference value :  2.35577e-06
 Reference value :  2.35917e-06
 Reference value :  2.36217e-06
 Reference value :  2.36397e-06
 Reference value :  2.36697e-06
 Reference value :  2.36997e-06
 Reference value :  2.37277e-06
 Reference value :  2.37557e-06
 Reference value :  2.37897e-06
 Reference value :  2.38177e-06
 Reference value :  2.38497e-06
 Reference value :  2.38817e-06
 Reference value :  2.39177e-06
 Reference value :  2.39537e-06
 Reference value :  2.39917e-06
 Reference value :  2.40085e-06
 Reference value :  2.40087e-06
 Reference value :  2.40320e-06
 Reference value :  2.40680e-06
 Reference value :  2.41140e-06
 Reference value :  2.41560e-06
 Reference value :  2.42060e-06
 Reference value :  2.42540e-06
 Reference value :  2.42660e-06
 Reference value :  2.42740e-06
 Reference value :  2.43160e-06
 Reference value :  2.43660e-06
 Reference value :  2.44060e-06
 Reference value :  2.44460e-06
 Reference value :  2.44840e-06
 Reference value :  2.45012e-06
 Reference value :  2.45197e-06
 Reference value :  2.45497e-06
 Reference value :  2.45777e-06
 Reference value :  2.46057e-06
 Reference value :  2.46397e-06
 Reference value :  2.46697e-06
 Reference value :  2.46997e-06
 Reference value :  2.47257e-06
 Reference value :  2.47557e-06
 Reference value :  2.47857e-06
 Reference value :  2.48137e-06
 Reference value :  2.48417e-06
 Reference value :  2.48537e-06
 Reference value :  2.48597e-06
 Reference value :  2.48777e-06
 Reference value :  2.49037e-06
 Reference value :  2.49297e-06
 Reference value :  2.49577e-06
 Reference value :  2.49857e-06
 Reference value :  2.50014e-06
 Reference value :  2.50087e-06
 Reference value :  2.50240e-06
 Reference value :  2.50560e-06
 Reference value :  2.50680e-06
 Reference value :  2.51000e-06
 Reference value :  2.51580e-06
 Reference value :  2.52000e-06
 Reference value :  2.52580e-06
 Reference value :  2.53100e-06
 Reference value :  2.53480e-06
 Reference value :  2.53900e-06
 Reference value :  2.54460e-06
 Reference value :  2.54970e-06
 Reference value :  2.55177e-06
 Reference value :  2.55617e-06
 Reference value :  2.55937e-06
 Reference value :  2.56157e-06
 Reference value :  2.56257e-06
 Reference value :  2.56517e-06
 Reference value :  2.56797e-06
 Reference value :  2.57117e-06
 Reference value :  2.57377e-06
 Reference value :  2.57677e-06
 Reference value :  2.57957e-06
 Reference value :  2.58217e-06
 Reference value :  2.58537e-06
 Reference value :  2.58877e-06
 Reference value :  2.59237e-06
 Reference value :  2.59537e-06
 Reference value :  2.59897e-06
 Reference value :  2.60085e-06
 Reference value :  2.60087e-06
 Reference value :  2.60280e-06
 Reference value :  2.60680e-06
 Reference value :  2.61020e-06
 Reference value :  2.61340e-06
 Reference value :  2.61760e-06
 Reference value :  2.62200e-06
 Reference value :  2.62600e-06
 Reference value :  2.63060e-06
 Reference value :  2.63480e-06
 Reference value :  2.63900e-06
 Reference value :  2.64300e-06
 Reference value :  2.64680e-06
 Reference value :  2.65000e-06
 Reference value :  2.65117e-06
 Reference value :  2.65397e-06
 Reference value :  2.65697e-06
 Reference value :  2.65997e-06
 Reference value :  2.66297e-06
 Reference value :  2.66617e-06
 Reference value :  2.66957e-06
 Reference value :  2.67277e-06
 Reference value :  2.67577e-06
 Reference value :  2.67837e-06
 Reference value :  2.67997e-06
 Reference value :  2.68117e-06
 Reference value :  2.68217e-06
 Reference value :  2.68617e-06
 Reference value :  2.68997e-06
 Reference value :  2.69297e-06
 Reference value :  2.69397e-06
 Reference value :  2.69697e-06
 Reference value :  2.69977e-06
 Reference value :  2.70006e-06
 Reference value :  2.70050e-06
 Reference value :  2.70085e-06
 Reference value :  2.70087e-06
 Reference value :  2.70180e-06
 Reference value :  2.70620e-06
 Reference value :  2.70980e-06
 Reference value :  2.71360e-06
 Reference value :  2.71720e-06
 Reference value :  2.72100e-06
 Reference value :  2.72340e-06
 Reference value :  2.72520e-06
 Reference value :  2.72900e-06
 Reference value :  2.73260e-06
 Reference value :  2.73580e-06
 Reference value :  2.73840e-06
 Reference value :  2.74200e-06
 Reference value :  2.74500e-06
 Reference value :  2.74840e-06
 Reference value :  2.75000e-06
 Reference value :  2.75012e-06
 Reference value :  2.75197e-06
 Reference value :  2.75477e-06
 Reference value :  2.75817e-06
 Reference value :  2.76097e-06
 Reference value :  2.76397e-06
 Reference value :  2.76597e-06
 Reference value :  2.76657e-06
 Reference value :  2.76717e-06
 Reference value :  2.77037e-06
 Reference value :  2.77457e-06
 Reference value :  2.77797e-06
 Reference value :  2.78097e-06
 Reference value :  2.78277e-06
 Reference value :  2.78417e-06
 Reference value :  2.78637e-06
 Reference value :  2.79117e-06
 Reference value :  2.79597e-06
 Reference value :  2.80006e-06
 Reference value :  2.80087e-06
 Reference value :  2.80360e-06
 Reference value :  2.80700e-06
 Reference value :  2.80960e-06
 Reference value :  2.81460e-06
 Reference value :  2.82020e-06
 Reference value :  2.82400e-06
 Reference value :  2.82560e-06
 Reference value :  2.82720e-06
 Reference value :  2.83280e-06
 Reference value :  2.83780e-06
 Reference value :  2.84340e-06
 Reference value :  2.84900e-06
 Reference value :  2.85041e-06
 Reference value :  2.85317e-06
 Reference value :  2.85477e-06
 Reference value :  2.85777e-06
 Reference value :  2.86117e-06
 Reference value :  2.86537e-06
 Reference value :  2.86957e-06
 Reference value :  2.87197e-06
 Reference value :  2.87277e-06
 Reference value :  2.87537e-06
 Reference value :  2.87857e-06
 Reference value :  2.88197e-06
 Reference value :  2.88517e-06
 Reference value :  2.88757e-06
 Reference value :  2.89117e-06
 Reference value :  2.89337e-06
 Reference value :  2.89777e-06
 Reference value :  2.90085e-06
 Reference value :  2.90087e-06
 Reference value :  2.90360e-06
 Reference value :  2.90760e-06
 Reference value :  2.91200e-06
 Reference value :  2.91420e-06
 Reference value :  2.91560e-06
 Reference value :  2.92020e-06
 Reference value :  2.92520e-06
 Reference value :  2.93100e-06
 Reference value :  2.93660e-06
 Reference value :  2.93960e-06
 Reference value :  2.94080e-06
 Reference value :  2.94500e-06
 Reference value :  2.94985e-06
 Reference value :  2.95177e-06
 Reference value :  2.95477e-06
 Reference value :  2.95557e-06
 Reference value :  2.95777e-06
 Reference value :  2.96177e-06
 Reference value :  2.96597e-06
 Reference value :  2.96977e-06
 Reference value :  2.97137e-06
 Reference value :  2.97197e-06
 Reference value :  2.97437e-06
 Reference value :  2.97857e-06
 Reference value :  2.98297e-06
 Reference value :  2.98477e-06
 Reference value :  2.98657e-06
 Reference value :  2.98937e-06
 Reference value :  2.99157e-06
 Reference value :  2.99577e-06
 Reference value :  2.99837e-06
 Reference value :  2.99897e-06
No. of Data Rows : 15558
sim/harness: analysis complete
Note: Simulation executed from .control section 
Note: Starting dynamic gmin stepping
Warning: Dynamic gmin stepping failed
Note: Starting true gmin stepping
Note: True gmin stepping completed
