
Note: Compatibility modes selected: hs a


Circuit: ** sch_path: /home/ubuntu/github/sky130-pll/sim/pll-lock/testbench/tb_pll_lock.sch

option SCALE: Scale is set to 1e-06 for instance and model parameters
option SCALE: Scale is set to 1e-06 for instance and model parameters
option SCALE: Scale is set to 1e-06 for instance and model parameters
option SCALE: Scale is set to 1e-06 for instance and model parameters
Doing analysis at TEMP = 125.000000 and TNOM = 27.000000

Using KLU as Direct Linear Solver
 Reference value :  0.00000e+00
 Reference value :  1.04132e-09
 Reference value :  3.14055e-09
 Reference value :  6.02000e-09
 Reference value :  9.70000e-09
 Reference value :  1.43000e-08
 Reference value :  1.83000e-08
 Reference value :  2.19000e-08
 Reference value :  2.55000e-08
 Reference value :  2.99000e-08
 Reference value :  3.51000e-08
 Reference value :  4.09000e-08
 Reference value :  4.61000e-08
 Reference value :  4.98500e-08
 Reference value :  5.32745e-08
 Reference value :  5.80745e-08
 Reference value :  6.36745e-08
 Reference value :  6.88745e-08
 Reference value :  7.44745e-08
 Reference value :  7.98745e-08
 Reference value :  8.56745e-08
 Reference value :  9.14745e-08
 Reference value :  9.46745e-08
 Reference value :  9.70745e-08
 Reference value :  1.00020e-07
 Reference value :  1.01014e-07
 Reference value :  1.03206e-07
 Reference value :  1.06406e-07
 Reference value :  1.09406e-07
 Reference value :  1.11206e-07
 Reference value :  1.13406e-07
 Reference value :  1.16206e-07
 Reference value :  1.21806e-07
 Reference value :  1.27006e-07
 Reference value :  1.32806e-07
 Reference value :  1.38206e-07
 Reference value :  1.44006e-07
 Reference value :  1.49140e-07
 Reference value :  1.52074e-07
 Reference value :  1.56674e-07
 Reference value :  1.61474e-07
 Reference value :  1.66674e-07
 Reference value :  1.72074e-07
 Reference value :  1.77874e-07
 Reference value :  1.83474e-07
 Reference value :  1.88874e-07
 Reference value :  1.94674e-07
 Reference value :  1.99837e-07
 Reference value :  2.02350e-07
 Reference value :  2.06350e-07
 Reference value :  2.11350e-07
 Reference value :  2.17150e-07
 Reference value :  2.22750e-07
 Reference value :  2.28550e-07
 Reference value :  2.33950e-07
 Reference value :  2.39750e-07
 Reference value :  2.44750e-07
 Reference value :  2.49700e-07
 Reference value :  2.53073e-07
 Reference value :  2.57073e-07
 Reference value :  2.61873e-07
 Reference value :  2.64273e-07
 Reference value :  2.70073e-07
 Reference value :  2.75473e-07
 Reference value :  2.80873e-07
 Reference value :  2.86473e-07
 Reference value :  2.91673e-07
 Reference value :  2.97473e-07
 Reference value :  3.00850e-07
 Reference value :  3.04350e-07
 Reference value :  3.08350e-07
 Reference value :  3.13750e-07
 Reference value :  3.19350e-07
 Reference value :  3.24550e-07
 Reference value :  3.29950e-07
 Reference value :  3.35350e-07
 Reference value :  3.41350e-07
 Reference value :  3.46750e-07
 Reference value :  3.50140e-07
 Reference value :  3.54273e-07
 Reference value :  3.58873e-07
 Reference value :  3.64673e-07
 Reference value :  3.70073e-07
 Reference value :  3.75873e-07
 Reference value :  3.81473e-07
 Reference value :  3.87273e-07
 Reference value :  3.93073e-07
 Reference value :  3.98273e-07
 Reference value :  4.01107e-07
 Reference value :  4.04750e-07
 Reference value :  4.09350e-07
 Reference value :  4.13550e-07
 Reference value :  4.19350e-07
 Reference value :  4.25150e-07
 Reference value :  4.30550e-07
 Reference value :  4.36350e-07
 Reference value :  4.41550e-07
 Reference value :  4.47350e-07
 Reference value :  4.50140e-07
 Reference value :  4.54473e-07
 Reference value :  4.57473e-07
 Reference value :  4.62273e-07
 Reference value :  4.68073e-07
 Reference value :  4.73473e-07
 Reference value :  4.79273e-07
 Reference value :  4.82073e-07
 Reference value :  4.87873e-07
 Reference value :  4.93673e-07
 Reference value :  4.99073e-07
 Reference value :  5.01350e-07
 Reference value :  5.04950e-07
 Reference value :  5.09550e-07
 Reference value :  5.14950e-07
 Reference value :  5.20750e-07
 Reference value :  5.26550e-07
 Reference value :  5.31950e-07
 Reference value :  5.37750e-07
 Reference value :  5.42950e-07
 Reference value :  5.48750e-07
 Reference value :  5.51273e-07
 Reference value :  5.55673e-07
 Reference value :  5.61073e-07
 Reference value :  5.66273e-07
 Reference value :  5.72073e-07
 Reference value :  5.77473e-07
 Reference value :  5.83273e-07
 Reference value :  5.86673e-07
 Reference value :  5.89273e-07
 Reference value :  5.95073e-07
 Reference value :  6.00060e-07
 Reference value :  6.02350e-07
 Reference value :  6.06350e-07
 Reference value :  6.10950e-07
 Reference value :  6.16350e-07
 Reference value :  6.21750e-07
 Reference value :  6.27350e-07
 Reference value :  6.32550e-07
 Reference value :  6.38350e-07
 Reference value :  6.43350e-07
 Reference value :  6.49020e-07
 Reference value :  6.51673e-07
 Reference value :  6.56073e-07
 Reference value :  6.61673e-07
 Reference value :  6.65673e-07
 Reference value :  6.71473e-07
 Reference value :  6.76873e-07
 Reference value :  6.78073e-07
 Reference value :  6.82273e-07
 Reference value :  6.88073e-07
 Reference value :  6.93873e-07
 Reference value :  6.99073e-07
 Reference value :  7.01750e-07
 Reference value :  7.05550e-07
 Reference value :  7.10150e-07
 Reference value :  7.15350e-07
 Reference value :  7.21150e-07
 Reference value :  7.26950e-07
 Reference value :  7.31150e-07
 Reference value :  7.36550e-07
 Reference value :  7.41750e-07
 Reference value :  7.47550e-07
 Reference value :  7.50140e-07
 Reference value :  7.54473e-07
 Reference value :  7.59473e-07
 Reference value :  7.64873e-07
 Reference value :  7.70473e-07
 Reference value :  7.75673e-07
 Reference value :  7.81473e-07
 Reference value :  7.86873e-07
 Reference value :  7.92273e-07
 Reference value :  7.98073e-07
 Reference value :  8.01046e-07
 Reference value :  8.04950e-07
 Reference value :  8.09150e-07
 Reference value :  8.14950e-07
 Reference value :  8.20150e-07
 Reference value :  8.25950e-07
 Reference value :  8.31550e-07
 Reference value :  8.36750e-07
 Reference value :  8.42550e-07
 Reference value :  8.47750e-07
 Reference value :  8.50673e-07
 Reference value :  8.54473e-07
 Reference value :  8.59273e-07
 Reference value :  8.65073e-07
 Reference value :  8.70273e-07
 Reference value :  8.76073e-07
 Reference value :  8.81473e-07
 Reference value :  8.86873e-07
 Reference value :  8.92073e-07
 Reference value :  8.97873e-07
 Reference value :  9.01107e-07
 Reference value :  9.04950e-07
 Reference value :  9.09750e-07
 Reference value :  9.15150e-07
 Reference value :  9.20950e-07
 Reference value :  9.26350e-07
 Reference value :  9.32150e-07
 Reference value :  9.37950e-07
 Reference value :  9.43350e-07
 Reference value :  9.49000e-07
 Reference value :  9.51673e-07
 Reference value :  9.55873e-07
 Reference value :  9.60873e-07
 Reference value :  9.64873e-07
 Reference value :  9.70273e-07
 Reference value :  9.75873e-07
 Reference value :  9.81473e-07
 Reference value :  9.86673e-07
 Reference value :  9.92473e-07
 Reference value :  9.97673e-07
 Reference value :  1.00105e-06
 Reference value :  1.00495e-06
 Reference value :  1.00935e-06
 Reference value :  1.01495e-06
 Reference value :  1.02035e-06
 Reference value :  1.02615e-06
 Reference value :  1.03175e-06
 Reference value :  1.03755e-06
 Reference value :  1.04335e-06
 Reference value :  1.04855e-06
 Reference value :  1.05147e-06
 Reference value :  1.05547e-06
 Reference value :  1.06087e-06
 Reference value :  1.06647e-06
 Reference value :  1.07227e-06
 Reference value :  1.07787e-06
 Reference value :  1.08307e-06
 Reference value :  1.08867e-06
 Reference value :  1.09407e-06
 Reference value :  1.09984e-06
 Reference value :  1.10215e-06
 Reference value :  1.10655e-06
 Reference value :  1.11155e-06
 Reference value :  1.11695e-06
 Reference value :  1.12275e-06
 Reference value :  1.12695e-06
 Reference value :  1.12935e-06
 Reference value :  1.13455e-06
 Reference value :  1.14035e-06
 Reference value :  1.14615e-06
 Reference value :  1.15000e-06
 Reference value :  1.15367e-06
 Reference value :  1.15767e-06
 Reference value :  1.16347e-06
 Reference value :  1.16887e-06
 Reference value :  1.17447e-06
 Reference value :  1.17947e-06
 Reference value :  1.18507e-06
 Reference value :  1.19087e-06
 Reference value :  1.19547e-06
 Reference value :  1.20030e-06
 Reference value :  1.20275e-06
 Reference value :  1.20715e-06
 Reference value :  1.21235e-06
 Reference value :  1.21775e-06
 Reference value :  1.22355e-06
 Reference value :  1.22875e-06
 Reference value :  1.23475e-06
 Reference value :  1.23995e-06
 Reference value :  1.24555e-06
 Reference value :  1.25000e-06
 Reference value :  1.25327e-06
 Reference value :  1.25787e-06
 Reference value :  1.26307e-06
 Reference value :  1.26887e-06
 Reference value :  1.27427e-06
 Reference value :  1.27747e-06
 Reference value :  1.28087e-06
 Reference value :  1.28387e-06
 Reference value :  1.28747e-06
 Reference value :  1.29127e-06
 Reference value :  1.29487e-06
 Reference value :  1.29747e-06
 Reference value :  1.30100e-06
 Reference value :  1.30415e-06
 Reference value :  1.30855e-06
 Reference value :  1.31395e-06
 Reference value :  1.31935e-06
 Reference value :  1.32495e-06
 Reference value :  1.33015e-06
 Reference value :  1.33575e-06
 Reference value :  1.34095e-06
 Reference value :  1.34655e-06
 Reference value :  1.35006e-06
 Reference value :  1.35367e-06
 Reference value :  1.35827e-06
 Reference value :  1.36367e-06
 Reference value :  1.36927e-06
 Reference value :  1.37447e-06
 Reference value :  1.37967e-06
 Reference value :  1.38527e-06
 Reference value :  1.39047e-06
 Reference value :  1.39607e-06
 Reference value :  1.39887e-06
 Reference value :  1.40155e-06
 Reference value :  1.40575e-06
 Reference value :  1.41015e-06
 Reference value :  1.41555e-06
 Reference value :  1.42055e-06
 Reference value :  1.42635e-06
 Reference value :  1.43155e-06
 Reference value :  1.43715e-06
 Reference value :  1.44215e-06
 Reference value :  1.44775e-06
 Reference value :  1.45027e-06
 Reference value :  1.45407e-06
 Reference value :  1.45887e-06
 Reference value :  1.46427e-06
 Reference value :  1.46987e-06
 Reference value :  1.47547e-06
 Reference value :  1.48107e-06
 Reference value :  1.48667e-06
 Reference value :  1.49147e-06
 Reference value :  1.49707e-06
 Reference value :  1.50085e-06
 Reference value :  1.50415e-06
 Reference value :  1.50815e-06
 Reference value :  1.51335e-06
 Reference value :  1.51915e-06
 Reference value :  1.52315e-06
 Reference value :  1.52555e-06
 Reference value :  1.53095e-06
 Reference value :  1.53675e-06
 Reference value :  1.54215e-06
 Reference value :  1.54775e-06
 Reference value :  1.55087e-06
 Reference value :  1.55487e-06
 Reference value :  1.55987e-06
 Reference value :  1.56387e-06
 Reference value :  1.56447e-06
 Reference value :  1.56547e-06
 Reference value :  1.56767e-06
 Reference value :  1.57087e-06
 Reference value :  1.57647e-06
 Reference value :  1.58147e-06
 Reference value :  1.58727e-06
 Reference value :  1.59307e-06
 Reference value :  1.59727e-06
 Reference value :  1.60050e-06
 Reference value :  1.60105e-06
 Reference value :  1.60495e-06
 Reference value :  1.60935e-06
 Reference value :  1.61455e-06
 Reference value :  1.61995e-06
 Reference value :  1.62475e-06
 Reference value :  1.62595e-06
 Reference value :  1.63095e-06
 Reference value :  1.63655e-06
 Reference value :  1.64175e-06
 Reference value :  1.64735e-06
 Reference value :  1.65027e-06
 Reference value :  1.65447e-06
 Reference value :  1.65927e-06
 Reference value :  1.66447e-06
 Reference value :  1.66727e-06
 Reference value :  1.66987e-06
 Reference value :  1.67567e-06
 Reference value :  1.67887e-06
 Reference value :  1.68407e-06
 Reference value :  1.68927e-06
 Reference value :  1.69427e-06
 Reference value :  1.69947e-06
 Reference value :  1.70111e-06
 Reference value :  1.70255e-06
 Reference value :  1.70535e-06
 Reference value :  1.70955e-06
 Reference value :  1.71515e-06
 Reference value :  1.72095e-06
 Reference value :  1.72675e-06
 Reference value :  1.73195e-06
 Reference value :  1.73735e-06
 Reference value :  1.74275e-06
 Reference value :  1.74775e-06
 Reference value :  1.74985e-06
 Reference value :  1.75147e-06
 Reference value :  1.75587e-06
 Reference value :  1.76087e-06
 Reference value :  1.76687e-06
 Reference value :  1.77087e-06
 Reference value :  1.77387e-06
 Reference value :  1.77787e-06
 Reference value :  1.78367e-06
 Reference value :  1.78887e-06
 Reference value :  1.79467e-06
 Reference value :  1.80002e-06
 Reference value :  1.80111e-06
 Reference value :  1.80275e-06
 Reference value :  1.80555e-06
 Reference value :  1.80975e-06
 Reference value :  1.81515e-06
 Reference value :  1.82095e-06
 Reference value :  1.82615e-06
 Reference value :  1.82875e-06
 Reference value :  1.83135e-06
 Reference value :  1.83575e-06
 Reference value :  1.84155e-06
 Reference value :  1.84555e-06
 Reference value :  1.84914e-06
 Reference value :  1.85087e-06
 Reference value :  1.85247e-06
 Reference value :  1.85527e-06
 Reference value :  1.85867e-06
 Reference value :  1.86027e-06
 Reference value :  1.86567e-06
 Reference value :  1.87127e-06
 Reference value :  1.87627e-06
 Reference value :  1.88007e-06
 Reference value :  1.88347e-06
 Reference value :  1.88867e-06
 Reference value :  1.89447e-06
 Reference value :  1.90000e-06
 Reference value :  1.90175e-06
 Reference value :  1.90455e-06
 Reference value :  1.90675e-06
 Reference value :  1.91195e-06
 Reference value :  1.91715e-06
 Reference value :  1.92295e-06
 Reference value :  1.92655e-06
 Reference value :  1.92895e-06
 Reference value :  1.93235e-06
 Reference value :  1.93815e-06
 Reference value :  1.94375e-06
 Reference value :  1.94902e-06
 Reference value :  1.95227e-06
 Reference value :  1.95627e-06
 Reference value :  1.96167e-06
 Reference value :  1.96367e-06
 Reference value :  1.96747e-06
 Reference value :  1.97287e-06
 Reference value :  1.97867e-06
 Reference value :  1.98427e-06
 Reference value :  1.98807e-06
 Reference value :  1.98967e-06
 Reference value :  1.99207e-06
 Reference value :  1.99467e-06
 Reference value :  2.00000e-06
 Reference value :  2.00235e-06
 Reference value :  2.00675e-06
 Reference value :  2.00955e-06
 Reference value :  2.01155e-06
 Reference value :  2.01615e-06
 Reference value :  2.02195e-06
 Reference value :  2.02695e-06
 Reference value :  2.03275e-06
 Reference value :  2.03735e-06
 Reference value :  2.04075e-06
 Reference value :  2.04375e-06
 Reference value :  2.04888e-06
 Reference value :  2.05147e-06
 Reference value :  2.05547e-06
 Reference value :  2.06047e-06
 Reference value :  2.06607e-06
 Reference value :  2.06867e-06
 Reference value :  2.07107e-06
 Reference value :  2.07507e-06
 Reference value :  2.08087e-06
 Reference value :  2.08607e-06
 Reference value :  2.09147e-06
 Reference value :  2.09547e-06
 Reference value :  2.09867e-06
 Reference value :  2.10111e-06
 Reference value :  2.10495e-06
 Reference value :  2.10955e-06
 Reference value :  2.11475e-06
 Reference value :  2.11915e-06
 Reference value :  2.12275e-06
 Reference value :  2.12435e-06
 Reference value :  2.12995e-06
 Reference value :  2.13535e-06
 Reference value :  2.14115e-06
 Reference value :  2.14655e-06
 Reference value :  2.15006e-06
 Reference value :  2.15407e-06
 Reference value :  2.15687e-06
 Reference value :  2.16127e-06
 Reference value :  2.16667e-06
 Reference value :  2.17247e-06
 Reference value :  2.17707e-06
 Reference value :  2.18287e-06
 Reference value :  2.18867e-06
 Reference value :  2.19267e-06
 Reference value :  2.19827e-06
 Reference value :  2.20105e-06
 Reference value :  2.20395e-06
 Reference value :  2.20795e-06
 Reference value :  2.21355e-06
 Reference value :  2.21935e-06
 Reference value :  2.22495e-06
 Reference value :  2.23055e-06
 Reference value :  2.23475e-06
 Reference value :  2.23795e-06
 Reference value :  2.24295e-06
 Reference value :  2.24855e-06
 Reference value :  2.25127e-06
 Reference value :  2.25507e-06
 Reference value :  2.25847e-06
 Reference value :  2.26147e-06
 Reference value :  2.26647e-06
 Reference value :  2.27167e-06
 Reference value :  2.27447e-06
 Reference value :  2.27807e-06
 Reference value :  2.28187e-06
 Reference value :  2.28447e-06
 Reference value :  2.28607e-06
 Reference value :  2.29187e-06
 Reference value :  2.29687e-06
 Reference value :  2.30100e-06
 Reference value :  2.30455e-06
 Reference value :  2.30915e-06
 Reference value :  2.31495e-06
 Reference value :  2.32015e-06
 Reference value :  2.32555e-06
 Reference value :  2.32895e-06
 Reference value :  2.33315e-06
 Reference value :  2.33855e-06
 Reference value :  2.34415e-06
 Reference value :  2.34930e-06
 Reference value :  2.35227e-06
 Reference value :  2.35687e-06
 Reference value :  2.36127e-06
 Reference value :  2.36567e-06
 Reference value :  2.36727e-06
 Reference value :  2.37167e-06
 Reference value :  2.37587e-06
 Reference value :  2.37987e-06
 Reference value :  2.38427e-06
 Reference value :  2.38807e-06
 Reference value :  2.39087e-06
 Reference value :  2.39227e-06
 Reference value :  2.39667e-06
 Reference value :  2.40050e-06
 Reference value :  2.40355e-06
 Reference value :  2.40815e-06
 Reference value :  2.41295e-06
 Reference value :  2.41755e-06
 Reference value :  2.42115e-06
 Reference value :  2.42595e-06
 Reference value :  2.43115e-06
 Reference value :  2.43695e-06
 Reference value :  2.44195e-06
 Reference value :  2.44635e-06
 Reference value :  2.45002e-06
 Reference value :  2.45227e-06
 Reference value :  2.45507e-06
 Reference value :  2.45987e-06
 Reference value :  2.46567e-06
 Reference value :  2.47147e-06
 Reference value :  2.47627e-06
 Reference value :  2.47987e-06
 Reference value :  2.48387e-06
 Reference value :  2.48927e-06
 Reference value :  2.49447e-06
 Reference value :  2.50000e-06
 Reference value :  2.50235e-06
 Reference value :  2.50435e-06
 Reference value :  2.50615e-06
 Reference value :  2.50915e-06
 Reference value :  2.51495e-06
 Reference value :  2.52015e-06
 Reference value :  2.52595e-06
 Reference value :  2.53175e-06
 Reference value :  2.53555e-06
 Reference value :  2.53795e-06
 Reference value :  2.54155e-06
 Reference value :  2.54715e-06
 Reference value :  2.55014e-06
 Reference value :  2.55427e-06
 Reference value :  2.55587e-06
 Reference value :  2.56107e-06
 Reference value :  2.56607e-06
 Reference value :  2.56867e-06
 Reference value :  2.57287e-06
 Reference value :  2.57807e-06
 Reference value :  2.58347e-06
 Reference value :  2.58867e-06
 Reference value :  2.59227e-06
 Reference value :  2.59427e-06
 Reference value :  2.59907e-06
 Reference value :  2.60135e-06
 Reference value :  2.60535e-06
 Reference value :  2.61015e-06
 Reference value :  2.61515e-06
 Reference value :  2.61815e-06
 Reference value :  2.62035e-06
 Reference value :  2.62595e-06
 Reference value :  2.63175e-06
 Reference value :  2.63675e-06
 Reference value :  2.64235e-06
 Reference value :  2.64735e-06
 Reference value :  2.65047e-06
 Reference value :  2.65427e-06
 Reference value :  2.65687e-06
 Reference value :  2.66087e-06
 Reference value :  2.66607e-06
 Reference value :  2.67167e-06
 Reference value :  2.67307e-06
 Reference value :  2.67387e-06
 Reference value :  2.67467e-06
 Reference value :  2.67827e-06
 Reference value :  2.68307e-06
 Reference value :  2.68867e-06
 Reference value :  2.69327e-06
 Reference value :  2.69667e-06
 Reference value :  2.70085e-06
 Reference value :  2.70375e-06
 Reference value :  2.70815e-06
 Reference value :  2.71295e-06
 Reference value :  2.71435e-06
 Reference value :  2.71575e-06
 Reference value :  2.71715e-06
 Reference value :  2.72115e-06
 Reference value :  2.72535e-06
 Reference value :  2.72955e-06
 Reference value :  2.73275e-06
 Reference value :  2.73455e-06
 Reference value :  2.73675e-06
 Reference value :  2.74075e-06
 Reference value :  2.74475e-06
 Reference value :  2.74855e-06
 Reference value :  2.75047e-06
 Reference value :  2.75167e-06
 Reference value :  2.75587e-06
 Reference value :  2.76087e-06
 Reference value :  2.76667e-06
 Reference value :  2.77207e-06
 Reference value :  2.77647e-06
 Reference value :  2.78127e-06
 Reference value :  2.78407e-06
 Reference value :  2.78967e-06
 Reference value :  2.79487e-06
 Reference value :  2.80006e-06
 Reference value :  2.80255e-06
 Reference value :  2.80615e-06
 Reference value :  2.81095e-06
 Reference value :  2.81535e-06
 Reference value :  2.82115e-06
 Reference value :  2.82655e-06
 Reference value :  2.83215e-06
 Reference value :  2.83755e-06
 Reference value :  2.84315e-06
 Reference value :  2.84835e-06
 Reference value :  2.85006e-06
 Reference value :  2.85367e-06
 Reference value :  2.85667e-06
 Reference value :  2.86087e-06
 Reference value :  2.86447e-06
 Reference value :  2.86507e-06
 Reference value :  2.86687e-06
 Reference value :  2.87107e-06
 Reference value :  2.87527e-06
 Reference value :  2.87867e-06
 Reference value :  2.88287e-06
 Reference value :  2.88687e-06
 Reference value :  2.88987e-06
 Reference value :  2.89287e-06
 Reference value :  2.89527e-06
 Reference value :  2.89947e-06
 Reference value :  2.90121e-06
 Reference value :  2.90555e-06
 Reference value :  2.90935e-06
 Reference value :  2.91195e-06
 Reference value :  2.91715e-06
 Reference value :  2.92275e-06
 Reference value :  2.92835e-06
 Reference value :  2.93335e-06
 Reference value :  2.93875e-06
 Reference value :  2.94295e-06
 Reference value :  2.94615e-06
 Reference value :  2.94970e-06
 Reference value :  2.95307e-06
 Reference value :  2.95472e-06
 Reference value :  2.95747e-06
 Reference value :  2.95927e-06
 Reference value :  2.96307e-06
 Reference value :  2.96727e-06
 Reference value :  2.97107e-06
 Reference value :  2.97527e-06
 Reference value :  2.97907e-06
 Reference value :  2.98287e-06
 Reference value :  2.98647e-06
 Reference value :  2.98887e-06
 Reference value :  2.99307e-06
 Reference value :  2.99607e-06
No. of Data Rows : 15405
sim/harness: analysis complete
Note: Simulation executed from .control section 
Warning: singular matrix:  check node xxxtop.xxlf.xr1.t1

Note: Starting dynamic gmin stepping
Note: Dynamic gmin stepping completed
