
Note: Compatibility modes selected: hs a


Circuit: ** sch_path: /home/ubuntu/github/sky130-pll/sim/pll-lock/testbench/tb_pll_lock.sch

option SCALE: Scale is set to 1e-06 for instance and model parameters
option SCALE: Scale is set to 1e-06 for instance and model parameters
option SCALE: Scale is set to 1e-06 for instance and model parameters
option SCALE: Scale is set to 1e-06 for instance and model parameters
Doing analysis at TEMP = -40.000000 and TNOM = 27.000000

Using KLU as Direct Linear Solver
 Reference value :  0.00000e+00
 Reference value :  1.04076e-09
 Reference value :  4.59628e-09
 Reference value :  5.34412e-09
 Reference value :  5.93027e-09
 Reference value :  6.10623e-09
 Reference value :  6.54538e-09
 Reference value :  7.03682e-09
 Reference value :  7.32536e-09
 Reference value :  7.58728e-09
 Reference value :  8.18211e-09
 Reference value :  8.72946e-09
 Reference value :  9.36512e-09
 Reference value :  9.93839e-09
 Reference value :  1.03693e-08
 Reference value :  1.07019e-08
 Reference value :  1.09959e-08
 Reference value :  1.17043e-08
 Reference value :  1.23373e-08
 Reference value :  1.30001e-08
 Reference value :  1.32653e-08
 Reference value :  1.33971e-08
 Reference value :  1.37949e-08
 Reference value :  1.40858e-08
 Reference value :  1.46463e-08
 Reference value :  1.48745e-08
 Reference value :  1.54818e-08
 Reference value :  1.61314e-08
 Reference value :  1.65827e-08
 Reference value :  1.71778e-08
 Reference value :  1.77147e-08
 Reference value :  1.79760e-08
 Reference value :  1.83452e-08
 Reference value :  1.84706e-08
 Reference value :  1.88563e-08
 Reference value :  1.94211e-08
 Reference value :  1.97781e-08
 Reference value :  2.00630e-08
 Reference value :  2.06465e-08
 Reference value :  2.12623e-08
 Reference value :  2.15831e-08
 Reference value :  2.19534e-08
 Reference value :  2.25709e-08
 Reference value :  2.29755e-08
 Reference value :  2.33790e-08
 Reference value :  2.40671e-08
 Reference value :  2.45186e-08
 Reference value :  2.47519e-08
 Reference value :  2.52091e-08
 Reference value :  2.57342e-08
 Reference value :  2.63087e-08
 Reference value :  2.66035e-08
 Reference value :  2.72466e-08
 Reference value :  2.79738e-08
 Reference value :  2.84784e-08
 Reference value :  2.88382e-08
 Reference value :  2.95101e-08
 Reference value :  3.02135e-08
 Reference value :  3.07435e-08
 Reference value :  3.12477e-08
 Reference value :  3.19132e-08
 Reference value :  3.25497e-08
 Reference value :  3.25637e-08
 Reference value :  3.28629e-08
 Reference value :  3.34741e-08
 Reference value :  3.41057e-08
 Reference value :  3.43530e-08
 Reference value :  3.50286e-08
 Reference value :  3.57321e-08
 Reference value :  3.64412e-08
 Reference value :  3.67787e-08
 Reference value :  3.73792e-08
 Reference value :  3.80542e-08
 Reference value :  3.83369e-08
 Reference value :  3.87754e-08
 Reference value :  3.91593e-08
 Reference value :  3.99448e-08
 Reference value :  4.03288e-08
 Reference value :  4.06831e-08
 Reference value :  4.13804e-08
 Reference value :  4.20449e-08
 Reference value :  4.28815e-08
 Reference value :  4.34120e-08
 Reference value :  4.37112e-08
 Reference value :  4.41960e-08
 Reference value :  4.44231e-08
 Reference value :  4.47590e-08
 Reference value :  4.52033e-08
 Reference value :  4.59605e-08
 Reference value :  4.61099e-08
 Reference value :  4.63583e-08
 Reference value :  4.66762e-08
 Reference value :  4.70481e-08
 Reference value :  4.76410e-08
 Reference value :  4.82080e-08
 Reference value :  4.82147e-08
 Reference value :  4.85577e-08
 Reference value :  4.91237e-08
 Reference value :  4.95500e-08
 Reference value :  5.00220e-08
 Reference value :  5.07230e-08
 Reference value :  5.12139e-08
 Reference value :  5.16451e-08
 Reference value :  5.23883e-08
 Reference value :  5.30024e-08
 Reference value :  5.30088e-08
 Reference value :  5.33472e-08
 Reference value :  5.40024e-08
 Reference value :  5.44363e-08
 Reference value :  5.47421e-08
 Reference value :  5.55695e-08
 Reference value :  5.60469e-08
 Reference value :  5.62056e-08
 Reference value :  5.66060e-08
 Reference value :  5.71496e-08
 Reference value :  5.75950e-08
 Reference value :  5.78453e-08
 Reference value :  5.83360e-08
 Reference value :  5.88450e-08
 Reference value :  5.92827e-08
 Reference value :  5.97077e-08
 Reference value :  6.04600e-08
 Reference value :  6.12296e-08
 Reference value :  6.20378e-08
 Reference value :  6.25711e-08
 Reference value :  6.32356e-08
 Reference value :  6.38161e-08
 Reference value :  6.44148e-08
 Reference value :  6.49729e-08
 Reference value :  6.54446e-08
 Reference value :  6.60765e-08
 Reference value :  6.66804e-08
 Reference value :  6.76263e-08
 Reference value :  6.80664e-08
 Reference value :  6.89840e-08
 Reference value :  6.99549e-08
 Reference value :  7.07705e-08
 Reference value :  7.12592e-08
 Reference value :  7.17327e-08
 Reference value :  7.22221e-08
 Reference value :  7.25034e-08
 Reference value :  7.29874e-08
 Reference value :  7.29938e-08
 Reference value :  7.32949e-08
 Reference value :  7.40677e-08
 Reference value :  7.43293e-08
 Reference value :  7.47416e-08
 Reference value :  7.51412e-08
 Reference value :  7.57470e-08
 Reference value :  7.62242e-08
 Reference value :  7.66360e-08
 Reference value :  7.74293e-08
 Reference value :  7.78898e-08
 Reference value :  7.84661e-08
 Reference value :  7.92168e-08
 Reference value :  7.96441e-08
 Reference value :  8.01099e-08
 Reference value :  8.07735e-08
 Reference value :  8.14020e-08
 Reference value :  8.21422e-08
 Reference value :  8.28426e-08
 Reference value :  8.33447e-08
 Reference value :  8.37964e-08
 Reference value :  8.47522e-08
 Reference value :  8.52866e-08
 Reference value :  8.54872e-08
 Reference value :  8.57081e-08
 Reference value :  8.66519e-08
 Reference value :  8.69134e-08
 Reference value :  8.74311e-08
 Reference value :  8.80992e-08
 Reference value :  8.86480e-08
 Reference value :  8.92080e-08
 Reference value :  8.96155e-08
 Reference value :  9.03181e-08
 Reference value :  9.10271e-08
 Reference value :  9.10471e-08
 Reference value :  9.13006e-08
 Reference value :  9.21872e-08
 Reference value :  9.29243e-08
 Reference value :  9.29434e-08
 Reference value :  9.31811e-08
 Reference value :  9.40607e-08
 Reference value :  9.48060e-08
 Reference value :  9.51792e-08
 Reference value :  9.59459e-08
 Reference value :  9.63734e-08
 Reference value :  9.67996e-08
 Reference value :  9.73181e-08
 Reference value :  9.75912e-08
 Reference value :  9.82156e-08
 Reference value :  9.88071e-08
 Reference value :  9.94063e-08
 Reference value :  1.00009e-07
 Reference value :  1.00784e-07
 Reference value :  1.01382e-07
 Reference value :  1.02076e-07
 Reference value :  1.02655e-07
 Reference value :  1.02661e-07
 Reference value :  1.02962e-07
 Reference value :  1.03776e-07
 Reference value :  1.04207e-07
 Reference value :  1.04652e-07
 Reference value :  1.05065e-07
 Reference value :  1.05942e-07
 Reference value :  1.06741e-07
 Reference value :  1.07382e-07
 Reference value :  1.07983e-07
 Reference value :  1.08679e-07
 Reference value :  1.09314e-07
 Reference value :  1.09975e-07
 Reference value :  1.10677e-07
 Reference value :  1.10700e-07
 Reference value :  1.11050e-07
 Reference value :  1.11886e-07
 Reference value :  1.12336e-07
 Reference value :  1.13120e-07
 Reference value :  1.13882e-07
 Reference value :  1.14528e-07
 Reference value :  1.14941e-07
 Reference value :  1.15845e-07
 Reference value :  1.16684e-07
 Reference value :  1.17171e-07
 Reference value :  1.18017e-07
 Reference value :  1.18607e-07
 Reference value :  1.19104e-07
 Reference value :  1.20003e-07
 Reference value :  1.20393e-07
 Reference value :  1.20984e-07
 Reference value :  1.21644e-07
 Reference value :  1.22348e-07
 Reference value :  1.22978e-07
 Reference value :  1.23392e-07
 Reference value :  1.24204e-07
 Reference value :  1.24674e-07
 Reference value :  1.25006e-07
 Reference value :  1.25354e-07
 Reference value :  1.26189e-07
 Reference value :  1.26848e-07
 Reference value :  1.27329e-07
 Reference value :  1.28149e-07
 Reference value :  1.28568e-07
 Reference value :  1.29072e-07
 Reference value :  1.29407e-07
 Reference value :  1.30275e-07
 Reference value :  1.30557e-07
 Reference value :  1.31153e-07
 Reference value :  1.31844e-07
 Reference value :  1.32287e-07
 Reference value :  1.33134e-07
 Reference value :  1.33143e-07
 Reference value :  1.33469e-07
 Reference value :  1.34408e-07
 Reference value :  1.34901e-07
 Reference value :  1.35376e-07
 Reference value :  1.35935e-07
 Reference value :  1.36505e-07
 Reference value :  1.36931e-07
 Reference value :  1.37226e-07
 Reference value :  1.37503e-07
 Reference value :  1.38311e-07
 Reference value :  1.38591e-07
 Reference value :  1.39187e-07
 Reference value :  1.39551e-07
 Reference value :  1.40484e-07
 Reference value :  1.41324e-07
 Reference value :  1.41620e-07
 Reference value :  1.42444e-07
 Reference value :  1.42957e-07
 Reference value :  1.43249e-07
 Reference value :  1.43690e-07
 Reference value :  1.44534e-07
 Reference value :  1.44726e-07
 Reference value :  1.45442e-07
 Reference value :  1.46509e-07
 Reference value :  1.46939e-07
 Reference value :  1.47388e-07
 Reference value :  1.47750e-07
 Reference value :  1.48702e-07
 Reference value :  1.49443e-07
 Reference value :  1.49460e-07
 Reference value :  1.49909e-07
 Reference value :  1.50675e-07
 Reference value :  1.51298e-07
 Reference value :  1.51817e-07
 Reference value :  1.52760e-07
 Reference value :  1.53319e-07
 Reference value :  1.53770e-07
 Reference value :  1.54687e-07
 Reference value :  1.54997e-07
 Reference value :  1.55723e-07
 Reference value :  1.55727e-07
 Reference value :  1.56084e-07
 Reference value :  1.57030e-07
 Reference value :  1.57939e-07
 Reference value :  1.58763e-07
 Reference value :  1.59324e-07
 Reference value :  1.60113e-07
 Reference value :  1.61209e-07
 Reference value :  1.61964e-07
 Reference value :  1.62179e-07
 Reference value :  1.62511e-07
 Reference value :  1.63429e-07
 Reference value :  1.63863e-07
 Reference value :  1.64374e-07
 Reference value :  1.64865e-07
 Reference value :  1.65796e-07
 Reference value :  1.66656e-07
 Reference value :  1.67424e-07
 Reference value :  1.68193e-07
 Reference value :  1.68968e-07
 Reference value :  1.69878e-07
 Reference value :  1.70733e-07
 Reference value :  1.71114e-07
 Reference value :  1.71425e-07
 Reference value :  1.72426e-07
 Reference value :  1.73036e-07
 Reference value :  1.73640e-07
 Reference value :  1.74358e-07
 Reference value :  1.74889e-07
 Reference value :  1.75725e-07
 Reference value :  1.75731e-07
 Reference value :  1.76078e-07
 Reference value :  1.77076e-07
 Reference value :  1.77725e-07
 Reference value :  1.78050e-07
 Reference value :  1.78569e-07
 Reference value :  1.79538e-07
 Reference value :  1.80348e-07
 Reference value :  1.80819e-07
 Reference value :  1.81910e-07
 Reference value :  1.82733e-07
 Reference value :  1.82847e-07
 Reference value :  1.83337e-07
 Reference value :  1.84469e-07
 Reference value :  1.85384e-07
 Reference value :  1.86396e-07
 Reference value :  1.86749e-07
 Reference value :  1.87325e-07
 Reference value :  1.87691e-07
 Reference value :  1.88329e-07
 Reference value :  1.89322e-07
 Reference value :  1.89971e-07
 Reference value :  1.90143e-07
 Reference value :  1.90468e-07
 Reference value :  1.91756e-07
 Reference value :  1.92136e-07
 Reference value :  1.92747e-07
 Reference value :  1.93861e-07
 Reference value :  1.94406e-07
 Reference value :  1.95372e-07
 Reference value :  1.96200e-07
 Reference value :  1.96900e-07
 Reference value :  1.97927e-07
 Reference value :  1.98696e-07
 Reference value :  1.99317e-07
 Reference value :  2.00300e-07
 Reference value :  2.00822e-07
 Reference value :  2.01626e-07
 Reference value :  2.02450e-07
 Reference value :  2.03252e-07
 Reference value :  2.04540e-07
 Reference value :  2.05117e-07
 Reference value :  2.05716e-07
 Reference value :  2.06116e-07
 Reference value :  2.07239e-07
 Reference value :  2.08386e-07
 Reference value :  2.08394e-07
 Reference value :  2.08844e-07
 Reference value :  2.10067e-07
 Reference value :  2.11091e-07
 Reference value :  2.11470e-07
 Reference value :  2.12637e-07
 Reference value :  2.13164e-07
 Reference value :  2.13972e-07
 Reference value :  2.14982e-07
 Reference value :  2.15526e-07
 Reference value :  2.16071e-07
 Reference value :  2.16780e-07
 Reference value :  2.18038e-07
 Reference value :  2.18684e-07
 Reference value :  2.19196e-07
 Reference value :  2.19578e-07
 Reference value :  2.20647e-07
 Reference value :  2.21092e-07
 Reference value :  2.22044e-07
 Reference value :  2.23289e-07
 Reference value :  2.24182e-07
 Reference value :  2.24905e-07
 Reference value :  2.25851e-07
 Reference value :  2.26701e-07
 Reference value :  2.27470e-07
 Reference value :  2.28702e-07
 Reference value :  2.29613e-07
 Reference value :  2.30163e-07
 Reference value :  2.31156e-07
 Reference value :  2.31747e-07
 Reference value :  2.32488e-07
 Reference value :  2.33629e-07
 Reference value :  2.34384e-07
 Reference value :  2.35116e-07
 Reference value :  2.36164e-07
 Reference value :  2.36588e-07
 Reference value :  2.37254e-07
 Reference value :  2.37669e-07
 Reference value :  2.38165e-07
 Reference value :  2.38565e-07
 Reference value :  2.38732e-07
 Reference value :  2.39859e-07
 Reference value :  2.40380e-07
 Reference value :  2.41404e-07
 Reference value :  2.42504e-07
 Reference value :  2.43796e-07
 Reference value :  2.44569e-07
 Reference value :  2.45278e-07
 Reference value :  2.46200e-07
 Reference value :  2.46685e-07
 Reference value :  2.47887e-07
 Reference value :  2.48603e-07
 Reference value :  2.49000e-07
 Reference value :  2.49948e-07
 Reference value :  2.51028e-07
 Reference value :  2.51350e-07
 Reference value :  2.52343e-07
 Reference value :  2.53541e-07
 Reference value :  2.54246e-07
 Reference value :  2.54499e-07
 Reference value :  2.54996e-07
 Reference value :  2.56000e-07
 Reference value :  2.56411e-07
 Reference value :  2.56810e-07
 Reference value :  2.57094e-07
 Reference value :  2.58240e-07
 Reference value :  2.58543e-07
 Reference value :  2.59297e-07
 Reference value :  2.59873e-07
 Reference value :  2.60779e-07
 Reference value :  2.61668e-07
 Reference value :  2.62486e-07
 Reference value :  2.63079e-07
 Reference value :  2.63985e-07
 Reference value :  2.64699e-07
 Reference value :  2.65631e-07
 Reference value :  2.66465e-07
 Reference value :  2.66472e-07
 Reference value :  2.66827e-07
 Reference value :  2.67979e-07
 Reference value :  2.68790e-07
 Reference value :  2.69418e-07
 Reference value :  2.70474e-07
 Reference value :  2.71327e-07
 Reference value :  2.71334e-07
 Reference value :  2.71679e-07
 Reference value :  2.72327e-07
 Reference value :  2.73058e-07
 Reference value :  2.74002e-07
 Reference value :  2.75195e-07
 Reference value :  2.75800e-07
 Reference value :  2.76231e-07
 Reference value :  2.76794e-07
 Reference value :  2.77822e-07
 Reference value :  2.78398e-07
 Reference value :  2.78809e-07
 Reference value :  2.79277e-07
 Reference value :  2.80255e-07
 Reference value :  2.81320e-07
 Reference value :  2.81885e-07
 Reference value :  2.82712e-07
 Reference value :  2.83320e-07
 Reference value :  2.83900e-07
 Reference value :  2.84279e-07
 Reference value :  2.85437e-07
 Reference value :  2.86562e-07
 Reference value :  2.87096e-07
 Reference value :  2.88107e-07
 Reference value :  2.89157e-07
 Reference value :  2.89166e-07
 Reference value :  2.89662e-07
 Reference value :  2.90667e-07
 Reference value :  2.91595e-07
 Reference value :  2.92312e-07
 Reference value :  2.93588e-07
 Reference value :  2.94797e-07
 Reference value :  2.96120e-07
 Reference value :  2.96649e-07
 Reference value :  2.97322e-07
 Reference value :  2.97614e-07
 Reference value :  2.98788e-07
 Reference value :  2.99144e-07
 Reference value :  2.99680e-07
 Reference value :  3.00310e-07
 Reference value :  3.01031e-07
 Reference value :  3.01690e-07
 Reference value :  3.02261e-07
 Reference value :  3.02977e-07
 Reference value :  3.03672e-07
 Reference value :  3.04542e-07
 Reference value :  3.05936e-07
 Reference value :  3.07365e-07
 Reference value :  3.08142e-07
 Reference value :  3.09106e-07
 Reference value :  3.10459e-07
 Reference value :  3.11488e-07
 Reference value :  3.11898e-07
 Reference value :  3.13046e-07
 Reference value :  3.13830e-07
 Reference value :  3.14421e-07
 Reference value :  3.14803e-07
 Reference value :  3.15881e-07
 Reference value :  3.16333e-07
 Reference value :  3.17342e-07
 Reference value :  3.18303e-07
 Reference value :  3.19157e-07
 Reference value :  3.19703e-07
 Reference value :  3.20313e-07
 Reference value :  3.21652e-07
 Reference value :  3.22029e-07
 Reference value :  3.22640e-07
 Reference value :  3.23224e-07
 Reference value :  3.24347e-07
 Reference value :  3.24526e-07
 Reference value :  3.24906e-07
 Reference value :  3.25759e-07
 Reference value :  3.26143e-07
 Reference value :  3.27387e-07
 Reference value :  3.28601e-07
 Reference value :  3.28919e-07
 Reference value :  3.30310e-07
 Reference value :  3.31469e-07
 Reference value :  3.31920e-07
 Reference value :  3.33137e-07
 Reference value :  3.33736e-07
 Reference value :  3.34779e-07
 Reference value :  3.36105e-07
 Reference value :  3.37287e-07
 Reference value :  3.37300e-07
 Reference value :  3.37685e-07
 Reference value :  3.38922e-07
 Reference value :  3.39709e-07
 Reference value :  3.40397e-07
 Reference value :  3.41781e-07
 Reference value :  3.42113e-07
 Reference value :  3.43327e-07
 Reference value :  3.44305e-07
 Reference value :  3.45064e-07
 Reference value :  3.46148e-07
 Reference value :  3.47200e-07
 Reference value :  3.48089e-07
 Reference value :  3.48829e-07
 Reference value :  3.49284e-07
 Reference value :  3.49620e-07
 Reference value :  3.50964e-07
 Reference value :  3.51586e-07
 Reference value :  3.52600e-07
 Reference value :  3.54066e-07
 Reference value :  3.54530e-07
 Reference value :  3.55890e-07
 Reference value :  3.57250e-07
 Reference value :  3.57935e-07
 Reference value :  3.58726e-07
 Reference value :  3.59137e-07
 Reference value :  3.60434e-07
 Reference value :  3.60691e-07
 Reference value :  3.61827e-07
 Reference value :  3.61997e-07
 Reference value :  3.62660e-07
 Reference value :  3.63903e-07
 Reference value :  3.65394e-07
 Reference value :  3.66625e-07
 Reference value :  3.67152e-07
 Reference value :  3.68578e-07
 Reference value :  3.69140e-07
 Reference value :  3.70600e-07
 Reference value :  3.71970e-07
 Reference value :  3.71995e-07
 Reference value :  3.72323e-07
 Reference value :  3.73918e-07
 Reference value :  3.74275e-07
 Reference value :  3.75728e-07
 Reference value :  3.77221e-07
 Reference value :  3.77899e-07
 Reference value :  3.79399e-07
 Reference value :  3.80968e-07
 Reference value :  3.81925e-07
 Reference value :  3.83031e-07
 Reference value :  3.84634e-07
 Reference value :  3.85951e-07
 Reference value :  3.86176e-07
 Reference value :  3.86506e-07
 Reference value :  3.88234e-07
 Reference value :  3.88584e-07
 Reference value :  3.89964e-07
 Reference value :  3.90369e-07
 Reference value :  3.92160e-07
 Reference value :  3.93496e-07
 Reference value :  3.94219e-07
 Reference value :  3.95890e-07
 Reference value :  3.96724e-07
 Reference value :  3.97717e-07
 Reference value :  3.98550e-07
 Reference value :  3.99951e-07
 Reference value :  4.00336e-07
 Reference value :  4.00900e-07
 Reference value :  4.01659e-07
 Reference value :  4.01947e-07
 Reference value :  4.03904e-07
 Reference value :  4.04293e-07
 Reference value :  4.05496e-07
 Reference value :  4.05721e-07
 Reference value :  4.06150e-07
 Reference value :  4.07918e-07
 Reference value :  4.08352e-07
 Reference value :  4.09845e-07
 Reference value :  4.11051e-07
 Reference value :  4.12200e-07
 Reference value :  4.12769e-07
 Reference value :  4.14122e-07
 Reference value :  4.16235e-07
 Reference value :  4.16976e-07
 Reference value :  4.18314e-07
 Reference value :  4.19744e-07
 Reference value :  4.20686e-07
 Reference value :  4.22420e-07
 Reference value :  4.23265e-07
 Reference value :  4.24749e-07
 Reference value :  4.25100e-07
 Reference value :  4.26541e-07
 Reference value :  4.26760e-07
 Reference value :  4.27754e-07
 Reference value :  4.29088e-07
 Reference value :  4.30210e-07
 Reference value :  4.31264e-07
 Reference value :  4.33313e-07
 Reference value :  4.33817e-07
 Reference value :  4.35547e-07
 Reference value :  4.35920e-07
 Reference value :  4.38005e-07
 Reference value :  4.39027e-07
 Reference value :  4.40304e-07
 Reference value :  4.42349e-07
 Reference value :  4.42762e-07
 Reference value :  4.43456e-07
 Reference value :  4.44647e-07
 Reference value :  4.45028e-07
 Reference value :  4.47246e-07
 Reference value :  4.48756e-07
 Reference value :  4.49535e-07
 Reference value :  4.50369e-07
 Reference value :  4.52097e-07
 Reference value :  4.54124e-07
 Reference value :  4.54145e-07
 Reference value :  4.54641e-07
 Reference value :  4.56748e-07
 Reference value :  4.57541e-07
 Reference value :  4.59154e-07
 Reference value :  4.59497e-07
 Reference value :  4.61744e-07
 Reference value :  4.62434e-07
 Reference value :  4.64205e-07
 Reference value :  4.64847e-07
 Reference value :  4.66819e-07
 Reference value :  4.68194e-07
 Reference value :  4.69417e-07
 Reference value :  4.70715e-07
 Reference value :  4.72247e-07
 Reference value :  4.73730e-07
 Reference value :  4.74912e-07
 Reference value :  4.77277e-07
 Reference value :  4.77710e-07
 Reference value :  4.79392e-07
 Reference value :  4.80547e-07
 Reference value :  4.82859e-07
 Reference value :  4.83467e-07
 Reference value :  4.84105e-07
 Reference value :  4.85761e-07
 Reference value :  4.87242e-07
 Reference value :  4.88750e-07
 Reference value :  4.91105e-07
 Reference value :  4.93035e-07
 Reference value :  4.94323e-07
 Reference value :  4.94883e-07
 Reference value :  4.97260e-07
 Reference value :  4.99179e-07
 Reference value :  5.00413e-07
 Reference value :  5.00925e-07
 Reference value :  5.02091e-07
 Reference value :  5.03313e-07
 Reference value :  5.05949e-07
 Reference value :  5.06164e-07
 Reference value :  5.06520e-07
 Reference value :  5.08945e-07
 Reference value :  5.10055e-07
 Reference value :  5.12262e-07
 Reference value :  5.13123e-07
 Reference value :  5.14942e-07
 Reference value :  5.15322e-07
 Reference value :  5.17409e-07
 Reference value :  5.17962e-07
 Reference value :  5.18280e-07
 Reference value :  5.20191e-07
 Reference value :  5.21005e-07
 Reference value :  5.23472e-07
 Reference value :  5.23776e-07
 Reference value :  5.24586e-07
 Reference value :  5.26170e-07
 Reference value :  5.27852e-07
 Reference value :  5.29130e-07
 Reference value :  5.29488e-07
 Reference value :  5.29861e-07
 Reference value :  5.31535e-07
 Reference value :  5.33941e-07
 Reference value :  5.34340e-07
 Reference value :  5.35883e-07
 Reference value :  5.37349e-07
 Reference value :  5.38926e-07
 Reference value :  5.39486e-07
 Reference value :  5.40265e-07
 Reference value :  5.41537e-07
 Reference value :  5.42951e-07
 Reference value :  5.44290e-07
 Reference value :  5.45796e-07
 Reference value :  5.46978e-07
 Reference value :  5.49125e-07
 Reference value :  5.49677e-07
 Reference value :  5.50014e-07
 Reference value :  5.51612e-07
 Reference value :  5.52570e-07
 Reference value :  5.54513e-07
 Reference value :  5.55274e-07
 Reference value :  5.56985e-07
 Reference value :  5.57484e-07
 Reference value :  5.59441e-07
 Reference value :  5.60168e-07
 Reference value :  5.62387e-07
 Reference value :  5.63698e-07
 Reference value :  5.65446e-07
 Reference value :  5.67153e-07
 Reference value :  5.67971e-07
 Reference value :  5.68213e-07
 Reference value :  5.70532e-07
 Reference value :  5.71259e-07
 Reference value :  5.72787e-07
 Reference value :  5.73809e-07
 Reference value :  5.73898e-07
 Reference value :  5.74868e-07
 Reference value :  5.76832e-07
 Reference value :  5.77192e-07
 Reference value :  5.77876e-07
 Reference value :  5.79701e-07
 Reference value :  5.81089e-07
 Reference value :  5.82810e-07
 Reference value :  5.83601e-07
 Reference value :  5.85801e-07
 Reference value :  5.86602e-07
 Reference value :  5.87802e-07
 Reference value :  5.89295e-07
 Reference value :  5.90862e-07
 Reference value :  5.92017e-07
 Reference value :  5.93335e-07
 Reference value :  5.95303e-07
 Reference value :  5.95824e-07
 Reference value :  5.96938e-07
 Reference value :  5.98642e-07
 Reference value :  6.00832e-07
 Reference value :  6.01605e-07
 Reference value :  6.02244e-07
 Reference value :  6.03086e-07
 Reference value :  6.05109e-07
 Reference value :  6.06388e-07
 Reference value :  6.08549e-07
 Reference value :  6.08905e-07
 Reference value :  6.11615e-07
 Reference value :  6.12497e-07
 Reference value :  6.15041e-07
 Reference value :  6.15528e-07
 Reference value :  6.17459e-07
 Reference value :  6.18259e-07
 Reference value :  6.19785e-07
 Reference value :  6.21686e-07
 Reference value :  6.22588e-07
 Reference value :  6.24435e-07
 Reference value :  6.25934e-07
 Reference value :  6.27459e-07
 Reference value :  6.27892e-07
 Reference value :  6.30186e-07
 Reference value :  6.30197e-07
 Reference value :  6.30425e-07
 Reference value :  6.31323e-07
 Reference value :  6.33252e-07
 Reference value :  6.34250e-07
 Reference value :  6.35822e-07
 Reference value :  6.36084e-07
 Reference value :  6.37475e-07
 Reference value :  6.38768e-07
 Reference value :  6.40018e-07
 Reference value :  6.41192e-07
 Reference value :  6.42897e-07
 Reference value :  6.44042e-07
 Reference value :  6.44965e-07
 Reference value :  6.46478e-07
 Reference value :  6.48815e-07
 Reference value :  6.49259e-07
 Reference value :  6.50140e-07
 Reference value :  6.50769e-07
 Reference value :  6.51182e-07
 Reference value :  6.52474e-07
 Reference value :  6.53791e-07
 Reference value :  6.54030e-07
 Reference value :  6.55180e-07
 Reference value :  6.55794e-07
 Reference value :  6.56167e-07
 Reference value :  6.57878e-07
 Reference value :  6.58712e-07
 Reference value :  6.60237e-07
 Reference value :  6.60417e-07
 Reference value :  6.61267e-07
 Reference value :  6.62817e-07
 Reference value :  6.63260e-07
 Reference value :  6.64103e-07
 Reference value :  6.64860e-07
 Reference value :  6.64871e-07
 Reference value :  6.66299e-07
 Reference value :  6.67248e-07
 Reference value :  6.67776e-07
 Reference value :  6.68417e-07
 Reference value :  6.69552e-07
 Reference value :  6.71398e-07
 Reference value :  6.71791e-07
 Reference value :  6.72777e-07
 Reference value :  6.74497e-07
 Reference value :  6.75716e-07
 Reference value :  6.76197e-07
 Reference value :  6.77890e-07
 Reference value :  6.78173e-07
 Reference value :  6.80142e-07
 Reference value :  6.81534e-07
 Reference value :  6.82361e-07
 Reference value :  6.83754e-07
 Reference value :  6.84545e-07
 Reference value :  6.86375e-07
 Reference value :  6.87215e-07
 Reference value :  6.88964e-07
 Reference value :  6.89251e-07
 Reference value :  6.91053e-07
 Reference value :  6.92032e-07
 Reference value :  6.93542e-07
 Reference value :  6.93912e-07
 Reference value :  6.95850e-07
 Reference value :  6.97182e-07
 Reference value :  6.98205e-07
 Reference value :  6.99388e-07
 Reference value :  7.00571e-07
 Reference value :  7.01074e-07
 Reference value :  7.01821e-07
 Reference value :  7.03108e-07
 Reference value :  7.03673e-07
 Reference value :  7.05230e-07
 Reference value :  7.05590e-07
 Reference value :  7.07834e-07
 Reference value :  7.08145e-07
 Reference value :  7.08563e-07
 Reference value :  7.08691e-07
 Reference value :  7.10301e-07
 Reference value :  7.12052e-07
 Reference value :  7.12906e-07
 Reference value :  7.14760e-07
 Reference value :  7.14971e-07
 Reference value :  7.15436e-07
 Reference value :  7.17383e-07
 Reference value :  7.17652e-07
 Reference value :  7.18992e-07
 Reference value :  7.20569e-07
 Reference value :  7.22412e-07
 Reference value :  7.23272e-07
 Reference value :  7.24486e-07
 Reference value :  7.24820e-07
 Reference value :  7.27009e-07
 Reference value :  7.27293e-07
 Reference value :  7.27722e-07
 Reference value :  7.29354e-07
 Reference value :  7.31345e-07
 Reference value :  7.32106e-07
 Reference value :  7.33518e-07
 Reference value :  7.33856e-07
 Reference value :  7.35697e-07
 Reference value :  7.36164e-07
 Reference value :  7.37877e-07
 Reference value :  7.38227e-07
 Reference value :  7.39358e-07
 Reference value :  7.40443e-07
 Reference value :  7.42154e-07
 Reference value :  7.42179e-07
 Reference value :  7.42438e-07
 Reference value :  7.44475e-07
 Reference value :  7.44754e-07
 Reference value :  7.45140e-07
 Reference value :  7.46709e-07
 Reference value :  7.48064e-07
 Reference value :  7.48702e-07
 Reference value :  7.49515e-07
 Reference value :  7.50532e-07
 Reference value :  7.50797e-07
 Reference value :  7.51344e-07
 Reference value :  7.52744e-07
 Reference value :  7.53563e-07
 Reference value :  7.54572e-07
 Reference value :  7.54979e-07
 Reference value :  7.56783e-07
 Reference value :  7.57138e-07
 Reference value :  7.57872e-07
 Reference value :  7.58685e-07
 Reference value :  7.59528e-07
 Reference value :  7.60962e-07
 Reference value :  7.61662e-07
 Reference value :  7.62487e-07
 Reference value :  7.63016e-07
 Reference value :  7.64553e-07
 Reference value :  7.64975e-07
 Reference value :  7.66328e-07
 Reference value :  7.66452e-07
 Reference value :  7.67487e-07
 Reference value :  7.68384e-07
 Reference value :  7.68473e-07
 Reference value :  7.69232e-07
 Reference value :  7.70325e-07
 Reference value :  7.71238e-07
 Reference value :  7.72239e-07
 Reference value :  7.72833e-07
 Reference value :  7.73774e-07
 Reference value :  7.74025e-07
 Reference value :  7.75463e-07
 Reference value :  7.75794e-07
 Reference value :  7.76156e-07
 Reference value :  7.77039e-07
 Reference value :  7.77450e-07
 Reference value :  7.77595e-07
 Reference value :  7.79021e-07
 Reference value :  7.79736e-07
 Reference value :  7.81114e-07
 Reference value :  7.81127e-07
 Reference value :  7.81349e-07
 Reference value :  7.82121e-07
 Reference value :  7.83376e-07
 Reference value :  7.84673e-07
 Reference value :  7.84895e-07
 Reference value :  7.86118e-07
 Reference value :  7.87068e-07
 Reference value :  7.88519e-07
 Reference value :  7.90164e-07
 Reference value :  7.90547e-07
 Reference value :  7.91184e-07
 Reference value :  7.92389e-07
 Reference value :  7.94027e-07
 Reference value :  7.94493e-07
 Reference value :  7.95198e-07
 Reference value :  7.95823e-07
 Reference value :  7.96317e-07
 Reference value :  7.97977e-07
 Reference value :  7.99368e-07
 Reference value :  8.00162e-07
 Reference value :  8.01115e-07
 Reference value :  8.01742e-07
 Reference value :  8.02280e-07
 Reference value :  8.03645e-07
 Reference value :  8.03894e-07
 Reference value :  8.05840e-07
 Reference value :  8.06190e-07
 Reference value :  8.07691e-07
 Reference value :  8.08040e-07
 Reference value :  8.09901e-07
 Reference value :  8.10342e-07
 Reference value :  8.11320e-07
 Reference value :  8.11969e-07
 Reference value :  8.13386e-07
 Reference value :  8.14315e-07
 Reference value :  8.15938e-07
 Reference value :  8.16238e-07
 Reference value :  8.18078e-07
 Reference value :  8.18568e-07
 Reference value :  8.20140e-07
 Reference value :  8.21940e-07
 Reference value :  8.22417e-07
 Reference value :  8.23285e-07
 Reference value :  8.23896e-07
 Reference value :  8.24305e-07
 Reference value :  8.25987e-07
 Reference value :  8.26091e-07
 Reference value :  8.26815e-07
 Reference value :  8.27801e-07
 Reference value :  8.28159e-07
 Reference value :  8.29664e-07
 Reference value :  8.30196e-07
 Reference value :  8.31771e-07
 Reference value :  8.33211e-07
 Reference value :  8.34043e-07
 Reference value :  8.34933e-07
 Reference value :  8.35483e-07
 Reference value :  8.36474e-07
 Reference value :  8.37795e-07
 Reference value :  8.38163e-07
 Reference value :  8.39386e-07
 Reference value :  8.40768e-07
 Reference value :  8.41264e-07
 Reference value :  8.41721e-07
 Reference value :  8.42931e-07
 Reference value :  8.43225e-07
 Reference value :  8.44794e-07
 Reference value :  8.45485e-07
 Reference value :  8.46622e-07
 Reference value :  8.46765e-07
 Reference value :  8.47345e-07
 Reference value :  8.48847e-07
 Reference value :  8.50140e-07
 Reference value :  8.50564e-07
 Reference value :  8.52062e-07
 Reference value :  8.52237e-07
 Reference value :  8.53797e-07
 Reference value :  8.53806e-07
 Reference value :  8.54290e-07
 Reference value :  8.55614e-07
 Reference value :  8.55898e-07
 Reference value :  8.57217e-07
 Reference value :  8.57553e-07
 Reference value :  8.59183e-07
 Reference value :  8.59736e-07
 Reference value :  8.60852e-07
 Reference value :  8.62037e-07
 Reference value :  8.62933e-07
 Reference value :  8.64181e-07
 Reference value :  8.64236e-07
 Reference value :  8.64718e-07
 Reference value :  8.66161e-07
 Reference value :  8.67008e-07
 Reference value :  8.67792e-07
 Reference value :  8.68681e-07
 Reference value :  8.69727e-07
 Reference value :  8.70388e-07
 Reference value :  8.71218e-07
 Reference value :  8.72715e-07
 Reference value :  8.73658e-07
 Reference value :  8.74549e-07
 Reference value :  8.76037e-07
 Reference value :  8.76330e-07
 Reference value :  8.77741e-07
 Reference value :  8.79155e-07
 Reference value :  8.79708e-07
 Reference value :  8.80105e-07
 Reference value :  8.80821e-07
 Reference value :  8.81128e-07
 Reference value :  8.82504e-07
 Reference value :  8.82715e-07
 Reference value :  8.83037e-07
 Reference value :  8.84260e-07
 Reference value :  8.85703e-07
 Reference value :  8.86264e-07
 Reference value :  8.87509e-07
 Reference value :  8.89042e-07
 Reference value :  8.89832e-07
 Reference value :  8.90450e-07
 Reference value :  8.90732e-07
 Reference value :  8.91662e-07
 Reference value :  8.92194e-07
 Reference value :  8.92691e-07
 Reference value :  8.92929e-07
 Reference value :  8.93606e-07
 Reference value :  8.93832e-07
 Reference value :  8.95009e-07
 Reference value :  8.95473e-07
 Reference value :  8.95894e-07
 Reference value :  8.96824e-07
 Reference value :  8.98113e-07
 Reference value :  8.98520e-07
 Reference value :  8.98812e-07
 Reference value :  8.99292e-07
 Reference value :  9.00004e-07
 Reference value :  9.00287e-07
 Reference value :  9.01161e-07
 Reference value :  9.01739e-07
 Reference value :  9.02132e-07
 Reference value :  9.03218e-07
 Reference value :  9.04575e-07
 Reference value :  9.05133e-07
 Reference value :  9.05607e-07
 Reference value :  9.06383e-07
 Reference value :  9.07838e-07
 Reference value :  9.08318e-07
 Reference value :  9.09542e-07
 Reference value :  9.11004e-07
 Reference value :  9.11389e-07
 Reference value :  9.12505e-07
 Reference value :  9.13335e-07
 Reference value :  9.14274e-07
 Reference value :  9.15176e-07
 Reference value :  9.16084e-07
 Reference value :  9.17497e-07
 Reference value :  9.18150e-07
 Reference value :  9.18775e-07
 Reference value :  9.19205e-07
 Reference value :  9.20602e-07
 Reference value :  9.21033e-07
 Reference value :  9.21960e-07
 Reference value :  9.22912e-07
 Reference value :  9.23697e-07
 Reference value :  9.24274e-07
 Reference value :  9.25054e-07
 Reference value :  9.25374e-07
 Reference value :  9.26726e-07
 Reference value :  9.27373e-07
 Reference value :  9.28302e-07
 Reference value :  9.29315e-07
 Reference value :  9.29916e-07
 Reference value :  9.30862e-07
 Reference value :  9.31272e-07
 Reference value :  9.31579e-07
 Reference value :  9.32816e-07
 Reference value :  9.33260e-07
 Reference value :  9.34432e-07
 Reference value :  9.34954e-07
 Reference value :  9.35916e-07
 Reference value :  9.36262e-07
 Reference value :  9.36385e-07
 Reference value :  9.37542e-07
 Reference value :  9.38954e-07
 Reference value :  9.40054e-07
 Reference value :  9.40613e-07
 Reference value :  9.41834e-07
 Reference value :  9.42234e-07
 Reference value :  9.43393e-07
 Reference value :  9.43769e-07
 Reference value :  9.45139e-07
 Reference value :  9.45398e-07
 Reference value :  9.46251e-07
 Reference value :  9.46428e-07
 Reference value :  9.47171e-07
 Reference value :  9.48293e-07
 Reference value :  9.48501e-07
 Reference value :  9.48887e-07
 Reference value :  9.49764e-07
 Reference value :  9.51075e-07
 Reference value :  9.51497e-07
 Reference value :  9.52372e-07
 Reference value :  9.52584e-07
 Reference value :  9.53980e-07
 Reference value :  9.54650e-07
 Reference value :  9.55618e-07
 Reference value :  9.56977e-07
 Reference value :  9.57721e-07
 Reference value :  9.58409e-07
 Reference value :  9.58805e-07
 Reference value :  9.59817e-07
 Reference value :  9.60368e-07
 Reference value :  9.61146e-07
 Reference value :  9.61467e-07
 Reference value :  9.62273e-07
 Reference value :  9.62764e-07
 Reference value :  9.63511e-07
 Reference value :  9.64374e-07
 Reference value :  9.65673e-07
 Reference value :  9.66534e-07
 Reference value :  9.66941e-07
 Reference value :  9.67151e-07
 Reference value :  9.68564e-07
 Reference value :  9.69064e-07
 Reference value :  9.69923e-07
 Reference value :  9.70829e-07
 Reference value :  9.71382e-07
 Reference value :  9.71468e-07
 Reference value :  9.71856e-07
 Reference value :  9.72797e-07
 Reference value :  9.73769e-07
 Reference value :  9.74461e-07
 Reference value :  9.75178e-07
 Reference value :  9.75603e-07
 Reference value :  9.76190e-07
 Reference value :  9.77205e-07
 Reference value :  9.77672e-07
 Reference value :  9.78663e-07
 Reference value :  9.79476e-07
 Reference value :  9.80413e-07
 Reference value :  9.81694e-07
 Reference value :  9.83233e-07
 Reference value :  9.83722e-07
 Reference value :  9.84590e-07
 Reference value :  9.86121e-07
 Reference value :  9.86928e-07
 Reference value :  9.87944e-07
 Reference value :  9.89338e-07
 Reference value :  9.89900e-07
 Reference value :  9.90508e-07
 Reference value :  9.90614e-07
 Reference value :  9.90805e-07
 Reference value :  9.92038e-07
 Reference value :  9.92544e-07
 Reference value :  9.93610e-07
 Reference value :  9.93622e-07
 Reference value :  9.93834e-07
 Reference value :  9.94960e-07
 Reference value :  9.95637e-07
 Reference value :  9.96640e-07
 Reference value :  9.97091e-07
 Reference value :  9.98326e-07
 Reference value :  9.98623e-07
 Reference value :  9.98989e-07
 Reference value :  1.00002e-06
 Reference value :  1.00066e-06
 Reference value :  1.00176e-06
 Reference value :  1.00195e-06
 Reference value :  1.00262e-06
 Reference value :  1.00337e-06
 Reference value :  1.00371e-06
 Reference value :  1.00521e-06
 Reference value :  1.00566e-06
 Reference value :  1.00682e-06
 Reference value :  1.00807e-06
 Reference value :  1.00866e-06
 Reference value :  1.00970e-06
 Reference value :  1.01012e-06
 Reference value :  1.01023e-06
 Reference value :  1.01087e-06
 Reference value :  1.01220e-06
 Reference value :  1.01245e-06
 Reference value :  1.01310e-06
 Reference value :  1.01368e-06
 Reference value :  1.01493e-06
 Reference value :  1.01588e-06
 Reference value :  1.01712e-06
 Reference value :  1.01732e-06
 Reference value :  1.01891e-06
 Reference value :  1.01967e-06
 Reference value :  1.02045e-06
 Reference value :  1.02079e-06
 Reference value :  1.02234e-06
 Reference value :  1.02297e-06
 Reference value :  1.02392e-06
 Reference value :  1.02452e-06
 Reference value :  1.02578e-06
 Reference value :  1.02665e-06
 Reference value :  1.02727e-06
 Reference value :  1.02752e-06
 Reference value :  1.02918e-06
 Reference value :  1.03069e-06
 Reference value :  1.03118e-06
 Reference value :  1.03248e-06
 Reference value :  1.03341e-06
 Reference value :  1.03403e-06
 Reference value :  1.03438e-06
 Reference value :  1.03585e-06
 Reference value :  1.03657e-06
 Reference value :  1.03739e-06
 Reference value :  1.03765e-06
 Reference value :  1.03916e-06
 Reference value :  1.03963e-06
 Reference value :  1.04072e-06
 Reference value :  1.04131e-06
 Reference value :  1.04259e-06
 Reference value :  1.04389e-06
 Reference value :  1.04411e-06
 Reference value :  1.04437e-06
 Reference value :  1.04593e-06
 Reference value :  1.04724e-06
 Reference value :  1.04802e-06
 Reference value :  1.04919e-06
 Reference value :  1.05000e-06
 Reference value :  1.05061e-06
 Reference value :  1.05130e-06
 Reference value :  1.05255e-06
 Reference value :  1.05298e-06
 Reference value :  1.05384e-06
 Reference value :  1.05426e-06
 Reference value :  1.05555e-06
 Reference value :  1.05591e-06
 Reference value :  1.05685e-06
 Reference value :  1.05708e-06
 Reference value :  1.05759e-06
 Reference value :  1.05889e-06
 Reference value :  1.05981e-06
 Reference value :  1.06058e-06
 Reference value :  1.06220e-06
 Reference value :  1.06361e-06
 Reference value :  1.06364e-06
 Reference value :  1.06396e-06
 Reference value :  1.06547e-06
 Reference value :  1.06635e-06
 Reference value :  1.06723e-06
 Reference value :  1.06874e-06
 Reference value :  1.06980e-06
 Reference value :  1.07043e-06
 Reference value :  1.07110e-06
 Reference value :  1.07250e-06
 Reference value :  1.07393e-06
 Reference value :  1.07443e-06
 Reference value :  1.07601e-06
 Reference value :  1.07652e-06
 Reference value :  1.07763e-06
 Reference value :  1.07874e-06
 Reference value :  1.07965e-06
 Reference value :  1.08031e-06
 Reference value :  1.08129e-06
 Reference value :  1.08192e-06
 Reference value :  1.08344e-06
 Reference value :  1.08394e-06
 Reference value :  1.08501e-06
 Reference value :  1.08607e-06
 Reference value :  1.08732e-06
 Reference value :  1.08862e-06
 Reference value :  1.08899e-06
 Reference value :  1.08937e-06
 Reference value :  1.09120e-06
 Reference value :  1.09259e-06
 Reference value :  1.09300e-06
 Reference value :  1.09382e-06
 Reference value :  1.09535e-06
 Reference value :  1.09662e-06
 Reference value :  1.09744e-06
 Reference value :  1.09945e-06
 Reference value :  1.09988e-06
 Reference value :  1.10101e-06
 Reference value :  1.10151e-06
 Reference value :  1.10204e-06
 Reference value :  1.10381e-06
 Reference value :  1.10455e-06
 Reference value :  1.10612e-06
 Reference value :  1.10784e-06
 Reference value :  1.10846e-06
 Reference value :  1.11033e-06
 Reference value :  1.11125e-06
 Reference value :  1.11288e-06
 Reference value :  1.11374e-06
 Reference value :  1.11505e-06
 Reference value :  1.11698e-06
 Reference value :  1.11743e-06
 Reference value :  1.11782e-06
 Reference value :  1.11815e-06
 Reference value :  1.11948e-06
 Reference value :  1.12172e-06
 Reference value :  1.12206e-06
 Reference value :  1.12397e-06
 Reference value :  1.12546e-06
 Reference value :  1.12625e-06
 Reference value :  1.12816e-06
 Reference value :  1.12816e-06
 Reference value :  1.12894e-06
 Reference value :  1.13043e-06
 Reference value :  1.13159e-06
 Reference value :  1.13240e-06
 Reference value :  1.13275e-06
 Reference value :  1.13463e-06
 Reference value :  1.13510e-06
 Reference value :  1.13585e-06
 Reference value :  1.13727e-06
 Reference value :  1.13881e-06
 Reference value :  1.13952e-06
 Reference value :  1.14089e-06
 Reference value :  1.14186e-06
 Reference value :  1.14324e-06
 Reference value :  1.14470e-06
 Reference value :  1.14531e-06
 Reference value :  1.14716e-06
 Reference value :  1.14768e-06
 Reference value :  1.14900e-06
 Reference value :  1.14961e-06
 Reference value :  1.15113e-06
 Reference value :  1.15164e-06
 Reference value :  1.15302e-06
 Reference value :  1.15379e-06
 Reference value :  1.15531e-06
 Reference value :  1.15610e-06
 Reference value :  1.15721e-06
 Reference value :  1.15872e-06
 Reference value :  1.15949e-06
 Reference value :  1.16101e-06
 Reference value :  1.16152e-06
 Reference value :  1.16323e-06
 Reference value :  1.16441e-06
 Reference value :  1.16553e-06
 Reference value :  1.16724e-06
 Reference value :  1.16805e-06
 Reference value :  1.16926e-06
 Reference value :  1.16986e-06
 Reference value :  1.17159e-06
 Reference value :  1.17262e-06
 Reference value :  1.17387e-06
 Reference value :  1.17584e-06
 Reference value :  1.17694e-06
 Reference value :  1.17828e-06
 Reference value :  1.18036e-06
 Reference value :  1.18196e-06
 Reference value :  1.18272e-06
 Reference value :  1.18486e-06
 Reference value :  1.18581e-06
 Reference value :  1.18739e-06
 Reference value :  1.18895e-06
 Reference value :  1.18975e-06
 Reference value :  1.19022e-06
 Reference value :  1.19094e-06
 Reference value :  1.19219e-06
 Reference value :  1.19443e-06
 Reference value :  1.19506e-06
 Reference value :  1.19711e-06
 Reference value :  1.19777e-06
 Reference value :  1.19998e-06
 Reference value :  1.20100e-06
 Reference value :  1.20213e-06
 Reference value :  1.20339e-06
 Reference value :  1.20533e-06
 Reference value :  1.20638e-06
 Reference value :  1.20777e-06
 Reference value :  1.20808e-06
 Reference value :  1.21066e-06
 Reference value :  1.21176e-06
 Reference value :  1.21346e-06
 Reference value :  1.21523e-06
 Reference value :  1.21632e-06
 Reference value :  1.21822e-06
 Reference value :  1.21864e-06
 Reference value :  1.21897e-06
 Reference value :  1.22138e-06
 Reference value :  1.22193e-06
 Reference value :  1.22406e-06
 Reference value :  1.22505e-06
 Reference value :  1.22692e-06
 Reference value :  1.22778e-06
 Reference value :  1.22948e-06
 Reference value :  1.23183e-06
 Reference value :  1.23219e-06
 Reference value :  1.23351e-06
 Reference value :  1.23466e-06
 Reference value :  1.23699e-06
 Reference value :  1.23750e-06
 Reference value :  1.23943e-06
 Reference value :  1.24040e-06
 Reference value :  1.24215e-06
 Reference value :  1.24350e-06
 Reference value :  1.24432e-06
 Reference value :  1.24464e-06
 Reference value :  1.24673e-06
 Reference value :  1.24728e-06
 Reference value :  1.24900e-06
 Reference value :  1.24935e-06
 Reference value :  1.25023e-06
 Reference value :  1.25170e-06
 Reference value :  1.25211e-06
 Reference value :  1.25405e-06
 Reference value :  1.25623e-06
 Reference value :  1.25693e-06
 Reference value :  1.25868e-06
 Reference value :  1.26021e-06
 Reference value :  1.26095e-06
 Reference value :  1.26213e-06
 Reference value :  1.26295e-06
 Reference value :  1.26342e-06
 Reference value :  1.26547e-06
 Reference value :  1.26628e-06
 Reference value :  1.26760e-06
 Reference value :  1.26915e-06
 Reference value :  1.26980e-06
 Reference value :  1.27019e-06
 Reference value :  1.27157e-06
 Reference value :  1.27175e-06
 Reference value :  1.27236e-06
 Reference value :  1.27396e-06
 Reference value :  1.27421e-06
 Reference value :  1.27477e-06
 Reference value :  1.27619e-06
 Reference value :  1.27803e-06
 Reference value :  1.27872e-06
 Reference value :  1.28043e-06
 Reference value :  1.28147e-06
 Reference value :  1.28281e-06
 Reference value :  1.28407e-06
 Reference value :  1.28507e-06
 Reference value :  1.28685e-06
 Reference value :  1.28745e-06
 Reference value :  1.28922e-06
 Reference value :  1.28938e-06
 Reference value :  1.28972e-06
 Reference value :  1.29192e-06
 Reference value :  1.29248e-06
 Reference value :  1.29408e-06
 Reference value :  1.29444e-06
 Reference value :  1.29672e-06
 Reference value :  1.29727e-06
 Reference value :  1.29901e-06
 Reference value :  1.29934e-06
 Reference value :  1.30098e-06
 Reference value :  1.30182e-06
 Reference value :  1.30304e-06
 Reference value :  1.30384e-06
 Reference value :  1.30463e-06
 Reference value :  1.30689e-06
 Reference value :  1.30735e-06
 Reference value :  1.30922e-06
 Reference value :  1.31058e-06
 Reference value :  1.31203e-06
 Reference value :  1.31243e-06
 Reference value :  1.31389e-06
 Reference value :  1.31448e-06
 Reference value :  1.31598e-06
 Reference value :  1.31731e-06
 Reference value :  1.31900e-06
 Reference value :  1.31994e-06
 Reference value :  1.32168e-06
 Reference value :  1.32257e-06
 Reference value :  1.32468e-06
 Reference value :  1.32551e-06
 Reference value :  1.32726e-06
 Reference value :  1.32790e-06
 Reference value :  1.32971e-06
 Reference value :  1.33007e-06
 Reference value :  1.33238e-06
 Reference value :  1.33284e-06
 Reference value :  1.33466e-06
 Reference value :  1.33525e-06
 Reference value :  1.33734e-06
 Reference value :  1.33856e-06
 Reference value :  1.33992e-06
 Reference value :  1.34203e-06
 Reference value :  1.34332e-06
 Reference value :  1.34438e-06
 Reference value :  1.34627e-06
 Reference value :  1.34692e-06
 Reference value :  1.34788e-06
 Reference value :  1.34933e-06
 Reference value :  1.35096e-06
 Reference value :  1.35152e-06
 Reference value :  1.35194e-06
 Reference value :  1.35297e-06
 Reference value :  1.35377e-06
 Reference value :  1.35582e-06
 Reference value :  1.35701e-06
 Reference value :  1.35784e-06
 Reference value :  1.35810e-06
 Reference value :  1.36008e-06
 Reference value :  1.36064e-06
 Reference value :  1.36249e-06
 Reference value :  1.36440e-06
 Reference value :  1.36488e-06
 Reference value :  1.36622e-06
 Reference value :  1.36748e-06
 Reference value :  1.36920e-06
 Reference value :  1.36990e-06
 Reference value :  1.37104e-06
 Reference value :  1.37218e-06
 Reference value :  1.37330e-06
 Reference value :  1.37504e-06
 Reference value :  1.37558e-06
 Reference value :  1.37735e-06
 Reference value :  1.37859e-06
 Reference value :  1.37958e-06
 Reference value :  1.38167e-06
 Reference value :  1.38279e-06
 Reference value :  1.38341e-06
 Reference value :  1.38402e-06
 Reference value :  1.38558e-06
 Reference value :  1.38595e-06
 Reference value :  1.38648e-06
 Reference value :  1.38768e-06
 Reference value :  1.38869e-06
 Reference value :  1.38993e-06
 Reference value :  1.39056e-06
 Reference value :  1.39178e-06
 Reference value :  1.39383e-06
 Reference value :  1.39431e-06
 Reference value :  1.39598e-06
 Reference value :  1.39794e-06
 Reference value :  1.39851e-06
 Reference value :  1.40007e-06
 Reference value :  1.40077e-06
 Reference value :  1.40184e-06
 Reference value :  1.40247e-06
 Reference value :  1.40372e-06
 Reference value :  1.40471e-06
 Reference value :  1.40640e-06
 Reference value :  1.40707e-06
 Reference value :  1.40855e-06
 Reference value :  1.40857e-06
 Reference value :  1.40966e-06
 Reference value :  1.41111e-06
 Reference value :  1.41283e-06
 Reference value :  1.41330e-06
 Reference value :  1.41395e-06
 Reference value :  1.41527e-06
 Reference value :  1.41641e-06
 Reference value :  1.41760e-06
 Reference value :  1.41978e-06
 Reference value :  1.42053e-06
 Reference value :  1.42168e-06
 Reference value :  1.42195e-06
 Reference value :  1.42389e-06
 Reference value :  1.42437e-06
 Reference value :  1.42523e-06
 Reference value :  1.42621e-06
 Reference value :  1.42830e-06
 Reference value :  1.42928e-06
 Reference value :  1.43030e-06
 Reference value :  1.43058e-06
 Reference value :  1.43195e-06
 Reference value :  1.43280e-06
 Reference value :  1.43400e-06
 Reference value :  1.43565e-06
 Reference value :  1.43689e-06
 Reference value :  1.43781e-06
 Reference value :  1.43877e-06
 Reference value :  1.43940e-06
 Reference value :  1.44113e-06
 Reference value :  1.44202e-06
 Reference value :  1.44349e-06
 Reference value :  1.44502e-06
 Reference value :  1.44560e-06
 Reference value :  1.44698e-06
 Reference value :  1.44730e-06
 Reference value :  1.44901e-06
 Reference value :  1.44940e-06
 Reference value :  1.45088e-06
 Reference value :  1.45110e-06
 Reference value :  1.45233e-06
 Reference value :  1.45332e-06
 Reference value :  1.45458e-06
 Reference value :  1.45551e-06
 Reference value :  1.45644e-06
 Reference value :  1.45726e-06
 Reference value :  1.45760e-06
 Reference value :  1.45799e-06
 Reference value :  1.45824e-06
 Reference value :  1.45929e-06
 Reference value :  1.46119e-06
 Reference value :  1.46176e-06
 Reference value :  1.46314e-06
 Reference value :  1.46438e-06
 Reference value :  1.46529e-06
 Reference value :  1.46667e-06
 Reference value :  1.46689e-06
 Reference value :  1.46730e-06
 Reference value :  1.46908e-06
 Reference value :  1.46996e-06
 Reference value :  1.47078e-06
 Reference value :  1.47110e-06
 Reference value :  1.47286e-06
 Reference value :  1.47330e-06
 Reference value :  1.47468e-06
 Reference value :  1.47556e-06
 Reference value :  1.47711e-06
 Reference value :  1.47845e-06
 Reference value :  1.47918e-06
 Reference value :  1.48044e-06
 Reference value :  1.48172e-06
 Reference value :  1.48215e-06
 Reference value :  1.48255e-06
 Reference value :  1.48431e-06
 Reference value :  1.48505e-06
 Reference value :  1.48605e-06
 Reference value :  1.48753e-06
 Reference value :  1.48786e-06
 Reference value :  1.48825e-06
 Reference value :  1.48876e-06
 Reference value :  1.48967e-06
 Reference value :  1.49031e-06
 Reference value :  1.49179e-06
 Reference value :  1.49248e-06
 Reference value :  1.49329e-06
 Reference value :  1.49406e-06
 Reference value :  1.49548e-06
 Reference value :  1.49702e-06
 Reference value :  1.49704e-06
 Reference value :  1.49735e-06
 Reference value :  1.49909e-06
 Reference value :  1.49970e-06
 Reference value :  1.50085e-06
 Reference value :  1.50120e-06
 Reference value :  1.50273e-06
 Reference value :  1.50326e-06
 Reference value :  1.50473e-06
 Reference value :  1.50514e-06
 Reference value :  1.50696e-06
 Reference value :  1.50796e-06
 Reference value :  1.50908e-06
 Reference value :  1.51070e-06
 Reference value :  1.51126e-06
 Reference value :  1.51261e-06
 Reference value :  1.51294e-06
 Reference value :  1.51485e-06
 Reference value :  1.51585e-06
 Reference value :  1.51667e-06
 Reference value :  1.51703e-06
 Reference value :  1.51885e-06
 Reference value :  1.51932e-06
 Reference value :  1.52073e-06
 Reference value :  1.52134e-06
 Reference value :  1.52174e-06
 Reference value :  1.52307e-06
 Reference value :  1.52361e-06
 Reference value :  1.52499e-06
 Reference value :  1.52654e-06
 Reference value :  1.52712e-06
 Reference value :  1.52879e-06
 Reference value :  1.53008e-06
 Reference value :  1.53124e-06
 Reference value :  1.53271e-06
 Reference value :  1.53311e-06
 Reference value :  1.53493e-06
 Reference value :  1.53584e-06
 Reference value :  1.53666e-06
 Reference value :  1.53719e-06
 Reference value :  1.53887e-06
 Reference value :  1.53950e-06
 Reference value :  1.54075e-06
 Reference value :  1.54250e-06
 Reference value :  1.54313e-06
 Reference value :  1.54458e-06
 Reference value :  1.54585e-06
 Reference value :  1.54661e-06
 Reference value :  1.54825e-06
 Reference value :  1.54858e-06
 Reference value :  1.55002e-06
 Reference value :  1.55051e-06
 Reference value :  1.55187e-06
 Reference value :  1.55226e-06
 Reference value :  1.55395e-06
 Reference value :  1.55438e-06
 Reference value :  1.55551e-06
 Reference value :  1.55626e-06
 Reference value :  1.55772e-06
 Reference value :  1.55852e-06
 Reference value :  1.55955e-06
 Reference value :  1.55987e-06
 Reference value :  1.56175e-06
 Reference value :  1.56333e-06
 Reference value :  1.56405e-06
 Reference value :  1.56529e-06
 Reference value :  1.56591e-06
 Reference value :  1.56691e-06
 Reference value :  1.56718e-06
 Reference value :  1.56894e-06
 Reference value :  1.56937e-06
 Reference value :  1.57063e-06
 Reference value :  1.57142e-06
 Reference value :  1.57269e-06
 Reference value :  1.57417e-06
 Reference value :  1.57491e-06
 Reference value :  1.57634e-06
 Reference value :  1.57785e-06
 Reference value :  1.57818e-06
 Reference value :  1.57986e-06
 Reference value :  1.58045e-06
 Reference value :  1.58159e-06
 Reference value :  1.58183e-06
 Reference value :  1.58323e-06
 Reference value :  1.58376e-06
 Reference value :  1.58432e-06
 Reference value :  1.58508e-06
 Reference value :  1.58540e-06
 Reference value :  1.58705e-06
 Reference value :  1.58728e-06
 Reference value :  1.58782e-06
 Reference value :  1.58884e-06
 Reference value :  1.59011e-06
 Reference value :  1.59087e-06
 Reference value :  1.59228e-06
 Reference value :  1.59300e-06
 Reference value :  1.59425e-06
 Reference value :  1.59530e-06
 Reference value :  1.59592e-06
 Reference value :  1.59634e-06
 Reference value :  1.59808e-06
 Reference value :  1.59884e-06
 Reference value :  1.60000e-06
 Reference value :  1.60101e-06
 Reference value :  1.60207e-06
 Reference value :  1.60281e-06
 Reference value :  1.60364e-06
 Reference value :  1.60437e-06
 Reference value :  1.60588e-06
 Reference value :  1.60710e-06
 Reference value :  1.60771e-06
 Reference value :  1.60830e-06
 Reference value :  1.61002e-06
 Reference value :  1.61146e-06
 Reference value :  1.61226e-06
 Reference value :  1.61410e-06
 Reference value :  1.61465e-06
 Reference value :  1.61628e-06
 Reference value :  1.61807e-06
 Reference value :  1.61860e-06
 Reference value :  1.61988e-06
 Reference value :  1.62045e-06
 Reference value :  1.62080e-06
 Reference value :  1.62299e-06
 Reference value :  1.62406e-06
 Reference value :  1.62507e-06
 Reference value :  1.62541e-06
 Reference value :  1.62769e-06
 Reference value :  1.62820e-06
 Reference value :  1.62926e-06
 Reference value :  1.63022e-06
 Reference value :  1.63259e-06
 Reference value :  1.63297e-06
 Reference value :  1.63493e-06
 Reference value :  1.63540e-06
 Reference value :  1.63781e-06
 Reference value :  1.63816e-06
 Reference value :  1.64057e-06
 Reference value :  1.64291e-06
 Reference value :  1.64355e-06
 Reference value :  1.64582e-06
 Reference value :  1.64603e-06
 Reference value :  1.64652e-06
 Reference value :  1.64902e-06
 Reference value :  1.65002e-06
 Reference value :  1.65211e-06
 Reference value :  1.65385e-06
 Reference value :  1.65528e-06
 Reference value :  1.65679e-06
 Reference value :  1.65851e-06
 Reference value :  1.66115e-06
 Reference value :  1.66183e-06
 Reference value :  1.66400e-06
 Reference value :  1.66503e-06
 Reference value :  1.66670e-06
 Reference value :  1.66870e-06
 Reference value :  1.66908e-06
 Reference value :  1.67176e-06
 Reference value :  1.67256e-06
 Reference value :  1.67547e-06
 Reference value :  1.67641e-06
 Reference value :  1.67942e-06
 Reference value :  1.68049e-06
 Reference value :  1.68388e-06
 Reference value :  1.68434e-06
 Reference value :  1.68673e-06
 Reference value :  1.68839e-06
 Reference value :  1.69075e-06
 Reference value :  1.69270e-06
 Reference value :  1.69350e-06
 Reference value :  1.69650e-06
 Reference value :  1.69733e-06
 Reference value :  1.69843e-06
 Reference value :  1.70085e-06
 Reference value :  1.70187e-06
 Reference value :  1.70251e-06
 Reference value :  1.70391e-06
 Reference value :  1.70731e-06
 Reference value :  1.70920e-06
 Reference value :  1.71240e-06
 Reference value :  1.71357e-06
 Reference value :  1.71677e-06
 Reference value :  1.71844e-06
 Reference value :  1.72164e-06
 Reference value :  1.72259e-06
 Reference value :  1.72360e-06
 Reference value :  1.72640e-06
 Reference value :  1.72683e-06
 Reference value :  1.72848e-06
 Reference value :  1.73148e-06
 Reference value :  1.73207e-06
 Reference value :  1.73403e-06
 Reference value :  1.73585e-06
 Reference value :  1.73683e-06
 Reference value :  1.73843e-06
 Reference value :  1.74056e-06
 Reference value :  1.74152e-06
 Reference value :  1.74452e-06
 Reference value :  1.74651e-06
 Reference value :  1.74914e-06
 Reference value :  1.75000e-06
 Reference value :  1.75219e-06
 Reference value :  1.75450e-06
 Reference value :  1.75722e-06
 Reference value :  1.75931e-06
 Reference value :  1.76141e-06
 Reference value :  1.76361e-06
 Reference value :  1.76467e-06
 Reference value :  1.76665e-06
 Reference value :  1.76965e-06
 Reference value :  1.77014e-06
 Reference value :  1.77245e-06
 Reference value :  1.77465e-06
 Reference value :  1.77542e-06
 Reference value :  1.77544e-06
 Reference value :  1.77821e-06
 Reference value :  1.78141e-06
 Reference value :  1.78155e-06
 Reference value :  1.78180e-06
 Reference value :  1.78395e-06
 Reference value :  1.78769e-06
 Reference value :  1.78771e-06
 Reference value :  1.79002e-06
 Reference value :  1.79402e-06
 Reference value :  1.79482e-06
 Reference value :  1.79612e-06
 Reference value :  1.79972e-06
 Reference value :  1.80100e-06
 Reference value :  1.80173e-06
 Reference value :  1.80364e-06
 Reference value :  1.80744e-06
 Reference value :  1.80919e-06
 Reference value :  1.81202e-06
 Reference value :  1.81562e-06
 Reference value :  1.81650e-06
 Reference value :  1.81867e-06
 Reference value :  1.82207e-06
 Reference value :  1.82364e-06
 Reference value :  1.82457e-06
 Reference value :  1.82777e-06
 Reference value :  1.82897e-06
 Reference value :  1.83015e-06
 Reference value :  1.83190e-06
 Reference value :  1.83570e-06
 Reference value :  1.83665e-06
 Reference value :  1.83724e-06
 Reference value :  1.83940e-06
 Reference value :  1.84233e-06
 Reference value :  1.84502e-06
 Reference value :  1.84798e-06
 Reference value :  1.84927e-06
 Reference value :  1.85174e-06
 Reference value :  1.85309e-06
 Reference value :  1.85437e-06
 Reference value :  1.85697e-06
 Reference value :  1.85861e-06
 Reference value :  1.86177e-06
 Reference value :  1.86289e-06
 Reference value :  1.86343e-06
 Reference value :  1.86463e-06
 Reference value :  1.86623e-06
 Reference value :  1.86772e-06
 Reference value :  1.86996e-06
 Reference value :  1.87200e-06
 Reference value :  1.87425e-06
 Reference value :  1.87625e-06
 Reference value :  1.87663e-06
 Reference value :  1.87923e-06
 Reference value :  1.88100e-06
 Reference value :  1.88400e-06
 Reference value :  1.88469e-06
 Reference value :  1.88687e-06
 Reference value :  1.88767e-06
 Reference value :  1.88822e-06
 Reference value :  1.88900e-06
 Reference value :  1.89200e-06
 Reference value :  1.89242e-06
 Reference value :  1.89491e-06
 Reference value :  1.89573e-06
 Reference value :  1.89780e-06
 Reference value :  1.89979e-06
 Reference value :  1.90009e-06
 Reference value :  1.90081e-06
 Reference value :  1.90289e-06
 Reference value :  1.90445e-06
 Reference value :  1.90645e-06
 Reference value :  1.90684e-06
 Reference value :  1.90731e-06
 Reference value :  1.90779e-06
 Reference value :  1.90989e-06
 Reference value :  1.91165e-06
 Reference value :  1.91340e-06
 Reference value :  1.91526e-06
 Reference value :  1.91678e-06
 Reference value :  1.91900e-06
 Reference value :  1.92003e-06
 Reference value :  1.92157e-06
 Reference value :  1.92325e-06
 Reference value :  1.92445e-06
 Reference value :  1.92605e-06
 Reference value :  1.92668e-06
 Reference value :  1.92880e-06
 Reference value :  1.92942e-06
 Reference value :  1.92955e-06
 Reference value :  1.93138e-06
 Reference value :  1.93256e-06
 Reference value :  1.93310e-06
 Reference value :  1.93554e-06
 Reference value :  1.93676e-06
 Reference value :  1.93878e-06
 Reference value :  1.94025e-06
 Reference value :  1.94147e-06
 Reference value :  1.94164e-06
 Reference value :  1.94313e-06
 Reference value :  1.94462e-06
 Reference value :  1.94554e-06
 Reference value :  1.94757e-06
 Reference value :  1.94983e-06
 Reference value :  1.95032e-06
 Reference value :  1.95113e-06
 Reference value :  1.95303e-06
 Reference value :  1.95363e-06
 Reference value :  1.95575e-06
 Reference value :  1.95626e-06
 Reference value :  1.95645e-06
 Reference value :  1.95748e-06
 Reference value :  1.95849e-06
 Reference value :  1.95909e-06
 Reference value :  1.96126e-06
 Reference value :  1.96140e-06
 Reference value :  1.96175e-06
 Reference value :  1.96372e-06
 Reference value :  1.96528e-06
 Reference value :  1.96712e-06
 Reference value :  1.96764e-06
 Reference value :  1.96996e-06
 Reference value :  1.97027e-06
 Reference value :  1.97302e-06
 Reference value :  1.97365e-06
 Reference value :  1.97600e-06
 Reference value :  1.97751e-06
 Reference value :  1.97946e-06
 Reference value :  1.98104e-06
 Reference value :  1.98258e-06
 Reference value :  1.98381e-06
 Reference value :  1.98577e-06
 Reference value :  1.98645e-06
 Reference value :  1.98921e-06
 Reference value :  1.98923e-06
 Reference value :  1.98981e-06
 Reference value :  1.99258e-06
 Reference value :  1.99306e-06
 Reference value :  1.99441e-06
 Reference value :  1.99664e-06
 Reference value :  1.99804e-06
 Reference value :  2.00070e-06
 Reference value :  2.00156e-06
 Reference value :  2.00325e-06
 Reference value :  2.00467e-06
 Reference value :  2.00630e-06
 Reference value :  2.00890e-06
 Reference value :  2.00957e-06
 Reference value :  2.01229e-06
 Reference value :  2.01311e-06
 Reference value :  2.01401e-06
 Reference value :  2.01581e-06
 Reference value :  2.01755e-06
 Reference value :  2.01805e-06
 Reference value :  2.02050e-06
 Reference value :  2.02152e-06
 Reference value :  2.02209e-06
 Reference value :  2.02466e-06
 Reference value :  2.02600e-06
 Reference value :  2.02772e-06
 Reference value :  2.02989e-06
 Reference value :  2.03080e-06
 Reference value :  2.03220e-06
 Reference value :  2.03395e-06
 Reference value :  2.03416e-06
 Reference value :  2.03579e-06
 Reference value :  2.03775e-06
 Reference value :  2.03962e-06
 Reference value :  2.04176e-06
 Reference value :  2.04336e-06
 Reference value :  2.04536e-06
 Reference value :  2.04577e-06
 Reference value :  2.04876e-06
 Reference value :  2.04953e-06
 Reference value :  2.05011e-06
 Reference value :  2.05143e-06
 Reference value :  2.05303e-06
 Reference value :  2.05615e-06
 Reference value :  2.05661e-06
 Reference value :  2.05811e-06
 Reference value :  2.05984e-06
 Reference value :  2.06055e-06
 Reference value :  2.06334e-06
 Reference value :  2.06471e-06
 Reference value :  2.06653e-06
 Reference value :  2.06744e-06
 Reference value :  2.07004e-06
 Reference value :  2.07068e-06
 Reference value :  2.07222e-06
 Reference value :  2.07353e-06
 Reference value :  2.07596e-06
 Reference value :  2.07687e-06
 Reference value :  2.07737e-06
 Reference value :  2.07760e-06
 Reference value :  2.07808e-06
 Reference value :  2.07991e-06
 Reference value :  2.08185e-06
 Reference value :  2.08350e-06
 Reference value :  2.08493e-06
 Reference value :  2.08613e-06
 Reference value :  2.08712e-06
 Reference value :  2.08927e-06
 Reference value :  2.08983e-06
 Reference value :  2.09238e-06
 Reference value :  2.09357e-06
 Reference value :  2.09570e-06
 Reference value :  2.09677e-06
 Reference value :  2.09838e-06
 Reference value :  2.09878e-06
 Reference value :  2.10070e-06
 Reference value :  2.10144e-06
 Reference value :  2.10172e-06
 Reference value :  2.10395e-06
 Reference value :  2.10463e-06
 Reference value :  2.10729e-06
 Reference value :  2.10827e-06
 Reference value :  2.10985e-06
 Reference value :  2.11085e-06
 Reference value :  2.11262e-06
 Reference value :  2.11336e-06
 Reference value :  2.11532e-06
 Reference value :  2.11652e-06
 Reference value :  2.11815e-06
 Reference value :  2.11867e-06
 Reference value :  2.12036e-06
 Reference value :  2.12037e-06
 Reference value :  2.12147e-06
 Reference value :  2.12310e-06
 Reference value :  2.12347e-06
 Reference value :  2.12441e-06
 Reference value :  2.12516e-06
 Reference value :  2.12549e-06
 Reference value :  2.12727e-06
 Reference value :  2.12780e-06
 Reference value :  2.12816e-06
 Reference value :  2.12998e-06
 Reference value :  2.13146e-06
 Reference value :  2.13272e-06
 Reference value :  2.13321e-06
 Reference value :  2.13462e-06
 Reference value :  2.13543e-06
 Reference value :  2.13711e-06
 Reference value :  2.13825e-06
 Reference value :  2.13927e-06
 Reference value :  2.14083e-06
 Reference value :  2.14192e-06
 Reference value :  2.14373e-06
 Reference value :  2.14508e-06
 Reference value :  2.14630e-06
 Reference value :  2.14779e-06
 Reference value :  2.14902e-06
 Reference value :  2.15045e-06
 Reference value :  2.15122e-06
 Reference value :  2.15271e-06
 Reference value :  2.15466e-06
 Reference value :  2.15523e-06
 Reference value :  2.15723e-06
 Reference value :  2.15932e-06
 Reference value :  2.16002e-06
 Reference value :  2.16150e-06
 Reference value :  2.16205e-06
 Reference value :  2.16392e-06
 Reference value :  2.16444e-06
 Reference value :  2.16604e-06
 Reference value :  2.16789e-06
 Reference value :  2.16861e-06
 Reference value :  2.17035e-06
 Reference value :  2.17200e-06
 Reference value :  2.17302e-06
 Reference value :  2.17462e-06
 Reference value :  2.17509e-06
 Reference value :  2.17714e-06
 Reference value :  2.17790e-06
 Reference value :  2.17923e-06
 Reference value :  2.18115e-06
 Reference value :  2.18150e-06
 Reference value :  2.18318e-06
 Reference value :  2.18364e-06
 Reference value :  2.18559e-06
 Reference value :  2.18661e-06
 Reference value :  2.18769e-06
 Reference value :  2.18920e-06
 Reference value :  2.19016e-06
 Reference value :  2.19204e-06
 Reference value :  2.19403e-06
 Reference value :  2.19449e-06
 Reference value :  2.19607e-06
 Reference value :  2.19680e-06
 Reference value :  2.19830e-06
 Reference value :  2.19878e-06
 Reference value :  2.20014e-06
 Reference value :  2.20063e-06
 Reference value :  2.20138e-06
 Reference value :  2.20263e-06
 Reference value :  2.20460e-06
 Reference value :  2.20566e-06
 Reference value :  2.20669e-06
 Reference value :  2.20784e-06
 Reference value :  2.20865e-06
 Reference value :  2.21013e-06
 Reference value :  2.21107e-06
 Reference value :  2.21264e-06
 Reference value :  2.21298e-06
 Reference value :  2.21485e-06
 Reference value :  2.21540e-06
 Reference value :  2.21697e-06
 Reference value :  2.21875e-06
 Reference value :  2.21979e-06
 Reference value :  2.22057e-06
 Reference value :  2.22076e-06
 Reference value :  2.22115e-06
 Reference value :  2.22267e-06
 Reference value :  2.22379e-06
 Reference value :  2.22478e-06
 Reference value :  2.22637e-06
 Reference value :  2.22683e-06
 Reference value :  2.22787e-06
 Reference value :  2.22808e-06
 Reference value :  2.22885e-06
 Reference value :  2.23027e-06
 Reference value :  2.23064e-06
 Reference value :  2.23162e-06
 Reference value :  2.23174e-06
 Reference value :  2.23230e-06
 Reference value :  2.23360e-06
 Reference value :  2.23404e-06
 Reference value :  2.23532e-06
 Reference value :  2.23592e-06
 Reference value :  2.23741e-06
 Reference value :  2.23898e-06
 Reference value :  2.24020e-06
 Reference value :  2.24108e-06
 Reference value :  2.24242e-06
 Reference value :  2.24363e-06
 Reference value :  2.24478e-06
 Reference value :  2.24581e-06
 Reference value :  2.24614e-06
 Reference value :  2.24769e-06
 Reference value :  2.24812e-06
 Reference value :  2.24931e-06
 Reference value :  2.24964e-06
 Reference value :  2.25125e-06
 Reference value :  2.25209e-06
 Reference value :  2.25322e-06
 Reference value :  2.25483e-06
 Reference value :  2.25620e-06
 Reference value :  2.25664e-06
 Reference value :  2.25831e-06
 Reference value :  2.25913e-06
 Reference value :  2.25973e-06
 Reference value :  2.26003e-06
 Reference value :  2.26166e-06
 Reference value :  2.26200e-06
 Reference value :  2.26320e-06
 Reference value :  2.26322e-06
 Reference value :  2.26371e-06
 Reference value :  2.26515e-06
 Reference value :  2.26607e-06
 Reference value :  2.26670e-06
 Reference value :  2.26704e-06
 Reference value :  2.26849e-06
 Reference value :  2.26924e-06
 Reference value :  2.27059e-06
 Reference value :  2.27228e-06
 Reference value :  2.27258e-06
 Reference value :  2.27376e-06
 Reference value :  2.27417e-06
 Reference value :  2.27584e-06
 Reference value :  2.27654e-06
 Reference value :  2.27732e-06
 Reference value :  2.27777e-06
 Reference value :  2.27924e-06
 Reference value :  2.27998e-06
 Reference value :  2.28080e-06
 Reference value :  2.28106e-06
 Reference value :  2.28262e-06
 Reference value :  2.28303e-06
 Reference value :  2.28453e-06
 Reference value :  2.28600e-06
 Reference value :  2.28650e-06
 Reference value :  2.28795e-06
 Reference value :  2.28915e-06
 Reference value :  2.28998e-06
 Reference value :  2.29070e-06
 Reference value :  2.29192e-06
 Reference value :  2.29341e-06
 Reference value :  2.29491e-06
 Reference value :  2.29492e-06
 Reference value :  2.29533e-06
 Reference value :  2.29689e-06
 Reference value :  2.29771e-06
 Reference value :  2.29850e-06
 Reference value :  2.29904e-06
 Reference value :  2.30035e-06
 Reference value :  2.30085e-06
 Reference value :  2.30213e-06
 Reference value :  2.30359e-06
 Reference value :  2.30433e-06
 Reference value :  2.30574e-06
 Reference value :  2.30730e-06
 Reference value :  2.30848e-06
 Reference value :  2.30903e-06
 Reference value :  2.30956e-06
 Reference value :  2.31107e-06
 Reference value :  2.31242e-06
 Reference value :  2.31243e-06
 Reference value :  2.31294e-06
 Reference value :  2.31446e-06
 Reference value :  2.31517e-06
 Reference value :  2.31578e-06
 Reference value :  2.31609e-06
 Reference value :  2.31769e-06
 Reference value :  2.31814e-06
 Reference value :  2.31851e-06
 Reference value :  2.31916e-06
 Reference value :  2.32011e-06
 Reference value :  2.32117e-06
 Reference value :  2.32248e-06
 Reference value :  2.32249e-06
 Reference value :  2.32365e-06
 Reference value :  2.32450e-06
 Reference value :  2.32578e-06
 Reference value :  2.32636e-06
 Reference value :  2.32764e-06
 Reference value :  2.32831e-06
 Reference value :  2.32912e-06
 Reference value :  2.32977e-06
 Reference value :  2.33101e-06
 Reference value :  2.33222e-06
 Reference value :  2.33257e-06
 Reference value :  2.33401e-06
 Reference value :  2.33448e-06
 Reference value :  2.33589e-06
 Reference value :  2.33741e-06
 Reference value :  2.33806e-06
 Reference value :  2.33914e-06
 Reference value :  2.34055e-06
 Reference value :  2.34150e-06
 Reference value :  2.34213e-06
 Reference value :  2.34245e-06
 Reference value :  2.34389e-06
 Reference value :  2.34456e-06
 Reference value :  2.34542e-06
 Reference value :  2.34584e-06
 Reference value :  2.34714e-06
 Reference value :  2.34759e-06
 Reference value :  2.34798e-06
 Reference value :  2.34869e-06
 Reference value :  2.34913e-06
 Reference value :  2.35042e-06
 Reference value :  2.35097e-06
 Reference value :  2.35193e-06
 Reference value :  2.35225e-06
 Reference value :  2.35381e-06
 Reference value :  2.35508e-06
 Reference value :  2.35597e-06
 Reference value :  2.35719e-06
 Reference value :  2.35833e-06
 Reference value :  2.35854e-06
 Reference value :  2.35885e-06
 Reference value :  2.36040e-06
 Reference value :  2.36087e-06
 Reference value :  2.36184e-06
 Reference value :  2.36223e-06
 Reference value :  2.36369e-06
 Reference value :  2.36445e-06
 Reference value :  2.36538e-06
 Reference value :  2.36666e-06
 Reference value :  2.36719e-06
 Reference value :  2.36848e-06
 Reference value :  2.36919e-06
 Reference value :  2.37025e-06
 Reference value :  2.37093e-06
 Reference value :  2.37173e-06
 Reference value :  2.37222e-06
 Reference value :  2.37353e-06
 Reference value :  2.37388e-06
 Reference value :  2.37460e-06
 Reference value :  2.37503e-06
 Reference value :  2.37542e-06
 Reference value :  2.37682e-06
 Reference value :  2.37709e-06
 Reference value :  2.37752e-06
 Reference value :  2.37834e-06
 Reference value :  2.37859e-06
 Reference value :  2.37999e-06
 Reference value :  2.38043e-06
 Reference value :  2.38167e-06
 Reference value :  2.38200e-06
 Reference value :  2.38344e-06
 Reference value :  2.38415e-06
 Reference value :  2.38496e-06
 Reference value :  2.38530e-06
 Reference value :  2.38673e-06
 Reference value :  2.38719e-06
 Reference value :  2.38829e-06
 Reference value :  2.38855e-06
 Reference value :  2.39006e-06
 Reference value :  2.39066e-06
 Reference value :  2.39164e-06
 Reference value :  2.39199e-06
 Reference value :  2.39352e-06
 Reference value :  2.39404e-06
 Reference value :  2.39505e-06
 Reference value :  2.39532e-06
 Reference value :  2.39608e-06
 Reference value :  2.39694e-06
 Reference value :  2.39751e-06
 Reference value :  2.39839e-06
 Reference value :  2.39883e-06
 Reference value :  2.40025e-06
 Reference value :  2.40055e-06
 Reference value :  2.40092e-06
 Reference value :  2.40189e-06
 Reference value :  2.40256e-06
 Reference value :  2.40368e-06
 Reference value :  2.40400e-06
 Reference value :  2.40510e-06
 Reference value :  2.40559e-06
 Reference value :  2.40717e-06
 Reference value :  2.40776e-06
 Reference value :  2.40861e-06
 Reference value :  2.40889e-06
 Reference value :  2.41048e-06
 Reference value :  2.41133e-06
 Reference value :  2.41196e-06
 Reference value :  2.41229e-06
 Reference value :  2.41376e-06
 Reference value :  2.41455e-06
 Reference value :  2.41537e-06
 Reference value :  2.41552e-06
 Reference value :  2.41674e-06
 Reference value :  2.41769e-06
 Reference value :  2.41886e-06
 Reference value :  2.41925e-06
 Reference value :  2.42091e-06
 Reference value :  2.42231e-06
 Reference value :  2.42232e-06
 Reference value :  2.42265e-06
 Reference value :  2.42425e-06
 Reference value :  2.42539e-06
 Reference value :  2.42580e-06
 Reference value :  2.42620e-06
 Reference value :  2.42782e-06
 Reference value :  2.42844e-06
 Reference value :  2.42933e-06
 Reference value :  2.42996e-06
 Reference value :  2.43128e-06
 Reference value :  2.43175e-06
 Reference value :  2.43301e-06
 Reference value :  2.43462e-06
 Reference value :  2.43510e-06
 Reference value :  2.43640e-06
 Reference value :  2.43788e-06
 Reference value :  2.43838e-06
 Reference value :  2.43891e-06
 Reference value :  2.43999e-06
 Reference value :  2.44154e-06
 Reference value :  2.44261e-06
 Reference value :  2.44323e-06
 Reference value :  2.44490e-06
 Reference value :  2.44528e-06
 Reference value :  2.44663e-06
 Reference value :  2.44781e-06
 Reference value :  2.44878e-06
 Reference value :  2.45001e-06
 Reference value :  2.45098e-06
 Reference value :  2.45205e-06
 Reference value :  2.45357e-06
 Reference value :  2.45457e-06
 Reference value :  2.45565e-06
 Reference value :  2.45660e-06
 Reference value :  2.45698e-06
 Reference value :  2.45731e-06
 Reference value :  2.45875e-06
 Reference value :  2.45913e-06
 Reference value :  2.45948e-06
 Reference value :  2.46043e-06
 Reference value :  2.46082e-06
 Reference value :  2.46224e-06
 Reference value :  2.46265e-06
 Reference value :  2.46405e-06
 Reference value :  2.46507e-06
 Reference value :  2.46611e-06
 Reference value :  2.46746e-06
 Reference value :  2.46747e-06
 Reference value :  2.46790e-06
 Reference value :  2.46957e-06
 Reference value :  2.47097e-06
 Reference value :  2.47099e-06
 Reference value :  2.47135e-06
 Reference value :  2.47298e-06
 Reference value :  2.47378e-06
 Reference value :  2.47457e-06
 Reference value :  2.47523e-06
 Reference value :  2.47649e-06
 Reference value :  2.47742e-06
 Reference value :  2.47805e-06
 Reference value :  2.47837e-06
 Reference value :  2.47993e-06
 Reference value :  2.48079e-06
 Reference value :  2.48160e-06
 Reference value :  2.48220e-06
 Reference value :  2.48357e-06
 Reference value :  2.48419e-06
 Reference value :  2.48516e-06
 Reference value :  2.48518e-06
 Reference value :  2.48544e-06
 Reference value :  2.48701e-06
 Reference value :  2.48737e-06
 Reference value :  2.48804e-06
 Reference value :  2.48865e-06
 Reference value :  2.48897e-06
 Reference value :  2.49073e-06
 Reference value :  2.49144e-06
 Reference value :  2.49223e-06
 Reference value :  2.49304e-06
 Reference value :  2.49447e-06
 Reference value :  2.49591e-06
 Reference value :  2.49625e-06
 Reference value :  2.49796e-06
 Reference value :  2.49882e-06
 Reference value :  2.49964e-06
 Reference value :  2.50001e-06
 Reference value :  2.50101e-06
 Reference value :  2.50191e-06
 Reference value :  2.50351e-06
 Reference value :  2.50354e-06
 Reference value :  2.50413e-06
 Reference value :  2.50585e-06
 Reference value :  2.50640e-06
 Reference value :  2.50755e-06
 Reference value :  2.50789e-06
 Reference value :  2.50977e-06
 Reference value :  2.51048e-06
 Reference value :  2.51168e-06
 Reference value :  2.51201e-06
 Reference value :  2.51385e-06
 Reference value :  2.51423e-06
 Reference value :  2.51579e-06
 Reference value :  2.51663e-06
 Reference value :  2.51829e-06
 Reference value :  2.51944e-06
 Reference value :  2.52037e-06
 Reference value :  2.52205e-06
 Reference value :  2.52250e-06
 Reference value :  2.52296e-06
 Reference value :  2.52434e-06
 Reference value :  2.52611e-06
 Reference value :  2.52665e-06
 Reference value :  2.52815e-06
 Reference value :  2.52849e-06
 Reference value :  2.53049e-06
 Reference value :  2.53219e-06
 Reference value :  2.53345e-06
 Reference value :  2.53448e-06
 Reference value :  2.53548e-06
 Reference value :  2.53674e-06
 Reference value :  2.53856e-06
 Reference value :  2.53901e-06
 Reference value :  2.54058e-06
 Reference value :  2.54122e-06
 Reference value :  2.54278e-06
 Reference value :  2.54355e-06
 Reference value :  2.54476e-06
 Reference value :  2.54509e-06
 Reference value :  2.54691e-06
 Reference value :  2.54778e-06
 Reference value :  2.54926e-06
 Reference value :  2.55113e-06
 Reference value :  2.55191e-06
 Reference value :  2.55323e-06
 Reference value :  2.55478e-06
 Reference value :  2.55538e-06
 Reference value :  2.55586e-06
 Reference value :  2.55718e-06
 Reference value :  2.55816e-06
 Reference value :  2.55971e-06
 Reference value :  2.56124e-06
 Reference value :  2.56159e-06
 Reference value :  2.56347e-06
 Reference value :  2.56395e-06
 Reference value :  2.56544e-06
 Reference value :  2.56600e-06
 Reference value :  2.56768e-06
 Reference value :  2.56837e-06
 Reference value :  2.56959e-06
 Reference value :  2.57080e-06
 Reference value :  2.57199e-06
 Reference value :  2.57329e-06
 Reference value :  2.57369e-06
 Reference value :  2.57382e-06
 Reference value :  2.57573e-06
 Reference value :  2.57649e-06
 Reference value :  2.57768e-06
 Reference value :  2.57815e-06
 Reference value :  2.57987e-06
 Reference value :  2.58035e-06
 Reference value :  2.58180e-06
 Reference value :  2.58214e-06
 Reference value :  2.58403e-06
 Reference value :  2.58448e-06
 Reference value :  2.58560e-06
 Reference value :  2.58667e-06
 Reference value :  2.58801e-06
 Reference value :  2.58846e-06
 Reference value :  2.58888e-06
 Reference value :  2.59014e-06
 Reference value :  2.59188e-06
 Reference value :  2.59228e-06
 Reference value :  2.59335e-06
 Reference value :  2.59482e-06
 Reference value :  2.59624e-06
 Reference value :  2.59734e-06
 Reference value :  2.59817e-06
 Reference value :  2.59850e-06
 Reference value :  2.60030e-06
 Reference value :  2.60074e-06
 Reference value :  2.60184e-06
 Reference value :  2.60278e-06
 Reference value :  2.60299e-06
 Reference value :  2.60491e-06
 Reference value :  2.60552e-06
 Reference value :  2.60717e-06
 Reference value :  2.60837e-06
 Reference value :  2.60946e-06
 Reference value :  2.61008e-06
 Reference value :  2.61154e-06
 Reference value :  2.61190e-06
 Reference value :  2.61395e-06
 Reference value :  2.61464e-06
 Reference value :  2.61606e-06
 Reference value :  2.61651e-06
 Reference value :  2.61844e-06
 Reference value :  2.61902e-06
 Reference value :  2.62061e-06
 Reference value :  2.62119e-06
 Reference value :  2.62276e-06
 Reference value :  2.62346e-06
 Reference value :  2.62529e-06
 Reference value :  2.62531e-06
 Reference value :  2.62659e-06
 Reference value :  2.62788e-06
 Reference value :  2.62840e-06
 Reference value :  2.62987e-06
 Reference value :  2.63095e-06
 Reference value :  2.63241e-06
 Reference value :  2.63419e-06
 Reference value :  2.63440e-06
 Reference value :  2.63473e-06
 Reference value :  2.63692e-06
 Reference value :  2.63766e-06
 Reference value :  2.63919e-06
 Reference value :  2.64009e-06
 Reference value :  2.64150e-06
 Reference value :  2.64232e-06
 Reference value :  2.64354e-06
 Reference value :  2.64397e-06
 Reference value :  2.64588e-06
 Reference value :  2.64631e-06
 Reference value :  2.64811e-06
 Reference value :  2.64906e-06
 Reference value :  2.65044e-06
 Reference value :  2.65135e-06
 Reference value :  2.65275e-06
 Reference value :  2.65488e-06
 Reference value :  2.65530e-06
 Reference value :  2.65715e-06
 Reference value :  2.65747e-06
 Reference value :  2.65932e-06
 Reference value :  2.65953e-06
 Reference value :  2.65999e-06
 Reference value :  2.66151e-06
 Reference value :  2.66153e-06
 Reference value :  2.66189e-06
 Reference value :  2.66378e-06
 Reference value :  2.66438e-06
 Reference value :  2.66481e-06
 Reference value :  2.66640e-06
 Reference value :  2.66831e-06
 Reference value :  2.66942e-06
 Reference value :  2.67059e-06
 Reference value :  2.67254e-06
 Reference value :  2.67292e-06
 Reference value :  2.67475e-06
 Reference value :  2.67692e-06
 Reference value :  2.67757e-06
 Reference value :  2.67910e-06
 Reference value :  2.67912e-06
 Reference value :  2.68063e-06
 Reference value :  2.68121e-06
 Reference value :  2.68165e-06
 Reference value :  2.68346e-06
 Reference value :  2.68500e-06
 Reference value :  2.68598e-06
 Reference value :  2.68771e-06
 Reference value :  2.68821e-06
 Reference value :  2.68995e-06
 Reference value :  2.69046e-06
 Reference value :  2.69215e-06
 Reference value :  2.69292e-06
 Reference value :  2.69442e-06
 Reference value :  2.69501e-06
 Reference value :  2.69631e-06
 Reference value :  2.69744e-06
 Reference value :  2.69869e-06
 Reference value :  2.69906e-06
 Reference value :  2.69957e-06
 Reference value :  2.70072e-06
 Reference value :  2.70116e-06
 Reference value :  2.70271e-06
 Reference value :  2.70327e-06
 Reference value :  2.70495e-06
 Reference value :  2.70542e-06
 Reference value :  2.70727e-06
 Reference value :  2.70762e-06
 Reference value :  2.70938e-06
 Reference value :  2.70940e-06
 Reference value :  2.71031e-06
 Reference value :  2.71179e-06
 Reference value :  2.71320e-06
 Reference value :  2.71378e-06
 Reference value :  2.71391e-06
 Reference value :  2.71599e-06
 Reference value :  2.71671e-06
 Reference value :  2.71811e-06
 Reference value :  2.71870e-06
 Reference value :  2.72044e-06
 Reference value :  2.72095e-06
 Reference value :  2.72263e-06
 Reference value :  2.72360e-06
 Reference value :  2.72499e-06
 Reference value :  2.72654e-06
 Reference value :  2.72691e-06
 Reference value :  2.72799e-06
 Reference value :  2.72933e-06
 Reference value :  2.73089e-06
 Reference value :  2.73213e-06
 Reference value :  2.73369e-06
 Reference value :  2.73439e-06
 Reference value :  2.73569e-06
 Reference value :  2.73656e-06
 Reference value :  2.73792e-06
 Reference value :  2.73837e-06
 Reference value :  2.74003e-06
 Reference value :  2.74089e-06
 Reference value :  2.74257e-06
 Reference value :  2.74434e-06
 Reference value :  2.74435e-06
 Reference value :  2.74480e-06
 Reference value :  2.74669e-06
 Reference value :  2.74852e-06
 Reference value :  2.74905e-06
 Reference value :  2.75023e-06
 Reference value :  2.75129e-06
 Reference value :  2.75308e-06
 Reference value :  2.75393e-06
 Reference value :  2.75525e-06
 Reference value :  2.75617e-06
 Reference value :  2.75720e-06
 Reference value :  2.75797e-06
 Reference value :  2.75963e-06
 Reference value :  2.76110e-06
 Reference value :  2.76195e-06
 Reference value :  2.76378e-06
 Reference value :  2.76424e-06
 Reference value :  2.76585e-06
 Reference value :  2.76627e-06
 Reference value :  2.76817e-06
 Reference value :  2.76863e-06
 Reference value :  2.77022e-06
 Reference value :  2.77056e-06
 Reference value :  2.77243e-06
 Reference value :  2.77299e-06
 Reference value :  2.77382e-06
 Reference value :  2.77443e-06
 Reference value :  2.77476e-06
 Reference value :  2.77659e-06
 Reference value :  2.77710e-06
 Reference value :  2.77865e-06
 Reference value :  2.77884e-06
 Reference value :  2.78048e-06
 Reference value :  2.78124e-06
 Reference value :  2.78304e-06
 Reference value :  2.78512e-06
 Reference value :  2.78577e-06
 Reference value :  2.78709e-06
 Reference value :  2.78812e-06
 Reference value :  2.78957e-06
 Reference value :  2.79086e-06
 Reference value :  2.79128e-06
 Reference value :  2.79168e-06
 Reference value :  2.79352e-06
 Reference value :  2.79414e-06
 Reference value :  2.79555e-06
 Reference value :  2.79590e-06
 Reference value :  2.79778e-06
 Reference value :  2.79846e-06
 Reference value :  2.79942e-06
 Reference value :  2.80024e-06
 Reference value :  2.80124e-06
 Reference value :  2.80233e-06
 Reference value :  2.80329e-06
 Reference value :  2.80391e-06
 Reference value :  2.80437e-06
 Reference value :  2.80606e-06
 Reference value :  2.80644e-06
 Reference value :  2.80705e-06
 Reference value :  2.80818e-06
 Reference value :  2.80962e-06
 Reference value :  2.81052e-06
 Reference value :  2.81205e-06
 Reference value :  2.81243e-06
 Reference value :  2.81430e-06
 Reference value :  2.81532e-06
 Reference value :  2.81613e-06
 Reference value :  2.81644e-06
 Reference value :  2.81826e-06
 Reference value :  2.81923e-06
 Reference value :  2.82044e-06
 Reference value :  2.82223e-06
 Reference value :  2.82276e-06
 Reference value :  2.82411e-06
 Reference value :  2.82442e-06
 Reference value :  2.82624e-06
 Reference value :  2.82673e-06
 Reference value :  2.82839e-06
 Reference value :  2.83029e-06
 Reference value :  2.83081e-06
 Reference value :  2.83230e-06
 Reference value :  2.83405e-06
 Reference value :  2.83439e-06
 Reference value :  2.83558e-06
 Reference value :  2.83647e-06
 Reference value :  2.83810e-06
 Reference value :  2.83854e-06
 Reference value :  2.83993e-06
 Reference value :  2.84020e-06
 Reference value :  2.84199e-06
 Reference value :  2.84238e-06
 Reference value :  2.84302e-06
 Reference value :  2.84400e-06
 Reference value :  2.84436e-06
 Reference value :  2.84619e-06
 Reference value :  2.84739e-06
 Reference value :  2.84864e-06
 Reference value :  2.85014e-06
 Reference value :  2.85179e-06
 Reference value :  2.85241e-06
 Reference value :  2.85389e-06
 Reference value :  2.85476e-06
 Reference value :  2.85599e-06
 Reference value :  2.85772e-06
 Reference value :  2.85804e-06
 Reference value :  2.85949e-06
 Reference value :  2.86042e-06
 Reference value :  2.86191e-06
 Reference value :  2.86352e-06
 Reference value :  2.86379e-06
 Reference value :  2.86557e-06
 Reference value :  2.86605e-06
 Reference value :  2.86708e-06
 Reference value :  2.86750e-06
 Reference value :  2.86784e-06
 Reference value :  2.86957e-06
 Reference value :  2.87011e-06
 Reference value :  2.87145e-06
 Reference value :  2.87181e-06
 Reference value :  2.87344e-06
 Reference value :  2.87383e-06
 Reference value :  2.87511e-06
 Reference value :  2.87575e-06
 Reference value :  2.87753e-06
 Reference value :  2.87828e-06
 Reference value :  2.87931e-06
 Reference value :  2.87967e-06
 Reference value :  2.88143e-06
 Reference value :  2.88191e-06
 Reference value :  2.88353e-06
 Reference value :  2.88530e-06
 Reference value :  2.88617e-06
 Reference value :  2.88736e-06
 Reference value :  2.88867e-06
 Reference value :  2.88936e-06
 Reference value :  2.88982e-06
 Reference value :  2.89105e-06
 Reference value :  2.89145e-06
 Reference value :  2.89325e-06
 Reference value :  2.89467e-06
 Reference value :  2.89571e-06
 Reference value :  2.89706e-06
 Reference value :  2.89754e-06
 Reference value :  2.89887e-06
 Reference value :  2.89922e-06
 Reference value :  2.90097e-06
 Reference value :  2.90149e-06
 Reference value :  2.90240e-06
 Reference value :  2.90281e-06
 Reference value :  2.90340e-06
 Reference value :  2.90488e-06
 Reference value :  2.90527e-06
 Reference value :  2.90593e-06
 Reference value :  2.90679e-06
 Reference value :  2.90727e-06
 Reference value :  2.90818e-06
 Reference value :  2.90891e-06
 Reference value :  2.90968e-06
 Reference value :  2.91086e-06
 Reference value :  2.91259e-06
 Reference value :  2.91318e-06
 Reference value :  2.91468e-06
 Reference value :  2.91645e-06
 Reference value :  2.91727e-06
 Reference value :  2.91824e-06
 Reference value :  2.91857e-06
 Reference value :  2.92042e-06
 Reference value :  2.92167e-06
 Reference value :  2.92224e-06
 Reference value :  2.92393e-06
 Reference value :  2.92424e-06
 Reference value :  2.92525e-06
 Reference value :  2.92580e-06
 Reference value :  2.92660e-06
 Reference value :  2.92802e-06
 Reference value :  2.92895e-06
 Reference value :  2.92956e-06
 Reference value :  2.92989e-06
 Reference value :  2.93157e-06
 Reference value :  2.93208e-06
 Reference value :  2.93332e-06
 Reference value :  2.93374e-06
 Reference value :  2.93470e-06
 Reference value :  2.93547e-06
 Reference value :  2.93608e-06
 Reference value :  2.93708e-06
 Reference value :  2.93741e-06
 Reference value :  2.93918e-06
 Reference value :  2.93956e-06
 Reference value :  2.94085e-06
 Reference value :  2.94088e-06
 Reference value :  2.94121e-06
 Reference value :  2.94311e-06
 Reference value :  2.94456e-06
 Reference value :  2.94504e-06
 Reference value :  2.94663e-06
 Reference value :  2.94679e-06
 Reference value :  2.94789e-06
 Reference value :  2.94900e-06
 Reference value :  2.95031e-06
 Reference value :  2.95075e-06
 Reference value :  2.95215e-06
 Reference value :  2.95245e-06
 Reference value :  2.95421e-06
 Reference value :  2.95533e-06
 Reference value :  2.95590e-06
 Reference value :  2.95673e-06
 Reference value :  2.95800e-06
 Reference value :  2.95938e-06
 Reference value :  2.96011e-06
 Reference value :  2.96176e-06
 Reference value :  2.96281e-06
 Reference value :  2.96342e-06
 Reference value :  2.96423e-06
 Reference value :  2.96550e-06
 Reference value :  2.96622e-06
 Reference value :  2.96721e-06
 Reference value :  2.96750e-06
 Reference value :  2.96911e-06
 Reference value :  2.96958e-06
 Reference value :  2.97046e-06
 Reference value :  2.97088e-06
 Reference value :  2.97122e-06
 Reference value :  2.97306e-06
 Reference value :  2.97444e-06
 Reference value :  2.97466e-06
 Reference value :  2.97493e-06
 Reference value :  2.97653e-06
 Reference value :  2.97714e-06
 Reference value :  2.97844e-06
 Reference value :  2.97877e-06
 Reference value :  2.98061e-06
 Reference value :  2.98124e-06
 Reference value :  2.98222e-06
 Reference value :  2.98248e-06
 Reference value :  2.98429e-06
 Reference value :  2.98462e-06
 Reference value :  2.98600e-06
 Reference value :  2.98640e-06
 Reference value :  2.98806e-06
 Reference value :  2.98868e-06
 Reference value :  2.98980e-06
 Reference value :  2.99005e-06
 Reference value :  2.99187e-06
 Reference value :  2.99263e-06
 Reference value :  2.99360e-06
 Reference value :  2.99413e-06
 Reference value :  2.99578e-06
 Reference value :  2.99653e-06
 Reference value :  2.99745e-06
 Reference value :  2.99863e-06
 Reference value :  2.99975e-06
No. of Data Rows : 21897
sim/harness: analysis complete
Note: Simulation executed from .control section 
Warning: singular matrix:  check node xxxtop.xxdiv.xcnt5.a_761_289#

Note: Starting dynamic gmin stepping
Note: Dynamic gmin stepping completed
