
Note: Compatibility modes selected: hs a


Circuit: ** sch_path: /home/ubuntu/github/sky130-pll/sim/pll-lock/testbench/tb_pll_lock.sch

option SCALE: Scale is set to 1e-06 for instance and model parameters
option SCALE: Scale is set to 1e-06 for instance and model parameters
option SCALE: Scale is set to 1e-06 for instance and model parameters
option SCALE: Scale is set to 1e-06 for instance and model parameters
Doing analysis at TEMP = 125.000000 and TNOM = 27.000000

Using KLU as Direct Linear Solver
 Reference value :  0.00000e+00
 Reference value :  1.01328e-09
 Reference value :  4.89959e-09
 Reference value :  7.30000e-09
 Reference value :  1.13000e-08
 Reference value :  1.47000e-08
 Reference value :  1.97000e-08
 Reference value :  2.55000e-08
 Reference value :  3.05000e-08
 Reference value :  3.63000e-08
 Reference value :  4.13000e-08
 Reference value :  4.69000e-08
 Reference value :  5.00000e-08
 Reference value :  5.38131e-08
 Reference value :  5.94131e-08
 Reference value :  6.44131e-08
 Reference value :  7.00131e-08
 Reference value :  7.48131e-08
 Reference value :  8.00131e-08
 Reference value :  8.54131e-08
 Reference value :  9.06131e-08
 Reference value :  9.42131e-08
 Reference value :  9.48131e-08
 Reference value :  9.54131e-08
 Reference value :  9.82131e-08
 Reference value :  1.01013e-07
 Reference value :  1.04995e-07
 Reference value :  1.08995e-07
 Reference value :  1.12795e-07
 Reference value :  1.16795e-07
 Reference value :  1.20795e-07
 Reference value :  1.24795e-07
 Reference value :  1.29595e-07
 Reference value :  1.34395e-07
 Reference value :  1.40195e-07
 Reference value :  1.45595e-07
 Reference value :  1.49850e-07
 Reference value :  1.53413e-07
 Reference value :  1.58413e-07
 Reference value :  1.63813e-07
 Reference value :  1.69213e-07
 Reference value :  1.75013e-07
 Reference value :  1.80613e-07
 Reference value :  1.85213e-07
 Reference value :  1.88013e-07
 Reference value :  1.93413e-07
 Reference value :  1.99213e-07
 Reference value :  2.01195e-07
 Reference value :  2.05795e-07
 Reference value :  2.09595e-07
 Reference value :  2.13595e-07
 Reference value :  2.17595e-07
 Reference value :  2.21195e-07
 Reference value :  2.25995e-07
 Reference value :  2.30395e-07
 Reference value :  2.36195e-07
 Reference value :  2.41195e-07
 Reference value :  2.46595e-07
 Reference value :  2.50000e-07
 Reference value :  2.53413e-07
 Reference value :  2.59013e-07
 Reference value :  2.64013e-07
 Reference value :  2.69813e-07
 Reference value :  2.75013e-07
 Reference value :  2.80813e-07
 Reference value :  2.86613e-07
 Reference value :  2.92013e-07
 Reference value :  2.97813e-07
 Reference value :  3.00972e-07
 Reference value :  3.04795e-07
 Reference value :  3.08395e-07
 Reference value :  3.12395e-07
 Reference value :  3.16395e-07
 Reference value :  3.19995e-07
 Reference value :  3.24395e-07
 Reference value :  3.28995e-07
 Reference value :  3.33195e-07
 Reference value :  3.38595e-07
 Reference value :  3.44395e-07
 Reference value :  3.49140e-07
 Reference value :  3.51813e-07
 Reference value :  3.56813e-07
 Reference value :  3.61213e-07
 Reference value :  3.66613e-07
 Reference value :  3.71813e-07
 Reference value :  3.77613e-07
 Reference value :  3.83413e-07
 Reference value :  3.88813e-07
 Reference value :  3.94413e-07
 Reference value :  3.99613e-07
 Reference value :  4.01595e-07
 Reference value :  4.05795e-07
 Reference value :  4.09795e-07
 Reference value :  4.13795e-07
 Reference value :  4.16995e-07
 Reference value :  4.20995e-07
 Reference value :  4.24995e-07
 Reference value :  4.29795e-07
 Reference value :  4.34995e-07
 Reference value :  4.40795e-07
 Reference value :  4.45995e-07
 Reference value :  4.49850e-07
 Reference value :  4.53413e-07
 Reference value :  4.58213e-07
 Reference value :  4.63613e-07
 Reference value :  4.68613e-07
 Reference value :  4.74413e-07
 Reference value :  4.79413e-07
 Reference value :  4.82413e-07
 Reference value :  4.88413e-07
 Reference value :  4.93613e-07
 Reference value :  4.99213e-07
 Reference value :  5.01195e-07
 Reference value :  5.05795e-07
 Reference value :  5.09795e-07
 Reference value :  5.13395e-07
 Reference value :  5.17395e-07
 Reference value :  5.20995e-07
 Reference value :  5.25595e-07
 Reference value :  5.29595e-07
 Reference value :  5.35195e-07
 Reference value :  5.40995e-07
 Reference value :  5.46395e-07
 Reference value :  5.50000e-07
 Reference value :  5.53413e-07
 Reference value :  5.58813e-07
 Reference value :  5.64013e-07
 Reference value :  5.69813e-07
 Reference value :  5.75613e-07
 Reference value :  5.80613e-07
 Reference value :  5.86413e-07
 Reference value :  5.91413e-07
 Reference value :  5.96213e-07
 Reference value :  5.98213e-07
 Reference value :  6.01013e-07
 Reference value :  6.05395e-07
 Reference value :  6.08995e-07
 Reference value :  6.12995e-07
 Reference value :  6.16795e-07
 Reference value :  6.20795e-07
 Reference value :  6.24995e-07
 Reference value :  6.29795e-07
 Reference value :  6.35395e-07
 Reference value :  6.40795e-07
 Reference value :  6.46195e-07
 Reference value :  6.49850e-07
 Reference value :  6.53413e-07
 Reference value :  6.58613e-07
 Reference value :  6.64013e-07
 Reference value :  6.69813e-07
 Reference value :  6.75013e-07
 Reference value :  6.80813e-07
 Reference value :  6.85613e-07
 Reference value :  6.91413e-07
 Reference value :  6.96813e-07
 Reference value :  7.00850e-07
 Reference value :  7.04195e-07
 Reference value :  7.07995e-07
 Reference value :  7.11995e-07
 Reference value :  7.15195e-07
 Reference value :  7.19195e-07
 Reference value :  7.22995e-07
 Reference value :  7.27795e-07
 Reference value :  7.32995e-07
 Reference value :  7.38395e-07
 Reference value :  7.44195e-07
 Reference value :  7.49020e-07
 Reference value :  7.51813e-07
 Reference value :  7.56413e-07
 Reference value :  7.62013e-07
 Reference value :  7.67813e-07
 Reference value :  7.72613e-07
 Reference value :  7.78413e-07
 Reference value :  7.83413e-07
 Reference value :  7.89213e-07
 Reference value :  7.94013e-07
 Reference value :  7.99213e-07
 Reference value :  8.01091e-07
 Reference value :  8.05395e-07
 Reference value :  8.09395e-07
 Reference value :  8.12995e-07
 Reference value :  8.16995e-07
 Reference value :  8.20595e-07
 Reference value :  8.24995e-07
 Reference value :  8.29795e-07
 Reference value :  8.34995e-07
 Reference value :  8.40795e-07
 Reference value :  8.45995e-07
 Reference value :  8.50000e-07
 Reference value :  8.53213e-07
 Reference value :  8.58613e-07
 Reference value :  8.64013e-07
 Reference value :  8.69013e-07
 Reference value :  8.74813e-07
 Reference value :  8.80013e-07
 Reference value :  8.85813e-07
 Reference value :  8.90813e-07
 Reference value :  8.96613e-07
 Reference value :  9.00850e-07
 Reference value :  9.01595e-07
 Reference value :  9.04795e-07
 Reference value :  9.08195e-07
 Reference value :  9.12195e-07
 Reference value :  9.15795e-07
 Reference value :  9.19795e-07
 Reference value :  9.23795e-07
 Reference value :  9.28595e-07
 Reference value :  9.33795e-07
 Reference value :  9.39395e-07
 Reference value :  9.45195e-07
 Reference value :  9.49500e-07
 Reference value :  9.52613e-07
 Reference value :  9.57213e-07
 Reference value :  9.62613e-07
 Reference value :  9.68213e-07
 Reference value :  9.73213e-07
 Reference value :  9.79013e-07
 Reference value :  9.83813e-07
 Reference value :  9.89613e-07
 Reference value :  9.94413e-07
 Reference value :  1.00002e-06
 Reference value :  1.00179e-06
 Reference value :  1.00599e-06
 Reference value :  1.00999e-06
 Reference value :  1.01339e-06
 Reference value :  1.01739e-06
 Reference value :  1.02119e-06
 Reference value :  1.02579e-06
 Reference value :  1.03039e-06
 Reference value :  1.03559e-06
 Reference value :  1.04139e-06
 Reference value :  1.04559e-06
 Reference value :  1.04985e-06
 Reference value :  1.05301e-06
 Reference value :  1.05821e-06
 Reference value :  1.06361e-06
 Reference value :  1.06821e-06
 Reference value :  1.07401e-06
 Reference value :  1.07921e-06
 Reference value :  1.08481e-06
 Reference value :  1.09021e-06
 Reference value :  1.09601e-06
 Reference value :  1.10070e-06
 Reference value :  1.10299e-06
 Reference value :  1.10739e-06
 Reference value :  1.11059e-06
 Reference value :  1.11459e-06
 Reference value :  1.11819e-06
 Reference value :  1.12219e-06
 Reference value :  1.12699e-06
 Reference value :  1.13039e-06
 Reference value :  1.13419e-06
 Reference value :  1.13919e-06
 Reference value :  1.14499e-06
 Reference value :  1.14930e-06
 Reference value :  1.15241e-06
 Reference value :  1.15761e-06
 Reference value :  1.16241e-06
 Reference value :  1.16821e-06
 Reference value :  1.17361e-06
 Reference value :  1.17941e-06
 Reference value :  1.18481e-06
 Reference value :  1.19061e-06
 Reference value :  1.19581e-06
 Reference value :  1.20030e-06
 Reference value :  1.20279e-06
 Reference value :  1.20699e-06
 Reference value :  1.21099e-06
 Reference value :  1.21439e-06
 Reference value :  1.21839e-06
 Reference value :  1.22239e-06
 Reference value :  1.22539e-06
 Reference value :  1.23019e-06
 Reference value :  1.23539e-06
 Reference value :  1.24119e-06
 Reference value :  1.24639e-06
 Reference value :  1.25000e-06
 Reference value :  1.25381e-06
 Reference value :  1.25861e-06
 Reference value :  1.26401e-06
 Reference value :  1.26761e-06
 Reference value :  1.27341e-06
 Reference value :  1.27881e-06
 Reference value :  1.28461e-06
 Reference value :  1.29021e-06
 Reference value :  1.29581e-06
 Reference value :  1.30070e-06
 Reference value :  1.30299e-06
 Reference value :  1.30739e-06
 Reference value :  1.31099e-06
 Reference value :  1.31499e-06
 Reference value :  1.31859e-06
 Reference value :  1.32239e-06
 Reference value :  1.32679e-06
 Reference value :  1.32999e-06
 Reference value :  1.33559e-06
 Reference value :  1.34099e-06
 Reference value :  1.34679e-06
 Reference value :  1.35002e-06
 Reference value :  1.35421e-06
 Reference value :  1.35981e-06
 Reference value :  1.36481e-06
 Reference value :  1.37061e-06
 Reference value :  1.37581e-06
 Reference value :  1.38161e-06
 Reference value :  1.38701e-06
 Reference value :  1.39281e-06
 Reference value :  1.39861e-06
 Reference value :  1.40100e-06
 Reference value :  1.40519e-06
 Reference value :  1.40879e-06
 Reference value :  1.41279e-06
 Reference value :  1.41639e-06
 Reference value :  1.42039e-06
 Reference value :  1.42499e-06
 Reference value :  1.42899e-06
 Reference value :  1.43439e-06
 Reference value :  1.43919e-06
 Reference value :  1.44179e-06
 Reference value :  1.44679e-06
 Reference value :  1.45005e-06
 Reference value :  1.45421e-06
 Reference value :  1.45901e-06
 Reference value :  1.46441e-06
 Reference value :  1.47001e-06
 Reference value :  1.47581e-06
 Reference value :  1.48101e-06
 Reference value :  1.48681e-06
 Reference value :  1.49261e-06
 Reference value :  1.49801e-06
 Reference value :  1.50101e-06
 Reference value :  1.50499e-06
 Reference value :  1.50899e-06
 Reference value :  1.51259e-06
 Reference value :  1.51619e-06
 Reference value :  1.52019e-06
 Reference value :  1.52419e-06
 Reference value :  1.52899e-06
 Reference value :  1.53359e-06
 Reference value :  1.53939e-06
 Reference value :  1.54439e-06
 Reference value :  1.54930e-06
 Reference value :  1.55241e-06
 Reference value :  1.55781e-06
 Reference value :  1.56261e-06
 Reference value :  1.56781e-06
 Reference value :  1.57361e-06
 Reference value :  1.57861e-06
 Reference value :  1.58441e-06
 Reference value :  1.59021e-06
 Reference value :  1.59541e-06
 Reference value :  1.60050e-06
 Reference value :  1.60259e-06
 Reference value :  1.60719e-06
 Reference value :  1.61079e-06
 Reference value :  1.61479e-06
 Reference value :  1.61879e-06
 Reference value :  1.62299e-06
 Reference value :  1.62779e-06
 Reference value :  1.63259e-06
 Reference value :  1.63839e-06
 Reference value :  1.64319e-06
 Reference value :  1.64819e-06
 Reference value :  1.65041e-06
 Reference value :  1.65461e-06
 Reference value :  1.66001e-06
 Reference value :  1.66521e-06
 Reference value :  1.67081e-06
 Reference value :  1.67601e-06
 Reference value :  1.68181e-06
 Reference value :  1.68701e-06
 Reference value :  1.69281e-06
 Reference value :  1.69881e-06
 Reference value :  1.70030e-06
 Reference value :  1.70279e-06
 Reference value :  1.70699e-06
 Reference value :  1.71099e-06
 Reference value :  1.71459e-06
 Reference value :  1.71859e-06
 Reference value :  1.72279e-06
 Reference value :  1.72699e-06
 Reference value :  1.73179e-06
 Reference value :  1.73699e-06
 Reference value :  1.74259e-06
 Reference value :  1.74799e-06
 Reference value :  1.75026e-06
 Reference value :  1.75481e-06
 Reference value :  1.75981e-06
 Reference value :  1.76521e-06
 Reference value :  1.77021e-06
 Reference value :  1.77421e-06
 Reference value :  1.77921e-06
 Reference value :  1.78501e-06
 Reference value :  1.79081e-06
 Reference value :  1.79601e-06
 Reference value :  1.80085e-06
 Reference value :  1.80379e-06
 Reference value :  1.80799e-06
 Reference value :  1.81179e-06
 Reference value :  1.81579e-06
 Reference value :  1.81979e-06
 Reference value :  1.82379e-06
 Reference value :  1.82859e-06
 Reference value :  1.83199e-06
 Reference value :  1.83679e-06
 Reference value :  1.84179e-06
 Reference value :  1.84759e-06
 Reference value :  1.85012e-06
 Reference value :  1.85421e-06
 Reference value :  1.85981e-06
 Reference value :  1.86461e-06
 Reference value :  1.87041e-06
 Reference value :  1.87581e-06
 Reference value :  1.88161e-06
 Reference value :  1.88661e-06
 Reference value :  1.89241e-06
 Reference value :  1.89761e-06
 Reference value :  1.90097e-06
 Reference value :  1.90479e-06
 Reference value :  1.90859e-06
 Reference value :  1.91259e-06
 Reference value :  1.91619e-06
 Reference value :  1.92019e-06
 Reference value :  1.92459e-06
 Reference value :  1.92879e-06
 Reference value :  1.93419e-06
 Reference value :  1.93959e-06
 Reference value :  1.94539e-06
 Reference value :  1.94950e-06
 Reference value :  1.95261e-06
 Reference value :  1.95801e-06
 Reference value :  1.96241e-06
 Reference value :  1.96821e-06
 Reference value :  1.97341e-06
 Reference value :  1.97921e-06
 Reference value :  1.98441e-06
 Reference value :  1.99021e-06
 Reference value :  1.99581e-06
 Reference value :  2.00014e-06
 Reference value :  2.00239e-06
 Reference value :  2.00659e-06
 Reference value :  2.01039e-06
 Reference value :  2.01399e-06
 Reference value :  2.01799e-06
 Reference value :  2.02179e-06
 Reference value :  2.02619e-06
 Reference value :  2.03099e-06
 Reference value :  2.03639e-06
 Reference value :  2.04199e-06
 Reference value :  2.04639e-06
 Reference value :  2.05000e-06
 Reference value :  2.05381e-06
 Reference value :  2.05861e-06
 Reference value :  2.06401e-06
 Reference value :  2.06901e-06
 Reference value :  2.07481e-06
 Reference value :  2.08021e-06
 Reference value :  2.08601e-06
 Reference value :  2.09181e-06
 Reference value :  2.09641e-06
 Reference value :  2.10085e-06
 Reference value :  2.10379e-06
 Reference value :  2.10799e-06
 Reference value :  2.11159e-06
 Reference value :  2.11559e-06
 Reference value :  2.11959e-06
 Reference value :  2.12359e-06
 Reference value :  2.12819e-06
 Reference value :  2.13299e-06
 Reference value :  2.13859e-06
 Reference value :  2.14379e-06
 Reference value :  2.14902e-06
 Reference value :  2.15181e-06
 Reference value :  2.15641e-06
 Reference value :  2.16201e-06
 Reference value :  2.16701e-06
 Reference value :  2.17281e-06
 Reference value :  2.17821e-06
 Reference value :  2.18401e-06
 Reference value :  2.18941e-06
 Reference value :  2.19521e-06
 Reference value :  2.20030e-06
 Reference value :  2.20219e-06
 Reference value :  2.20679e-06
 Reference value :  2.21019e-06
 Reference value :  2.21419e-06
 Reference value :  2.21779e-06
 Reference value :  2.22179e-06
 Reference value :  2.22639e-06
 Reference value :  2.23079e-06
 Reference value :  2.23659e-06
 Reference value :  2.24199e-06
 Reference value :  2.24779e-06
 Reference value :  2.25026e-06
 Reference value :  2.25481e-06
 Reference value :  2.26061e-06
 Reference value :  2.26541e-06
 Reference value :  2.27121e-06
 Reference value :  2.27641e-06
 Reference value :  2.28141e-06
 Reference value :  2.28501e-06
 Reference value :  2.29021e-06
 Reference value :  2.29601e-06
 Reference value :  2.30070e-06
 Reference value :  2.30359e-06
 Reference value :  2.30759e-06
 Reference value :  2.31159e-06
 Reference value :  2.31499e-06
 Reference value :  2.31899e-06
 Reference value :  2.32319e-06
 Reference value :  2.32739e-06
 Reference value :  2.33239e-06
 Reference value :  2.33759e-06
 Reference value :  2.34339e-06
 Reference value :  2.34879e-06
 Reference value :  2.35121e-06
 Reference value :  2.35601e-06
 Reference value :  2.36121e-06
 Reference value :  2.36661e-06
 Reference value :  2.37201e-06
 Reference value :  2.37781e-06
 Reference value :  2.38281e-06
 Reference value :  2.38841e-06
 Reference value :  2.39421e-06
 Reference value :  2.39881e-06
 Reference value :  2.40119e-06
 Reference value :  2.40559e-06
 Reference value :  2.40959e-06
 Reference value :  2.41319e-06
 Reference value :  2.41719e-06
 Reference value :  2.42119e-06
 Reference value :  2.42539e-06
 Reference value :  2.43019e-06
 Reference value :  2.43519e-06
 Reference value :  2.44099e-06
 Reference value :  2.44639e-06
 Reference value :  2.45002e-06
 Reference value :  2.45421e-06
 Reference value :  2.45901e-06
 Reference value :  2.46441e-06
 Reference value :  2.46941e-06
 Reference value :  2.47501e-06
 Reference value :  2.48021e-06
 Reference value :  2.48601e-06
 Reference value :  2.49181e-06
 Reference value :  2.49701e-06
 Reference value :  2.50097e-06
 Reference value :  2.50439e-06
 Reference value :  2.50819e-06
 Reference value :  2.51179e-06
 Reference value :  2.51579e-06
 Reference value :  2.51959e-06
 Reference value :  2.52379e-06
 Reference value :  2.52859e-06
 Reference value :  2.53319e-06
 Reference value :  2.53899e-06
 Reference value :  2.54439e-06
 Reference value :  2.54930e-06
 Reference value :  2.55201e-06
 Reference value :  2.55701e-06
 Reference value :  2.56241e-06
 Reference value :  2.56761e-06
 Reference value :  2.57341e-06
 Reference value :  2.57861e-06
 Reference value :  2.58441e-06
 Reference value :  2.58981e-06
 Reference value :  2.59541e-06
 Reference value :  2.59921e-06
 Reference value :  2.60085e-06
 Reference value :  2.60439e-06
 Reference value :  2.60799e-06
 Reference value :  2.61159e-06
 Reference value :  2.61519e-06
 Reference value :  2.61919e-06
 Reference value :  2.62339e-06
 Reference value :  2.62779e-06
 Reference value :  2.63299e-06
 Reference value :  2.63839e-06
 Reference value :  2.64419e-06
 Reference value :  2.64906e-06
 Reference value :  2.65141e-06
 Reference value :  2.65641e-06
 Reference value :  2.66161e-06
 Reference value :  2.66721e-06
 Reference value :  2.67261e-06
 Reference value :  2.67821e-06
 Reference value :  2.68361e-06
 Reference value :  2.68921e-06
 Reference value :  2.69501e-06
 Reference value :  2.70002e-06
 Reference value :  2.70219e-06
 Reference value :  2.70639e-06
 Reference value :  2.71039e-06
 Reference value :  2.71399e-06
 Reference value :  2.71799e-06
 Reference value :  2.72059e-06
 Reference value :  2.72439e-06
 Reference value :  2.72899e-06
 Reference value :  2.73419e-06
 Reference value :  2.73959e-06
 Reference value :  2.74499e-06
 Reference value :  2.74950e-06
 Reference value :  2.75261e-06
 Reference value :  2.75721e-06
 Reference value :  2.76281e-06
 Reference value :  2.76601e-06
 Reference value :  2.77161e-06
 Reference value :  2.77661e-06
 Reference value :  2.78221e-06
 Reference value :  2.78801e-06
 Reference value :  2.79301e-06
 Reference value :  2.79881e-06
 Reference value :  2.80104e-06
 Reference value :  2.80539e-06
 Reference value :  2.80899e-06
 Reference value :  2.81279e-06
 Reference value :  2.81679e-06
 Reference value :  2.82039e-06
 Reference value :  2.82459e-06
 Reference value :  2.82859e-06
 Reference value :  2.83299e-06
 Reference value :  2.83819e-06
 Reference value :  2.84379e-06
 Reference value :  2.84906e-06
 Reference value :  2.85141e-06
 Reference value :  2.85621e-06
 Reference value :  2.86141e-06
 Reference value :  2.86681e-06
 Reference value :  2.87181e-06
 Reference value :  2.87741e-06
 Reference value :  2.88321e-06
 Reference value :  2.88861e-06
 Reference value :  2.89441e-06
 Reference value :  2.89981e-06
 Reference value :  2.90179e-06
 Reference value :  2.90599e-06
 Reference value :  2.90999e-06
 Reference value :  2.91399e-06
 Reference value :  2.91739e-06
 Reference value :  2.92139e-06
 Reference value :  2.92559e-06
 Reference value :  2.92979e-06
 Reference value :  2.93339e-06
 Reference value :  2.93879e-06
 Reference value :  2.94459e-06
 Reference value :  2.94914e-06
 Reference value :  2.95201e-06
 Reference value :  2.95641e-06
 Reference value :  2.96201e-06
 Reference value :  2.96661e-06
 Reference value :  2.97241e-06
 Reference value :  2.97821e-06
 Reference value :  2.98381e-06
 Reference value :  2.98961e-06
 Reference value :  2.99501e-06
No. of Data Rows : 15431
sim/harness: analysis complete
Note: Simulation executed from .control section 
Note: Starting dynamic gmin stepping
Note: Dynamic gmin stepping completed
