
Note: Compatibility modes selected: hs a


Circuit: ** sch_path: /home/ubuntu/github/sky130-pll/sim/pll-lock/testbench/tb_pll_lock.sch

option SCALE: Scale is set to 1e-06 for instance and model parameters
option SCALE: Scale is set to 1e-06 for instance and model parameters
option SCALE: Scale is set to 1e-06 for instance and model parameters
option SCALE: Scale is set to 1e-06 for instance and model parameters
Doing analysis at TEMP = 125.000000 and TNOM = 27.000000

Using KLU as Direct Linear Solver
 Reference value :  0.00000e+00
 Reference value :  1.01235e-09
 Reference value :  2.75904e-09
 Reference value :  5.85000e-09
 Reference value :  8.50000e-09
 Reference value :  1.25000e-08
 Reference value :  1.75000e-08
 Reference value :  2.33000e-08
 Reference value :  2.91000e-08
 Reference value :  3.43000e-08
 Reference value :  4.01000e-08
 Reference value :  4.53000e-08
 Reference value :  4.98500e-08
 Reference value :  5.30808e-08
 Reference value :  5.80808e-08
 Reference value :  6.40808e-08
 Reference value :  6.94808e-08
 Reference value :  7.52808e-08
 Reference value :  8.04808e-08
 Reference value :  8.62808e-08
 Reference value :  9.18808e-08
 Reference value :  9.76808e-08
 Reference value :  1.01017e-07
 Reference value :  1.04588e-07
 Reference value :  1.10388e-07
 Reference value :  1.15588e-07
 Reference value :  1.21388e-07
 Reference value :  1.26788e-07
 Reference value :  1.32388e-07
 Reference value :  1.35188e-07
 Reference value :  1.40588e-07
 Reference value :  1.46188e-07
 Reference value :  1.50000e-07
 Reference value :  1.53680e-07
 Reference value :  1.58280e-07
 Reference value :  1.63880e-07
 Reference value :  1.69480e-07
 Reference value :  1.74880e-07
 Reference value :  1.80680e-07
 Reference value :  1.86280e-07
 Reference value :  1.91880e-07
 Reference value :  1.97080e-07
 Reference value :  2.00850e-07
 Reference value :  2.04240e-07
 Reference value :  2.09440e-07
 Reference value :  2.15040e-07
 Reference value :  2.20440e-07
 Reference value :  2.26240e-07
 Reference value :  2.30840e-07
 Reference value :  2.36640e-07
 Reference value :  2.41840e-07
 Reference value :  2.47240e-07
 Reference value :  2.50480e-07
 Reference value :  2.54480e-07
 Reference value :  2.59680e-07
 Reference value :  2.65080e-07
 Reference value :  2.70880e-07
 Reference value :  2.76680e-07
 Reference value :  2.81880e-07
 Reference value :  2.87680e-07
 Reference value :  2.92880e-07
 Reference value :  2.98680e-07
 Reference value :  3.01126e-07
 Reference value :  3.05440e-07
 Reference value :  3.11240e-07
 Reference value :  3.16640e-07
 Reference value :  3.22440e-07
 Reference value :  3.27640e-07
 Reference value :  3.33640e-07
 Reference value :  3.38840e-07
 Reference value :  3.44640e-07
 Reference value :  3.47240e-07
 Reference value :  3.50480e-07
 Reference value :  3.54680e-07
 Reference value :  3.59480e-07
 Reference value :  3.65280e-07
 Reference value :  3.70680e-07
 Reference value :  3.76480e-07
 Reference value :  3.81880e-07
 Reference value :  3.87680e-07
 Reference value :  3.93480e-07
 Reference value :  3.98880e-07
 Reference value :  4.01270e-07
 Reference value :  4.05240e-07
 Reference value :  4.11040e-07
 Reference value :  4.16440e-07
 Reference value :  4.22240e-07
 Reference value :  4.28040e-07
 Reference value :  4.33240e-07
 Reference value :  4.39240e-07
 Reference value :  4.44040e-07
 Reference value :  4.49300e-07
 Reference value :  4.52480e-07
 Reference value :  4.57080e-07
 Reference value :  4.62880e-07
 Reference value :  4.65680e-07
 Reference value :  4.71080e-07
 Reference value :  4.76480e-07
 Reference value :  4.82280e-07
 Reference value :  4.87680e-07
 Reference value :  4.93280e-07
 Reference value :  4.98880e-07
 Reference value :  5.01126e-07
 Reference value :  5.05640e-07
 Reference value :  5.11040e-07
 Reference value :  5.16640e-07
 Reference value :  5.22040e-07
 Reference value :  5.27040e-07
 Reference value :  5.32840e-07
 Reference value :  5.37840e-07
 Reference value :  5.43640e-07
 Reference value :  5.49000e-07
 Reference value :  5.51880e-07
 Reference value :  5.56280e-07
 Reference value :  5.61880e-07
 Reference value :  5.67880e-07
 Reference value :  5.73080e-07
 Reference value :  5.78680e-07
 Reference value :  5.83880e-07
 Reference value :  5.89680e-07
 Reference value :  5.94480e-07
 Reference value :  6.00020e-07
 Reference value :  6.02640e-07
 Reference value :  6.07040e-07
 Reference value :  6.12840e-07
 Reference value :  6.16640e-07
 Reference value :  6.21240e-07
 Reference value :  6.26440e-07
 Reference value :  6.32040e-07
 Reference value :  6.37640e-07
 Reference value :  6.42640e-07
 Reference value :  6.48440e-07
 Reference value :  6.50880e-07
 Reference value :  6.55280e-07
 Reference value :  6.60280e-07
 Reference value :  6.65880e-07
 Reference value :  6.71280e-07
 Reference value :  6.76480e-07
 Reference value :  6.82280e-07
 Reference value :  6.87680e-07
 Reference value :  6.93480e-07
 Reference value :  6.98480e-07
 Reference value :  7.01126e-07
 Reference value :  7.05040e-07
 Reference value :  7.10040e-07
 Reference value :  7.15640e-07
 Reference value :  7.21040e-07
 Reference value :  7.26640e-07
 Reference value :  7.32040e-07
 Reference value :  7.37640e-07
 Reference value :  7.43440e-07
 Reference value :  7.48640e-07
 Reference value :  7.51480e-07
 Reference value :  7.55480e-07
 Reference value :  7.61080e-07
 Reference value :  7.66680e-07
 Reference value :  7.72480e-07
 Reference value :  7.78280e-07
 Reference value :  7.83480e-07
 Reference value :  7.89080e-07
 Reference value :  7.94480e-07
 Reference value :  8.00020e-07
 Reference value :  8.02240e-07
 Reference value :  8.07040e-07
 Reference value :  8.09040e-07
 Reference value :  8.14240e-07
 Reference value :  8.19440e-07
 Reference value :  8.24640e-07
 Reference value :  8.29840e-07
 Reference value :  8.35040e-07
 Reference value :  8.40640e-07
 Reference value :  8.46240e-07
 Reference value :  8.50000e-07
 Reference value :  8.53680e-07
 Reference value :  8.58080e-07
 Reference value :  8.63680e-07
 Reference value :  8.68680e-07
 Reference value :  8.74480e-07
 Reference value :  8.80280e-07
 Reference value :  8.85480e-07
 Reference value :  8.91280e-07
 Reference value :  8.96480e-07
 Reference value :  9.00850e-07
 Reference value :  9.03840e-07
 Reference value :  9.09240e-07
 Reference value :  9.15040e-07
 Reference value :  9.20040e-07
 Reference value :  9.25640e-07
 Reference value :  9.30640e-07
 Reference value :  9.36040e-07
 Reference value :  9.41240e-07
 Reference value :  9.47040e-07
 Reference value :  9.50140e-07
 Reference value :  9.53880e-07
 Reference value :  9.58880e-07
 Reference value :  9.64080e-07
 Reference value :  9.69880e-07
 Reference value :  9.74880e-07
 Reference value :  9.80480e-07
 Reference value :  9.86280e-07
 Reference value :  9.91280e-07
 Reference value :  9.96280e-07
 Reference value :  9.98280e-07
 Reference value :  1.00113e-06
 Reference value :  1.00484e-06
 Reference value :  1.00944e-06
 Reference value :  1.01444e-06
 Reference value :  1.01944e-06
 Reference value :  1.02524e-06
 Reference value :  1.03064e-06
 Reference value :  1.03624e-06
 Reference value :  1.04164e-06
 Reference value :  1.04724e-06
 Reference value :  1.05014e-06
 Reference value :  1.05408e-06
 Reference value :  1.05928e-06
 Reference value :  1.06448e-06
 Reference value :  1.06988e-06
 Reference value :  1.07508e-06
 Reference value :  1.08088e-06
 Reference value :  1.08648e-06
 Reference value :  1.09168e-06
 Reference value :  1.09728e-06
 Reference value :  1.10002e-06
 Reference value :  1.10244e-06
 Reference value :  1.10664e-06
 Reference value :  1.11244e-06
 Reference value :  1.11764e-06
 Reference value :  1.12284e-06
 Reference value :  1.12864e-06
 Reference value :  1.13384e-06
 Reference value :  1.13964e-06
 Reference value :  1.14484e-06
 Reference value :  1.14970e-06
 Reference value :  1.15288e-06
 Reference value :  1.15728e-06
 Reference value :  1.16268e-06
 Reference value :  1.16768e-06
 Reference value :  1.17328e-06
 Reference value :  1.17828e-06
 Reference value :  1.18408e-06
 Reference value :  1.18948e-06
 Reference value :  1.19268e-06
 Reference value :  1.19828e-06
 Reference value :  1.20102e-06
 Reference value :  1.20484e-06
 Reference value :  1.21024e-06
 Reference value :  1.21584e-06
 Reference value :  1.22104e-06
 Reference value :  1.22664e-06
 Reference value :  1.23244e-06
 Reference value :  1.23784e-06
 Reference value :  1.24324e-06
 Reference value :  1.24844e-06
 Reference value :  1.25088e-06
 Reference value :  1.25488e-06
 Reference value :  1.26028e-06
 Reference value :  1.26588e-06
 Reference value :  1.27108e-06
 Reference value :  1.27628e-06
 Reference value :  1.28148e-06
 Reference value :  1.28708e-06
 Reference value :  1.29228e-06
 Reference value :  1.29728e-06
 Reference value :  1.30085e-06
 Reference value :  1.30364e-06
 Reference value :  1.30844e-06
 Reference value :  1.31344e-06
 Reference value :  1.31884e-06
 Reference value :  1.32384e-06
 Reference value :  1.32964e-06
 Reference value :  1.33524e-06
 Reference value :  1.33684e-06
 Reference value :  1.34244e-06
 Reference value :  1.34764e-06
 Reference value :  1.35048e-06
 Reference value :  1.35428e-06
 Reference value :  1.35948e-06
 Reference value :  1.36508e-06
 Reference value :  1.37068e-06
 Reference value :  1.37628e-06
 Reference value :  1.38128e-06
 Reference value :  1.38648e-06
 Reference value :  1.39108e-06
 Reference value :  1.39608e-06
 Reference value :  1.40050e-06
 Reference value :  1.40324e-06
 Reference value :  1.40824e-06
 Reference value :  1.41344e-06
 Reference value :  1.41904e-06
 Reference value :  1.42424e-06
 Reference value :  1.42964e-06
 Reference value :  1.43484e-06
 Reference value :  1.44024e-06
 Reference value :  1.44584e-06
 Reference value :  1.44985e-06
 Reference value :  1.45308e-06
 Reference value :  1.45708e-06
 Reference value :  1.46268e-06
 Reference value :  1.46808e-06
 Reference value :  1.47368e-06
 Reference value :  1.47928e-06
 Reference value :  1.48428e-06
 Reference value :  1.48968e-06
 Reference value :  1.49508e-06
 Reference value :  1.50002e-06
 Reference value :  1.50070e-06
 Reference value :  1.50364e-06
 Reference value :  1.50884e-06
 Reference value :  1.51044e-06
 Reference value :  1.51104e-06
 Reference value :  1.51164e-06
 Reference value :  1.51544e-06
 Reference value :  1.52064e-06
 Reference value :  1.52624e-06
 Reference value :  1.53184e-06
 Reference value :  1.53744e-06
 Reference value :  1.54244e-06
 Reference value :  1.54584e-06
 Reference value :  1.55000e-06
 Reference value :  1.55308e-06
 Reference value :  1.55788e-06
 Reference value :  1.56328e-06
 Reference value :  1.56848e-06
 Reference value :  1.57408e-06
 Reference value :  1.57928e-06
 Reference value :  1.58488e-06
 Reference value :  1.59008e-06
 Reference value :  1.59568e-06
 Reference value :  1.60006e-06
 Reference value :  1.60264e-06
 Reference value :  1.60744e-06
 Reference value :  1.61284e-06
 Reference value :  1.61844e-06
 Reference value :  1.62324e-06
 Reference value :  1.62884e-06
 Reference value :  1.63384e-06
 Reference value :  1.63944e-06
 Reference value :  1.64484e-06
 Reference value :  1.64930e-06
 Reference value :  1.65248e-06
 Reference value :  1.65648e-06
 Reference value :  1.66228e-06
 Reference value :  1.66748e-06
 Reference value :  1.67308e-06
 Reference value :  1.67868e-06
 Reference value :  1.68408e-06
 Reference value :  1.68968e-06
 Reference value :  1.69488e-06
 Reference value :  1.70006e-06
 Reference value :  1.70244e-06
 Reference value :  1.70724e-06
 Reference value :  1.71244e-06
 Reference value :  1.71784e-06
 Reference value :  1.72344e-06
 Reference value :  1.72764e-06
 Reference value :  1.73104e-06
 Reference value :  1.73264e-06
 Reference value :  1.73824e-06
 Reference value :  1.74364e-06
 Reference value :  1.74900e-06
 Reference value :  1.75168e-06
 Reference value :  1.75568e-06
 Reference value :  1.75928e-06
 Reference value :  1.76068e-06
 Reference value :  1.76568e-06
 Reference value :  1.77068e-06
 Reference value :  1.77648e-06
 Reference value :  1.78148e-06
 Reference value :  1.78648e-06
 Reference value :  1.78928e-06
 Reference value :  1.79388e-06
 Reference value :  1.79928e-06
 Reference value :  1.80127e-06
 Reference value :  1.80564e-06
 Reference value :  1.81044e-06
 Reference value :  1.81624e-06
 Reference value :  1.82204e-06
 Reference value :  1.82644e-06
 Reference value :  1.83044e-06
 Reference value :  1.83344e-06
 Reference value :  1.83924e-06
 Reference value :  1.84464e-06
 Reference value :  1.84950e-06
 Reference value :  1.85268e-06
 Reference value :  1.85448e-06
 Reference value :  1.85708e-06
 Reference value :  1.85848e-06
 Reference value :  1.86428e-06
 Reference value :  1.86948e-06
 Reference value :  1.87528e-06
 Reference value :  1.88088e-06
 Reference value :  1.88628e-06
 Reference value :  1.89208e-06
 Reference value :  1.89648e-06
 Reference value :  1.89948e-06
 Reference value :  1.90144e-06
 Reference value :  1.90544e-06
 Reference value :  1.91084e-06
 Reference value :  1.91564e-06
 Reference value :  1.91724e-06
 Reference value :  1.92264e-06
 Reference value :  1.92844e-06
 Reference value :  1.93384e-06
 Reference value :  1.93944e-06
 Reference value :  1.94444e-06
 Reference value :  1.94744e-06
 Reference value :  1.95029e-06
 Reference value :  1.95448e-06
 Reference value :  1.95988e-06
 Reference value :  1.96508e-06
 Reference value :  1.97068e-06
 Reference value :  1.97428e-06
 Reference value :  1.97868e-06
 Reference value :  1.98408e-06
 Reference value :  1.98608e-06
 Reference value :  1.99208e-06
 Reference value :  1.99748e-06
 Reference value :  2.00030e-06
 Reference value :  2.00127e-06
 Reference value :  2.00524e-06
 Reference value :  2.01004e-06
 Reference value :  2.01564e-06
 Reference value :  2.02144e-06
 Reference value :  2.02724e-06
 Reference value :  2.03304e-06
 Reference value :  2.03584e-06
 Reference value :  2.03904e-06
 Reference value :  2.04424e-06
 Reference value :  2.04914e-06
 Reference value :  2.05208e-06
 Reference value :  2.05648e-06
 Reference value :  2.06228e-06
 Reference value :  2.06528e-06
 Reference value :  2.06988e-06
 Reference value :  2.07368e-06
 Reference value :  2.07948e-06
 Reference value :  2.08468e-06
 Reference value :  2.09008e-06
 Reference value :  2.09588e-06
 Reference value :  2.10002e-06
 Reference value :  2.10264e-06
 Reference value :  2.10624e-06
 Reference value :  2.11144e-06
 Reference value :  2.11624e-06
 Reference value :  2.11864e-06
 Reference value :  2.12404e-06
 Reference value :  2.12964e-06
 Reference value :  2.13544e-06
 Reference value :  2.13864e-06
 Reference value :  2.14304e-06
 Reference value :  2.14844e-06
 Reference value :  2.15148e-06
 Reference value :  2.15548e-06
 Reference value :  2.16108e-06
 Reference value :  2.16708e-06
 Reference value :  2.17188e-06
 Reference value :  2.17268e-06
 Reference value :  2.17768e-06
 Reference value :  2.18348e-06
 Reference value :  2.18888e-06
 Reference value :  2.19488e-06
 Reference value :  2.20002e-06
 Reference value :  2.20164e-06
 Reference value :  2.20624e-06
 Reference value :  2.21064e-06
 Reference value :  2.21444e-06
 Reference value :  2.21964e-06
 Reference value :  2.22544e-06
 Reference value :  2.23084e-06
 Reference value :  2.23664e-06
 Reference value :  2.23844e-06
 Reference value :  2.24364e-06
 Reference value :  2.24902e-06
 Reference value :  2.25168e-06
 Reference value :  2.25628e-06
 Reference value :  2.26088e-06
 Reference value :  2.26408e-06
 Reference value :  2.26648e-06
 Reference value :  2.27188e-06
 Reference value :  2.27768e-06
 Reference value :  2.28308e-06
 Reference value :  2.28888e-06
 Reference value :  2.29268e-06
 Reference value :  2.29708e-06
 Reference value :  2.30085e-06
 Reference value :  2.30444e-06
 Reference value :  2.30904e-06
 Reference value :  2.31464e-06
 Reference value :  2.31684e-06
 Reference value :  2.31984e-06
 Reference value :  2.32564e-06
 Reference value :  2.33084e-06
 Reference value :  2.33664e-06
 Reference value :  2.34164e-06
 Reference value :  2.34524e-06
 Reference value :  2.34985e-06
 Reference value :  2.35288e-06
 Reference value :  2.35768e-06
 Reference value :  2.36328e-06
 Reference value :  2.36928e-06
 Reference value :  2.37508e-06
 Reference value :  2.37808e-06
 Reference value :  2.38388e-06
 Reference value :  2.38928e-06
 Reference value :  2.39408e-06
 Reference value :  2.39708e-06
 Reference value :  2.40000e-06
 Reference value :  2.40102e-06
 Reference value :  2.40484e-06
 Reference value :  2.41004e-06
 Reference value :  2.41184e-06
 Reference value :  2.41584e-06
 Reference value :  2.41744e-06
 Reference value :  2.42324e-06
 Reference value :  2.42844e-06
 Reference value :  2.43424e-06
 Reference value :  2.43984e-06
 Reference value :  2.44544e-06
 Reference value :  2.44950e-06
 Reference value :  2.45048e-06
 Reference value :  2.45468e-06
 Reference value :  2.45968e-06
 Reference value :  2.46528e-06
 Reference value :  2.47048e-06
 Reference value :  2.47628e-06
 Reference value :  2.48088e-06
 Reference value :  2.48388e-06
 Reference value :  2.48888e-06
 Reference value :  2.49448e-06
 Reference value :  2.50000e-06
 Reference value :  2.50204e-06
 Reference value :  2.50684e-06
 Reference value :  2.51184e-06
 Reference value :  2.51564e-06
 Reference value :  2.51824e-06
 Reference value :  2.52384e-06
 Reference value :  2.52724e-06
 Reference value :  2.53264e-06
 Reference value :  2.53844e-06
 Reference value :  2.54364e-06
 Reference value :  2.54902e-06
 Reference value :  2.55208e-06
 Reference value :  2.55548e-06
 Reference value :  2.55808e-06
 Reference value :  2.56268e-06
 Reference value :  2.56828e-06
 Reference value :  2.57288e-06
 Reference value :  2.57688e-06
 Reference value :  2.58108e-06
 Reference value :  2.58688e-06
 Reference value :  2.59088e-06
 Reference value :  2.59448e-06
 Reference value :  2.60002e-06
 Reference value :  2.60224e-06
 Reference value :  2.60724e-06
 Reference value :  2.61224e-06
 Reference value :  2.61624e-06
 Reference value :  2.62004e-06
 Reference value :  2.62424e-06
 Reference value :  2.62964e-06
 Reference value :  2.63484e-06
 Reference value :  2.64024e-06
 Reference value :  2.64324e-06
 Reference value :  2.64724e-06
 Reference value :  2.65048e-06
 Reference value :  2.65468e-06
 Reference value :  2.66008e-06
 Reference value :  2.66508e-06
 Reference value :  2.67088e-06
 Reference value :  2.67488e-06
 Reference value :  2.67828e-06
 Reference value :  2.68348e-06
 Reference value :  2.68928e-06
 Reference value :  2.69488e-06
 Reference value :  2.69948e-06
 Reference value :  2.70085e-06
 Reference value :  2.70224e-06
 Reference value :  2.70624e-06
 Reference value :  2.71184e-06
 Reference value :  2.71764e-06
 Reference value :  2.72124e-06
 Reference value :  2.72444e-06
 Reference value :  2.72984e-06
 Reference value :  2.73564e-06
 Reference value :  2.74164e-06
 Reference value :  2.74564e-06
 Reference value :  2.74902e-06
 Reference value :  2.75029e-06
 Reference value :  2.75448e-06
 Reference value :  2.75928e-06
 Reference value :  2.76508e-06
 Reference value :  2.77048e-06
 Reference value :  2.77528e-06
 Reference value :  2.78108e-06
 Reference value :  2.78488e-06
 Reference value :  2.79068e-06
 Reference value :  2.79588e-06
 Reference value :  2.80070e-06
 Reference value :  2.80384e-06
 Reference value :  2.80884e-06
 Reference value :  2.81464e-06
 Reference value :  2.81944e-06
 Reference value :  2.82304e-06
 Reference value :  2.82664e-06
 Reference value :  2.83264e-06
 Reference value :  2.83844e-06
 Reference value :  2.84384e-06
 Reference value :  2.84906e-06
 Reference value :  2.85088e-06
 Reference value :  2.85328e-06
 Reference value :  2.85728e-06
 Reference value :  2.86308e-06
 Reference value :  2.86888e-06
 Reference value :  2.87448e-06
 Reference value :  2.87648e-06
 Reference value :  2.88008e-06
 Reference value :  2.88588e-06
 Reference value :  2.89128e-06
 Reference value :  2.89708e-06
 Reference value :  2.90085e-06
 Reference value :  2.90264e-06
 Reference value :  2.90384e-06
 Reference value :  2.90924e-06
 Reference value :  2.91484e-06
 Reference value :  2.92044e-06
 Reference value :  2.92624e-06
 Reference value :  2.93004e-06
 Reference value :  2.93464e-06
 Reference value :  2.93844e-06
 Reference value :  2.94124e-06
 Reference value :  2.94544e-06
 Reference value :  2.94914e-06
 Reference value :  2.95188e-06
 Reference value :  2.95528e-06
 Reference value :  2.95808e-06
 Reference value :  2.96328e-06
 Reference value :  2.96888e-06
 Reference value :  2.97468e-06
 Reference value :  2.97988e-06
 Reference value :  2.98488e-06
 Reference value :  2.98828e-06
 Reference value :  2.99248e-06
 Reference value :  2.99748e-06
 Reference value :  2.99868e-06
No. of Data Rows : 15377
sim/harness: analysis complete
Note: Simulation executed from .control section 
