
Note: Compatibility modes selected: hs a


Circuit: ** sch_path: /home/ubuntu/github/sky130-pll/sim/pll-lock/testbench/tb_pll_lock.sch

option SCALE: Scale is set to 1e-06 for instance and model parameters
option SCALE: Scale is set to 1e-06 for instance and model parameters
option SCALE: Scale is set to 1e-06 for instance and model parameters
option SCALE: Scale is set to 1e-06 for instance and model parameters
Doing analysis at TEMP = -40.000000 and TNOM = 27.000000

Using KLU as Direct Linear Solver
 Reference value :  0.00000e+00
 Reference value :  9.16739e-10
 Reference value :  1.67218e-09
 Reference value :  3.93487e-09
 Reference value :  6.06000e-09
 Reference value :  9.50000e-09
 Reference value :  1.29000e-08
 Reference value :  1.41000e-08
 Reference value :  1.81000e-08
 Reference value :  2.21000e-08
 Reference value :  2.57000e-08
 Reference value :  2.95000e-08
 Reference value :  3.31000e-08
 Reference value :  3.87000e-08
 Reference value :  4.41000e-08
 Reference value :  4.91400e-08
 Reference value :  5.22469e-08
 Reference value :  5.68469e-08
 Reference value :  6.18469e-08
 Reference value :  6.52469e-08
 Reference value :  7.04469e-08
 Reference value :  7.56469e-08
 Reference value :  8.14469e-08
 Reference value :  8.70469e-08
 Reference value :  9.26469e-08
 Reference value :  9.84469e-08
 Reference value :  1.00970e-07
 Reference value :  1.04335e-07
 Reference value :  1.08735e-07
 Reference value :  1.14535e-07
 Reference value :  1.19335e-07
 Reference value :  1.25135e-07
 Reference value :  1.30735e-07
 Reference value :  1.35735e-07
 Reference value :  1.41535e-07
 Reference value :  1.46735e-07
 Reference value :  1.50059e-07
 Reference value :  1.53447e-07
 Reference value :  1.58647e-07
 Reference value :  1.64447e-07
 Reference value :  1.69647e-07
 Reference value :  1.75447e-07
 Reference value :  1.80847e-07
 Reference value :  1.86447e-07
 Reference value :  1.91447e-07
 Reference value :  1.97047e-07
 Reference value :  2.00850e-07
 Reference value :  2.03930e-07
 Reference value :  2.08130e-07
 Reference value :  2.12730e-07
 Reference value :  2.14730e-07
 Reference value :  2.18330e-07
 Reference value :  2.24130e-07
 Reference value :  2.29530e-07
 Reference value :  2.35330e-07
 Reference value :  2.41130e-07
 Reference value :  2.46530e-07
 Reference value :  2.50059e-07
 Reference value :  2.53847e-07
 Reference value :  2.59247e-07
 Reference value :  2.64447e-07
 Reference value :  2.70047e-07
 Reference value :  2.75647e-07
 Reference value :  2.80847e-07
 Reference value :  2.86447e-07
 Reference value :  2.91847e-07
 Reference value :  2.97447e-07
 Reference value :  3.00850e-07
 Reference value :  3.04330e-07
 Reference value :  3.06930e-07
 Reference value :  3.11530e-07
 Reference value :  3.15730e-07
 Reference value :  3.19930e-07
 Reference value :  3.25730e-07
 Reference value :  3.30930e-07
 Reference value :  3.33130e-07
 Reference value :  3.38730e-07
 Reference value :  3.43930e-07
 Reference value :  3.49060e-07
 Reference value :  3.51647e-07
 Reference value :  3.56447e-07
 Reference value :  3.61847e-07
 Reference value :  3.67647e-07
 Reference value :  3.73247e-07
 Reference value :  3.78247e-07
 Reference value :  3.83847e-07
 Reference value :  3.88847e-07
 Reference value :  3.94447e-07
 Reference value :  4.00000e-07
 Reference value :  4.02330e-07
 Reference value :  4.06330e-07
 Reference value :  4.10930e-07
 Reference value :  4.14330e-07
 Reference value :  4.17730e-07
 Reference value :  4.23530e-07
 Reference value :  4.28730e-07
 Reference value :  4.34530e-07
 Reference value :  4.40330e-07
 Reference value :  4.45530e-07
 Reference value :  4.49850e-07
 Reference value :  4.53047e-07
 Reference value :  4.58247e-07
 Reference value :  4.63447e-07
 Reference value :  4.68247e-07
 Reference value :  4.72247e-07
 Reference value :  4.77847e-07
 Reference value :  4.83647e-07
 Reference value :  4.89047e-07
 Reference value :  4.94847e-07
 Reference value :  5.00000e-07
 Reference value :  5.02130e-07
 Reference value :  5.06130e-07
 Reference value :  5.10930e-07
 Reference value :  5.15330e-07
 Reference value :  5.19330e-07
 Reference value :  5.25130e-07
 Reference value :  5.29730e-07
 Reference value :  5.35530e-07
 Reference value :  5.40930e-07
 Reference value :  5.46730e-07
 Reference value :  5.50059e-07
 Reference value :  5.53647e-07
 Reference value :  5.59047e-07
 Reference value :  5.64047e-07
 Reference value :  5.69647e-07
 Reference value :  5.74847e-07
 Reference value :  5.80647e-07
 Reference value :  5.86447e-07
 Reference value :  5.91647e-07
 Reference value :  5.97247e-07
 Reference value :  6.00850e-07
 Reference value :  6.04130e-07
 Reference value :  6.07930e-07
 Reference value :  6.12930e-07
 Reference value :  6.16930e-07
 Reference value :  6.21730e-07
 Reference value :  6.27330e-07
 Reference value :  6.32530e-07
 Reference value :  6.38130e-07
 Reference value :  6.43330e-07
 Reference value :  6.49000e-07
 Reference value :  6.51847e-07
 Reference value :  6.55647e-07
 Reference value :  6.61247e-07
 Reference value :  6.66447e-07
 Reference value :  6.72247e-07
 Reference value :  6.77447e-07
 Reference value :  6.83047e-07
 Reference value :  6.88847e-07
 Reference value :  6.94047e-07
 Reference value :  6.99647e-07
 Reference value :  7.01530e-07
 Reference value :  7.05930e-07
 Reference value :  7.10130e-07
 Reference value :  7.14730e-07
 Reference value :  7.18930e-07
 Reference value :  7.24330e-07
 Reference value :  7.29930e-07
 Reference value :  7.35130e-07
 Reference value :  7.40130e-07
 Reference value :  7.45130e-07
 Reference value :  7.49850e-07
 Reference value :  7.53247e-07
 Reference value :  7.58247e-07
 Reference value :  7.64047e-07
 Reference value :  7.69247e-07
 Reference value :  7.73447e-07
 Reference value :  7.76647e-07
 Reference value :  7.82447e-07
 Reference value :  7.88247e-07
 Reference value :  7.93447e-07
 Reference value :  7.99247e-07
 Reference value :  8.01188e-07
 Reference value :  8.05530e-07
 Reference value :  8.09730e-07
 Reference value :  8.14530e-07
 Reference value :  8.18730e-07
 Reference value :  8.23930e-07
 Reference value :  8.29330e-07
 Reference value :  8.34730e-07
 Reference value :  8.40530e-07
 Reference value :  8.45930e-07
 Reference value :  8.50000e-07
 Reference value :  8.53447e-07
 Reference value :  8.58447e-07
 Reference value :  8.64247e-07
 Reference value :  8.69647e-07
 Reference value :  8.75447e-07
 Reference value :  8.80647e-07
 Reference value :  8.86447e-07
 Reference value :  8.92047e-07
 Reference value :  8.97247e-07
 Reference value :  9.01015e-07
 Reference value :  9.04530e-07
 Reference value :  9.09130e-07
 Reference value :  9.13730e-07
 Reference value :  9.17730e-07
 Reference value :  9.23330e-07
 Reference value :  9.28330e-07
 Reference value :  9.34130e-07
 Reference value :  9.39530e-07
 Reference value :  9.44330e-07
 Reference value :  9.46730e-07
 Reference value :  9.50059e-07
 Reference value :  9.54247e-07
 Reference value :  9.59647e-07
 Reference value :  9.65047e-07
 Reference value :  9.70447e-07
 Reference value :  9.76047e-07
 Reference value :  9.81447e-07
 Reference value :  9.87047e-07
 Reference value :  9.92647e-07
 Reference value :  9.98447e-07
 Reference value :  1.00105e-06
 Reference value :  1.00473e-06
 Reference value :  1.00893e-06
 Reference value :  1.01353e-06
 Reference value :  1.01753e-06
 Reference value :  1.02253e-06
 Reference value :  1.02813e-06
 Reference value :  1.03393e-06
 Reference value :  1.03913e-06
 Reference value :  1.04493e-06
 Reference value :  1.04930e-06
 Reference value :  1.05245e-06
 Reference value :  1.05725e-06
 Reference value :  1.06285e-06
 Reference value :  1.06865e-06
 Reference value :  1.07385e-06
 Reference value :  1.07945e-06
 Reference value :  1.08445e-06
 Reference value :  1.09025e-06
 Reference value :  1.09545e-06
 Reference value :  1.10050e-06
 Reference value :  1.10333e-06
 Reference value :  1.10733e-06
 Reference value :  1.11253e-06
 Reference value :  1.11613e-06
 Reference value :  1.11993e-06
 Reference value :  1.12193e-06
 Reference value :  1.12713e-06
 Reference value :  1.13273e-06
 Reference value :  1.13793e-06
 Reference value :  1.14353e-06
 Reference value :  1.14886e-06
 Reference value :  1.15145e-06
 Reference value :  1.15565e-06
 Reference value :  1.16125e-06
 Reference value :  1.16685e-06
 Reference value :  1.17225e-06
 Reference value :  1.17705e-06
 Reference value :  1.18205e-06
 Reference value :  1.18785e-06
 Reference value :  1.19325e-06
 Reference value :  1.19885e-06
 Reference value :  1.20133e-06
 Reference value :  1.20533e-06
 Reference value :  1.20973e-06
 Reference value :  1.21413e-06
 Reference value :  1.21813e-06
 Reference value :  1.22333e-06
 Reference value :  1.22893e-06
 Reference value :  1.23453e-06
 Reference value :  1.23973e-06
 Reference value :  1.24533e-06
 Reference value :  1.24950e-06
 Reference value :  1.25265e-06
 Reference value :  1.25725e-06
 Reference value :  1.26285e-06
 Reference value :  1.26845e-06
 Reference value :  1.27105e-06
 Reference value :  1.27445e-06
 Reference value :  1.27685e-06
 Reference value :  1.28225e-06
 Reference value :  1.28745e-06
 Reference value :  1.29325e-06
 Reference value :  1.29565e-06
 Reference value :  1.29785e-06
 Reference value :  1.30105e-06
 Reference value :  1.30453e-06
 Reference value :  1.30893e-06
 Reference value :  1.31353e-06
 Reference value :  1.31733e-06
 Reference value :  1.32273e-06
 Reference value :  1.32813e-06
 Reference value :  1.33393e-06
 Reference value :  1.33893e-06
 Reference value :  1.34473e-06
 Reference value :  1.34902e-06
 Reference value :  1.35185e-06
 Reference value :  1.35665e-06
 Reference value :  1.36165e-06
 Reference value :  1.36745e-06
 Reference value :  1.37245e-06
 Reference value :  1.37805e-06
 Reference value :  1.38305e-06
 Reference value :  1.38825e-06
 Reference value :  1.39325e-06
 Reference value :  1.39825e-06
 Reference value :  1.40100e-06
 Reference value :  1.40393e-06
 Reference value :  1.40813e-06
 Reference value :  1.41293e-06
 Reference value :  1.41673e-06
 Reference value :  1.42193e-06
 Reference value :  1.42693e-06
 Reference value :  1.43273e-06
 Reference value :  1.43773e-06
 Reference value :  1.44353e-06
 Reference value :  1.44886e-06
 Reference value :  1.45145e-06
 Reference value :  1.45605e-06
 Reference value :  1.46125e-06
 Reference value :  1.46645e-06
 Reference value :  1.47105e-06
 Reference value :  1.47665e-06
 Reference value :  1.48185e-06
 Reference value :  1.48725e-06
 Reference value :  1.49305e-06
 Reference value :  1.49805e-06
 Reference value :  1.50105e-06
 Reference value :  1.50473e-06
 Reference value :  1.50913e-06
 Reference value :  1.51373e-06
 Reference value :  1.51753e-06
 Reference value :  1.52313e-06
 Reference value :  1.52833e-06
 Reference value :  1.53393e-06
 Reference value :  1.53893e-06
 Reference value :  1.54473e-06
 Reference value :  1.54930e-06
 Reference value :  1.55225e-06
 Reference value :  1.55705e-06
 Reference value :  1.56165e-06
 Reference value :  1.56725e-06
 Reference value :  1.57225e-06
 Reference value :  1.57785e-06
 Reference value :  1.58285e-06
 Reference value :  1.58825e-06
 Reference value :  1.59385e-06
 Reference value :  1.59905e-06
 Reference value :  1.60153e-06
 Reference value :  1.60533e-06
 Reference value :  1.60933e-06
 Reference value :  1.61413e-06
 Reference value :  1.61793e-06
 Reference value :  1.62353e-06
 Reference value :  1.62873e-06
 Reference value :  1.63453e-06
 Reference value :  1.63973e-06
 Reference value :  1.64533e-06
 Reference value :  1.64970e-06
 Reference value :  1.65285e-06
 Reference value :  1.65785e-06
 Reference value :  1.66325e-06
 Reference value :  1.66905e-06
 Reference value :  1.67425e-06
 Reference value :  1.67925e-06
 Reference value :  1.68445e-06
 Reference value :  1.69005e-06
 Reference value :  1.69585e-06
 Reference value :  1.70014e-06
 Reference value :  1.70293e-06
 Reference value :  1.70673e-06
 Reference value :  1.71133e-06
 Reference value :  1.71533e-06
 Reference value :  1.71973e-06
 Reference value :  1.72533e-06
 Reference value :  1.73053e-06
 Reference value :  1.73633e-06
 Reference value :  1.74153e-06
 Reference value :  1.74693e-06
 Reference value :  1.75006e-06
 Reference value :  1.75405e-06
 Reference value :  1.75825e-06
 Reference value :  1.75885e-06
 Reference value :  1.75945e-06
 Reference value :  1.76205e-06
 Reference value :  1.76765e-06
 Reference value :  1.77285e-06
 Reference value :  1.77865e-06
 Reference value :  1.78385e-06
 Reference value :  1.78625e-06
 Reference value :  1.78805e-06
 Reference value :  1.79265e-06
 Reference value :  1.79825e-06
 Reference value :  1.80105e-06
 Reference value :  1.80493e-06
 Reference value :  1.80873e-06
 Reference value :  1.81313e-06
 Reference value :  1.81493e-06
 Reference value :  1.81913e-06
 Reference value :  1.82473e-06
 Reference value :  1.82993e-06
 Reference value :  1.83533e-06
 Reference value :  1.83633e-06
 Reference value :  1.84133e-06
 Reference value :  1.84653e-06
 Reference value :  1.85006e-06
 Reference value :  1.85425e-06
 Reference value :  1.85945e-06
 Reference value :  1.86505e-06
 Reference value :  1.86985e-06
 Reference value :  1.87425e-06
 Reference value :  1.87705e-06
 Reference value :  1.88285e-06
 Reference value :  1.88865e-06
 Reference value :  1.89385e-06
 Reference value :  1.89945e-06
 Reference value :  1.90153e-06
 Reference value :  1.90573e-06
 Reference value :  1.90993e-06
 Reference value :  1.91453e-06
 Reference value :  1.91873e-06
 Reference value :  1.92213e-06
 Reference value :  1.92673e-06
 Reference value :  1.93213e-06
 Reference value :  1.93773e-06
 Reference value :  1.94293e-06
 Reference value :  1.94793e-06
 Reference value :  1.94886e-06
 Reference value :  1.95014e-06
 Reference value :  1.95245e-06
 Reference value :  1.95685e-06
 Reference value :  1.96245e-06
 Reference value :  1.96745e-06
 Reference value :  1.97305e-06
 Reference value :  1.97845e-06
 Reference value :  1.98205e-06
 Reference value :  1.98685e-06
 Reference value :  1.99165e-06
 Reference value :  1.99725e-06
 Reference value :  2.00070e-06
 Reference value :  2.00233e-06
 Reference value :  2.00493e-06
 Reference value :  2.00793e-06
 Reference value :  2.01293e-06
 Reference value :  2.01633e-06
 Reference value :  2.02073e-06
 Reference value :  2.02293e-06
 Reference value :  2.02733e-06
 Reference value :  2.03273e-06
 Reference value :  2.03833e-06
 Reference value :  2.04413e-06
 Reference value :  2.04853e-06
 Reference value :  2.05000e-06
 Reference value :  2.05245e-06
 Reference value :  2.05745e-06
 Reference value :  2.06245e-06
 Reference value :  2.06805e-06
 Reference value :  2.07385e-06
 Reference value :  2.07885e-06
 Reference value :  2.08305e-06
 Reference value :  2.08585e-06
 Reference value :  2.09125e-06
 Reference value :  2.09645e-06
 Reference value :  2.10070e-06
 Reference value :  2.10373e-06
 Reference value :  2.10753e-06
 Reference value :  2.10973e-06
 Reference value :  2.11293e-06
 Reference value :  2.11653e-06
 Reference value :  2.12093e-06
 Reference value :  2.12673e-06
 Reference value :  2.13233e-06
 Reference value :  2.13393e-06
 Reference value :  2.13553e-06
 Reference value :  2.13993e-06
 Reference value :  2.14553e-06
 Reference value :  2.14970e-06
 Reference value :  2.15265e-06
 Reference value :  2.15725e-06
 Reference value :  2.16285e-06
 Reference value :  2.16785e-06
 Reference value :  2.17105e-06
 Reference value :  2.17285e-06
 Reference value :  2.17805e-06
 Reference value :  2.18365e-06
 Reference value :  2.18905e-06
 Reference value :  2.19465e-06
 Reference value :  2.19865e-06
 Reference value :  2.20085e-06
 Reference value :  2.20433e-06
 Reference value :  2.20833e-06
 Reference value :  2.21333e-06
 Reference value :  2.21613e-06
 Reference value :  2.21733e-06
 Reference value :  2.21973e-06
 Reference value :  2.22313e-06
 Reference value :  2.22673e-06
 Reference value :  2.22813e-06
 Reference value :  2.22913e-06
 Reference value :  2.23313e-06
 Reference value :  2.23753e-06
 Reference value :  2.24133e-06
 Reference value :  2.24533e-06
 Reference value :  2.24833e-06
 Reference value :  2.24930e-06
 Reference value :  2.25065e-06
 Reference value :  2.25385e-06
 Reference value :  2.25845e-06
 Reference value :  2.26425e-06
 Reference value :  2.26965e-06
 Reference value :  2.27525e-06
 Reference value :  2.27945e-06
 Reference value :  2.28525e-06
 Reference value :  2.29085e-06
 Reference value :  2.29625e-06
 Reference value :  2.30070e-06
 Reference value :  2.30333e-06
 Reference value :  2.30773e-06
 Reference value :  2.31233e-06
 Reference value :  2.31513e-06
 Reference value :  2.31733e-06
 Reference value :  2.32233e-06
 Reference value :  2.32813e-06
 Reference value :  2.33333e-06
 Reference value :  2.33913e-06
 Reference value :  2.34213e-06
 Reference value :  2.34613e-06
 Reference value :  2.35002e-06
 Reference value :  2.35165e-06
 Reference value :  2.35625e-06
 Reference value :  2.36125e-06
 Reference value :  2.36705e-06
 Reference value :  2.37085e-06
 Reference value :  2.37505e-06
 Reference value :  2.37885e-06
 Reference value :  2.38465e-06
 Reference value :  2.39005e-06
 Reference value :  2.39585e-06
 Reference value :  2.40050e-06
 Reference value :  2.40213e-06
 Reference value :  2.40413e-06
 Reference value :  2.40613e-06
 Reference value :  2.41073e-06
 Reference value :  2.41473e-06
 Reference value :  2.41893e-06
 Reference value :  2.42393e-06
 Reference value :  2.42733e-06
 Reference value :  2.43053e-06
 Reference value :  2.43553e-06
 Reference value :  2.44113e-06
 Reference value :  2.44633e-06
 Reference value :  2.45002e-06
 Reference value :  2.45385e-06
 Reference value :  2.45845e-06
 Reference value :  2.46025e-06
 Reference value :  2.46425e-06
 Reference value :  2.46945e-06
 Reference value :  2.47445e-06
 Reference value :  2.48025e-06
 Reference value :  2.48605e-06
 Reference value :  2.49185e-06
 Reference value :  2.49765e-06
 Reference value :  2.49905e-06
 Reference value :  2.50153e-06
 Reference value :  2.50513e-06
 Reference value :  2.50953e-06
 Reference value :  2.51393e-06
 Reference value :  2.51553e-06
 Reference value :  2.51973e-06
 Reference value :  2.52453e-06
 Reference value :  2.53013e-06
 Reference value :  2.53393e-06
 Reference value :  2.53953e-06
 Reference value :  2.54473e-06
 Reference value :  2.54950e-06
 Reference value :  2.55225e-06
 Reference value :  2.55525e-06
 Reference value :  2.55845e-06
 Reference value :  2.56085e-06
 Reference value :  2.56625e-06
 Reference value :  2.57125e-06
 Reference value :  2.57685e-06
 Reference value :  2.58265e-06
 Reference value :  2.58805e-06
 Reference value :  2.59105e-06
 Reference value :  2.59345e-06
 Reference value :  2.59925e-06
 Reference value :  2.60119e-06
 Reference value :  2.60533e-06
 Reference value :  2.60993e-06
 Reference value :  2.61453e-06
 Reference value :  2.61773e-06
 Reference value :  2.61873e-06
 Reference value :  2.62373e-06
 Reference value :  2.62873e-06
 Reference value :  2.63433e-06
 Reference value :  2.63913e-06
 Reference value :  2.64233e-06
 Reference value :  2.64513e-06
 Reference value :  2.64970e-06
 Reference value :  2.65285e-06
 Reference value :  2.65485e-06
 Reference value :  2.66005e-06
 Reference value :  2.66285e-06
 Reference value :  2.66665e-06
 Reference value :  2.67165e-06
 Reference value :  2.67725e-06
 Reference value :  2.68285e-06
 Reference value :  2.68805e-06
 Reference value :  2.69045e-06
 Reference value :  2.69285e-06
 Reference value :  2.69825e-06
 Reference value :  2.70100e-06
 Reference value :  2.70293e-06
 Reference value :  2.70533e-06
 Reference value :  2.70793e-06
 Reference value :  2.70973e-06
 Reference value :  2.71433e-06
 Reference value :  2.71833e-06
 Reference value :  2.72333e-06
 Reference value :  2.72833e-06
 Reference value :  2.73273e-06
 Reference value :  2.73753e-06
 Reference value :  2.74253e-06
 Reference value :  2.74813e-06
 Reference value :  2.74985e-06
 Reference value :  2.75205e-06
 Reference value :  2.75685e-06
 Reference value :  2.76025e-06
 Reference value :  2.76265e-06
 Reference value :  2.76625e-06
 Reference value :  2.77205e-06
 Reference value :  2.77785e-06
 Reference value :  2.78325e-06
 Reference value :  2.78885e-06
 Reference value :  2.79405e-06
 Reference value :  2.79785e-06
 Reference value :  2.80030e-06
 Reference value :  2.80273e-06
 Reference value :  2.80673e-06
 Reference value :  2.81153e-06
 Reference value :  2.81573e-06
 Reference value :  2.81873e-06
 Reference value :  2.82173e-06
 Reference value :  2.82693e-06
 Reference value :  2.83273e-06
 Reference value :  2.83813e-06
 Reference value :  2.84333e-06
 Reference value :  2.84693e-06
 Reference value :  2.84906e-06
 Reference value :  2.85205e-06
 Reference value :  2.85645e-06
 Reference value :  2.86245e-06
 Reference value :  2.86565e-06
 Reference value :  2.86665e-06
 Reference value :  2.87065e-06
 Reference value :  2.87445e-06
 Reference value :  2.87885e-06
 Reference value :  2.88265e-06
 Reference value :  2.88445e-06
 Reference value :  2.88585e-06
 Reference value :  2.88985e-06
 Reference value :  2.89365e-06
 Reference value :  2.89745e-06
 Reference value :  2.90070e-06
 Reference value :  2.90253e-06
 Reference value :  2.90493e-06
 Reference value :  2.90893e-06
 Reference value :  2.91373e-06
 Reference value :  2.91733e-06
 Reference value :  2.92273e-06
 Reference value :  2.92833e-06
 Reference value :  2.93213e-06
 Reference value :  2.93513e-06
 Reference value :  2.93973e-06
 Reference value :  2.94533e-06
 Reference value :  2.94970e-06
 Reference value :  2.95145e-06
 Reference value :  2.95445e-06
 Reference value :  2.95885e-06
 Reference value :  2.96465e-06
 Reference value :  2.96965e-06
 Reference value :  2.97545e-06
 Reference value :  2.98085e-06
 Reference value :  2.98285e-06
 Reference value :  2.98465e-06
 Reference value :  2.99005e-06
 Reference value :  2.99565e-06
No. of Data Rows : 15411
sim/harness: analysis complete
Note: Simulation executed from .control section 

Error: 4.93887e+165, 2 out of range for ^
    in line b.xxxtop.xxlf.xr3.brbody

Note: Starting dynamic gmin stepping
Note: Dynamic gmin stepping completed
