
Note: Compatibility modes selected: hs a


Circuit: ** sch_path: /home/ubuntu/github/sky130-pll/sim/pll-lock/testbench/tb_pll_lock.sch

option SCALE: Scale is set to 1e-06 for instance and model parameters
option SCALE: Scale is set to 1e-06 for instance and model parameters
option SCALE: Scale is set to 1e-06 for instance and model parameters
option SCALE: Scale is set to 1e-06 for instance and model parameters
Doing analysis at TEMP = 27.000000 and TNOM = 27.000000

Using KLU as Direct Linear Solver
 Reference value :  0.00000e+00
 Reference value :  1.01386e-09
 Reference value :  2.36837e-09
 Reference value :  5.70000e-09
 Reference value :  8.70000e-09
 Reference value :  1.05000e-08
 Reference value :  1.27000e-08
 Reference value :  1.65000e-08
 Reference value :  2.05000e-08
 Reference value :  2.43000e-08
 Reference value :  2.81000e-08
 Reference value :  3.11000e-08
 Reference value :  3.47000e-08
 Reference value :  3.89000e-08
 Reference value :  4.47000e-08
 Reference value :  4.93000e-08
 Reference value :  5.15928e-08
 Reference value :  5.67928e-08
 Reference value :  5.99928e-08
 Reference value :  6.33928e-08
 Reference value :  6.71928e-08
 Reference value :  6.95928e-08
 Reference value :  7.47928e-08
 Reference value :  8.05928e-08
 Reference value :  8.63928e-08
 Reference value :  8.93928e-08
 Reference value :  9.29928e-08
 Reference value :  9.83928e-08
 Reference value :  1.01042e-07
 Reference value :  1.04580e-07
 Reference value :  1.09780e-07
 Reference value :  1.13380e-07
 Reference value :  1.16980e-07
 Reference value :  1.22580e-07
 Reference value :  1.27380e-07
 Reference value :  1.32980e-07
 Reference value :  1.38180e-07
 Reference value :  1.43780e-07
 Reference value :  1.49000e-07
 Reference value :  1.50993e-07
 Reference value :  1.52993e-07
 Reference value :  1.56993e-07
 Reference value :  1.62593e-07
 Reference value :  1.67593e-07
 Reference value :  1.73393e-07
 Reference value :  1.78193e-07
 Reference value :  1.79793e-07
 Reference value :  1.82393e-07
 Reference value :  1.88193e-07
 Reference value :  1.93793e-07
 Reference value :  1.99593e-07
 Reference value :  2.01818e-07
 Reference value :  2.05818e-07
 Reference value :  2.09618e-07
 Reference value :  2.11218e-07
 Reference value :  2.16818e-07
 Reference value :  2.22018e-07
 Reference value :  2.27418e-07
 Reference value :  2.33218e-07
 Reference value :  2.38418e-07
 Reference value :  2.44218e-07
 Reference value :  2.49000e-07
 Reference value :  2.49984e-07
 Reference value :  2.50193e-07
 Reference value :  2.53593e-07
 Reference value :  2.58993e-07
 Reference value :  2.64593e-07
 Reference value :  2.70393e-07
 Reference value :  2.75593e-07
 Reference value :  2.81393e-07
 Reference value :  2.86593e-07
 Reference value :  2.92393e-07
 Reference value :  2.97993e-07
 Reference value :  3.01000e-07
 Reference value :  3.03818e-07
 Reference value :  3.06018e-07
 Reference value :  3.11618e-07
 Reference value :  3.16618e-07
 Reference value :  3.21018e-07
 Reference value :  3.25018e-07
 Reference value :  3.30218e-07
 Reference value :  3.36018e-07
 Reference value :  3.38618e-07
 Reference value :  3.39618e-07
 Reference value :  3.42418e-07
 Reference value :  3.47818e-07
 Reference value :  3.50042e-07
 Reference value :  3.54593e-07
 Reference value :  3.60193e-07
 Reference value :  3.65193e-07
 Reference value :  3.70793e-07
 Reference value :  3.72793e-07
 Reference value :  3.73393e-07
 Reference value :  3.74193e-07
 Reference value :  3.77193e-07
 Reference value :  3.82393e-07
 Reference value :  3.87793e-07
 Reference value :  3.92993e-07
 Reference value :  3.97993e-07
 Reference value :  3.98993e-07
 Reference value :  4.00020e-07
 Reference value :  4.02218e-07
 Reference value :  4.06018e-07
 Reference value :  4.10818e-07
 Reference value :  4.16018e-07
 Reference value :  4.21618e-07
 Reference value :  4.25418e-07
 Reference value :  4.28818e-07
 Reference value :  4.34418e-07
 Reference value :  4.39418e-07
 Reference value :  4.45018e-07
 Reference value :  4.49700e-07
 Reference value :  4.50593e-07
 Reference value :  4.52993e-07
 Reference value :  4.58593e-07
 Reference value :  4.64193e-07
 Reference value :  4.69393e-07
 Reference value :  4.74193e-07
 Reference value :  4.78393e-07
 Reference value :  4.79793e-07
 Reference value :  4.82993e-07
 Reference value :  4.88593e-07
 Reference value :  4.93793e-07
 Reference value :  4.99193e-07
 Reference value :  5.01418e-07
 Reference value :  5.04218e-07
 Reference value :  5.08418e-07
 Reference value :  5.12818e-07
 Reference value :  5.14818e-07
 Reference value :  5.20018e-07
 Reference value :  5.25618e-07
 Reference value :  5.31218e-07
 Reference value :  5.35818e-07
 Reference value :  5.41018e-07
 Reference value :  5.42418e-07
 Reference value :  5.47818e-07
 Reference value :  5.50042e-07
 Reference value :  5.54793e-07
 Reference value :  5.60393e-07
 Reference value :  5.62993e-07
 Reference value :  5.66593e-07
 Reference value :  5.70793e-07
 Reference value :  5.75993e-07
 Reference value :  5.81193e-07
 Reference value :  5.86793e-07
 Reference value :  5.92593e-07
 Reference value :  5.97193e-07
 Reference value :  6.00850e-07
 Reference value :  6.03618e-07
 Reference value :  6.07818e-07
 Reference value :  6.13018e-07
 Reference value :  6.18618e-07
 Reference value :  6.24418e-07
 Reference value :  6.29618e-07
 Reference value :  6.35218e-07
 Reference value :  6.40418e-07
 Reference value :  6.46218e-07
 Reference value :  6.47218e-07
 Reference value :  6.49300e-07
 Reference value :  6.51993e-07
 Reference value :  6.56993e-07
 Reference value :  6.62793e-07
 Reference value :  6.67793e-07
 Reference value :  6.73393e-07
 Reference value :  6.78193e-07
 Reference value :  6.81393e-07
 Reference value :  6.86993e-07
 Reference value :  6.91593e-07
 Reference value :  6.97393e-07
 Reference value :  7.00700e-07
 Reference value :  7.03818e-07
 Reference value :  7.06018e-07
 Reference value :  7.08618e-07
 Reference value :  7.14018e-07
 Reference value :  7.19018e-07
 Reference value :  7.24618e-07
 Reference value :  7.28418e-07
 Reference value :  7.34018e-07
 Reference value :  7.37818e-07
 Reference value :  7.41618e-07
 Reference value :  7.47218e-07
 Reference value :  7.50042e-07
 Reference value :  7.54593e-07
 Reference value :  7.59193e-07
 Reference value :  7.61593e-07
 Reference value :  7.64593e-07
 Reference value :  7.70193e-07
 Reference value :  7.75793e-07
 Reference value :  7.81393e-07
 Reference value :  7.86593e-07
 Reference value :  7.90193e-07
 Reference value :  7.95393e-07
 Reference value :  7.99793e-07
 Reference value :  8.01818e-07
 Reference value :  8.06018e-07
 Reference value :  8.10818e-07
 Reference value :  8.14818e-07
 Reference value :  8.17618e-07
 Reference value :  8.23018e-07
 Reference value :  8.27818e-07
 Reference value :  8.33218e-07
 Reference value :  8.37818e-07
 Reference value :  8.40418e-07
 Reference value :  8.45618e-07
 Reference value :  8.49850e-07
 Reference value :  8.52993e-07
 Reference value :  8.58193e-07
 Reference value :  8.63793e-07
 Reference value :  8.68993e-07
 Reference value :  8.72993e-07
 Reference value :  8.74393e-07
 Reference value :  8.79393e-07
 Reference value :  8.84993e-07
 Reference value :  8.90193e-07
 Reference value :  8.95193e-07
 Reference value :  8.98593e-07
 Reference value :  9.00850e-07
 Reference value :  9.04018e-07
 Reference value :  9.07818e-07
 Reference value :  9.13018e-07
 Reference value :  9.18218e-07
 Reference value :  9.23818e-07
 Reference value :  9.28218e-07
 Reference value :  9.31618e-07
 Reference value :  9.37018e-07
 Reference value :  9.42018e-07
 Reference value :  9.47618e-07
 Reference value :  9.49984e-07
 Reference value :  9.52993e-07
 Reference value :  9.57993e-07
 Reference value :  9.63593e-07
 Reference value :  9.69193e-07
 Reference value :  9.71193e-07
 Reference value :  9.75993e-07
 Reference value :  9.80793e-07
 Reference value :  9.85593e-07
 Reference value :  9.89193e-07
 Reference value :  9.94593e-07
 Reference value :  1.00002e-06
 Reference value :  1.00202e-06
 Reference value :  1.00582e-06
 Reference value :  1.00882e-06
 Reference value :  1.01422e-06
 Reference value :  1.01882e-06
 Reference value :  1.02442e-06
 Reference value :  1.02982e-06
 Reference value :  1.03522e-06
 Reference value :  1.04082e-06
 Reference value :  1.04502e-06
 Reference value :  1.04970e-06
 Reference value :  1.05079e-06
 Reference value :  1.05459e-06
 Reference value :  1.05979e-06
 Reference value :  1.06519e-06
 Reference value :  1.07079e-06
 Reference value :  1.07559e-06
 Reference value :  1.07839e-06
 Reference value :  1.08079e-06
 Reference value :  1.08639e-06
 Reference value :  1.08819e-06
 Reference value :  1.09319e-06
 Reference value :  1.09819e-06
 Reference value :  1.10050e-06
 Reference value :  1.10262e-06
 Reference value :  1.10642e-06
 Reference value :  1.11142e-06
 Reference value :  1.11642e-06
 Reference value :  1.11962e-06
 Reference value :  1.12262e-06
 Reference value :  1.12782e-06
 Reference value :  1.13302e-06
 Reference value :  1.13782e-06
 Reference value :  1.14342e-06
 Reference value :  1.14782e-06
 Reference value :  1.14998e-06
 Reference value :  1.15319e-06
 Reference value :  1.15859e-06
 Reference value :  1.16359e-06
 Reference value :  1.16939e-06
 Reference value :  1.17399e-06
 Reference value :  1.17719e-06
 Reference value :  1.18019e-06
 Reference value :  1.18499e-06
 Reference value :  1.19059e-06
 Reference value :  1.19579e-06
 Reference value :  1.20030e-06
 Reference value :  1.20242e-06
 Reference value :  1.20482e-06
 Reference value :  1.20682e-06
 Reference value :  1.21122e-06
 Reference value :  1.21662e-06
 Reference value :  1.22162e-06
 Reference value :  1.22702e-06
 Reference value :  1.23202e-06
 Reference value :  1.23602e-06
 Reference value :  1.23782e-06
 Reference value :  1.24302e-06
 Reference value :  1.24862e-06
 Reference value :  1.25039e-06
 Reference value :  1.25539e-06
 Reference value :  1.25939e-06
 Reference value :  1.26059e-06
 Reference value :  1.26559e-06
 Reference value :  1.27119e-06
 Reference value :  1.27679e-06
 Reference value :  1.28219e-06
 Reference value :  1.28679e-06
 Reference value :  1.29059e-06
 Reference value :  1.29499e-06
 Reference value :  1.30000e-06
 Reference value :  1.30182e-06
 Reference value :  1.30602e-06
 Reference value :  1.31042e-06
 Reference value :  1.31602e-06
 Reference value :  1.31902e-06
 Reference value :  1.32442e-06
 Reference value :  1.32962e-06
 Reference value :  1.33502e-06
 Reference value :  1.34062e-06
 Reference value :  1.34602e-06
 Reference value :  1.34985e-06
 Reference value :  1.35059e-06
 Reference value :  1.35499e-06
 Reference value :  1.36059e-06
 Reference value :  1.36599e-06
 Reference value :  1.37159e-06
 Reference value :  1.37599e-06
 Reference value :  1.38099e-06
 Reference value :  1.38579e-06
 Reference value :  1.38979e-06
 Reference value :  1.39479e-06
 Reference value :  1.39819e-06
 Reference value :  1.40070e-06
 Reference value :  1.40322e-06
 Reference value :  1.40702e-06
 Reference value :  1.41162e-06
 Reference value :  1.41522e-06
 Reference value :  1.41762e-06
 Reference value :  1.42302e-06
 Reference value :  1.42862e-06
 Reference value :  1.43382e-06
 Reference value :  1.43962e-06
 Reference value :  1.44502e-06
 Reference value :  1.44970e-06
 Reference value :  1.45179e-06
 Reference value :  1.45719e-06
 Reference value :  1.46279e-06
 Reference value :  1.46779e-06
 Reference value :  1.47199e-06
 Reference value :  1.47619e-06
 Reference value :  1.48099e-06
 Reference value :  1.48599e-06
 Reference value :  1.49179e-06
 Reference value :  1.49759e-06
 Reference value :  1.50006e-06
 Reference value :  1.50093e-06
 Reference value :  1.50342e-06
 Reference value :  1.50762e-06
 Reference value :  1.51282e-06
 Reference value :  1.51862e-06
 Reference value :  1.52442e-06
 Reference value :  1.52902e-06
 Reference value :  1.53482e-06
 Reference value :  1.53742e-06
 Reference value :  1.54282e-06
 Reference value :  1.54782e-06
 Reference value :  1.55039e-06
 Reference value :  1.55499e-06
 Reference value :  1.56059e-06
 Reference value :  1.56519e-06
 Reference value :  1.56799e-06
 Reference value :  1.57359e-06
 Reference value :  1.57879e-06
 Reference value :  1.58359e-06
 Reference value :  1.58579e-06
 Reference value :  1.58979e-06
 Reference value :  1.59219e-06
 Reference value :  1.59739e-06
 Reference value :  1.60093e-06
 Reference value :  1.60402e-06
 Reference value :  1.60842e-06
 Reference value :  1.61362e-06
 Reference value :  1.61782e-06
 Reference value :  1.62122e-06
 Reference value :  1.62602e-06
 Reference value :  1.63182e-06
 Reference value :  1.63722e-06
 Reference value :  1.64302e-06
 Reference value :  1.64522e-06
 Reference value :  1.64906e-06
 Reference value :  1.65159e-06
 Reference value :  1.65679e-06
 Reference value :  1.66259e-06
 Reference value :  1.66799e-06
 Reference value :  1.67359e-06
 Reference value :  1.67779e-06
 Reference value :  1.68139e-06
 Reference value :  1.68699e-06
 Reference value :  1.69279e-06
 Reference value :  1.69839e-06
 Reference value :  1.70102e-06
 Reference value :  1.70442e-06
 Reference value :  1.70642e-06
 Reference value :  1.71102e-06
 Reference value :  1.71642e-06
 Reference value :  1.72202e-06
 Reference value :  1.72762e-06
 Reference value :  1.73262e-06
 Reference value :  1.73582e-06
 Reference value :  1.73742e-06
 Reference value :  1.74022e-06
 Reference value :  1.74522e-06
 Reference value :  1.74950e-06
 Reference value :  1.75009e-06
 Reference value :  1.75219e-06
 Reference value :  1.75559e-06
 Reference value :  1.75879e-06
 Reference value :  1.76099e-06
 Reference value :  1.76579e-06
 Reference value :  1.76899e-06
 Reference value :  1.77179e-06
 Reference value :  1.77739e-06
 Reference value :  1.78259e-06
 Reference value :  1.78819e-06
 Reference value :  1.79359e-06
 Reference value :  1.79659e-06
 Reference value :  1.79990e-06
 Reference value :  1.80182e-06
 Reference value :  1.80622e-06
 Reference value :  1.81142e-06
 Reference value :  1.81662e-06
 Reference value :  1.82002e-06
 Reference value :  1.82402e-06
 Reference value :  1.82742e-06
 Reference value :  1.83182e-06
 Reference value :  1.83762e-06
 Reference value :  1.84302e-06
 Reference value :  1.84862e-06
 Reference value :  1.85099e-06
 Reference value :  1.85499e-06
 Reference value :  1.85939e-06
 Reference value :  1.86159e-06
 Reference value :  1.86339e-06
 Reference value :  1.86839e-06
 Reference value :  1.87399e-06
 Reference value :  1.87979e-06
 Reference value :  1.88499e-06
 Reference value :  1.88999e-06
 Reference value :  1.89479e-06
 Reference value :  1.89799e-06
 Reference value :  1.90093e-06
 Reference value :  1.90442e-06
 Reference value :  1.90942e-06
 Reference value :  1.91442e-06
 Reference value :  1.91722e-06
 Reference value :  1.92022e-06
 Reference value :  1.92582e-06
 Reference value :  1.93122e-06
 Reference value :  1.93682e-06
 Reference value :  1.94242e-06
 Reference value :  1.94762e-06
 Reference value :  1.95019e-06
 Reference value :  1.95479e-06
 Reference value :  1.96039e-06
 Reference value :  1.96559e-06
 Reference value :  1.97079e-06
 Reference value :  1.97539e-06
 Reference value :  1.97839e-06
 Reference value :  1.98399e-06
 Reference value :  1.98799e-06
 Reference value :  1.99159e-06
 Reference value :  1.99479e-06
 Reference value :  1.99699e-06
 Reference value :  2.00050e-06
 Reference value :  2.00262e-06
 Reference value :  2.00682e-06
 Reference value :  2.01202e-06
 Reference value :  2.01382e-06
 Reference value :  2.01842e-06
 Reference value :  2.02162e-06
 Reference value :  2.02282e-06
 Reference value :  2.02842e-06
 Reference value :  2.03402e-06
 Reference value :  2.03902e-06
 Reference value :  2.04482e-06
 Reference value :  2.04906e-06
 Reference value :  2.05039e-06
 Reference value :  2.05319e-06
 Reference value :  2.05859e-06
 Reference value :  2.06439e-06
 Reference value :  2.06939e-06
 Reference value :  2.07519e-06
 Reference value :  2.07979e-06
 Reference value :  2.08359e-06
 Reference value :  2.08759e-06
 Reference value :  2.09199e-06
 Reference value :  2.09759e-06
 Reference value :  2.10093e-06
 Reference value :  2.10442e-06
 Reference value :  2.10882e-06
 Reference value :  2.11382e-06
 Reference value :  2.11562e-06
 Reference value :  2.11642e-06
 Reference value :  2.12022e-06
 Reference value :  2.12522e-06
 Reference value :  2.13102e-06
 Reference value :  2.13622e-06
 Reference value :  2.14062e-06
 Reference value :  2.14362e-06
 Reference value :  2.14862e-06
 Reference value :  2.15099e-06
 Reference value :  2.15619e-06
 Reference value :  2.16199e-06
 Reference value :  2.16339e-06
 Reference value :  2.16919e-06
 Reference value :  2.17439e-06
 Reference value :  2.17999e-06
 Reference value :  2.18519e-06
 Reference value :  2.18639e-06
 Reference value :  2.19059e-06
 Reference value :  2.19559e-06
 Reference value :  2.20030e-06
 Reference value :  2.20282e-06
 Reference value :  2.20702e-06
 Reference value :  2.21242e-06
 Reference value :  2.21802e-06
 Reference value :  2.22382e-06
 Reference value :  2.22782e-06
 Reference value :  2.23002e-06
 Reference value :  2.23522e-06
 Reference value :  2.23682e-06
 Reference value :  2.24202e-06
 Reference value :  2.24762e-06
 Reference value :  2.25001e-06
 Reference value :  2.25299e-06
 Reference value :  2.25579e-06
 Reference value :  2.26019e-06
 Reference value :  2.26579e-06
 Reference value :  2.27119e-06
 Reference value :  2.27679e-06
 Reference value :  2.28139e-06
 Reference value :  2.28399e-06
 Reference value :  2.28879e-06
 Reference value :  2.29399e-06
 Reference value :  2.29959e-06
 Reference value :  2.30142e-06
 Reference value :  2.30562e-06
 Reference value :  2.31022e-06
 Reference value :  2.31602e-06
 Reference value :  2.32162e-06
 Reference value :  2.32602e-06
 Reference value :  2.32982e-06
 Reference value :  2.33282e-06
 Reference value :  2.33862e-06
 Reference value :  2.34282e-06
 Reference value :  2.34862e-06
 Reference value :  2.35099e-06
 Reference value :  2.35539e-06
 Reference value :  2.35799e-06
 Reference value :  2.36079e-06
 Reference value :  2.36659e-06
 Reference value :  2.37159e-06
 Reference value :  2.37719e-06
 Reference value :  2.38279e-06
 Reference value :  2.38799e-06
 Reference value :  2.39179e-06
 Reference value :  2.39439e-06
 Reference value :  2.39959e-06
 Reference value :  2.40142e-06
 Reference value :  2.40542e-06
 Reference value :  2.41042e-06
 Reference value :  2.41542e-06
 Reference value :  2.41942e-06
 Reference value :  2.42242e-06
 Reference value :  2.42802e-06
 Reference value :  2.43302e-06
 Reference value :  2.43882e-06
 Reference value :  2.44442e-06
 Reference value :  2.44950e-06
 Reference value :  2.45159e-06
 Reference value :  2.45639e-06
 Reference value :  2.46199e-06
 Reference value :  2.46719e-06
 Reference value :  2.47279e-06
 Reference value :  2.47819e-06
 Reference value :  2.48319e-06
 Reference value :  2.48499e-06
 Reference value :  2.49019e-06
 Reference value :  2.49559e-06
 Reference value :  2.50014e-06
 Reference value :  2.50282e-06
 Reference value :  2.50662e-06
 Reference value :  2.51222e-06
 Reference value :  2.51782e-06
 Reference value :  2.52282e-06
 Reference value :  2.52842e-06
 Reference value :  2.53382e-06
 Reference value :  2.53942e-06
 Reference value :  2.54482e-06
 Reference value :  2.54970e-06
 Reference value :  2.55259e-06
 Reference value :  2.55779e-06
 Reference value :  2.56339e-06
 Reference value :  2.56859e-06
 Reference value :  2.57419e-06
 Reference value :  2.57939e-06
 Reference value :  2.58499e-06
 Reference value :  2.59079e-06
 Reference value :  2.59599e-06
 Reference value :  2.60070e-06
 Reference value :  2.60242e-06
 Reference value :  2.60642e-06
 Reference value :  2.61162e-06
 Reference value :  2.61722e-06
 Reference value :  2.62302e-06
 Reference value :  2.62862e-06
 Reference value :  2.63422e-06
 Reference value :  2.63962e-06
 Reference value :  2.64522e-06
 Reference value :  2.64970e-06
 Reference value :  2.65199e-06
 Reference value :  2.65739e-06
 Reference value :  2.66279e-06
 Reference value :  2.66839e-06
 Reference value :  2.67159e-06
 Reference value :  2.67719e-06
 Reference value :  2.68239e-06
 Reference value :  2.68479e-06
 Reference value :  2.68839e-06
 Reference value :  2.69239e-06
 Reference value :  2.69659e-06
 Reference value :  2.70000e-06
 Reference value :  2.70222e-06
 Reference value :  2.70622e-06
 Reference value :  2.71122e-06
 Reference value :  2.71662e-06
 Reference value :  2.72202e-06
 Reference value :  2.72762e-06
 Reference value :  2.73282e-06
 Reference value :  2.73822e-06
 Reference value :  2.74342e-06
 Reference value :  2.74900e-06
 Reference value :  2.75059e-06
 Reference value :  2.75559e-06
 Reference value :  2.76139e-06
 Reference value :  2.76639e-06
 Reference value :  2.77199e-06
 Reference value :  2.77699e-06
 Reference value :  2.78259e-06
 Reference value :  2.78799e-06
 Reference value :  2.79359e-06
 Reference value :  2.79899e-06
 Reference value :  2.80105e-06
 Reference value :  2.80502e-06
 Reference value :  2.80962e-06
 Reference value :  2.81502e-06
 Reference value :  2.82042e-06
 Reference value :  2.82162e-06
 Reference value :  2.82722e-06
 Reference value :  2.83242e-06
 Reference value :  2.83802e-06
 Reference value :  2.84282e-06
 Reference value :  2.84822e-06
 Reference value :  2.85009e-06
 Reference value :  2.85479e-06
 Reference value :  2.86039e-06
 Reference value :  2.86539e-06
 Reference value :  2.87119e-06
 Reference value :  2.87639e-06
 Reference value :  2.88199e-06
 Reference value :  2.88719e-06
 Reference value :  2.89039e-06
 Reference value :  2.89459e-06
 Reference value :  2.89839e-06
 Reference value :  2.90070e-06
 Reference value :  2.90182e-06
 Reference value :  2.90602e-06
 Reference value :  2.91082e-06
 Reference value :  2.91622e-06
 Reference value :  2.92182e-06
 Reference value :  2.92642e-06
 Reference value :  2.93162e-06
 Reference value :  2.93622e-06
 Reference value :  2.94182e-06
 Reference value :  2.94662e-06
 Reference value :  2.94998e-06
 Reference value :  2.95359e-06
 Reference value :  2.95859e-06
 Reference value :  2.96419e-06
 Reference value :  2.96919e-06
 Reference value :  2.97479e-06
 Reference value :  2.97999e-06
 Reference value :  2.98559e-06
 Reference value :  2.99139e-06
 Reference value :  2.99639e-06
 Reference value :  2.99748e-06
 Reference value :  2.99947e-06
No. of Data Rows : 15467
sim/harness: analysis complete
Note: Simulation executed from .control section 
Warning: singular matrix:  check node xxxtop.vctrl

Note: Starting dynamic gmin stepping
Note: Dynamic gmin stepping completed
