
Note: Compatibility modes selected: hs a


Circuit: ** sch_path: /home/ubuntu/github/sky130-pll/sim/pll-lock/testbench/tb_pll_lock.sch

option SCALE: Scale is set to 1e-06 for instance and model parameters
option SCALE: Scale is set to 1e-06 for instance and model parameters
option SCALE: Scale is set to 1e-06 for instance and model parameters
option SCALE: Scale is set to 1e-06 for instance and model parameters
Doing analysis at TEMP = -40.000000 and TNOM = 27.000000

Using KLU as Direct Linear Solver
 Reference value :  0.00000e+00
 Reference value :  1.21118e-09
 Reference value :  4.47941e-09
 Reference value :  5.74712e-09
 Reference value :  6.04147e-09
 Reference value :  6.57098e-09
 Reference value :  7.24127e-09
 Reference value :  7.78289e-09
 Reference value :  1.07860e-08
 Reference value :  1.22778e-08
 Reference value :  1.26818e-08
 Reference value :  1.35090e-08
 Reference value :  1.49090e-08
 Reference value :  1.71980e-08
 Reference value :  1.94311e-08
 Reference value :  2.19642e-08
 Reference value :  2.28535e-08
 Reference value :  2.52535e-08
 Reference value :  2.68535e-08
 Reference value :  2.71324e-08
 Reference value :  2.85040e-08
 Reference value :  3.17040e-08
 Reference value :  3.25055e-08
 Reference value :  3.56568e-08
 Reference value :  3.71799e-08
 Reference value :  3.80515e-08
 Reference value :  4.10515e-08
 Reference value :  4.24337e-08
 Reference value :  4.39207e-08
 Reference value :  4.61207e-08
 Reference value :  4.70549e-08
 Reference value :  4.86914e-08
 Reference value :  5.02481e-08
 Reference value :  5.22133e-08
 Reference value :  5.34788e-08
 Reference value :  5.62788e-08
 Reference value :  5.68508e-08
 Reference value :  5.83800e-08
 Reference value :  6.17327e-08
 Reference value :  6.25397e-08
 Reference value :  6.37397e-08
 Reference value :  6.70507e-08
 Reference value :  6.87392e-08
 Reference value :  7.18567e-08
 Reference value :  7.24261e-08
 Reference value :  7.48261e-08
 Reference value :  7.69571e-08
 Reference value :  7.73778e-08
 Reference value :  8.09778e-08
 Reference value :  8.20419e-08
 Reference value :  8.34265e-08
 Reference value :  8.50265e-08
 Reference value :  8.66265e-08
 Reference value :  8.74736e-08
 Reference value :  9.10736e-08
 Reference value :  9.22040e-08
 Reference value :  9.32697e-08
 Reference value :  9.54697e-08
 Reference value :  9.71182e-08
 Reference value :  9.72897e-08
 Reference value :  1.00060e-07
 Reference value :  1.01361e-07
 Reference value :  1.02441e-07
 Reference value :  1.02613e-07
 Reference value :  1.05213e-07
 Reference value :  1.07263e-07
 Reference value :  1.09846e-07
 Reference value :  1.11919e-07
 Reference value :  1.13042e-07
 Reference value :  1.14042e-07
 Reference value :  1.14442e-07
 Reference value :  1.16679e-07
 Reference value :  1.19156e-07
 Reference value :  1.21031e-07
 Reference value :  1.21700e-07
 Reference value :  1.23900e-07
 Reference value :  1.25727e-07
 Reference value :  1.28071e-07
 Reference value :  1.29748e-07
 Reference value :  1.30248e-07
 Reference value :  1.31185e-07
 Reference value :  1.33585e-07
 Reference value :  1.34568e-07
 Reference value :  1.37568e-07
 Reference value :  1.38652e-07
 Reference value :  1.39831e-07
 Reference value :  1.42303e-07
 Reference value :  1.44605e-07
 Reference value :  1.46705e-07
 Reference value :  1.49000e-07
 Reference value :  1.50088e-07
 Reference value :  1.52498e-07
 Reference value :  1.53766e-07
 Reference value :  1.54494e-07
 Reference value :  1.56668e-07
 Reference value :  1.57669e-07
 Reference value :  1.60596e-07
 Reference value :  1.61192e-07
 Reference value :  1.62381e-07
 Reference value :  1.64523e-07
 Reference value :  1.66437e-07
 Reference value :  1.67594e-07
 Reference value :  1.68827e-07
 Reference value :  1.71195e-07
 Reference value :  1.71843e-07
 Reference value :  1.74041e-07
 Reference value :  1.74814e-07
 Reference value :  1.76563e-07
 Reference value :  1.78225e-07
 Reference value :  1.80973e-07
 Reference value :  1.81493e-07
 Reference value :  1.81986e-07
 Reference value :  1.82377e-07
 Reference value :  1.84377e-07
 Reference value :  1.84750e-07
 Reference value :  1.86516e-07
 Reference value :  1.87661e-07
 Reference value :  1.87888e-07
 Reference value :  1.89661e-07
 Reference value :  1.91123e-07
 Reference value :  1.93691e-07
 Reference value :  1.95117e-07
 Reference value :  1.97017e-07
 Reference value :  1.97634e-07
 Reference value :  2.00000e-07
 Reference value :  2.00254e-07
 Reference value :  2.01000e-07
 Reference value :  2.02317e-07
 Reference value :  2.03190e-07
 Reference value :  2.04075e-07
 Reference value :  2.04675e-07
 Reference value :  2.05815e-07
 Reference value :  2.05908e-07
 Reference value :  2.06697e-07
 Reference value :  2.07897e-07
 Reference value :  2.08697e-07
 Reference value :  2.08897e-07
 Reference value :  2.10496e-07
 Reference value :  2.12033e-07
 Reference value :  2.12760e-07
 Reference value :  2.13341e-07
 Reference value :  2.14302e-07
 Reference value :  2.14984e-07
 Reference value :  2.17442e-07
 Reference value :  2.17969e-07
 Reference value :  2.18613e-07
 Reference value :  2.20508e-07
 Reference value :  2.21070e-07
 Reference value :  2.23233e-07
 Reference value :  2.23712e-07
 Reference value :  2.26067e-07
 Reference value :  2.27796e-07
 Reference value :  2.29089e-07
 Reference value :  2.29710e-07
 Reference value :  2.32154e-07
 Reference value :  2.34299e-07
 Reference value :  2.35246e-07
 Reference value :  2.37309e-07
 Reference value :  2.37919e-07
 Reference value :  2.38319e-07
 Reference value :  2.40425e-07
 Reference value :  2.41115e-07
 Reference value :  2.42641e-07
 Reference value :  2.44500e-07
 Reference value :  2.46700e-07
 Reference value :  2.47335e-07
 Reference value :  2.49000e-07
 Reference value :  2.50200e-07
 Reference value :  2.52493e-07
 Reference value :  2.53029e-07
 Reference value :  2.53338e-07
 Reference value :  2.55097e-07
 Reference value :  2.56645e-07
 Reference value :  2.59024e-07
 Reference value :  2.59799e-07
 Reference value :  2.61379e-07
 Reference value :  2.62505e-07
 Reference value :  2.62799e-07
 Reference value :  2.65340e-07
 Reference value :  2.65833e-07
 Reference value :  2.66133e-07
 Reference value :  2.67913e-07
 Reference value :  2.68834e-07
 Reference value :  2.69137e-07
 Reference value :  2.71674e-07
 Reference value :  2.72475e-07
 Reference value :  2.74875e-07
 Reference value :  2.76033e-07
 Reference value :  2.78190e-07
 Reference value :  2.78391e-07
 Reference value :  2.78966e-07
 Reference value :  2.81637e-07
 Reference value :  2.83533e-07
 Reference value :  2.85367e-07
 Reference value :  2.86753e-07
 Reference value :  2.87953e-07
 Reference value :  2.88110e-07
 Reference value :  2.88477e-07
 Reference value :  2.89384e-07
 Reference value :  2.90784e-07
 Reference value :  2.91352e-07
 Reference value :  2.92335e-07
 Reference value :  2.94903e-07
 Reference value :  2.95218e-07
 Reference value :  2.96890e-07
 Reference value :  2.98686e-07
 Reference value :  2.99686e-07
 Reference value :  3.00300e-07
 Reference value :  3.01077e-07
 Reference value :  3.01898e-07
 Reference value :  3.03961e-07
 Reference value :  3.05140e-07
 Reference value :  3.05436e-07
 Reference value :  3.07250e-07
 Reference value :  3.09043e-07
 Reference value :  3.10443e-07
 Reference value :  3.11443e-07
 Reference value :  3.12036e-07
 Reference value :  3.13113e-07
 Reference value :  3.15471e-07
 Reference value :  3.17816e-07
 Reference value :  3.18387e-07
 Reference value :  3.19015e-07
 Reference value :  3.19990e-07
 Reference value :  3.22197e-07
 Reference value :  3.24909e-07
 Reference value :  3.25366e-07
 Reference value :  3.25994e-07
 Reference value :  3.27594e-07
 Reference value :  3.29059e-07
 Reference value :  3.31369e-07
 Reference value :  3.32309e-07
 Reference value :  3.34345e-07
 Reference value :  3.35336e-07
 Reference value :  3.37391e-07
 Reference value :  3.38241e-07
 Reference value :  3.40441e-07
 Reference value :  3.41747e-07
 Reference value :  3.43568e-07
 Reference value :  3.44185e-07
 Reference value :  3.46344e-07
 Reference value :  3.48031e-07
 Reference value :  3.49020e-07
 Reference value :  3.49639e-07
 Reference value :  3.51261e-07
 Reference value :  3.52330e-07
 Reference value :  3.54844e-07
 Reference value :  3.55323e-07
 Reference value :  3.57659e-07
 Reference value :  3.58878e-07
 Reference value :  3.60515e-07
 Reference value :  3.61666e-07
 Reference value :  3.62466e-07
 Reference value :  3.63486e-07
 Reference value :  3.65600e-07
 Reference value :  3.66295e-07
 Reference value :  3.66549e-07
 Reference value :  3.67176e-07
 Reference value :  3.68436e-07
 Reference value :  3.69239e-07
 Reference value :  3.71439e-07
 Reference value :  3.71843e-07
 Reference value :  3.72458e-07
 Reference value :  3.74161e-07
 Reference value :  3.75428e-07
 Reference value :  3.77510e-07
 Reference value :  3.79710e-07
 Reference value :  3.80865e-07
 Reference value :  3.82560e-07
 Reference value :  3.84690e-07
 Reference value :  3.86890e-07
 Reference value :  3.88285e-07
 Reference value :  3.89768e-07
 Reference value :  3.90989e-07
 Reference value :  3.93311e-07
 Reference value :  3.93863e-07
 Reference value :  3.95685e-07
 Reference value :  3.96920e-07
 Reference value :  3.99120e-07
 Reference value :  3.99438e-07
 Reference value :  4.00300e-07
 Reference value :  4.01564e-07
 Reference value :  4.02514e-07
 Reference value :  4.04859e-07
 Reference value :  4.05361e-07
 Reference value :  4.07139e-07
 Reference value :  4.08189e-07
 Reference value :  4.09572e-07
 Reference value :  4.10715e-07
 Reference value :  4.11187e-07
 Reference value :  4.12083e-07
 Reference value :  4.13635e-07
 Reference value :  4.15973e-07
 Reference value :  4.16455e-07
 Reference value :  4.17300e-07
 Reference value :  4.18674e-07
 Reference value :  4.20342e-07
 Reference value :  4.22017e-07
 Reference value :  4.23148e-07
 Reference value :  4.24781e-07
 Reference value :  4.26923e-07
 Reference value :  4.27253e-07
 Reference value :  4.27962e-07
 Reference value :  4.30100e-07
 Reference value :  4.32377e-07
 Reference value :  4.32878e-07
 Reference value :  4.33862e-07
 Reference value :  4.35195e-07
 Reference value :  4.35530e-07
 Reference value :  4.37085e-07
 Reference value :  4.37938e-07
 Reference value :  4.38030e-07
 Reference value :  4.38821e-07
 Reference value :  4.39621e-07
 Reference value :  4.40370e-07
 Reference value :  4.41961e-07
 Reference value :  4.43272e-07
 Reference value :  4.44883e-07
 Reference value :  4.45660e-07
 Reference value :  4.46188e-07
 Reference value :  4.47388e-07
 Reference value :  4.48196e-07
 Reference value :  4.49060e-07
 Reference value :  4.50492e-07
 Reference value :  4.51751e-07
 Reference value :  4.53480e-07
 Reference value :  4.54378e-07
 Reference value :  4.54978e-07
 Reference value :  4.55889e-07
 Reference value :  4.58149e-07
 Reference value :  4.58691e-07
 Reference value :  4.59176e-07
 Reference value :  4.59624e-07
 Reference value :  4.60840e-07
 Reference value :  4.62084e-07
 Reference value :  4.63395e-07
 Reference value :  4.64348e-07
 Reference value :  4.65707e-07
 Reference value :  4.67070e-07
 Reference value :  4.68197e-07
 Reference value :  4.69780e-07
 Reference value :  4.70837e-07
 Reference value :  4.72764e-07
 Reference value :  4.73052e-07
 Reference value :  4.74341e-07
 Reference value :  4.75361e-07
 Reference value :  4.76787e-07
 Reference value :  4.77849e-07
 Reference value :  4.78098e-07
 Reference value :  4.79934e-07
 Reference value :  4.80491e-07
 Reference value :  4.82261e-07
 Reference value :  4.82789e-07
 Reference value :  4.84356e-07
 Reference value :  4.85269e-07
 Reference value :  4.86999e-07
 Reference value :  4.87461e-07
 Reference value :  4.89245e-07
 Reference value :  4.91051e-07
 Reference value :  4.91867e-07
 Reference value :  4.92395e-07
 Reference value :  4.93701e-07
 Reference value :  4.94183e-07
 Reference value :  4.96271e-07
 Reference value :  4.97176e-07
 Reference value :  4.98123e-07
 Reference value :  4.98545e-07
 Reference value :  5.00140e-07
 Reference value :  5.00772e-07
 Reference value :  5.01114e-07
 Reference value :  5.02257e-07
 Reference value :  5.03284e-07
 Reference value :  5.04434e-07
 Reference value :  5.05158e-07
 Reference value :  5.06077e-07
 Reference value :  5.07744e-07
 Reference value :  5.09486e-07
 Reference value :  5.09954e-07
 Reference value :  5.11425e-07
 Reference value :  5.12079e-07
 Reference value :  5.13894e-07
 Reference value :  5.14575e-07
 Reference value :  5.16150e-07
 Reference value :  5.16597e-07
 Reference value :  5.17218e-07
 Reference value :  5.18582e-07
 Reference value :  5.18924e-07
 Reference value :  5.20038e-07
 Reference value :  5.21602e-07
 Reference value :  5.23100e-07
 Reference value :  5.23591e-07
 Reference value :  5.24599e-07
 Reference value :  5.25535e-07
 Reference value :  5.26764e-07
 Reference value :  5.27608e-07
 Reference value :  5.28093e-07
 Reference value :  5.29293e-07
 Reference value :  5.29890e-07
 Reference value :  5.30720e-07
 Reference value :  5.32078e-07
 Reference value :  5.33631e-07
 Reference value :  5.34539e-07
 Reference value :  5.36253e-07
 Reference value :  5.36403e-07
 Reference value :  5.36871e-07
 Reference value :  5.37826e-07
 Reference value :  5.38503e-07
 Reference value :  5.38971e-07
 Reference value :  5.39924e-07
 Reference value :  5.40645e-07
 Reference value :  5.41188e-07
 Reference value :  5.42818e-07
 Reference value :  5.44136e-07
 Reference value :  5.45300e-07
 Reference value :  5.46431e-07
 Reference value :  5.47435e-07
 Reference value :  5.49000e-07
 Reference value :  5.49694e-07
 Reference value :  5.50247e-07
 Reference value :  5.51519e-07
 Reference value :  5.53128e-07
 Reference value :  5.53756e-07
 Reference value :  5.55110e-07
 Reference value :  5.55879e-07
 Reference value :  5.57596e-07
 Reference value :  5.58417e-07
 Reference value :  5.59874e-07
 Reference value :  5.60747e-07
 Reference value :  5.62062e-07
 Reference value :  5.63168e-07
 Reference value :  5.64246e-07
 Reference value :  5.65329e-07
 Reference value :  5.66668e-07
 Reference value :  5.68170e-07
 Reference value :  5.70268e-07
 Reference value :  5.71065e-07
 Reference value :  5.72480e-07
 Reference value :  5.74311e-07
 Reference value :  5.75027e-07
 Reference value :  5.76504e-07
 Reference value :  5.77355e-07
 Reference value :  5.78914e-07
 Reference value :  5.80277e-07
 Reference value :  5.81007e-07
 Reference value :  5.82893e-07
 Reference value :  5.83482e-07
 Reference value :  5.84877e-07
 Reference value :  5.86643e-07
 Reference value :  5.87116e-07
 Reference value :  5.88775e-07
 Reference value :  5.89754e-07
 Reference value :  5.90840e-07
 Reference value :  5.92020e-07
 Reference value :  5.93033e-07
 Reference value :  5.94942e-07
 Reference value :  5.95974e-07
 Reference value :  5.97133e-07
 Reference value :  5.98888e-07
 Reference value :  5.99814e-07
 Reference value :  6.00649e-07
 Reference value :  6.01362e-07
 Reference value :  6.02885e-07
 Reference value :  6.03078e-07
 Reference value :  6.03783e-07
 Reference value :  6.04906e-07
 Reference value :  6.06444e-07
 Reference value :  6.07121e-07
 Reference value :  6.07870e-07
 Reference value :  6.08848e-07
 Reference value :  6.10368e-07
 Reference value :  6.11135e-07
 Reference value :  6.12352e-07
 Reference value :  6.12956e-07
 Reference value :  6.14774e-07
 Reference value :  6.15450e-07
 Reference value :  6.16834e-07
 Reference value :  6.18443e-07
 Reference value :  6.19131e-07
 Reference value :  6.20653e-07
 Reference value :  6.22272e-07
 Reference value :  6.22763e-07
 Reference value :  6.24392e-07
 Reference value :  6.25891e-07
 Reference value :  6.26795e-07
 Reference value :  6.28370e-07
 Reference value :  6.29507e-07
 Reference value :  6.30907e-07
 Reference value :  6.32314e-07
 Reference value :  6.34163e-07
 Reference value :  6.35405e-07
 Reference value :  6.36212e-07
 Reference value :  6.37831e-07
 Reference value :  6.38391e-07
 Reference value :  6.39391e-07
 Reference value :  6.40524e-07
 Reference value :  6.42151e-07
 Reference value :  6.43484e-07
 Reference value :  6.43677e-07
 Reference value :  6.45259e-07
 Reference value :  6.45843e-07
 Reference value :  6.47192e-07
 Reference value :  6.47523e-07
 Reference value :  6.49140e-07
 Reference value :  6.50000e-07
 Reference value :  6.50474e-07
 Reference value :  6.51438e-07
 Reference value :  6.53108e-07
 Reference value :  6.53675e-07
 Reference value :  6.54920e-07
 Reference value :  6.56237e-07
 Reference value :  6.56948e-07
 Reference value :  6.58480e-07
 Reference value :  6.58851e-07
 Reference value :  6.60335e-07
 Reference value :  6.60679e-07
 Reference value :  6.61917e-07
 Reference value :  6.62719e-07
 Reference value :  6.64292e-07
 Reference value :  6.65055e-07
 Reference value :  6.66125e-07
 Reference value :  6.67714e-07
 Reference value :  6.68209e-07
 Reference value :  6.69029e-07
 Reference value :  6.69750e-07
 Reference value :  6.70175e-07
 Reference value :  6.71716e-07
 Reference value :  6.72589e-07
 Reference value :  6.73628e-07
 Reference value :  6.75040e-07
 Reference value :  6.75659e-07
 Reference value :  6.77285e-07
 Reference value :  6.78669e-07
 Reference value :  6.79529e-07
 Reference value :  6.80783e-07
 Reference value :  6.82015e-07
 Reference value :  6.83504e-07
 Reference value :  6.84818e-07
 Reference value :  6.86310e-07
 Reference value :  6.86881e-07
 Reference value :  6.88334e-07
 Reference value :  6.89952e-07
 Reference value :  6.90659e-07
 Reference value :  6.92077e-07
 Reference value :  6.93678e-07
 Reference value :  6.94642e-07
 Reference value :  6.95543e-07
 Reference value :  6.96558e-07
 Reference value :  6.97285e-07
 Reference value :  6.97893e-07
 Reference value :  6.98511e-07
 Reference value :  6.99048e-07
 Reference value :  6.99638e-07
 Reference value :  7.00795e-07
 Reference value :  7.01326e-07
 Reference value :  7.02282e-07
 Reference value :  7.03257e-07
 Reference value :  7.04459e-07
 Reference value :  7.04992e-07
 Reference value :  7.06380e-07
 Reference value :  7.07609e-07
 Reference value :  7.08208e-07
 Reference value :  7.08269e-07
 Reference value :  7.09942e-07
 Reference value :  7.10639e-07
 Reference value :  7.11830e-07
 Reference value :  7.12583e-07
 Reference value :  7.13792e-07
 Reference value :  7.15541e-07
 Reference value :  7.16058e-07
 Reference value :  7.17486e-07
 Reference value :  7.19240e-07
 Reference value :  7.20179e-07
 Reference value :  7.21402e-07
 Reference value :  7.22984e-07
 Reference value :  7.23721e-07
 Reference value :  7.25145e-07
 Reference value :  7.26786e-07
 Reference value :  7.27400e-07
 Reference value :  7.28312e-07
 Reference value :  7.28782e-07
 Reference value :  7.29649e-07
 Reference value :  7.30928e-07
 Reference value :  7.31592e-07
 Reference value :  7.31956e-07
 Reference value :  7.32982e-07
 Reference value :  7.34724e-07
 Reference value :  7.35468e-07
 Reference value :  7.36809e-07
 Reference value :  7.38498e-07
 Reference value :  7.39054e-07
 Reference value :  7.40628e-07
 Reference value :  7.41788e-07
 Reference value :  7.42907e-07
 Reference value :  7.44153e-07
 Reference value :  7.44853e-07
 Reference value :  7.46614e-07
 Reference value :  7.47899e-07
 Reference value :  7.49048e-07
 Reference value :  7.50327e-07
 Reference value :  7.50956e-07
 Reference value :  7.52703e-07
 Reference value :  7.53783e-07
 Reference value :  7.54893e-07
 Reference value :  7.55477e-07
 Reference value :  7.57015e-07
 Reference value :  7.58808e-07
 Reference value :  7.59469e-07
 Reference value :  7.60469e-07
 Reference value :  7.61281e-07
 Reference value :  7.61606e-07
 Reference value :  7.63158e-07
 Reference value :  7.63444e-07
 Reference value :  7.63665e-07
 Reference value :  7.64586e-07
 Reference value :  7.65186e-07
 Reference value :  7.65362e-07
 Reference value :  7.65469e-07
 Reference value :  7.65605e-07
 Reference value :  7.65723e-07
 Reference value :  7.66023e-07
 Reference value :  7.66823e-07
 Reference value :  7.67401e-07
 Reference value :  7.67519e-07
 Reference value :  7.67662e-07
 Reference value :  7.67810e-07
 Reference value :  7.68166e-07
 Reference value :  7.68566e-07
 Reference value :  7.69166e-07
 Reference value :  7.69766e-07
 Reference value :  7.69908e-07
 Reference value :  7.70060e-07
 Reference value :  7.70232e-07
 Reference value :  7.70632e-07
 Reference value :  7.71032e-07
 Reference value :  7.71432e-07
 Reference value :  7.72141e-07
 Reference value :  7.73503e-07
 Reference value :  7.74896e-07
 Reference value :  7.76401e-07
 Reference value :  7.78296e-07
 Reference value :  7.78814e-07
 Reference value :  7.80500e-07
 Reference value :  7.80966e-07
 Reference value :  7.82434e-07
 Reference value :  7.83763e-07
 Reference value :  7.84995e-07
 Reference value :  7.85482e-07
 Reference value :  7.87284e-07
 Reference value :  7.87917e-07
 Reference value :  7.89573e-07
 Reference value :  7.90787e-07
 Reference value :  7.92320e-07
 Reference value :  7.93993e-07
 Reference value :  7.95019e-07
 Reference value :  7.96374e-07
 Reference value :  7.97031e-07
 Reference value :  7.98644e-07
 Reference value :  7.98960e-07
 Reference value :  7.99859e-07
 Reference value :  8.00060e-07
 Reference value :  8.01197e-07
 Reference value :  8.02453e-07
 Reference value :  8.03275e-07
 Reference value :  8.03524e-07
 Reference value :  8.03984e-07
 Reference value :  8.05734e-07
 Reference value :  8.07282e-07
 Reference value :  8.08346e-07
 Reference value :  8.09247e-07
 Reference value :  8.10529e-07
 Reference value :  8.11611e-07
 Reference value :  8.12856e-07
 Reference value :  8.13215e-07
 Reference value :  8.15255e-07
 Reference value :  8.16467e-07
 Reference value :  8.17874e-07
 Reference value :  8.19118e-07
 Reference value :  8.20573e-07
 Reference value :  8.22495e-07
 Reference value :  8.22923e-07
 Reference value :  8.23806e-07
 Reference value :  8.25558e-07
 Reference value :  8.27496e-07
 Reference value :  8.27792e-07
 Reference value :  8.29456e-07
 Reference value :  8.30667e-07
 Reference value :  8.32812e-07
 Reference value :  8.33811e-07
 Reference value :  8.35266e-07
 Reference value :  8.37191e-07
 Reference value :  8.38014e-07
 Reference value :  8.39363e-07
 Reference value :  8.40558e-07
 Reference value :  8.42358e-07
 Reference value :  8.43148e-07
 Reference value :  8.43802e-07
 Reference value :  8.45570e-07
 Reference value :  8.46358e-07
 Reference value :  8.48406e-07
 Reference value :  8.48860e-07
 Reference value :  8.50182e-07
 Reference value :  8.50980e-07
 Reference value :  8.52540e-07
 Reference value :  8.53725e-07
 Reference value :  8.54506e-07
 Reference value :  8.56059e-07
 Reference value :  8.57163e-07
 Reference value :  8.58822e-07
 Reference value :  8.59626e-07
 Reference value :  8.61550e-07
 Reference value :  8.63180e-07
 Reference value :  8.64045e-07
 Reference value :  8.64442e-07
 Reference value :  8.66743e-07
 Reference value :  8.67560e-07
 Reference value :  8.69615e-07
 Reference value :  8.70623e-07
 Reference value :  8.72301e-07
 Reference value :  8.72634e-07
 Reference value :  8.74894e-07
 Reference value :  8.75261e-07
 Reference value :  8.77712e-07
 Reference value :  8.79329e-07
 Reference value :  8.80804e-07
 Reference value :  8.81791e-07
 Reference value :  8.83467e-07
 Reference value :  8.85954e-07
 Reference value :  8.86548e-07
 Reference value :  8.88314e-07
 Reference value :  8.89186e-07
 Reference value :  8.91451e-07
 Reference value :  8.92822e-07
 Reference value :  8.94337e-07
 Reference value :  8.96406e-07
 Reference value :  8.97181e-07
 Reference value :  8.98888e-07
 Reference value :  9.00096e-07
 Reference value :  9.01358e-07
 Reference value :  9.02856e-07
 Reference value :  9.04064e-07
 Reference value :  9.05508e-07
 Reference value :  9.07326e-07
 Reference value :  9.08384e-07
 Reference value :  9.09926e-07
 Reference value :  9.11220e-07
 Reference value :  9.13623e-07
 Reference value :  9.14504e-07
 Reference value :  9.16555e-07
 Reference value :  9.18622e-07
 Reference value :  9.20090e-07
 Reference value :  9.21737e-07
 Reference value :  9.24081e-07
 Reference value :  9.24679e-07
 Reference value :  9.25710e-07
 Reference value :  9.26910e-07
 Reference value :  9.27919e-07
 Reference value :  9.29119e-07
 Reference value :  9.29486e-07
 Reference value :  9.29710e-07
 Reference value :  9.30316e-07
 Reference value :  9.30693e-07
 Reference value :  9.30966e-07
 Reference value :  9.32081e-07
 Reference value :  9.33649e-07
 Reference value :  9.34569e-07
 Reference value :  9.35044e-07
 Reference value :  9.36914e-07
 Reference value :  9.38143e-07
 Reference value :  9.39978e-07
 Reference value :  9.41946e-07
 Reference value :  9.43691e-07
 Reference value :  9.44817e-07
 Reference value :  9.47182e-07
 Reference value :  9.48813e-07
 Reference value :  9.49712e-07
 Reference value :  9.50329e-07
 Reference value :  9.52207e-07
 Reference value :  9.53390e-07
 Reference value :  9.54832e-07
 Reference value :  9.56120e-07
 Reference value :  9.57732e-07
 Reference value :  9.59808e-07
 Reference value :  9.60132e-07
 Reference value :  9.61876e-07
 Reference value :  9.62846e-07
 Reference value :  9.64799e-07
 Reference value :  9.65148e-07
 Reference value :  9.66388e-07
 Reference value :  9.67964e-07
 Reference value :  9.70044e-07
 Reference value :  9.70955e-07
 Reference value :  9.72305e-07
 Reference value :  9.73336e-07
 Reference value :  9.75428e-07
 Reference value :  9.75889e-07
 Reference value :  9.77617e-07
 Reference value :  9.79343e-07
 Reference value :  9.80931e-07
 Reference value :  9.82223e-07
 Reference value :  9.83859e-07
 Reference value :  9.86017e-07
 Reference value :  9.86622e-07
 Reference value :  9.88576e-07
 Reference value :  9.90079e-07
 Reference value :  9.91626e-07
 Reference value :  9.92809e-07
 Reference value :  9.94202e-07
 Reference value :  9.95764e-07
 Reference value :  9.96842e-07
 Reference value :  9.97587e-07
 Reference value :  9.99314e-07
 Reference value :  1.00000e-06
 Reference value :  1.00123e-06
 Reference value :  1.00218e-06
 Reference value :  1.00359e-06
 Reference value :  1.00534e-06
 Reference value :  1.00741e-06
 Reference value :  1.00819e-06
 Reference value :  1.01017e-06
 Reference value :  1.01117e-06
 Reference value :  1.01288e-06
 Reference value :  1.01410e-06
 Reference value :  1.01555e-06
 Reference value :  1.01736e-06
 Reference value :  1.01817e-06
 Reference value :  1.01901e-06
 Reference value :  1.02071e-06
 Reference value :  1.02307e-06
 Reference value :  1.02401e-06
 Reference value :  1.02573e-06
 Reference value :  1.02710e-06
 Reference value :  1.02830e-06
 Reference value :  1.02977e-06
 Reference value :  1.03111e-06
 Reference value :  1.03305e-06
 Reference value :  1.03389e-06
 Reference value :  1.03567e-06
 Reference value :  1.03726e-06
 Reference value :  1.03811e-06
 Reference value :  1.03909e-06
 Reference value :  1.04075e-06
 Reference value :  1.04269e-06
 Reference value :  1.04342e-06
 Reference value :  1.04508e-06
 Reference value :  1.04657e-06
 Reference value :  1.04755e-06
 Reference value :  1.04914e-06
 Reference value :  1.05011e-06
 Reference value :  1.05198e-06
 Reference value :  1.05289e-06
 Reference value :  1.05409e-06
 Reference value :  1.05503e-06
 Reference value :  1.05647e-06
 Reference value :  1.05691e-06
 Reference value :  1.05776e-06
 Reference value :  1.05884e-06
 Reference value :  1.06017e-06
 Reference value :  1.06131e-06
 Reference value :  1.06203e-06
 Reference value :  1.06347e-06
 Reference value :  1.06460e-06
 Reference value :  1.06542e-06
 Reference value :  1.06582e-06
 Reference value :  1.06634e-06
 Reference value :  1.06763e-06
 Reference value :  1.06835e-06
 Reference value :  1.06988e-06
 Reference value :  1.07048e-06
 Reference value :  1.07221e-06
 Reference value :  1.07409e-06
 Reference value :  1.07466e-06
 Reference value :  1.07638e-06
 Reference value :  1.07772e-06
 Reference value :  1.07866e-06
 Reference value :  1.08052e-06
 Reference value :  1.08133e-06
 Reference value :  1.08315e-06
 Reference value :  1.08470e-06
 Reference value :  1.08508e-06
 Reference value :  1.08528e-06
 Reference value :  1.08648e-06
 Reference value :  1.08691e-06
 Reference value :  1.08797e-06
 Reference value :  1.08945e-06
 Reference value :  1.09110e-06
 Reference value :  1.09180e-06
 Reference value :  1.09277e-06
 Reference value :  1.09354e-06
 Reference value :  1.09522e-06
 Reference value :  1.09567e-06
 Reference value :  1.09625e-06
 Reference value :  1.09736e-06
 Reference value :  1.09806e-06
 Reference value :  1.09922e-06
 Reference value :  1.10000e-06
 Reference value :  1.10128e-06
 Reference value :  1.10210e-06
 Reference value :  1.10362e-06
 Reference value :  1.10542e-06
 Reference value :  1.10689e-06
 Reference value :  1.10748e-06
 Reference value :  1.10856e-06
 Reference value :  1.10949e-06
 Reference value :  1.11096e-06
 Reference value :  1.11180e-06
 Reference value :  1.11324e-06
 Reference value :  1.11430e-06
 Reference value :  1.11549e-06
 Reference value :  1.11578e-06
 Reference value :  1.11748e-06
 Reference value :  1.11898e-06
 Reference value :  1.11935e-06
 Reference value :  1.12111e-06
 Reference value :  1.12241e-06
 Reference value :  1.12333e-06
 Reference value :  1.12358e-06
 Reference value :  1.12487e-06
 Reference value :  1.12550e-06
 Reference value :  1.12699e-06
 Reference value :  1.12749e-06
 Reference value :  1.12802e-06
 Reference value :  1.12903e-06
 Reference value :  1.13067e-06
 Reference value :  1.13139e-06
 Reference value :  1.13265e-06
 Reference value :  1.13365e-06
 Reference value :  1.13438e-06
 Reference value :  1.13486e-06
 Reference value :  1.13643e-06
 Reference value :  1.13815e-06
 Reference value :  1.13892e-06
 Reference value :  1.13991e-06
 Reference value :  1.14024e-06
 Reference value :  1.14160e-06
 Reference value :  1.14226e-06
 Reference value :  1.14342e-06
 Reference value :  1.14408e-06
 Reference value :  1.14449e-06
 Reference value :  1.14581e-06
 Reference value :  1.14704e-06
 Reference value :  1.14776e-06
 Reference value :  1.14924e-06
 Reference value :  1.14982e-06
 Reference value :  1.15018e-06
 Reference value :  1.15125e-06
 Reference value :  1.15263e-06
 Reference value :  1.15316e-06
 Reference value :  1.15444e-06
 Reference value :  1.15501e-06
 Reference value :  1.15511e-06
 Reference value :  1.15552e-06
 Reference value :  1.15664e-06
 Reference value :  1.15685e-06
 Reference value :  1.15716e-06
 Reference value :  1.15735e-06
 Reference value :  1.15778e-06
 Reference value :  1.15821e-06
 Reference value :  1.15876e-06
 Reference value :  1.15921e-06
 Reference value :  1.16036e-06
 Reference value :  1.16047e-06
 Reference value :  1.16059e-06
 Reference value :  1.16101e-06
 Reference value :  1.16149e-06
 Reference value :  1.16242e-06
 Reference value :  1.16334e-06
 Reference value :  1.16431e-06
 Reference value :  1.16586e-06
 Reference value :  1.16715e-06
 Reference value :  1.16782e-06
 Reference value :  1.16854e-06
 Reference value :  1.17005e-06
 Reference value :  1.17136e-06
 Reference value :  1.17233e-06
 Reference value :  1.17336e-06
 Reference value :  1.17469e-06
 Reference value :  1.17491e-06
 Reference value :  1.17528e-06
 Reference value :  1.17651e-06
 Reference value :  1.17700e-06
 Reference value :  1.17864e-06
 Reference value :  1.17924e-06
 Reference value :  1.18039e-06
 Reference value :  1.18092e-06
 Reference value :  1.18288e-06
 Reference value :  1.18423e-06
 Reference value :  1.18575e-06
 Reference value :  1.18656e-06
 Reference value :  1.18714e-06
 Reference value :  1.18814e-06
 Reference value :  1.18907e-06
 Reference value :  1.19015e-06
 Reference value :  1.19041e-06
 Reference value :  1.19115e-06
 Reference value :  1.19175e-06
 Reference value :  1.19311e-06
 Reference value :  1.19395e-06
 Reference value :  1.19475e-06
 Reference value :  1.19582e-06
 Reference value :  1.19603e-06
 Reference value :  1.19633e-06
 Reference value :  1.19777e-06
 Reference value :  1.19857e-06
 Reference value :  1.19992e-06
 Reference value :  1.20106e-06
 Reference value :  1.20164e-06
 Reference value :  1.20221e-06
 Reference value :  1.20314e-06
 Reference value :  1.20399e-06
 Reference value :  1.20552e-06
 Reference value :  1.20602e-06
 Reference value :  1.20732e-06
 Reference value :  1.20790e-06
 Reference value :  1.20957e-06
 Reference value :  1.20982e-06
 Reference value :  1.21051e-06
 Reference value :  1.21163e-06
 Reference value :  1.21315e-06
 Reference value :  1.21364e-06
 Reference value :  1.21462e-06
 Reference value :  1.21539e-06
 Reference value :  1.21573e-06
 Reference value :  1.21736e-06
 Reference value :  1.21798e-06
 Reference value :  1.21932e-06
 Reference value :  1.21977e-06
 Reference value :  1.22137e-06
 Reference value :  1.22199e-06
 Reference value :  1.22259e-06
 Reference value :  1.22328e-06
 Reference value :  1.22467e-06
 Reference value :  1.22520e-06
 Reference value :  1.22620e-06
 Reference value :  1.22750e-06
 Reference value :  1.22884e-06
 Reference value :  1.22903e-06
 Reference value :  1.23030e-06
 Reference value :  1.23159e-06
 Reference value :  1.23281e-06
 Reference value :  1.23404e-06
 Reference value :  1.23534e-06
 Reference value :  1.23657e-06
 Reference value :  1.23725e-06
 Reference value :  1.23805e-06
 Reference value :  1.23890e-06
 Reference value :  1.24027e-06
 Reference value :  1.24167e-06
 Reference value :  1.24270e-06
 Reference value :  1.24418e-06
 Reference value :  1.24565e-06
 Reference value :  1.24683e-06
 Reference value :  1.24741e-06
 Reference value :  1.24764e-06
 Reference value :  1.24832e-06
 Reference value :  1.24922e-06
 Reference value :  1.24938e-06
 Reference value :  1.24982e-06
 Reference value :  1.25025e-06
 Reference value :  1.25104e-06
 Reference value :  1.25137e-06
 Reference value :  1.25146e-06
 Reference value :  1.25193e-06
 Reference value :  1.25298e-06
 Reference value :  1.25393e-06
 Reference value :  1.25486e-06
 Reference value :  1.25513e-06
 Reference value :  1.25600e-06
 Reference value :  1.25675e-06
 Reference value :  1.25822e-06
 Reference value :  1.25887e-06
 Reference value :  1.25980e-06
 Reference value :  1.26042e-06
 Reference value :  1.26133e-06
 Reference value :  1.26199e-06
 Reference value :  1.26220e-06
 Reference value :  1.26302e-06
 Reference value :  1.26367e-06
 Reference value :  1.26415e-06
 Reference value :  1.26553e-06
 Reference value :  1.26629e-06
 Reference value :  1.26725e-06
 Reference value :  1.26765e-06
 Reference value :  1.26930e-06
 Reference value :  1.27053e-06
 Reference value :  1.27173e-06
 Reference value :  1.27193e-06
 Reference value :  1.27263e-06
 Reference value :  1.27352e-06
 Reference value :  1.27433e-06
 Reference value :  1.27581e-06
 Reference value :  1.27623e-06
 Reference value :  1.27758e-06
 Reference value :  1.27836e-06
 Reference value :  1.27931e-06
 Reference value :  1.27949e-06
 Reference value :  1.28050e-06
 Reference value :  1.28135e-06
 Reference value :  1.28274e-06
 Reference value :  1.28324e-06
 Reference value :  1.28396e-06
 Reference value :  1.28452e-06
 Reference value :  1.28495e-06
 Reference value :  1.28650e-06
 Reference value :  1.28742e-06
 Reference value :  1.28825e-06
 Reference value :  1.28909e-06
 Reference value :  1.28979e-06
 Reference value :  1.29000e-06
 Reference value :  1.29116e-06
 Reference value :  1.29166e-06
 Reference value :  1.29291e-06
 Reference value :  1.29331e-06
 Reference value :  1.29392e-06
 Reference value :  1.29493e-06
 Reference value :  1.29630e-06
 Reference value :  1.29700e-06
 Reference value :  1.29822e-06
 Reference value :  1.29845e-06
 Reference value :  1.29920e-06
 Reference value :  1.29998e-06
 Reference value :  1.30071e-06
 Reference value :  1.30153e-06
 Reference value :  1.30251e-06
 Reference value :  1.30291e-06
 Reference value :  1.30346e-06
 Reference value :  1.30485e-06
 Reference value :  1.30592e-06
 Reference value :  1.30679e-06
 Reference value :  1.30748e-06
 Reference value :  1.30823e-06
 Reference value :  1.30867e-06
 Reference value :  1.30986e-06
 Reference value :  1.31035e-06
 Reference value :  1.31148e-06
 Reference value :  1.31249e-06
 Reference value :  1.31306e-06
 Reference value :  1.31344e-06
 Reference value :  1.31492e-06
 Reference value :  1.31585e-06
 Reference value :  1.31674e-06
 Reference value :  1.31699e-06
 Reference value :  1.31801e-06
 Reference value :  1.31822e-06
 Reference value :  1.31946e-06
 Reference value :  1.32008e-06
 Reference value :  1.32106e-06
 Reference value :  1.32156e-06
 Reference value :  1.32259e-06
 Reference value :  1.32333e-06
 Reference value :  1.32451e-06
 Reference value :  1.32543e-06
 Reference value :  1.32646e-06
 Reference value :  1.32694e-06
 Reference value :  1.32806e-06
 Reference value :  1.32961e-06
 Reference value :  1.33008e-06
 Reference value :  1.33024e-06
 Reference value :  1.33084e-06
 Reference value :  1.33132e-06
 Reference value :  1.33230e-06
 Reference value :  1.33281e-06
 Reference value :  1.33306e-06
 Reference value :  1.33392e-06
 Reference value :  1.33432e-06
 Reference value :  1.33442e-06
 Reference value :  1.33522e-06
 Reference value :  1.33624e-06
 Reference value :  1.33640e-06
 Reference value :  1.33653e-06
 Reference value :  1.33714e-06
 Reference value :  1.33753e-06
 Reference value :  1.33781e-06
 Reference value :  1.33858e-06
 Reference value :  1.33947e-06
 Reference value :  1.34027e-06
 Reference value :  1.34110e-06
 Reference value :  1.34257e-06
 Reference value :  1.34283e-06
 Reference value :  1.34398e-06
 Reference value :  1.34455e-06
 Reference value :  1.34553e-06
 Reference value :  1.34578e-06
 Reference value :  1.34644e-06
 Reference value :  1.34747e-06
 Reference value :  1.34902e-06
 Reference value :  1.35011e-06
 Reference value :  1.35080e-06
 Reference value :  1.35110e-06
 Reference value :  1.35225e-06
 Reference value :  1.35295e-06
 Reference value :  1.35408e-06
 Reference value :  1.35520e-06
 Reference value :  1.35580e-06
 Reference value :  1.35718e-06
 Reference value :  1.35803e-06
 Reference value :  1.35913e-06
 Reference value :  1.35932e-06
 Reference value :  1.36072e-06
 Reference value :  1.36227e-06
 Reference value :  1.36319e-06
 Reference value :  1.36426e-06
 Reference value :  1.36565e-06
 Reference value :  1.36595e-06
 Reference value :  1.36661e-06
 Reference value :  1.36751e-06
 Reference value :  1.36883e-06
 Reference value :  1.36962e-06
 Reference value :  1.37088e-06
 Reference value :  1.37197e-06
 Reference value :  1.37297e-06
 Reference value :  1.37429e-06
 Reference value :  1.37525e-06
 Reference value :  1.37681e-06
 Reference value :  1.37797e-06
 Reference value :  1.37934e-06
 Reference value :  1.38005e-06
 Reference value :  1.38147e-06
 Reference value :  1.38309e-06
 Reference value :  1.38416e-06
 Reference value :  1.38473e-06
 Reference value :  1.38638e-06
 Reference value :  1.38715e-06
 Reference value :  1.38889e-06
 Reference value :  1.39022e-06
 Reference value :  1.39122e-06
 Reference value :  1.39193e-06
 Reference value :  1.39339e-06
 Reference value :  1.39381e-06
 Reference value :  1.39537e-06
 Reference value :  1.39706e-06
 Reference value :  1.39757e-06
 Reference value :  1.39906e-06
 Reference value :  1.39930e-06
 Reference value :  1.40079e-06
 Reference value :  1.40129e-06
 Reference value :  1.40265e-06
 Reference value :  1.40323e-06
 Reference value :  1.40439e-06
 Reference value :  1.40492e-06
 Reference value :  1.40621e-06
 Reference value :  1.40658e-06
 Reference value :  1.40690e-06
 Reference value :  1.40730e-06
 Reference value :  1.40815e-06
 Reference value :  1.40837e-06
 Reference value :  1.40856e-06
 Reference value :  1.40878e-06
 Reference value :  1.41000e-06
 Reference value :  1.41158e-06
 Reference value :  1.41220e-06
 Reference value :  1.41352e-06
 Reference value :  1.41382e-06
 Reference value :  1.41535e-06
 Reference value :  1.41588e-06
 Reference value :  1.41721e-06
 Reference value :  1.41733e-06
 Reference value :  1.41816e-06
 Reference value :  1.41891e-06
 Reference value :  1.41915e-06
 Reference value :  1.41993e-06
 Reference value :  1.42053e-06
 Reference value :  1.42069e-06
 Reference value :  1.42100e-06
 Reference value :  1.42110e-06
 Reference value :  1.42125e-06
 Reference value :  1.42140e-06
 Reference value :  1.42256e-06
 Reference value :  1.42301e-06
 Reference value :  1.42366e-06
 Reference value :  1.42424e-06
 Reference value :  1.42482e-06
 Reference value :  1.42604e-06
 Reference value :  1.42645e-06
 Reference value :  1.42709e-06
 Reference value :  1.42784e-06
 Reference value :  1.42861e-06
 Reference value :  1.43000e-06
 Reference value :  1.43154e-06
 Reference value :  1.43217e-06
 Reference value :  1.43369e-06
 Reference value :  1.43419e-06
 Reference value :  1.43543e-06
 Reference value :  1.43706e-06
 Reference value :  1.43787e-06
 Reference value :  1.43884e-06
 Reference value :  1.43929e-06
 Reference value :  1.44074e-06
 Reference value :  1.44111e-06
 Reference value :  1.44233e-06
 Reference value :  1.44370e-06
 Reference value :  1.44434e-06
 Reference value :  1.44563e-06
 Reference value :  1.44615e-06
 Reference value :  1.44791e-06
 Reference value :  1.44881e-06
 Reference value :  1.44990e-06
 Reference value :  1.45128e-06
 Reference value :  1.45199e-06
 Reference value :  1.45323e-06
 Reference value :  1.45367e-06
 Reference value :  1.45523e-06
 Reference value :  1.45589e-06
 Reference value :  1.45713e-06
 Reference value :  1.45832e-06
 Reference value :  1.45905e-06
 Reference value :  1.45981e-06
 Reference value :  1.46113e-06
 Reference value :  1.46285e-06
 Reference value :  1.46322e-06
 Reference value :  1.46469e-06
 Reference value :  1.46630e-06
 Reference value :  1.46670e-06
 Reference value :  1.46788e-06
 Reference value :  1.46877e-06
 Reference value :  1.47038e-06
 Reference value :  1.47105e-06
 Reference value :  1.47230e-06
 Reference value :  1.47404e-06
 Reference value :  1.47430e-06
 Reference value :  1.47498e-06
 Reference value :  1.47608e-06
 Reference value :  1.47667e-06
 Reference value :  1.47802e-06
 Reference value :  1.47825e-06
 Reference value :  1.47860e-06
 Reference value :  1.47933e-06
 Reference value :  1.48008e-06
 Reference value :  1.48177e-06
 Reference value :  1.48223e-06
 Reference value :  1.48302e-06
 Reference value :  1.48401e-06
 Reference value :  1.48567e-06
 Reference value :  1.48592e-06
 Reference value :  1.48641e-06
 Reference value :  1.48740e-06
 Reference value :  1.48794e-06
 Reference value :  1.48923e-06
 Reference value :  1.48989e-06
 Reference value :  1.49089e-06
 Reference value :  1.49182e-06
 Reference value :  1.49289e-06
 Reference value :  1.49371e-06
 Reference value :  1.49518e-06
 Reference value :  1.49593e-06
 Reference value :  1.49756e-06
 Reference value :  1.49842e-06
 Reference value :  1.50029e-06
 Reference value :  1.50146e-06
 Reference value :  1.50198e-06
 Reference value :  1.50361e-06
 Reference value :  1.50517e-06
 Reference value :  1.50570e-06
 Reference value :  1.50660e-06
 Reference value :  1.50798e-06
 Reference value :  1.50963e-06
 Reference value :  1.51015e-06
 Reference value :  1.51161e-06
 Reference value :  1.51313e-06
 Reference value :  1.51380e-06
 Reference value :  1.51492e-06
 Reference value :  1.51557e-06
 Reference value :  1.51592e-06
 Reference value :  1.51756e-06
 Reference value :  1.51805e-06
 Reference value :  1.51835e-06
 Reference value :  1.51951e-06
 Reference value :  1.52111e-06
 Reference value :  1.52152e-06
 Reference value :  1.52209e-06
 Reference value :  1.52335e-06
 Reference value :  1.52525e-06
 Reference value :  1.52661e-06
 Reference value :  1.52839e-06
 Reference value :  1.52953e-06
 Reference value :  1.53100e-06
 Reference value :  1.53203e-06
 Reference value :  1.53319e-06
 Reference value :  1.53483e-06
 Reference value :  1.53510e-06
 Reference value :  1.53586e-06
 Reference value :  1.53656e-06
 Reference value :  1.53708e-06
 Reference value :  1.53847e-06
 Reference value :  1.53900e-06
 Reference value :  1.53960e-06
 Reference value :  1.54052e-06
 Reference value :  1.54218e-06
 Reference value :  1.54343e-06
 Reference value :  1.54483e-06
 Reference value :  1.54617e-06
 Reference value :  1.54764e-06
 Reference value :  1.54883e-06
 Reference value :  1.54914e-06
 Reference value :  1.54958e-06
 Reference value :  1.55029e-06
 Reference value :  1.55145e-06
 Reference value :  1.55218e-06
 Reference value :  1.55304e-06
 Reference value :  1.55457e-06
 Reference value :  1.55533e-06
 Reference value :  1.55662e-06
 Reference value :  1.55685e-06
 Reference value :  1.55777e-06
 Reference value :  1.55844e-06
 Reference value :  1.55903e-06
 Reference value :  1.56003e-06
 Reference value :  1.56112e-06
 Reference value :  1.56193e-06
 Reference value :  1.56295e-06
 Reference value :  1.56406e-06
 Reference value :  1.56529e-06
 Reference value :  1.56589e-06
 Reference value :  1.56707e-06
 Reference value :  1.56806e-06
 Reference value :  1.56900e-06
 Reference value :  1.57028e-06
 Reference value :  1.57091e-06
 Reference value :  1.57213e-06
 Reference value :  1.57304e-06
 Reference value :  1.57422e-06
 Reference value :  1.57557e-06
 Reference value :  1.57675e-06
 Reference value :  1.57751e-06
 Reference value :  1.57884e-06
 Reference value :  1.57954e-06
 Reference value :  1.58067e-06
 Reference value :  1.58192e-06
 Reference value :  1.58266e-06
 Reference value :  1.58406e-06
 Reference value :  1.58493e-06
 Reference value :  1.58587e-06
 Reference value :  1.58645e-06
 Reference value :  1.58742e-06
 Reference value :  1.58840e-06
 Reference value :  1.58947e-06
 Reference value :  1.59065e-06
 Reference value :  1.59146e-06
 Reference value :  1.59293e-06
 Reference value :  1.59407e-06
 Reference value :  1.59504e-06
 Reference value :  1.59605e-06
 Reference value :  1.59740e-06
 Reference value :  1.59831e-06
 Reference value :  1.59925e-06
 Reference value :  1.60050e-06
 Reference value :  1.60115e-06
 Reference value :  1.60247e-06
 Reference value :  1.60313e-06
 Reference value :  1.60351e-06
 Reference value :  1.60398e-06
 Reference value :  1.60461e-06
 Reference value :  1.60574e-06
 Reference value :  1.60654e-06
 Reference value :  1.60716e-06
 Reference value :  1.60780e-06
 Reference value :  1.60872e-06
 Reference value :  1.60915e-06
 Reference value :  1.60997e-06
 Reference value :  1.61084e-06
 Reference value :  1.61204e-06
 Reference value :  1.61295e-06
 Reference value :  1.61418e-06
 Reference value :  1.61527e-06
 Reference value :  1.61595e-06
 Reference value :  1.61706e-06
 Reference value :  1.61753e-06
 Reference value :  1.61848e-06
 Reference value :  1.61882e-06
 Reference value :  1.61940e-06
 Reference value :  1.62018e-06
 Reference value :  1.62041e-06
 Reference value :  1.62173e-06
 Reference value :  1.62208e-06
 Reference value :  1.62291e-06
 Reference value :  1.62358e-06
 Reference value :  1.62514e-06
 Reference value :  1.62606e-06
 Reference value :  1.62681e-06
 Reference value :  1.62752e-06
 Reference value :  1.62866e-06
 Reference value :  1.63023e-06
 Reference value :  1.63162e-06
 Reference value :  1.63227e-06
 Reference value :  1.63327e-06
 Reference value :  1.63391e-06
 Reference value :  1.63520e-06
 Reference value :  1.63574e-06
 Reference value :  1.63619e-06
 Reference value :  1.63655e-06
 Reference value :  1.63745e-06
 Reference value :  1.63877e-06
 Reference value :  1.64017e-06
 Reference value :  1.64090e-06
 Reference value :  1.64200e-06
 Reference value :  1.64357e-06
 Reference value :  1.64468e-06
 Reference value :  1.64554e-06
 Reference value :  1.64679e-06
 Reference value :  1.64751e-06
 Reference value :  1.64892e-06
 Reference value :  1.64975e-06
 Reference value :  1.65038e-06
 Reference value :  1.65193e-06
 Reference value :  1.65261e-06
 Reference value :  1.65392e-06
 Reference value :  1.65530e-06
 Reference value :  1.65574e-06
 Reference value :  1.65704e-06
 Reference value :  1.65834e-06
 Reference value :  1.65906e-06
 Reference value :  1.66008e-06
 Reference value :  1.66105e-06
 Reference value :  1.66250e-06
 Reference value :  1.66318e-06
 Reference value :  1.66428e-06
 Reference value :  1.66514e-06
 Reference value :  1.66616e-06
 Reference value :  1.66777e-06
 Reference value :  1.66858e-06
 Reference value :  1.66969e-06
 Reference value :  1.67055e-06
 Reference value :  1.67157e-06
 Reference value :  1.67185e-06
 Reference value :  1.67333e-06
 Reference value :  1.67441e-06
 Reference value :  1.67538e-06
 Reference value :  1.67677e-06
 Reference value :  1.67742e-06
 Reference value :  1.67879e-06
 Reference value :  1.68026e-06
 Reference value :  1.68096e-06
 Reference value :  1.68235e-06
 Reference value :  1.68352e-06
 Reference value :  1.68444e-06
 Reference value :  1.68592e-06
 Reference value :  1.68694e-06
 Reference value :  1.68804e-06
 Reference value :  1.68851e-06
 Reference value :  1.68952e-06
 Reference value :  1.68999e-06
 Reference value :  1.69118e-06
 Reference value :  1.69173e-06
 Reference value :  1.69218e-06
 Reference value :  1.69340e-06
 Reference value :  1.69427e-06
 Reference value :  1.69536e-06
 Reference value :  1.69576e-06
 Reference value :  1.69634e-06
 Reference value :  1.69740e-06
 Reference value :  1.69893e-06
 Reference value :  1.69975e-06
 Reference value :  1.70097e-06
 Reference value :  1.70159e-06
 Reference value :  1.70289e-06
 Reference value :  1.70377e-06
 Reference value :  1.70509e-06
 Reference value :  1.70680e-06
 Reference value :  1.70743e-06
 Reference value :  1.70893e-06
 Reference value :  1.70987e-06
 Reference value :  1.71108e-06
 Reference value :  1.71188e-06
 Reference value :  1.71347e-06
 Reference value :  1.71512e-06
 Reference value :  1.71611e-06
 Reference value :  1.71749e-06
 Reference value :  1.71918e-06
 Reference value :  1.72039e-06
 Reference value :  1.72155e-06
 Reference value :  1.72345e-06
 Reference value :  1.72460e-06
 Reference value :  1.72589e-06
 Reference value :  1.72766e-06
 Reference value :  1.72862e-06
 Reference value :  1.73001e-06
 Reference value :  1.73196e-06
 Reference value :  1.73327e-06
 Reference value :  1.73487e-06
 Reference value :  1.73640e-06
 Reference value :  1.73820e-06
 Reference value :  1.74000e-06
 Reference value :  1.74132e-06
 Reference value :  1.74332e-06
 Reference value :  1.74490e-06
 Reference value :  1.74608e-06
 Reference value :  1.74768e-06
 Reference value :  1.74914e-06
 Reference value :  1.75011e-06
 Reference value :  1.75033e-06
 Reference value :  1.75151e-06
 Reference value :  1.75317e-06
 Reference value :  1.75380e-06
 Reference value :  1.75556e-06
 Reference value :  1.75613e-06
 Reference value :  1.75785e-06
 Reference value :  1.75896e-06
 Reference value :  1.76007e-06
 Reference value :  1.76093e-06
 Reference value :  1.76225e-06
 Reference value :  1.76310e-06
 Reference value :  1.76430e-06
 Reference value :  1.76600e-06
 Reference value :  1.76701e-06
 Reference value :  1.76866e-06
 Reference value :  1.76984e-06
 Reference value :  1.77157e-06
 Reference value :  1.77312e-06
 Reference value :  1.77363e-06
 Reference value :  1.77547e-06
 Reference value :  1.77666e-06
 Reference value :  1.77775e-06
 Reference value :  1.77975e-06
 Reference value :  1.78041e-06
 Reference value :  1.78194e-06
 Reference value :  1.78281e-06
 Reference value :  1.78428e-06
 Reference value :  1.78641e-06
 Reference value :  1.78730e-06
 Reference value :  1.78865e-06
 Reference value :  1.78948e-06
 Reference value :  1.79113e-06
 Reference value :  1.79309e-06
 Reference value :  1.79398e-06
 Reference value :  1.79528e-06
 Reference value :  1.79665e-06
 Reference value :  1.79796e-06
 Reference value :  1.79839e-06
 Reference value :  1.79905e-06
 Reference value :  1.79988e-06
 Reference value :  1.80089e-06
 Reference value :  1.80169e-06
 Reference value :  1.80201e-06
 Reference value :  1.80245e-06
 Reference value :  1.80334e-06
 Reference value :  1.80460e-06
 Reference value :  1.80560e-06
 Reference value :  1.80600e-06
 Reference value :  1.80670e-06
 Reference value :  1.80846e-06
 Reference value :  1.80909e-06
 Reference value :  1.81104e-06
 Reference value :  1.81148e-06
 Reference value :  1.81334e-06
 Reference value :  1.81445e-06
 Reference value :  1.81585e-06
 Reference value :  1.81636e-06
 Reference value :  1.81789e-06
 Reference value :  1.81872e-06
 Reference value :  1.82062e-06
 Reference value :  1.82261e-06
 Reference value :  1.82412e-06
 Reference value :  1.82517e-06
 Reference value :  1.82680e-06
 Reference value :  1.82793e-06
 Reference value :  1.82950e-06
 Reference value :  1.83004e-06
 Reference value :  1.83202e-06
 Reference value :  1.83375e-06
 Reference value :  1.83469e-06
 Reference value :  1.83587e-06
 Reference value :  1.83692e-06
 Reference value :  1.83891e-06
 Reference value :  1.83953e-06
 Reference value :  1.84073e-06
 Reference value :  1.84205e-06
 Reference value :  1.84372e-06
 Reference value :  1.84481e-06
 Reference value :  1.84636e-06
 Reference value :  1.84839e-06
 Reference value :  1.84863e-06
 Reference value :  1.85006e-06
 Reference value :  1.85077e-06
 Reference value :  1.85195e-06
 Reference value :  1.85334e-06
 Reference value :  1.85485e-06
 Reference value :  1.85577e-06
 Reference value :  1.85781e-06
 Reference value :  1.85841e-06
 Reference value :  1.86017e-06
 Reference value :  1.86085e-06
 Reference value :  1.86266e-06
 Reference value :  1.86321e-06
 Reference value :  1.86458e-06
 Reference value :  1.86569e-06
 Reference value :  1.86740e-06
 Reference value :  1.86812e-06
 Reference value :  1.86986e-06
 Reference value :  1.87158e-06
 Reference value :  1.87262e-06
 Reference value :  1.87442e-06
 Reference value :  1.87514e-06
 Reference value :  1.87697e-06
 Reference value :  1.87763e-06
 Reference value :  1.87842e-06
 Reference value :  1.87934e-06
 Reference value :  1.88117e-06
 Reference value :  1.88214e-06
 Reference value :  1.88391e-06
 Reference value :  1.88466e-06
 Reference value :  1.88651e-06
 Reference value :  1.88742e-06
 Reference value :  1.88914e-06
 Reference value :  1.89127e-06
 Reference value :  1.89279e-06
 Reference value :  1.89391e-06
 Reference value :  1.89581e-06
 Reference value :  1.89620e-06
 Reference value :  1.89748e-06
 Reference value :  1.89818e-06
 Reference value :  1.90002e-06
 Reference value :  1.90059e-06
 Reference value :  1.90120e-06
 Reference value :  1.90297e-06
 Reference value :  1.90437e-06
 Reference value :  1.90555e-06
 Reference value :  1.90744e-06
 Reference value :  1.90791e-06
 Reference value :  1.90985e-06
 Reference value :  1.91047e-06
 Reference value :  1.91182e-06
 Reference value :  1.91235e-06
 Reference value :  1.91403e-06
 Reference value :  1.91497e-06
 Reference value :  1.91558e-06
 Reference value :  1.91684e-06
 Reference value :  1.91730e-06
 Reference value :  1.91907e-06
 Reference value :  1.91944e-06
 Reference value :  1.92023e-06
 Reference value :  1.92153e-06
 Reference value :  1.92354e-06
 Reference value :  1.92459e-06
 Reference value :  1.92614e-06
 Reference value :  1.92800e-06
 Reference value :  1.92900e-06
 Reference value :  1.93057e-06
 Reference value :  1.93229e-06
 Reference value :  1.93293e-06
 Reference value :  1.93470e-06
 Reference value :  1.93577e-06
 Reference value :  1.93688e-06
 Reference value :  1.93739e-06
 Reference value :  1.93909e-06
 Reference value :  1.93947e-06
 Reference value :  1.94127e-06
 Reference value :  1.94211e-06
 Reference value :  1.94388e-06
 Reference value :  1.94574e-06
 Reference value :  1.94640e-06
 Reference value :  1.94808e-06
 Reference value :  1.94888e-06
 Reference value :  1.95023e-06
 Reference value :  1.95115e-06
 Reference value :  1.95253e-06
 Reference value :  1.95305e-06
 Reference value :  1.95471e-06
 Reference value :  1.95527e-06
 Reference value :  1.95627e-06
 Reference value :  1.95736e-06
 Reference value :  1.95921e-06
 Reference value :  1.95983e-06
 Reference value :  1.96154e-06
 Reference value :  1.96351e-06
 Reference value :  1.96426e-06
 Reference value :  1.96597e-06
 Reference value :  1.96658e-06
 Reference value :  1.96828e-06
 Reference value :  1.96899e-06
 Reference value :  1.97062e-06
 Reference value :  1.97265e-06
 Reference value :  1.97313e-06
 Reference value :  1.97498e-06
 Reference value :  1.97646e-06
 Reference value :  1.97747e-06
 Reference value :  1.97952e-06
 Reference value :  1.98045e-06
 Reference value :  1.98187e-06
 Reference value :  1.98272e-06
 Reference value :  1.98405e-06
 Reference value :  1.98540e-06
 Reference value :  1.98683e-06
 Reference value :  1.98849e-06
 Reference value :  1.98900e-06
 Reference value :  1.99087e-06
 Reference value :  1.99136e-06
 Reference value :  1.99209e-06
 Reference value :  1.99305e-06
 Reference value :  1.99351e-06
 Reference value :  1.99547e-06
 Reference value :  1.99713e-06
 Reference value :  1.99791e-06
 Reference value :  1.99975e-06
 Reference value :  2.00026e-06
 Reference value :  2.00110e-06
 Reference value :  2.00236e-06
 Reference value :  2.00420e-06
 Reference value :  2.00488e-06
 Reference value :  2.00646e-06
 Reference value :  2.00697e-06
 Reference value :  2.00882e-06
 Reference value :  2.00946e-06
 Reference value :  2.01123e-06
 Reference value :  2.01315e-06
 Reference value :  2.01395e-06
 Reference value :  2.01563e-06
 Reference value :  2.01759e-06
 Reference value :  2.01802e-06
 Reference value :  2.01982e-06
 Reference value :  2.02130e-06
 Reference value :  2.02231e-06
 Reference value :  2.02358e-06
 Reference value :  2.02411e-06
 Reference value :  2.02542e-06
 Reference value :  2.02637e-06
 Reference value :  2.02705e-06
 Reference value :  2.02759e-06
 Reference value :  2.02869e-06
 Reference value :  2.03027e-06
 Reference value :  2.03064e-06
 Reference value :  2.03143e-06
 Reference value :  2.03223e-06
 Reference value :  2.03272e-06
 Reference value :  2.03437e-06
 Reference value :  2.03500e-06
 Reference value :  2.03647e-06
 Reference value :  2.03803e-06
 Reference value :  2.03871e-06
 Reference value :  2.04039e-06
 Reference value :  2.04135e-06
 Reference value :  2.04308e-06
 Reference value :  2.04448e-06
 Reference value :  2.04624e-06
 Reference value :  2.04673e-06
 Reference value :  2.04827e-06
 Reference value :  2.04914e-06
 Reference value :  2.05020e-06
 Reference value :  2.05041e-06
 Reference value :  2.05169e-06
 Reference value :  2.05221e-06
 Reference value :  2.05258e-06
 Reference value :  2.05394e-06
 Reference value :  2.05434e-06
 Reference value :  2.05492e-06
 Reference value :  2.05627e-06
 Reference value :  2.05805e-06
 Reference value :  2.05938e-06
 Reference value :  2.05997e-06
 Reference value :  2.06170e-06
 Reference value :  2.06287e-06
 Reference value :  2.06351e-06
 Reference value :  2.06511e-06
 Reference value :  2.06558e-06
 Reference value :  2.06701e-06
 Reference value :  2.06746e-06
 Reference value :  2.06907e-06
 Reference value :  2.06972e-06
 Reference value :  2.07096e-06
 Reference value :  2.07238e-06
 Reference value :  2.07321e-06
 Reference value :  2.07471e-06
 Reference value :  2.07621e-06
 Reference value :  2.07660e-06
 Reference value :  2.07766e-06
 Reference value :  2.07885e-06
 Reference value :  2.08046e-06
 Reference value :  2.08183e-06
 Reference value :  2.08338e-06
 Reference value :  2.08497e-06
 Reference value :  2.08610e-06
 Reference value :  2.08744e-06
 Reference value :  2.08824e-06
 Reference value :  2.08904e-06
 Reference value :  2.09004e-06
 Reference value :  2.09069e-06
 Reference value :  2.09189e-06
 Reference value :  2.09288e-06
 Reference value :  2.09360e-06
 Reference value :  2.09491e-06
 Reference value :  2.09630e-06
 Reference value :  2.09734e-06
 Reference value :  2.09894e-06
 Reference value :  2.10030e-06
 Reference value :  2.10114e-06
 Reference value :  2.10222e-06
 Reference value :  2.10287e-06
 Reference value :  2.10371e-06
 Reference value :  2.10449e-06
 Reference value :  2.10637e-06
 Reference value :  2.10745e-06
 Reference value :  2.10878e-06
 Reference value :  2.10993e-06
 Reference value :  2.11096e-06
 Reference value :  2.11215e-06
 Reference value :  2.11366e-06
 Reference value :  2.11420e-06
 Reference value :  2.11540e-06
 Reference value :  2.11615e-06
 Reference value :  2.11711e-06
 Reference value :  2.11743e-06
 Reference value :  2.11817e-06
 Reference value :  2.11907e-06
 Reference value :  2.12020e-06
 Reference value :  2.12057e-06
 Reference value :  2.12121e-06
 Reference value :  2.12226e-06
 Reference value :  2.12353e-06
 Reference value :  2.12481e-06
 Reference value :  2.12563e-06
 Reference value :  2.12663e-06
 Reference value :  2.12704e-06
 Reference value :  2.12849e-06
 Reference value :  2.12991e-06
 Reference value :  2.13073e-06
 Reference value :  2.13178e-06
 Reference value :  2.13345e-06
 Reference value :  2.13387e-06
 Reference value :  2.13525e-06
 Reference value :  2.13687e-06
 Reference value :  2.13799e-06
 Reference value :  2.13842e-06
 Reference value :  2.13955e-06
 Reference value :  2.14039e-06
 Reference value :  2.14172e-06
 Reference value :  2.14283e-06
 Reference value :  2.14369e-06
 Reference value :  2.14480e-06
 Reference value :  2.14516e-06
 Reference value :  2.14659e-06
 Reference value :  2.14710e-06
 Reference value :  2.14772e-06
 Reference value :  2.14859e-06
 Reference value :  2.15002e-06
 Reference value :  2.15141e-06
 Reference value :  2.15200e-06
 Reference value :  2.15347e-06
 Reference value :  2.15395e-06
 Reference value :  2.15503e-06
 Reference value :  2.15615e-06
 Reference value :  2.15692e-06
 Reference value :  2.15827e-06
 Reference value :  2.15868e-06
 Reference value :  2.16004e-06
 Reference value :  2.16075e-06
 Reference value :  2.16240e-06
 Reference value :  2.16398e-06
 Reference value :  2.16524e-06
 Reference value :  2.16561e-06
 Reference value :  2.16715e-06
 Reference value :  2.16845e-06
 Reference value :  2.16978e-06
 Reference value :  2.17135e-06
 Reference value :  2.17255e-06
 Reference value :  2.17407e-06
 Reference value :  2.17489e-06
 Reference value :  2.17640e-06
 Reference value :  2.17777e-06
 Reference value :  2.17926e-06
 Reference value :  2.18019e-06
 Reference value :  2.18130e-06
 Reference value :  2.18263e-06
 Reference value :  2.18389e-06
 Reference value :  2.18487e-06
 Reference value :  2.18628e-06
 Reference value :  2.18789e-06
 Reference value :  2.18828e-06
 Reference value :  2.18987e-06
 Reference value :  2.19144e-06
 Reference value :  2.19237e-06
 Reference value :  2.19338e-06
 Reference value :  2.19475e-06
 Reference value :  2.19531e-06
 Reference value :  2.19680e-06
 Reference value :  2.19802e-06
 Reference value :  2.19893e-06
 Reference value :  2.19919e-06
 Reference value :  2.20000e-06
 Reference value :  2.20071e-06
 Reference value :  2.20120e-06
 Reference value :  2.20249e-06
 Reference value :  2.20280e-06
 Reference value :  2.20365e-06
 Reference value :  2.20429e-06
 Reference value :  2.20502e-06
 Reference value :  2.20606e-06
 Reference value :  2.20652e-06
 Reference value :  2.20744e-06
 Reference value :  2.20854e-06
 Reference value :  2.20973e-06
 Reference value :  2.21146e-06
 Reference value :  2.21224e-06
 Reference value :  2.21330e-06
 Reference value :  2.21411e-06
 Reference value :  2.21522e-06
 Reference value :  2.21690e-06
 Reference value :  2.21823e-06
 Reference value :  2.21898e-06
 Reference value :  2.22064e-06
 Reference value :  2.22116e-06
 Reference value :  2.22213e-06
 Reference value :  2.22328e-06
 Reference value :  2.22439e-06
 Reference value :  2.22564e-06
 Reference value :  2.22622e-06
 Reference value :  2.22789e-06
 Reference value :  2.22879e-06
 Reference value :  2.22965e-06
 Reference value :  2.23021e-06
 Reference value :  2.23134e-06
 Reference value :  2.23175e-06
 Reference value :  2.23242e-06
 Reference value :  2.23322e-06
 Reference value :  2.23356e-06
 Reference value :  2.23528e-06
 Reference value :  2.23619e-06
 Reference value :  2.23726e-06
 Reference value :  2.23889e-06
 Reference value :  2.23990e-06
 Reference value :  2.24105e-06
 Reference value :  2.24263e-06
 Reference value :  2.24324e-06
 Reference value :  2.24455e-06
 Reference value :  2.24523e-06
 Reference value :  2.24658e-06
 Reference value :  2.24747e-06
 Reference value :  2.24857e-06
 Reference value :  2.24985e-06
 Reference value :  2.25049e-06
 Reference value :  2.25170e-06
 Reference value :  2.25275e-06
 Reference value :  2.25435e-06
 Reference value :  2.25566e-06
 Reference value :  2.25635e-06
 Reference value :  2.25801e-06
 Reference value :  2.25905e-06
 Reference value :  2.26027e-06
 Reference value :  2.26175e-06
 Reference value :  2.26276e-06
 Reference value :  2.26390e-06
 Reference value :  2.26558e-06
 Reference value :  2.26586e-06
 Reference value :  2.26693e-06
 Reference value :  2.26783e-06
 Reference value :  2.26939e-06
 Reference value :  2.27004e-06
 Reference value :  2.27149e-06
 Reference value :  2.27249e-06
 Reference value :  2.27353e-06
 Reference value :  2.27470e-06
 Reference value :  2.27600e-06
 Reference value :  2.27741e-06
 Reference value :  2.27880e-06
 Reference value :  2.27970e-06
 Reference value :  2.28090e-06
 Reference value :  2.28130e-06
 Reference value :  2.28209e-06
 Reference value :  2.28362e-06
 Reference value :  2.28514e-06
 Reference value :  2.28654e-06
 Reference value :  2.28779e-06
 Reference value :  2.28940e-06
 Reference value :  2.29095e-06
 Reference value :  2.29270e-06
 Reference value :  2.29352e-06
 Reference value :  2.29491e-06
 Reference value :  2.29536e-06
 Reference value :  2.29708e-06
 Reference value :  2.29748e-06
 Reference value :  2.29796e-06
 Reference value :  2.29866e-06
 Reference value :  2.29951e-06
 Reference value :  2.30068e-06
 Reference value :  2.30103e-06
 Reference value :  2.30134e-06
 Reference value :  2.30193e-06
 Reference value :  2.30299e-06
 Reference value :  2.30411e-06
 Reference value :  2.30534e-06
 Reference value :  2.30672e-06
 Reference value :  2.30738e-06
 Reference value :  2.30906e-06
 Reference value :  2.30985e-06
 Reference value :  2.31119e-06
 Reference value :  2.31287e-06
 Reference value :  2.31374e-06
 Reference value :  2.31541e-06
 Reference value :  2.31708e-06
 Reference value :  2.31765e-06
 Reference value :  2.31932e-06
 Reference value :  2.31986e-06
 Reference value :  2.32143e-06
 Reference value :  2.32282e-06
 Reference value :  2.32376e-06
 Reference value :  2.32541e-06
 Reference value :  2.32586e-06
 Reference value :  2.32752e-06
 Reference value :  2.32940e-06
 Reference value :  2.32991e-06
 Reference value :  2.33099e-06
 Reference value :  2.33196e-06
 Reference value :  2.33334e-06
 Reference value :  2.33432e-06
 Reference value :  2.33506e-06
 Reference value :  2.33615e-06
 Reference value :  2.33771e-06
 Reference value :  2.33855e-06
 Reference value :  2.34036e-06
 Reference value :  2.34194e-06
 Reference value :  2.34264e-06
 Reference value :  2.34452e-06
 Reference value :  2.34543e-06
 Reference value :  2.34697e-06
 Reference value :  2.34867e-06
 Reference value :  2.34961e-06
 Reference value :  2.35084e-06
 Reference value :  2.35129e-06
 Reference value :  2.35304e-06
 Reference value :  2.35459e-06
 Reference value :  2.35540e-06
 Reference value :  2.35685e-06
 Reference value :  2.35817e-06
 Reference value :  2.35948e-06
 Reference value :  2.36164e-06
 Reference value :  2.36347e-06
 Reference value :  2.36373e-06
 Reference value :  2.36449e-06
 Reference value :  2.36585e-06
 Reference value :  2.36769e-06
 Reference value :  2.36822e-06
 Reference value :  2.36992e-06
 Reference value :  2.37030e-06
 Reference value :  2.37129e-06
 Reference value :  2.37206e-06
 Reference value :  2.37350e-06
 Reference value :  2.37460e-06
 Reference value :  2.37636e-06
 Reference value :  2.37721e-06
 Reference value :  2.37847e-06
 Reference value :  2.37939e-06
 Reference value :  2.38119e-06
 Reference value :  2.38274e-06
 Reference value :  2.38372e-06
 Reference value :  2.38502e-06
 Reference value :  2.38606e-06
 Reference value :  2.38732e-06
 Reference value :  2.38913e-06
 Reference value :  2.38929e-06
 Reference value :  2.39005e-06
 Reference value :  2.39170e-06
 Reference value :  2.39343e-06
 Reference value :  2.39395e-06
 Reference value :  2.39543e-06
 Reference value :  2.39630e-06
 Reference value :  2.39774e-06
 Reference value :  2.39808e-06
 Reference value :  2.39920e-06
 Reference value :  2.40002e-06
 Reference value :  2.40065e-06
 Reference value :  2.40164e-06
 Reference value :  2.40246e-06
 Reference value :  2.40315e-06
 Reference value :  2.40427e-06
 Reference value :  2.40439e-06
 Reference value :  2.40620e-06
 Reference value :  2.40662e-06
 Reference value :  2.40728e-06
 Reference value :  2.40848e-06
 Reference value :  2.41003e-06
 Reference value :  2.41043e-06
 Reference value :  2.41127e-06
 Reference value :  2.41276e-06
 Reference value :  2.41385e-06
 Reference value :  2.41485e-06
 Reference value :  2.41518e-06
 Reference value :  2.41596e-06
 Reference value :  2.41693e-06
 Reference value :  2.41867e-06
 Reference value :  2.41953e-06
 Reference value :  2.42104e-06
 Reference value :  2.42240e-06
 Reference value :  2.42317e-06
 Reference value :  2.42473e-06
 Reference value :  2.42544e-06
 Reference value :  2.42692e-06
 Reference value :  2.42709e-06
 Reference value :  2.42880e-06
 Reference value :  2.42957e-06
 Reference value :  2.43080e-06
 Reference value :  2.43144e-06
 Reference value :  2.43290e-06
 Reference value :  2.43471e-06
 Reference value :  2.43514e-06
 Reference value :  2.43666e-06
 Reference value :  2.43729e-06
 Reference value :  2.43891e-06
 Reference value :  2.43976e-06
 Reference value :  2.44064e-06
 Reference value :  2.44209e-06
 Reference value :  2.44286e-06
 Reference value :  2.44429e-06
 Reference value :  2.44586e-06
 Reference value :  2.44720e-06
 Reference value :  2.44803e-06
 Reference value :  2.44815e-06
 Reference value :  2.44971e-06
 Reference value :  2.45038e-06
 Reference value :  2.45162e-06
 Reference value :  2.45277e-06
 Reference value :  2.45368e-06
 Reference value :  2.45417e-06
 Reference value :  2.45528e-06
 Reference value :  2.45683e-06
 Reference value :  2.45742e-06
 Reference value :  2.45881e-06
 Reference value :  2.45980e-06
 Reference value :  2.46045e-06
 Reference value :  2.46091e-06
 Reference value :  2.46222e-06
 Reference value :  2.46349e-06
 Reference value :  2.46423e-06
 Reference value :  2.46495e-06
 Reference value :  2.46573e-06
 Reference value :  2.46684e-06
 Reference value :  2.46757e-06
 Reference value :  2.46841e-06
 Reference value :  2.46918e-06
 Reference value :  2.46959e-06
 Reference value :  2.47115e-06
 Reference value :  2.47246e-06
 Reference value :  2.47288e-06
 Reference value :  2.47405e-06
 Reference value :  2.47458e-06
 Reference value :  2.47589e-06
 Reference value :  2.47636e-06
 Reference value :  2.47786e-06
 Reference value :  2.47875e-06
 Reference value :  2.47994e-06
 Reference value :  2.48054e-06
 Reference value :  2.48136e-06
 Reference value :  2.48276e-06
 Reference value :  2.48404e-06
 Reference value :  2.48469e-06
 Reference value :  2.48600e-06
 Reference value :  2.48678e-06
 Reference value :  2.48793e-06
 Reference value :  2.48850e-06
 Reference value :  2.48963e-06
 Reference value :  2.49101e-06
 Reference value :  2.49125e-06
 Reference value :  2.49176e-06
 Reference value :  2.49286e-06
 Reference value :  2.49389e-06
 Reference value :  2.49469e-06
 Reference value :  2.49539e-06
 Reference value :  2.49589e-06
 Reference value :  2.49630e-06
 Reference value :  2.49736e-06
 Reference value :  2.49795e-06
 Reference value :  2.49863e-06
 Reference value :  2.49934e-06
 Reference value :  2.49989e-06
 Reference value :  2.50095e-06
 Reference value :  2.50128e-06
 Reference value :  2.50256e-06
 Reference value :  2.50403e-06
 Reference value :  2.50444e-06
 Reference value :  2.50493e-06
 Reference value :  2.50533e-06
 Reference value :  2.50598e-06
 Reference value :  2.50750e-06
 Reference value :  2.50821e-06
 Reference value :  2.50928e-06
 Reference value :  2.51051e-06
 Reference value :  2.51099e-06
 Reference value :  2.51200e-06
 Reference value :  2.51330e-06
 Reference value :  2.51407e-06
 Reference value :  2.51523e-06
 Reference value :  2.51572e-06
 Reference value :  2.51699e-06
 Reference value :  2.51716e-06
 Reference value :  2.51769e-06
 Reference value :  2.51874e-06
 Reference value :  2.52021e-06
 Reference value :  2.52087e-06
 Reference value :  2.52194e-06
 Reference value :  2.52330e-06
 Reference value :  2.52352e-06
 Reference value :  2.52373e-06
 Reference value :  2.52403e-06
 Reference value :  2.52524e-06
 Reference value :  2.52663e-06
 Reference value :  2.52739e-06
 Reference value :  2.52857e-06
 Reference value :  2.52983e-06
 Reference value :  2.53059e-06
 Reference value :  2.53149e-06
 Reference value :  2.53249e-06
 Reference value :  2.53325e-06
 Reference value :  2.53458e-06
 Reference value :  2.53608e-06
 Reference value :  2.53652e-06
 Reference value :  2.53768e-06
 Reference value :  2.53871e-06
 Reference value :  2.53923e-06
 Reference value :  2.53946e-06
 Reference value :  2.54057e-06
 Reference value :  2.54104e-06
 Reference value :  2.54219e-06
 Reference value :  2.54260e-06
 Reference value :  2.54332e-06
 Reference value :  2.54403e-06
 Reference value :  2.54534e-06
 Reference value :  2.54615e-06
 Reference value :  2.54711e-06
 Reference value :  2.54833e-06
 Reference value :  2.54871e-06
 Reference value :  2.54920e-06
 Reference value :  2.55003e-06
 Reference value :  2.55087e-06
 Reference value :  2.55180e-06
 Reference value :  2.55296e-06
 Reference value :  2.55388e-06
 Reference value :  2.55471e-06
 Reference value :  2.55515e-06
 Reference value :  2.55592e-06
 Reference value :  2.55655e-06
 Reference value :  2.55767e-06
 Reference value :  2.55843e-06
 Reference value :  2.55953e-06
 Reference value :  2.56053e-06
 Reference value :  2.56088e-06
 Reference value :  2.56190e-06
 Reference value :  2.56295e-06
 Reference value :  2.56394e-06
 Reference value :  2.56499e-06
 Reference value :  2.56603e-06
 Reference value :  2.56670e-06
 Reference value :  2.56730e-06
 Reference value :  2.56808e-06
 Reference value :  2.56930e-06
 Reference value :  2.57020e-06
 Reference value :  2.57113e-06
 Reference value :  2.57221e-06
 Reference value :  2.57243e-06
 Reference value :  2.57261e-06
 Reference value :  2.57321e-06
 Reference value :  2.57383e-06
 Reference value :  2.57472e-06
 Reference value :  2.57532e-06
 Reference value :  2.57568e-06
 Reference value :  2.57639e-06
 Reference value :  2.57689e-06
 Reference value :  2.57808e-06
 Reference value :  2.57897e-06
 Reference value :  2.57988e-06
 Reference value :  2.58093e-06
 Reference value :  2.58106e-06
 Reference value :  2.58163e-06
 Reference value :  2.58266e-06
 Reference value :  2.58402e-06
 Reference value :  2.58491e-06
 Reference value :  2.58543e-06
 Reference value :  2.58694e-06
 Reference value :  2.58761e-06
 Reference value :  2.58859e-06
 Reference value :  2.58988e-06
 Reference value :  2.59115e-06
 Reference value :  2.59242e-06
 Reference value :  2.59315e-06
 Reference value :  2.59375e-06
 Reference value :  2.59458e-06
 Reference value :  2.59556e-06
 Reference value :  2.59639e-06
 Reference value :  2.59732e-06
 Reference value :  2.59817e-06
 Reference value :  2.59861e-06
 Reference value :  2.59952e-06
 Reference value :  2.60040e-06
 Reference value :  2.60161e-06
 Reference value :  2.60265e-06
 Reference value :  2.60376e-06
 Reference value :  2.60453e-06
 Reference value :  2.60537e-06
 Reference value :  2.60664e-06
 Reference value :  2.60721e-06
 Reference value :  2.60820e-06
 Reference value :  2.60938e-06
 Reference value :  2.61009e-06
 Reference value :  2.61097e-06
 Reference value :  2.61223e-06
 Reference value :  2.61316e-06
 Reference value :  2.61401e-06
 Reference value :  2.61538e-06
 Reference value :  2.61645e-06
 Reference value :  2.61771e-06
 Reference value :  2.61853e-06
 Reference value :  2.61932e-06
 Reference value :  2.62068e-06
 Reference value :  2.62126e-06
 Reference value :  2.62199e-06
 Reference value :  2.62289e-06
 Reference value :  2.62405e-06
 Reference value :  2.62471e-06
 Reference value :  2.62598e-06
 Reference value :  2.62679e-06
 Reference value :  2.62769e-06
 Reference value :  2.62885e-06
 Reference value :  2.62950e-06
 Reference value :  2.63038e-06
 Reference value :  2.63159e-06
 Reference value :  2.63238e-06
 Reference value :  2.63331e-06
 Reference value :  2.63467e-06
 Reference value :  2.63585e-06
 Reference value :  2.63714e-06
 Reference value :  2.63825e-06
 Reference value :  2.63961e-06
 Reference value :  2.64094e-06
 Reference value :  2.64168e-06
 Reference value :  2.64265e-06
 Reference value :  2.64316e-06
 Reference value :  2.64379e-06
 Reference value :  2.64468e-06
 Reference value :  2.64536e-06
 Reference value :  2.64592e-06
 Reference value :  2.64654e-06
 Reference value :  2.64742e-06
 Reference value :  2.64857e-06
 Reference value :  2.64925e-06
 Reference value :  2.65011e-06
 Reference value :  2.65073e-06
 Reference value :  2.65154e-06
 Reference value :  2.65212e-06
 Reference value :  2.65336e-06
 Reference value :  2.65395e-06
 Reference value :  2.65479e-06
 Reference value :  2.65604e-06
 Reference value :  2.65717e-06
 Reference value :  2.65782e-06
 Reference value :  2.65903e-06
 Reference value :  2.65956e-06
 Reference value :  2.66035e-06
 Reference value :  2.66162e-06
 Reference value :  2.66273e-06
 Reference value :  2.66331e-06
 Reference value :  2.66458e-06
 Reference value :  2.66513e-06
 Reference value :  2.66587e-06
 Reference value :  2.66725e-06
 Reference value :  2.66780e-06
 Reference value :  2.66882e-06
 Reference value :  2.67005e-06
 Reference value :  2.67064e-06
 Reference value :  2.67175e-06
 Reference value :  2.67302e-06
 Reference value :  2.67406e-06
 Reference value :  2.67448e-06
 Reference value :  2.67564e-06
 Reference value :  2.67636e-06
 Reference value :  2.67719e-06
 Reference value :  2.67851e-06
 Reference value :  2.67946e-06
 Reference value :  2.68043e-06
 Reference value :  2.68137e-06
 Reference value :  2.68243e-06
 Reference value :  2.68310e-06
 Reference value :  2.68428e-06
 Reference value :  2.68522e-06
 Reference value :  2.68622e-06
 Reference value :  2.68720e-06
 Reference value :  2.68828e-06
 Reference value :  2.68959e-06
 Reference value :  2.69021e-06
 Reference value :  2.69119e-06
 Reference value :  2.69216e-06
 Reference value :  2.69328e-06
 Reference value :  2.69419e-06
 Reference value :  2.69566e-06
 Reference value :  2.69650e-06
 Reference value :  2.69724e-06
 Reference value :  2.69847e-06
 Reference value :  2.69893e-06
 Reference value :  2.69978e-06
 Reference value :  2.70073e-06
 Reference value :  2.70132e-06
 Reference value :  2.70262e-06
 Reference value :  2.70323e-06
 Reference value :  2.70425e-06
 Reference value :  2.70491e-06
 Reference value :  2.70605e-06
 Reference value :  2.70710e-06
 Reference value :  2.70782e-06
 Reference value :  2.70868e-06
 Reference value :  2.70985e-06
 Reference value :  2.71041e-06
 Reference value :  2.71103e-06
 Reference value :  2.71148e-06
 Reference value :  2.71253e-06
 Reference value :  2.71403e-06
 Reference value :  2.71489e-06
 Reference value :  2.71615e-06
 Reference value :  2.71692e-06
 Reference value :  2.71797e-06
 Reference value :  2.71925e-06
 Reference value :  2.72018e-06
 Reference value :  2.72112e-06
 Reference value :  2.72193e-06
 Reference value :  2.72239e-06
 Reference value :  2.72333e-06
 Reference value :  2.72472e-06
 Reference value :  2.72586e-06
 Reference value :  2.72624e-06
 Reference value :  2.72765e-06
 Reference value :  2.72896e-06
 Reference value :  2.73010e-06
 Reference value :  2.73104e-06
 Reference value :  2.73189e-06
 Reference value :  2.73292e-06
 Reference value :  2.73355e-06
 Reference value :  2.73440e-06
 Reference value :  2.73517e-06
 Reference value :  2.73622e-06
 Reference value :  2.73695e-06
 Reference value :  2.73788e-06
 Reference value :  2.73894e-06
 Reference value :  2.73994e-06
 Reference value :  2.74070e-06
 Reference value :  2.74172e-06
 Reference value :  2.74248e-06
 Reference value :  2.74326e-06
 Reference value :  2.74469e-06
 Reference value :  2.74523e-06
 Reference value :  2.74604e-06
 Reference value :  2.74723e-06
 Reference value :  2.74782e-06
 Reference value :  2.74880e-06
 Reference value :  2.75000e-06
 Reference value :  2.75054e-06
 Reference value :  2.75158e-06
 Reference value :  2.75276e-06
 Reference value :  2.75350e-06
 Reference value :  2.75441e-06
 Reference value :  2.75568e-06
 Reference value :  2.75629e-06
 Reference value :  2.75706e-06
 Reference value :  2.75797e-06
 Reference value :  2.75881e-06
 Reference value :  2.75974e-06
 Reference value :  2.76021e-06
 Reference value :  2.76122e-06
 Reference value :  2.76249e-06
 Reference value :  2.76309e-06
 Reference value :  2.76409e-06
 Reference value :  2.76510e-06
 Reference value :  2.76598e-06
 Reference value :  2.76656e-06
 Reference value :  2.76724e-06
 Reference value :  2.76801e-06
 Reference value :  2.76862e-06
 Reference value :  2.76968e-06
 Reference value :  2.77070e-06
 Reference value :  2.77149e-06
 Reference value :  2.77252e-06
 Reference value :  2.77357e-06
 Reference value :  2.77486e-06
 Reference value :  2.77585e-06
 Reference value :  2.77630e-06
 Reference value :  2.77746e-06
 Reference value :  2.77806e-06
 Reference value :  2.77890e-06
 Reference value :  2.78006e-06
 Reference value :  2.78059e-06
 Reference value :  2.78177e-06
 Reference value :  2.78294e-06
 Reference value :  2.78370e-06
 Reference value :  2.78431e-06
 Reference value :  2.78556e-06
 Reference value :  2.78661e-06
 Reference value :  2.78729e-06
 Reference value :  2.78817e-06
 Reference value :  2.78876e-06
 Reference value :  2.78948e-06
 Reference value :  2.79077e-06
 Reference value :  2.79137e-06
 Reference value :  2.79221e-06
 Reference value :  2.79331e-06
 Reference value :  2.79372e-06
 Reference value :  2.79466e-06
 Reference value :  2.79549e-06
 Reference value :  2.79625e-06
 Reference value :  2.79722e-06
 Reference value :  2.79793e-06
 Reference value :  2.79903e-06
 Reference value :  2.79993e-06
 Reference value :  2.80100e-06
 Reference value :  2.80155e-06
 Reference value :  2.80256e-06
 Reference value :  2.80332e-06
 Reference value :  2.80424e-06
 Reference value :  2.80431e-06
 Reference value :  2.80544e-06
 Reference value :  2.80581e-06
 Reference value :  2.80658e-06
 Reference value :  2.80705e-06
 Reference value :  2.80757e-06
 Reference value :  2.80777e-06
 Reference value :  2.80820e-06
 Reference value :  2.80888e-06
 Reference value :  2.80922e-06
 Reference value :  2.80969e-06
 Reference value :  2.81030e-06
 Reference value :  2.81067e-06
 Reference value :  2.81162e-06
 Reference value :  2.81215e-06
 Reference value :  2.81276e-06
 Reference value :  2.81328e-06
 Reference value :  2.81449e-06
 Reference value :  2.81528e-06
 Reference value :  2.81609e-06
 Reference value :  2.81716e-06
 Reference value :  2.81786e-06
 Reference value :  2.81861e-06
 Reference value :  2.81981e-06
 Reference value :  2.82061e-06
 Reference value :  2.82137e-06
 Reference value :  2.82241e-06
 Reference value :  2.82282e-06
 Reference value :  2.82379e-06
 Reference value :  2.82507e-06
 Reference value :  2.82559e-06
 Reference value :  2.82659e-06
 Reference value :  2.82720e-06
 Reference value :  2.82814e-06
 Reference value :  2.82911e-06
 Reference value :  2.83045e-06
 Reference value :  2.83119e-06
 Reference value :  2.83184e-06
 Reference value :  2.83246e-06
 Reference value :  2.83328e-06
 Reference value :  2.83373e-06
 Reference value :  2.83435e-06
 Reference value :  2.83484e-06
 Reference value :  2.83599e-06
 Reference value :  2.83653e-06
 Reference value :  2.83681e-06
 Reference value :  2.83772e-06
 Reference value :  2.83880e-06
 Reference value :  2.83977e-06
 Reference value :  2.84073e-06
 Reference value :  2.84151e-06
 Reference value :  2.84269e-06
 Reference value :  2.84382e-06
 Reference value :  2.84424e-06
 Reference value :  2.84529e-06
 Reference value :  2.84654e-06
 Reference value :  2.84717e-06
 Reference value :  2.84819e-06
 Reference value :  2.84931e-06
 Reference value :  2.84988e-06
 Reference value :  2.85071e-06
 Reference value :  2.85203e-06
 Reference value :  2.85285e-06
 Reference value :  2.85362e-06
 Reference value :  2.85456e-06
 Reference value :  2.85512e-06
 Reference value :  2.85596e-06
 Reference value :  2.85650e-06
 Reference value :  2.85739e-06
 Reference value :  2.85857e-06
 Reference value :  2.85949e-06
 Reference value :  2.86053e-06
 Reference value :  2.86169e-06
 Reference value :  2.86276e-06
 Reference value :  2.86347e-06
 Reference value :  2.86469e-06
 Reference value :  2.86550e-06
 Reference value :  2.86624e-06
 Reference value :  2.86727e-06
 Reference value :  2.86817e-06
 Reference value :  2.86909e-06
 Reference value :  2.87028e-06
 Reference value :  2.87148e-06
 Reference value :  2.87187e-06
 Reference value :  2.87299e-06
 Reference value :  2.87408e-06
 Reference value :  2.87480e-06
 Reference value :  2.87576e-06
 Reference value :  2.87623e-06
 Reference value :  2.87736e-06
 Reference value :  2.87775e-06
 Reference value :  2.87847e-06
 Reference value :  2.87890e-06
 Reference value :  2.88028e-06
 Reference value :  2.88081e-06
 Reference value :  2.88143e-06
 Reference value :  2.88219e-06
 Reference value :  2.88319e-06
 Reference value :  2.88396e-06
 Reference value :  2.88478e-06
 Reference value :  2.88597e-06
 Reference value :  2.88650e-06
 Reference value :  2.88752e-06
 Reference value :  2.88887e-06
 Reference value :  2.88964e-06
 Reference value :  2.89046e-06
 Reference value :  2.89175e-06
 Reference value :  2.89239e-06
 Reference value :  2.89337e-06
 Reference value :  2.89463e-06
 Reference value :  2.89565e-06
 Reference value :  2.89652e-06
 Reference value :  2.89764e-06
 Reference value :  2.89840e-06
 Reference value :  2.89941e-06
 Reference value :  2.90064e-06
 Reference value :  2.90127e-06
 Reference value :  2.90191e-06
 Reference value :  2.90244e-06
 Reference value :  2.90362e-06
 Reference value :  2.90413e-06
 Reference value :  2.90512e-06
 Reference value :  2.90602e-06
 Reference value :  2.90676e-06
 Reference value :  2.90804e-06
 Reference value :  2.90857e-06
 Reference value :  2.90966e-06
 Reference value :  2.91096e-06
 Reference value :  2.91171e-06
 Reference value :  2.91267e-06
 Reference value :  2.91409e-06
 Reference value :  2.91558e-06
 Reference value :  2.91627e-06
 Reference value :  2.91716e-06
 Reference value :  2.91847e-06
 Reference value :  2.91934e-06
 Reference value :  2.92024e-06
 Reference value :  2.92134e-06
 Reference value :  2.92209e-06
 Reference value :  2.92343e-06
 Reference value :  2.92440e-06
 Reference value :  2.92547e-06
 Reference value :  2.92585e-06
 Reference value :  2.92720e-06
 Reference value :  2.92747e-06
 Reference value :  2.92785e-06
 Reference value :  2.92845e-06
 Reference value :  2.92881e-06
 Reference value :  2.92937e-06
 Reference value :  2.92989e-06
 Reference value :  2.93025e-06
 Reference value :  2.93104e-06
 Reference value :  2.93128e-06
 Reference value :  2.93269e-06
 Reference value :  2.93299e-06
 Reference value :  2.93414e-06
 Reference value :  2.93549e-06
 Reference value :  2.93615e-06
 Reference value :  2.93697e-06
 Reference value :  2.93830e-06
 Reference value :  2.93879e-06
 Reference value :  2.93977e-06
 Reference value :  2.94109e-06
 Reference value :  2.94197e-06
 Reference value :  2.94263e-06
 Reference value :  2.94305e-06
 Reference value :  2.94377e-06
 Reference value :  2.94400e-06
 Reference value :  2.94429e-06
 Reference value :  2.94510e-06
 Reference value :  2.94551e-06
 Reference value :  2.94563e-06
 Reference value :  2.94670e-06
 Reference value :  2.94732e-06
 Reference value :  2.94773e-06
 Reference value :  2.94810e-06
 Reference value :  2.94847e-06
 Reference value :  2.94926e-06
 Reference value :  2.94973e-06
 Reference value :  2.95032e-06
 Reference value :  2.95054e-06
 Reference value :  2.95092e-06
 Reference value :  2.95183e-06
 Reference value :  2.95241e-06
 Reference value :  2.95283e-06
 Reference value :  2.95365e-06
 Reference value :  2.95425e-06
 Reference value :  2.95463e-06
 Reference value :  2.95503e-06
 Reference value :  2.95534e-06
 Reference value :  2.95582e-06
 Reference value :  2.95652e-06
 Reference value :  2.95676e-06
 Reference value :  2.95778e-06
 Reference value :  2.95861e-06
 Reference value :  2.95931e-06
 Reference value :  2.96047e-06
 Reference value :  2.96133e-06
 Reference value :  2.96211e-06
 Reference value :  2.96336e-06
 Reference value :  2.96407e-06
 Reference value :  2.96478e-06
 Reference value :  2.96603e-06
 Reference value :  2.96677e-06
 Reference value :  2.96757e-06
 Reference value :  2.96894e-06
 Reference value :  2.96958e-06
 Reference value :  2.97069e-06
 Reference value :  2.97135e-06
 Reference value :  2.97203e-06
 Reference value :  2.97304e-06
 Reference value :  2.97376e-06
 Reference value :  2.97488e-06
 Reference value :  2.97530e-06
 Reference value :  2.97592e-06
 Reference value :  2.97703e-06
 Reference value :  2.97760e-06
 Reference value :  2.97861e-06
 Reference value :  2.97916e-06
 Reference value :  2.98041e-06
 Reference value :  2.98130e-06
 Reference value :  2.98194e-06
 Reference value :  2.98312e-06
 Reference value :  2.98435e-06
 Reference value :  2.98478e-06
 Reference value :  2.98593e-06
 Reference value :  2.98649e-06
 Reference value :  2.98761e-06
 Reference value :  2.98896e-06
 Reference value :  2.98989e-06
 Reference value :  2.99051e-06
 Reference value :  2.99160e-06
 Reference value :  2.99223e-06
 Reference value :  2.99317e-06
 Reference value :  2.99468e-06
 Reference value :  2.99553e-06
 Reference value :  2.99603e-06
 Reference value :  2.99665e-06
 Reference value :  2.99755e-06
 Reference value :  2.99821e-06
 Reference value :  2.99892e-06
 Reference value :  2.99961e-06
No. of Data Rows : 19313
sim/harness: analysis complete
Note: Simulation executed from .control section 
Warning: singular matrix:  check node xxxtop.xxlf.xr1.t1

Note: Starting dynamic gmin stepping
Note: Dynamic gmin stepping completed
