
Note: Compatibility modes selected: hs a


Circuit: ** sch_path: /home/ubuntu/github/sky130-pll/sim/pll-lock/testbench/tb_pll_lock.sch

option SCALE: Scale is set to 1e-06 for instance and model parameters
option SCALE: Scale is set to 1e-06 for instance and model parameters
option SCALE: Scale is set to 1e-06 for instance and model parameters
option SCALE: Scale is set to 1e-06 for instance and model parameters
Doing analysis at TEMP = 125.000000 and TNOM = 27.000000

Using KLU as Direct Linear Solver
 Reference value :  0.00000e+00
 Reference value :  1.00637e-09
 Reference value :  2.30515e-09
 Reference value :  5.30000e-09
 Reference value :  8.30000e-09
 Reference value :  1.27000e-08
 Reference value :  1.81000e-08
 Reference value :  2.39000e-08
 Reference value :  2.95000e-08
 Reference value :  3.37000e-08
 Reference value :  3.57000e-08
 Reference value :  4.07000e-08
 Reference value :  4.65000e-08
 Reference value :  5.00000e-08
 Reference value :  5.38589e-08
 Reference value :  5.86589e-08
 Reference value :  6.28589e-08
 Reference value :  6.84589e-08
 Reference value :  7.14589e-08
 Reference value :  7.48589e-08
 Reference value :  8.00589e-08
 Reference value :  8.60589e-08
 Reference value :  9.14589e-08
 Reference value :  9.60589e-08
 Reference value :  1.00700e-07
 Reference value :  1.01873e-07
 Reference value :  1.05473e-07
 Reference value :  1.07473e-07
 Reference value :  1.13073e-07
 Reference value :  1.18473e-07
 Reference value :  1.24273e-07
 Reference value :  1.30073e-07
 Reference value :  1.35273e-07
 Reference value :  1.41073e-07
 Reference value :  1.44873e-07
 Reference value :  1.48073e-07
 Reference value :  1.50659e-07
 Reference value :  1.54859e-07
 Reference value :  1.60259e-07
 Reference value :  1.65859e-07
 Reference value :  1.70459e-07
 Reference value :  1.74459e-07
 Reference value :  1.80059e-07
 Reference value :  1.84059e-07
 Reference value :  1.89859e-07
 Reference value :  1.95659e-07
 Reference value :  2.00300e-07
 Reference value :  2.02591e-07
 Reference value :  2.05391e-07
 Reference value :  2.07791e-07
 Reference value :  2.11191e-07
 Reference value :  2.16991e-07
 Reference value :  2.22791e-07
 Reference value :  2.28591e-07
 Reference value :  2.32591e-07
 Reference value :  2.35991e-07
 Reference value :  2.41791e-07
 Reference value :  2.47191e-07
 Reference value :  2.50280e-07
 Reference value :  2.54459e-07
 Reference value :  2.57859e-07
 Reference value :  2.62059e-07
 Reference value :  2.66059e-07
 Reference value :  2.71659e-07
 Reference value :  2.76259e-07
 Reference value :  2.82059e-07
 Reference value :  2.86059e-07
 Reference value :  2.89459e-07
 Reference value :  2.95459e-07
 Reference value :  3.00140e-07
 Reference value :  3.02591e-07
 Reference value :  3.06591e-07
 Reference value :  3.11991e-07
 Reference value :  3.15991e-07
 Reference value :  3.17591e-07
 Reference value :  3.23391e-07
 Reference value :  3.29191e-07
 Reference value :  3.34991e-07
 Reference value :  3.38591e-07
 Reference value :  3.42191e-07
 Reference value :  3.47391e-07
 Reference value :  3.50459e-07
 Reference value :  3.54659e-07
 Reference value :  3.59859e-07
 Reference value :  3.65659e-07
 Reference value :  3.69859e-07
 Reference value :  3.73259e-07
 Reference value :  3.76659e-07
 Reference value :  3.82459e-07
 Reference value :  3.87859e-07
 Reference value :  3.93659e-07
 Reference value :  3.99459e-07
 Reference value :  4.01391e-07
 Reference value :  4.04391e-07
 Reference value :  4.06391e-07
 Reference value :  4.10591e-07
 Reference value :  4.15991e-07
 Reference value :  4.17591e-07
 Reference value :  4.23391e-07
 Reference value :  4.26791e-07
 Reference value :  4.29791e-07
 Reference value :  4.33191e-07
 Reference value :  4.38991e-07
 Reference value :  4.44591e-07
 Reference value :  4.49060e-07
 Reference value :  4.51259e-07
 Reference value :  4.53859e-07
 Reference value :  4.59059e-07
 Reference value :  4.63859e-07
 Reference value :  4.69659e-07
 Reference value :  4.74459e-07
 Reference value :  4.80059e-07
 Reference value :  4.84259e-07
 Reference value :  4.86459e-07
 Reference value :  4.92059e-07
 Reference value :  4.97259e-07
 Reference value :  5.00975e-07
 Reference value :  5.04191e-07
 Reference value :  5.08391e-07
 Reference value :  5.10191e-07
 Reference value :  5.14591e-07
 Reference value :  5.20191e-07
 Reference value :  5.25591e-07
 Reference value :  5.31191e-07
 Reference value :  5.36391e-07
 Reference value :  5.40591e-07
 Reference value :  5.44191e-07
 Reference value :  5.48791e-07
 Reference value :  5.51459e-07
 Reference value :  5.55659e-07
 Reference value :  5.61259e-07
 Reference value :  5.66259e-07
 Reference value :  5.71459e-07
 Reference value :  5.76659e-07
 Reference value :  5.81859e-07
 Reference value :  5.86859e-07
 Reference value :  5.89259e-07
 Reference value :  5.92459e-07
 Reference value :  5.97859e-07
 Reference value :  6.01000e-07
 Reference value :  6.03991e-07
 Reference value :  6.06391e-07
 Reference value :  6.09991e-07
 Reference value :  6.15191e-07
 Reference value :  6.20991e-07
 Reference value :  6.26391e-07
 Reference value :  6.32191e-07
 Reference value :  6.37991e-07
 Reference value :  6.42791e-07
 Reference value :  6.48591e-07
 Reference value :  6.50859e-07
 Reference value :  6.54859e-07
 Reference value :  6.59659e-07
 Reference value :  6.64659e-07
 Reference value :  6.65659e-07
 Reference value :  6.71059e-07
 Reference value :  6.76859e-07
 Reference value :  6.81859e-07
 Reference value :  6.87659e-07
 Reference value :  6.92259e-07
 Reference value :  6.95859e-07
 Reference value :  6.99259e-07
 Reference value :  7.01391e-07
 Reference value :  7.05591e-07
 Reference value :  7.10191e-07
 Reference value :  7.15591e-07
 Reference value :  7.18991e-07
 Reference value :  7.22791e-07
 Reference value :  7.24391e-07
 Reference value :  7.30191e-07
 Reference value :  7.35791e-07
 Reference value :  7.39391e-07
 Reference value :  7.43391e-07
 Reference value :  7.47191e-07
 Reference value :  7.50280e-07
 Reference value :  7.54259e-07
 Reference value :  7.59459e-07
 Reference value :  7.65259e-07
 Reference value :  7.70459e-07
 Reference value :  7.76059e-07
 Reference value :  7.81059e-07
 Reference value :  7.85459e-07
 Reference value :  7.87459e-07
 Reference value :  7.91859e-07
 Reference value :  7.97459e-07
 Reference value :  8.00975e-07
 Reference value :  8.04191e-07
 Reference value :  8.07791e-07
 Reference value :  8.11591e-07
 Reference value :  8.14791e-07
 Reference value :  8.18991e-07
 Reference value :  8.24391e-07
 Reference value :  8.30191e-07
 Reference value :  8.34991e-07
 Reference value :  8.37991e-07
 Reference value :  8.43591e-07
 Reference value :  8.48391e-07
 Reference value :  8.51059e-07
 Reference value :  8.54859e-07
 Reference value :  8.58259e-07
 Reference value :  8.62259e-07
 Reference value :  8.68059e-07
 Reference value :  8.73859e-07
 Reference value :  8.77659e-07
 Reference value :  8.83459e-07
 Reference value :  8.88059e-07
 Reference value :  8.91459e-07
 Reference value :  8.95459e-07
 Reference value :  9.00300e-07
 Reference value :  9.02591e-07
 Reference value :  9.06791e-07
 Reference value :  9.11991e-07
 Reference value :  9.16591e-07
 Reference value :  9.21791e-07
 Reference value :  9.23791e-07
 Reference value :  9.29391e-07
 Reference value :  9.35191e-07
 Reference value :  9.40391e-07
 Reference value :  9.46191e-07
 Reference value :  9.49700e-07
 Reference value :  9.51659e-07
 Reference value :  9.54859e-07
 Reference value :  9.58459e-07
 Reference value :  9.63459e-07
 Reference value :  9.68859e-07
 Reference value :  9.74459e-07
 Reference value :  9.79259e-07
 Reference value :  9.84659e-07
 Reference value :  9.88459e-07
 Reference value :  9.91659e-07
 Reference value :  9.97259e-07
 Reference value :  1.00085e-06
 Reference value :  1.00319e-06
 Reference value :  1.00559e-06
 Reference value :  1.00919e-06
 Reference value :  1.01499e-06
 Reference value :  1.02079e-06
 Reference value :  1.02659e-06
 Reference value :  1.03199e-06
 Reference value :  1.03699e-06
 Reference value :  1.04039e-06
 Reference value :  1.04599e-06
 Reference value :  1.04985e-06
 Reference value :  1.05346e-06
 Reference value :  1.05866e-06
 Reference value :  1.06426e-06
 Reference value :  1.06846e-06
 Reference value :  1.07146e-06
 Reference value :  1.07706e-06
 Reference value :  1.08186e-06
 Reference value :  1.08766e-06
 Reference value :  1.09286e-06
 Reference value :  1.09806e-06
 Reference value :  1.10098e-06
 Reference value :  1.10199e-06
 Reference value :  1.10619e-06
 Reference value :  1.11019e-06
 Reference value :  1.11439e-06
 Reference value :  1.11839e-06
 Reference value :  1.12199e-06
 Reference value :  1.12719e-06
 Reference value :  1.13299e-06
 Reference value :  1.13879e-06
 Reference value :  1.14379e-06
 Reference value :  1.14759e-06
 Reference value :  1.14906e-06
 Reference value :  1.15206e-06
 Reference value :  1.15626e-06
 Reference value :  1.16166e-06
 Reference value :  1.16506e-06
 Reference value :  1.16906e-06
 Reference value :  1.17486e-06
 Reference value :  1.17986e-06
 Reference value :  1.18526e-06
 Reference value :  1.19026e-06
 Reference value :  1.19406e-06
 Reference value :  1.19546e-06
 Reference value :  1.19746e-06
 Reference value :  1.20070e-06
 Reference value :  1.20279e-06
 Reference value :  1.20699e-06
 Reference value :  1.21179e-06
 Reference value :  1.21619e-06
 Reference value :  1.21899e-06
 Reference value :  1.22319e-06
 Reference value :  1.22899e-06
 Reference value :  1.23439e-06
 Reference value :  1.24019e-06
 Reference value :  1.24539e-06
 Reference value :  1.24950e-06
 Reference value :  1.25006e-06
 Reference value :  1.25406e-06
 Reference value :  1.25866e-06
 Reference value :  1.26086e-06
 Reference value :  1.26606e-06
 Reference value :  1.27126e-06
 Reference value :  1.27686e-06
 Reference value :  1.28186e-06
 Reference value :  1.28746e-06
 Reference value :  1.29126e-06
 Reference value :  1.29546e-06
 Reference value :  1.30030e-06
 Reference value :  1.30219e-06
 Reference value :  1.30659e-06
 Reference value :  1.31139e-06
 Reference value :  1.31679e-06
 Reference value :  1.32139e-06
 Reference value :  1.32719e-06
 Reference value :  1.33279e-06
 Reference value :  1.33839e-06
 Reference value :  1.34399e-06
 Reference value :  1.34906e-06
 Reference value :  1.35226e-06
 Reference value :  1.35666e-06
 Reference value :  1.36206e-06
 Reference value :  1.36746e-06
 Reference value :  1.37326e-06
 Reference value :  1.37906e-06
 Reference value :  1.38166e-06
 Reference value :  1.38726e-06
 Reference value :  1.39246e-06
 Reference value :  1.39806e-06
 Reference value :  1.40100e-06
 Reference value :  1.40459e-06
 Reference value :  1.40939e-06
 Reference value :  1.41479e-06
 Reference value :  1.42059e-06
 Reference value :  1.42579e-06
 Reference value :  1.43159e-06
 Reference value :  1.43679e-06
 Reference value :  1.44179e-06
 Reference value :  1.44759e-06
 Reference value :  1.45028e-06
 Reference value :  1.45466e-06
 Reference value :  1.45866e-06
 Reference value :  1.46346e-06
 Reference value :  1.46806e-06
 Reference value :  1.47386e-06
 Reference value :  1.47966e-06
 Reference value :  1.48506e-06
 Reference value :  1.49066e-06
 Reference value :  1.49586e-06
 Reference value :  1.50070e-06
 Reference value :  1.50279e-06
 Reference value :  1.50719e-06
 Reference value :  1.51259e-06
 Reference value :  1.51819e-06
 Reference value :  1.52399e-06
 Reference value :  1.52939e-06
 Reference value :  1.53539e-06
 Reference value :  1.54079e-06
 Reference value :  1.54599e-06
 Reference value :  1.55000e-06
 Reference value :  1.55346e-06
 Reference value :  1.55866e-06
 Reference value :  1.56406e-06
 Reference value :  1.56986e-06
 Reference value :  1.57506e-06
 Reference value :  1.58086e-06
 Reference value :  1.58666e-06
 Reference value :  1.59166e-06
 Reference value :  1.59746e-06
 Reference value :  1.60098e-06
 Reference value :  1.60439e-06
 Reference value :  1.60839e-06
 Reference value :  1.61419e-06
 Reference value :  1.61999e-06
 Reference value :  1.62499e-06
 Reference value :  1.63079e-06
 Reference value :  1.63599e-06
 Reference value :  1.64199e-06
 Reference value :  1.64739e-06
 Reference value :  1.65046e-06
 Reference value :  1.65506e-06
 Reference value :  1.66006e-06
 Reference value :  1.66586e-06
 Reference value :  1.66686e-06
 Reference value :  1.67266e-06
 Reference value :  1.67786e-06
 Reference value :  1.68346e-06
 Reference value :  1.68926e-06
 Reference value :  1.69466e-06
 Reference value :  1.70000e-06
 Reference value :  1.70159e-06
 Reference value :  1.70599e-06
 Reference value :  1.71039e-06
 Reference value :  1.71619e-06
 Reference value :  1.72199e-06
 Reference value :  1.72699e-06
 Reference value :  1.73279e-06
 Reference value :  1.73799e-06
 Reference value :  1.74359e-06
 Reference value :  1.74659e-06
 Reference value :  1.75006e-06
 Reference value :  1.75426e-06
 Reference value :  1.75926e-06
 Reference value :  1.76506e-06
 Reference value :  1.77046e-06
 Reference value :  1.77646e-06
 Reference value :  1.78186e-06
 Reference value :  1.78766e-06
 Reference value :  1.79346e-06
 Reference value :  1.79866e-06
 Reference value :  1.80109e-06
 Reference value :  1.80499e-06
 Reference value :  1.80979e-06
 Reference value :  1.81459e-06
 Reference value :  1.82039e-06
 Reference value :  1.82639e-06
 Reference value :  1.83159e-06
 Reference value :  1.83739e-06
 Reference value :  1.84199e-06
 Reference value :  1.84759e-06
 Reference value :  1.85014e-06
 Reference value :  1.85406e-06
 Reference value :  1.85886e-06
 Reference value :  1.86426e-06
 Reference value :  1.86946e-06
 Reference value :  1.87466e-06
 Reference value :  1.88026e-06
 Reference value :  1.88566e-06
 Reference value :  1.89146e-06
 Reference value :  1.89706e-06
 Reference value :  1.90098e-06
 Reference value :  1.90419e-06
 Reference value :  1.90839e-06
 Reference value :  1.91399e-06
 Reference value :  1.91919e-06
 Reference value :  1.92499e-06
 Reference value :  1.93059e-06
 Reference value :  1.93599e-06
 Reference value :  1.94179e-06
 Reference value :  1.94699e-06
 Reference value :  1.95014e-06
 Reference value :  1.95366e-06
 Reference value :  1.95886e-06
 Reference value :  1.96466e-06
 Reference value :  1.96986e-06
 Reference value :  1.97566e-06
 Reference value :  1.98086e-06
 Reference value :  1.98666e-06
 Reference value :  1.99206e-06
 Reference value :  1.99766e-06
 Reference value :  2.00100e-06
 Reference value :  2.00419e-06
 Reference value :  2.00899e-06
 Reference value :  2.01419e-06
 Reference value :  2.01979e-06
 Reference value :  2.02319e-06
 Reference value :  2.02839e-06
 Reference value :  2.03419e-06
 Reference value :  2.03959e-06
 Reference value :  2.04519e-06
 Reference value :  2.04950e-06
 Reference value :  2.05266e-06
 Reference value :  2.05726e-06
 Reference value :  2.06306e-06
 Reference value :  2.06886e-06
 Reference value :  2.07426e-06
 Reference value :  2.07986e-06
 Reference value :  2.08446e-06
 Reference value :  2.09026e-06
 Reference value :  2.09526e-06
 Reference value :  2.10050e-06
 Reference value :  2.10299e-06
 Reference value :  2.10699e-06
 Reference value :  2.11239e-06
 Reference value :  2.11799e-06
 Reference value :  2.12379e-06
 Reference value :  2.12899e-06
 Reference value :  2.13479e-06
 Reference value :  2.14059e-06
 Reference value :  2.14599e-06
 Reference value :  2.15000e-06
 Reference value :  2.15326e-06
 Reference value :  2.15826e-06
 Reference value :  2.16066e-06
 Reference value :  2.16626e-06
 Reference value :  2.17206e-06
 Reference value :  2.17726e-06
 Reference value :  2.18306e-06
 Reference value :  2.18766e-06
 Reference value :  2.19346e-06
 Reference value :  2.19886e-06
 Reference value :  2.20119e-06
 Reference value :  2.20559e-06
 Reference value :  2.20999e-06
 Reference value :  2.21319e-06
 Reference value :  2.21699e-06
 Reference value :  2.22139e-06
 Reference value :  2.22519e-06
 Reference value :  2.22839e-06
 Reference value :  2.23279e-06
 Reference value :  2.23679e-06
 Reference value :  2.24099e-06
 Reference value :  2.24499e-06
 Reference value :  2.24902e-06
 Reference value :  2.25166e-06
 Reference value :  2.25626e-06
 Reference value :  2.26146e-06
 Reference value :  2.26666e-06
 Reference value :  2.27246e-06
 Reference value :  2.27766e-06
 Reference value :  2.28346e-06
 Reference value :  2.28826e-06
 Reference value :  2.29406e-06
 Reference value :  2.29983e-06
 Reference value :  2.30179e-06
 Reference value :  2.30619e-06
 Reference value :  2.31079e-06
 Reference value :  2.31659e-06
 Reference value :  2.32099e-06
 Reference value :  2.32679e-06
 Reference value :  2.33159e-06
 Reference value :  2.33719e-06
 Reference value :  2.34299e-06
 Reference value :  2.34819e-06
 Reference value :  2.35106e-06
 Reference value :  2.35506e-06
 Reference value :  2.36046e-06
 Reference value :  2.36546e-06
 Reference value :  2.37106e-06
 Reference value :  2.37686e-06
 Reference value :  2.38166e-06
 Reference value :  2.38666e-06
 Reference value :  2.39146e-06
 Reference value :  2.39706e-06
 Reference value :  2.40085e-06
 Reference value :  2.40339e-06
 Reference value :  2.40779e-06
 Reference value :  2.41259e-06
 Reference value :  2.41839e-06
 Reference value :  2.42359e-06
 Reference value :  2.42939e-06
 Reference value :  2.43479e-06
 Reference value :  2.44039e-06
 Reference value :  2.44619e-06
 Reference value :  2.44985e-06
 Reference value :  2.45346e-06
 Reference value :  2.45806e-06
 Reference value :  2.46366e-06
 Reference value :  2.46906e-06
 Reference value :  2.47466e-06
 Reference value :  2.48026e-06
 Reference value :  2.48566e-06
 Reference value :  2.49126e-06
 Reference value :  2.49526e-06
 Reference value :  2.49726e-06
 Reference value :  2.50085e-06
 Reference value :  2.50359e-06
 Reference value :  2.50759e-06
 Reference value :  2.51039e-06
 Reference value :  2.51359e-06
 Reference value :  2.51739e-06
 Reference value :  2.52159e-06
 Reference value :  2.52559e-06
 Reference value :  2.52979e-06
 Reference value :  2.53399e-06
 Reference value :  2.53779e-06
 Reference value :  2.54199e-06
 Reference value :  2.54579e-06
 Reference value :  2.54930e-06
 Reference value :  2.55226e-06
 Reference value :  2.55686e-06
 Reference value :  2.56246e-06
 Reference value :  2.56806e-06
 Reference value :  2.57386e-06
 Reference value :  2.57926e-06
 Reference value :  2.58506e-06
 Reference value :  2.59026e-06
 Reference value :  2.59586e-06
 Reference value :  2.60050e-06
 Reference value :  2.60279e-06
 Reference value :  2.60719e-06
 Reference value :  2.61159e-06
 Reference value :  2.61739e-06
 Reference value :  2.62259e-06
 Reference value :  2.62679e-06
 Reference value :  2.63179e-06
 Reference value :  2.63739e-06
 Reference value :  2.64319e-06
 Reference value :  2.64699e-06
 Reference value :  2.64950e-06
 Reference value :  2.65246e-06
 Reference value :  2.65726e-06
 Reference value :  2.66266e-06
 Reference value :  2.66826e-06
 Reference value :  2.67386e-06
 Reference value :  2.67786e-06
 Reference value :  2.68186e-06
 Reference value :  2.68586e-06
 Reference value :  2.69006e-06
 Reference value :  2.69406e-06
 Reference value :  2.69786e-06
 Reference value :  2.70085e-06
 Reference value :  2.70359e-06
 Reference value :  2.70799e-06
 Reference value :  2.71259e-06
 Reference value :  2.71819e-06
 Reference value :  2.72339e-06
 Reference value :  2.72899e-06
 Reference value :  2.73439e-06
 Reference value :  2.73959e-06
 Reference value :  2.74479e-06
 Reference value :  2.74906e-06
 Reference value :  2.75166e-06
 Reference value :  2.75586e-06
 Reference value :  2.76126e-06
 Reference value :  2.76666e-06
 Reference value :  2.77226e-06
 Reference value :  2.77786e-06
 Reference value :  2.78286e-06
 Reference value :  2.78491e-06
 Reference value :  2.78823e-06
 Reference value :  2.79243e-06
 Reference value :  2.79643e-06
 Reference value :  2.80002e-06
 Reference value :  2.80219e-06
 Reference value :  2.80599e-06
 Reference value :  2.81119e-06
 Reference value :  2.81639e-06
 Reference value :  2.82199e-06
 Reference value :  2.82719e-06
 Reference value :  2.83279e-06
 Reference value :  2.83539e-06
 Reference value :  2.83919e-06
 Reference value :  2.84479e-06
 Reference value :  2.84914e-06
 Reference value :  2.85226e-06
 Reference value :  2.85646e-06
 Reference value :  2.86206e-06
 Reference value :  2.86786e-06
 Reference value :  2.87165e-06
 Reference value :  2.87565e-06
 Reference value :  2.87945e-06
 Reference value :  2.88345e-06
 Reference value :  2.88725e-06
 Reference value :  2.89145e-06
 Reference value :  2.89565e-06
 Reference value :  2.89982e-06
 Reference value :  2.90179e-06
 Reference value :  2.90579e-06
 Reference value :  2.91079e-06
 Reference value :  2.91559e-06
 Reference value :  2.92139e-06
 Reference value :  2.92659e-06
 Reference value :  2.93239e-06
 Reference value :  2.93659e-06
 Reference value :  2.93874e-06
 Reference value :  2.94274e-06
 Reference value :  2.94674e-06
 Reference value :  2.94970e-06
 Reference value :  2.95226e-06
 Reference value :  2.95686e-06
 Reference value :  2.96226e-06
 Reference value :  2.96786e-06
 Reference value :  2.97346e-06
 Reference value :  2.97866e-06
 Reference value :  2.98426e-06
 Reference value :  2.98946e-06
 Reference value :  2.99526e-06
 Reference value :  2.99799e-06
No. of Data Rows : 15440
sim/harness: analysis complete
Note: Simulation executed from .control section 
Note: Starting dynamic gmin stepping
Warning: singular matrix:  check node xxxtop.xxdiv.xcnt5.a_761_289#

Warning: Dynamic gmin stepping failed
Note: Starting true gmin stepping
Note: True gmin stepping completed
