
Note: Compatibility modes selected: hs a


Circuit: ** sch_path: /home/ubuntu/github/sky130-pll/sim/pll-lock/testbench/tb_pll_lock.sch

option SCALE: Scale is set to 1e-06 for instance and model parameters
option SCALE: Scale is set to 1e-06 for instance and model parameters
option SCALE: Scale is set to 1e-06 for instance and model parameters
option SCALE: Scale is set to 1e-06 for instance and model parameters
Doing analysis at TEMP = 125.000000 and TNOM = 27.000000

Using KLU as Direct Linear Solver
 Reference value :  0.00000e+00
 Reference value :  1.02586e-09
 Reference value :  2.74426e-09
 Reference value :  5.14000e-09
 Reference value :  8.70000e-09
 Reference value :  1.43000e-08
 Reference value :  1.99000e-08
 Reference value :  2.51000e-08
 Reference value :  3.07000e-08
 Reference value :  3.61000e-08
 Reference value :  4.17000e-08
 Reference value :  4.71000e-08
 Reference value :  5.01297e-08
 Reference value :  5.38092e-08
 Reference value :  5.80092e-08
 Reference value :  6.24092e-08
 Reference value :  6.64092e-08
 Reference value :  7.08092e-08
 Reference value :  7.48092e-08
 Reference value :  7.92092e-08
 Reference value :  8.32092e-08
 Reference value :  8.74092e-08
 Reference value :  9.16092e-08
 Reference value :  9.52092e-08
 Reference value :  9.94092e-08
 Reference value :  1.01054e-07
 Reference value :  1.04625e-07
 Reference value :  1.09625e-07
 Reference value :  1.15225e-07
 Reference value :  1.21025e-07
 Reference value :  1.26025e-07
 Reference value :  1.30825e-07
 Reference value :  1.36025e-07
 Reference value :  1.41825e-07
 Reference value :  1.47025e-07
 Reference value :  1.50130e-07
 Reference value :  1.53809e-07
 Reference value :  1.57809e-07
 Reference value :  1.62409e-07
 Reference value :  1.66409e-07
 Reference value :  1.70809e-07
 Reference value :  1.74809e-07
 Reference value :  1.79209e-07
 Reference value :  1.83609e-07
 Reference value :  1.87609e-07
 Reference value :  1.91809e-07
 Reference value :  1.94809e-07
 Reference value :  1.99209e-07
 Reference value :  2.01254e-07
 Reference value :  2.05607e-07
 Reference value :  2.11007e-07
 Reference value :  2.16207e-07
 Reference value :  2.22007e-07
 Reference value :  2.27207e-07
 Reference value :  2.33007e-07
 Reference value :  2.35607e-07
 Reference value :  2.41407e-07
 Reference value :  2.47207e-07
 Reference value :  2.50130e-07
 Reference value :  2.54009e-07
 Reference value :  2.58009e-07
 Reference value :  2.62409e-07
 Reference value :  2.66409e-07
 Reference value :  2.70809e-07
 Reference value :  2.75009e-07
 Reference value :  2.79009e-07
 Reference value :  2.83009e-07
 Reference value :  2.87009e-07
 Reference value :  2.91209e-07
 Reference value :  2.95209e-07
 Reference value :  2.99609e-07
 Reference value :  3.02007e-07
 Reference value :  3.06207e-07
 Reference value :  3.11607e-07
 Reference value :  3.16807e-07
 Reference value :  3.22607e-07
 Reference value :  3.27807e-07
 Reference value :  3.33607e-07
 Reference value :  3.39407e-07
 Reference value :  3.44607e-07
 Reference value :  3.49700e-07
 Reference value :  3.51809e-07
 Reference value :  3.56209e-07
 Reference value :  3.60009e-07
 Reference value :  3.61809e-07
 Reference value :  3.66209e-07
 Reference value :  3.70209e-07
 Reference value :  3.74609e-07
 Reference value :  3.78409e-07
 Reference value :  3.82809e-07
 Reference value :  3.86809e-07
 Reference value :  3.91209e-07
 Reference value :  3.95609e-07
 Reference value :  3.99609e-07
 Reference value :  4.02007e-07
 Reference value :  4.05807e-07
 Reference value :  4.11207e-07
 Reference value :  4.16407e-07
 Reference value :  4.22207e-07
 Reference value :  4.28007e-07
 Reference value :  4.33407e-07
 Reference value :  4.39007e-07
 Reference value :  4.44407e-07
 Reference value :  4.49500e-07
 Reference value :  4.51809e-07
 Reference value :  4.56209e-07
 Reference value :  4.60609e-07
 Reference value :  4.64809e-07
 Reference value :  4.69209e-07
 Reference value :  4.72609e-07
 Reference value :  4.77009e-07
 Reference value :  4.80809e-07
 Reference value :  4.85209e-07
 Reference value :  4.89609e-07
 Reference value :  4.93609e-07
 Reference value :  4.97809e-07
 Reference value :  5.00850e-07
 Reference value :  5.04407e-07
 Reference value :  5.09407e-07
 Reference value :  5.15207e-07
 Reference value :  5.20607e-07
 Reference value :  5.25807e-07
 Reference value :  5.31607e-07
 Reference value :  5.37207e-07
 Reference value :  5.43007e-07
 Reference value :  5.48407e-07
 Reference value :  5.50609e-07
 Reference value :  5.55009e-07
 Reference value :  5.59009e-07
 Reference value :  5.63409e-07
 Reference value :  5.67409e-07
 Reference value :  5.71809e-07
 Reference value :  5.75809e-07
 Reference value :  5.80009e-07
 Reference value :  5.84409e-07
 Reference value :  5.88409e-07
 Reference value :  5.92809e-07
 Reference value :  5.97009e-07
 Reference value :  6.00700e-07
 Reference value :  6.03607e-07
 Reference value :  6.08807e-07
 Reference value :  6.14607e-07
 Reference value :  6.19807e-07
 Reference value :  6.24607e-07
 Reference value :  6.29207e-07
 Reference value :  6.34807e-07
 Reference value :  6.40007e-07
 Reference value :  6.45807e-07
 Reference value :  6.50000e-07
 Reference value :  6.52809e-07
 Reference value :  6.57209e-07
 Reference value :  6.61209e-07
 Reference value :  6.65609e-07
 Reference value :  6.69609e-07
 Reference value :  6.74009e-07
 Reference value :  6.78209e-07
 Reference value :  6.82609e-07
 Reference value :  6.87009e-07
 Reference value :  6.90609e-07
 Reference value :  6.95009e-07
 Reference value :  6.99009e-07
 Reference value :  7.01407e-07
 Reference value :  7.05407e-07
 Reference value :  7.11207e-07
 Reference value :  7.17207e-07
 Reference value :  7.22607e-07
 Reference value :  7.28007e-07
 Reference value :  7.33207e-07
 Reference value :  7.39007e-07
 Reference value :  7.44407e-07
 Reference value :  7.49300e-07
 Reference value :  7.50809e-07
 Reference value :  7.54609e-07
 Reference value :  7.59009e-07
 Reference value :  7.63409e-07
 Reference value :  7.67809e-07
 Reference value :  7.71809e-07
 Reference value :  7.75609e-07
 Reference value :  7.80009e-07
 Reference value :  7.84009e-07
 Reference value :  7.88409e-07
 Reference value :  7.92609e-07
 Reference value :  7.97009e-07
 Reference value :  8.00300e-07
 Reference value :  8.00850e-07
 Reference value :  8.04207e-07
 Reference value :  8.09007e-07
 Reference value :  8.14807e-07
 Reference value :  8.20007e-07
 Reference value :  8.25207e-07
 Reference value :  8.30407e-07
 Reference value :  8.36007e-07
 Reference value :  8.41607e-07
 Reference value :  8.46807e-07
 Reference value :  8.50130e-07
 Reference value :  8.53209e-07
 Reference value :  8.57409e-07
 Reference value :  8.61409e-07
 Reference value :  8.65609e-07
 Reference value :  8.70009e-07
 Reference value :  8.74009e-07
 Reference value :  8.78409e-07
 Reference value :  8.82409e-07
 Reference value :  8.85409e-07
 Reference value :  8.89209e-07
 Reference value :  8.93609e-07
 Reference value :  8.98009e-07
 Reference value :  9.01020e-07
 Reference value :  9.05007e-07
 Reference value :  9.10207e-07
 Reference value :  9.16007e-07
 Reference value :  9.21407e-07
 Reference value :  9.26807e-07
 Reference value :  9.32007e-07
 Reference value :  9.37607e-07
 Reference value :  9.43407e-07
 Reference value :  9.48607e-07
 Reference value :  9.50809e-07
 Reference value :  9.54609e-07
 Reference value :  9.56409e-07
 Reference value :  9.60409e-07
 Reference value :  9.64809e-07
 Reference value :  9.69209e-07
 Reference value :  9.73209e-07
 Reference value :  9.77609e-07
 Reference value :  9.81609e-07
 Reference value :  9.85809e-07
 Reference value :  9.90009e-07
 Reference value :  9.94409e-07
 Reference value :  9.98409e-07
 Reference value :  1.00100e-06
 Reference value :  1.00441e-06
 Reference value :  1.00941e-06
 Reference value :  1.01521e-06
 Reference value :  1.02061e-06
 Reference value :  1.02641e-06
 Reference value :  1.03161e-06
 Reference value :  1.03741e-06
 Reference value :  1.04321e-06
 Reference value :  1.04861e-06
 Reference value :  1.05081e-06
 Reference value :  1.05461e-06
 Reference value :  1.05881e-06
 Reference value :  1.06301e-06
 Reference value :  1.06741e-06
 Reference value :  1.07181e-06
 Reference value :  1.07581e-06
 Reference value :  1.08001e-06
 Reference value :  1.08401e-06
 Reference value :  1.08841e-06
 Reference value :  1.09241e-06
 Reference value :  1.09661e-06
 Reference value :  1.10030e-06
 Reference value :  1.10281e-06
 Reference value :  1.10361e-06
 Reference value :  1.10821e-06
 Reference value :  1.11401e-06
 Reference value :  1.11961e-06
 Reference value :  1.12521e-06
 Reference value :  1.13041e-06
 Reference value :  1.13581e-06
 Reference value :  1.14161e-06
 Reference value :  1.14681e-06
 Reference value :  1.15013e-06
 Reference value :  1.15321e-06
 Reference value :  1.15741e-06
 Reference value :  1.16181e-06
 Reference value :  1.16561e-06
 Reference value :  1.17001e-06
 Reference value :  1.17401e-06
 Reference value :  1.17841e-06
 Reference value :  1.18241e-06
 Reference value :  1.18681e-06
 Reference value :  1.19121e-06
 Reference value :  1.19521e-06
 Reference value :  1.19961e-06
 Reference value :  1.20181e-06
 Reference value :  1.20621e-06
 Reference value :  1.21101e-06
 Reference value :  1.21681e-06
 Reference value :  1.22261e-06
 Reference value :  1.22801e-06
 Reference value :  1.23341e-06
 Reference value :  1.23841e-06
 Reference value :  1.24421e-06
 Reference value :  1.24914e-06
 Reference value :  1.25161e-06
 Reference value :  1.25581e-06
 Reference value :  1.25981e-06
 Reference value :  1.26441e-06
 Reference value :  1.26861e-06
 Reference value :  1.27301e-06
 Reference value :  1.27701e-06
 Reference value :  1.28141e-06
 Reference value :  1.28581e-06
 Reference value :  1.29021e-06
 Reference value :  1.29441e-06
 Reference value :  1.29841e-06
 Reference value :  1.30114e-06
 Reference value :  1.30501e-06
 Reference value :  1.30741e-06
 Reference value :  1.31141e-06
 Reference value :  1.31721e-06
 Reference value :  1.32301e-06
 Reference value :  1.32821e-06
 Reference value :  1.33361e-06
 Reference value :  1.33861e-06
 Reference value :  1.34441e-06
 Reference value :  1.34914e-06
 Reference value :  1.35161e-06
 Reference value :  1.35581e-06
 Reference value :  1.35961e-06
 Reference value :  1.36421e-06
 Reference value :  1.36821e-06
 Reference value :  1.37261e-06
 Reference value :  1.37641e-06
 Reference value :  1.38081e-06
 Reference value :  1.38501e-06
 Reference value :  1.38901e-06
 Reference value :  1.39341e-06
 Reference value :  1.39741e-06
 Reference value :  1.40085e-06
 Reference value :  1.40381e-06
 Reference value :  1.40901e-06
 Reference value :  1.41481e-06
 Reference value :  1.42021e-06
 Reference value :  1.42601e-06
 Reference value :  1.43141e-06
 Reference value :  1.43681e-06
 Reference value :  1.44221e-06
 Reference value :  1.44801e-06
 Reference value :  1.45044e-06
 Reference value :  1.45161e-06
 Reference value :  1.45581e-06
 Reference value :  1.45981e-06
 Reference value :  1.46441e-06
 Reference value :  1.46821e-06
 Reference value :  1.47261e-06
 Reference value :  1.47661e-06
 Reference value :  1.48101e-06
 Reference value :  1.48541e-06
 Reference value :  1.48941e-06
 Reference value :  1.49341e-06
 Reference value :  1.49741e-06
 Reference value :  1.50085e-06
 Reference value :  1.50401e-06
 Reference value :  1.50941e-06
 Reference value :  1.51501e-06
 Reference value :  1.52021e-06
 Reference value :  1.52601e-06
 Reference value :  1.53121e-06
 Reference value :  1.53681e-06
 Reference value :  1.54201e-06
 Reference value :  1.54781e-06
 Reference value :  1.55044e-06
 Reference value :  1.55441e-06
 Reference value :  1.55881e-06
 Reference value :  1.56201e-06
 Reference value :  1.56641e-06
 Reference value :  1.57041e-06
 Reference value :  1.57461e-06
 Reference value :  1.57901e-06
 Reference value :  1.58321e-06
 Reference value :  1.58761e-06
 Reference value :  1.59181e-06
 Reference value :  1.59621e-06
 Reference value :  1.59841e-06
 Reference value :  1.60106e-06
 Reference value :  1.60521e-06
 Reference value :  1.61041e-06
 Reference value :  1.61601e-06
 Reference value :  1.62141e-06
 Reference value :  1.62721e-06
 Reference value :  1.63281e-06
 Reference value :  1.63861e-06
 Reference value :  1.64381e-06
 Reference value :  1.64902e-06
 Reference value :  1.65081e-06
 Reference value :  1.65461e-06
 Reference value :  1.65901e-06
 Reference value :  1.66301e-06
 Reference value :  1.66741e-06
 Reference value :  1.67181e-06
 Reference value :  1.67581e-06
 Reference value :  1.68021e-06
 Reference value :  1.68421e-06
 Reference value :  1.68861e-06
 Reference value :  1.69281e-06
 Reference value :  1.69721e-06
 Reference value :  1.70085e-06
 Reference value :  1.70381e-06
 Reference value :  1.70921e-06
 Reference value :  1.71461e-06
 Reference value :  1.72021e-06
 Reference value :  1.72541e-06
 Reference value :  1.73121e-06
 Reference value :  1.73721e-06
 Reference value :  1.74261e-06
 Reference value :  1.74801e-06
 Reference value :  1.75020e-06
 Reference value :  1.75101e-06
 Reference value :  1.75481e-06
 Reference value :  1.75921e-06
 Reference value :  1.76361e-06
 Reference value :  1.76761e-06
 Reference value :  1.77201e-06
 Reference value :  1.77601e-06
 Reference value :  1.78041e-06
 Reference value :  1.78421e-06
 Reference value :  1.78861e-06
 Reference value :  1.79301e-06
 Reference value :  1.79741e-06
 Reference value :  1.80085e-06
 Reference value :  1.80401e-06
 Reference value :  1.80941e-06
 Reference value :  1.81481e-06
 Reference value :  1.82061e-06
 Reference value :  1.82601e-06
 Reference value :  1.83181e-06
 Reference value :  1.83601e-06
 Reference value :  1.84001e-06
 Reference value :  1.84541e-06
 Reference value :  1.84970e-06
 Reference value :  1.85201e-06
 Reference value :  1.85601e-06
 Reference value :  1.86021e-06
 Reference value :  1.86481e-06
 Reference value :  1.86881e-06
 Reference value :  1.87321e-06
 Reference value :  1.87721e-06
 Reference value :  1.88161e-06
 Reference value :  1.88561e-06
 Reference value :  1.89001e-06
 Reference value :  1.89441e-06
 Reference value :  1.89841e-06
 Reference value :  1.90114e-06
 Reference value :  1.90501e-06
 Reference value :  1.91061e-06
 Reference value :  1.91621e-06
 Reference value :  1.92181e-06
 Reference value :  1.92761e-06
 Reference value :  1.93281e-06
 Reference value :  1.93861e-06
 Reference value :  1.94381e-06
 Reference value :  1.94902e-06
 Reference value :  1.95101e-06
 Reference value :  1.95521e-06
 Reference value :  1.95841e-06
 Reference value :  1.96301e-06
 Reference value :  1.96741e-06
 Reference value :  1.97121e-06
 Reference value :  1.97561e-06
 Reference value :  1.97941e-06
 Reference value :  1.98381e-06
 Reference value :  1.98781e-06
 Reference value :  1.99201e-06
 Reference value :  1.99641e-06
 Reference value :  2.00002e-06
 Reference value :  2.00221e-06
 Reference value :  2.00621e-06
 Reference value :  2.01201e-06
 Reference value :  2.01741e-06
 Reference value :  2.02321e-06
 Reference value :  2.02901e-06
 Reference value :  2.03421e-06
 Reference value :  2.04001e-06
 Reference value :  2.04521e-06
 Reference value :  2.04950e-06
 Reference value :  2.05161e-06
 Reference value :  2.05581e-06
 Reference value :  2.06021e-06
 Reference value :  2.06401e-06
 Reference value :  2.06841e-06
 Reference value :  2.07241e-06
 Reference value :  2.07681e-06
 Reference value :  2.08081e-06
 Reference value :  2.08521e-06
 Reference value :  2.08701e-06
 Reference value :  2.09141e-06
 Reference value :  2.09581e-06
 Reference value :  2.09981e-06
 Reference value :  2.10221e-06
 Reference value :  2.10641e-06
 Reference value :  2.11221e-06
 Reference value :  2.11781e-06
 Reference value :  2.12361e-06
 Reference value :  2.12921e-06
 Reference value :  2.13441e-06
 Reference value :  2.13981e-06
 Reference value :  2.14521e-06
 Reference value :  2.14985e-06
 Reference value :  2.15181e-06
 Reference value :  2.15621e-06
 Reference value :  2.16061e-06
 Reference value :  2.16481e-06
 Reference value :  2.16921e-06
 Reference value :  2.17221e-06
 Reference value :  2.17661e-06
 Reference value :  2.18081e-06
 Reference value :  2.18521e-06
 Reference value :  2.18961e-06
 Reference value :  2.19361e-06
 Reference value :  2.19801e-06
 Reference value :  2.20100e-06
 Reference value :  2.20461e-06
 Reference value :  2.21001e-06
 Reference value :  2.21581e-06
 Reference value :  2.22161e-06
 Reference value :  2.22661e-06
 Reference value :  2.23141e-06
 Reference value :  2.23681e-06
 Reference value :  2.24261e-06
 Reference value :  2.24801e-06
 Reference value :  2.25044e-06
 Reference value :  2.25441e-06
 Reference value :  2.25861e-06
 Reference value :  2.26301e-06
 Reference value :  2.26721e-06
 Reference value :  2.27161e-06
 Reference value :  2.27541e-06
 Reference value :  2.27901e-06
 Reference value :  2.28141e-06
 Reference value :  2.28581e-06
 Reference value :  2.29021e-06
 Reference value :  2.29421e-06
 Reference value :  2.29861e-06
 Reference value :  2.30102e-06
 Reference value :  2.30481e-06
 Reference value :  2.30981e-06
 Reference value :  2.31541e-06
 Reference value :  2.32121e-06
 Reference value :  2.32601e-06
 Reference value :  2.33181e-06
 Reference value :  2.33721e-06
 Reference value :  2.34301e-06
 Reference value :  2.34841e-06
 Reference value :  2.35061e-06
 Reference value :  2.35481e-06
 Reference value :  2.35881e-06
 Reference value :  2.36321e-06
 Reference value :  2.36721e-06
 Reference value :  2.37161e-06
 Reference value :  2.37541e-06
 Reference value :  2.37981e-06
 Reference value :  2.38421e-06
 Reference value :  2.38801e-06
 Reference value :  2.39241e-06
 Reference value :  2.39641e-06
 Reference value :  2.40030e-06
 Reference value :  2.40261e-06
 Reference value :  2.40761e-06
 Reference value :  2.41281e-06
 Reference value :  2.41861e-06
 Reference value :  2.42421e-06
 Reference value :  2.42981e-06
 Reference value :  2.43541e-06
 Reference value :  2.44081e-06
 Reference value :  2.44661e-06
 Reference value :  2.45013e-06
 Reference value :  2.45381e-06
 Reference value :  2.45781e-06
 Reference value :  2.46141e-06
 Reference value :  2.46581e-06
 Reference value :  2.46981e-06
 Reference value :  2.47401e-06
 Reference value :  2.47821e-06
 Reference value :  2.48141e-06
 Reference value :  2.48581e-06
 Reference value :  2.48961e-06
 Reference value :  2.49401e-06
 Reference value :  2.49781e-06
 Reference value :  2.50100e-06
 Reference value :  2.50441e-06
 Reference value :  2.50981e-06
 Reference value :  2.51521e-06
 Reference value :  2.52041e-06
 Reference value :  2.52621e-06
 Reference value :  2.53141e-06
 Reference value :  2.53721e-06
 Reference value :  2.54221e-06
 Reference value :  2.54801e-06
 Reference value :  2.55044e-06
 Reference value :  2.55421e-06
 Reference value :  2.55801e-06
 Reference value :  2.56221e-06
 Reference value :  2.56661e-06
 Reference value :  2.57061e-06
 Reference value :  2.57501e-06
 Reference value :  2.57941e-06
 Reference value :  2.58341e-06
 Reference value :  2.58781e-06
 Reference value :  2.59181e-06
 Reference value :  2.59601e-06
 Reference value :  2.60000e-06
 Reference value :  2.60241e-06
 Reference value :  2.60721e-06
 Reference value :  2.61261e-06
 Reference value :  2.61841e-06
 Reference value :  2.62401e-06
 Reference value :  2.62981e-06
 Reference value :  2.63521e-06
 Reference value :  2.64101e-06
 Reference value :  2.64661e-06
 Reference value :  2.65006e-06
 Reference value :  2.65321e-06
 Reference value :  2.65761e-06
 Reference value :  2.66181e-06
 Reference value :  2.66581e-06
 Reference value :  2.67021e-06
 Reference value :  2.67361e-06
 Reference value :  2.67781e-06
 Reference value :  2.68221e-06
 Reference value :  2.68621e-06
 Reference value :  2.69021e-06
 Reference value :  2.69421e-06
 Reference value :  2.69861e-06
 Reference value :  2.70106e-06
 Reference value :  2.70521e-06
 Reference value :  2.71101e-06
 Reference value :  2.71641e-06
 Reference value :  2.72221e-06
 Reference value :  2.72761e-06
 Reference value :  2.73361e-06
 Reference value :  2.73901e-06
 Reference value :  2.74481e-06
 Reference value :  2.74970e-06
 Reference value :  2.75121e-06
 Reference value :  2.75441e-06
 Reference value :  2.75701e-06
 Reference value :  2.76061e-06
 Reference value :  2.76481e-06
 Reference value :  2.76881e-06
 Reference value :  2.77321e-06
 Reference value :  2.77621e-06
 Reference value :  2.77741e-06
 Reference value :  2.77801e-06
 Reference value :  2.78061e-06
 Reference value :  2.78481e-06
 Reference value :  2.78921e-06
 Reference value :  2.79101e-06
 Reference value :  2.79301e-06
 Reference value :  2.79681e-06
 Reference value :  2.80050e-06
 Reference value :  2.80301e-06
 Reference value :  2.80781e-06
 Reference value :  2.80921e-06
 Reference value :  2.81421e-06
 Reference value :  2.81981e-06
 Reference value :  2.82401e-06
 Reference value :  2.82681e-06
 Reference value :  2.83221e-06
 Reference value :  2.83781e-06
 Reference value :  2.84281e-06
 Reference value :  2.84781e-06
 Reference value :  2.85030e-06
 Reference value :  2.85241e-06
 Reference value :  2.85601e-06
 Reference value :  2.85941e-06
 Reference value :  2.86381e-06
 Reference value :  2.86801e-06
 Reference value :  2.87221e-06
 Reference value :  2.87641e-06
 Reference value :  2.87921e-06
 Reference value :  2.88121e-06
 Reference value :  2.88401e-06
 Reference value :  2.88821e-06
 Reference value :  2.89221e-06
 Reference value :  2.89641e-06
 Reference value :  2.90030e-06
 Reference value :  2.90261e-06
 Reference value :  2.90541e-06
 Reference value :  2.90881e-06
 Reference value :  2.91241e-06
 Reference value :  2.91741e-06
 Reference value :  2.92301e-06
 Reference value :  2.92821e-06
 Reference value :  2.93341e-06
 Reference value :  2.93901e-06
 Reference value :  2.94181e-06
 Reference value :  2.94541e-06
 Reference value :  2.94985e-06
 Reference value :  2.95221e-06
 Reference value :  2.95481e-06
 Reference value :  2.95841e-06
 Reference value :  2.96181e-06
 Reference value :  2.96421e-06
 Reference value :  2.96861e-06
 Reference value :  2.97241e-06
 Reference value :  2.97681e-06
 Reference value :  2.98021e-06
 Reference value :  2.98201e-06
 Reference value :  2.98521e-06
 Reference value :  2.98941e-06
 Reference value :  2.99341e-06
 Reference value :  2.99761e-06
No. of Data Rows : 15409
sim/harness: analysis complete
Note: Simulation executed from .control section 
