
Note: Compatibility modes selected: hs a


Circuit: ** sch_path: /home/ubuntu/github/sky130-pll/sim/pll-lock/testbench/tb_pll_lock.sch

option SCALE: Scale is set to 1e-06 for instance and model parameters
option SCALE: Scale is set to 1e-06 for instance and model parameters
option SCALE: Scale is set to 1e-06 for instance and model parameters
option SCALE: Scale is set to 1e-06 for instance and model parameters
Doing analysis at TEMP = -40.000000 and TNOM = 27.000000

Using KLU as Direct Linear Solver
 Reference value :  0.00000e+00
 Reference value :  1.41467e-09
 Reference value :  4.17875e-09
 Reference value :  4.49936e-09
 Reference value :  5.34030e-09
 Reference value :  7.14108e-09
 Reference value :  7.80700e-09
 Reference value :  9.92058e-09
 Reference value :  1.08804e-08
 Reference value :  1.32587e-08
 Reference value :  1.36572e-08
 Reference value :  1.43363e-08
 Reference value :  1.65559e-08
 Reference value :  1.80488e-08
 Reference value :  1.98785e-08
 Reference value :  2.11089e-08
 Reference value :  2.27089e-08
 Reference value :  2.36547e-08
 Reference value :  2.59236e-08
 Reference value :  2.66260e-08
 Reference value :  2.91939e-08
 Reference value :  3.19143e-08
 Reference value :  3.27109e-08
 Reference value :  3.51975e-08
 Reference value :  3.74653e-08
 Reference value :  3.83827e-08
 Reference value :  3.91817e-08
 Reference value :  4.12033e-08
 Reference value :  4.30884e-08
 Reference value :  4.46307e-08
 Reference value :  4.64213e-08
 Reference value :  4.78077e-08
 Reference value :  5.00200e-08
 Reference value :  5.06063e-08
 Reference value :  5.20679e-08
 Reference value :  5.40881e-08
 Reference value :  5.65932e-08
 Reference value :  5.74538e-08
 Reference value :  5.98127e-08
 Reference value :  6.10867e-08
 Reference value :  6.26867e-08
 Reference value :  6.32647e-08
 Reference value :  6.39563e-08
 Reference value :  6.61183e-08
 Reference value :  6.81450e-08
 Reference value :  6.93003e-08
 Reference value :  7.09421e-08
 Reference value :  7.24611e-08
 Reference value :  7.51645e-08
 Reference value :  7.64514e-08
 Reference value :  7.85550e-08
 Reference value :  8.12145e-08
 Reference value :  8.19615e-08
 Reference value :  8.45230e-08
 Reference value :  8.51317e-08
 Reference value :  8.76393e-08
 Reference value :  8.79894e-08
 Reference value :  8.94095e-08
 Reference value :  9.08345e-08
 Reference value :  9.23446e-08
 Reference value :  9.41949e-08
 Reference value :  9.57149e-08
 Reference value :  9.73517e-08
 Reference value :  1.00000e-07
 Reference value :  1.00450e-07
 Reference value :  1.01862e-07
 Reference value :  1.03286e-07
 Reference value :  1.04972e-07
 Reference value :  1.06499e-07
 Reference value :  1.07299e-07
 Reference value :  1.09616e-07
 Reference value :  1.12075e-07
 Reference value :  1.12587e-07
 Reference value :  1.13061e-07
 Reference value :  1.13648e-07
 Reference value :  1.15541e-07
 Reference value :  1.17582e-07
 Reference value :  1.18633e-07
 Reference value :  1.21135e-07
 Reference value :  1.21160e-07
 Reference value :  1.22446e-07
 Reference value :  1.24083e-07
 Reference value :  1.26218e-07
 Reference value :  1.27203e-07
 Reference value :  1.29470e-07
 Reference value :  1.30098e-07
 Reference value :  1.32101e-07
 Reference value :  1.32901e-07
 Reference value :  1.34867e-07
 Reference value :  1.35539e-07
 Reference value :  1.37643e-07
 Reference value :  1.40055e-07
 Reference value :  1.41307e-07
 Reference value :  1.42525e-07
 Reference value :  1.43341e-07
 Reference value :  1.45120e-07
 Reference value :  1.45926e-07
 Reference value :  1.47735e-07
 Reference value :  1.49140e-07
 Reference value :  1.50455e-07
 Reference value :  1.51310e-07
 Reference value :  1.52510e-07
 Reference value :  1.53691e-07
 Reference value :  1.54891e-07
 Reference value :  1.55301e-07
 Reference value :  1.55771e-07
 Reference value :  1.56854e-07
 Reference value :  1.57408e-07
 Reference value :  1.58771e-07
 Reference value :  1.59769e-07
 Reference value :  1.60288e-07
 Reference value :  1.61958e-07
 Reference value :  1.62653e-07
 Reference value :  1.64557e-07
 Reference value :  1.65356e-07
 Reference value :  1.66986e-07
 Reference value :  1.68848e-07
 Reference value :  1.69427e-07
 Reference value :  1.69815e-07
 Reference value :  1.71410e-07
 Reference value :  1.71868e-07
 Reference value :  1.73826e-07
 Reference value :  1.74553e-07
 Reference value :  1.76154e-07
 Reference value :  1.77422e-07
 Reference value :  1.78599e-07
 Reference value :  1.79105e-07
 Reference value :  1.79921e-07
 Reference value :  1.81275e-07
 Reference value :  1.83319e-07
 Reference value :  1.83956e-07
 Reference value :  1.85713e-07
 Reference value :  1.86547e-07
 Reference value :  1.88160e-07
 Reference value :  1.89213e-07
 Reference value :  1.90828e-07
 Reference value :  1.92692e-07
 Reference value :  1.93352e-07
 Reference value :  1.94791e-07
 Reference value :  1.95534e-07
 Reference value :  1.97286e-07
 Reference value :  1.98089e-07
 Reference value :  1.98865e-07
 Reference value :  2.00248e-07
 Reference value :  2.00867e-07
 Reference value :  2.02570e-07
 Reference value :  2.03426e-07
 Reference value :  2.05250e-07
 Reference value :  2.07315e-07
 Reference value :  2.07625e-07
 Reference value :  2.07977e-07
 Reference value :  2.09896e-07
 Reference value :  2.11012e-07
 Reference value :  2.12488e-07
 Reference value :  2.13912e-07
 Reference value :  2.14883e-07
 Reference value :  2.16904e-07
 Reference value :  2.17288e-07
 Reference value :  2.18155e-07
 Reference value :  2.19576e-07
 Reference value :  2.21634e-07
 Reference value :  2.22095e-07
 Reference value :  2.23922e-07
 Reference value :  2.25231e-07
 Reference value :  2.26226e-07
 Reference value :  2.27416e-07
 Reference value :  2.28336e-07
 Reference value :  2.29126e-07
 Reference value :  2.30830e-07
 Reference value :  2.31721e-07
 Reference value :  2.32736e-07
 Reference value :  2.33496e-07
 Reference value :  2.35106e-07
 Reference value :  2.35544e-07
 Reference value :  2.36003e-07
 Reference value :  2.37294e-07
 Reference value :  2.39269e-07
 Reference value :  2.40286e-07
 Reference value :  2.41886e-07
 Reference value :  2.43606e-07
 Reference value :  2.44384e-07
 Reference value :  2.45953e-07
 Reference value :  2.47620e-07
 Reference value :  2.48325e-07
 Reference value :  2.49925e-07
 Reference value :  2.51131e-07
 Reference value :  2.52065e-07
 Reference value :  2.52948e-07
 Reference value :  2.53761e-07
 Reference value :  2.54206e-07
 Reference value :  2.55929e-07
 Reference value :  2.56686e-07
 Reference value :  2.57910e-07
 Reference value :  2.58510e-07
 Reference value :  2.60240e-07
 Reference value :  2.61846e-07
 Reference value :  2.62424e-07
 Reference value :  2.64154e-07
 Reference value :  2.64936e-07
 Reference value :  2.65894e-07
 Reference value :  2.66468e-07
 Reference value :  2.68196e-07
 Reference value :  2.68812e-07
 Reference value :  2.69599e-07
 Reference value :  2.70173e-07
 Reference value :  2.71845e-07
 Reference value :  2.72257e-07
 Reference value :  2.73070e-07
 Reference value :  2.74050e-07
 Reference value :  2.75055e-07
 Reference value :  2.75878e-07
 Reference value :  2.77031e-07
 Reference value :  2.78004e-07
 Reference value :  2.79622e-07
 Reference value :  2.79991e-07
 Reference value :  2.80625e-07
 Reference value :  2.81641e-07
 Reference value :  2.82163e-07
 Reference value :  2.83874e-07
 Reference value :  2.84896e-07
 Reference value :  2.86085e-07
 Reference value :  2.87822e-07
 Reference value :  2.88390e-07
 Reference value :  2.89752e-07
 Reference value :  2.91086e-07
 Reference value :  2.92100e-07
 Reference value :  2.93667e-07
 Reference value :  2.93772e-07
 Reference value :  2.94250e-07
 Reference value :  2.95715e-07
 Reference value :  2.96391e-07
 Reference value :  2.98011e-07
 Reference value :  2.99857e-07
 Reference value :  3.00340e-07
 Reference value :  3.01304e-07
 Reference value :  3.01672e-07
 Reference value :  3.02433e-07
 Reference value :  3.03965e-07
 Reference value :  3.04441e-07
 Reference value :  3.05778e-07
 Reference value :  3.05792e-07
 Reference value :  3.06733e-07
 Reference value :  3.08246e-07
 Reference value :  3.09884e-07
 Reference value :  3.10730e-07
 Reference value :  3.12026e-07
 Reference value :  3.13029e-07
 Reference value :  3.13842e-07
 Reference value :  3.14709e-07
 Reference value :  3.16105e-07
 Reference value :  3.17161e-07
 Reference value :  3.18057e-07
 Reference value :  3.19606e-07
 Reference value :  3.20138e-07
 Reference value :  3.20962e-07
 Reference value :  3.21955e-07
 Reference value :  3.23530e-07
 Reference value :  3.24024e-07
 Reference value :  3.25543e-07
 Reference value :  3.26228e-07
 Reference value :  3.27870e-07
 Reference value :  3.29053e-07
 Reference value :  3.29902e-07
 Reference value :  3.31427e-07
 Reference value :  3.31727e-07
 Reference value :  3.32518e-07
 Reference value :  3.33704e-07
 Reference value :  3.35359e-07
 Reference value :  3.35728e-07
 Reference value :  3.36347e-07
 Reference value :  3.37194e-07
 Reference value :  3.38823e-07
 Reference value :  3.40043e-07
 Reference value :  3.41158e-07
 Reference value :  3.42663e-07
 Reference value :  3.43456e-07
 Reference value :  3.44815e-07
 Reference value :  3.45941e-07
 Reference value :  3.46639e-07
 Reference value :  3.48036e-07
 Reference value :  3.48048e-07
 Reference value :  3.48759e-07
 Reference value :  3.50125e-07
 Reference value :  3.51074e-07
 Reference value :  3.51691e-07
 Reference value :  3.51984e-07
 Reference value :  3.53581e-07
 Reference value :  3.54352e-07
 Reference value :  3.55739e-07
 Reference value :  3.57126e-07
 Reference value :  3.57816e-07
 Reference value :  3.58811e-07
 Reference value :  3.59317e-07
 Reference value :  3.60848e-07
 Reference value :  3.61616e-07
 Reference value :  3.62571e-07
 Reference value :  3.64070e-07
 Reference value :  3.64466e-07
 Reference value :  3.65021e-07
 Reference value :  3.66195e-07
 Reference value :  3.67736e-07
 Reference value :  3.68162e-07
 Reference value :  3.69407e-07
 Reference value :  3.69432e-07
 Reference value :  3.69594e-07
 Reference value :  3.70919e-07
 Reference value :  3.71823e-07
 Reference value :  3.72999e-07
 Reference value :  3.74120e-07
 Reference value :  3.74906e-07
 Reference value :  3.75880e-07
 Reference value :  3.77252e-07
 Reference value :  3.78369e-07
 Reference value :  3.79174e-07
 Reference value :  3.80146e-07
 Reference value :  3.81552e-07
 Reference value :  3.82469e-07
 Reference value :  3.83285e-07
 Reference value :  3.84211e-07
 Reference value :  3.85181e-07
 Reference value :  3.85793e-07
 Reference value :  3.86611e-07
 Reference value :  3.87070e-07
 Reference value :  3.88700e-07
 Reference value :  3.89911e-07
 Reference value :  3.90426e-07
 Reference value :  3.91956e-07
 Reference value :  3.92758e-07
 Reference value :  3.93370e-07
 Reference value :  3.93713e-07
 Reference value :  3.95253e-07
 Reference value :  3.95686e-07
 Reference value :  3.96621e-07
 Reference value :  3.97176e-07
 Reference value :  3.98526e-07
 Reference value :  3.99493e-07
 Reference value :  4.00267e-07
 Reference value :  4.01000e-07
 Reference value :  4.02035e-07
 Reference value :  4.03089e-07
 Reference value :  4.03305e-07
 Reference value :  4.03800e-07
 Reference value :  4.05075e-07
 Reference value :  4.05925e-07
 Reference value :  4.06702e-07
 Reference value :  4.07422e-07
 Reference value :  4.08491e-07
 Reference value :  4.09108e-07
 Reference value :  4.10324e-07
 Reference value :  4.11557e-07
 Reference value :  4.12578e-07
 Reference value :  4.13003e-07
 Reference value :  4.13164e-07
 Reference value :  4.14454e-07
 Reference value :  4.15221e-07
 Reference value :  4.16226e-07
 Reference value :  4.16808e-07
 Reference value :  4.18266e-07
 Reference value :  4.19017e-07
 Reference value :  4.19435e-07
 Reference value :  4.19828e-07
 Reference value :  4.21279e-07
 Reference value :  4.21575e-07
 Reference value :  4.22117e-07
 Reference value :  4.22614e-07
 Reference value :  4.23097e-07
 Reference value :  4.24390e-07
 Reference value :  4.25132e-07
 Reference value :  4.26131e-07
 Reference value :  4.27487e-07
 Reference value :  4.27774e-07
 Reference value :  4.29208e-07
 Reference value :  4.30380e-07
 Reference value :  4.30790e-07
 Reference value :  4.31537e-07
 Reference value :  4.32382e-07
 Reference value :  4.33413e-07
 Reference value :  4.33981e-07
 Reference value :  4.35400e-07
 Reference value :  4.36659e-07
 Reference value :  4.37348e-07
 Reference value :  4.38422e-07
 Reference value :  4.38925e-07
 Reference value :  4.40219e-07
 Reference value :  4.41346e-07
 Reference value :  4.41900e-07
 Reference value :  4.43240e-07
 Reference value :  4.43968e-07
 Reference value :  4.44727e-07
 Reference value :  4.45731e-07
 Reference value :  4.46411e-07
 Reference value :  4.46693e-07
 Reference value :  4.47360e-07
 Reference value :  4.47722e-07
 Reference value :  4.48047e-07
 Reference value :  4.49000e-07
 Reference value :  4.49509e-07
 Reference value :  4.49953e-07
 Reference value :  4.50958e-07
 Reference value :  4.51202e-07
 Reference value :  4.52607e-07
 Reference value :  4.53841e-07
 Reference value :  4.53866e-07
 Reference value :  4.54300e-07
 Reference value :  4.55735e-07
 Reference value :  4.56481e-07
 Reference value :  4.57397e-07
 Reference value :  4.58627e-07
 Reference value :  4.59209e-07
 Reference value :  4.60127e-07
 Reference value :  4.60517e-07
 Reference value :  4.61975e-07
 Reference value :  4.62642e-07
 Reference value :  4.63412e-07
 Reference value :  4.64493e-07
 Reference value :  4.65087e-07
 Reference value :  4.66340e-07
 Reference value :  4.66355e-07
 Reference value :  4.66823e-07
 Reference value :  4.68060e-07
 Reference value :  4.68342e-07
 Reference value :  4.69633e-07
 Reference value :  4.70397e-07
 Reference value :  4.71228e-07
 Reference value :  4.71896e-07
 Reference value :  4.72698e-07
 Reference value :  4.73210e-07
 Reference value :  4.74641e-07
 Reference value :  4.74978e-07
 Reference value :  4.75232e-07
 Reference value :  4.75920e-07
 Reference value :  4.76822e-07
 Reference value :  4.77927e-07
 Reference value :  4.79111e-07
 Reference value :  4.79122e-07
 Reference value :  4.79612e-07
 Reference value :  4.81002e-07
 Reference value :  4.82463e-07
 Reference value :  4.83516e-07
 Reference value :  4.84364e-07
 Reference value :  4.85747e-07
 Reference value :  4.86316e-07
 Reference value :  4.87866e-07
 Reference value :  4.89029e-07
 Reference value :  4.90232e-07
 Reference value :  4.91317e-07
 Reference value :  4.92323e-07
 Reference value :  4.92874e-07
 Reference value :  4.94408e-07
 Reference value :  4.95840e-07
 Reference value :  4.97547e-07
 Reference value :  4.98614e-07
 Reference value :  4.99039e-07
 Reference value :  4.99773e-07
 Reference value :  5.01000e-07
 Reference value :  5.01552e-07
 Reference value :  5.02521e-07
 Reference value :  5.03420e-07
 Reference value :  5.04447e-07
 Reference value :  5.05307e-07
 Reference value :  5.05919e-07
 Reference value :  5.06404e-07
 Reference value :  5.07865e-07
 Reference value :  5.08042e-07
 Reference value :  5.09378e-07
 Reference value :  5.10078e-07
 Reference value :  5.11287e-07
 Reference value :  5.12334e-07
 Reference value :  5.12755e-07
 Reference value :  5.13308e-07
 Reference value :  5.14612e-07
 Reference value :  5.15056e-07
 Reference value :  5.15551e-07
 Reference value :  5.16151e-07
 Reference value :  5.16844e-07
 Reference value :  5.18052e-07
 Reference value :  5.19034e-07
 Reference value :  5.19852e-07
 Reference value :  5.21228e-07
 Reference value :  5.21758e-07
 Reference value :  5.22874e-07
 Reference value :  5.23565e-07
 Reference value :  5.24731e-07
 Reference value :  5.25619e-07
 Reference value :  5.26235e-07
 Reference value :  5.26759e-07
 Reference value :  5.28121e-07
 Reference value :  5.28549e-07
 Reference value :  5.29120e-07
 Reference value :  5.29492e-07
 Reference value :  5.29947e-07
 Reference value :  5.31215e-07
 Reference value :  5.31558e-07
 Reference value :  5.32856e-07
 Reference value :  5.32990e-07
 Reference value :  5.33639e-07
 Reference value :  5.34791e-07
 Reference value :  5.35999e-07
 Reference value :  5.36176e-07
 Reference value :  5.36718e-07
 Reference value :  5.38038e-07
 Reference value :  5.38617e-07
 Reference value :  5.39560e-07
 Reference value :  5.40788e-07
 Reference value :  5.41495e-07
 Reference value :  5.42830e-07
 Reference value :  5.42840e-07
 Reference value :  5.43203e-07
 Reference value :  5.44655e-07
 Reference value :  5.45516e-07
 Reference value :  5.46293e-07
 Reference value :  5.46669e-07
 Reference value :  5.48033e-07
 Reference value :  5.49060e-07
 Reference value :  5.50000e-07
 Reference value :  5.50980e-07
 Reference value :  5.51508e-07
 Reference value :  5.51898e-07
 Reference value :  5.52902e-07
 Reference value :  5.52927e-07
 Reference value :  5.53610e-07
 Reference value :  5.55063e-07
 Reference value :  5.55692e-07
 Reference value :  5.56534e-07
 Reference value :  5.58093e-07
 Reference value :  5.58773e-07
 Reference value :  5.59508e-07
 Reference value :  5.60195e-07
 Reference value :  5.61545e-07
 Reference value :  5.61974e-07
 Reference value :  5.63356e-07
 Reference value :  5.64197e-07
 Reference value :  5.65103e-07
 Reference value :  5.65495e-07
 Reference value :  5.67023e-07
 Reference value :  5.68442e-07
 Reference value :  5.69070e-07
 Reference value :  5.70203e-07
 Reference value :  5.70607e-07
 Reference value :  5.72083e-07
 Reference value :  5.72453e-07
 Reference value :  5.73771e-07
 Reference value :  5.74213e-07
 Reference value :  5.75728e-07
 Reference value :  5.76709e-07
 Reference value :  5.77330e-07
 Reference value :  5.77753e-07
 Reference value :  5.79320e-07
 Reference value :  5.80378e-07
 Reference value :  5.81372e-07
 Reference value :  5.82795e-07
 Reference value :  5.83592e-07
 Reference value :  5.84652e-07
 Reference value :  5.85930e-07
 Reference value :  5.86657e-07
 Reference value :  5.87322e-07
 Reference value :  5.88147e-07
 Reference value :  5.88845e-07
 Reference value :  5.90338e-07
 Reference value :  5.91961e-07
 Reference value :  5.93254e-07
 Reference value :  5.93980e-07
 Reference value :  5.95593e-07
 Reference value :  5.96875e-07
 Reference value :  5.97729e-07
 Reference value :  5.99193e-07
 Reference value :  6.00020e-07
 Reference value :  6.01075e-07
 Reference value :  6.01690e-07
 Reference value :  6.03185e-07
 Reference value :  6.04781e-07
 Reference value :  6.05650e-07
 Reference value :  6.06631e-07
 Reference value :  6.07822e-07
 Reference value :  6.08703e-07
 Reference value :  6.09689e-07
 Reference value :  6.11217e-07
 Reference value :  6.12355e-07
 Reference value :  6.13161e-07
 Reference value :  6.14160e-07
 Reference value :  6.15118e-07
 Reference value :  6.16047e-07
 Reference value :  6.16525e-07
 Reference value :  6.17227e-07
 Reference value :  6.17644e-07
 Reference value :  6.18160e-07
 Reference value :  6.19664e-07
 Reference value :  6.20227e-07
 Reference value :  6.21360e-07
 Reference value :  6.21930e-07
 Reference value :  6.23225e-07
 Reference value :  6.23989e-07
 Reference value :  6.25103e-07
 Reference value :  6.26621e-07
 Reference value :  6.27058e-07
 Reference value :  6.28524e-07
 Reference value :  6.29955e-07
 Reference value :  6.30545e-07
 Reference value :  6.32083e-07
 Reference value :  6.33752e-07
 Reference value :  6.34117e-07
 Reference value :  6.34792e-07
 Reference value :  6.35417e-07
 Reference value :  6.36581e-07
 Reference value :  6.37581e-07
 Reference value :  6.38873e-07
 Reference value :  6.39558e-07
 Reference value :  6.40721e-07
 Reference value :  6.41406e-07
 Reference value :  6.42378e-07
 Reference value :  6.43032e-07
 Reference value :  6.44522e-07
 Reference value :  6.45453e-07
 Reference value :  6.46080e-07
 Reference value :  6.47464e-07
 Reference value :  6.47787e-07
 Reference value :  6.49000e-07
 Reference value :  6.49550e-07
 Reference value :  6.50917e-07
 Reference value :  6.51761e-07
 Reference value :  6.52937e-07
 Reference value :  6.54214e-07
 Reference value :  6.54756e-07
 Reference value :  6.56212e-07
 Reference value :  6.57620e-07
 Reference value :  6.58499e-07
 Reference value :  6.59124e-07
 Reference value :  6.59757e-07
 Reference value :  6.61220e-07
 Reference value :  6.62485e-07
 Reference value :  6.63548e-07
 Reference value :  6.64410e-07
 Reference value :  6.65644e-07
 Reference value :  6.65656e-07
 Reference value :  6.65927e-07
 Reference value :  6.67449e-07
 Reference value :  6.68194e-07
 Reference value :  6.69325e-07
 Reference value :  6.70741e-07
 Reference value :  6.71356e-07
 Reference value :  6.72113e-07
 Reference value :  6.72125e-07
 Reference value :  6.72509e-07
 Reference value :  6.74110e-07
 Reference value :  6.74495e-07
 Reference value :  6.75004e-07
 Reference value :  6.75363e-07
 Reference value :  6.76190e-07
 Reference value :  6.77155e-07
 Reference value :  6.78404e-07
 Reference value :  6.78429e-07
 Reference value :  6.79099e-07
 Reference value :  6.80322e-07
 Reference value :  6.81275e-07
 Reference value :  6.81920e-07
 Reference value :  6.82764e-07
 Reference value :  6.83577e-07
 Reference value :  6.84541e-07
 Reference value :  6.84755e-07
 Reference value :  6.85228e-07
 Reference value :  6.86468e-07
 Reference value :  6.86808e-07
 Reference value :  6.87461e-07
 Reference value :  6.87877e-07
 Reference value :  6.88358e-07
 Reference value :  6.89754e-07
 Reference value :  6.90952e-07
 Reference value :  6.90964e-07
 Reference value :  6.91179e-07
 Reference value :  6.92004e-07
 Reference value :  6.92802e-07
 Reference value :  6.93989e-07
 Reference value :  6.94570e-07
 Reference value :  6.95936e-07
 Reference value :  6.96638e-07
 Reference value :  6.97441e-07
 Reference value :  6.98445e-07
 Reference value :  6.99171e-07
 Reference value :  6.99789e-07
 Reference value :  7.00283e-07
 Reference value :  7.00555e-07
 Reference value :  7.01037e-07
 Reference value :  7.02079e-07
 Reference value :  7.02588e-07
 Reference value :  7.03287e-07
 Reference value :  7.03530e-07
 Reference value :  7.05073e-07
 Reference value :  7.06286e-07
 Reference value :  7.06827e-07
 Reference value :  7.07985e-07
 Reference value :  7.08389e-07
 Reference value :  7.09324e-07
 Reference value :  7.09831e-07
 Reference value :  7.11295e-07
 Reference value :  7.11760e-07
 Reference value :  7.12583e-07
 Reference value :  7.14134e-07
 Reference value :  7.14948e-07
 Reference value :  7.15664e-07
 Reference value :  7.16996e-07
 Reference value :  7.17625e-07
 Reference value :  7.18823e-07
 Reference value :  7.20398e-07
 Reference value :  7.20812e-07
 Reference value :  7.21785e-07
 Reference value :  7.22688e-07
 Reference value :  7.23516e-07
 Reference value :  7.24843e-07
 Reference value :  7.24866e-07
 Reference value :  7.25174e-07
 Reference value :  7.26603e-07
 Reference value :  7.26988e-07
 Reference value :  7.28015e-07
 Reference value :  7.28669e-07
 Reference value :  7.29659e-07
 Reference value :  7.30343e-07
 Reference value :  7.31142e-07
 Reference value :  7.31163e-07
 Reference value :  7.32231e-07
 Reference value :  7.33022e-07
 Reference value :  7.34074e-07
 Reference value :  7.34286e-07
 Reference value :  7.35181e-07
 Reference value :  7.36288e-07
 Reference value :  7.37637e-07
 Reference value :  7.38159e-07
 Reference value :  7.39230e-07
 Reference value :  7.39819e-07
 Reference value :  7.40872e-07
 Reference value :  7.42386e-07
 Reference value :  7.43053e-07
 Reference value :  7.44049e-07
 Reference value :  7.44783e-07
 Reference value :  7.45901e-07
 Reference value :  7.46747e-07
 Reference value :  7.47594e-07
 Reference value :  7.48945e-07
 Reference value :  7.49474e-07
 Reference value :  7.50429e-07
 Reference value :  7.50574e-07
 Reference value :  7.51192e-07
 Reference value :  7.52367e-07
 Reference value :  7.52607e-07
 Reference value :  7.52856e-07
 Reference value :  7.53456e-07
 Reference value :  7.54082e-07
 Reference value :  7.55563e-07
 Reference value :  7.55928e-07
 Reference value :  7.56920e-07
 Reference value :  7.57646e-07
 Reference value :  7.59057e-07
 Reference value :  7.60097e-07
 Reference value :  7.61388e-07
 Reference value :  7.62489e-07
 Reference value :  7.63064e-07
 Reference value :  7.63889e-07
 Reference value :  7.64542e-07
 Reference value :  7.66002e-07
 Reference value :  7.67214e-07
 Reference value :  7.67397e-07
 Reference value :  7.68637e-07
 Reference value :  7.69428e-07
 Reference value :  7.70796e-07
 Reference value :  7.71602e-07
 Reference value :  7.72932e-07
 Reference value :  7.74253e-07
 Reference value :  7.74898e-07
 Reference value :  7.75698e-07
 Reference value :  7.76448e-07
 Reference value :  7.77345e-07
 Reference value :  7.78217e-07
 Reference value :  7.79642e-07
 Reference value :  7.79912e-07
 Reference value :  7.80262e-07
 Reference value :  7.80957e-07
 Reference value :  7.81708e-07
 Reference value :  7.83109e-07
 Reference value :  7.83464e-07
 Reference value :  7.84629e-07
 Reference value :  7.85491e-07
 Reference value :  7.86593e-07
 Reference value :  7.86892e-07
 Reference value :  7.88384e-07
 Reference value :  7.89055e-07
 Reference value :  7.90532e-07
 Reference value :  7.91439e-07
 Reference value :  7.92458e-07
 Reference value :  7.94104e-07
 Reference value :  7.94765e-07
 Reference value :  7.95140e-07
 Reference value :  7.95980e-07
 Reference value :  7.97202e-07
 Reference value :  7.98084e-07
 Reference value :  7.99215e-07
 Reference value :  8.00488e-07
 Reference value :  8.01716e-07
 Reference value :  8.02207e-07
 Reference value :  8.03474e-07
 Reference value :  8.04131e-07
 Reference value :  8.05937e-07
 Reference value :  8.06380e-07
 Reference value :  8.08034e-07
 Reference value :  8.09705e-07
 Reference value :  8.10553e-07
 Reference value :  8.11373e-07
 Reference value :  8.11773e-07
 Reference value :  8.12560e-07
 Reference value :  8.14386e-07
 Reference value :  8.14869e-07
 Reference value :  8.15310e-07
 Reference value :  8.16054e-07
 Reference value :  8.16670e-07
 Reference value :  8.17426e-07
 Reference value :  8.19044e-07
 Reference value :  8.20120e-07
 Reference value :  8.21215e-07
 Reference value :  8.21572e-07
 Reference value :  8.23242e-07
 Reference value :  8.23947e-07
 Reference value :  8.25571e-07
 Reference value :  8.26125e-07
 Reference value :  8.27608e-07
 Reference value :  8.28450e-07
 Reference value :  8.29953e-07
 Reference value :  8.31330e-07
 Reference value :  8.32170e-07
 Reference value :  8.32752e-07
 Reference value :  8.34106e-07
 Reference value :  8.34527e-07
 Reference value :  8.36393e-07
 Reference value :  8.36966e-07
 Reference value :  8.38711e-07
 Reference value :  8.39257e-07
 Reference value :  8.41032e-07
 Reference value :  8.41525e-07
 Reference value :  8.41919e-07
 Reference value :  8.43319e-07
 Reference value :  8.43694e-07
 Reference value :  8.45506e-07
 Reference value :  8.46124e-07
 Reference value :  8.47861e-07
 Reference value :  8.48418e-07
 Reference value :  8.50000e-07
 Reference value :  8.50549e-07
 Reference value :  8.51146e-07
 Reference value :  8.52308e-07
 Reference value :  8.52880e-07
 Reference value :  8.54280e-07
 Reference value :  8.54774e-07
 Reference value :  8.55729e-07
 Reference value :  8.57074e-07
 Reference value :  8.59135e-07
 Reference value :  8.60146e-07
 Reference value :  8.61493e-07
 Reference value :  8.63246e-07
 Reference value :  8.63595e-07
 Reference value :  8.63921e-07
 Reference value :  8.65434e-07
 Reference value :  8.66578e-07
 Reference value :  8.68237e-07
 Reference value :  8.68550e-07
 Reference value :  8.70303e-07
 Reference value :  8.70316e-07
 Reference value :  8.71082e-07
 Reference value :  8.72826e-07
 Reference value :  8.74056e-07
 Reference value :  8.74874e-07
 Reference value :  8.75399e-07
 Reference value :  8.76799e-07
 Reference value :  8.77523e-07
 Reference value :  8.79186e-07
 Reference value :  8.80101e-07
 Reference value :  8.81923e-07
 Reference value :  8.82619e-07
 Reference value :  8.83184e-07
 Reference value :  8.84294e-07
 Reference value :  8.86272e-07
 Reference value :  8.86706e-07
 Reference value :  8.87158e-07
 Reference value :  8.88550e-07
 Reference value :  8.89115e-07
 Reference value :  8.90993e-07
 Reference value :  8.91396e-07
 Reference value :  8.92098e-07
 Reference value :  8.92898e-07
 Reference value :  8.93490e-07
 Reference value :  8.95276e-07
 Reference value :  8.95878e-07
 Reference value :  8.97482e-07
 Reference value :  8.98182e-07
 Reference value :  9.00000e-07
 Reference value :  9.00621e-07
 Reference value :  9.01350e-07
 Reference value :  9.03102e-07
 Reference value :  9.04478e-07
 Reference value :  9.05628e-07
 Reference value :  9.06084e-07
 Reference value :  9.08159e-07
 Reference value :  9.08739e-07
 Reference value :  9.10850e-07
 Reference value :  9.11633e-07
 Reference value :  9.13216e-07
 Reference value :  9.13241e-07
 Reference value :  9.14475e-07
 Reference value :  9.15675e-07
 Reference value :  9.16332e-07
 Reference value :  9.18348e-07
 Reference value :  9.18932e-07
 Reference value :  9.19688e-07
 Reference value :  9.21061e-07
 Reference value :  9.21599e-07
 Reference value :  9.23761e-07
 Reference value :  9.23785e-07
 Reference value :  9.24857e-07
 Reference value :  9.26583e-07
 Reference value :  9.27225e-07
 Reference value :  9.28336e-07
 Reference value :  9.29528e-07
 Reference value :  9.31283e-07
 Reference value :  9.31655e-07
 Reference value :  9.32175e-07
 Reference value :  9.33261e-07
 Reference value :  9.34702e-07
 Reference value :  9.36971e-07
 Reference value :  9.37423e-07
 Reference value :  9.39109e-07
 Reference value :  9.40100e-07
 Reference value :  9.42221e-07
 Reference value :  9.43157e-07
 Reference value :  9.44932e-07
 Reference value :  9.45320e-07
 Reference value :  9.46845e-07
 Reference value :  9.48000e-07
 Reference value :  9.49300e-07
 Reference value :  9.50389e-07
 Reference value :  9.52427e-07
 Reference value :  9.53214e-07
 Reference value :  9.55171e-07
 Reference value :  9.56485e-07
 Reference value :  9.58160e-07
 Reference value :  9.58507e-07
 Reference value :  9.60248e-07
 Reference value :  9.60811e-07
 Reference value :  9.62280e-07
 Reference value :  9.63640e-07
 Reference value :  9.64329e-07
 Reference value :  9.65929e-07
 Reference value :  9.65949e-07
 Reference value :  9.66940e-07
 Reference value :  9.68789e-07
 Reference value :  9.69568e-07
 Reference value :  9.71168e-07
 Reference value :  9.71186e-07
 Reference value :  9.72011e-07
 Reference value :  9.73934e-07
 Reference value :  9.74327e-07
 Reference value :  9.74748e-07
 Reference value :  9.74914e-07
 Reference value :  9.76604e-07
 Reference value :  9.78818e-07
 Reference value :  9.79518e-07
 Reference value :  9.81673e-07
 Reference value :  9.82076e-07
 Reference value :  9.83209e-07
 Reference value :  9.84671e-07
 Reference value :  9.87057e-07
 Reference value :  9.89545e-07
 Reference value :  9.90452e-07
 Reference value :  9.91852e-07
 Reference value :  9.92046e-07
 Reference value :  9.92659e-07
 Reference value :  9.94780e-07
 Reference value :  9.94897e-07
 Reference value :  9.95307e-07
 Reference value :  9.95703e-07
 Reference value :  9.96970e-07
 Reference value :  9.97570e-07
 Reference value :  9.99232e-07
 Reference value :  9.99777e-07
 Reference value :  1.00027e-06
 Reference value :  1.00154e-06
 Reference value :  1.00281e-06
 Reference value :  1.00509e-06
 Reference value :  1.00548e-06
 Reference value :  1.00622e-06
 Reference value :  1.00770e-06
 Reference value :  1.00926e-06
 Reference value :  1.01032e-06
 Reference value :  1.01107e-06
 Reference value :  1.01247e-06
 Reference value :  1.01249e-06
 Reference value :  1.01338e-06
 Reference value :  1.01498e-06
 Reference value :  1.01539e-06
 Reference value :  1.01605e-06
 Reference value :  1.01757e-06
 Reference value :  1.01836e-06
 Reference value :  1.01976e-06
 Reference value :  1.02011e-06
 Reference value :  1.02074e-06
 Reference value :  1.02235e-06
 Reference value :  1.02423e-06
 Reference value :  1.02482e-06
 Reference value :  1.02511e-06
 Reference value :  1.02592e-06
 Reference value :  1.02714e-06
 Reference value :  1.02884e-06
 Reference value :  1.02909e-06
 Reference value :  1.02921e-06
 Reference value :  1.03052e-06
 Reference value :  1.03114e-06
 Reference value :  1.03196e-06
 Reference value :  1.03358e-06
 Reference value :  1.03483e-06
 Reference value :  1.03573e-06
 Reference value :  1.03683e-06
 Reference value :  1.03798e-06
 Reference value :  1.03846e-06
 Reference value :  1.03986e-06
 Reference value :  1.04031e-06
 Reference value :  1.04214e-06
 Reference value :  1.04280e-06
 Reference value :  1.04430e-06
 Reference value :  1.04630e-06
 Reference value :  1.04684e-06
 Reference value :  1.04847e-06
 Reference value :  1.04881e-06
 Reference value :  1.05006e-06
 Reference value :  1.05054e-06
 Reference value :  1.05117e-06
 Reference value :  1.05154e-06
 Reference value :  1.05262e-06
 Reference value :  1.05374e-06
 Reference value :  1.05473e-06
 Reference value :  1.05547e-06
 Reference value :  1.05642e-06
 Reference value :  1.05792e-06
 Reference value :  1.05878e-06
 Reference value :  1.06035e-06
 Reference value :  1.06037e-06
 Reference value :  1.06079e-06
 Reference value :  1.06268e-06
 Reference value :  1.06335e-06
 Reference value :  1.06475e-06
 Reference value :  1.06642e-06
 Reference value :  1.06688e-06
 Reference value :  1.06834e-06
 Reference value :  1.07012e-06
 Reference value :  1.07054e-06
 Reference value :  1.07120e-06
 Reference value :  1.07237e-06
 Reference value :  1.07385e-06
 Reference value :  1.07469e-06
 Reference value :  1.07591e-06
 Reference value :  1.07766e-06
 Reference value :  1.07829e-06
 Reference value :  1.07932e-06
 Reference value :  1.08002e-06
 Reference value :  1.08140e-06
 Reference value :  1.08195e-06
 Reference value :  1.08307e-06
 Reference value :  1.08410e-06
 Reference value :  1.08520e-06
 Reference value :  1.08553e-06
 Reference value :  1.08611e-06
 Reference value :  1.08681e-06
 Reference value :  1.08847e-06
 Reference value :  1.08936e-06
 Reference value :  1.09024e-06
 Reference value :  1.09133e-06
 Reference value :  1.09213e-06
 Reference value :  1.09368e-06
 Reference value :  1.09493e-06
 Reference value :  1.09577e-06
 Reference value :  1.09713e-06
 Reference value :  1.09814e-06
 Reference value :  1.09898e-06
 Reference value :  1.09939e-06
 Reference value :  1.10082e-06
 Reference value :  1.10222e-06
 Reference value :  1.10296e-06
 Reference value :  1.10398e-06
 Reference value :  1.10447e-06
 Reference value :  1.10589e-06
 Reference value :  1.10658e-06
 Reference value :  1.10739e-06
 Reference value :  1.10811e-06
 Reference value :  1.10941e-06
 Reference value :  1.11032e-06
 Reference value :  1.11073e-06
 Reference value :  1.11125e-06
 Reference value :  1.11264e-06
 Reference value :  1.11313e-06
 Reference value :  1.11364e-06
 Reference value :  1.11445e-06
 Reference value :  1.11595e-06
 Reference value :  1.11660e-06
 Reference value :  1.11758e-06
 Reference value :  1.11895e-06
 Reference value :  1.11939e-06
 Reference value :  1.12081e-06
 Reference value :  1.12221e-06
 Reference value :  1.12257e-06
 Reference value :  1.12401e-06
 Reference value :  1.12522e-06
 Reference value :  1.12587e-06
 Reference value :  1.12665e-06
 Reference value :  1.12724e-06
 Reference value :  1.12772e-06
 Reference value :  1.12900e-06
 Reference value :  1.12940e-06
 Reference value :  1.13058e-06
 Reference value :  1.13129e-06
 Reference value :  1.13259e-06
 Reference value :  1.13397e-06
 Reference value :  1.13479e-06
 Reference value :  1.13575e-06
 Reference value :  1.13713e-06
 Reference value :  1.13715e-06
 Reference value :  1.13806e-06
 Reference value :  1.13906e-06
 Reference value :  1.13971e-06
 Reference value :  1.14051e-06
 Reference value :  1.14101e-06
 Reference value :  1.14241e-06
 Reference value :  1.14281e-06
 Reference value :  1.14344e-06
 Reference value :  1.14386e-06
 Reference value :  1.14450e-06
 Reference value :  1.14597e-06
 Reference value :  1.14698e-06
 Reference value :  1.14736e-06
 Reference value :  1.14864e-06
 Reference value :  1.14919e-06
 Reference value :  1.15013e-06
 Reference value :  1.15098e-06
 Reference value :  1.15235e-06
 Reference value :  1.15292e-06
 Reference value :  1.15431e-06
 Reference value :  1.15587e-06
 Reference value :  1.15630e-06
 Reference value :  1.15753e-06
 Reference value :  1.15814e-06
 Reference value :  1.15955e-06
 Reference value :  1.16079e-06
 Reference value :  1.16101e-06
 Reference value :  1.16152e-06
 Reference value :  1.16295e-06
 Reference value :  1.16366e-06
 Reference value :  1.16448e-06
 Reference value :  1.16505e-06
 Reference value :  1.16637e-06
 Reference value :  1.16796e-06
 Reference value :  1.16909e-06
 Reference value :  1.17056e-06
 Reference value :  1.17166e-06
 Reference value :  1.17316e-06
 Reference value :  1.17406e-06
 Reference value :  1.17504e-06
 Reference value :  1.17651e-06
 Reference value :  1.17685e-06
 Reference value :  1.17851e-06
 Reference value :  1.17979e-06
 Reference value :  1.18047e-06
 Reference value :  1.18209e-06
 Reference value :  1.18298e-06
 Reference value :  1.18393e-06
 Reference value :  1.18462e-06
 Reference value :  1.18602e-06
 Reference value :  1.18743e-06
 Reference value :  1.18811e-06
 Reference value :  1.18911e-06
 Reference value :  1.18980e-06
 Reference value :  1.19122e-06
 Reference value :  1.19251e-06
 Reference value :  1.19340e-06
 Reference value :  1.19472e-06
 Reference value :  1.19526e-06
 Reference value :  1.19666e-06
 Reference value :  1.19828e-06
 Reference value :  1.19884e-06
 Reference value :  1.20000e-06
 Reference value :  1.20047e-06
 Reference value :  1.20179e-06
 Reference value :  1.20231e-06
 Reference value :  1.20300e-06
 Reference value :  1.20387e-06
 Reference value :  1.20476e-06
 Reference value :  1.20575e-06
 Reference value :  1.20630e-06
 Reference value :  1.20747e-06
 Reference value :  1.20817e-06
 Reference value :  1.20940e-06
 Reference value :  1.21025e-06
 Reference value :  1.21102e-06
 Reference value :  1.21228e-06
 Reference value :  1.21329e-06
 Reference value :  1.21488e-06
 Reference value :  1.21646e-06
 Reference value :  1.21727e-06
 Reference value :  1.21849e-06
 Reference value :  1.21989e-06
 Reference value :  1.22025e-06
 Reference value :  1.22057e-06
 Reference value :  1.22196e-06
 Reference value :  1.22370e-06
 Reference value :  1.22511e-06
 Reference value :  1.22572e-06
 Reference value :  1.22724e-06
 Reference value :  1.22870e-06
 Reference value :  1.22953e-06
 Reference value :  1.23068e-06
 Reference value :  1.23126e-06
 Reference value :  1.23211e-06
 Reference value :  1.23297e-06
 Reference value :  1.23400e-06
 Reference value :  1.23437e-06
 Reference value :  1.23511e-06
 Reference value :  1.23575e-06
 Reference value :  1.23729e-06
 Reference value :  1.23830e-06
 Reference value :  1.23872e-06
 Reference value :  1.23923e-06
 Reference value :  1.24054e-06
 Reference value :  1.24137e-06
 Reference value :  1.24237e-06
 Reference value :  1.24372e-06
 Reference value :  1.24432e-06
 Reference value :  1.24531e-06
 Reference value :  1.24565e-06
 Reference value :  1.24706e-06
 Reference value :  1.24746e-06
 Reference value :  1.24876e-06
 Reference value :  1.24990e-06
 Reference value :  1.25047e-06
 Reference value :  1.25165e-06
 Reference value :  1.25186e-06
 Reference value :  1.25272e-06
 Reference value :  1.25363e-06
 Reference value :  1.25507e-06
 Reference value :  1.25508e-06
 Reference value :  1.25560e-06
 Reference value :  1.25706e-06
 Reference value :  1.25768e-06
 Reference value :  1.25826e-06
 Reference value :  1.25873e-06
 Reference value :  1.26001e-06
 Reference value :  1.26042e-06
 Reference value :  1.26141e-06
 Reference value :  1.26143e-06
 Reference value :  1.26193e-06
 Reference value :  1.26320e-06
 Reference value :  1.26392e-06
 Reference value :  1.26494e-06
 Reference value :  1.26619e-06
 Reference value :  1.26655e-06
 Reference value :  1.26778e-06
 Reference value :  1.26843e-06
 Reference value :  1.26958e-06
 Reference value :  1.27036e-06
 Reference value :  1.27134e-06
 Reference value :  1.27259e-06
 Reference value :  1.27302e-06
 Reference value :  1.27433e-06
 Reference value :  1.27573e-06
 Reference value :  1.27652e-06
 Reference value :  1.27737e-06
 Reference value :  1.27887e-06
 Reference value :  1.27949e-06
 Reference value :  1.28063e-06
 Reference value :  1.28199e-06
 Reference value :  1.28280e-06
 Reference value :  1.28315e-06
 Reference value :  1.28347e-06
 Reference value :  1.28479e-06
 Reference value :  1.28507e-06
 Reference value :  1.28555e-06
 Reference value :  1.28618e-06
 Reference value :  1.28685e-06
 Reference value :  1.28788e-06
 Reference value :  1.28836e-06
 Reference value :  1.28913e-06
 Reference value :  1.28914e-06
 Reference value :  1.28959e-06
 Reference value :  1.29097e-06
 Reference value :  1.29199e-06
 Reference value :  1.29255e-06
 Reference value :  1.29387e-06
 Reference value :  1.29452e-06
 Reference value :  1.29568e-06
 Reference value :  1.29696e-06
 Reference value :  1.29734e-06
 Reference value :  1.29819e-06
 Reference value :  1.29866e-06
 Reference value :  1.30000e-06
 Reference value :  1.30040e-06
 Reference value :  1.30088e-06
 Reference value :  1.30161e-06
 Reference value :  1.30295e-06
 Reference value :  1.30363e-06
 Reference value :  1.30463e-06
 Reference value :  1.30587e-06
 Reference value :  1.30644e-06
 Reference value :  1.30724e-06
 Reference value :  1.30792e-06
 Reference value :  1.30926e-06
 Reference value :  1.31034e-06
 Reference value :  1.31066e-06
 Reference value :  1.31194e-06
 Reference value :  1.31237e-06
 Reference value :  1.31250e-06
 Reference value :  1.31308e-06
 Reference value :  1.31324e-06
 Reference value :  1.31357e-06
 Reference value :  1.31511e-06
 Reference value :  1.31578e-06
 Reference value :  1.31619e-06
 Reference value :  1.31667e-06
 Reference value :  1.31809e-06
 Reference value :  1.31912e-06
 Reference value :  1.31915e-06
 Reference value :  1.31997e-06
 Reference value :  1.32107e-06
 Reference value :  1.32208e-06
 Reference value :  1.32209e-06
 Reference value :  1.32256e-06
 Reference value :  1.32396e-06
 Reference value :  1.32446e-06
 Reference value :  1.32499e-06
 Reference value :  1.32543e-06
 Reference value :  1.32678e-06
 Reference value :  1.32799e-06
 Reference value :  1.32801e-06
 Reference value :  1.32890e-06
 Reference value :  1.32978e-06
 Reference value :  1.33109e-06
 Reference value :  1.33243e-06
 Reference value :  1.33288e-06
 Reference value :  1.33394e-06
 Reference value :  1.33474e-06
 Reference value :  1.33538e-06
 Reference value :  1.33567e-06
 Reference value :  1.33630e-06
 Reference value :  1.33683e-06
 Reference value :  1.33812e-06
 Reference value :  1.33964e-06
 Reference value :  1.34004e-06
 Reference value :  1.34112e-06
 Reference value :  1.34158e-06
 Reference value :  1.34271e-06
 Reference value :  1.34399e-06
 Reference value :  1.34459e-06
 Reference value :  1.34531e-06
 Reference value :  1.34592e-06
 Reference value :  1.34715e-06
 Reference value :  1.34766e-06
 Reference value :  1.34817e-06
 Reference value :  1.34849e-06
 Reference value :  1.34974e-06
 Reference value :  1.35038e-06
 Reference value :  1.35093e-06
 Reference value :  1.35137e-06
 Reference value :  1.35258e-06
 Reference value :  1.35336e-06
 Reference value :  1.35377e-06
 Reference value :  1.35430e-06
 Reference value :  1.35556e-06
 Reference value :  1.35598e-06
 Reference value :  1.35655e-06
 Reference value :  1.35697e-06
 Reference value :  1.35819e-06
 Reference value :  1.35874e-06
 Reference value :  1.35943e-06
 Reference value :  1.36016e-06
 Reference value :  1.36084e-06
 Reference value :  1.36128e-06
 Reference value :  1.36225e-06
 Reference value :  1.36348e-06
 Reference value :  1.36398e-06
 Reference value :  1.36504e-06
 Reference value :  1.36613e-06
 Reference value :  1.36662e-06
 Reference value :  1.36780e-06
 Reference value :  1.36863e-06
 Reference value :  1.36967e-06
 Reference value :  1.37067e-06
 Reference value :  1.37198e-06
 Reference value :  1.37247e-06
 Reference value :  1.37319e-06
 Reference value :  1.37363e-06
 Reference value :  1.37486e-06
 Reference value :  1.37613e-06
 Reference value :  1.37714e-06
 Reference value :  1.37796e-06
 Reference value :  1.37915e-06
 Reference value :  1.38035e-06
 Reference value :  1.38082e-06
 Reference value :  1.38166e-06
 Reference value :  1.38249e-06
 Reference value :  1.38342e-06
 Reference value :  1.38412e-06
 Reference value :  1.38449e-06
 Reference value :  1.38500e-06
 Reference value :  1.38629e-06
 Reference value :  1.38739e-06
 Reference value :  1.38825e-06
 Reference value :  1.38904e-06
 Reference value :  1.39021e-06
 Reference value :  1.39022e-06
 Reference value :  1.39086e-06
 Reference value :  1.39225e-06
 Reference value :  1.39344e-06
 Reference value :  1.39479e-06
 Reference value :  1.39513e-06
 Reference value :  1.39606e-06
 Reference value :  1.39608e-06
 Reference value :  1.39643e-06
 Reference value :  1.39787e-06
 Reference value :  1.39910e-06
 Reference value :  1.39984e-06
 Reference value :  1.40081e-06
 Reference value :  1.40140e-06
 Reference value :  1.40202e-06
 Reference value :  1.40293e-06
 Reference value :  1.40385e-06
 Reference value :  1.40499e-06
 Reference value :  1.40584e-06
 Reference value :  1.40670e-06
 Reference value :  1.40709e-06
 Reference value :  1.40783e-06
 Reference value :  1.40784e-06
 Reference value :  1.40848e-06
 Reference value :  1.40973e-06
 Reference value :  1.41083e-06
 Reference value :  1.41183e-06
 Reference value :  1.41251e-06
 Reference value :  1.41357e-06
 Reference value :  1.41421e-06
 Reference value :  1.41537e-06
 Reference value :  1.41663e-06
 Reference value :  1.41664e-06
 Reference value :  1.41717e-06
 Reference value :  1.41836e-06
 Reference value :  1.41932e-06
 Reference value :  1.41953e-06
 Reference value :  1.41998e-06
 Reference value :  1.42147e-06
 Reference value :  1.42241e-06
 Reference value :  1.42287e-06
 Reference value :  1.42427e-06
 Reference value :  1.42465e-06
 Reference value :  1.42529e-06
 Reference value :  1.42578e-06
 Reference value :  1.42732e-06
 Reference value :  1.42827e-06
 Reference value :  1.42886e-06
 Reference value :  1.43003e-06
 Reference value :  1.43060e-06
 Reference value :  1.43105e-06
 Reference value :  1.43150e-06
 Reference value :  1.43265e-06
 Reference value :  1.43307e-06
 Reference value :  1.43402e-06
 Reference value :  1.43499e-06
 Reference value :  1.43559e-06
 Reference value :  1.43652e-06
 Reference value :  1.43712e-06
 Reference value :  1.43827e-06
 Reference value :  1.43893e-06
 Reference value :  1.43959e-06
 Reference value :  1.44007e-06
 Reference value :  1.44130e-06
 Reference value :  1.44212e-06
 Reference value :  1.44286e-06
 Reference value :  1.44408e-06
 Reference value :  1.44441e-06
 Reference value :  1.44520e-06
 Reference value :  1.44570e-06
 Reference value :  1.44690e-06
 Reference value :  1.44758e-06
 Reference value :  1.44853e-06
 Reference value :  1.44989e-06
 Reference value :  1.45017e-06
 Reference value :  1.45148e-06
 Reference value :  1.45286e-06
 Reference value :  1.45345e-06
 Reference value :  1.45406e-06
 Reference value :  1.45443e-06
 Reference value :  1.45577e-06
 Reference value :  1.45629e-06
 Reference value :  1.45694e-06
 Reference value :  1.45778e-06
 Reference value :  1.45876e-06
 Reference value :  1.46002e-06
 Reference value :  1.46071e-06
 Reference value :  1.46128e-06
 Reference value :  1.46143e-06
 Reference value :  1.46198e-06
 Reference value :  1.46279e-06
 Reference value :  1.46322e-06
 Reference value :  1.46456e-06
 Reference value :  1.46578e-06
 Reference value :  1.46685e-06
 Reference value :  1.46736e-06
 Reference value :  1.46781e-06
 Reference value :  1.46902e-06
 Reference value :  1.47033e-06
 Reference value :  1.47092e-06
 Reference value :  1.47171e-06
 Reference value :  1.47251e-06
 Reference value :  1.47361e-06
 Reference value :  1.47486e-06
 Reference value :  1.47619e-06
 Reference value :  1.47655e-06
 Reference value :  1.47721e-06
 Reference value :  1.47776e-06
 Reference value :  1.47843e-06
 Reference value :  1.47987e-06
 Reference value :  1.48078e-06
 Reference value :  1.48191e-06
 Reference value :  1.48287e-06
 Reference value :  1.48379e-06
 Reference value :  1.48477e-06
 Reference value :  1.48568e-06
 Reference value :  1.48598e-06
 Reference value :  1.48729e-06
 Reference value :  1.48882e-06
 Reference value :  1.48969e-06
 Reference value :  1.49015e-06
 Reference value :  1.49155e-06
 Reference value :  1.49208e-06
 Reference value :  1.49304e-06
 Reference value :  1.49357e-06
 Reference value :  1.49512e-06
 Reference value :  1.49624e-06
 Reference value :  1.49769e-06
 Reference value :  1.49810e-06
 Reference value :  1.49915e-06
 Reference value :  1.49917e-06
 Reference value :  1.49966e-06
 Reference value :  1.50091e-06
 Reference value :  1.50136e-06
 Reference value :  1.50237e-06
 Reference value :  1.50239e-06
 Reference value :  1.50330e-06
 Reference value :  1.50416e-06
 Reference value :  1.50465e-06
 Reference value :  1.50517e-06
 Reference value :  1.50577e-06
 Reference value :  1.50711e-06
 Reference value :  1.50742e-06
 Reference value :  1.50783e-06
 Reference value :  1.50877e-06
 Reference value :  1.51020e-06
 Reference value :  1.51099e-06
 Reference value :  1.51243e-06
 Reference value :  1.51343e-06
 Reference value :  1.51443e-06
 Reference value :  1.51526e-06
 Reference value :  1.51681e-06
 Reference value :  1.51733e-06
 Reference value :  1.51805e-06
 Reference value :  1.51854e-06
 Reference value :  1.51994e-06
 Reference value :  1.52038e-06
 Reference value :  1.52148e-06
 Reference value :  1.52302e-06
 Reference value :  1.52426e-06
 Reference value :  1.52442e-06
 Reference value :  1.52481e-06
 Reference value :  1.52627e-06
 Reference value :  1.52741e-06
 Reference value :  1.52796e-06
 Reference value :  1.52884e-06
 Reference value :  1.52945e-06
 Reference value :  1.53008e-06
 Reference value :  1.53104e-06
 Reference value :  1.53240e-06
 Reference value :  1.53287e-06
 Reference value :  1.53396e-06
 Reference value :  1.53461e-06
 Reference value :  1.53580e-06
 Reference value :  1.53719e-06
 Reference value :  1.53720e-06
 Reference value :  1.53808e-06
 Reference value :  1.53918e-06
 Reference value :  1.54052e-06
 Reference value :  1.54154e-06
 Reference value :  1.54240e-06
 Reference value :  1.54366e-06
 Reference value :  1.54367e-06
 Reference value :  1.54416e-06
 Reference value :  1.54556e-06
 Reference value :  1.54617e-06
 Reference value :  1.54694e-06
 Reference value :  1.54731e-06
 Reference value :  1.54888e-06
 Reference value :  1.54947e-06
 Reference value :  1.55046e-06
 Reference value :  1.55195e-06
 Reference value :  1.55232e-06
 Reference value :  1.55351e-06
 Reference value :  1.55391e-06
 Reference value :  1.55539e-06
 Reference value :  1.55602e-06
 Reference value :  1.55677e-06
 Reference value :  1.55727e-06
 Reference value :  1.55854e-06
 Reference value :  1.55893e-06
 Reference value :  1.55950e-06
 Reference value :  1.56009e-06
 Reference value :  1.56101e-06
 Reference value :  1.56211e-06
 Reference value :  1.56339e-06
 Reference value :  1.56388e-06
 Reference value :  1.56530e-06
 Reference value :  1.56591e-06
 Reference value :  1.56696e-06
 Reference value :  1.56801e-06
 Reference value :  1.56937e-06
 Reference value :  1.57021e-06
 Reference value :  1.57146e-06
 Reference value :  1.57223e-06
 Reference value :  1.57294e-06
 Reference value :  1.57338e-06
 Reference value :  1.57339e-06
 Reference value :  1.57369e-06
 Reference value :  1.57521e-06
 Reference value :  1.57590e-06
 Reference value :  1.57719e-06
 Reference value :  1.57862e-06
 Reference value :  1.57984e-06
 Reference value :  1.58039e-06
 Reference value :  1.58076e-06
 Reference value :  1.58202e-06
 Reference value :  1.58256e-06
 Reference value :  1.58353e-06
 Reference value :  1.58354e-06
 Reference value :  1.58403e-06
 Reference value :  1.58547e-06
 Reference value :  1.58596e-06
 Reference value :  1.58692e-06
 Reference value :  1.58761e-06
 Reference value :  1.58874e-06
 Reference value :  1.58918e-06
 Reference value :  1.59034e-06
 Reference value :  1.59104e-06
 Reference value :  1.59225e-06
 Reference value :  1.59317e-06
 Reference value :  1.59413e-06
 Reference value :  1.59550e-06
 Reference value :  1.59589e-06
 Reference value :  1.59641e-06
 Reference value :  1.59773e-06
 Reference value :  1.59935e-06
 Reference value :  1.60001e-06
 Reference value :  1.60111e-06
 Reference value :  1.60163e-06
 Reference value :  1.60303e-06
 Reference value :  1.60343e-06
 Reference value :  1.60491e-06
 Reference value :  1.60608e-06
 Reference value :  1.60703e-06
 Reference value :  1.60842e-06
 Reference value :  1.60864e-06
 Reference value :  1.60915e-06
 Reference value :  1.61089e-06
 Reference value :  1.61196e-06
 Reference value :  1.61295e-06
 Reference value :  1.61468e-06
 Reference value :  1.61551e-06
 Reference value :  1.61664e-06
 Reference value :  1.61825e-06
 Reference value :  1.61911e-06
 Reference value :  1.62056e-06
 Reference value :  1.62248e-06
 Reference value :  1.62310e-06
 Reference value :  1.62385e-06
 Reference value :  1.62482e-06
 Reference value :  1.62666e-06
 Reference value :  1.62726e-06
 Reference value :  1.62869e-06
 Reference value :  1.63038e-06
 Reference value :  1.63137e-06
 Reference value :  1.63239e-06
 Reference value :  1.63279e-06
 Reference value :  1.63464e-06
 Reference value :  1.63525e-06
 Reference value :  1.63641e-06
 Reference value :  1.63679e-06
 Reference value :  1.63864e-06
 Reference value :  1.63944e-06
 Reference value :  1.64045e-06
 Reference value :  1.64118e-06
 Reference value :  1.64282e-06
 Reference value :  1.64390e-06
 Reference value :  1.64518e-06
 Reference value :  1.64663e-06
 Reference value :  1.64747e-06
 Reference value :  1.64848e-06
 Reference value :  1.64900e-06
 Reference value :  1.65029e-06
 Reference value :  1.65088e-06
 Reference value :  1.65157e-06
 Reference value :  1.65265e-06
 Reference value :  1.65367e-06
 Reference value :  1.65484e-06
 Reference value :  1.65589e-06
 Reference value :  1.65692e-06
 Reference value :  1.65876e-06
 Reference value :  1.66015e-06
 Reference value :  1.66103e-06
 Reference value :  1.66270e-06
 Reference value :  1.66351e-06
 Reference value :  1.66479e-06
 Reference value :  1.66671e-06
 Reference value :  1.66723e-06
 Reference value :  1.66874e-06
 Reference value :  1.66996e-06
 Reference value :  1.67109e-06
 Reference value :  1.67283e-06
 Reference value :  1.67367e-06
 Reference value :  1.67496e-06
 Reference value :  1.67567e-06
 Reference value :  1.67706e-06
 Reference value :  1.67846e-06
 Reference value :  1.67928e-06
 Reference value :  1.68039e-06
 Reference value :  1.68116e-06
 Reference value :  1.68281e-06
 Reference value :  1.68313e-06
 Reference value :  1.68366e-06
 Reference value :  1.68478e-06
 Reference value :  1.68510e-06
 Reference value :  1.68632e-06
 Reference value :  1.68724e-06
 Reference value :  1.68763e-06
 Reference value :  1.68909e-06
 Reference value :  1.69046e-06
 Reference value :  1.69115e-06
 Reference value :  1.69209e-06
 Reference value :  1.69353e-06
 Reference value :  1.69547e-06
 Reference value :  1.69681e-06
 Reference value :  1.69792e-06
 Reference value :  1.69958e-06
 Reference value :  1.70004e-06
 Reference value :  1.70100e-06
 Reference value :  1.70189e-06
 Reference value :  1.70269e-06
 Reference value :  1.70404e-06
 Reference value :  1.70452e-06
 Reference value :  1.70640e-06
 Reference value :  1.70841e-06
 Reference value :  1.70936e-06
 Reference value :  1.71075e-06
 Reference value :  1.71122e-06
 Reference value :  1.71329e-06
 Reference value :  1.71420e-06
 Reference value :  1.71542e-06
 Reference value :  1.71595e-06
 Reference value :  1.71801e-06
 Reference value :  1.71848e-06
 Reference value :  1.72019e-06
 Reference value :  1.72147e-06
 Reference value :  1.72263e-06
 Reference value :  1.72303e-06
 Reference value :  1.72389e-06
 Reference value :  1.72511e-06
 Reference value :  1.72735e-06
 Reference value :  1.72791e-06
 Reference value :  1.72961e-06
 Reference value :  1.73037e-06
 Reference value :  1.73199e-06
 Reference value :  1.73287e-06
 Reference value :  1.73437e-06
 Reference value :  1.73655e-06
 Reference value :  1.73717e-06
 Reference value :  1.73811e-06
 Reference value :  1.73934e-06
 Reference value :  1.74124e-06
 Reference value :  1.74174e-06
 Reference value :  1.74362e-06
 Reference value :  1.74436e-06
 Reference value :  1.74601e-06
 Reference value :  1.74681e-06
 Reference value :  1.74849e-06
 Reference value :  1.75006e-06
 Reference value :  1.75072e-06
 Reference value :  1.75179e-06
 Reference value :  1.75318e-06
 Reference value :  1.75481e-06
 Reference value :  1.75562e-06
 Reference value :  1.75727e-06
 Reference value :  1.75749e-06
 Reference value :  1.75871e-06
 Reference value :  1.75997e-06
 Reference value :  1.76050e-06
 Reference value :  1.76108e-06
 Reference value :  1.76210e-06
 Reference value :  1.76304e-06
 Reference value :  1.76468e-06
 Reference value :  1.76606e-06
 Reference value :  1.76737e-06
 Reference value :  1.76920e-06
 Reference value :  1.77008e-06
 Reference value :  1.77171e-06
 Reference value :  1.77370e-06
 Reference value :  1.77448e-06
 Reference value :  1.77620e-06
 Reference value :  1.77803e-06
 Reference value :  1.77849e-06
 Reference value :  1.77939e-06
 Reference value :  1.78063e-06
 Reference value :  1.78208e-06
 Reference value :  1.78320e-06
 Reference value :  1.78504e-06
 Reference value :  1.78568e-06
 Reference value :  1.78732e-06
 Reference value :  1.78870e-06
 Reference value :  1.78952e-06
 Reference value :  1.79030e-06
 Reference value :  1.79195e-06
 Reference value :  1.79293e-06
 Reference value :  1.79393e-06
 Reference value :  1.79413e-06
 Reference value :  1.79424e-06
 Reference value :  1.79622e-06
 Reference value :  1.79660e-06
 Reference value :  1.79717e-06
 Reference value :  1.79846e-06
 Reference value :  1.79880e-06
 Reference value :  1.80046e-06
 Reference value :  1.80107e-06
 Reference value :  1.80145e-06
 Reference value :  1.80243e-06
 Reference value :  1.80299e-06
 Reference value :  1.80335e-06
 Reference value :  1.80538e-06
 Reference value :  1.80606e-06
 Reference value :  1.80775e-06
 Reference value :  1.80933e-06
 Reference value :  1.81036e-06
 Reference value :  1.81205e-06
 Reference value :  1.81249e-06
 Reference value :  1.81378e-06
 Reference value :  1.81485e-06
 Reference value :  1.81623e-06
 Reference value :  1.81734e-06
 Reference value :  1.81930e-06
 Reference value :  1.81987e-06
 Reference value :  1.82012e-06
 Reference value :  1.82156e-06
 Reference value :  1.82337e-06
 Reference value :  1.82413e-06
 Reference value :  1.82607e-06
 Reference value :  1.82718e-06
 Reference value :  1.82821e-06
 Reference value :  1.82892e-06
 Reference value :  1.83081e-06
 Reference value :  1.83296e-06
 Reference value :  1.83328e-06
 Reference value :  1.83375e-06
 Reference value :  1.83530e-06
 Reference value :  1.83643e-06
 Reference value :  1.83782e-06
 Reference value :  1.83839e-06
 Reference value :  1.83870e-06
 Reference value :  1.84001e-06
 Reference value :  1.84199e-06
 Reference value :  1.84254e-06
 Reference value :  1.84298e-06
 Reference value :  1.84453e-06
 Reference value :  1.84628e-06
 Reference value :  1.84698e-06
 Reference value :  1.84798e-06
 Reference value :  1.84920e-06
 Reference value :  1.85002e-06
 Reference value :  1.85029e-06
 Reference value :  1.85153e-06
 Reference value :  1.85322e-06
 Reference value :  1.85416e-06
 Reference value :  1.85583e-06
 Reference value :  1.85655e-06
 Reference value :  1.85812e-06
 Reference value :  1.85861e-06
 Reference value :  1.86052e-06
 Reference value :  1.86120e-06
 Reference value :  1.86281e-06
 Reference value :  1.86385e-06
 Reference value :  1.86488e-06
 Reference value :  1.86565e-06
 Reference value :  1.86727e-06
 Reference value :  1.86927e-06
 Reference value :  1.86999e-06
 Reference value :  1.87114e-06
 Reference value :  1.87156e-06
 Reference value :  1.87202e-06
 Reference value :  1.87395e-06
 Reference value :  1.87471e-06
 Reference value :  1.87607e-06
 Reference value :  1.87609e-06
 Reference value :  1.87690e-06
 Reference value :  1.87844e-06
 Reference value :  1.87935e-06
 Reference value :  1.88057e-06
 Reference value :  1.88136e-06
 Reference value :  1.88309e-06
 Reference value :  1.88416e-06
 Reference value :  1.88514e-06
 Reference value :  1.88550e-06
 Reference value :  1.88731e-06
 Reference value :  1.88783e-06
 Reference value :  1.88963e-06
 Reference value :  1.89078e-06
 Reference value :  1.89173e-06
 Reference value :  1.89230e-06
 Reference value :  1.89388e-06
 Reference value :  1.89457e-06
 Reference value :  1.89630e-06
 Reference value :  1.89656e-06
 Reference value :  1.89850e-06
 Reference value :  1.89963e-06
 Reference value :  1.90086e-06
 Reference value :  1.90117e-06
 Reference value :  1.90284e-06
 Reference value :  1.90400e-06
 Reference value :  1.90511e-06
 Reference value :  1.90591e-06
 Reference value :  1.90711e-06
 Reference value :  1.90782e-06
 Reference value :  1.90935e-06
 Reference value :  1.90971e-06
 Reference value :  1.91013e-06
 Reference value :  1.91079e-06
 Reference value :  1.91176e-06
 Reference value :  1.91359e-06
 Reference value :  1.91402e-06
 Reference value :  1.91432e-06
 Reference value :  1.91505e-06
 Reference value :  1.91567e-06
 Reference value :  1.91642e-06
 Reference value :  1.91813e-06
 Reference value :  1.91997e-06
 Reference value :  1.92019e-06
 Reference value :  1.92164e-06
 Reference value :  1.92226e-06
 Reference value :  1.92264e-06
 Reference value :  1.92405e-06
 Reference value :  1.92428e-06
 Reference value :  1.92541e-06
 Reference value :  1.92632e-06
 Reference value :  1.92728e-06
 Reference value :  1.92855e-06
 Reference value :  1.93036e-06
 Reference value :  1.93068e-06
 Reference value :  1.93242e-06
 Reference value :  1.93243e-06
 Reference value :  1.93313e-06
 Reference value :  1.93484e-06
 Reference value :  1.93670e-06
 Reference value :  1.93706e-06
 Reference value :  1.93871e-06
 Reference value :  1.93925e-06
 Reference value :  1.94094e-06
 Reference value :  1.94295e-06
 Reference value :  1.94356e-06
 Reference value :  1.94429e-06
 Reference value :  1.94506e-06
 Reference value :  1.94568e-06
 Reference value :  1.94712e-06
 Reference value :  1.94777e-06
 Reference value :  1.94875e-06
 Reference value :  1.94945e-06
 Reference value :  1.95059e-06
 Reference value :  1.95132e-06
 Reference value :  1.95174e-06
 Reference value :  1.95330e-06
 Reference value :  1.95433e-06
 Reference value :  1.95544e-06
 Reference value :  1.95644e-06
 Reference value :  1.95761e-06
 Reference value :  1.95857e-06
 Reference value :  1.95992e-06
 Reference value :  1.96112e-06
 Reference value :  1.96188e-06
 Reference value :  1.96345e-06
 Reference value :  1.96393e-06
 Reference value :  1.96539e-06
 Reference value :  1.96668e-06
 Reference value :  1.96782e-06
 Reference value :  1.96828e-06
 Reference value :  1.97001e-06
 Reference value :  1.97175e-06
 Reference value :  1.97241e-06
 Reference value :  1.97397e-06
 Reference value :  1.97416e-06
 Reference value :  1.97532e-06
 Reference value :  1.97651e-06
 Reference value :  1.97778e-06
 Reference value :  1.97838e-06
 Reference value :  1.98017e-06
 Reference value :  1.98047e-06
 Reference value :  1.98095e-06
 Reference value :  1.98254e-06
 Reference value :  1.98415e-06
 Reference value :  1.98461e-06
 Reference value :  1.98623e-06
 Reference value :  1.98679e-06
 Reference value :  1.98774e-06
 Reference value :  1.98868e-06
 Reference value :  1.99005e-06
 Reference value :  1.99114e-06
 Reference value :  1.99296e-06
 Reference value :  1.99359e-06
 Reference value :  1.99461e-06
 Reference value :  1.99501e-06
 Reference value :  1.99686e-06
 Reference value :  1.99732e-06
 Reference value :  1.99766e-06
 Reference value :  1.99793e-06
 Reference value :  1.99883e-06
 Reference value :  1.99932e-06
 Reference value :  2.00095e-06
 Reference value :  2.00189e-06
 Reference value :  2.00304e-06
 Reference value :  2.00344e-06
 Reference value :  2.00499e-06
 Reference value :  2.00571e-06
 Reference value :  2.00716e-06
 Reference value :  2.00844e-06
 Reference value :  2.00907e-06
 Reference value :  2.00935e-06
 Reference value :  2.01042e-06
 Reference value :  2.01123e-06
 Reference value :  2.01302e-06
 Reference value :  2.01338e-06
 Reference value :  2.01369e-06
 Reference value :  2.01483e-06
 Reference value :  2.01538e-06
 Reference value :  2.01704e-06
 Reference value :  2.01734e-06
 Reference value :  2.01804e-06
 Reference value :  2.01943e-06
 Reference value :  2.02110e-06
 Reference value :  2.02134e-06
 Reference value :  2.02279e-06
 Reference value :  2.02317e-06
 Reference value :  2.02472e-06
 Reference value :  2.02538e-06
 Reference value :  2.02638e-06
 Reference value :  2.02659e-06
 Reference value :  2.02696e-06
 Reference value :  2.02862e-06
 Reference value :  2.02940e-06
 Reference value :  2.03035e-06
 Reference value :  2.03123e-06
 Reference value :  2.03240e-06
 Reference value :  2.03328e-06
 Reference value :  2.03456e-06
 Reference value :  2.03603e-06
 Reference value :  2.03660e-06
 Reference value :  2.03786e-06
 Reference value :  2.03922e-06
 Reference value :  2.03974e-06
 Reference value :  2.04053e-06
 Reference value :  2.04133e-06
 Reference value :  2.04255e-06
 Reference value :  2.04295e-06
 Reference value :  2.04381e-06
 Reference value :  2.04469e-06
 Reference value :  2.04572e-06
 Reference value :  2.04675e-06
 Reference value :  2.04690e-06
 Reference value :  2.04732e-06
 Reference value :  2.04816e-06
 Reference value :  2.04882e-06
 Reference value :  2.05006e-06
 Reference value :  2.05061e-06
 Reference value :  2.05160e-06
 Reference value :  2.05195e-06
 Reference value :  2.05343e-06
 Reference value :  2.05389e-06
 Reference value :  2.05507e-06
 Reference value :  2.05534e-06
 Reference value :  2.05690e-06
 Reference value :  2.05774e-06
 Reference value :  2.05863e-06
 Reference value :  2.05973e-06
 Reference value :  2.06025e-06
 Reference value :  2.06058e-06
 Reference value :  2.06169e-06
 Reference value :  2.06170e-06
 Reference value :  2.06224e-06
 Reference value :  2.06356e-06
 Reference value :  2.06377e-06
 Reference value :  2.06508e-06
 Reference value :  2.06613e-06
 Reference value :  2.06683e-06
 Reference value :  2.06792e-06
 Reference value :  2.06854e-06
 Reference value :  2.06997e-06
 Reference value :  2.07059e-06
 Reference value :  2.07161e-06
 Reference value :  2.07224e-06
 Reference value :  2.07320e-06
 Reference value :  2.07353e-06
 Reference value :  2.07466e-06
 Reference value :  2.07467e-06
 Reference value :  2.07501e-06
 Reference value :  2.07616e-06
 Reference value :  2.07696e-06
 Reference value :  2.07812e-06
 Reference value :  2.07950e-06
 Reference value :  2.07973e-06
 Reference value :  2.07999e-06
 Reference value :  2.08095e-06
 Reference value :  2.08141e-06
 Reference value :  2.08283e-06
 Reference value :  2.08335e-06
 Reference value :  2.08413e-06
 Reference value :  2.08452e-06
 Reference value :  2.08551e-06
 Reference value :  2.08592e-06
 Reference value :  2.08631e-06
 Reference value :  2.08670e-06
 Reference value :  2.08715e-06
 Reference value :  2.08716e-06
 Reference value :  2.08749e-06
 Reference value :  2.08890e-06
 Reference value :  2.08985e-06
 Reference value :  2.09027e-06
 Reference value :  2.09137e-06
 Reference value :  2.09200e-06
 Reference value :  2.09305e-06
 Reference value :  2.09326e-06
 Reference value :  2.09414e-06
 Reference value :  2.09502e-06
 Reference value :  2.09558e-06
 Reference value :  2.09633e-06
 Reference value :  2.09673e-06
 Reference value :  2.09778e-06
 Reference value :  2.09804e-06
 Reference value :  2.09867e-06
 Reference value :  2.09921e-06
 Reference value :  2.09963e-06
 Reference value :  2.10036e-06
 Reference value :  2.10100e-06
 Reference value :  2.10119e-06
 Reference value :  2.10228e-06
 Reference value :  2.10340e-06
 Reference value :  2.10426e-06
 Reference value :  2.10534e-06
 Reference value :  2.10565e-06
 Reference value :  2.10671e-06
 Reference value :  2.10706e-06
 Reference value :  2.10826e-06
 Reference value :  2.10829e-06
 Reference value :  2.10942e-06
 Reference value :  2.11014e-06
 Reference value :  2.11126e-06
 Reference value :  2.11203e-06
 Reference value :  2.11284e-06
 Reference value :  2.11325e-06
 Reference value :  2.11396e-06
 Reference value :  2.11455e-06
 Reference value :  2.11587e-06
 Reference value :  2.11666e-06
 Reference value :  2.11752e-06
 Reference value :  2.11874e-06
 Reference value :  2.11892e-06
 Reference value :  2.11949e-06
 Reference value :  2.12023e-06
 Reference value :  2.12050e-06
 Reference value :  2.12168e-06
 Reference value :  2.12219e-06
 Reference value :  2.12307e-06
 Reference value :  2.12329e-06
 Reference value :  2.12366e-06
 Reference value :  2.12492e-06
 Reference value :  2.12536e-06
 Reference value :  2.12591e-06
 Reference value :  2.12655e-06
 Reference value :  2.12681e-06
 Reference value :  2.12827e-06
 Reference value :  2.12927e-06
 Reference value :  2.12929e-06
 Reference value :  2.12970e-06
 Reference value :  2.13112e-06
 Reference value :  2.13142e-06
 Reference value :  2.13258e-06
 Reference value :  2.13395e-06
 Reference value :  2.13444e-06
 Reference value :  2.13541e-06
 Reference value :  2.13542e-06
 Reference value :  2.13596e-06
 Reference value :  2.13722e-06
 Reference value :  2.13799e-06
 Reference value :  2.13856e-06
 Reference value :  2.13890e-06
 Reference value :  2.14011e-06
 Reference value :  2.14072e-06
 Reference value :  2.14179e-06
 Reference value :  2.14215e-06
 Reference value :  2.14365e-06
 Reference value :  2.14489e-06
 Reference value :  2.14523e-06
 Reference value :  2.14582e-06
 Reference value :  2.14660e-06
 Reference value :  2.14709e-06
 Reference value :  2.14783e-06
 Reference value :  2.14831e-06
 Reference value :  2.14941e-06
 Reference value :  2.14969e-06
 Reference value :  2.15008e-06
 Reference value :  2.15056e-06
 Reference value :  2.15122e-06
 Reference value :  2.15182e-06
 Reference value :  2.15264e-06
 Reference value :  2.15326e-06
 Reference value :  2.15406e-06
 Reference value :  2.15439e-06
 Reference value :  2.15583e-06
 Reference value :  2.15678e-06
 Reference value :  2.15719e-06
 Reference value :  2.15784e-06
 Reference value :  2.15892e-06
 Reference value :  2.15945e-06
 Reference value :  2.16037e-06
 Reference value :  2.16091e-06
 Reference value :  2.16235e-06
 Reference value :  2.16307e-06
 Reference value :  2.16352e-06
 Reference value :  2.16436e-06
 Reference value :  2.16531e-06
 Reference value :  2.16608e-06
 Reference value :  2.16670e-06
 Reference value :  2.16777e-06
 Reference value :  2.16867e-06
 Reference value :  2.16971e-06
 Reference value :  2.16993e-06
 Reference value :  2.17067e-06
 Reference value :  2.17209e-06
 Reference value :  2.17308e-06
 Reference value :  2.17310e-06
 Reference value :  2.17344e-06
 Reference value :  2.17487e-06
 Reference value :  2.17534e-06
 Reference value :  2.17589e-06
 Reference value :  2.17669e-06
 Reference value :  2.17777e-06
 Reference value :  2.17831e-06
 Reference value :  2.17888e-06
 Reference value :  2.18003e-06
 Reference value :  2.18159e-06
 Reference value :  2.18288e-06
 Reference value :  2.18337e-06
 Reference value :  2.18477e-06
 Reference value :  2.18530e-06
 Reference value :  2.18626e-06
 Reference value :  2.18678e-06
 Reference value :  2.18820e-06
 Reference value :  2.18971e-06
 Reference value :  2.19057e-06
 Reference value :  2.19171e-06
 Reference value :  2.19289e-06
 Reference value :  2.19342e-06
 Reference value :  2.19494e-06
 Reference value :  2.19537e-06
 Reference value :  2.19680e-06
 Reference value :  2.19682e-06
 Reference value :  2.19791e-06
 Reference value :  2.19907e-06
 Reference value :  2.20051e-06
 Reference value :  2.20100e-06
 Reference value :  2.20197e-06
 Reference value :  2.20278e-06
 Reference value :  2.20354e-06
 Reference value :  2.20433e-06
 Reference value :  2.20474e-06
 Reference value :  2.20642e-06
 Reference value :  2.20685e-06
 Reference value :  2.20749e-06
 Reference value :  2.20827e-06
 Reference value :  2.20899e-06
 Reference value :  2.21063e-06
 Reference value :  2.21194e-06
 Reference value :  2.21272e-06
 Reference value :  2.21440e-06
 Reference value :  2.21482e-06
 Reference value :  2.21643e-06
 Reference value :  2.21779e-06
 Reference value :  2.21898e-06
 Reference value :  2.22049e-06
 Reference value :  2.22119e-06
 Reference value :  2.22241e-06
 Reference value :  2.22269e-06
 Reference value :  2.22352e-06
 Reference value :  2.22482e-06
 Reference value :  2.22640e-06
 Reference value :  2.22694e-06
 Reference value :  2.22863e-06
 Reference value :  2.22915e-06
 Reference value :  2.23087e-06
 Reference value :  2.23163e-06
 Reference value :  2.23282e-06
 Reference value :  2.23371e-06
 Reference value :  2.23532e-06
 Reference value :  2.23619e-06
 Reference value :  2.23721e-06
 Reference value :  2.23897e-06
 Reference value :  2.23931e-06
 Reference value :  2.24046e-06
 Reference value :  2.24109e-06
 Reference value :  2.24219e-06
 Reference value :  2.24347e-06
 Reference value :  2.24510e-06
 Reference value :  2.24561e-06
 Reference value :  2.24727e-06
 Reference value :  2.24750e-06
 Reference value :  2.24906e-06
 Reference value :  2.24932e-06
 Reference value :  2.24971e-06
 Reference value :  2.25120e-06
 Reference value :  2.25196e-06
 Reference value :  2.25361e-06
 Reference value :  2.25424e-06
 Reference value :  2.25577e-06
 Reference value :  2.25661e-06
 Reference value :  2.25762e-06
 Reference value :  2.25840e-06
 Reference value :  2.26013e-06
 Reference value :  2.26188e-06
 Reference value :  2.26241e-06
 Reference value :  2.26361e-06
 Reference value :  2.26412e-06
 Reference value :  2.26439e-06
 Reference value :  2.26590e-06
 Reference value :  2.26613e-06
 Reference value :  2.26677e-06
 Reference value :  2.26828e-06
 Reference value :  2.26853e-06
 Reference value :  2.26926e-06
 Reference value :  2.27006e-06
 Reference value :  2.27035e-06
 Reference value :  2.27153e-06
 Reference value :  2.27226e-06
 Reference value :  2.27249e-06
 Reference value :  2.27278e-06
 Reference value :  2.27328e-06
 Reference value :  2.27441e-06
 Reference value :  2.27472e-06
 Reference value :  2.27638e-06
 Reference value :  2.27686e-06
 Reference value :  2.27816e-06
 Reference value :  2.27947e-06
 Reference value :  2.28089e-06
 Reference value :  2.28174e-06
 Reference value :  2.28296e-06
 Reference value :  2.28490e-06
 Reference value :  2.28555e-06
 Reference value :  2.28713e-06
 Reference value :  2.28781e-06
 Reference value :  2.28965e-06
 Reference value :  2.29074e-06
 Reference value :  2.29211e-06
 Reference value :  2.29398e-06
 Reference value :  2.29447e-06
 Reference value :  2.29635e-06
 Reference value :  2.29767e-06
 Reference value :  2.29903e-06
 Reference value :  2.30070e-06
 Reference value :  2.30130e-06
 Reference value :  2.30320e-06
 Reference value :  2.30388e-06
 Reference value :  2.30589e-06
 Reference value :  2.30655e-06
 Reference value :  2.30848e-06
 Reference value :  2.30904e-06
 Reference value :  2.30993e-06
 Reference value :  2.31111e-06
 Reference value :  2.31202e-06
 Reference value :  2.31379e-06
 Reference value :  2.31426e-06
 Reference value :  2.31484e-06
 Reference value :  2.31650e-06
 Reference value :  2.31830e-06
 Reference value :  2.31916e-06
 Reference value :  2.32050e-06
 Reference value :  2.32198e-06
 Reference value :  2.32410e-06
 Reference value :  2.32447e-06
 Reference value :  2.32666e-06
 Reference value :  2.32668e-06
 Reference value :  2.32772e-06
 Reference value :  2.32956e-06
 Reference value :  2.33050e-06
 Reference value :  2.33189e-06
 Reference value :  2.33232e-06
 Reference value :  2.33459e-06
 Reference value :  2.33520e-06
 Reference value :  2.33734e-06
 Reference value :  2.33896e-06
 Reference value :  2.33993e-06
 Reference value :  2.34154e-06
 Reference value :  2.34256e-06
 Reference value :  2.34480e-06
 Reference value :  2.34520e-06
 Reference value :  2.34744e-06
 Reference value :  2.34900e-06
 Reference value :  2.35016e-06
 Reference value :  2.35131e-06
 Reference value :  2.35271e-06
 Reference value :  2.35483e-06
 Reference value :  2.35531e-06
 Reference value :  2.35597e-06
 Reference value :  2.35734e-06
 Reference value :  2.35851e-06
 Reference value :  2.36003e-06
 Reference value :  2.36111e-06
 Reference value :  2.36260e-06
 Reference value :  2.36416e-06
 Reference value :  2.36516e-06
 Reference value :  2.36727e-06
 Reference value :  2.36790e-06
 Reference value :  2.36981e-06
 Reference value :  2.37066e-06
 Reference value :  2.37256e-06
 Reference value :  2.37394e-06
 Reference value :  2.37503e-06
 Reference value :  2.37632e-06
 Reference value :  2.37768e-06
 Reference value :  2.37995e-06
 Reference value :  2.38116e-06
 Reference value :  2.38249e-06
 Reference value :  2.38454e-06
 Reference value :  2.38527e-06
 Reference value :  2.38705e-06
 Reference value :  2.38829e-06
 Reference value :  2.38969e-06
 Reference value :  2.39059e-06
 Reference value :  2.39181e-06
 Reference value :  2.39259e-06
 Reference value :  2.39435e-06
 Reference value :  2.39487e-06
 Reference value :  2.39563e-06
 Reference value :  2.39693e-06
 Reference value :  2.39860e-06
 Reference value :  2.39929e-06
 Reference value :  2.39982e-06
 Reference value :  2.40106e-06
 Reference value :  2.40191e-06
 Reference value :  2.40296e-06
 Reference value :  2.40422e-06
 Reference value :  2.40603e-06
 Reference value :  2.40656e-06
 Reference value :  2.40857e-06
 Reference value :  2.40926e-06
 Reference value :  2.41136e-06
 Reference value :  2.41233e-06
 Reference value :  2.41386e-06
 Reference value :  2.41467e-06
 Reference value :  2.41627e-06
 Reference value :  2.41686e-06
 Reference value :  2.41897e-06
 Reference value :  2.41958e-06
 Reference value :  2.42124e-06
 Reference value :  2.42223e-06
 Reference value :  2.42392e-06
 Reference value :  2.42488e-06
 Reference value :  2.42648e-06
 Reference value :  2.42851e-06
 Reference value :  2.42901e-06
 Reference value :  2.43079e-06
 Reference value :  2.43122e-06
 Reference value :  2.43225e-06
 Reference value :  2.43399e-06
 Reference value :  2.43456e-06
 Reference value :  2.43638e-06
 Reference value :  2.43843e-06
 Reference value :  2.43879e-06
 Reference value :  2.43902e-06
 Reference value :  2.43981e-06
 Reference value :  2.44122e-06
 Reference value :  2.44353e-06
 Reference value :  2.44446e-06
 Reference value :  2.44586e-06
 Reference value :  2.44627e-06
 Reference value :  2.44839e-06
 Reference value :  2.44877e-06
 Reference value :  2.45013e-06
 Reference value :  2.45111e-06
 Reference value :  2.45317e-06
 Reference value :  2.45379e-06
 Reference value :  2.45557e-06
 Reference value :  2.45637e-06
 Reference value :  2.45823e-06
 Reference value :  2.45908e-06
 Reference value :  2.46087e-06
 Reference value :  2.46298e-06
 Reference value :  2.46371e-06
 Reference value :  2.46532e-06
 Reference value :  2.46681e-06
 Reference value :  2.46777e-06
 Reference value :  2.46897e-06
 Reference value :  2.47019e-06
 Reference value :  2.47229e-06
 Reference value :  2.47304e-06
 Reference value :  2.47481e-06
 Reference value :  2.47635e-06
 Reference value :  2.47738e-06
 Reference value :  2.47778e-06
 Reference value :  2.47832e-06
 Reference value :  2.47946e-06
 Reference value :  2.48065e-06
 Reference value :  2.48222e-06
 Reference value :  2.48425e-06
 Reference value :  2.48590e-06
 Reference value :  2.48683e-06
 Reference value :  2.48894e-06
 Reference value :  2.49051e-06
 Reference value :  2.49173e-06
 Reference value :  2.49353e-06
 Reference value :  2.49421e-06
 Reference value :  2.49591e-06
 Reference value :  2.49657e-06
 Reference value :  2.49762e-06
 Reference value :  2.49848e-06
 Reference value :  2.50029e-06
 Reference value :  2.50060e-06
 Reference value :  2.50112e-06
 Reference value :  2.50299e-06
 Reference value :  2.50497e-06
 Reference value :  2.50548e-06
 Reference value :  2.50745e-06
 Reference value :  2.50925e-06
 Reference value :  2.51010e-06
 Reference value :  2.51130e-06
 Reference value :  2.51172e-06
 Reference value :  2.51319e-06
 Reference value :  2.51427e-06
 Reference value :  2.51478e-06
 Reference value :  2.51603e-06
 Reference value :  2.51657e-06
 Reference value :  2.51832e-06
 Reference value :  2.51873e-06
 Reference value :  2.51950e-06
 Reference value :  2.52087e-06
 Reference value :  2.52269e-06
 Reference value :  2.52350e-06
 Reference value :  2.52471e-06
 Reference value :  2.52543e-06
 Reference value :  2.52706e-06
 Reference value :  2.52843e-06
 Reference value :  2.52936e-06
 Reference value :  2.53102e-06
 Reference value :  2.53167e-06
 Reference value :  2.53323e-06
 Reference value :  2.53383e-06
 Reference value :  2.53535e-06
 Reference value :  2.53631e-06
 Reference value :  2.53732e-06
 Reference value :  2.53809e-06
 Reference value :  2.53979e-06
 Reference value :  2.54156e-06
 Reference value :  2.54203e-06
 Reference value :  2.54408e-06
 Reference value :  2.54583e-06
 Reference value :  2.54645e-06
 Reference value :  2.54763e-06
 Reference value :  2.54787e-06
 Reference value :  2.54879e-06
 Reference value :  2.54914e-06
 Reference value :  2.55000e-06
 Reference value :  2.55024e-06
 Reference value :  2.55209e-06
 Reference value :  2.55241e-06
 Reference value :  2.55293e-06
 Reference value :  2.55363e-06
 Reference value :  2.55426e-06
 Reference value :  2.55524e-06
 Reference value :  2.55655e-06
 Reference value :  2.55796e-06
 Reference value :  2.55871e-06
 Reference value :  2.56037e-06
 Reference value :  2.56082e-06
 Reference value :  2.56250e-06
 Reference value :  2.56393e-06
 Reference value :  2.56494e-06
 Reference value :  2.56673e-06
 Reference value :  2.56740e-06
 Reference value :  2.56883e-06
 Reference value :  2.56927e-06
 Reference value :  2.57116e-06
 Reference value :  2.57302e-06
 Reference value :  2.57427e-06
 Reference value :  2.57559e-06
 Reference value :  2.57729e-06
 Reference value :  2.57869e-06
 Reference value :  2.58000e-06
 Reference value :  2.58162e-06
 Reference value :  2.58215e-06
 Reference value :  2.58357e-06
 Reference value :  2.58479e-06
 Reference value :  2.58583e-06
 Reference value :  2.58592e-06
 Reference value :  2.58653e-06
 Reference value :  2.58730e-06
 Reference value :  2.58805e-06
 Reference value :  2.58983e-06
 Reference value :  2.59074e-06
 Reference value :  2.59204e-06
 Reference value :  2.59364e-06
 Reference value :  2.59446e-06
 Reference value :  2.59624e-06
 Reference value :  2.59821e-06
 Reference value :  2.59893e-06
 Reference value :  2.60020e-06
 Reference value :  2.60090e-06
 Reference value :  2.60235e-06
 Reference value :  2.60285e-06
 Reference value :  2.60321e-06
 Reference value :  2.60420e-06
 Reference value :  2.60471e-06
 Reference value :  2.60642e-06
 Reference value :  2.60677e-06
 Reference value :  2.60844e-06
 Reference value :  2.60925e-06
 Reference value :  2.61048e-06
 Reference value :  2.61147e-06
 Reference value :  2.61298e-06
 Reference value :  2.61453e-06
 Reference value :  2.61509e-06
 Reference value :  2.61537e-06
 Reference value :  2.61653e-06
 Reference value :  2.61801e-06
 Reference value :  2.61877e-06
 Reference value :  2.61918e-06
 Reference value :  2.61974e-06
 Reference value :  2.62042e-06
 Reference value :  2.62078e-06
 Reference value :  2.62262e-06
 Reference value :  2.62329e-06
 Reference value :  2.62426e-06
 Reference value :  2.62525e-06
 Reference value :  2.62641e-06
 Reference value :  2.62772e-06
 Reference value :  2.62811e-06
 Reference value :  2.62903e-06
 Reference value :  2.63029e-06
 Reference value :  2.63137e-06
 Reference value :  2.63196e-06
 Reference value :  2.63313e-06
 Reference value :  2.63403e-06
 Reference value :  2.63440e-06
 Reference value :  2.63519e-06
 Reference value :  2.63602e-06
 Reference value :  2.63708e-06
 Reference value :  2.63793e-06
 Reference value :  2.63808e-06
 Reference value :  2.63895e-06
 Reference value :  2.63956e-06
 Reference value :  2.63984e-06
 Reference value :  2.64088e-06
 Reference value :  2.64182e-06
 Reference value :  2.64312e-06
 Reference value :  2.64359e-06
 Reference value :  2.64415e-06
 Reference value :  2.64570e-06
 Reference value :  2.64660e-06
 Reference value :  2.64763e-06
 Reference value :  2.64915e-06
 Reference value :  2.64968e-06
 Reference value :  2.65043e-06
 Reference value :  2.65138e-06
 Reference value :  2.65287e-06
 Reference value :  2.65340e-06
 Reference value :  2.65406e-06
 Reference value :  2.65507e-06
 Reference value :  2.65672e-06
 Reference value :  2.65775e-06
 Reference value :  2.65891e-06
 Reference value :  2.66063e-06
 Reference value :  2.66104e-06
 Reference value :  2.66261e-06
 Reference value :  2.66458e-06
 Reference value :  2.66545e-06
 Reference value :  2.66682e-06
 Reference value :  2.66830e-06
 Reference value :  2.66869e-06
 Reference value :  2.66995e-06
 Reference value :  2.67099e-06
 Reference value :  2.67219e-06
 Reference value :  2.67316e-06
 Reference value :  2.67446e-06
 Reference value :  2.67613e-06
 Reference value :  2.67751e-06
 Reference value :  2.67808e-06
 Reference value :  2.67999e-06
 Reference value :  2.68101e-06
 Reference value :  2.68163e-06
 Reference value :  2.68223e-06
 Reference value :  2.68368e-06
 Reference value :  2.68425e-06
 Reference value :  2.68450e-06
 Reference value :  2.68548e-06
 Reference value :  2.68621e-06
 Reference value :  2.68751e-06
 Reference value :  2.68831e-06
 Reference value :  2.68933e-06
 Reference value :  2.68971e-06
 Reference value :  2.69159e-06
 Reference value :  2.69254e-06
 Reference value :  2.69371e-06
 Reference value :  2.69550e-06
 Reference value :  2.69623e-06
 Reference value :  2.69728e-06
 Reference value :  2.69838e-06
 Reference value :  2.69934e-06
 Reference value :  2.70000e-06
 Reference value :  2.70100e-06
 Reference value :  2.70131e-06
 Reference value :  2.70313e-06
 Reference value :  2.70376e-06
 Reference value :  2.70513e-06
 Reference value :  2.70660e-06
 Reference value :  2.70740e-06
 Reference value :  2.70871e-06
 Reference value :  2.70949e-06
 Reference value :  2.71079e-06
 Reference value :  2.71153e-06
 Reference value :  2.71249e-06
 Reference value :  2.71286e-06
 Reference value :  2.71454e-06
 Reference value :  2.71501e-06
 Reference value :  2.71557e-06
 Reference value :  2.71625e-06
 Reference value :  2.71678e-06
 Reference value :  2.71836e-06
 Reference value :  2.71883e-06
 Reference value :  2.71996e-06
 Reference value :  2.72071e-06
 Reference value :  2.72208e-06
 Reference value :  2.72309e-06
 Reference value :  2.72367e-06
 Reference value :  2.72397e-06
 Reference value :  2.72556e-06
 Reference value :  2.72607e-06
 Reference value :  2.72773e-06
 Reference value :  2.72934e-06
 Reference value :  2.73021e-06
 Reference value :  2.73102e-06
 Reference value :  2.73152e-06
 Reference value :  2.73304e-06
 Reference value :  2.73355e-06
 Reference value :  2.73497e-06
 Reference value :  2.73663e-06
 Reference value :  2.73774e-06
 Reference value :  2.73832e-06
 Reference value :  2.73849e-06
 Reference value :  2.74010e-06
 Reference value :  2.74055e-06
 Reference value :  2.74199e-06
 Reference value :  2.74267e-06
 Reference value :  2.74419e-06
 Reference value :  2.74478e-06
 Reference value :  2.74535e-06
 Reference value :  2.74589e-06
 Reference value :  2.74744e-06
 Reference value :  2.74774e-06
 Reference value :  2.74832e-06
 Reference value :  2.74928e-06
 Reference value :  2.74981e-06
 Reference value :  2.75129e-06
 Reference value :  2.75210e-06
 Reference value :  2.75329e-06
 Reference value :  2.75493e-06
 Reference value :  2.75532e-06
 Reference value :  2.75676e-06
 Reference value :  2.75788e-06
 Reference value :  2.75861e-06
 Reference value :  2.75896e-06
 Reference value :  2.75978e-06
 Reference value :  2.76037e-06
 Reference value :  2.76055e-06
 Reference value :  2.76168e-06
 Reference value :  2.76254e-06
 Reference value :  2.76324e-06
 Reference value :  2.76434e-06
 Reference value :  2.76554e-06
 Reference value :  2.76609e-06
 Reference value :  2.76637e-06
 Reference value :  2.76784e-06
 Reference value :  2.76848e-06
 Reference value :  2.76987e-06
 Reference value :  2.77042e-06
 Reference value :  2.77186e-06
 Reference value :  2.77361e-06
 Reference value :  2.77420e-06
 Reference value :  2.77538e-06
 Reference value :  2.77653e-06
 Reference value :  2.77742e-06
 Reference value :  2.77807e-06
 Reference value :  2.77893e-06
 Reference value :  2.77894e-06
 Reference value :  2.77949e-06
 Reference value :  2.78029e-06
 Reference value :  2.78115e-06
 Reference value :  2.78269e-06
 Reference value :  2.78343e-06
 Reference value :  2.78479e-06
 Reference value :  2.78590e-06
 Reference value :  2.78702e-06
 Reference value :  2.78848e-06
 Reference value :  2.78941e-06
 Reference value :  2.79061e-06
 Reference value :  2.79225e-06
 Reference value :  2.79277e-06
 Reference value :  2.79326e-06
 Reference value :  2.79391e-06
 Reference value :  2.79481e-06
 Reference value :  2.79594e-06
 Reference value :  2.79738e-06
 Reference value :  2.79814e-06
 Reference value :  2.79967e-06
 Reference value :  2.80018e-06
 Reference value :  2.80151e-06
 Reference value :  2.80273e-06
 Reference value :  2.80379e-06
 Reference value :  2.80437e-06
 Reference value :  2.80534e-06
 Reference value :  2.80709e-06
 Reference value :  2.80742e-06
 Reference value :  2.80809e-06
 Reference value :  2.80883e-06
 Reference value :  2.80899e-06
 Reference value :  2.81056e-06
 Reference value :  2.81108e-06
 Reference value :  2.81200e-06
 Reference value :  2.81295e-06
 Reference value :  2.81460e-06
 Reference value :  2.81563e-06
 Reference value :  2.81625e-06
 Reference value :  2.81666e-06
 Reference value :  2.81833e-06
 Reference value :  2.81926e-06
 Reference value :  2.82046e-06
 Reference value :  2.82194e-06
 Reference value :  2.82261e-06
 Reference value :  2.82372e-06
 Reference value :  2.82410e-06
 Reference value :  2.82555e-06
 Reference value :  2.82594e-06
 Reference value :  2.82735e-06
 Reference value :  2.82845e-06
 Reference value :  2.82958e-06
 Reference value :  2.83116e-06
 Reference value :  2.83245e-06
 Reference value :  2.83322e-06
 Reference value :  2.83480e-06
 Reference value :  2.83561e-06
 Reference value :  2.83692e-06
 Reference value :  2.83779e-06
 Reference value :  2.83882e-06
 Reference value :  2.84026e-06
 Reference value :  2.84065e-06
 Reference value :  2.84107e-06
 Reference value :  2.84164e-06
 Reference value :  2.84248e-06
 Reference value :  2.84415e-06
 Reference value :  2.84494e-06
 Reference value :  2.84616e-06
 Reference value :  2.84760e-06
 Reference value :  2.84812e-06
 Reference value :  2.84949e-06
 Reference value :  2.84950e-06
 Reference value :  2.84986e-06
 Reference value :  2.85119e-06
 Reference value :  2.85194e-06
 Reference value :  2.85322e-06
 Reference value :  2.85379e-06
 Reference value :  2.85527e-06
 Reference value :  2.85575e-06
 Reference value :  2.85731e-06
 Reference value :  2.85886e-06
 Reference value :  2.85998e-06
 Reference value :  2.86087e-06
 Reference value :  2.86259e-06
 Reference value :  2.86338e-06
 Reference value :  2.86486e-06
 Reference value :  2.86645e-06
 Reference value :  2.86718e-06
 Reference value :  2.86848e-06
 Reference value :  2.87013e-06
 Reference value :  2.87053e-06
 Reference value :  2.87163e-06
 Reference value :  2.87185e-06
 Reference value :  2.87237e-06
 Reference value :  2.87392e-06
 Reference value :  2.87548e-06
 Reference value :  2.87631e-06
 Reference value :  2.87781e-06
 Reference value :  2.87937e-06
 Reference value :  2.87939e-06
 Reference value :  2.87991e-06
 Reference value :  2.88144e-06
 Reference value :  2.88205e-06
 Reference value :  2.88362e-06
 Reference value :  2.88531e-06
 Reference value :  2.88598e-06
 Reference value :  2.88617e-06
 Reference value :  2.88691e-06
 Reference value :  2.88823e-06
 Reference value :  2.88904e-06
 Reference value :  2.88971e-06
 Reference value :  2.89083e-06
 Reference value :  2.89258e-06
 Reference value :  2.89297e-06
 Reference value :  2.89440e-06
 Reference value :  2.89441e-06
 Reference value :  2.89492e-06
 Reference value :  2.89647e-06
 Reference value :  2.89711e-06
 Reference value :  2.89820e-06
 Reference value :  2.89821e-06
 Reference value :  2.89934e-06
 Reference value :  2.90024e-06
 Reference value :  2.90068e-06
 Reference value :  2.90112e-06
 Reference value :  2.90228e-06
 Reference value :  2.90335e-06
 Reference value :  2.90405e-06
 Reference value :  2.90443e-06
 Reference value :  2.90570e-06
 Reference value :  2.90621e-06
 Reference value :  2.90793e-06
 Reference value :  2.90875e-06
 Reference value :  2.91014e-06
 Reference value :  2.91181e-06
 Reference value :  2.91232e-06
 Reference value :  2.91390e-06
 Reference value :  2.91567e-06
 Reference value :  2.91679e-06
 Reference value :  2.91762e-06
 Reference value :  2.91866e-06
 Reference value :  2.91947e-06
 Reference value :  2.92008e-06
 Reference value :  2.92138e-06
 Reference value :  2.92310e-06
 Reference value :  2.92358e-06
 Reference value :  2.92516e-06
 Reference value :  2.92691e-06
 Reference value :  2.92754e-06
 Reference value :  2.92897e-06
 Reference value :  2.93021e-06
 Reference value :  2.93095e-06
 Reference value :  2.93171e-06
 Reference value :  2.93292e-06
 Reference value :  2.93486e-06
 Reference value :  2.93565e-06
 Reference value :  2.93669e-06
 Reference value :  2.93853e-06
 Reference value :  2.93922e-06
 Reference value :  2.94117e-06
 Reference value :  2.94260e-06
 Reference value :  2.94421e-06
 Reference value :  2.94423e-06
 Reference value :  2.94461e-06
 Reference value :  2.94636e-06
 Reference value :  2.94707e-06
 Reference value :  2.94830e-06
 Reference value :  2.94946e-06
 Reference value :  2.95023e-06
 Reference value :  2.95142e-06
 Reference value :  2.95203e-06
 Reference value :  2.95275e-06
 Reference value :  2.95425e-06
 Reference value :  2.95600e-06
 Reference value :  2.95682e-06
 Reference value :  2.95806e-06
 Reference value :  2.95887e-06
 Reference value :  2.96004e-06
 Reference value :  2.96118e-06
 Reference value :  2.96215e-06
 Reference value :  2.96285e-06
 Reference value :  2.96397e-06
 Reference value :  2.96515e-06
 Reference value :  2.96608e-06
 Reference value :  2.96713e-06
 Reference value :  2.96842e-06
 Reference value :  2.96993e-06
 Reference value :  2.97127e-06
 Reference value :  2.97197e-06
 Reference value :  2.97361e-06
 Reference value :  2.97403e-06
 Reference value :  2.97560e-06
 Reference value :  2.97645e-06
 Reference value :  2.97752e-06
 Reference value :  2.97826e-06
 Reference value :  2.97956e-06
 Reference value :  2.98114e-06
 Reference value :  2.98177e-06
 Reference value :  2.98325e-06
 Reference value :  2.98396e-06
 Reference value :  2.98516e-06
 Reference value :  2.98594e-06
 Reference value :  2.98721e-06
 Reference value :  2.98758e-06
 Reference value :  2.98892e-06
 Reference value :  2.98944e-06
 Reference value :  2.99068e-06
 Reference value :  2.99167e-06
 Reference value :  2.99299e-06
 Reference value :  2.99374e-06
 Reference value :  2.99419e-06
 Reference value :  2.99453e-06
 Reference value :  2.99529e-06
 Reference value :  2.99702e-06
 Reference value :  2.99731e-06
 Reference value :  2.99799e-06
 Reference value :  2.99912e-06
No. of Data Rows : 21077
sim/harness: analysis complete
Note: Simulation executed from .control section 

Error: 6.0896e+161, 2 out of range for ^
    in line b.xxxtop.xxlf.xr1.brbody

Note: Starting dynamic gmin stepping
Note: Dynamic gmin stepping completed
