
Note: Compatibility modes selected: hs a


Circuit: ** sch_path: /home/ubuntu/github/sky130-pll/sim/pll-lock/testbench/tb_pll_lock.sch

option SCALE: Scale is set to 1e-06 for instance and model parameters
option SCALE: Scale is set to 1e-06 for instance and model parameters
option SCALE: Scale is set to 1e-06 for instance and model parameters
option SCALE: Scale is set to 1e-06 for instance and model parameters
Doing analysis at TEMP = 27.000000 and TNOM = 27.000000

Using KLU as Direct Linear Solver
 Reference value :  0.00000e+00
 Reference value :  1.28246e-09
 Reference value :  4.38326e-09
 Reference value :  6.30000e-09
 Reference value :  9.70000e-09
 Reference value :  1.31000e-08
 Reference value :  1.81000e-08
 Reference value :  2.35000e-08
 Reference value :  2.93000e-08
 Reference value :  3.45000e-08
 Reference value :  4.01000e-08
 Reference value :  4.59000e-08
 Reference value :  5.00000e-08
 Reference value :  5.25753e-08
 Reference value :  5.65753e-08
 Reference value :  6.07753e-08
 Reference value :  6.47753e-08
 Reference value :  6.89753e-08
 Reference value :  7.39753e-08
 Reference value :  7.83753e-08
 Reference value :  8.33753e-08
 Reference value :  8.63753e-08
 Reference value :  9.13753e-08
 Reference value :  9.63753e-08
 Reference value :  1.00700e-07
 Reference value :  1.03870e-07
 Reference value :  1.08270e-07
 Reference value :  1.14070e-07
 Reference value :  1.19270e-07
 Reference value :  1.24870e-07
 Reference value :  1.30070e-07
 Reference value :  1.35870e-07
 Reference value :  1.41670e-07
 Reference value :  1.46870e-07
 Reference value :  1.50125e-07
 Reference value :  1.53565e-07
 Reference value :  1.57965e-07
 Reference value :  1.61965e-07
 Reference value :  1.66365e-07
 Reference value :  1.70965e-07
 Reference value :  1.75165e-07
 Reference value :  1.79365e-07
 Reference value :  1.83165e-07
 Reference value :  1.87365e-07
 Reference value :  1.91365e-07
 Reference value :  1.95765e-07
 Reference value :  1.99765e-07
 Reference value :  2.01870e-07
 Reference value :  2.06470e-07
 Reference value :  2.11670e-07
 Reference value :  2.17470e-07
 Reference value :  2.22470e-07
 Reference value :  2.26670e-07
 Reference value :  2.30470e-07
 Reference value :  2.33870e-07
 Reference value :  2.34670e-07
 Reference value :  2.35270e-07
 Reference value :  2.36070e-07
 Reference value :  2.40070e-07
 Reference value :  2.45070e-07
 Reference value :  2.49850e-07
 Reference value :  2.52165e-07
 Reference value :  2.56165e-07
 Reference value :  2.60565e-07
 Reference value :  2.64365e-07
 Reference value :  2.68565e-07
 Reference value :  2.72965e-07
 Reference value :  2.77165e-07
 Reference value :  2.81565e-07
 Reference value :  2.85565e-07
 Reference value :  2.89765e-07
 Reference value :  2.93765e-07
 Reference value :  2.98165e-07
 Reference value :  3.00850e-07
 Reference value :  3.04070e-07
 Reference value :  3.09270e-07
 Reference value :  3.14670e-07
 Reference value :  3.20470e-07
 Reference value :  3.25870e-07
 Reference value :  3.31670e-07
 Reference value :  3.36870e-07
 Reference value :  3.42670e-07
 Reference value :  3.48470e-07
 Reference value :  3.50274e-07
 Reference value :  3.54365e-07
 Reference value :  3.58165e-07
 Reference value :  3.62165e-07
 Reference value :  3.65965e-07
 Reference value :  3.70365e-07
 Reference value :  3.72765e-07
 Reference value :  3.75565e-07
 Reference value :  3.79765e-07
 Reference value :  3.83765e-07
 Reference value :  3.88165e-07
 Reference value :  3.92165e-07
 Reference value :  3.96565e-07
 Reference value :  4.00300e-07
 Reference value :  4.02870e-07
 Reference value :  4.07870e-07
 Reference value :  4.13070e-07
 Reference value :  4.18870e-07
 Reference value :  4.24270e-07
 Reference value :  4.29870e-07
 Reference value :  4.35670e-07
 Reference value :  4.41070e-07
 Reference value :  4.46670e-07
 Reference value :  4.50060e-07
 Reference value :  4.53165e-07
 Reference value :  4.57165e-07
 Reference value :  4.61365e-07
 Reference value :  4.65565e-07
 Reference value :  4.69565e-07
 Reference value :  4.73965e-07
 Reference value :  4.77965e-07
 Reference value :  4.82365e-07
 Reference value :  4.86365e-07
 Reference value :  4.90765e-07
 Reference value :  4.95165e-07
 Reference value :  4.99165e-07
 Reference value :  5.01270e-07
 Reference value :  5.05070e-07
 Reference value :  5.10670e-07
 Reference value :  5.16070e-07
 Reference value :  5.20870e-07
 Reference value :  5.26070e-07
 Reference value :  5.30670e-07
 Reference value :  5.36470e-07
 Reference value :  5.41670e-07
 Reference value :  5.47470e-07
 Reference value :  5.50195e-07
 Reference value :  5.54165e-07
 Reference value :  5.58565e-07
 Reference value :  5.62565e-07
 Reference value :  5.66965e-07
 Reference value :  5.71165e-07
 Reference value :  5.75365e-07
 Reference value :  5.78965e-07
 Reference value :  5.83165e-07
 Reference value :  5.87565e-07
 Reference value :  5.91565e-07
 Reference value :  5.95765e-07
 Reference value :  5.99765e-07
 Reference value :  6.01870e-07
 Reference value :  6.06070e-07
 Reference value :  6.11870e-07
 Reference value :  6.17670e-07
 Reference value :  6.22870e-07
 Reference value :  6.28670e-07
 Reference value :  6.33870e-07
 Reference value :  6.39670e-07
 Reference value :  6.44870e-07
 Reference value :  6.49850e-07
 Reference value :  6.52165e-07
 Reference value :  6.56165e-07
 Reference value :  6.60565e-07
 Reference value :  6.64365e-07
 Reference value :  6.68765e-07
 Reference value :  6.72965e-07
 Reference value :  6.77365e-07
 Reference value :  6.79965e-07
 Reference value :  6.83565e-07
 Reference value :  6.87965e-07
 Reference value :  6.91965e-07
 Reference value :  6.96365e-07
 Reference value :  7.00060e-07
 Reference value :  7.02670e-07
 Reference value :  7.07470e-07
 Reference value :  7.12870e-07
 Reference value :  7.18470e-07
 Reference value :  7.23670e-07
 Reference value :  7.29470e-07
 Reference value :  7.33070e-07
 Reference value :  7.38470e-07
 Reference value :  7.44270e-07
 Reference value :  7.49060e-07
 Reference value :  7.51365e-07
 Reference value :  7.55165e-07
 Reference value :  7.59565e-07
 Reference value :  7.63565e-07
 Reference value :  7.67965e-07
 Reference value :  7.72565e-07
 Reference value :  7.76565e-07
 Reference value :  7.80765e-07
 Reference value :  7.84765e-07
 Reference value :  7.88965e-07
 Reference value :  7.92965e-07
 Reference value :  7.97165e-07
 Reference value :  8.00500e-07
 Reference value :  8.03070e-07
 Reference value :  8.08070e-07
 Reference value :  8.13070e-07
 Reference value :  8.18870e-07
 Reference value :  8.24270e-07
 Reference value :  8.30070e-07
 Reference value :  8.35870e-07
 Reference value :  8.41070e-07
 Reference value :  8.46870e-07
 Reference value :  8.50125e-07
 Reference value :  8.53765e-07
 Reference value :  8.57765e-07
 Reference value :  8.62165e-07
 Reference value :  8.66565e-07
 Reference value :  8.70965e-07
 Reference value :  8.75365e-07
 Reference value :  8.77365e-07
 Reference value :  8.81565e-07
 Reference value :  8.85165e-07
 Reference value :  8.89565e-07
 Reference value :  8.93565e-07
 Reference value :  8.97765e-07
 Reference value :  9.00850e-07
 Reference value :  9.03670e-07
 Reference value :  9.08670e-07
 Reference value :  9.13670e-07
 Reference value :  9.19470e-07
 Reference value :  9.24870e-07
 Reference value :  9.30670e-07
 Reference value :  9.36270e-07
 Reference value :  9.41470e-07
 Reference value :  9.47070e-07
 Reference value :  9.50125e-07
 Reference value :  9.53765e-07
 Reference value :  9.57765e-07
 Reference value :  9.62165e-07
 Reference value :  9.66365e-07
 Reference value :  9.70565e-07
 Reference value :  9.74765e-07
 Reference value :  9.78765e-07
 Reference value :  9.81165e-07
 Reference value :  9.84365e-07
 Reference value :  9.88565e-07
 Reference value :  9.92565e-07
 Reference value :  9.96765e-07
 Reference value :  1.00030e-06
 Reference value :  1.00247e-06
 Reference value :  1.00707e-06
 Reference value :  1.01227e-06
 Reference value :  1.01807e-06
 Reference value :  1.02307e-06
 Reference value :  1.02867e-06
 Reference value :  1.03367e-06
 Reference value :  1.03867e-06
 Reference value :  1.04427e-06
 Reference value :  1.04902e-06
 Reference value :  1.05116e-06
 Reference value :  1.05496e-06
 Reference value :  1.05916e-06
 Reference value :  1.06336e-06
 Reference value :  1.06736e-06
 Reference value :  1.07176e-06
 Reference value :  1.07556e-06
 Reference value :  1.07976e-06
 Reference value :  1.08396e-06
 Reference value :  1.08816e-06
 Reference value :  1.09076e-06
 Reference value :  1.09516e-06
 Reference value :  1.09936e-06
 Reference value :  1.10114e-06
 Reference value :  1.10527e-06
 Reference value :  1.11047e-06
 Reference value :  1.11607e-06
 Reference value :  1.12127e-06
 Reference value :  1.12687e-06
 Reference value :  1.13247e-06
 Reference value :  1.13747e-06
 Reference value :  1.14327e-06
 Reference value :  1.14847e-06
 Reference value :  1.15027e-06
 Reference value :  1.15416e-06
 Reference value :  1.15836e-06
 Reference value :  1.16256e-06
 Reference value :  1.16656e-06
 Reference value :  1.17116e-06
 Reference value :  1.17496e-06
 Reference value :  1.17936e-06
 Reference value :  1.18316e-06
 Reference value :  1.18736e-06
 Reference value :  1.19176e-06
 Reference value :  1.19576e-06
 Reference value :  1.19988e-06
 Reference value :  1.20167e-06
 Reference value :  1.20607e-06
 Reference value :  1.21127e-06
 Reference value :  1.21627e-06
 Reference value :  1.22207e-06
 Reference value :  1.22707e-06
 Reference value :  1.23287e-06
 Reference value :  1.23807e-06
 Reference value :  1.24307e-06
 Reference value :  1.24807e-06
 Reference value :  1.25027e-06
 Reference value :  1.25416e-06
 Reference value :  1.25796e-06
 Reference value :  1.26236e-06
 Reference value :  1.26616e-06
 Reference value :  1.27056e-06
 Reference value :  1.27456e-06
 Reference value :  1.27876e-06
 Reference value :  1.28296e-06
 Reference value :  1.28676e-06
 Reference value :  1.29096e-06
 Reference value :  1.29476e-06
 Reference value :  1.29896e-06
 Reference value :  1.30114e-06
 Reference value :  1.30547e-06
 Reference value :  1.31087e-06
 Reference value :  1.31607e-06
 Reference value :  1.32087e-06
 Reference value :  1.32287e-06
 Reference value :  1.32847e-06
 Reference value :  1.33347e-06
 Reference value :  1.33907e-06
 Reference value :  1.34467e-06
 Reference value :  1.34906e-06
 Reference value :  1.35136e-06
 Reference value :  1.35516e-06
 Reference value :  1.35916e-06
 Reference value :  1.36316e-06
 Reference value :  1.36736e-06
 Reference value :  1.37196e-06
 Reference value :  1.37576e-06
 Reference value :  1.37996e-06
 Reference value :  1.38376e-06
 Reference value :  1.38816e-06
 Reference value :  1.39216e-06
 Reference value :  1.39636e-06
 Reference value :  1.40014e-06
 Reference value :  1.40267e-06
 Reference value :  1.40747e-06
 Reference value :  1.41267e-06
 Reference value :  1.41827e-06
 Reference value :  1.42367e-06
 Reference value :  1.42927e-06
 Reference value :  1.43487e-06
 Reference value :  1.44007e-06
 Reference value :  1.44287e-06
 Reference value :  1.44807e-06
 Reference value :  1.45027e-06
 Reference value :  1.45396e-06
 Reference value :  1.45816e-06
 Reference value :  1.46156e-06
 Reference value :  1.46516e-06
 Reference value :  1.46936e-06
 Reference value :  1.47356e-06
 Reference value :  1.47776e-06
 Reference value :  1.48136e-06
 Reference value :  1.48556e-06
 Reference value :  1.48936e-06
 Reference value :  1.49316e-06
 Reference value :  1.49736e-06
 Reference value :  1.50050e-06
 Reference value :  1.50327e-06
 Reference value :  1.50787e-06
 Reference value :  1.51347e-06
 Reference value :  1.51927e-06
 Reference value :  1.52427e-06
 Reference value :  1.52987e-06
 Reference value :  1.53487e-06
 Reference value :  1.54047e-06
 Reference value :  1.54567e-06
 Reference value :  1.54930e-06
 Reference value :  1.55012e-06
 Reference value :  1.55336e-06
 Reference value :  1.55756e-06
 Reference value :  1.55996e-06
 Reference value :  1.56236e-06
 Reference value :  1.56436e-06
 Reference value :  1.56656e-06
 Reference value :  1.56896e-06
 Reference value :  1.57176e-06
 Reference value :  1.57336e-06
 Reference value :  1.57656e-06
 Reference value :  1.57936e-06
 Reference value :  1.58116e-06
 Reference value :  1.58236e-06
 Reference value :  1.58516e-06
 Reference value :  1.58736e-06
 Reference value :  1.59036e-06
 Reference value :  1.59296e-06
 Reference value :  1.59536e-06
 Reference value :  1.59916e-06
 Reference value :  1.60106e-06
 Reference value :  1.60507e-06
 Reference value :  1.60987e-06
 Reference value :  1.61407e-06
 Reference value :  1.61707e-06
 Reference value :  1.62227e-06
 Reference value :  1.62807e-06
 Reference value :  1.63347e-06
 Reference value :  1.63927e-06
 Reference value :  1.64427e-06
 Reference value :  1.64902e-06
 Reference value :  1.65116e-06
 Reference value :  1.65376e-06
 Reference value :  1.65496e-06
 Reference value :  1.65856e-06
 Reference value :  1.66276e-06
 Reference value :  1.66656e-06
 Reference value :  1.67116e-06
 Reference value :  1.67496e-06
 Reference value :  1.67916e-06
 Reference value :  1.68196e-06
 Reference value :  1.68476e-06
 Reference value :  1.68856e-06
 Reference value :  1.69156e-06
 Reference value :  1.69596e-06
 Reference value :  1.69976e-06
 Reference value :  1.70167e-06
 Reference value :  1.70607e-06
 Reference value :  1.71007e-06
 Reference value :  1.71367e-06
 Reference value :  1.71867e-06
 Reference value :  1.72447e-06
 Reference value :  1.72967e-06
 Reference value :  1.73527e-06
 Reference value :  1.73727e-06
 Reference value :  1.73827e-06
 Reference value :  1.74387e-06
 Reference value :  1.74900e-06
 Reference value :  1.75076e-06
 Reference value :  1.75476e-06
 Reference value :  1.75896e-06
 Reference value :  1.76216e-06
 Reference value :  1.76416e-06
 Reference value :  1.76836e-06
 Reference value :  1.77256e-06
 Reference value :  1.77676e-06
 Reference value :  1.78076e-06
 Reference value :  1.78356e-06
 Reference value :  1.78536e-06
 Reference value :  1.78976e-06
 Reference value :  1.79416e-06
 Reference value :  1.79776e-06
 Reference value :  1.80085e-06
 Reference value :  1.80367e-06
 Reference value :  1.80867e-06
 Reference value :  1.81127e-06
 Reference value :  1.81687e-06
 Reference value :  1.82087e-06
 Reference value :  1.82427e-06
 Reference value :  1.82947e-06
 Reference value :  1.83467e-06
 Reference value :  1.84047e-06
 Reference value :  1.84527e-06
 Reference value :  1.84883e-06
 Reference value :  1.85019e-06
 Reference value :  1.85356e-06
 Reference value :  1.85776e-06
 Reference value :  1.86156e-06
 Reference value :  1.86396e-06
 Reference value :  1.86676e-06
 Reference value :  1.87136e-06
 Reference value :  1.87556e-06
 Reference value :  1.87956e-06
 Reference value :  1.88376e-06
 Reference value :  1.88776e-06
 Reference value :  1.89196e-06
 Reference value :  1.89456e-06
 Reference value :  1.89696e-06
 Reference value :  1.90030e-06
 Reference value :  1.90287e-06
 Reference value :  1.90747e-06
 Reference value :  1.91247e-06
 Reference value :  1.91607e-06
 Reference value :  1.91767e-06
 Reference value :  1.92187e-06
 Reference value :  1.92547e-06
 Reference value :  1.92907e-06
 Reference value :  1.93227e-06
 Reference value :  1.93527e-06
 Reference value :  1.93627e-06
 Reference value :  1.94007e-06
 Reference value :  1.94387e-06
 Reference value :  1.94767e-06
 Reference value :  1.95002e-06
 Reference value :  1.95056e-06
 Reference value :  1.95216e-06
 Reference value :  1.95436e-06
 Reference value :  1.95796e-06
 Reference value :  1.96076e-06
 Reference value :  1.96276e-06
 Reference value :  1.96396e-06
 Reference value :  1.96816e-06
 Reference value :  1.97236e-06
 Reference value :  1.97656e-06
 Reference value :  1.98076e-06
 Reference value :  1.98436e-06
 Reference value :  1.98876e-06
 Reference value :  1.99236e-06
 Reference value :  1.99656e-06
 Reference value :  1.99936e-06
 Reference value :  2.00147e-06
 Reference value :  2.00587e-06
 Reference value :  2.01107e-06
 Reference value :  2.01667e-06
 Reference value :  2.02067e-06
 Reference value :  2.02307e-06
 Reference value :  2.02607e-06
 Reference value :  2.03167e-06
 Reference value :  2.03747e-06
 Reference value :  2.04267e-06
 Reference value :  2.04827e-06
 Reference value :  2.05012e-06
 Reference value :  2.05116e-06
 Reference value :  2.05376e-06
 Reference value :  2.05816e-06
 Reference value :  2.06236e-06
 Reference value :  2.06656e-06
 Reference value :  2.07116e-06
 Reference value :  2.07516e-06
 Reference value :  2.07656e-06
 Reference value :  2.07916e-06
 Reference value :  2.08336e-06
 Reference value :  2.08736e-06
 Reference value :  2.09156e-06
 Reference value :  2.09576e-06
 Reference value :  2.09816e-06
 Reference value :  2.10002e-06
 Reference value :  2.10085e-06
 Reference value :  2.10407e-06
 Reference value :  2.10867e-06
 Reference value :  2.11447e-06
 Reference value :  2.11907e-06
 Reference value :  2.12227e-06
 Reference value :  2.12727e-06
 Reference value :  2.13287e-06
 Reference value :  2.13847e-06
 Reference value :  2.14347e-06
 Reference value :  2.14900e-06
 Reference value :  2.15012e-06
 Reference value :  2.15136e-06
 Reference value :  2.15496e-06
 Reference value :  2.15916e-06
 Reference value :  2.16276e-06
 Reference value :  2.16696e-06
 Reference value :  2.17156e-06
 Reference value :  2.17536e-06
 Reference value :  2.17716e-06
 Reference value :  2.17996e-06
 Reference value :  2.18416e-06
 Reference value :  2.18796e-06
 Reference value :  2.19236e-06
 Reference value :  2.19656e-06
 Reference value :  2.20006e-06
 Reference value :  2.20267e-06
 Reference value :  2.20567e-06
 Reference value :  2.20947e-06
 Reference value :  2.21207e-06
 Reference value :  2.21787e-06
 Reference value :  2.22307e-06
 Reference value :  2.22867e-06
 Reference value :  2.23427e-06
 Reference value :  2.23887e-06
 Reference value :  2.24267e-06
 Reference value :  2.24587e-06
 Reference value :  2.24902e-06
 Reference value :  2.25056e-06
 Reference value :  2.25496e-06
 Reference value :  2.25936e-06
 Reference value :  2.26336e-06
 Reference value :  2.26776e-06
 Reference value :  2.27196e-06
 Reference value :  2.27416e-06
 Reference value :  2.27676e-06
 Reference value :  2.28096e-06
 Reference value :  2.28516e-06
 Reference value :  2.28916e-06
 Reference value :  2.29316e-06
 Reference value :  2.29656e-06
 Reference value :  2.29796e-06
 Reference value :  2.30085e-06
 Reference value :  2.30407e-06
 Reference value :  2.30867e-06
 Reference value :  2.31427e-06
 Reference value :  2.31807e-06
 Reference value :  2.32087e-06
 Reference value :  2.32647e-06
 Reference value :  2.33147e-06
 Reference value :  2.33727e-06
 Reference value :  2.34307e-06
 Reference value :  2.34867e-06
 Reference value :  2.34970e-06
 Reference value :  2.35000e-06
 Reference value :  2.35256e-06
 Reference value :  2.35636e-06
 Reference value :  2.36036e-06
 Reference value :  2.36376e-06
 Reference value :  2.36716e-06
 Reference value :  2.36956e-06
 Reference value :  2.37376e-06
 Reference value :  2.37816e-06
 Reference value :  2.38196e-06
 Reference value :  2.38616e-06
 Reference value :  2.38996e-06
 Reference value :  2.39236e-06
 Reference value :  2.39616e-06
 Reference value :  2.39988e-06
 Reference value :  2.40207e-06
 Reference value :  2.40367e-06
 Reference value :  2.40867e-06
 Reference value :  2.41287e-06
 Reference value :  2.41707e-06
 Reference value :  2.41847e-06
 Reference value :  2.42427e-06
 Reference value :  2.43007e-06
 Reference value :  2.43527e-06
 Reference value :  2.44107e-06
 Reference value :  2.44527e-06
 Reference value :  2.44883e-06
 Reference value :  2.45056e-06
 Reference value :  2.45476e-06
 Reference value :  2.45916e-06
 Reference value :  2.46316e-06
 Reference value :  2.46556e-06
 Reference value :  2.46696e-06
 Reference value :  2.46836e-06
 Reference value :  2.46876e-06
 Reference value :  2.47176e-06
 Reference value :  2.47276e-06
 Reference value :  2.47596e-06
 Reference value :  2.47896e-06
 Reference value :  2.48096e-06
 Reference value :  2.48196e-06
 Reference value :  2.48476e-06
 Reference value :  2.48676e-06
 Reference value :  2.49116e-06
 Reference value :  2.49536e-06
 Reference value :  2.49936e-06
 Reference value :  2.50014e-06
 Reference value :  2.50147e-06
 Reference value :  2.50587e-06
 Reference value :  2.51087e-06
 Reference value :  2.51647e-06
 Reference value :  2.52207e-06
 Reference value :  2.52587e-06
 Reference value :  2.52907e-06
 Reference value :  2.53347e-06
 Reference value :  2.53927e-06
 Reference value :  2.54467e-06
 Reference value :  2.54950e-06
 Reference value :  2.55176e-06
 Reference value :  2.55556e-06
 Reference value :  2.55836e-06
 Reference value :  2.56076e-06
 Reference value :  2.56516e-06
 Reference value :  2.56916e-06
 Reference value :  2.57376e-06
 Reference value :  2.57716e-06
 Reference value :  2.57976e-06
 Reference value :  2.58416e-06
 Reference value :  2.58796e-06
 Reference value :  2.59236e-06
 Reference value :  2.59636e-06
 Reference value :  2.60002e-06
 Reference value :  2.60100e-06
 Reference value :  2.60327e-06
 Reference value :  2.60807e-06
 Reference value :  2.61327e-06
 Reference value :  2.61887e-06
 Reference value :  2.62327e-06
 Reference value :  2.62547e-06
 Reference value :  2.62747e-06
 Reference value :  2.63307e-06
 Reference value :  2.63867e-06
 Reference value :  2.64387e-06
 Reference value :  2.64906e-06
 Reference value :  2.65076e-06
 Reference value :  2.65416e-06
 Reference value :  2.65736e-06
 Reference value :  2.66076e-06
 Reference value :  2.66436e-06
 Reference value :  2.66856e-06
 Reference value :  2.67296e-06
 Reference value :  2.67536e-06
 Reference value :  2.67816e-06
 Reference value :  2.68216e-06
 Reference value :  2.68636e-06
 Reference value :  2.69056e-06
 Reference value :  2.69436e-06
 Reference value :  2.69756e-06
 Reference value :  2.69916e-06
 Reference value :  2.70127e-06
 Reference value :  2.70527e-06
 Reference value :  2.71087e-06
 Reference value :  2.71607e-06
 Reference value :  2.71987e-06
 Reference value :  2.72307e-06
 Reference value :  2.72807e-06
 Reference value :  2.73387e-06
 Reference value :  2.73927e-06
 Reference value :  2.74507e-06
 Reference value :  2.74970e-06
 Reference value :  2.75076e-06
 Reference value :  2.75316e-06
 Reference value :  2.75516e-06
 Reference value :  2.75936e-06
 Reference value :  2.76336e-06
 Reference value :  2.76776e-06
 Reference value :  2.77196e-06
 Reference value :  2.77556e-06
 Reference value :  2.77816e-06
 Reference value :  2.78136e-06
 Reference value :  2.78556e-06
 Reference value :  2.78936e-06
 Reference value :  2.79356e-06
 Reference value :  2.79756e-06
 Reference value :  2.80070e-06
 Reference value :  2.80267e-06
 Reference value :  2.80387e-06
 Reference value :  2.80607e-06
 Reference value :  2.81007e-06
 Reference value :  2.81407e-06
 Reference value :  2.81747e-06
 Reference value :  2.81907e-06
 Reference value :  2.82207e-06
 Reference value :  2.82627e-06
 Reference value :  2.83027e-06
 Reference value :  2.83467e-06
 Reference value :  2.83907e-06
 Reference value :  2.84247e-06
 Reference value :  2.84487e-06
 Reference value :  2.84787e-06
 Reference value :  2.85012e-06
 Reference value :  2.85316e-06
 Reference value :  2.85756e-06
 Reference value :  2.86136e-06
 Reference value :  2.86476e-06
 Reference value :  2.86776e-06
 Reference value :  2.87176e-06
 Reference value :  2.87596e-06
 Reference value :  2.87976e-06
 Reference value :  2.88416e-06
 Reference value :  2.88796e-06
 Reference value :  2.89096e-06
 Reference value :  2.89256e-06
 Reference value :  2.89376e-06
 Reference value :  2.89816e-06
 Reference value :  2.90085e-06
 Reference value :  2.90427e-06
 Reference value :  2.90867e-06
 Reference value :  2.91367e-06
 Reference value :  2.91507e-06
 Reference value :  2.92067e-06
 Reference value :  2.92647e-06
 Reference value :  2.93147e-06
 Reference value :  2.93707e-06
 Reference value :  2.94127e-06
 Reference value :  2.94567e-06
 Reference value :  2.94883e-06
 Reference value :  2.95006e-06
 Reference value :  2.95276e-06
 Reference value :  2.95636e-06
 Reference value :  2.96056e-06
 Reference value :  2.96416e-06
 Reference value :  2.96656e-06
 Reference value :  2.96896e-06
 Reference value :  2.97316e-06
 Reference value :  2.97716e-06
 Reference value :  2.98136e-06
 Reference value :  2.98556e-06
 Reference value :  2.98936e-06
 Reference value :  2.99116e-06
 Reference value :  2.99276e-06
 Reference value :  2.99376e-06
 Reference value :  2.99436e-06
 Reference value :  2.99616e-06
 Reference value :  2.99836e-06
No. of Data Rows : 15433
sim/harness: analysis complete
Note: Simulation executed from .control section 
Warning: singular matrix:  check node xxxtop.xxdiv.xcnt5.a_761_289#

Note: Starting dynamic gmin stepping
Note: Dynamic gmin stepping completed
