
Note: Compatibility modes selected: hs a


Circuit: ** sch_path: /home/ubuntu/github/sky130-pll/sim/pll-lock/testbench/tb_pll_lock.sch

option SCALE: Scale is set to 1e-06 for instance and model parameters
option SCALE: Scale is set to 1e-06 for instance and model parameters
option SCALE: Scale is set to 1e-06 for instance and model parameters
option SCALE: Scale is set to 1e-06 for instance and model parameters
Doing analysis at TEMP = 27.000000 and TNOM = 27.000000

Using KLU as Direct Linear Solver
 Reference value :  0.00000e+00
 Reference value :  1.00000e-09
 Reference value :  2.78657e-09
 Reference value :  6.00000e-09
 Reference value :  8.90000e-09
 Reference value :  1.29000e-08
 Reference value :  1.85000e-08
 Reference value :  2.37000e-08
 Reference value :  2.79000e-08
 Reference value :  3.31000e-08
 Reference value :  3.89000e-08
 Reference value :  4.43000e-08
 Reference value :  4.93000e-08
 Reference value :  5.21676e-08
 Reference value :  5.61676e-08
 Reference value :  6.05676e-08
 Reference value :  6.45676e-08
 Reference value :  6.87676e-08
 Reference value :  7.31676e-08
 Reference value :  7.85676e-08
 Reference value :  8.43676e-08
 Reference value :  8.95676e-08
 Reference value :  9.31676e-08
 Reference value :  9.55676e-08
 Reference value :  1.00500e-07
 Reference value :  1.02396e-07
 Reference value :  1.07996e-07
 Reference value :  1.13796e-07
 Reference value :  1.19196e-07
 Reference value :  1.24796e-07
 Reference value :  1.30196e-07
 Reference value :  1.35996e-07
 Reference value :  1.41396e-07
 Reference value :  1.47196e-07
 Reference value :  1.50252e-07
 Reference value :  1.54167e-07
 Reference value :  1.58567e-07
 Reference value :  1.62567e-07
 Reference value :  1.66967e-07
 Reference value :  1.70767e-07
 Reference value :  1.75767e-07
 Reference value :  1.81567e-07
 Reference value :  1.86767e-07
 Reference value :  1.92367e-07
 Reference value :  1.97567e-07
 Reference value :  2.01000e-07
 Reference value :  2.04179e-07
 Reference value :  2.09179e-07
 Reference value :  2.14179e-07
 Reference value :  2.19579e-07
 Reference value :  2.25379e-07
 Reference value :  2.30779e-07
 Reference value :  2.36579e-07
 Reference value :  2.41979e-07
 Reference value :  2.47779e-07
 Reference value :  2.50566e-07
 Reference value :  2.54766e-07
 Reference value :  2.59166e-07
 Reference value :  2.63166e-07
 Reference value :  2.67566e-07
 Reference value :  2.71566e-07
 Reference value :  2.76566e-07
 Reference value :  2.82366e-07
 Reference value :  2.88166e-07
 Reference value :  2.93566e-07
 Reference value :  2.98766e-07
 Reference value :  3.01234e-07
 Reference value :  3.04979e-07
 Reference value :  3.10179e-07
 Reference value :  3.15179e-07
 Reference value :  3.20779e-07
 Reference value :  3.26379e-07
 Reference value :  3.31579e-07
 Reference value :  3.37379e-07
 Reference value :  3.42779e-07
 Reference value :  3.48579e-07
 Reference value :  3.50766e-07
 Reference value :  3.54966e-07
 Reference value :  3.59366e-07
 Reference value :  3.63366e-07
 Reference value :  3.66766e-07
 Reference value :  3.67366e-07
 Reference value :  3.71766e-07
 Reference value :  3.76366e-07
 Reference value :  3.82166e-07
 Reference value :  3.87966e-07
 Reference value :  3.93766e-07
 Reference value :  3.99566e-07
 Reference value :  4.01379e-07
 Reference value :  4.05779e-07
 Reference value :  4.10379e-07
 Reference value :  4.16179e-07
 Reference value :  4.20979e-07
 Reference value :  4.26579e-07
 Reference value :  4.32179e-07
 Reference value :  4.37779e-07
 Reference value :  4.43379e-07
 Reference value :  4.48579e-07
 Reference value :  4.51166e-07
 Reference value :  4.55166e-07
 Reference value :  4.59366e-07
 Reference value :  4.63766e-07
 Reference value :  4.67766e-07
 Reference value :  4.72366e-07
 Reference value :  4.76966e-07
 Reference value :  4.82766e-07
 Reference value :  4.88166e-07
 Reference value :  4.93966e-07
 Reference value :  4.99766e-07
 Reference value :  5.01579e-07
 Reference value :  5.05979e-07
 Reference value :  5.10379e-07
 Reference value :  5.15979e-07
 Reference value :  5.20379e-07
 Reference value :  5.26179e-07
 Reference value :  5.31979e-07
 Reference value :  5.36979e-07
 Reference value :  5.42579e-07
 Reference value :  5.47579e-07
 Reference value :  5.50366e-07
 Reference value :  5.54566e-07
 Reference value :  5.58766e-07
 Reference value :  5.63166e-07
 Reference value :  5.67166e-07
 Reference value :  5.71366e-07
 Reference value :  5.75966e-07
 Reference value :  5.81766e-07
 Reference value :  5.87366e-07
 Reference value :  5.92566e-07
 Reference value :  5.96566e-07
 Reference value :  6.00700e-07
 Reference value :  6.03579e-07
 Reference value :  6.08179e-07
 Reference value :  6.13179e-07
 Reference value :  6.18179e-07
 Reference value :  6.21579e-07
 Reference value :  6.24779e-07
 Reference value :  6.28579e-07
 Reference value :  6.33179e-07
 Reference value :  6.37579e-07
 Reference value :  6.41979e-07
 Reference value :  6.45779e-07
 Reference value :  6.48379e-07
 Reference value :  6.50000e-07
 Reference value :  6.51766e-07
 Reference value :  6.54566e-07
 Reference value :  6.57966e-07
 Reference value :  6.60966e-07
 Reference value :  6.63766e-07
 Reference value :  6.66566e-07
 Reference value :  6.68566e-07
 Reference value :  6.72366e-07
 Reference value :  6.77366e-07
 Reference value :  6.83166e-07
 Reference value :  6.87966e-07
 Reference value :  6.92966e-07
 Reference value :  6.97966e-07
 Reference value :  7.01017e-07
 Reference value :  7.04579e-07
 Reference value :  7.08579e-07
 Reference value :  7.12179e-07
 Reference value :  7.15979e-07
 Reference value :  7.21579e-07
 Reference value :  7.26579e-07
 Reference value :  7.32179e-07
 Reference value :  7.37379e-07
 Reference value :  7.42979e-07
 Reference value :  7.48579e-07
 Reference value :  7.50966e-07
 Reference value :  7.55166e-07
 Reference value :  7.58766e-07
 Reference value :  7.62966e-07
 Reference value :  7.66766e-07
 Reference value :  7.70966e-07
 Reference value :  7.75766e-07
 Reference value :  7.80766e-07
 Reference value :  7.86366e-07
 Reference value :  7.91566e-07
 Reference value :  7.97166e-07
 Reference value :  8.00700e-07
 Reference value :  8.03579e-07
 Reference value :  8.08379e-07
 Reference value :  8.13179e-07
 Reference value :  8.18779e-07
 Reference value :  8.23979e-07
 Reference value :  8.29379e-07
 Reference value :  8.34179e-07
 Reference value :  8.39779e-07
 Reference value :  8.45379e-07
 Reference value :  8.49850e-07
 Reference value :  8.52966e-07
 Reference value :  8.56766e-07
 Reference value :  8.60966e-07
 Reference value :  8.64766e-07
 Reference value :  8.69166e-07
 Reference value :  8.73366e-07
 Reference value :  8.78766e-07
 Reference value :  8.84366e-07
 Reference value :  8.89566e-07
 Reference value :  8.95166e-07
 Reference value :  9.00000e-07
 Reference value :  9.01979e-07
 Reference value :  9.05779e-07
 Reference value :  9.10579e-07
 Reference value :  9.16179e-07
 Reference value :  9.21579e-07
 Reference value :  9.27179e-07
 Reference value :  9.32579e-07
 Reference value :  9.37979e-07
 Reference value :  9.40179e-07
 Reference value :  9.45779e-07
 Reference value :  9.50000e-07
 Reference value :  9.52966e-07
 Reference value :  9.56766e-07
 Reference value :  9.60566e-07
 Reference value :  9.64766e-07
 Reference value :  9.68566e-07
 Reference value :  9.72966e-07
 Reference value :  9.78366e-07
 Reference value :  9.83566e-07
 Reference value :  9.88966e-07
 Reference value :  9.94166e-07
 Reference value :  9.99766e-07
 Reference value :  1.00158e-06
 Reference value :  1.00578e-06
 Reference value :  1.01058e-06
 Reference value :  1.01558e-06
 Reference value :  1.02118e-06
 Reference value :  1.02638e-06
 Reference value :  1.03198e-06
 Reference value :  1.03698e-06
 Reference value :  1.04018e-06
 Reference value :  1.04478e-06
 Reference value :  1.04930e-06
 Reference value :  1.05217e-06
 Reference value :  1.05577e-06
 Reference value :  1.05937e-06
 Reference value :  1.06317e-06
 Reference value :  1.06737e-06
 Reference value :  1.07137e-06
 Reference value :  1.07337e-06
 Reference value :  1.07597e-06
 Reference value :  1.08037e-06
 Reference value :  1.08417e-06
 Reference value :  1.08677e-06
 Reference value :  1.09077e-06
 Reference value :  1.09477e-06
 Reference value :  1.09877e-06
 Reference value :  1.10085e-06
 Reference value :  1.10298e-06
 Reference value :  1.10618e-06
 Reference value :  1.10878e-06
 Reference value :  1.11198e-06
 Reference value :  1.11498e-06
 Reference value :  1.11838e-06
 Reference value :  1.12398e-06
 Reference value :  1.12978e-06
 Reference value :  1.13498e-06
 Reference value :  1.14058e-06
 Reference value :  1.14598e-06
 Reference value :  1.15000e-06
 Reference value :  1.15337e-06
 Reference value :  1.15757e-06
 Reference value :  1.16197e-06
 Reference value :  1.16597e-06
 Reference value :  1.17017e-06
 Reference value :  1.17457e-06
 Reference value :  1.18017e-06
 Reference value :  1.18557e-06
 Reference value :  1.19137e-06
 Reference value :  1.19717e-06
 Reference value :  1.20085e-06
 Reference value :  1.20418e-06
 Reference value :  1.20818e-06
 Reference value :  1.21118e-06
 Reference value :  1.21618e-06
 Reference value :  1.22118e-06
 Reference value :  1.22618e-06
 Reference value :  1.23178e-06
 Reference value :  1.23738e-06
 Reference value :  1.24238e-06
 Reference value :  1.24798e-06
 Reference value :  1.25025e-06
 Reference value :  1.25437e-06
 Reference value :  1.25817e-06
 Reference value :  1.26237e-06
 Reference value :  1.26657e-06
 Reference value :  1.27037e-06
 Reference value :  1.27497e-06
 Reference value :  1.28017e-06
 Reference value :  1.28517e-06
 Reference value :  1.29017e-06
 Reference value :  1.29577e-06
 Reference value :  1.30050e-06
 Reference value :  1.30258e-06
 Reference value :  1.30718e-06
 Reference value :  1.31158e-06
 Reference value :  1.31718e-06
 Reference value :  1.32218e-06
 Reference value :  1.32758e-06
 Reference value :  1.33318e-06
 Reference value :  1.33818e-06
 Reference value :  1.34378e-06
 Reference value :  1.34889e-06
 Reference value :  1.35137e-06
 Reference value :  1.35377e-06
 Reference value :  1.35777e-06
 Reference value :  1.36177e-06
 Reference value :  1.36617e-06
 Reference value :  1.37037e-06
 Reference value :  1.37457e-06
 Reference value :  1.38017e-06
 Reference value :  1.38537e-06
 Reference value :  1.39057e-06
 Reference value :  1.39477e-06
 Reference value :  1.40002e-06
 Reference value :  1.40198e-06
 Reference value :  1.40578e-06
 Reference value :  1.41058e-06
 Reference value :  1.41538e-06
 Reference value :  1.42098e-06
 Reference value :  1.42638e-06
 Reference value :  1.43198e-06
 Reference value :  1.43738e-06
 Reference value :  1.44238e-06
 Reference value :  1.44798e-06
 Reference value :  1.45025e-06
 Reference value :  1.45437e-06
 Reference value :  1.45817e-06
 Reference value :  1.46237e-06
 Reference value :  1.46657e-06
 Reference value :  1.47037e-06
 Reference value :  1.47497e-06
 Reference value :  1.48017e-06
 Reference value :  1.48597e-06
 Reference value :  1.49157e-06
 Reference value :  1.49717e-06
 Reference value :  1.50085e-06
 Reference value :  1.50358e-06
 Reference value :  1.50838e-06
 Reference value :  1.51258e-06
 Reference value :  1.51818e-06
 Reference value :  1.52338e-06
 Reference value :  1.52898e-06
 Reference value :  1.53458e-06
 Reference value :  1.53958e-06
 Reference value :  1.54498e-06
 Reference value :  1.54902e-06
 Reference value :  1.55000e-06
 Reference value :  1.55297e-06
 Reference value :  1.55717e-06
 Reference value :  1.56137e-06
 Reference value :  1.56517e-06
 Reference value :  1.56937e-06
 Reference value :  1.57357e-06
 Reference value :  1.57897e-06
 Reference value :  1.58417e-06
 Reference value :  1.58977e-06
 Reference value :  1.59537e-06
 Reference value :  1.59977e-06
 Reference value :  1.60178e-06
 Reference value :  1.60558e-06
 Reference value :  1.61058e-06
 Reference value :  1.61558e-06
 Reference value :  1.62098e-06
 Reference value :  1.62658e-06
 Reference value :  1.63198e-06
 Reference value :  1.63738e-06
 Reference value :  1.64298e-06
 Reference value :  1.64858e-06
 Reference value :  1.65057e-06
 Reference value :  1.65477e-06
 Reference value :  1.65897e-06
 Reference value :  1.66277e-06
 Reference value :  1.66697e-06
 Reference value :  1.67097e-06
 Reference value :  1.67577e-06
 Reference value :  1.68097e-06
 Reference value :  1.68657e-06
 Reference value :  1.69217e-06
 Reference value :  1.69717e-06
 Reference value :  1.70085e-06
 Reference value :  1.70378e-06
 Reference value :  1.70858e-06
 Reference value :  1.71278e-06
 Reference value :  1.71538e-06
 Reference value :  1.72098e-06
 Reference value :  1.72618e-06
 Reference value :  1.73198e-06
 Reference value :  1.73718e-06
 Reference value :  1.74218e-06
 Reference value :  1.74298e-06
 Reference value :  1.74358e-06
 Reference value :  1.74418e-06
 Reference value :  1.74478e-06
 Reference value :  1.74930e-06
 Reference value :  1.75177e-06
 Reference value :  1.75597e-06
 Reference value :  1.75977e-06
 Reference value :  1.76397e-06
 Reference value :  1.76777e-06
 Reference value :  1.77217e-06
 Reference value :  1.77717e-06
 Reference value :  1.78237e-06
 Reference value :  1.78797e-06
 Reference value :  1.79317e-06
 Reference value :  1.79817e-06
 Reference value :  1.80100e-06
 Reference value :  1.80438e-06
 Reference value :  1.80938e-06
 Reference value :  1.81378e-06
 Reference value :  1.81938e-06
 Reference value :  1.82478e-06
 Reference value :  1.83038e-06
 Reference value :  1.83558e-06
 Reference value :  1.84118e-06
 Reference value :  1.84658e-06
 Reference value :  1.85000e-06
 Reference value :  1.85337e-06
 Reference value :  1.85737e-06
 Reference value :  1.86177e-06
 Reference value :  1.86557e-06
 Reference value :  1.86857e-06
 Reference value :  1.87297e-06
 Reference value :  1.87757e-06
 Reference value :  1.88317e-06
 Reference value :  1.88837e-06
 Reference value :  1.89397e-06
 Reference value :  1.89917e-06
 Reference value :  1.90138e-06
 Reference value :  1.90558e-06
 Reference value :  1.91018e-06
 Reference value :  1.91558e-06
 Reference value :  1.92078e-06
 Reference value :  1.92658e-06
 Reference value :  1.93158e-06
 Reference value :  1.93718e-06
 Reference value :  1.94278e-06
 Reference value :  1.94798e-06
 Reference value :  1.95057e-06
 Reference value :  1.95417e-06
 Reference value :  1.95857e-06
 Reference value :  1.96257e-06
 Reference value :  1.96677e-06
 Reference value :  1.97097e-06
 Reference value :  1.97517e-06
 Reference value :  1.98097e-06
 Reference value :  1.98617e-06
 Reference value :  1.99197e-06
 Reference value :  1.99757e-06
 Reference value :  2.00100e-06
 Reference value :  2.00438e-06
 Reference value :  2.00898e-06
 Reference value :  2.01398e-06
 Reference value :  2.01898e-06
 Reference value :  2.02458e-06
 Reference value :  2.02978e-06
 Reference value :  2.03538e-06
 Reference value :  2.04118e-06
 Reference value :  2.04618e-06
 Reference value :  2.05002e-06
 Reference value :  2.05317e-06
 Reference value :  2.05737e-06
 Reference value :  2.06037e-06
 Reference value :  2.06357e-06
 Reference value :  2.06777e-06
 Reference value :  2.07177e-06
 Reference value :  2.07697e-06
 Reference value :  2.08197e-06
 Reference value :  2.08777e-06
 Reference value :  2.09297e-06
 Reference value :  2.09857e-06
 Reference value :  2.10112e-06
 Reference value :  2.10478e-06
 Reference value :  2.10978e-06
 Reference value :  2.11418e-06
 Reference value :  2.11998e-06
 Reference value :  2.12518e-06
 Reference value :  2.13078e-06
 Reference value :  2.13638e-06
 Reference value :  2.14158e-06
 Reference value :  2.14738e-06
 Reference value :  2.15014e-06
 Reference value :  2.15417e-06
 Reference value :  2.15817e-06
 Reference value :  2.16237e-06
 Reference value :  2.16657e-06
 Reference value :  2.17077e-06
 Reference value :  2.17557e-06
 Reference value :  2.18077e-06
 Reference value :  2.18637e-06
 Reference value :  2.19157e-06
 Reference value :  2.19737e-06
 Reference value :  2.20085e-06
 Reference value :  2.20398e-06
 Reference value :  2.20878e-06
 Reference value :  2.21278e-06
 Reference value :  2.21838e-06
 Reference value :  2.22378e-06
 Reference value :  2.22898e-06
 Reference value :  2.23438e-06
 Reference value :  2.23998e-06
 Reference value :  2.24558e-06
 Reference value :  2.24985e-06
 Reference value :  2.25297e-06
 Reference value :  2.25657e-06
 Reference value :  2.26077e-06
 Reference value :  2.26497e-06
 Reference value :  2.26917e-06
 Reference value :  2.27357e-06
 Reference value :  2.27817e-06
 Reference value :  2.28397e-06
 Reference value :  2.28897e-06
 Reference value :  2.29477e-06
 Reference value :  2.30002e-06
 Reference value :  2.30218e-06
 Reference value :  2.30658e-06
 Reference value :  2.31098e-06
 Reference value :  2.31678e-06
 Reference value :  2.32178e-06
 Reference value :  2.32758e-06
 Reference value :  2.33278e-06
 Reference value :  2.33858e-06
 Reference value :  2.34358e-06
 Reference value :  2.34889e-06
 Reference value :  2.35137e-06
 Reference value :  2.35537e-06
 Reference value :  2.35957e-06
 Reference value :  2.36357e-06
 Reference value :  2.36777e-06
 Reference value :  2.37217e-06
 Reference value :  2.37677e-06
 Reference value :  2.38237e-06
 Reference value :  2.38757e-06
 Reference value :  2.39097e-06
 Reference value :  2.39537e-06
 Reference value :  2.40030e-06
 Reference value :  2.40298e-06
 Reference value :  2.40778e-06
 Reference value :  2.41278e-06
 Reference value :  2.41798e-06
 Reference value :  2.42358e-06
 Reference value :  2.42878e-06
 Reference value :  2.43438e-06
 Reference value :  2.43998e-06
 Reference value :  2.44558e-06
 Reference value :  2.45000e-06
 Reference value :  2.45297e-06
 Reference value :  2.45737e-06
 Reference value :  2.46117e-06
 Reference value :  2.46537e-06
 Reference value :  2.46937e-06
 Reference value :  2.47397e-06
 Reference value :  2.47937e-06
 Reference value :  2.48457e-06
 Reference value :  2.48997e-06
 Reference value :  2.49517e-06
 Reference value :  2.50014e-06
 Reference value :  2.50238e-06
 Reference value :  2.50678e-06
 Reference value :  2.51158e-06
 Reference value :  2.51678e-06
 Reference value :  2.52258e-06
 Reference value :  2.52758e-06
 Reference value :  2.53318e-06
 Reference value :  2.53838e-06
 Reference value :  2.54378e-06
 Reference value :  2.54902e-06
 Reference value :  2.55137e-06
 Reference value :  2.55557e-06
 Reference value :  2.55857e-06
 Reference value :  2.56277e-06
 Reference value :  2.56677e-06
 Reference value :  2.57077e-06
 Reference value :  2.57457e-06
 Reference value :  2.57957e-06
 Reference value :  2.58517e-06
 Reference value :  2.59037e-06
 Reference value :  2.59597e-06
 Reference value :  2.60006e-06
 Reference value :  2.60258e-06
 Reference value :  2.60718e-06
 Reference value :  2.61158e-06
 Reference value :  2.61738e-06
 Reference value :  2.62238e-06
 Reference value :  2.62818e-06
 Reference value :  2.63378e-06
 Reference value :  2.63958e-06
 Reference value :  2.64538e-06
 Reference value :  2.64970e-06
 Reference value :  2.65277e-06
 Reference value :  2.65617e-06
 Reference value :  2.65797e-06
 Reference value :  2.66017e-06
 Reference value :  2.66457e-06
 Reference value :  2.66857e-06
 Reference value :  2.67297e-06
 Reference value :  2.67837e-06
 Reference value :  2.68337e-06
 Reference value :  2.68537e-06
 Reference value :  2.68937e-06
 Reference value :  2.69477e-06
 Reference value :  2.69977e-06
 Reference value :  2.70178e-06
 Reference value :  2.70598e-06
 Reference value :  2.71058e-06
 Reference value :  2.71478e-06
 Reference value :  2.71778e-06
 Reference value :  2.72338e-06
 Reference value :  2.72858e-06
 Reference value :  2.73438e-06
 Reference value :  2.73958e-06
 Reference value :  2.74538e-06
 Reference value :  2.74930e-06
 Reference value :  2.75025e-06
 Reference value :  2.75217e-06
 Reference value :  2.75617e-06
 Reference value :  2.76057e-06
 Reference value :  2.76457e-06
 Reference value :  2.76877e-06
 Reference value :  2.77317e-06
 Reference value :  2.77757e-06
 Reference value :  2.78257e-06
 Reference value :  2.78437e-06
 Reference value :  2.78957e-06
 Reference value :  2.79417e-06
 Reference value :  2.79988e-06
 Reference value :  2.80198e-06
 Reference value :  2.80598e-06
 Reference value :  2.81098e-06
 Reference value :  2.81598e-06
 Reference value :  2.81798e-06
 Reference value :  2.82018e-06
 Reference value :  2.82578e-06
 Reference value :  2.83138e-06
 Reference value :  2.83658e-06
 Reference value :  2.84218e-06
 Reference value :  2.84738e-06
 Reference value :  2.84950e-06
 Reference value :  2.85002e-06
 Reference value :  2.85097e-06
 Reference value :  2.85477e-06
 Reference value :  2.85917e-06
 Reference value :  2.86197e-06
 Reference value :  2.86457e-06
 Reference value :  2.86857e-06
 Reference value :  2.87197e-06
 Reference value :  2.87577e-06
 Reference value :  2.87877e-06
 Reference value :  2.88137e-06
 Reference value :  2.88317e-06
 Reference value :  2.88637e-06
 Reference value :  2.89057e-06
 Reference value :  2.89337e-06
 Reference value :  2.89597e-06
 Reference value :  2.89897e-06
 Reference value :  2.90105e-06
 Reference value :  2.90438e-06
 Reference value :  2.90758e-06
 Reference value :  2.91238e-06
 Reference value :  2.91778e-06
 Reference value :  2.92338e-06
 Reference value :  2.92878e-06
 Reference value :  2.93438e-06
 Reference value :  2.93958e-06
 Reference value :  2.94518e-06
 Reference value :  2.94970e-06
 Reference value :  2.95025e-06
 Reference value :  2.95437e-06
 Reference value :  2.95797e-06
 Reference value :  2.96217e-06
 Reference value :  2.96597e-06
 Reference value :  2.96757e-06
 Reference value :  2.96897e-06
 Reference value :  2.97337e-06
 Reference value :  2.97857e-06
 Reference value :  2.98357e-06
 Reference value :  2.98917e-06
 Reference value :  2.99137e-06
 Reference value :  2.99537e-06
No. of Data Rows : 15436
sim/harness: analysis complete
Note: Simulation executed from .control section 
Warning: singular matrix:  check node xxxtop.xxdiv.xcnt5.a_761_289#

Note: Starting dynamic gmin stepping
Note: Dynamic gmin stepping completed
