
Note: Compatibility modes selected: hs a


Circuit: ** sch_path: /users/rwalters/github/sky130-pll/.loom/worktrees/issue-131/sim/divider-n63/testbench/tb_divider_n63.sch

option SCALE: Scale is set to 1e-06 for instance and model parameters
option SCALE: Scale is set to 1e-06 for instance and model parameters
option SCALE: Scale is set to 1e-06 for instance and model parameters
option SCALE: Scale is set to 1e-06 for instance and model parameters
Doing analysis at TEMP = 125.000000 and TNOM = 27.000000

Using KLU as Direct Linear Solver
 Reference value :  0.00000e+00
 Reference value :  1.02290e-09
 Reference value :  2.22762e-09
 Reference value :  3.90762e-09
 Reference value :  5.00000e-09
 Reference value :  6.18763e-09
 Reference value :  7.86763e-09
 Reference value :  8.94763e-09
 Reference value :  1.01876e-08
 Reference value :  1.17876e-08
 Reference value :  1.27876e-08
 Reference value :  1.40081e-08
 Reference value :  1.51876e-08
 Reference value :  1.63476e-08
 Reference value :  1.77476e-08
 Reference value :  1.87876e-08
 Reference value :  2.00396e-08
 Reference value :  2.11476e-08
 Reference value :  2.23476e-08
 Reference value :  2.40081e-08
 Reference value :  2.52676e-08
 Reference value :  2.64676e-08
 Reference value :  2.80013e-08
 Reference value :  2.90676e-08
 Reference value :  3.02276e-08
 Reference value :  3.18676e-08
 Reference value :  3.28676e-08
 Reference value :  3.40151e-08
 Reference value :  3.54676e-08
 Reference value :  3.65876e-08
 Reference value :  3.80125e-08
 Reference value :  3.93476e-08
 Reference value :  4.04676e-08
 Reference value :  4.17476e-08
 Reference value :  4.29476e-08
 Reference value :  4.41476e-08
 Reference value :  4.55876e-08
 Reference value :  4.67476e-08
 Reference value :  4.80676e-08
 Reference value :  4.95076e-08
 Reference value :  5.04676e-08
 Reference value :  5.20038e-08
 Reference value :  5.31076e-08
 Reference value :  5.45076e-08
 Reference value :  5.60125e-08
 Reference value :  5.70676e-08
 Reference value :  5.82676e-08
 Reference value :  5.99476e-08
 Reference value :  6.09876e-08
 Reference value :  6.25876e-08
 Reference value :  6.40186e-08
 Reference value :  6.51476e-08
 Reference value :  6.62276e-08
 Reference value :  6.79076e-08
 Reference value :  6.89476e-08
 Reference value :  7.01876e-08
 Reference value :  7.17076e-08
 Reference value :  7.27461e-08
 Reference value :  7.40134e-08
 Reference value :  7.54276e-08
 Reference value :  7.66276e-08
 Reference value :  7.80081e-08
 Reference value :  7.92676e-08
 Reference value :  8.04676e-08
 Reference value :  8.16676e-08
 Reference value :  8.27476e-08
 Reference value :  8.40253e-08
 Reference value :  8.53461e-08
 Reference value :  8.65076e-08
 Reference value :  8.80038e-08
 Reference value :  8.89076e-08
 Reference value :  9.00396e-08
 Reference value :  9.15076e-08
 Reference value :  9.25076e-08
 Reference value :  9.40000e-08
 Reference value :  9.51476e-08
 Reference value :  9.63876e-08
 Reference value :  9.76276e-08
 Reference value :  9.87876e-08
 Reference value :  1.00040e-07
 Reference value :  1.01348e-07
 Reference value :  1.02468e-07
 Reference value :  1.04000e-07
 Reference value :  1.04868e-07
 Reference value :  1.06015e-07
 Reference value :  1.07468e-07
 Reference value :  1.08508e-07
 Reference value :  1.10001e-07
 Reference value :  1.11268e-07
 Reference value :  1.12386e-07
 Reference value :  1.13666e-07
 Reference value :  1.14868e-07
 Reference value :  1.16068e-07
 Reference value :  1.17428e-07
 Reference value :  1.18788e-07
 Reference value :  1.20068e-07
 Reference value :  1.21308e-07
 Reference value :  1.22508e-07
 Reference value :  1.24012e-07
 Reference value :  1.25268e-07
 Reference value :  1.26388e-07
 Reference value :  1.28000e-07
 Reference value :  1.28988e-07
 Reference value :  1.30026e-07
 Reference value :  1.31508e-07
 Reference value :  1.32588e-07
 Reference value :  1.34013e-07
 Reference value :  1.35388e-07
 Reference value :  1.36508e-07
 Reference value :  1.37668e-07
 Reference value :  1.38828e-07
 Reference value :  1.40108e-07
 Reference value :  1.41508e-07
 Reference value :  1.42588e-07
 Reference value :  1.44008e-07
 Reference value :  1.45188e-07
 Reference value :  1.46348e-07
 Reference value :  1.47948e-07
 Reference value :  1.48988e-07
 Reference value :  1.50228e-07
 Reference value :  1.51828e-07
 Reference value :  1.52788e-07
 Reference value :  1.54013e-07
 Reference value :  1.55308e-07
 Reference value :  1.56428e-07
 Reference value :  1.57908e-07
 Reference value :  1.58988e-07
 Reference value :  1.60148e-07
 Reference value :  1.61548e-07
 Reference value :  1.62708e-07
 Reference value :  1.64026e-07
 Reference value :  1.65268e-07
 Reference value :  1.66268e-07
 Reference value :  1.67828e-07
 Reference value :  1.68828e-07
 Reference value :  1.70019e-07
 Reference value :  1.71468e-07
 Reference value :  1.72548e-07
 Reference value :  1.74004e-07
 Reference value :  1.75108e-07
 Reference value :  1.76268e-07
 Reference value :  1.77548e-07
 Reference value :  1.78708e-07
 Reference value :  1.80015e-07
 Reference value :  1.81148e-07
 Reference value :  1.82348e-07
 Reference value :  1.83974e-07
 Reference value :  1.85068e-07
 Reference value :  1.86188e-07
 Reference value :  1.87668e-07
 Reference value :  1.88628e-07
 Reference value :  1.90013e-07
 Reference value :  1.91308e-07
 Reference value :  1.92428e-07
 Reference value :  1.93628e-07
 Reference value :  1.94748e-07
 Reference value :  1.96068e-07
 Reference value :  1.97468e-07
 Reference value :  1.98628e-07
 Reference value :  2.00013e-07
 Reference value :  2.00988e-07
 Reference value :  2.02148e-07
 Reference value :  2.03708e-07
 Reference value :  2.04708e-07
 Reference value :  2.06013e-07
 Reference value :  2.07268e-07
 Reference value :  2.08428e-07
 Reference value :  2.09668e-07
 Reference value :  2.10788e-07
 Reference value :  2.12026e-07
 Reference value :  2.13348e-07
 Reference value :  2.14388e-07
 Reference value :  2.15948e-07
 Reference value :  2.16828e-07
 Reference value :  2.18015e-07
 Reference value :  2.19388e-07
 Reference value :  2.20388e-07
 Reference value :  2.21788e-07
 Reference value :  2.22908e-07
 Reference value :  2.24148e-07
 Reference value :  2.25268e-07
 Reference value :  2.26308e-07
 Reference value :  2.27868e-07
 Reference value :  2.28828e-07
 Reference value :  2.30026e-07
 Reference value :  2.31388e-07
 Reference value :  2.32468e-07
 Reference value :  2.33708e-07
 Reference value :  2.34788e-07
 Reference value :  2.36026e-07
 Reference value :  2.37308e-07
 Reference value :  2.38348e-07
 Reference value :  2.39908e-07
 Reference value :  2.40828e-07
 Reference value :  2.42008e-07
 Reference value :  2.43268e-07
 Reference value :  2.44348e-07
 Reference value :  2.45748e-07
 Reference value :  2.46788e-07
 Reference value :  2.48039e-07
 Reference value :  2.49146e-07
 Reference value :  2.50148e-07
 Reference value :  2.51628e-07
 Reference value :  2.52626e-07
 Reference value :  2.54004e-07
 Reference value :  2.55148e-07
 Reference value :  2.56308e-07
 Reference value :  2.57348e-07
 Reference value :  2.58268e-07
 Reference value :  2.59828e-07
 Reference value :  2.60708e-07
 Reference value :  2.62013e-07
 Reference value :  2.63308e-07
 Reference value :  2.64466e-07
 Reference value :  2.65866e-07
 Reference value :  2.66948e-07
 Reference value :  2.68068e-07
 Reference value :  2.69348e-07
 Reference value :  2.70468e-07
 Reference value :  2.72004e-07
 Reference value :  2.72908e-07
 Reference value :  2.74068e-07
 Reference value :  2.75508e-07
 Reference value :  2.76546e-07
 Reference value :  2.78008e-07
 Reference value :  2.79228e-07
 Reference value :  2.80308e-07
 Reference value :  2.81748e-07
 Reference value :  2.82828e-07
 Reference value :  2.84068e-07
 Reference value :  2.85228e-07
 Reference value :  2.86228e-07
 Reference value :  2.87788e-07
 Reference value :  2.88826e-07
 Reference value :  2.90068e-07
 Reference value :  2.91548e-07
 Reference value :  2.92588e-07
 Reference value :  2.93868e-07
 Reference value :  2.95268e-07
 Reference value :  2.96348e-07
 Reference value :  2.97828e-07
 Reference value :  2.98908e-07
 Reference value :  3.00106e-07
 Reference value :  3.01226e-07
 Reference value :  3.02228e-07
 Reference value :  3.03748e-07
 Reference value :  3.04788e-07
 Reference value :  3.06040e-07
 Reference value :  3.07468e-07
 Reference value :  3.08508e-07
 Reference value :  3.09828e-07
 Reference value :  3.10948e-07
 Reference value :  3.12066e-07
 Reference value :  3.13306e-07
 Reference value :  3.14308e-07
 Reference value :  3.15788e-07
 Reference value :  3.16708e-07
 Reference value :  3.17908e-07
 Reference value :  3.18988e-07
 Reference value :  3.20188e-07
 Reference value :  3.21548e-07
 Reference value :  3.22508e-07
 Reference value :  3.24013e-07
 Reference value :  3.24986e-07
 Reference value :  3.26148e-07
 Reference value :  3.27708e-07
 Reference value :  3.28628e-07
 Reference value :  3.30001e-07
 Reference value :  3.31028e-07
 Reference value :  3.32188e-07
 Reference value :  3.33388e-07
 Reference value :  3.34588e-07
 Reference value :  3.36013e-07
 Reference value :  3.37466e-07
 Reference value :  3.38548e-07
 Reference value :  3.40008e-07
 Reference value :  3.40948e-07
 Reference value :  3.42040e-07
 Reference value :  3.43428e-07
 Reference value :  3.44468e-07
 Reference value :  3.45974e-07
 Reference value :  3.47068e-07
 Reference value :  3.48186e-07
 Reference value :  3.49226e-07
 Reference value :  3.50268e-07
 Reference value :  3.51788e-07
 Reference value :  3.52668e-07
 Reference value :  3.54013e-07
 Reference value :  3.55148e-07
 Reference value :  3.56268e-07
 Reference value :  3.57428e-07
 Reference value :  3.58548e-07
 Reference value :  3.60004e-07
 Reference value :  3.60988e-07
 Reference value :  3.62148e-07
 Reference value :  3.63628e-07
 Reference value :  3.64628e-07
 Reference value :  3.65974e-07
 Reference value :  3.67028e-07
 Reference value :  3.68148e-07
 Reference value :  3.69548e-07
 Reference value :  3.70668e-07
 Reference value :  3.72013e-07
 Reference value :  3.72988e-07
 Reference value :  3.74108e-07
 Reference value :  3.75548e-07
 Reference value :  3.76548e-07
 Reference value :  3.78000e-07
 Reference value :  3.78988e-07
 Reference value :  3.80108e-07
 Reference value :  3.81188e-07
 Reference value :  3.82188e-07
 Reference value :  3.83708e-07
 Reference value :  3.84628e-07
 Reference value :  3.86013e-07
 Reference value :  3.87188e-07
 Reference value :  3.88348e-07
 Reference value :  3.89548e-07
 Reference value :  3.90668e-07
 Reference value :  3.92019e-07
 Reference value :  3.93268e-07
 Reference value :  3.94468e-07
 Reference value :  3.96001e-07
 Reference value :  3.96908e-07
 Reference value :  3.98015e-07
 Reference value :  3.99388e-07
 Reference value :  4.00466e-07
 Reference value :  4.01906e-07
 Reference value :  4.02988e-07
 Reference value :  4.04148e-07
 Reference value :  4.05348e-07
 Reference value :  4.06508e-07
 Reference value :  4.08000e-07
 Reference value :  4.08908e-07
 Reference value :  4.10108e-07
 Reference value :  4.11588e-07
 Reference value :  4.12626e-07
 Reference value :  4.13826e-07
 Reference value :  4.15108e-07
 Reference value :  4.16188e-07
 Reference value :  4.17548e-07
 Reference value :  4.18588e-07
 Reference value :  4.20001e-07
 Reference value :  4.20908e-07
 Reference value :  4.22040e-07
 Reference value :  4.23548e-07
 Reference value :  4.24906e-07
 Reference value :  4.26148e-07
 Reference value :  4.27628e-07
 Reference value :  4.28588e-07
 Reference value :  4.29828e-07
 Reference value :  4.30988e-07
 Reference value :  4.32148e-07
 Reference value :  4.33548e-07
 Reference value :  4.34788e-07
 Reference value :  4.36066e-07
 Reference value :  4.37106e-07
 Reference value :  4.38228e-07
 Reference value :  4.39788e-07
 Reference value :  4.40708e-07
 Reference value :  4.42019e-07
 Reference value :  4.43308e-07
 Reference value :  4.44348e-07
 Reference value :  4.45428e-07
 Reference value :  4.46548e-07
 Reference value :  4.48004e-07
 Reference value :  4.49066e-07
 Reference value :  4.50188e-07
 Reference value :  4.51668e-07
 Reference value :  4.52628e-07
 Reference value :  4.53948e-07
 Reference value :  4.55148e-07
 Reference value :  4.56308e-07
 Reference value :  4.57628e-07
 Reference value :  4.58668e-07
 Reference value :  4.60013e-07
 Reference value :  4.60986e-07
 Reference value :  4.62068e-07
 Reference value :  4.63628e-07
 Reference value :  4.64628e-07
 Reference value :  4.66013e-07
 Reference value :  4.67308e-07
 Reference value :  4.68428e-07
 Reference value :  4.69748e-07
 Reference value :  4.70868e-07
 Reference value :  4.72106e-07
 Reference value :  4.73426e-07
 Reference value :  4.74508e-07
 Reference value :  4.76068e-07
 Reference value :  4.77148e-07
 Reference value :  4.78188e-07
 Reference value :  4.79748e-07
 Reference value :  4.80748e-07
 Reference value :  4.82040e-07
 Reference value :  4.83508e-07
 Reference value :  4.84508e-07
 Reference value :  4.85788e-07
 Reference value :  4.86908e-07
 Reference value :  4.88108e-07
 Reference value :  4.89508e-07
 Reference value :  4.90628e-07
 Reference value :  4.92013e-07
 Reference value :  4.92988e-07
 Reference value :  4.94108e-07
 Reference value :  4.95668e-07
 Reference value :  4.96666e-07
 Reference value :  4.98012e-07
 Reference value :  4.99268e-07
 Reference value :  5.00386e-07
 Reference value :  5.01546e-07
 Reference value :  5.02508e-07
 Reference value :  5.04001e-07
 Reference value :  5.04988e-07
 Reference value :  5.06148e-07
 Reference value :  5.07668e-07
 Reference value :  5.08588e-07
 Reference value :  5.09668e-07
 Reference value :  5.10708e-07
 Reference value :  5.12015e-07
 Reference value :  5.13228e-07
 Reference value :  5.14268e-07
 Reference value :  5.15708e-07
 Reference value :  5.16588e-07
 Reference value :  5.17668e-07
 Reference value :  5.18708e-07
 Reference value :  5.20013e-07
 Reference value :  5.21108e-07
 Reference value :  5.22268e-07
 Reference value :  5.23828e-07
 Reference value :  5.24748e-07
 Reference value :  5.26004e-07
 Reference value :  5.27188e-07
 Reference value :  5.28346e-07
 Reference value :  5.29786e-07
 Reference value :  5.30868e-07
 Reference value :  5.32068e-07
 Reference value :  5.33428e-07
 Reference value :  5.34508e-07
 Reference value :  5.36013e-07
 Reference value :  5.37068e-07
 Reference value :  5.38308e-07
 Reference value :  5.39908e-07
 Reference value :  5.41108e-07
 Reference value :  5.42268e-07
 Reference value :  5.43828e-07
 Reference value :  5.44668e-07
 Reference value :  5.45974e-07
 Reference value :  5.47148e-07
 Reference value :  5.48308e-07
 Reference value :  5.49708e-07
 Reference value :  5.50748e-07
 Reference value :  5.52018e-07
 Reference value :  5.53066e-07
 Reference value :  5.54148e-07
 Reference value :  5.55708e-07
 Reference value :  5.56708e-07
 Reference value :  5.58013e-07
 Reference value :  5.59308e-07
 Reference value :  5.60428e-07
 Reference value :  5.61708e-07
 Reference value :  5.62828e-07
 Reference value :  5.64148e-07
 Reference value :  5.65508e-07
 Reference value :  5.66748e-07
 Reference value :  5.68019e-07
 Reference value :  5.69108e-07
 Reference value :  5.70148e-07
 Reference value :  5.71708e-07
 Reference value :  5.72708e-07
 Reference value :  5.74019e-07
 Reference value :  5.75388e-07
 Reference value :  5.76426e-07
 Reference value :  5.77626e-07
 Reference value :  5.78708e-07
 Reference value :  5.80008e-07
 Reference value :  5.81028e-07
 Reference value :  5.82148e-07
 Reference value :  5.83668e-07
 Reference value :  5.84668e-07
 Reference value :  5.86001e-07
 Reference value :  5.87188e-07
 Reference value :  5.88228e-07
 Reference value :  5.89628e-07
 Reference value :  5.90668e-07
 Reference value :  5.92008e-07
 Reference value :  5.92948e-07
 Reference value :  5.94108e-07
 Reference value :  5.95628e-07
 Reference value :  5.96868e-07
 Reference value :  5.98068e-07
 Reference value :  5.99508e-07
 Reference value :  6.00546e-07
 Reference value :  6.01826e-07
 Reference value :  6.02868e-07
 Reference value :  6.04068e-07
 Reference value :  6.05668e-07
 Reference value :  6.06788e-07
 Reference value :  6.08040e-07
 Reference value :  6.09148e-07
 Reference value :  6.10268e-07
 Reference value :  6.11868e-07
 Reference value :  6.12788e-07
 Reference value :  6.14026e-07
 Reference value :  6.15348e-07
 Reference value :  6.16428e-07
 Reference value :  6.17708e-07
 Reference value :  6.18868e-07
 Reference value :  6.20068e-07
 Reference value :  6.21428e-07
 Reference value :  6.22508e-07
 Reference value :  6.24008e-07
 Reference value :  6.24946e-07
 Reference value :  6.26040e-07
 Reference value :  6.27508e-07
 Reference value :  6.28508e-07
 Reference value :  6.30000e-07
 Reference value :  6.31148e-07
 Reference value :  6.32428e-07
 Reference value :  6.33628e-07
 Reference value :  6.34708e-07
 Reference value :  6.36019e-07
 Reference value :  6.37268e-07
 Reference value :  6.38388e-07
 Reference value :  6.40004e-07
 Reference value :  6.41028e-07
 Reference value :  6.42108e-07
 Reference value :  6.43588e-07
 Reference value :  6.44588e-07
 Reference value :  6.46004e-07
 Reference value :  6.47188e-07
 Reference value :  6.48306e-07
 Reference value :  6.49466e-07
 Reference value :  6.50588e-07
 Reference value :  6.52004e-07
 Reference value :  6.53028e-07
 Reference value :  6.54188e-07
 Reference value :  6.55668e-07
 Reference value :  6.56628e-07
 Reference value :  6.57974e-07
 Reference value :  6.59028e-07
 Reference value :  6.60148e-07
 Reference value :  6.61468e-07
 Reference value :  6.62548e-07
 Reference value :  6.64001e-07
 Reference value :  6.64908e-07
 Reference value :  6.66013e-07
 Reference value :  6.67388e-07
 Reference value :  6.68508e-07
 Reference value :  6.70000e-07
 Reference value :  6.71268e-07
 Reference value :  6.72546e-07
 Reference value :  6.74015e-07
 Reference value :  6.75508e-07
 Reference value :  6.76588e-07
 Reference value :  6.78008e-07
 Reference value :  6.79388e-07
 Reference value :  6.80548e-07
 Reference value :  6.81828e-07
 Reference value :  6.82908e-07
 Reference value :  6.84068e-07
 Reference value :  6.85348e-07
 Reference value :  6.86428e-07
 Reference value :  6.88019e-07
 Reference value :  6.89148e-07
 Reference value :  6.90548e-07
 Reference value :  6.92008e-07
 Reference value :  6.93068e-07
 Reference value :  6.94228e-07
 Reference value :  6.95748e-07
 Reference value :  6.96746e-07
 Reference value :  6.98000e-07
 Reference value :  6.99028e-07
 Reference value :  7.00188e-07
 Reference value :  7.01548e-07
 Reference value :  7.02628e-07
 Reference value :  7.04004e-07
 Reference value :  7.04908e-07
 Reference value :  7.06026e-07
 Reference value :  7.07508e-07
 Reference value :  7.08668e-07
 Reference value :  7.10040e-07
 Reference value :  7.11588e-07
 Reference value :  7.12748e-07
 Reference value :  7.14001e-07
 Reference value :  7.15148e-07
 Reference value :  7.16268e-07
 Reference value :  7.17588e-07
 Reference value :  7.18548e-07
 Reference value :  7.20000e-07
 Reference value :  7.20908e-07
 Reference value :  7.22040e-07
 Reference value :  7.23468e-07
 Reference value :  7.24508e-07
 Reference value :  7.26008e-07
 Reference value :  7.27108e-07
 Reference value :  7.28188e-07
 Reference value :  7.29228e-07
 Reference value :  7.30228e-07
 Reference value :  7.31708e-07
 Reference value :  7.32588e-07
 Reference value :  7.33948e-07
 Reference value :  7.34988e-07
 Reference value :  7.36148e-07
 Reference value :  7.37188e-07
 Reference value :  7.38228e-07
 Reference value :  7.39788e-07
 Reference value :  7.40708e-07
 Reference value :  7.42015e-07
 Reference value :  7.43348e-07
 Reference value :  7.44468e-07
 Reference value :  7.45788e-07
 Reference value :  7.46908e-07
 Reference value :  7.48108e-07
 Reference value :  7.49308e-07
 Reference value :  7.50308e-07
 Reference value :  7.51748e-07
 Reference value :  7.52668e-07
 Reference value :  7.54000e-07
 Reference value :  7.55188e-07
 Reference value :  7.56308e-07
 Reference value :  7.57708e-07
 Reference value :  7.58828e-07
 Reference value :  7.60040e-07
 Reference value :  7.61228e-07
 Reference value :  7.62108e-07
 Reference value :  7.63668e-07
 Reference value :  7.64668e-07
 Reference value :  7.66015e-07
 Reference value :  7.67348e-07
 Reference value :  7.68468e-07
 Reference value :  7.69548e-07
 Reference value :  7.70708e-07
 Reference value :  7.72019e-07
 Reference value :  7.73188e-07
 Reference value :  7.74268e-07
 Reference value :  7.75748e-07
 Reference value :  7.76708e-07
 Reference value :  7.78004e-07
 Reference value :  7.79228e-07
 Reference value :  7.80348e-07
 Reference value :  7.81868e-07
 Reference value :  7.83028e-07
 Reference value :  7.84228e-07
 Reference value :  7.85974e-07
 Reference value :  7.87068e-07
 Reference value :  7.88228e-07
 Reference value :  7.89348e-07
 Reference value :  7.90348e-07
 Reference value :  7.91788e-07
 Reference value :  7.92708e-07
 Reference value :  7.94026e-07
 Reference value :  7.95428e-07
 Reference value :  7.96506e-07
 Reference value :  7.97746e-07
 Reference value :  7.98788e-07
 Reference value :  8.00019e-07
 Reference value :  8.01268e-07
 Reference value :  8.02348e-07
 Reference value :  8.03974e-07
 Reference value :  8.04908e-07
 Reference value :  8.06026e-07
 Reference value :  8.07428e-07
 Reference value :  8.08428e-07
 Reference value :  8.09908e-07
 Reference value :  8.10988e-07
 Reference value :  8.12148e-07
 Reference value :  8.13388e-07
 Reference value :  8.14508e-07
 Reference value :  8.16004e-07
 Reference value :  8.17108e-07
 Reference value :  8.18268e-07
 Reference value :  8.19868e-07
 Reference value :  8.20826e-07
 Reference value :  8.22013e-07
 Reference value :  8.23348e-07
 Reference value :  8.24348e-07
 Reference value :  8.25788e-07
 Reference value :  8.26868e-07
 Reference value :  8.28068e-07
 Reference value :  8.29188e-07
 Reference value :  8.30348e-07
 Reference value :  8.31908e-07
 Reference value :  8.32868e-07
 Reference value :  8.34108e-07
 Reference value :  8.35588e-07
 Reference value :  8.36628e-07
 Reference value :  8.38000e-07
 Reference value :  8.39148e-07
 Reference value :  8.40228e-07
 Reference value :  8.41628e-07
 Reference value :  8.42708e-07
 Reference value :  8.44025e-07
 Reference value :  8.45146e-07
 Reference value :  8.46308e-07
 Reference value :  8.47908e-07
 Reference value :  8.48908e-07
 Reference value :  8.50040e-07
 Reference value :  8.51388e-07
 Reference value :  8.52468e-07
 Reference value :  8.53668e-07
 Reference value :  8.54788e-07
 Reference value :  8.56040e-07
 Reference value :  8.57388e-07
 Reference value :  8.58508e-07
 Reference value :  8.60004e-07
 Reference value :  8.60988e-07
 Reference value :  8.62068e-07
 Reference value :  8.63468e-07
 Reference value :  8.64468e-07
 Reference value :  8.65828e-07
 Reference value :  8.66908e-07
 Reference value :  8.68106e-07
 Reference value :  8.69266e-07
 Reference value :  8.70388e-07
 Reference value :  8.71974e-07
 Reference value :  8.72948e-07
 Reference value :  8.74108e-07
 Reference value :  8.75548e-07
 Reference value :  8.76548e-07
 Reference value :  8.77828e-07
 Reference value :  8.78908e-07
 Reference value :  8.80108e-07
 Reference value :  8.81708e-07
 Reference value :  8.82828e-07
 Reference value :  8.84068e-07
 Reference value :  8.85148e-07
 Reference value :  8.86148e-07
 Reference value :  8.87668e-07
 Reference value :  8.88628e-07
 Reference value :  8.90013e-07
 Reference value :  8.91348e-07
 Reference value :  8.92426e-07
 Reference value :  8.93626e-07
 Reference value :  8.94628e-07
 Reference value :  8.96013e-07
 Reference value :  8.97028e-07
 Reference value :  8.98108e-07
 Reference value :  8.99588e-07
 Reference value :  9.00588e-07
 Reference value :  9.01948e-07
 Reference value :  9.03028e-07
 Reference value :  9.04188e-07
 Reference value :  9.05628e-07
 Reference value :  9.06708e-07
 Reference value :  9.08026e-07
 Reference value :  9.09068e-07
 Reference value :  9.10188e-07
 Reference value :  9.11668e-07
 Reference value :  9.12588e-07
 Reference value :  9.14008e-07
 Reference value :  9.15268e-07
 Reference value :  9.16386e-07
 Reference value :  9.17546e-07
 Reference value :  9.18668e-07
 Reference value :  9.20015e-07
 Reference value :  9.21228e-07
 Reference value :  9.22348e-07
 Reference value :  9.23868e-07
 Reference value :  9.24748e-07
 Reference value :  9.26000e-07
 Reference value :  9.27028e-07
 Reference value :  9.28068e-07
 Reference value :  9.29388e-07
 Reference value :  9.30468e-07
 Reference value :  9.32000e-07
 Reference value :  9.32908e-07
 Reference value :  9.34026e-07
 Reference value :  9.35428e-07
 Reference value :  9.36508e-07
 Reference value :  9.37948e-07
 Reference value :  9.38988e-07
 Reference value :  9.40146e-07
 Reference value :  9.41266e-07
 Reference value :  9.42348e-07
 Reference value :  9.43748e-07
 Reference value :  9.44668e-07
 Reference value :  9.46008e-07
 Reference value :  9.47188e-07
 Reference value :  9.48348e-07
 Reference value :  9.49468e-07
 Reference value :  9.50588e-07
 Reference value :  9.52108e-07
 Reference value :  9.53868e-07
 Reference value :  9.55468e-07
 Reference value :  9.56828e-07
 Reference value :  9.58348e-07
 Reference value :  9.60040e-07
 Reference value :  9.61748e-07
 Reference value :  9.63228e-07
 Reference value :  9.64628e-07
 Reference value :  9.66040e-07
 Reference value :  9.67908e-07
 Reference value :  9.69308e-07
 Reference value :  9.70828e-07
 Reference value :  9.72388e-07
 Reference value :  9.74001e-07
 Reference value :  9.75628e-07
 Reference value :  9.77028e-07
 Reference value :  9.78588e-07
 Reference value :  9.80228e-07
 Reference value :  9.81748e-07
 Reference value :  9.83308e-07
 Reference value :  9.84708e-07
 Reference value :  9.86268e-07
 Reference value :  9.88013e-07
 Reference value :  9.89428e-07
 Reference value :  9.90988e-07
 Reference value :  9.92508e-07
 Reference value :  9.94108e-07
 Reference value :  9.96000e-07
 Reference value :  9.97228e-07
 Reference value :  9.98788e-07
 Reference value :  1.00035e-06
 Reference value :  1.00201e-06
 Reference value :  1.00375e-06
 Reference value :  1.00503e-06
 Reference value :  1.00651e-06
 Reference value :  1.00815e-06
 Reference value :  1.00995e-06
 Reference value :  1.01151e-06
 Reference value :  1.01291e-06
 Reference value :  1.01411e-06
 Reference value :  1.01600e-06
 Reference value :  1.01747e-06
 Reference value :  1.01903e-06
 Reference value :  1.02051e-06
 Reference value :  1.02200e-06
 Reference value :  1.02359e-06
 Reference value :  1.02491e-06
 Reference value :  1.02643e-06
 Reference value :  1.02807e-06
 Reference value :  1.02959e-06
 Reference value :  1.03111e-06
 Reference value :  1.03263e-06
 Reference value :  1.03423e-06
 Reference value :  1.03602e-06
 Reference value :  1.03767e-06
 Reference value :  1.03919e-06
 Reference value :  1.04063e-06
 Reference value :  1.04203e-06
 Reference value :  1.04391e-06
 Reference value :  1.04531e-06
 Reference value :  1.04683e-06
 Reference value :  1.04839e-06
 Reference value :  1.05000e-06
 Reference value :  1.05159e-06
 Reference value :  1.05295e-06
 Reference value :  1.05443e-06
 Reference value :  1.05607e-06
 Reference value :  1.05763e-06
 Reference value :  1.05915e-06
 Reference value :  1.06055e-06
 Reference value :  1.06211e-06
 Reference value :  1.06400e-06
 Reference value :  1.06535e-06
 Reference value :  1.06691e-06
 Reference value :  1.06839e-06
 Reference value :  1.07002e-06
 Reference value :  1.07175e-06
 Reference value :  1.07307e-06
 Reference value :  1.07443e-06
 Reference value :  1.07607e-06
 Reference value :  1.07783e-06
 Reference value :  1.07935e-06
 Reference value :  1.08071e-06
 Reference value :  1.08211e-06
 Reference value :  1.08400e-06
 Reference value :  1.08543e-06
 Reference value :  1.08695e-06
 Reference value :  1.08847e-06
 Reference value :  1.09001e-06
 Reference value :  1.09167e-06
 Reference value :  1.09307e-06
 Reference value :  1.09455e-06
 Reference value :  1.09619e-06
 Reference value :  1.09775e-06
 Reference value :  1.09927e-06
 Reference value :  1.10071e-06
 Reference value :  1.10227e-06
 Reference value :  1.10401e-06
 Reference value :  1.10535e-06
 Reference value :  1.10687e-06
 Reference value :  1.10839e-06
 Reference value :  1.11001e-06
 Reference value :  1.11163e-06
 Reference value :  1.11287e-06
 Reference value :  1.11423e-06
 Reference value :  1.11601e-06
 Reference value :  1.11771e-06
 Reference value :  1.11915e-06
 Reference value :  1.12055e-06
 Reference value :  1.12204e-06
 Reference value :  1.12391e-06
 Reference value :  1.12539e-06
 Reference value :  1.12691e-06
 Reference value :  1.12843e-06
 Reference value :  1.13000e-06
 Reference value :  1.13163e-06
 Reference value :  1.13303e-06
 Reference value :  1.13451e-06
 Reference value :  1.13615e-06
 Reference value :  1.13767e-06
 Reference value :  1.13923e-06
 Reference value :  1.14063e-06
 Reference value :  1.14219e-06
 Reference value :  1.14400e-06
 Reference value :  1.14523e-06
 Reference value :  1.14671e-06
 Reference value :  1.14823e-06
 Reference value :  1.15000e-06
 Reference value :  1.15151e-06
 Reference value :  1.15283e-06
 Reference value :  1.15423e-06
 Reference value :  1.15602e-06
 Reference value :  1.15767e-06
 Reference value :  1.15923e-06
 Reference value :  1.16063e-06
 Reference value :  1.16207e-06
 Reference value :  1.16397e-06
 Reference value :  1.16531e-06
 Reference value :  1.16679e-06
 Reference value :  1.16835e-06
 Reference value :  1.16991e-06
 Reference value :  1.17143e-06
 Reference value :  1.17283e-06
 Reference value :  1.17435e-06
 Reference value :  1.17607e-06
 Reference value :  1.17755e-06
 Reference value :  1.17911e-06
 Reference value :  1.18059e-06
 Reference value :  1.18223e-06
 Reference value :  1.18401e-06
 Reference value :  1.18535e-06
 Reference value :  1.18703e-06
 Reference value :  1.18847e-06
 Reference value :  1.19003e-06
 Reference value :  1.19187e-06
 Reference value :  1.19303e-06
 Reference value :  1.19451e-06
 Reference value :  1.19611e-06
 Reference value :  1.19783e-06
 Reference value :  1.19943e-06
 Reference value :  1.20079e-06
 Reference value :  1.20211e-06
 Reference value :  1.20400e-06
 Reference value :  1.20539e-06
 Reference value :  1.20699e-06
 Reference value :  1.20855e-06
 Reference value :  1.21011e-06
 Reference value :  1.21200e-06
 Reference value :  1.21343e-06
 Reference value :  1.21491e-06
 Reference value :  1.21643e-06
 Reference value :  1.21800e-06
 Reference value :  1.21959e-06
 Reference value :  1.22099e-06
 Reference value :  1.22247e-06
 Reference value :  1.22411e-06
 Reference value :  1.22563e-06
 Reference value :  1.22715e-06
 Reference value :  1.22859e-06
 Reference value :  1.23015e-06
 Reference value :  1.23201e-06
 Reference value :  1.23327e-06
 Reference value :  1.23471e-06
 Reference value :  1.23627e-06
 Reference value :  1.23800e-06
 Reference value :  1.23955e-06
 Reference value :  1.24087e-06
 Reference value :  1.24227e-06
 Reference value :  1.24401e-06
 Reference value :  1.24559e-06
 Reference value :  1.24715e-06
 Reference value :  1.24859e-06
 Reference value :  1.25003e-06
 Reference value :  1.25183e-06
 Reference value :  1.25319e-06
 Reference value :  1.25471e-06
 Reference value :  1.25635e-06
 Reference value :  1.25797e-06
 Reference value :  1.25955e-06
 Reference value :  1.26087e-06
 Reference value :  1.26239e-06
 Reference value :  1.26407e-06
 Reference value :  1.26543e-06
 Reference value :  1.26679e-06
 Reference value :  1.26835e-06
 Reference value :  1.27001e-06
 Reference value :  1.27179e-06
 Reference value :  1.27295e-06
 Reference value :  1.27419e-06
 Reference value :  1.27600e-06
 Reference value :  1.27747e-06
 Reference value :  1.27895e-06
 Reference value :  1.28047e-06
 Reference value :  1.28201e-06
 Reference value :  1.28375e-06
 Reference value :  1.28527e-06
 Reference value :  1.28679e-06
 Reference value :  1.28831e-06
 Reference value :  1.29001e-06
 Reference value :  1.29163e-06
 Reference value :  1.29295e-06
 Reference value :  1.29427e-06
 Reference value :  1.29602e-06
 Reference value :  1.29771e-06
 Reference value :  1.29919e-06
 Reference value :  1.30063e-06
 Reference value :  1.30207e-06
 Reference value :  1.30397e-06
 Reference value :  1.30535e-06
 Reference value :  1.30679e-06
 Reference value :  1.30835e-06
 Reference value :  1.30995e-06
 Reference value :  1.31155e-06
 Reference value :  1.31299e-06
 Reference value :  1.31447e-06
 Reference value :  1.31607e-06
 Reference value :  1.31763e-06
 Reference value :  1.31915e-06
 Reference value :  1.32059e-06
 Reference value :  1.32215e-06
 Reference value :  1.32400e-06
 Reference value :  1.32519e-06
 Reference value :  1.32659e-06
 Reference value :  1.32815e-06
 Reference value :  1.32991e-06
 Reference value :  1.33139e-06
 Reference value :  1.33275e-06
 Reference value :  1.33415e-06
 Reference value :  1.33600e-06
 Reference value :  1.33743e-06
 Reference value :  1.33899e-06
 Reference value :  1.34051e-06
 Reference value :  1.34201e-06
 Reference value :  1.34375e-06
 Reference value :  1.34511e-06
 Reference value :  1.34659e-06
 Reference value :  1.34839e-06
 Reference value :  1.35000e-06
 Reference value :  1.35155e-06
 Reference value :  1.35295e-06
 Reference value :  1.35451e-06
 Reference value :  1.35615e-06
 Reference value :  1.35759e-06
 Reference value :  1.35911e-06
 Reference value :  1.36055e-06
 Reference value :  1.36207e-06
 Reference value :  1.36387e-06
 Reference value :  1.36507e-06
 Reference value :  1.36655e-06
 Reference value :  1.36815e-06
 Reference value :  1.36991e-06
 Reference value :  1.37139e-06
 Reference value :  1.37271e-06
 Reference value :  1.37411e-06
 Reference value :  1.37600e-06
 Reference value :  1.37735e-06
 Reference value :  1.37887e-06
 Reference value :  1.38039e-06
 Reference value :  1.38200e-06
 Reference value :  1.38359e-06
 Reference value :  1.38491e-06
 Reference value :  1.38639e-06
 Reference value :  1.38802e-06
 Reference value :  1.38935e-06
 Reference value :  1.39083e-06
 Reference value :  1.39235e-06
 Reference value :  1.39400e-06
 Reference value :  1.39555e-06
 Reference value :  1.39687e-06
 Reference value :  1.39823e-06
 Reference value :  1.40002e-06
 Reference value :  1.40163e-06
 Reference value :  1.40311e-06
 Reference value :  1.40455e-06
 Reference value :  1.40602e-06
 Reference value :  1.40779e-06
 Reference value :  1.40915e-06
 Reference value :  1.41059e-06
 Reference value :  1.41211e-06
 Reference value :  1.41367e-06
 Reference value :  1.41519e-06
 Reference value :  1.41663e-06
 Reference value :  1.41819e-06
 Reference value :  1.41997e-06
 Reference value :  1.42111e-06
 Reference value :  1.42247e-06
 Reference value :  1.42407e-06
 Reference value :  1.42579e-06
 Reference value :  1.42731e-06
 Reference value :  1.42871e-06
 Reference value :  1.43007e-06
 Reference value :  1.43195e-06
 Reference value :  1.43339e-06
 Reference value :  1.43487e-06
 Reference value :  1.43639e-06
 Reference value :  1.43800e-06
 Reference value :  1.43955e-06
 Reference value :  1.44087e-06
 Reference value :  1.44239e-06
 Reference value :  1.44404e-06
 Reference value :  1.44559e-06
 Reference value :  1.44715e-06
 Reference value :  1.44855e-06
 Reference value :  1.45011e-06
 Reference value :  1.45200e-06
 Reference value :  1.45319e-06
 Reference value :  1.45459e-06
 Reference value :  1.45615e-06
 Reference value :  1.45800e-06
 Reference value :  1.45959e-06
 Reference value :  1.46087e-06
 Reference value :  1.46227e-06
 Reference value :  1.46401e-06
 Reference value :  1.46559e-06
 Reference value :  1.46711e-06
 Reference value :  1.46851e-06
 Reference value :  1.47001e-06
 Reference value :  1.47167e-06
 Reference value :  1.47303e-06
 Reference value :  1.47451e-06
 Reference value :  1.47615e-06
 Reference value :  1.47779e-06
 Reference value :  1.47951e-06
 Reference value :  1.48091e-06
 Reference value :  1.48239e-06
 Reference value :  1.48407e-06
 Reference value :  1.48551e-06
 Reference value :  1.48703e-06
 Reference value :  1.48851e-06
 Reference value :  1.49007e-06
 Reference value :  1.49195e-06
 Reference value :  1.49311e-06
 Reference value :  1.49463e-06
 Reference value :  1.49623e-06
 Reference value :  1.49800e-06
 Reference value :  1.49947e-06
 Reference value :  1.50079e-06
 Reference value :  1.50215e-06
 Reference value :  1.50400e-06
 Reference value :  1.50547e-06
 Reference value :  1.50699e-06
 Reference value :  1.50847e-06
 Reference value :  1.51001e-06
 Reference value :  1.51163e-06
 Reference value :  1.51295e-06
 Reference value :  1.51447e-06
 Reference value :  1.51611e-06
 Reference value :  1.51751e-06
 Reference value :  1.51895e-06
 Reference value :  1.52047e-06
 Reference value :  1.52204e-06
 Reference value :  1.52391e-06
 Reference value :  1.52507e-06
 Reference value :  1.52639e-06
 Reference value :  1.52804e-06
 Reference value :  1.52971e-06
 Reference value :  1.53119e-06
 Reference value :  1.53263e-06
 Reference value :  1.53404e-06
 Reference value :  1.53587e-06
 Reference value :  1.53735e-06
 Reference value :  1.53899e-06
 Reference value :  1.54051e-06
 Reference value :  1.54207e-06
 Reference value :  1.54391e-06
 Reference value :  1.54515e-06
 Reference value :  1.54667e-06
 Reference value :  1.54827e-06
 Reference value :  1.55001e-06
 Reference value :  1.55167e-06
 Reference value :  1.55291e-06
 Reference value :  1.55431e-06
 Reference value :  1.55603e-06
 Reference value :  1.55771e-06
 Reference value :  1.55919e-06
 Reference value :  1.56059e-06
 Reference value :  1.56202e-06
 Reference value :  1.56387e-06
 Reference value :  1.56527e-06
 Reference value :  1.56683e-06
 Reference value :  1.56839e-06
 Reference value :  1.57000e-06
 Reference value :  1.57175e-06
 Reference value :  1.57319e-06
 Reference value :  1.57479e-06
 Reference value :  1.57643e-06
 Reference value :  1.57800e-06
 Reference value :  1.57967e-06
 Reference value :  1.58111e-06
 Reference value :  1.58283e-06
 Reference value :  1.58435e-06
 Reference value :  1.58587e-06
 Reference value :  1.58739e-06
 Reference value :  1.58879e-06
 Reference value :  1.59035e-06
 Reference value :  1.59204e-06
 Reference value :  1.59355e-06
 Reference value :  1.59503e-06
 Reference value :  1.59647e-06
 Reference value :  1.59803e-06
 Reference value :  1.59979e-06
 Reference value :  1.60095e-06
 Reference value :  1.60247e-06
 Reference value :  1.60411e-06
 Reference value :  1.60587e-06
 Reference value :  1.60739e-06
 Reference value :  1.60875e-06
 Reference value :  1.61004e-06
 Reference value :  1.61191e-06
 Reference value :  1.61327e-06
 Reference value :  1.61479e-06
 Reference value :  1.61631e-06
 Reference value :  1.61800e-06
 Reference value :  1.61971e-06
 Reference value :  1.62107e-06
 Reference value :  1.62255e-06
 Reference value :  1.62415e-06
 Reference value :  1.62571e-06
 Reference value :  1.62719e-06
 Reference value :  1.62859e-06
 Reference value :  1.63015e-06
 Reference value :  1.63200e-06
 Reference value :  1.63319e-06
 Reference value :  1.63467e-06
 Reference value :  1.63619e-06
 Reference value :  1.63795e-06
 Reference value :  1.63955e-06
 Reference value :  1.64091e-06
 Reference value :  1.64215e-06
 Reference value :  1.64400e-06
 Reference value :  1.64535e-06
 Reference value :  1.64687e-06
 Reference value :  1.64839e-06
 Reference value :  1.64997e-06
 Reference value :  1.65155e-06
 Reference value :  1.65287e-06
 Reference value :  1.65439e-06
 Reference value :  1.65603e-06
 Reference value :  1.65747e-06
 Reference value :  1.65899e-06
 Reference value :  1.66051e-06
 Reference value :  1.66211e-06
 Reference value :  1.66400e-06
 Reference value :  1.66523e-06
 Reference value :  1.66679e-06
 Reference value :  1.66835e-06
 Reference value :  1.67002e-06
 Reference value :  1.67179e-06
 Reference value :  1.67307e-06
 Reference value :  1.67455e-06
 Reference value :  1.67615e-06
 Reference value :  1.67791e-06
 Reference value :  1.67939e-06
 Reference value :  1.68075e-06
 Reference value :  1.68211e-06
 Reference value :  1.68387e-06
 Reference value :  1.68491e-06
 Reference value :  1.68643e-06
 Reference value :  1.68807e-06
 Reference value :  1.68963e-06
 Reference value :  1.69115e-06
 Reference value :  1.69259e-06
 Reference value :  1.69415e-06
 Reference value :  1.69600e-06
 Reference value :  1.69715e-06
 Reference value :  1.69875e-06
 Reference value :  1.70027e-06
 Reference value :  1.70200e-06
 Reference value :  1.70359e-06
 Reference value :  1.70491e-06
 Reference value :  1.70627e-06
 Reference value :  1.70802e-06
 Reference value :  1.70963e-06
 Reference value :  1.71127e-06
 Reference value :  1.71267e-06
 Reference value :  1.71401e-06
 Reference value :  1.71575e-06
 Reference value :  1.71703e-06
 Reference value :  1.71855e-06
 Reference value :  1.72019e-06
 Reference value :  1.72179e-06
 Reference value :  1.72335e-06
 Reference value :  1.72475e-06
 Reference value :  1.72631e-06
 Reference value :  1.72803e-06
 Reference value :  1.72959e-06
 Reference value :  1.73079e-06
 Reference value :  1.73202e-06
 Reference value :  1.73323e-06
 Reference value :  1.73431e-06
 Reference value :  1.73587e-06
 Reference value :  1.73683e-06
 Reference value :  1.73801e-06
 Reference value :  1.73927e-06
 Reference value :  1.74039e-06
 Reference value :  1.74183e-06
 Reference value :  1.74291e-06
 Reference value :  1.74407e-06
 Reference value :  1.74519e-06
 Reference value :  1.74635e-06
 Reference value :  1.74795e-06
 Reference value :  1.74891e-06
 Reference value :  1.75011e-06
 Reference value :  1.75159e-06
 Reference value :  1.75263e-06
 Reference value :  1.75400e-06
 Reference value :  1.75515e-06
 Reference value :  1.75623e-06
 Reference value :  1.75763e-06
 Reference value :  1.75875e-06
 Reference value :  1.76003e-06
 Reference value :  1.76115e-06
 Reference value :  1.76227e-06
 Reference value :  1.76387e-06
 Reference value :  1.76507e-06
 Reference value :  1.76623e-06
 Reference value :  1.76779e-06
 Reference value :  1.76875e-06
 Reference value :  1.76987e-06
 Reference value :  1.77099e-06
 Reference value :  1.77211e-06
 Reference value :  1.77347e-06
 Reference value :  1.77459e-06
 Reference value :  1.77601e-06
 Reference value :  1.77703e-06
 Reference value :  1.77811e-06
 Reference value :  1.77959e-06
 Reference value :  1.78055e-06
 Reference value :  1.78200e-06
 Reference value :  1.78299e-06
 Reference value :  1.78415e-06
 Reference value :  1.78527e-06
 Reference value :  1.78655e-06
 Reference value :  1.78800e-06
 Reference value :  1.78915e-06
 Reference value :  1.79027e-06
 Reference value :  1.79191e-06
 Reference value :  1.79279e-06
 Reference value :  1.79403e-06
 Reference value :  1.79543e-06
 Reference value :  1.79651e-06
 Reference value :  1.79775e-06
 Reference value :  1.79887e-06
 Reference value :  1.80007e-06
 Reference value :  1.80135e-06
 Reference value :  1.80239e-06
 Reference value :  1.80397e-06
 Reference value :  1.80487e-06
 Reference value :  1.80602e-06
 Reference value :  1.80747e-06
 Reference value :  1.80851e-06
 Reference value :  1.80979e-06
 Reference value :  1.81083e-06
 Reference value :  1.81219e-06
 Reference value :  1.81343e-06
 Reference value :  1.81483e-06
 Reference value :  1.81607e-06
 Reference value :  1.81755e-06
 Reference value :  1.81879e-06
 Reference value :  1.82004e-06
 Reference value :  1.82131e-06
 Reference value :  1.82251e-06
 Reference value :  1.82402e-06
 Reference value :  1.82535e-06
 Reference value :  1.82663e-06
 Reference value :  1.82801e-06
 Reference value :  1.82915e-06
 Reference value :  1.83043e-06
 Reference value :  1.83200e-06
 Reference value :  1.83311e-06
 Reference value :  1.83439e-06
 Reference value :  1.83602e-06
 Reference value :  1.83719e-06
 Reference value :  1.83899e-06
 Reference value :  1.84043e-06
 Reference value :  1.84197e-06
 Reference value :  1.84327e-06
 Reference value :  1.84439e-06
 Reference value :  1.84563e-06
 Reference value :  1.84687e-06
 Reference value :  1.84823e-06
 Reference value :  1.84975e-06
 Reference value :  1.85099e-06
 Reference value :  1.85239e-06
 Reference value :  1.85395e-06
 Reference value :  1.85523e-06
 Reference value :  1.85647e-06
 Reference value :  1.85801e-06
 Reference value :  1.85955e-06
 Reference value :  1.86075e-06
 Reference value :  1.86203e-06
 Reference value :  1.86351e-06
 Reference value :  1.86463e-06
 Reference value :  1.86602e-06
 Reference value :  1.86739e-06
 Reference value :  1.86851e-06
 Reference value :  1.86983e-06
 Reference value :  1.87159e-06
 Reference value :  1.87395e-06
 Reference value :  1.87507e-06
 Reference value :  1.87627e-06
 Reference value :  1.87747e-06
 Reference value :  1.87863e-06
 Reference value :  1.88001e-06
 Reference value :  1.88111e-06
 Reference value :  1.88223e-06
 Reference value :  1.88375e-06
 Reference value :  1.88471e-06
 Reference value :  1.88600e-06
 Reference value :  1.88723e-06
 Reference value :  1.88835e-06
 Reference value :  1.88975e-06
 Reference value :  1.89087e-06
 Reference value :  1.89211e-06
 Reference value :  1.89327e-06
 Reference value :  1.89431e-06
 Reference value :  1.89591e-06
 Reference value :  1.89683e-06
 Reference value :  1.89804e-06
 Reference value :  1.89947e-06
 Reference value :  1.90051e-06
 Reference value :  1.90175e-06
 Reference value :  1.90283e-06
 Reference value :  1.90404e-06
 Reference value :  1.90535e-06
 Reference value :  1.90639e-06
 Reference value :  1.90801e-06
 Reference value :  1.90907e-06
 Reference value :  1.91019e-06
 Reference value :  1.91179e-06
 Reference value :  1.91271e-06
 Reference value :  1.91402e-06
 Reference value :  1.91539e-06
 Reference value :  1.91647e-06
 Reference value :  1.91771e-06
 Reference value :  1.91883e-06
 Reference value :  1.92007e-06
 Reference value :  1.92135e-06
 Reference value :  1.92243e-06
 Reference value :  1.92400e-06
 Reference value :  1.92499e-06
 Reference value :  1.92604e-06
 Reference value :  1.92755e-06
 Reference value :  1.92859e-06
 Reference value :  1.93001e-06
 Reference value :  1.93123e-06
 Reference value :  1.93239e-06
 Reference value :  1.93363e-06
 Reference value :  1.93475e-06
 Reference value :  1.93602e-06
 Reference value :  1.93715e-06
 Reference value :  1.93831e-06
 Reference value :  1.93991e-06
 Reference value :  1.94087e-06
 Reference value :  1.94201e-06
 Reference value :  1.94335e-06
 Reference value :  1.94447e-06
 Reference value :  1.94595e-06
 Reference value :  1.94731e-06
 Reference value :  1.94843e-06
 Reference value :  1.95000e-06
 Reference value :  1.95155e-06
 Reference value :  1.95259e-06
 Reference value :  1.95401e-06
 Reference value :  1.95527e-06
 Reference value :  1.95635e-06
 Reference value :  1.95743e-06
 Reference value :  1.95859e-06
 Reference value :  1.96001e-06
 Reference value :  1.96119e-06
 Reference value :  1.96231e-06
 Reference value :  1.96391e-06
 Reference value :  1.96483e-06
 Reference value :  1.96602e-06
 Reference value :  1.96743e-06
 Reference value :  1.96843e-06
 Reference value :  1.96987e-06
 Reference value :  1.97103e-06
 Reference value :  1.97223e-06
 Reference value :  1.97339e-06
 Reference value :  1.97447e-06
 Reference value :  1.97600e-06
 Reference value :  1.97719e-06
 Reference value :  1.97835e-06
 Reference value :  1.97995e-06
 Reference value :  1.98087e-06
 Reference value :  1.98203e-06
 Reference value :  1.98347e-06
 Reference value :  1.98455e-06
 Reference value :  1.98600e-06
 Reference value :  1.98699e-06
 Reference value :  1.98815e-06
 Reference value :  1.98935e-06
 Reference value :  1.99059e-06
 Reference value :  1.99207e-06
 Reference value :  1.99347e-06
 Reference value :  1.99455e-06
 Reference value :  1.99600e-06
 Reference value :  1.99687e-06
 Reference value :  1.99802e-06
 Reference value :  1.99947e-06
 Reference value :  2.00055e-06
 Reference value :  2.00200e-06
 Reference value :  2.00315e-06
 Reference value :  2.00427e-06
 Reference value :  2.00551e-06
 Reference value :  2.00663e-06
 Reference value :  2.00801e-06
 Reference value :  2.00911e-06
 Reference value :  2.01023e-06
 Reference value :  2.01179e-06
 Reference value :  2.01267e-06
 Reference value :  2.01391e-06
 Reference value :  2.01507e-06
 Reference value :  2.01627e-06
 Reference value :  2.01779e-06
 Reference value :  2.01919e-06
 Reference value :  2.02031e-06
 Reference value :  2.02143e-06
 Reference value :  2.02243e-06
 Reference value :  2.02400e-06
 Reference value :  2.02503e-06
 Reference value :  2.02623e-06
 Reference value :  2.02779e-06
 Reference value :  2.02871e-06
 Reference value :  2.02991e-06
 Reference value :  2.03103e-06
 Reference value :  2.03223e-06
 Reference value :  2.03367e-06
 Reference value :  2.03475e-06
 Reference value :  2.03603e-06
 Reference value :  2.03731e-06
 Reference value :  2.03839e-06
 Reference value :  2.03997e-06
 Reference value :  2.04107e-06
 Reference value :  2.04223e-06
 Reference value :  2.04383e-06
 Reference value :  2.04475e-06
 Reference value :  2.04601e-06
 Reference value :  2.04723e-06
 Reference value :  2.04823e-06
 Reference value :  2.04931e-06
 Reference value :  2.05043e-06
 Reference value :  2.05200e-06
 Reference value :  2.05307e-06
 Reference value :  2.05419e-06
 Reference value :  2.05563e-06
 Reference value :  2.05659e-06
 Reference value :  2.05791e-06
 Reference value :  2.05907e-06
 Reference value :  2.06015e-06
 Reference value :  2.06143e-06
 Reference value :  2.06251e-06
 Reference value :  2.06400e-06
 Reference value :  2.06487e-06
 Reference value :  2.06601e-06
 Reference value :  2.06715e-06
 Reference value :  2.06827e-06
 Reference value :  2.06975e-06
 Reference value :  2.07083e-06
 Reference value :  2.07203e-06
 Reference value :  2.07315e-06
 Reference value :  2.07443e-06
 Reference value :  2.07600e-06
 Reference value :  2.07695e-06
 Reference value :  2.07815e-06
 Reference value :  2.07967e-06
 Reference value :  2.08067e-06
 Reference value :  2.08195e-06
 Reference value :  2.08307e-06
 Reference value :  2.08431e-06
 Reference value :  2.08575e-06
 Reference value :  2.08687e-06
 Reference value :  2.08811e-06
 Reference value :  2.08927e-06
 Reference value :  2.09067e-06
 Reference value :  2.09202e-06
 Reference value :  2.09323e-06
 Reference value :  2.09435e-06
 Reference value :  2.09601e-06
 Reference value :  2.09707e-06
 Reference value :  2.09819e-06
 Reference value :  2.09979e-06
 Reference value :  2.10075e-06
 Reference value :  2.10203e-06
 Reference value :  2.10343e-06
 Reference value :  2.10451e-06
 Reference value :  2.10600e-06
 Reference value :  2.10711e-06
 Reference value :  2.10827e-06
 Reference value :  2.10971e-06
 Reference value :  2.11083e-06
 Reference value :  2.11207e-06
 Reference value :  2.11319e-06
 Reference value :  2.11423e-06
 Reference value :  2.11579e-06
 Reference value :  2.11671e-06
 Reference value :  2.11802e-06
 Reference value :  2.11939e-06
 Reference value :  2.12047e-06
 Reference value :  2.12175e-06
 Reference value :  2.12291e-06
 Reference value :  2.12423e-06
 Reference value :  2.12575e-06
 Reference value :  2.12679e-06
 Reference value :  2.12804e-06
 Reference value :  2.12919e-06
 Reference value :  2.13031e-06
 Reference value :  2.13191e-06
 Reference value :  2.13287e-06
 Reference value :  2.13411e-06
 Reference value :  2.13563e-06
 Reference value :  2.13663e-06
 Reference value :  2.13797e-06
 Reference value :  2.13915e-06
 Reference value :  2.14035e-06
 Reference value :  2.14179e-06
 Reference value :  2.14287e-06
 Reference value :  2.14411e-06
 Reference value :  2.14523e-06
 Reference value :  2.14623e-06
 Reference value :  2.14783e-06
 Reference value :  2.14875e-06
 Reference value :  2.15002e-06
 Reference value :  2.15143e-06
 Reference value :  2.15247e-06
 Reference value :  2.15371e-06
 Reference value :  2.15483e-06
 Reference value :  2.15623e-06
 Reference value :  2.15763e-06
 Reference value :  2.15871e-06
 Reference value :  2.16002e-06
 Reference value :  2.16115e-06
 Reference value :  2.16227e-06
 Reference value :  2.16387e-06
 Reference value :  2.16487e-06
 Reference value :  2.16611e-06
 Reference value :  2.16759e-06
 Reference value :  2.16859e-06
 Reference value :  2.16991e-06
 Reference value :  2.17103e-06
 Reference value :  2.17223e-06
 Reference value :  2.17363e-06
 Reference value :  2.17471e-06
 Reference value :  2.17602e-06
 Reference value :  2.17727e-06
 Reference value :  2.17839e-06
 Reference value :  2.18000e-06
 Reference value :  2.18099e-06
 Reference value :  2.18215e-06
 Reference value :  2.18363e-06
 Reference value :  2.18467e-06
 Reference value :  2.18600e-06
 Reference value :  2.18715e-06
 Reference value :  2.18847e-06
 Reference value :  2.19000e-06
 Reference value :  2.19111e-06
 Reference value :  2.19223e-06
 Reference value :  2.19347e-06
 Reference value :  2.19467e-06
 Reference value :  2.19602e-06
 Reference value :  2.19731e-06
 Reference value :  2.19843e-06
 Reference value :  2.20000e-06
 Reference value :  2.20091e-06
 Reference value :  2.20207e-06
 Reference value :  2.20359e-06
 Reference value :  2.20459e-06
 Reference value :  2.20600e-06
 Reference value :  2.20719e-06
 Reference value :  2.20831e-06
 Reference value :  2.20943e-06
 Reference value :  2.21055e-06
 Reference value :  2.21201e-06
 Reference value :  2.21319e-06
 Reference value :  2.21447e-06
 Reference value :  2.21600e-06
 Reference value :  2.21695e-06
 Reference value :  2.21811e-06
 Reference value :  2.21963e-06
 Reference value :  2.22099e-06
 Reference value :  2.22251e-06
 Reference value :  2.22415e-06
 Reference value :  2.22575e-06
 Reference value :  2.22727e-06
 Reference value :  2.22867e-06
 Reference value :  2.23023e-06
 Reference value :  2.23201e-06
 Reference value :  2.23339e-06
 Reference value :  2.23503e-06
 Reference value :  2.23655e-06
 Reference value :  2.23811e-06
 Reference value :  2.24000e-06
 Reference value :  2.24123e-06
 Reference value :  2.24271e-06
 Reference value :  2.24431e-06
 Reference value :  2.24601e-06
 Reference value :  2.24775e-06
 Reference value :  2.24903e-06
 Reference value :  2.25059e-06
 Reference value :  2.25223e-06
 Reference value :  2.25400e-06
 Reference value :  2.25559e-06
 Reference value :  2.25691e-06
 Reference value :  2.25831e-06
 Reference value :  2.26003e-06
 Reference value :  2.26175e-06
 Reference value :  2.26331e-06
 Reference value :  2.26475e-06
 Reference value :  2.26615e-06
 Reference value :  2.26801e-06
 Reference value :  2.26959e-06
 Reference value :  2.27115e-06
 Reference value :  2.27267e-06
 Reference value :  2.27401e-06
 Reference value :  2.27575e-06
 Reference value :  2.27727e-06
 Reference value :  2.27883e-06
 Reference value :  2.28043e-06
 Reference value :  2.28195e-06
 Reference value :  2.28355e-06
 Reference value :  2.28495e-06
 Reference value :  2.28651e-06
 Reference value :  2.28815e-06
 Reference value :  2.28975e-06
 Reference value :  2.29131e-06
 Reference value :  2.29279e-06
 Reference value :  2.29447e-06
 Reference value :  2.29615e-06
 Reference value :  2.29795e-06
 Reference value :  2.29947e-06
 Reference value :  2.30087e-06
 Reference value :  2.30223e-06
 Reference value :  2.30402e-06
 Reference value :  2.30575e-06
 Reference value :  2.30727e-06
 Reference value :  2.30871e-06
 Reference value :  2.31011e-06
 Reference value :  2.31200e-06
 Reference value :  2.31351e-06
 Reference value :  2.31507e-06
 Reference value :  2.31655e-06
 Reference value :  2.31802e-06
 Reference value :  2.31991e-06
 Reference value :  2.32143e-06
 Reference value :  2.32295e-06
 Reference value :  2.32455e-06
 Reference value :  2.32615e-06
 Reference value :  2.32801e-06
 Reference value :  2.32955e-06
 Reference value :  2.33107e-06
 Reference value :  2.33259e-06
 Reference value :  2.33402e-06
 Reference value :  2.33591e-06
 Reference value :  2.33727e-06
 Reference value :  2.33883e-06
 Reference value :  2.34039e-06
 Reference value :  2.34200e-06
 Reference value :  2.34359e-06
 Reference value :  2.34495e-06
 Reference value :  2.34647e-06
 Reference value :  2.34811e-06
 Reference value :  2.34963e-06
 Reference value :  2.35115e-06
 Reference value :  2.35259e-06
 Reference value :  2.35415e-06
 Reference value :  2.35600e-06
 Reference value :  2.35727e-06
 Reference value :  2.35887e-06
 Reference value :  2.36043e-06
 Reference value :  2.36203e-06
 Reference value :  2.36391e-06
 Reference value :  2.36511e-06
 Reference value :  2.36663e-06
 Reference value :  2.36823e-06
 Reference value :  2.37000e-06
 Reference value :  2.37159e-06
 Reference value :  2.37291e-06
 Reference value :  2.37431e-06
 Reference value :  2.37603e-06
 Reference value :  2.37775e-06
 Reference value :  2.37927e-06
 Reference value :  2.38067e-06
 Reference value :  2.38211e-06
 Reference value :  2.38400e-06
 Reference value :  2.38547e-06
 Reference value :  2.38699e-06
 Reference value :  2.38847e-06
 Reference value :  2.39001e-06
 Reference value :  2.39171e-06
 Reference value :  2.39307e-06
 Reference value :  2.39459e-06
 Reference value :  2.39623e-06
 Reference value :  2.39767e-06
 Reference value :  2.39927e-06
 Reference value :  2.40071e-06
 Reference value :  2.40231e-06
 Reference value :  2.40403e-06
 Reference value :  2.40547e-06
 Reference value :  2.40703e-06
 Reference value :  2.40851e-06
 Reference value :  2.41007e-06
 Reference value :  2.41195e-06
 Reference value :  2.41319e-06
 Reference value :  2.41475e-06
 Reference value :  2.41635e-06
 Reference value :  2.41801e-06
 Reference value :  2.41971e-06
 Reference value :  2.42099e-06
 Reference value :  2.42251e-06
 Reference value :  2.42415e-06
 Reference value :  2.42595e-06
 Reference value :  2.42747e-06
 Reference value :  2.42883e-06
 Reference value :  2.43015e-06
 Reference value :  2.43200e-06
 Reference value :  2.43355e-06
 Reference value :  2.43507e-06
 Reference value :  2.43659e-06
 Reference value :  2.43807e-06
 Reference value :  2.44000e-06
 Reference value :  2.44183e-06
 Reference value :  2.44335e-06
 Reference value :  2.44475e-06
 Reference value :  2.44615e-06
 Reference value :  2.44801e-06
 Reference value :  2.44967e-06
 Reference value :  2.45123e-06
 Reference value :  2.45263e-06
 Reference value :  2.45411e-06
 Reference value :  2.45600e-06
 Reference value :  2.45751e-06
 Reference value :  2.45903e-06
 Reference value :  2.46055e-06
 Reference value :  2.46201e-06
 Reference value :  2.46371e-06
 Reference value :  2.46507e-06
 Reference value :  2.46659e-06
 Reference value :  2.46819e-06
 Reference value :  2.46975e-06
 Reference value :  2.47131e-06
 Reference value :  2.47271e-06
 Reference value :  2.47431e-06
 Reference value :  2.47602e-06
 Reference value :  2.47747e-06
 Reference value :  2.47903e-06
 Reference value :  2.48051e-06
 Reference value :  2.48207e-06
 Reference value :  2.48395e-06
 Reference value :  2.48511e-06
 Reference value :  2.48663e-06
 Reference value :  2.48831e-06
 Reference value :  2.49001e-06
 Reference value :  2.49163e-06
 Reference value :  2.49295e-06
 Reference value :  2.49431e-06
 Reference value :  2.49604e-06
 Reference value :  2.49783e-06
 Reference value :  2.49935e-06
 Reference value :  2.50075e-06
 Reference value :  2.50215e-06
 Reference value :  2.50401e-06
 Reference value :  2.50555e-06
 Reference value :  2.50707e-06
 Reference value :  2.50855e-06
 Reference value :  2.51002e-06
 Reference value :  2.51183e-06
 Reference value :  2.51323e-06
 Reference value :  2.51475e-06
 Reference value :  2.51635e-06
 Reference value :  2.51797e-06
 Reference value :  2.51955e-06
 Reference value :  2.52091e-06
 Reference value :  2.52243e-06
 Reference value :  2.52411e-06
 Reference value :  2.52547e-06
 Reference value :  2.52687e-06
 Reference value :  2.52843e-06
 Reference value :  2.53003e-06
 Reference value :  2.53187e-06
 Reference value :  2.53303e-06
 Reference value :  2.53435e-06
 Reference value :  2.53604e-06
 Reference value :  2.53775e-06
 Reference value :  2.53927e-06
 Reference value :  2.54067e-06
 Reference value :  2.54211e-06
 Reference value :  2.54400e-06
 Reference value :  2.54555e-06
 Reference value :  2.54711e-06
 Reference value :  2.54855e-06
 Reference value :  2.55011e-06
 Reference value :  2.55197e-06
 Reference value :  2.55319e-06
 Reference value :  2.55479e-06
 Reference value :  2.55635e-06
 Reference value :  2.55802e-06
 Reference value :  2.55987e-06
 Reference value :  2.56107e-06
 Reference value :  2.56263e-06
 Reference value :  2.56435e-06
 Reference value :  2.56615e-06
 Reference value :  2.56801e-06
 Reference value :  2.56931e-06
 Reference value :  2.57087e-06
 Reference value :  2.57239e-06
 Reference value :  2.57407e-06
 Reference value :  2.57597e-06
 Reference value :  2.57723e-06
 Reference value :  2.57875e-06
 Reference value :  2.58035e-06
 Reference value :  2.58201e-06
 Reference value :  2.58375e-06
 Reference value :  2.58503e-06
 Reference value :  2.58639e-06
 Reference value :  2.58811e-06
 Reference value :  2.58987e-06
 Reference value :  2.59139e-06
 Reference value :  2.59279e-06
 Reference value :  2.59419e-06
 Reference value :  2.59601e-06
 Reference value :  2.59755e-06
 Reference value :  2.59923e-06
 Reference value :  2.60067e-06
 Reference value :  2.60207e-06
 Reference value :  2.60397e-06
 Reference value :  2.60539e-06
 Reference value :  2.60695e-06
 Reference value :  2.60847e-06
 Reference value :  2.61001e-06
 Reference value :  2.61187e-06
 Reference value :  2.61339e-06
 Reference value :  2.61495e-06
 Reference value :  2.61655e-06
 Reference value :  2.61803e-06
 Reference value :  2.61991e-06
 Reference value :  2.62131e-06
 Reference value :  2.62283e-06
 Reference value :  2.62439e-06
 Reference value :  2.62597e-06
 Reference value :  2.62751e-06
 Reference value :  2.62883e-06
 Reference value :  2.63039e-06
 Reference value :  2.63204e-06
 Reference value :  2.63355e-06
 Reference value :  2.63511e-06
 Reference value :  2.63659e-06
 Reference value :  2.63815e-06
 Reference value :  2.64000e-06
 Reference value :  2.64127e-06
 Reference value :  2.64275e-06
 Reference value :  2.64431e-06
 Reference value :  2.64601e-06
 Reference value :  2.64771e-06
 Reference value :  2.64899e-06
 Reference value :  2.65035e-06
 Reference value :  2.65204e-06
 Reference value :  2.65379e-06
 Reference value :  2.65531e-06
 Reference value :  2.65671e-06
 Reference value :  2.65807e-06
 Reference value :  2.65997e-06
 Reference value :  2.66135e-06
 Reference value :  2.66291e-06
 Reference value :  2.66447e-06
 Reference value :  2.66601e-06
 Reference value :  2.66775e-06
 Reference value :  2.66915e-06
 Reference value :  2.67067e-06
 Reference value :  2.67227e-06
 Reference value :  2.67387e-06
 Reference value :  2.67531e-06
 Reference value :  2.67671e-06
 Reference value :  2.67831e-06
 Reference value :  2.68007e-06
 Reference value :  2.68155e-06
 Reference value :  2.68311e-06
 Reference value :  2.68455e-06
 Reference value :  2.68611e-06
 Reference value :  2.68800e-06
 Reference value :  2.68915e-06
 Reference value :  2.69071e-06
 Reference value :  2.69231e-06
 Reference value :  2.69401e-06
 Reference value :  2.69567e-06
 Reference value :  2.69699e-06
 Reference value :  2.69843e-06
 Reference value :  2.70007e-06
 Reference value :  2.70183e-06
 Reference value :  2.70351e-06
 Reference value :  2.70483e-06
 Reference value :  2.70623e-06
 Reference value :  2.70801e-06
 Reference value :  2.70951e-06
 Reference value :  2.71103e-06
 Reference value :  2.71251e-06
 Reference value :  2.71400e-06
 Reference value :  2.71567e-06
 Reference value :  2.71711e-06
 Reference value :  2.71863e-06
 Reference value :  2.72023e-06
 Reference value :  2.72183e-06
 Reference value :  2.72343e-06
 Reference value :  2.72483e-06
 Reference value :  2.72635e-06
 Reference value :  2.72804e-06
 Reference value :  2.72955e-06
 Reference value :  2.73111e-06
 Reference value :  2.73259e-06
 Reference value :  2.73415e-06
 Reference value :  2.73601e-06
 Reference value :  2.73731e-06
 Reference value :  2.73871e-06
 Reference value :  2.74027e-06
 Reference value :  2.74200e-06
 Reference value :  2.74367e-06
 Reference value :  2.74495e-06
 Reference value :  2.74627e-06
 Reference value :  2.74802e-06
 Reference value :  2.74975e-06
 Reference value :  2.75127e-06
 Reference value :  2.75267e-06
 Reference value :  2.75407e-06
 Reference value :  2.75600e-06
 Reference value :  2.75739e-06
 Reference value :  2.75891e-06
 Reference value :  2.76043e-06
 Reference value :  2.76201e-06
 Reference value :  2.76371e-06
 Reference value :  2.76511e-06
 Reference value :  2.76663e-06
 Reference value :  2.76823e-06
 Reference value :  2.76983e-06
 Reference value :  2.77139e-06
 Reference value :  2.77283e-06
 Reference value :  2.77439e-06
 Reference value :  2.77607e-06
 Reference value :  2.77747e-06
 Reference value :  2.77895e-06
 Reference value :  2.78047e-06
 Reference value :  2.78207e-06
 Reference value :  2.78397e-06
 Reference value :  2.78511e-06
 Reference value :  2.78651e-06
 Reference value :  2.78815e-06
 Reference value :  2.78991e-06
 Reference value :  2.79155e-06
 Reference value :  2.79283e-06
 Reference value :  2.79427e-06
 Reference value :  2.79601e-06
 Reference value :  2.79783e-06
 Reference value :  2.79951e-06
 Reference value :  2.80091e-06
 Reference value :  2.80243e-06
 Reference value :  2.80411e-06
 Reference value :  2.80555e-06
 Reference value :  2.80711e-06
 Reference value :  2.80855e-06
 Reference value :  2.81011e-06
 Reference value :  2.81200e-06
 Reference value :  2.81319e-06
 Reference value :  2.81475e-06
 Reference value :  2.81631e-06
 Reference value :  2.81801e-06
 Reference value :  2.81967e-06
 Reference value :  2.82099e-06
 Reference value :  2.82247e-06
 Reference value :  2.82411e-06
 Reference value :  2.82591e-06
 Reference value :  2.82743e-06
 Reference value :  2.82879e-06
 Reference value :  2.83019e-06
 Reference value :  2.83201e-06
 Reference value :  2.83359e-06
 Reference value :  2.83511e-06
 Reference value :  2.83659e-06
 Reference value :  2.83802e-06
 Reference value :  2.83983e-06
 Reference value :  2.84123e-06
 Reference value :  2.84275e-06
 Reference value :  2.84435e-06
 Reference value :  2.84597e-06
 Reference value :  2.84755e-06
 Reference value :  2.84891e-06
 Reference value :  2.85043e-06
 Reference value :  2.85211e-06
 Reference value :  2.85367e-06
 Reference value :  2.85523e-06
 Reference value :  2.85667e-06
 Reference value :  2.85823e-06
 Reference value :  2.86001e-06
 Reference value :  2.86135e-06
 Reference value :  2.86291e-06
 Reference value :  2.86443e-06
 Reference value :  2.86603e-06
 Reference value :  2.86791e-06
 Reference value :  2.86911e-06
 Reference value :  2.87055e-06
 Reference value :  2.87215e-06
 Reference value :  2.87391e-06
 Reference value :  2.87547e-06
 Reference value :  2.87679e-06
 Reference value :  2.87819e-06
 Reference value :  2.88001e-06
 Reference value :  2.88155e-06
 Reference value :  2.88307e-06
 Reference value :  2.88459e-06
 Reference value :  2.88607e-06
 Reference value :  2.88800e-06
 Reference value :  2.88943e-06
 Reference value :  2.89095e-06
 Reference value :  2.89247e-06
 Reference value :  2.89401e-06
 Reference value :  2.89575e-06
 Reference value :  2.89719e-06
 Reference value :  2.89867e-06
 Reference value :  2.90027e-06
 Reference value :  2.90171e-06
 Reference value :  2.90327e-06
 Reference value :  2.90467e-06
 Reference value :  2.90623e-06
 Reference value :  2.90801e-06
 Reference value :  2.90931e-06
 Reference value :  2.91091e-06
 Reference value :  2.91243e-06
 Reference value :  2.91403e-06
 Reference value :  2.91587e-06
 Reference value :  2.91711e-06
 Reference value :  2.91863e-06
 Reference value :  2.92023e-06
 Reference value :  2.92200e-06
 Reference value :  2.92371e-06
 Reference value :  2.92495e-06
 Reference value :  2.92643e-06
 Reference value :  2.92807e-06
 Reference value :  2.92983e-06
 Reference value :  2.93151e-06
 Reference value :  2.93287e-06
 Reference value :  2.93415e-06
 Reference value :  2.93600e-06
 Reference value :  2.93743e-06
 Reference value :  2.93895e-06
 Reference value :  2.94047e-06
 Reference value :  2.94201e-06
 Reference value :  2.94371e-06
 Reference value :  2.94507e-06
 Reference value :  2.94659e-06
 Reference value :  2.94843e-06
 Reference value :  2.95000e-06
 Reference value :  2.95171e-06
 Reference value :  2.95311e-06
 Reference value :  2.95459e-06
 Reference value :  2.95643e-06
 Reference value :  2.95800e-06
 Reference value :  2.95959e-06
 Reference value :  2.96095e-06
 Reference value :  2.96259e-06
 Reference value :  2.96419e-06
 Reference value :  2.96563e-06
 Reference value :  2.96711e-06
 Reference value :  2.96851e-06
 Reference value :  2.97007e-06
 Reference value :  2.97197e-06
 Reference value :  2.97311e-06
 Reference value :  2.97463e-06
 Reference value :  2.97619e-06
 Reference value :  2.97797e-06
 Reference value :  2.97951e-06
 Reference value :  2.98087e-06
 Reference value :  2.98223e-06
 Reference value :  2.98401e-06
 Reference value :  2.98571e-06
 Reference value :  2.98715e-06
 Reference value :  2.98851e-06
 Reference value :  2.99002e-06
 Reference value :  2.99187e-06
 Reference value :  2.99327e-06
 Reference value :  2.99479e-06
 Reference value :  2.99631e-06
 Reference value :  2.99783e-06
 Reference value :  2.99935e-06
 Reference value :  3.00075e-06
 Reference value :  3.00231e-06
 Reference value :  3.00403e-06
 Reference value :  3.00547e-06
 Reference value :  3.00699e-06
 Reference value :  3.00847e-06
 Reference value :  3.01004e-06
 Reference value :  3.01195e-06
 Reference value :  3.01311e-06
 Reference value :  3.01459e-06
 Reference value :  3.01615e-06
 Reference value :  3.01795e-06
 Reference value :  3.01947e-06
 Reference value :  3.02079e-06
 Reference value :  3.02215e-06
 Reference value :  3.02400e-06
 Reference value :  3.02539e-06
 Reference value :  3.02691e-06
 Reference value :  3.02839e-06
 Reference value :  3.02967e-06
 Reference value :  3.03111e-06
 Reference value :  3.03259e-06
 Reference value :  3.03415e-06
 Reference value :  3.03600e-06
 Reference value :  3.03711e-06
 Reference value :  3.03847e-06
 Reference value :  3.04004e-06
 Reference value :  3.04171e-06
 Reference value :  3.04327e-06
 Reference value :  3.04463e-06
 Reference value :  3.04607e-06
 Reference value :  3.04797e-06
 Reference value :  3.04947e-06
 Reference value :  3.05103e-06
 Reference value :  3.05259e-06
 Reference value :  3.05411e-06
 Reference value :  3.05597e-06
 Reference value :  3.05719e-06
 Reference value :  3.05863e-06
 Reference value :  3.06019e-06
 Reference value :  3.06197e-06
 Reference value :  3.06351e-06
 Reference value :  3.06483e-06
 Reference value :  3.06619e-06
 Reference value :  3.06801e-06
 Reference value :  3.06963e-06
 Reference value :  3.07111e-06
 Reference value :  3.07259e-06
 Reference value :  3.07402e-06
 Reference value :  3.07587e-06
 Reference value :  3.07719e-06
 Reference value :  3.07863e-06
 Reference value :  3.08019e-06
 Reference value :  3.08175e-06
 Reference value :  3.08319e-06
 Reference value :  3.08459e-06
 Reference value :  3.08603e-06
 Reference value :  3.08787e-06
 Reference value :  3.08907e-06
 Reference value :  3.09035e-06
 Reference value :  3.09203e-06
 Reference value :  3.09367e-06
 Reference value :  3.09511e-06
 Reference value :  3.09651e-06
 Reference value :  3.09800e-06
 Reference value :  3.09959e-06
 Reference value :  3.10091e-06
 Reference value :  3.10243e-06
 Reference value :  3.10407e-06
 Reference value :  3.10551e-06
 Reference value :  3.10699e-06
 Reference value :  3.10847e-06
 Reference value :  3.11002e-06
 Reference value :  3.11167e-06
 Reference value :  3.11287e-06
 Reference value :  3.11415e-06
 Reference value :  3.11600e-06
 Reference value :  3.11743e-06
 Reference value :  3.11887e-06
 Reference value :  3.12051e-06
 Reference value :  3.12202e-06
 Reference value :  3.12383e-06
 Reference value :  3.12523e-06
 Reference value :  3.12679e-06
 Reference value :  3.12835e-06
 Reference value :  3.12997e-06
 Reference value :  3.13151e-06
 Reference value :  3.13283e-06
 Reference value :  3.13447e-06
 Reference value :  3.13611e-06
 Reference value :  3.13767e-06
 Reference value :  3.13915e-06
 Reference value :  3.14059e-06
 Reference value :  3.14215e-06
 Reference value :  3.14400e-06
 Reference value :  3.14523e-06
 Reference value :  3.14675e-06
 Reference value :  3.14827e-06
 Reference value :  3.15000e-06
 Reference value :  3.15159e-06
 Reference value :  3.15295e-06
 Reference value :  3.15423e-06
 Reference value :  3.15602e-06
 Reference value :  3.15775e-06
 Reference value :  3.15931e-06
 Reference value :  3.16071e-06
 Reference value :  3.16215e-06
 Reference value :  3.16411e-06
 Reference value :  3.16597e-06
 Reference value :  3.16751e-06
 Reference value :  3.16899e-06
 Reference value :  3.17043e-06
 Reference value :  3.17211e-06
 Reference value :  3.17391e-06
 Reference value :  3.17543e-06
 Reference value :  3.17683e-06
 Reference value :  3.17819e-06
 Reference value :  3.18000e-06
 Reference value :  3.18143e-06
 Reference value :  3.18303e-06
 Reference value :  3.18451e-06
 Reference value :  3.18602e-06
 Reference value :  3.18787e-06
 Reference value :  3.18919e-06
 Reference value :  3.19075e-06
 Reference value :  3.19231e-06
 Reference value :  3.19387e-06
 Reference value :  3.19543e-06
 Reference value :  3.19679e-06
 Reference value :  3.19843e-06
No. of Data Rows : 94280
sim/harness: analysis complete
Note: Simulation executed from .control section 
Note: Starting dynamic gmin stepping
Note: Dynamic gmin stepping completed
