
Note: Compatibility modes selected: hs a


Circuit: ** sch_path: /users/rwalters/github/sky130-pll/.loom/worktrees/issue-131/sim/divider-n63/testbench/tb_divider_n63.sch

option SCALE: Scale is set to 1e-06 for instance and model parameters
option SCALE: Scale is set to 1e-06 for instance and model parameters
option SCALE: Scale is set to 1e-06 for instance and model parameters
option SCALE: Scale is set to 1e-06 for instance and model parameters
Doing analysis at TEMP = 125.000000 and TNOM = 27.000000

Using KLU as Direct Linear Solver
 Reference value :  0.00000e+00
 Reference value :  1.02290e-09
 Reference value :  2.22762e-09
 Reference value :  3.86762e-09
 Reference value :  5.00400e-09
 Reference value :  6.18763e-09
 Reference value :  7.82763e-09
 Reference value :  8.86763e-09
 Reference value :  1.01476e-08
 Reference value :  1.17876e-08
 Reference value :  1.27476e-08
 Reference value :  1.40081e-08
 Reference value :  1.52676e-08
 Reference value :  1.63476e-08
 Reference value :  1.77876e-08
 Reference value :  1.88676e-08
 Reference value :  2.00676e-08
 Reference value :  2.11876e-08
 Reference value :  2.23476e-08
 Reference value :  2.39738e-08
 Reference value :  2.50276e-08
 Reference value :  2.62276e-08
 Reference value :  2.77876e-08
 Reference value :  2.87876e-08
 Reference value :  3.00396e-08
 Reference value :  3.15876e-08
 Reference value :  3.25876e-08
 Reference value :  3.40134e-08
 Reference value :  3.54276e-08
 Reference value :  3.65076e-08
 Reference value :  3.80081e-08
 Reference value :  3.93476e-08
 Reference value :  4.04276e-08
 Reference value :  4.16676e-08
 Reference value :  4.28676e-08
 Reference value :  4.41476e-08
 Reference value :  4.55876e-08
 Reference value :  4.67876e-08
 Reference value :  4.80676e-08
 Reference value :  4.92676e-08
 Reference value :  5.06676e-08
 Reference value :  5.20081e-08
 Reference value :  5.31476e-08
 Reference value :  5.43076e-08
 Reference value :  5.59476e-08
 Reference value :  5.68276e-08
 Reference value :  5.80676e-08
 Reference value :  5.96676e-08
 Reference value :  6.07476e-08
 Reference value :  6.22676e-08
 Reference value :  6.40038e-08
 Reference value :  6.49476e-08
 Reference value :  6.60676e-08
 Reference value :  6.76276e-08
 Reference value :  6.86676e-08
 Reference value :  7.00186e-08
 Reference value :  7.14276e-08
 Reference value :  7.25061e-08
 Reference value :  7.38661e-08
 Reference value :  7.50676e-08
 Reference value :  7.61876e-08
 Reference value :  7.75876e-08
 Reference value :  7.87476e-08
 Reference value :  8.00256e-08
 Reference value :  8.09876e-08
 Reference value :  8.21476e-08
 Reference value :  8.37476e-08
 Reference value :  8.47861e-08
 Reference value :  8.60396e-08
 Reference value :  8.74676e-08
 Reference value :  8.84676e-08
 Reference value :  8.97876e-08
 Reference value :  9.12276e-08
 Reference value :  9.23476e-08
 Reference value :  9.37876e-08
 Reference value :  9.49476e-08
 Reference value :  9.61876e-08
 Reference value :  9.73876e-08
 Reference value :  9.85476e-08
 Reference value :  1.00004e-07
 Reference value :  1.01028e-07
 Reference value :  1.02228e-07
 Reference value :  1.03748e-07
 Reference value :  1.04668e-07
 Reference value :  1.05948e-07
 Reference value :  1.07188e-07
 Reference value :  1.08348e-07
 Reference value :  1.09868e-07
 Reference value :  1.11028e-07
 Reference value :  1.12426e-07
 Reference value :  1.13666e-07
 Reference value :  1.14828e-07
 Reference value :  1.16108e-07
 Reference value :  1.17388e-07
 Reference value :  1.18548e-07
 Reference value :  1.20008e-07
 Reference value :  1.21188e-07
 Reference value :  1.22388e-07
 Reference value :  1.24001e-07
 Reference value :  1.25148e-07
 Reference value :  1.26308e-07
 Reference value :  1.27948e-07
 Reference value :  1.28828e-07
 Reference value :  1.30013e-07
 Reference value :  1.31668e-07
 Reference value :  1.32748e-07
 Reference value :  1.34040e-07
 Reference value :  1.35588e-07
 Reference value :  1.36628e-07
 Reference value :  1.37868e-07
 Reference value :  1.39108e-07
 Reference value :  1.40388e-07
 Reference value :  1.41948e-07
 Reference value :  1.43108e-07
 Reference value :  1.44268e-07
 Reference value :  1.45708e-07
 Reference value :  1.46908e-07
 Reference value :  1.48228e-07
 Reference value :  1.49628e-07
 Reference value :  1.50788e-07
 Reference value :  1.52068e-07
 Reference value :  1.53308e-07
 Reference value :  1.54548e-07
 Reference value :  1.56001e-07
 Reference value :  1.57028e-07
 Reference value :  1.58188e-07
 Reference value :  1.59748e-07
 Reference value :  1.60628e-07
 Reference value :  1.61948e-07
 Reference value :  1.63028e-07
 Reference value :  1.64228e-07
 Reference value :  1.65668e-07
 Reference value :  1.66748e-07
 Reference value :  1.68008e-07
 Reference value :  1.68948e-07
 Reference value :  1.70188e-07
 Reference value :  1.71828e-07
 Reference value :  1.72868e-07
 Reference value :  1.74148e-07
 Reference value :  1.75708e-07
 Reference value :  1.76548e-07
 Reference value :  1.77908e-07
 Reference value :  1.79148e-07
 Reference value :  1.80348e-07
 Reference value :  1.81748e-07
 Reference value :  1.82828e-07
 Reference value :  1.84108e-07
 Reference value :  1.85308e-07
 Reference value :  1.86468e-07
 Reference value :  1.87948e-07
 Reference value :  1.88868e-07
 Reference value :  1.90068e-07
 Reference value :  1.91588e-07
 Reference value :  1.92588e-07
 Reference value :  1.93908e-07
 Reference value :  1.95068e-07
 Reference value :  1.96268e-07
 Reference value :  1.97868e-07
 Reference value :  1.99228e-07
 Reference value :  2.00388e-07
 Reference value :  2.01588e-07
 Reference value :  2.02628e-07
 Reference value :  2.04015e-07
 Reference value :  2.05308e-07
 Reference value :  2.06428e-07
 Reference value :  2.07948e-07
 Reference value :  2.08748e-07
 Reference value :  2.10013e-07
 Reference value :  2.11308e-07
 Reference value :  2.12388e-07
 Reference value :  2.13828e-07
 Reference value :  2.15028e-07
 Reference value :  2.16148e-07
 Reference value :  2.17308e-07
 Reference value :  2.18428e-07
 Reference value :  2.20000e-07
 Reference value :  2.21028e-07
 Reference value :  2.22148e-07
 Reference value :  2.23628e-07
 Reference value :  2.24588e-07
 Reference value :  2.25974e-07
 Reference value :  2.27148e-07
 Reference value :  2.28268e-07
 Reference value :  2.29628e-07
 Reference value :  2.30708e-07
 Reference value :  2.32013e-07
 Reference value :  2.32908e-07
 Reference value :  2.34040e-07
 Reference value :  2.35548e-07
 Reference value :  2.36508e-07
 Reference value :  2.37974e-07
 Reference value :  2.39108e-07
 Reference value :  2.40268e-07
 Reference value :  2.41428e-07
 Reference value :  2.42548e-07
 Reference value :  2.44001e-07
 Reference value :  2.44948e-07
 Reference value :  2.46148e-07
 Reference value :  2.47628e-07
 Reference value :  2.48546e-07
 Reference value :  2.49906e-07
 Reference value :  2.51068e-07
 Reference value :  2.52226e-07
 Reference value :  2.53546e-07
 Reference value :  2.54628e-07
 Reference value :  2.56008e-07
 Reference value :  2.56908e-07
 Reference value :  2.58013e-07
 Reference value :  2.59308e-07
 Reference value :  2.60348e-07
 Reference value :  2.61828e-07
 Reference value :  2.62868e-07
 Reference value :  2.64039e-07
 Reference value :  2.65026e-07
 Reference value :  2.66108e-07
 Reference value :  2.67628e-07
 Reference value :  2.68588e-07
 Reference value :  2.70001e-07
 Reference value :  2.71148e-07
 Reference value :  2.72268e-07
 Reference value :  2.73508e-07
 Reference value :  2.74628e-07
 Reference value :  2.76013e-07
 Reference value :  2.77186e-07
 Reference value :  2.78348e-07
 Reference value :  2.79948e-07
 Reference value :  2.80828e-07
 Reference value :  2.82040e-07
 Reference value :  2.83508e-07
 Reference value :  2.84508e-07
 Reference value :  2.85828e-07
 Reference value :  2.87028e-07
 Reference value :  2.88226e-07
 Reference value :  2.89586e-07
 Reference value :  2.90708e-07
 Reference value :  2.92026e-07
 Reference value :  2.93068e-07
 Reference value :  2.94268e-07
 Reference value :  2.95828e-07
 Reference value :  2.97068e-07
 Reference value :  2.98428e-07
 Reference value :  3.00004e-07
 Reference value :  3.01066e-07
 Reference value :  3.02228e-07
 Reference value :  3.03788e-07
 Reference value :  3.04708e-07
 Reference value :  3.06008e-07
 Reference value :  3.07228e-07
 Reference value :  3.08308e-07
 Reference value :  3.09588e-07
 Reference value :  3.10748e-07
 Reference value :  3.12025e-07
 Reference value :  3.13306e-07
 Reference value :  3.14428e-07
 Reference value :  3.15908e-07
 Reference value :  3.16748e-07
 Reference value :  3.17974e-07
 Reference value :  3.18988e-07
 Reference value :  3.20148e-07
 Reference value :  3.21428e-07
 Reference value :  3.22468e-07
 Reference value :  3.24004e-07
 Reference value :  3.24866e-07
 Reference value :  3.26019e-07
 Reference value :  3.27388e-07
 Reference value :  3.28508e-07
 Reference value :  3.30001e-07
 Reference value :  3.31188e-07
 Reference value :  3.32268e-07
 Reference value :  3.33348e-07
 Reference value :  3.34388e-07
 Reference value :  3.35908e-07
 Reference value :  3.36906e-07
 Reference value :  3.38148e-07
 Reference value :  3.39668e-07
 Reference value :  3.40628e-07
 Reference value :  3.42001e-07
 Reference value :  3.43228e-07
 Reference value :  3.44348e-07
 Reference value :  3.45708e-07
 Reference value :  3.46708e-07
 Reference value :  3.48018e-07
 Reference value :  3.49066e-07
 Reference value :  3.50188e-07
 Reference value :  3.51668e-07
 Reference value :  3.52588e-07
 Reference value :  3.54008e-07
 Reference value :  3.55188e-07
 Reference value :  3.56268e-07
 Reference value :  3.57348e-07
 Reference value :  3.58388e-07
 Reference value :  3.59948e-07
 Reference value :  3.60948e-07
 Reference value :  3.62148e-07
 Reference value :  3.63668e-07
 Reference value :  3.64548e-07
 Reference value :  3.65828e-07
 Reference value :  3.66948e-07
 Reference value :  3.68148e-07
 Reference value :  3.69548e-07
 Reference value :  3.70588e-07
 Reference value :  3.72001e-07
 Reference value :  3.72868e-07
 Reference value :  3.74068e-07
 Reference value :  3.75588e-07
 Reference value :  3.76548e-07
 Reference value :  3.78004e-07
 Reference value :  3.79108e-07
 Reference value :  3.80268e-07
 Reference value :  3.81308e-07
 Reference value :  3.82268e-07
 Reference value :  3.83788e-07
 Reference value :  3.84668e-07
 Reference value :  3.86015e-07
 Reference value :  3.87348e-07
 Reference value :  3.88388e-07
 Reference value :  3.89588e-07
 Reference value :  3.90708e-07
 Reference value :  3.92015e-07
 Reference value :  3.93268e-07
 Reference value :  3.94388e-07
 Reference value :  3.96000e-07
 Reference value :  3.96868e-07
 Reference value :  3.98068e-07
 Reference value :  3.99628e-07
 Reference value :  4.00626e-07
 Reference value :  4.02004e-07
 Reference value :  4.03188e-07
 Reference value :  4.04308e-07
 Reference value :  4.05548e-07
 Reference value :  4.06708e-07
 Reference value :  4.08015e-07
 Reference value :  4.09268e-07
 Reference value :  4.10388e-07
 Reference value :  4.11974e-07
 Reference value :  4.12826e-07
 Reference value :  4.14013e-07
 Reference value :  4.15348e-07
 Reference value :  4.16388e-07
 Reference value :  4.17828e-07
 Reference value :  4.18788e-07
 Reference value :  4.20015e-07
 Reference value :  4.20948e-07
 Reference value :  4.22148e-07
 Reference value :  4.23668e-07
 Reference value :  4.24586e-07
 Reference value :  4.26013e-07
 Reference value :  4.27388e-07
 Reference value :  4.28588e-07
 Reference value :  4.30008e-07
 Reference value :  4.31308e-07
 Reference value :  4.32388e-07
 Reference value :  4.33788e-07
 Reference value :  4.34828e-07
 Reference value :  4.36066e-07
 Reference value :  4.37226e-07
 Reference value :  4.38428e-07
 Reference value :  4.40008e-07
 Reference value :  4.41108e-07
 Reference value :  4.42228e-07
 Reference value :  4.43788e-07
 Reference value :  4.44708e-07
 Reference value :  4.45974e-07
 Reference value :  4.47108e-07
 Reference value :  4.48226e-07
 Reference value :  4.49586e-07
 Reference value :  4.50668e-07
 Reference value :  4.52013e-07
 Reference value :  4.52908e-07
 Reference value :  4.54068e-07
 Reference value :  4.55548e-07
 Reference value :  4.56508e-07
 Reference value :  4.58000e-07
 Reference value :  4.59148e-07
 Reference value :  4.60306e-07
 Reference value :  4.61506e-07
 Reference value :  4.62508e-07
 Reference value :  4.64004e-07
 Reference value :  4.64988e-07
 Reference value :  4.66148e-07
 Reference value :  4.67788e-07
 Reference value :  4.68708e-07
 Reference value :  4.70008e-07
 Reference value :  4.71308e-07
 Reference value :  4.72426e-07
 Reference value :  4.74015e-07
 Reference value :  4.75428e-07
 Reference value :  4.76468e-07
 Reference value :  4.77748e-07
 Reference value :  4.78828e-07
 Reference value :  4.80068e-07
 Reference value :  4.81348e-07
 Reference value :  4.82428e-07
 Reference value :  4.84000e-07
 Reference value :  4.84868e-07
 Reference value :  4.86040e-07
 Reference value :  4.87548e-07
 Reference value :  4.88548e-07
 Reference value :  4.90001e-07
 Reference value :  4.91148e-07
 Reference value :  4.92308e-07
 Reference value :  4.93588e-07
 Reference value :  4.94748e-07
 Reference value :  4.96039e-07
 Reference value :  4.97266e-07
 Reference value :  4.98348e-07
 Reference value :  4.99948e-07
 Reference value :  5.00826e-07
 Reference value :  5.02040e-07
 Reference value :  5.03468e-07
 Reference value :  5.04468e-07
 Reference value :  5.05974e-07
 Reference value :  5.06988e-07
 Reference value :  5.08108e-07
 Reference value :  5.09148e-07
 Reference value :  5.10148e-07
 Reference value :  5.11748e-07
 Reference value :  5.12708e-07
 Reference value :  5.14013e-07
 Reference value :  5.15348e-07
 Reference value :  5.16388e-07
 Reference value :  5.17428e-07
 Reference value :  5.18508e-07
 Reference value :  5.19974e-07
 Reference value :  5.20788e-07
 Reference value :  5.22015e-07
 Reference value :  5.23268e-07
 Reference value :  5.24348e-07
 Reference value :  5.25548e-07
 Reference value :  5.26628e-07
 Reference value :  5.28015e-07
 Reference value :  5.29306e-07
 Reference value :  5.30468e-07
 Reference value :  5.32000e-07
 Reference value :  5.33028e-07
 Reference value :  5.34188e-07
 Reference value :  5.35628e-07
 Reference value :  5.36548e-07
 Reference value :  5.37908e-07
 Reference value :  5.39068e-07
 Reference value :  5.40228e-07
 Reference value :  5.41668e-07
 Reference value :  5.42788e-07
 Reference value :  5.44026e-07
 Reference value :  5.45028e-07
 Reference value :  5.46268e-07
 Reference value :  5.47828e-07
 Reference value :  5.48668e-07
 Reference value :  5.50015e-07
 Reference value :  5.51388e-07
 Reference value :  5.52426e-07
 Reference value :  5.53666e-07
 Reference value :  5.54748e-07
 Reference value :  5.56019e-07
 Reference value :  5.57268e-07
 Reference value :  5.58348e-07
 Reference value :  5.59948e-07
 Reference value :  5.60748e-07
 Reference value :  5.62013e-07
 Reference value :  5.63388e-07
 Reference value :  5.64468e-07
 Reference value :  5.65974e-07
 Reference value :  5.67108e-07
 Reference value :  5.68348e-07
 Reference value :  5.69588e-07
 Reference value :  5.70708e-07
 Reference value :  5.72015e-07
 Reference value :  5.73468e-07
 Reference value :  5.74668e-07
 Reference value :  5.76015e-07
 Reference value :  5.76986e-07
 Reference value :  5.78188e-07
 Reference value :  5.79748e-07
 Reference value :  5.81028e-07
 Reference value :  5.82148e-07
 Reference value :  5.83628e-07
 Reference value :  5.84548e-07
 Reference value :  5.85748e-07
 Reference value :  5.86868e-07
 Reference value :  5.88068e-07
 Reference value :  5.89428e-07
 Reference value :  5.90588e-07
 Reference value :  5.92013e-07
 Reference value :  5.92948e-07
 Reference value :  5.94108e-07
 Reference value :  5.95628e-07
 Reference value :  5.96588e-07
 Reference value :  5.98004e-07
 Reference value :  5.99228e-07
 Reference value :  6.00506e-07
 Reference value :  6.01826e-07
 Reference value :  6.03308e-07
 Reference value :  6.04428e-07
 Reference value :  6.05908e-07
 Reference value :  6.07028e-07
 Reference value :  6.08188e-07
 Reference value :  6.09228e-07
 Reference value :  6.10308e-07
 Reference value :  6.11908e-07
 Reference value :  6.12908e-07
 Reference value :  6.14148e-07
 Reference value :  6.15708e-07
 Reference value :  6.16668e-07
 Reference value :  6.18008e-07
 Reference value :  6.19508e-07
 Reference value :  6.20508e-07
 Reference value :  6.21974e-07
 Reference value :  6.23068e-07
 Reference value :  6.24266e-07
 Reference value :  6.25506e-07
 Reference value :  6.26668e-07
 Reference value :  6.28013e-07
 Reference value :  6.29188e-07
 Reference value :  6.30348e-07
 Reference value :  6.31974e-07
 Reference value :  6.32828e-07
 Reference value :  6.34008e-07
 Reference value :  6.35308e-07
 Reference value :  6.36428e-07
 Reference value :  6.37974e-07
 Reference value :  6.39108e-07
 Reference value :  6.40268e-07
 Reference value :  6.41348e-07
 Reference value :  6.42468e-07
 Reference value :  6.44001e-07
 Reference value :  6.45028e-07
 Reference value :  6.46188e-07
 Reference value :  6.47668e-07
 Reference value :  6.48586e-07
 Reference value :  6.49906e-07
 Reference value :  6.51028e-07
 Reference value :  6.52228e-07
 Reference value :  6.53588e-07
 Reference value :  6.54668e-07
 Reference value :  6.56013e-07
 Reference value :  6.56948e-07
 Reference value :  6.58108e-07
 Reference value :  6.59668e-07
 Reference value :  6.60628e-07
 Reference value :  6.62012e-07
 Reference value :  6.63268e-07
 Reference value :  6.64308e-07
 Reference value :  6.65468e-07
 Reference value :  6.66548e-07
 Reference value :  6.68004e-07
 Reference value :  6.69028e-07
 Reference value :  6.70148e-07
 Reference value :  6.71668e-07
 Reference value :  6.72666e-07
 Reference value :  6.74004e-07
 Reference value :  6.75308e-07
 Reference value :  6.76428e-07
 Reference value :  6.78013e-07
 Reference value :  6.79468e-07
 Reference value :  6.80588e-07
 Reference value :  6.81974e-07
 Reference value :  6.83188e-07
 Reference value :  6.84468e-07
 Reference value :  6.85974e-07
 Reference value :  6.87108e-07
 Reference value :  6.88228e-07
 Reference value :  6.89388e-07
 Reference value :  6.90428e-07
 Reference value :  6.92000e-07
 Reference value :  6.93028e-07
 Reference value :  6.94228e-07
 Reference value :  6.95788e-07
 Reference value :  6.96706e-07
 Reference value :  6.98000e-07
 Reference value :  6.99188e-07
 Reference value :  7.00348e-07
 Reference value :  7.01788e-07
 Reference value :  7.02828e-07
 Reference value :  7.04040e-07
 Reference value :  7.05068e-07
 Reference value :  7.06228e-07
 Reference value :  7.07708e-07
 Reference value :  7.08628e-07
 Reference value :  7.10008e-07
 Reference value :  7.11228e-07
 Reference value :  7.12428e-07
 Reference value :  7.13868e-07
 Reference value :  7.15148e-07
 Reference value :  7.16428e-07
 Reference value :  7.17828e-07
 Reference value :  7.18948e-07
 Reference value :  7.20108e-07
 Reference value :  7.21148e-07
 Reference value :  7.22188e-07
 Reference value :  7.23668e-07
 Reference value :  7.24628e-07
 Reference value :  7.26013e-07
 Reference value :  7.27308e-07
 Reference value :  7.28388e-07
 Reference value :  7.29788e-07
 Reference value :  7.30788e-07
 Reference value :  7.32019e-07
 Reference value :  7.33108e-07
 Reference value :  7.34148e-07
 Reference value :  7.35628e-07
 Reference value :  7.36508e-07
 Reference value :  7.37588e-07
 Reference value :  7.38668e-07
 Reference value :  7.40013e-07
 Reference value :  7.41148e-07
 Reference value :  7.42188e-07
 Reference value :  7.43708e-07
 Reference value :  7.44628e-07
 Reference value :  7.45974e-07
 Reference value :  7.47108e-07
 Reference value :  7.48268e-07
 Reference value :  7.49708e-07
 Reference value :  7.50868e-07
 Reference value :  7.52068e-07
 Reference value :  7.53068e-07
 Reference value :  7.54148e-07
 Reference value :  7.55588e-07
 Reference value :  7.56548e-07
 Reference value :  7.58008e-07
 Reference value :  7.59308e-07
 Reference value :  7.60388e-07
 Reference value :  7.61428e-07
 Reference value :  7.62588e-07
 Reference value :  7.64008e-07
 Reference value :  7.65148e-07
 Reference value :  7.66268e-07
 Reference value :  7.67868e-07
 Reference value :  7.68748e-07
 Reference value :  7.70000e-07
 Reference value :  7.71188e-07
 Reference value :  7.72348e-07
 Reference value :  7.73788e-07
 Reference value :  7.74908e-07
 Reference value :  7.76108e-07
 Reference value :  7.77188e-07
 Reference value :  7.78308e-07
 Reference value :  7.79788e-07
 Reference value :  7.80788e-07
 Reference value :  7.82026e-07
 Reference value :  7.83508e-07
 Reference value :  7.84508e-07
 Reference value :  7.86004e-07
 Reference value :  7.87228e-07
 Reference value :  7.88348e-07
 Reference value :  7.89548e-07
 Reference value :  7.90668e-07
 Reference value :  7.92015e-07
 Reference value :  7.93148e-07
 Reference value :  7.94148e-07
 Reference value :  7.95628e-07
 Reference value :  7.96626e-07
 Reference value :  7.97973e-07
 Reference value :  7.99148e-07
 Reference value :  8.00308e-07
 Reference value :  8.01628e-07
 Reference value :  8.02668e-07
 Reference value :  8.04015e-07
 Reference value :  8.05228e-07
 Reference value :  8.06388e-07
 Reference value :  8.08000e-07
 Reference value :  8.09028e-07
 Reference value :  8.10188e-07
 Reference value :  8.11708e-07
 Reference value :  8.12548e-07
 Reference value :  8.13908e-07
 Reference value :  8.15068e-07
 Reference value :  8.16388e-07
 Reference value :  8.17868e-07
 Reference value :  8.18988e-07
 Reference value :  8.20186e-07
 Reference value :  8.21266e-07
 Reference value :  8.22428e-07
 Reference value :  8.24001e-07
 Reference value :  8.25068e-07
 Reference value :  8.26268e-07
 Reference value :  8.27868e-07
 Reference value :  8.28748e-07
 Reference value :  8.30001e-07
 Reference value :  8.31228e-07
 Reference value :  8.32348e-07
 Reference value :  8.33828e-07
 Reference value :  8.34948e-07
 Reference value :  8.36148e-07
 Reference value :  8.37268e-07
 Reference value :  8.38428e-07
 Reference value :  8.40001e-07
 Reference value :  8.41308e-07
 Reference value :  8.42468e-07
 Reference value :  8.44008e-07
 Reference value :  8.44906e-07
 Reference value :  8.46068e-07
 Reference value :  8.47588e-07
 Reference value :  8.48588e-07
 Reference value :  8.50013e-07
 Reference value :  8.51388e-07
 Reference value :  8.52468e-07
 Reference value :  8.53788e-07
 Reference value :  8.54908e-07
 Reference value :  8.56019e-07
 Reference value :  8.57228e-07
 Reference value :  8.58388e-07
 Reference value :  8.59948e-07
 Reference value :  8.60788e-07
 Reference value :  8.62015e-07
 Reference value :  8.63468e-07
 Reference value :  8.64508e-07
 Reference value :  8.66001e-07
 Reference value :  8.67188e-07
 Reference value :  8.68266e-07
 Reference value :  8.69386e-07
 Reference value :  8.70468e-07
 Reference value :  8.71974e-07
 Reference value :  8.72948e-07
 Reference value :  8.74148e-07
 Reference value :  8.75708e-07
 Reference value :  8.76668e-07
 Reference value :  8.78004e-07
 Reference value :  8.79268e-07
 Reference value :  8.80588e-07
 Reference value :  8.82008e-07
 Reference value :  8.83228e-07
 Reference value :  8.84268e-07
 Reference value :  8.85348e-07
 Reference value :  8.86548e-07
 Reference value :  8.88040e-07
 Reference value :  8.89428e-07
 Reference value :  8.90548e-07
 Reference value :  8.92004e-07
 Reference value :  8.92866e-07
 Reference value :  8.94040e-07
 Reference value :  8.95548e-07
 Reference value :  8.96588e-07
 Reference value :  8.98013e-07
 Reference value :  8.99348e-07
 Reference value :  9.00388e-07
 Reference value :  9.01548e-07
 Reference value :  9.02588e-07
 Reference value :  9.04004e-07
 Reference value :  9.04988e-07
 Reference value :  9.06148e-07
 Reference value :  9.07628e-07
 Reference value :  9.08588e-07
 Reference value :  9.09948e-07
 Reference value :  9.11068e-07
 Reference value :  9.12228e-07
 Reference value :  9.13668e-07
 Reference value :  9.14828e-07
 Reference value :  9.16039e-07
 Reference value :  9.17146e-07
 Reference value :  9.18188e-07
 Reference value :  9.19668e-07
 Reference value :  9.20668e-07
 Reference value :  9.22019e-07
 Reference value :  9.23668e-07
 Reference value :  9.24628e-07
 Reference value :  9.25974e-07
 Reference value :  9.27148e-07
 Reference value :  9.28308e-07
 Reference value :  9.29788e-07
 Reference value :  9.30828e-07
 Reference value :  9.32019e-07
 Reference value :  9.32988e-07
 Reference value :  9.34068e-07
 Reference value :  9.35388e-07
 Reference value :  9.36428e-07
 Reference value :  9.37948e-07
 Reference value :  9.38988e-07
 Reference value :  9.40186e-07
 Reference value :  9.41346e-07
 Reference value :  9.42428e-07
 Reference value :  9.44000e-07
 Reference value :  9.44908e-07
 Reference value :  9.46068e-07
 Reference value :  9.47548e-07
 Reference value :  9.48508e-07
 Reference value :  9.49668e-07
 Reference value :  9.50708e-07
 Reference value :  9.52013e-07
 Reference value :  9.53108e-07
 Reference value :  9.54268e-07
 Reference value :  9.56008e-07
 Reference value :  9.56868e-07
 Reference value :  9.58040e-07
 Reference value :  9.59668e-07
 Reference value :  9.61028e-07
 Reference value :  9.62588e-07
 Reference value :  9.64188e-07
 Reference value :  9.65788e-07
 Reference value :  9.67348e-07
 Reference value :  9.68708e-07
 Reference value :  9.70268e-07
 Reference value :  9.72013e-07
 Reference value :  9.73348e-07
 Reference value :  9.74908e-07
 Reference value :  9.76428e-07
 Reference value :  9.78026e-07
 Reference value :  9.79908e-07
 Reference value :  9.81068e-07
 Reference value :  9.82588e-07
 Reference value :  9.84228e-07
 Reference value :  9.86001e-07
 Reference value :  9.87628e-07
 Reference value :  9.88868e-07
 Reference value :  9.90388e-07
 Reference value :  9.92068e-07
 Reference value :  9.93828e-07
 Reference value :  9.95348e-07
 Reference value :  9.96708e-07
 Reference value :  9.98188e-07
 Reference value :  1.00001e-06
 Reference value :  1.00159e-06
 Reference value :  1.00315e-06
 Reference value :  1.00455e-06
 Reference value :  1.00603e-06
 Reference value :  1.00791e-06
 Reference value :  1.00935e-06
 Reference value :  1.01091e-06
 Reference value :  1.01239e-06
 Reference value :  1.01383e-06
 Reference value :  1.01543e-06
 Reference value :  1.01683e-06
 Reference value :  1.01871e-06
 Reference value :  1.02031e-06
 Reference value :  1.02175e-06
 Reference value :  1.02335e-06
 Reference value :  1.02475e-06
 Reference value :  1.02631e-06
 Reference value :  1.02803e-06
 Reference value :  1.02951e-06
 Reference value :  1.03107e-06
 Reference value :  1.03251e-06
 Reference value :  1.03415e-06
 Reference value :  1.03601e-06
 Reference value :  1.03751e-06
 Reference value :  1.03907e-06
 Reference value :  1.04047e-06
 Reference value :  1.04201e-06
 Reference value :  1.04379e-06
 Reference value :  1.04515e-06
 Reference value :  1.04671e-06
 Reference value :  1.04827e-06
 Reference value :  1.04991e-06
 Reference value :  1.05159e-06
 Reference value :  1.05299e-06
 Reference value :  1.05451e-06
 Reference value :  1.05615e-06
 Reference value :  1.05771e-06
 Reference value :  1.05931e-06
 Reference value :  1.06083e-06
 Reference value :  1.06239e-06
 Reference value :  1.06403e-06
 Reference value :  1.06551e-06
 Reference value :  1.06707e-06
 Reference value :  1.06851e-06
 Reference value :  1.07011e-06
 Reference value :  1.07200e-06
 Reference value :  1.07311e-06
 Reference value :  1.07455e-06
 Reference value :  1.07623e-06
 Reference value :  1.07800e-06
 Reference value :  1.07955e-06
 Reference value :  1.08079e-06
 Reference value :  1.08227e-06
 Reference value :  1.08402e-06
 Reference value :  1.08567e-06
 Reference value :  1.08719e-06
 Reference value :  1.08855e-06
 Reference value :  1.09002e-06
 Reference value :  1.09187e-06
 Reference value :  1.09327e-06
 Reference value :  1.09479e-06
 Reference value :  1.09631e-06
 Reference value :  1.09795e-06
 Reference value :  1.09947e-06
 Reference value :  1.10087e-06
 Reference value :  1.10239e-06
 Reference value :  1.10404e-06
 Reference value :  1.10543e-06
 Reference value :  1.10699e-06
 Reference value :  1.10843e-06
 Reference value :  1.11002e-06
 Reference value :  1.11191e-06
 Reference value :  1.11299e-06
 Reference value :  1.11455e-06
 Reference value :  1.11619e-06
 Reference value :  1.11797e-06
 Reference value :  1.11951e-06
 Reference value :  1.12075e-06
 Reference value :  1.12215e-06
 Reference value :  1.12400e-06
 Reference value :  1.12535e-06
 Reference value :  1.12683e-06
 Reference value :  1.12831e-06
 Reference value :  1.12987e-06
 Reference value :  1.13143e-06
 Reference value :  1.13279e-06
 Reference value :  1.13435e-06
 Reference value :  1.13604e-06
 Reference value :  1.13739e-06
 Reference value :  1.13891e-06
 Reference value :  1.14043e-06
 Reference value :  1.14203e-06
 Reference value :  1.14387e-06
 Reference value :  1.14495e-06
 Reference value :  1.14651e-06
 Reference value :  1.14815e-06
 Reference value :  1.14995e-06
 Reference value :  1.15147e-06
 Reference value :  1.15275e-06
 Reference value :  1.15415e-06
 Reference value :  1.15600e-06
 Reference value :  1.15747e-06
 Reference value :  1.15899e-06
 Reference value :  1.16043e-06
 Reference value :  1.16201e-06
 Reference value :  1.16391e-06
 Reference value :  1.16535e-06
 Reference value :  1.16691e-06
 Reference value :  1.16843e-06
 Reference value :  1.17000e-06
 Reference value :  1.17167e-06
 Reference value :  1.17303e-06
 Reference value :  1.17451e-06
 Reference value :  1.17611e-06
 Reference value :  1.17759e-06
 Reference value :  1.17915e-06
 Reference value :  1.18063e-06
 Reference value :  1.18219e-06
 Reference value :  1.18401e-06
 Reference value :  1.18527e-06
 Reference value :  1.18683e-06
 Reference value :  1.18839e-06
 Reference value :  1.19007e-06
 Reference value :  1.19197e-06
 Reference value :  1.19315e-06
 Reference value :  1.19467e-06
 Reference value :  1.19623e-06
 Reference value :  1.19800e-06
 Reference value :  1.19963e-06
 Reference value :  1.20083e-06
 Reference value :  1.20215e-06
 Reference value :  1.20400e-06
 Reference value :  1.20543e-06
 Reference value :  1.20695e-06
 Reference value :  1.20843e-06
 Reference value :  1.21000e-06
 Reference value :  1.21159e-06
 Reference value :  1.21295e-06
 Reference value :  1.21447e-06
 Reference value :  1.21611e-06
 Reference value :  1.21763e-06
 Reference value :  1.21915e-06
 Reference value :  1.22055e-06
 Reference value :  1.22211e-06
 Reference value :  1.22400e-06
 Reference value :  1.22519e-06
 Reference value :  1.22671e-06
 Reference value :  1.22827e-06
 Reference value :  1.23000e-06
 Reference value :  1.23159e-06
 Reference value :  1.23287e-06
 Reference value :  1.23427e-06
 Reference value :  1.23604e-06
 Reference value :  1.23775e-06
 Reference value :  1.23923e-06
 Reference value :  1.24059e-06
 Reference value :  1.24202e-06
 Reference value :  1.24383e-06
 Reference value :  1.24527e-06
 Reference value :  1.24679e-06
 Reference value :  1.24827e-06
 Reference value :  1.24987e-06
 Reference value :  1.25147e-06
 Reference value :  1.25283e-06
 Reference value :  1.25443e-06
 Reference value :  1.25604e-06
 Reference value :  1.25755e-06
 Reference value :  1.25911e-06
 Reference value :  1.26059e-06
 Reference value :  1.26219e-06
 Reference value :  1.26401e-06
 Reference value :  1.26523e-06
 Reference value :  1.26667e-06
 Reference value :  1.26823e-06
 Reference value :  1.27000e-06
 Reference value :  1.27155e-06
 Reference value :  1.27279e-06
 Reference value :  1.27411e-06
 Reference value :  1.27600e-06
 Reference value :  1.27747e-06
 Reference value :  1.27895e-06
 Reference value :  1.28043e-06
 Reference value :  1.28200e-06
 Reference value :  1.28359e-06
 Reference value :  1.28499e-06
 Reference value :  1.28655e-06
 Reference value :  1.28815e-06
 Reference value :  1.28997e-06
 Reference value :  1.29151e-06
 Reference value :  1.29287e-06
 Reference value :  1.29427e-06
 Reference value :  1.29602e-06
 Reference value :  1.29767e-06
 Reference value :  1.29923e-06
 Reference value :  1.30063e-06
 Reference value :  1.30204e-06
 Reference value :  1.30397e-06
 Reference value :  1.30535e-06
 Reference value :  1.30691e-06
 Reference value :  1.30843e-06
 Reference value :  1.31001e-06
 Reference value :  1.31171e-06
 Reference value :  1.31303e-06
 Reference value :  1.31451e-06
 Reference value :  1.31611e-06
 Reference value :  1.31767e-06
 Reference value :  1.31927e-06
 Reference value :  1.32067e-06
 Reference value :  1.32219e-06
 Reference value :  1.32401e-06
 Reference value :  1.32519e-06
 Reference value :  1.32675e-06
 Reference value :  1.32831e-06
 Reference value :  1.33001e-06
 Reference value :  1.33167e-06
 Reference value :  1.33283e-06
 Reference value :  1.33431e-06
 Reference value :  1.33602e-06
 Reference value :  1.33767e-06
 Reference value :  1.33923e-06
 Reference value :  1.34059e-06
 Reference value :  1.34202e-06
 Reference value :  1.34383e-06
 Reference value :  1.34527e-06
 Reference value :  1.34679e-06
 Reference value :  1.34831e-06
 Reference value :  1.34995e-06
 Reference value :  1.35151e-06
 Reference value :  1.35287e-06
 Reference value :  1.35471e-06
 Reference value :  1.35631e-06
 Reference value :  1.35787e-06
 Reference value :  1.35943e-06
 Reference value :  1.36095e-06
 Reference value :  1.36263e-06
 Reference value :  1.36423e-06
 Reference value :  1.36575e-06
 Reference value :  1.36731e-06
 Reference value :  1.36867e-06
 Reference value :  1.37023e-06
 Reference value :  1.37200e-06
 Reference value :  1.37323e-06
 Reference value :  1.37475e-06
 Reference value :  1.37627e-06
 Reference value :  1.37800e-06
 Reference value :  1.37955e-06
 Reference value :  1.38075e-06
 Reference value :  1.38223e-06
 Reference value :  1.38401e-06
 Reference value :  1.38559e-06
 Reference value :  1.38711e-06
 Reference value :  1.38851e-06
 Reference value :  1.39000e-06
 Reference value :  1.39163e-06
 Reference value :  1.39299e-06
 Reference value :  1.39447e-06
 Reference value :  1.39604e-06
 Reference value :  1.39739e-06
 Reference value :  1.39895e-06
 Reference value :  1.40043e-06
 Reference value :  1.40202e-06
 Reference value :  1.40375e-06
 Reference value :  1.40495e-06
 Reference value :  1.40647e-06
 Reference value :  1.40815e-06
 Reference value :  1.40995e-06
 Reference value :  1.41147e-06
 Reference value :  1.41275e-06
 Reference value :  1.41423e-06
 Reference value :  1.41601e-06
 Reference value :  1.41759e-06
 Reference value :  1.41903e-06
 Reference value :  1.42039e-06
 Reference value :  1.42200e-06
 Reference value :  1.42355e-06
 Reference value :  1.42495e-06
 Reference value :  1.42643e-06
 Reference value :  1.42802e-06
 Reference value :  1.42931e-06
 Reference value :  1.43079e-06
 Reference value :  1.43231e-06
 Reference value :  1.43401e-06
 Reference value :  1.43567e-06
 Reference value :  1.43691e-06
 Reference value :  1.43835e-06
 Reference value :  1.44003e-06
 Reference value :  1.44179e-06
 Reference value :  1.44327e-06
 Reference value :  1.44463e-06
 Reference value :  1.44604e-06
 Reference value :  1.44795e-06
 Reference value :  1.44931e-06
 Reference value :  1.45083e-06
 Reference value :  1.45231e-06
 Reference value :  1.45383e-06
 Reference value :  1.45535e-06
 Reference value :  1.45671e-06
 Reference value :  1.45827e-06
 Reference value :  1.46002e-06
 Reference value :  1.46131e-06
 Reference value :  1.46283e-06
 Reference value :  1.46435e-06
 Reference value :  1.46602e-06
 Reference value :  1.46779e-06
 Reference value :  1.46895e-06
 Reference value :  1.47043e-06
 Reference value :  1.47204e-06
 Reference value :  1.47379e-06
 Reference value :  1.47527e-06
 Reference value :  1.47659e-06
 Reference value :  1.47804e-06
 Reference value :  1.47991e-06
 Reference value :  1.48127e-06
 Reference value :  1.48279e-06
 Reference value :  1.48435e-06
 Reference value :  1.48600e-06
 Reference value :  1.48779e-06
 Reference value :  1.48907e-06
 Reference value :  1.49059e-06
 Reference value :  1.49219e-06
 Reference value :  1.49367e-06
 Reference value :  1.49523e-06
 Reference value :  1.49659e-06
 Reference value :  1.49815e-06
 Reference value :  1.50000e-06
 Reference value :  1.50123e-06
 Reference value :  1.50279e-06
 Reference value :  1.50435e-06
 Reference value :  1.50601e-06
 Reference value :  1.50771e-06
 Reference value :  1.50883e-06
 Reference value :  1.51031e-06
 Reference value :  1.51202e-06
 Reference value :  1.51371e-06
 Reference value :  1.51527e-06
 Reference value :  1.51663e-06
 Reference value :  1.51801e-06
 Reference value :  1.51971e-06
 Reference value :  1.52111e-06
 Reference value :  1.52263e-06
 Reference value :  1.52423e-06
 Reference value :  1.52559e-06
 Reference value :  1.52715e-06
 Reference value :  1.52855e-06
 Reference value :  1.53011e-06
 Reference value :  1.53200e-06
 Reference value :  1.53319e-06
 Reference value :  1.53467e-06
 Reference value :  1.53623e-06
 Reference value :  1.53800e-06
 Reference value :  1.53971e-06
 Reference value :  1.54111e-06
 Reference value :  1.54263e-06
 Reference value :  1.54423e-06
 Reference value :  1.54587e-06
 Reference value :  1.54767e-06
 Reference value :  1.54911e-06
 Reference value :  1.55063e-06
 Reference value :  1.55219e-06
 Reference value :  1.55375e-06
 Reference value :  1.55539e-06
 Reference value :  1.55679e-06
 Reference value :  1.55835e-06
 Reference value :  1.56007e-06
 Reference value :  1.56151e-06
 Reference value :  1.56307e-06
 Reference value :  1.56451e-06
 Reference value :  1.56607e-06
 Reference value :  1.56795e-06
 Reference value :  1.56907e-06
 Reference value :  1.57063e-06
 Reference value :  1.57219e-06
 Reference value :  1.57400e-06
 Reference value :  1.57563e-06
 Reference value :  1.57687e-06
 Reference value :  1.57823e-06
 Reference value :  1.58001e-06
 Reference value :  1.58167e-06
 Reference value :  1.58331e-06
 Reference value :  1.58467e-06
 Reference value :  1.58611e-06
 Reference value :  1.58801e-06
 Reference value :  1.58975e-06
 Reference value :  1.59139e-06
 Reference value :  1.59263e-06
 Reference value :  1.59404e-06
 Reference value :  1.59595e-06
 Reference value :  1.59731e-06
 Reference value :  1.59887e-06
 Reference value :  1.60035e-06
 Reference value :  1.60197e-06
 Reference value :  1.60351e-06
 Reference value :  1.60487e-06
 Reference value :  1.60639e-06
 Reference value :  1.60802e-06
 Reference value :  1.60939e-06
 Reference value :  1.61099e-06
 Reference value :  1.61247e-06
 Reference value :  1.61404e-06
 Reference value :  1.61591e-06
 Reference value :  1.61695e-06
 Reference value :  1.61847e-06
 Reference value :  1.62011e-06
 Reference value :  1.62187e-06
 Reference value :  1.62351e-06
 Reference value :  1.62479e-06
 Reference value :  1.62631e-06
 Reference value :  1.62804e-06
 Reference value :  1.62979e-06
 Reference value :  1.63127e-06
 Reference value :  1.63259e-06
 Reference value :  1.63404e-06
 Reference value :  1.63587e-06
 Reference value :  1.63723e-06
 Reference value :  1.63875e-06
 Reference value :  1.64027e-06
 Reference value :  1.64167e-06
 Reference value :  1.64319e-06
 Reference value :  1.64455e-06
 Reference value :  1.64611e-06
 Reference value :  1.64801e-06
 Reference value :  1.64923e-06
 Reference value :  1.65079e-06
 Reference value :  1.65227e-06
 Reference value :  1.65400e-06
 Reference value :  1.65567e-06
 Reference value :  1.65695e-06
 Reference value :  1.65847e-06
 Reference value :  1.66011e-06
 Reference value :  1.66187e-06
 Reference value :  1.66339e-06
 Reference value :  1.66471e-06
 Reference value :  1.66615e-06
 Reference value :  1.66800e-06
 Reference value :  1.66951e-06
 Reference value :  1.67107e-06
 Reference value :  1.67251e-06
 Reference value :  1.67401e-06
 Reference value :  1.67583e-06
 Reference value :  1.67723e-06
 Reference value :  1.67875e-06
 Reference value :  1.68031e-06
 Reference value :  1.68187e-06
 Reference value :  1.68343e-06
 Reference value :  1.68479e-06
 Reference value :  1.68631e-06
 Reference value :  1.68802e-06
 Reference value :  1.68943e-06
 Reference value :  1.69099e-06
 Reference value :  1.69239e-06
 Reference value :  1.69391e-06
 Reference value :  1.69543e-06
 Reference value :  1.69671e-06
 Reference value :  1.69819e-06
 Reference value :  1.70001e-06
 Reference value :  1.70155e-06
 Reference value :  1.70307e-06
 Reference value :  1.70447e-06
 Reference value :  1.70600e-06
 Reference value :  1.70763e-06
 Reference value :  1.70899e-06
 Reference value :  1.71051e-06
 Reference value :  1.71211e-06
 Reference value :  1.71359e-06
 Reference value :  1.71511e-06
 Reference value :  1.71651e-06
 Reference value :  1.71811e-06
 Reference value :  1.72001e-06
 Reference value :  1.72119e-06
 Reference value :  1.72259e-06
 Reference value :  1.72415e-06
 Reference value :  1.72587e-06
 Reference value :  1.72743e-06
 Reference value :  1.72879e-06
 Reference value :  1.73035e-06
 Reference value :  1.73211e-06
 Reference value :  1.73395e-06
 Reference value :  1.73547e-06
 Reference value :  1.73679e-06
 Reference value :  1.73823e-06
 Reference value :  1.74000e-06
 Reference value :  1.74091e-06
 Reference value :  1.74211e-06
 Reference value :  1.74359e-06
 Reference value :  1.74455e-06
 Reference value :  1.74591e-06
 Reference value :  1.74703e-06
 Reference value :  1.74819e-06
 Reference value :  1.74963e-06
 Reference value :  1.75071e-06
 Reference value :  1.75203e-06
 Reference value :  1.75303e-06
 Reference value :  1.75419e-06
 Reference value :  1.75579e-06
 Reference value :  1.75679e-06
 Reference value :  1.75804e-06
 Reference value :  1.75947e-06
 Reference value :  1.76047e-06
 Reference value :  1.76183e-06
 Reference value :  1.76299e-06
 Reference value :  1.76415e-06
 Reference value :  1.76543e-06
 Reference value :  1.76655e-06
 Reference value :  1.76801e-06
 Reference value :  1.76899e-06
 Reference value :  1.77002e-06
 Reference value :  1.77151e-06
 Reference value :  1.77251e-06
 Reference value :  1.77397e-06
 Reference value :  1.77515e-06
 Reference value :  1.77627e-06
 Reference value :  1.77723e-06
 Reference value :  1.77839e-06
 Reference value :  1.77995e-06
 Reference value :  1.78083e-06
 Reference value :  1.78207e-06
 Reference value :  1.78359e-06
 Reference value :  1.78459e-06
 Reference value :  1.78597e-06
 Reference value :  1.78707e-06
 Reference value :  1.78819e-06
 Reference value :  1.78963e-06
 Reference value :  1.79067e-06
 Reference value :  1.79201e-06
 Reference value :  1.79319e-06
 Reference value :  1.79455e-06
 Reference value :  1.79603e-06
 Reference value :  1.79711e-06
 Reference value :  1.79819e-06
 Reference value :  1.79979e-06
 Reference value :  1.80071e-06
 Reference value :  1.80202e-06
 Reference value :  1.80343e-06
 Reference value :  1.80447e-06
 Reference value :  1.80575e-06
 Reference value :  1.80691e-06
 Reference value :  1.80815e-06
 Reference value :  1.80947e-06
 Reference value :  1.81051e-06
 Reference value :  1.81201e-06
 Reference value :  1.81295e-06
 Reference value :  1.81411e-06
 Reference value :  1.81567e-06
 Reference value :  1.81667e-06
 Reference value :  1.81800e-06
 Reference value :  1.81911e-06
 Reference value :  1.82027e-06
 Reference value :  1.82151e-06
 Reference value :  1.82303e-06
 Reference value :  1.82423e-06
 Reference value :  1.82579e-06
 Reference value :  1.82707e-06
 Reference value :  1.82823e-06
 Reference value :  1.82947e-06
 Reference value :  1.83067e-06
 Reference value :  1.83211e-06
 Reference value :  1.83355e-06
 Reference value :  1.83491e-06
 Reference value :  1.83611e-06
 Reference value :  1.83735e-06
 Reference value :  1.83871e-06
 Reference value :  1.84003e-06
 Reference value :  1.84147e-06
 Reference value :  1.84299e-06
 Reference value :  1.84419e-06
 Reference value :  1.84555e-06
 Reference value :  1.84687e-06
 Reference value :  1.84827e-06
 Reference value :  1.84979e-06
 Reference value :  1.85103e-06
 Reference value :  1.85219e-06
 Reference value :  1.85363e-06
 Reference value :  1.85499e-06
 Reference value :  1.85631e-06
 Reference value :  1.85791e-06
 Reference value :  1.85931e-06
 Reference value :  1.86047e-06
 Reference value :  1.86200e-06
 Reference value :  1.86339e-06
 Reference value :  1.86459e-06
 Reference value :  1.86607e-06
 Reference value :  1.86783e-06
 Reference value :  1.86883e-06
 Reference value :  1.87015e-06
 Reference value :  1.87175e-06
 Reference value :  1.87287e-06
 Reference value :  1.87415e-06
 Reference value :  1.87579e-06
 Reference value :  1.87675e-06
 Reference value :  1.87801e-06
 Reference value :  1.88002e-06
 Reference value :  1.88159e-06
 Reference value :  1.88271e-06
 Reference value :  1.88415e-06
 Reference value :  1.88535e-06
 Reference value :  1.88651e-06
 Reference value :  1.88800e-06
 Reference value :  1.88895e-06
 Reference value :  1.89011e-06
 Reference value :  1.89163e-06
 Reference value :  1.89259e-06
 Reference value :  1.89387e-06
 Reference value :  1.89499e-06
 Reference value :  1.89619e-06
 Reference value :  1.89759e-06
 Reference value :  1.89871e-06
 Reference value :  1.90002e-06
 Reference value :  1.90103e-06
 Reference value :  1.90223e-06
 Reference value :  1.90383e-06
 Reference value :  1.90483e-06
 Reference value :  1.90604e-06
 Reference value :  1.90755e-06
 Reference value :  1.90851e-06
 Reference value :  1.90983e-06
 Reference value :  1.91123e-06
 Reference value :  1.91231e-06
 Reference value :  1.91375e-06
 Reference value :  1.91483e-06
 Reference value :  1.91607e-06
 Reference value :  1.91723e-06
 Reference value :  1.91835e-06
 Reference value :  1.91995e-06
 Reference value :  1.92095e-06
 Reference value :  1.92211e-06
 Reference value :  1.92363e-06
 Reference value :  1.92459e-06
 Reference value :  1.92591e-06
 Reference value :  1.92703e-06
 Reference value :  1.92819e-06
 Reference value :  1.92955e-06
 Reference value :  1.93067e-06
 Reference value :  1.93202e-06
 Reference value :  1.93299e-06
 Reference value :  1.93419e-06
 Reference value :  1.93579e-06
 Reference value :  1.93675e-06
 Reference value :  1.93803e-06
 Reference value :  1.93947e-06
 Reference value :  1.94051e-06
 Reference value :  1.94191e-06
 Reference value :  1.94307e-06
 Reference value :  1.94423e-06
 Reference value :  1.94559e-06
 Reference value :  1.94675e-06
 Reference value :  1.94803e-06
 Reference value :  1.94911e-06
 Reference value :  1.95019e-06
 Reference value :  1.95179e-06
 Reference value :  1.95279e-06
 Reference value :  1.95404e-06
 Reference value :  1.95551e-06
 Reference value :  1.95663e-06
 Reference value :  1.95811e-06
 Reference value :  1.95963e-06
 Reference value :  1.96067e-06
 Reference value :  1.96202e-06
 Reference value :  1.96343e-06
 Reference value :  1.96443e-06
 Reference value :  1.96571e-06
 Reference value :  1.96687e-06
 Reference value :  1.96827e-06
 Reference value :  1.96971e-06
 Reference value :  1.97083e-06
 Reference value :  1.97207e-06
 Reference value :  1.97319e-06
 Reference value :  1.97439e-06
 Reference value :  1.97597e-06
 Reference value :  1.97691e-06
 Reference value :  1.97807e-06
 Reference value :  1.97963e-06
 Reference value :  1.98059e-06
 Reference value :  1.98195e-06
 Reference value :  1.98307e-06
 Reference value :  1.98423e-06
 Reference value :  1.98555e-06
 Reference value :  1.98663e-06
 Reference value :  1.98802e-06
 Reference value :  1.98903e-06
 Reference value :  1.99019e-06
 Reference value :  1.99175e-06
 Reference value :  1.99271e-06
 Reference value :  1.99401e-06
 Reference value :  1.99531e-06
 Reference value :  1.99635e-06
 Reference value :  1.99779e-06
 Reference value :  1.99899e-06
 Reference value :  2.00023e-06
 Reference value :  2.00167e-06
 Reference value :  2.00271e-06
 Reference value :  2.00401e-06
 Reference value :  2.00499e-06
 Reference value :  2.00639e-06
 Reference value :  2.00800e-06
 Reference value :  2.00899e-06
 Reference value :  2.01015e-06
 Reference value :  2.01163e-06
 Reference value :  2.01259e-06
 Reference value :  2.01397e-06
 Reference value :  2.01515e-06
 Reference value :  2.01631e-06
 Reference value :  2.01763e-06
 Reference value :  2.01875e-06
 Reference value :  2.02002e-06
 Reference value :  2.02099e-06
 Reference value :  2.02202e-06
 Reference value :  2.02347e-06
 Reference value :  2.02455e-06
 Reference value :  2.02601e-06
 Reference value :  2.02727e-06
 Reference value :  2.02839e-06
 Reference value :  2.02951e-06
 Reference value :  2.03067e-06
 Reference value :  2.03202e-06
 Reference value :  2.03323e-06
 Reference value :  2.03435e-06
 Reference value :  2.03595e-06
 Reference value :  2.03675e-06
 Reference value :  2.03801e-06
 Reference value :  2.03935e-06
 Reference value :  2.04047e-06
 Reference value :  2.04200e-06
 Reference value :  2.04323e-06
 Reference value :  2.04435e-06
 Reference value :  2.04583e-06
 Reference value :  2.04695e-06
 Reference value :  2.04815e-06
 Reference value :  2.04927e-06
 Reference value :  2.05043e-06
 Reference value :  2.05197e-06
 Reference value :  2.05279e-06
 Reference value :  2.05402e-06
 Reference value :  2.05531e-06
 Reference value :  2.05639e-06
 Reference value :  2.05763e-06
 Reference value :  2.05879e-06
 Reference value :  2.06004e-06
 Reference value :  2.06131e-06
 Reference value :  2.06235e-06
 Reference value :  2.06391e-06
 Reference value :  2.06479e-06
 Reference value :  2.06602e-06
 Reference value :  2.06727e-06
 Reference value :  2.06835e-06
 Reference value :  2.07000e-06
 Reference value :  2.07123e-06
 Reference value :  2.07227e-06
 Reference value :  2.07335e-06
 Reference value :  2.07439e-06
 Reference value :  2.07595e-06
 Reference value :  2.07699e-06
 Reference value :  2.07811e-06
 Reference value :  2.07955e-06
 Reference value :  2.08051e-06
 Reference value :  2.08171e-06
 Reference value :  2.08287e-06
 Reference value :  2.08411e-06
 Reference value :  2.08551e-06
 Reference value :  2.08667e-06
 Reference value :  2.08802e-06
 Reference value :  2.08899e-06
 Reference value :  2.09023e-06
 Reference value :  2.09183e-06
 Reference value :  2.09283e-06
 Reference value :  2.09407e-06
 Reference value :  2.09559e-06
 Reference value :  2.09655e-06
 Reference value :  2.09787e-06
 Reference value :  2.09899e-06
 Reference value :  2.10023e-06
 Reference value :  2.10167e-06
 Reference value :  2.10279e-06
 Reference value :  2.10404e-06
 Reference value :  2.10511e-06
 Reference value :  2.10627e-06
 Reference value :  2.10787e-06
 Reference value :  2.10887e-06
 Reference value :  2.11023e-06
 Reference value :  2.11183e-06
 Reference value :  2.11275e-06
 Reference value :  2.11401e-06
 Reference value :  2.11531e-06
 Reference value :  2.11643e-06
 Reference value :  2.11795e-06
 Reference value :  2.11907e-06
 Reference value :  2.12023e-06
 Reference value :  2.12131e-06
 Reference value :  2.12243e-06
 Reference value :  2.12400e-06
 Reference value :  2.12503e-06
 Reference value :  2.12623e-06
 Reference value :  2.12783e-06
 Reference value :  2.12875e-06
 Reference value :  2.13001e-06
 Reference value :  2.13123e-06
 Reference value :  2.13235e-06
 Reference value :  2.13383e-06
 Reference value :  2.13491e-06
 Reference value :  2.13611e-06
 Reference value :  2.13727e-06
 Reference value :  2.13843e-06
 Reference value :  2.14000e-06
 Reference value :  2.14103e-06
 Reference value :  2.14219e-06
 Reference value :  2.14379e-06
 Reference value :  2.14471e-06
 Reference value :  2.14597e-06
 Reference value :  2.14715e-06
 Reference value :  2.14831e-06
 Reference value :  2.14975e-06
 Reference value :  2.15087e-06
 Reference value :  2.15211e-06
 Reference value :  2.15319e-06
 Reference value :  2.15431e-06
 Reference value :  2.15591e-06
 Reference value :  2.15687e-06
 Reference value :  2.15811e-06
 Reference value :  2.15963e-06
 Reference value :  2.16075e-06
 Reference value :  2.16201e-06
 Reference value :  2.16331e-06
 Reference value :  2.16439e-06
 Reference value :  2.16587e-06
 Reference value :  2.16699e-06
 Reference value :  2.16819e-06
 Reference value :  2.16939e-06
 Reference value :  2.17059e-06
 Reference value :  2.17201e-06
 Reference value :  2.17319e-06
 Reference value :  2.17427e-06
 Reference value :  2.17583e-06
 Reference value :  2.17675e-06
 Reference value :  2.17800e-06
 Reference value :  2.17927e-06
 Reference value :  2.18039e-06
 Reference value :  2.18187e-06
 Reference value :  2.18303e-06
 Reference value :  2.18419e-06
 Reference value :  2.18531e-06
 Reference value :  2.18643e-06
 Reference value :  2.18797e-06
 Reference value :  2.18899e-06
 Reference value :  2.19019e-06
 Reference value :  2.19175e-06
 Reference value :  2.19267e-06
 Reference value :  2.19400e-06
 Reference value :  2.19527e-06
 Reference value :  2.19639e-06
 Reference value :  2.19795e-06
 Reference value :  2.19907e-06
 Reference value :  2.20023e-06
 Reference value :  2.20143e-06
 Reference value :  2.20263e-06
 Reference value :  2.20401e-06
 Reference value :  2.20519e-06
 Reference value :  2.20635e-06
 Reference value :  2.20795e-06
 Reference value :  2.20887e-06
 Reference value :  2.21001e-06
 Reference value :  2.21135e-06
 Reference value :  2.21239e-06
 Reference value :  2.21387e-06
 Reference value :  2.21499e-06
 Reference value :  2.21619e-06
 Reference value :  2.21731e-06
 Reference value :  2.21843e-06
 Reference value :  2.22000e-06
 Reference value :  2.22103e-06
 Reference value :  2.22223e-06
 Reference value :  2.22395e-06
 Reference value :  2.22507e-06
 Reference value :  2.22663e-06
 Reference value :  2.22827e-06
 Reference value :  2.23000e-06
 Reference value :  2.23163e-06
 Reference value :  2.23283e-06
 Reference value :  2.23435e-06
 Reference value :  2.23604e-06
 Reference value :  2.23779e-06
 Reference value :  2.23935e-06
 Reference value :  2.24071e-06
 Reference value :  2.24211e-06
 Reference value :  2.24400e-06
 Reference value :  2.24551e-06
 Reference value :  2.24707e-06
 Reference value :  2.24855e-06
 Reference value :  2.25003e-06
 Reference value :  2.25195e-06
 Reference value :  2.25339e-06
 Reference value :  2.25495e-06
 Reference value :  2.25643e-06
 Reference value :  2.25801e-06
 Reference value :  2.25975e-06
 Reference value :  2.26111e-06
 Reference value :  2.26267e-06
 Reference value :  2.26427e-06
 Reference value :  2.26591e-06
 Reference value :  2.26751e-06
 Reference value :  2.26899e-06
 Reference value :  2.27055e-06
 Reference value :  2.27219e-06
 Reference value :  2.27351e-06
 Reference value :  2.27515e-06
 Reference value :  2.27663e-06
 Reference value :  2.27823e-06
 Reference value :  2.28002e-06
 Reference value :  2.28123e-06
 Reference value :  2.28283e-06
 Reference value :  2.28439e-06
 Reference value :  2.28603e-06
 Reference value :  2.28791e-06
 Reference value :  2.28907e-06
 Reference value :  2.29063e-06
 Reference value :  2.29223e-06
 Reference value :  2.29401e-06
 Reference value :  2.29571e-06
 Reference value :  2.29711e-06
 Reference value :  2.29867e-06
 Reference value :  2.30035e-06
 Reference value :  2.30197e-06
 Reference value :  2.30359e-06
 Reference value :  2.30503e-06
 Reference value :  2.30663e-06
 Reference value :  2.30823e-06
 Reference value :  2.30979e-06
 Reference value :  2.31139e-06
 Reference value :  2.31279e-06
 Reference value :  2.31439e-06
 Reference value :  2.31607e-06
 Reference value :  2.31763e-06
 Reference value :  2.31923e-06
 Reference value :  2.32067e-06
 Reference value :  2.32231e-06
 Reference value :  2.32402e-06
 Reference value :  2.32555e-06
 Reference value :  2.32739e-06
 Reference value :  2.32883e-06
 Reference value :  2.33039e-06
 Reference value :  2.33207e-06
 Reference value :  2.33351e-06
 Reference value :  2.33515e-06
 Reference value :  2.33663e-06
 Reference value :  2.33823e-06
 Reference value :  2.34001e-06
 Reference value :  2.34131e-06
 Reference value :  2.34291e-06
 Reference value :  2.34443e-06
 Reference value :  2.34604e-06
 Reference value :  2.34795e-06
 Reference value :  2.34907e-06
 Reference value :  2.35063e-06
 Reference value :  2.35223e-06
 Reference value :  2.35400e-06
 Reference value :  2.35563e-06
 Reference value :  2.35683e-06
 Reference value :  2.35835e-06
 Reference value :  2.36007e-06
 Reference value :  2.36191e-06
 Reference value :  2.36343e-06
 Reference value :  2.36479e-06
 Reference value :  2.36619e-06
 Reference value :  2.36802e-06
 Reference value :  2.36963e-06
 Reference value :  2.37119e-06
 Reference value :  2.37259e-06
 Reference value :  2.37404e-06
 Reference value :  2.37595e-06
 Reference value :  2.37735e-06
 Reference value :  2.37899e-06
 Reference value :  2.38043e-06
 Reference value :  2.38201e-06
 Reference value :  2.38375e-06
 Reference value :  2.38515e-06
 Reference value :  2.38671e-06
 Reference value :  2.38827e-06
 Reference value :  2.38983e-06
 Reference value :  2.39135e-06
 Reference value :  2.39275e-06
 Reference value :  2.39431e-06
 Reference value :  2.39602e-06
 Reference value :  2.39731e-06
 Reference value :  2.39887e-06
 Reference value :  2.40043e-06
 Reference value :  2.40207e-06
 Reference value :  2.40397e-06
 Reference value :  2.40507e-06
 Reference value :  2.40663e-06
 Reference value :  2.40823e-06
 Reference value :  2.41000e-06
 Reference value :  2.41163e-06
 Reference value :  2.41287e-06
 Reference value :  2.41435e-06
 Reference value :  2.41607e-06
 Reference value :  2.41783e-06
 Reference value :  2.41935e-06
 Reference value :  2.42071e-06
 Reference value :  2.42219e-06
 Reference value :  2.42401e-06
 Reference value :  2.42559e-06
 Reference value :  2.42715e-06
 Reference value :  2.42855e-06
 Reference value :  2.43002e-06
 Reference value :  2.43183e-06
 Reference value :  2.43319e-06
 Reference value :  2.43471e-06
 Reference value :  2.43631e-06
 Reference value :  2.43795e-06
 Reference value :  2.43951e-06
 Reference value :  2.44095e-06
 Reference value :  2.44259e-06
 Reference value :  2.44443e-06
 Reference value :  2.44601e-06
 Reference value :  2.44771e-06
 Reference value :  2.44919e-06
 Reference value :  2.45075e-06
 Reference value :  2.45231e-06
 Reference value :  2.45397e-06
 Reference value :  2.45555e-06
 Reference value :  2.45703e-06
 Reference value :  2.45859e-06
 Reference value :  2.46027e-06
 Reference value :  2.46179e-06
 Reference value :  2.46339e-06
 Reference value :  2.46479e-06
 Reference value :  2.46631e-06
 Reference value :  2.46803e-06
 Reference value :  2.46943e-06
 Reference value :  2.47099e-06
 Reference value :  2.47255e-06
 Reference value :  2.47415e-06
 Reference value :  2.47600e-06
 Reference value :  2.47723e-06
 Reference value :  2.47879e-06
 Reference value :  2.48035e-06
 Reference value :  2.48201e-06
 Reference value :  2.48375e-06
 Reference value :  2.48495e-06
 Reference value :  2.48651e-06
 Reference value :  2.48811e-06
 Reference value :  2.48991e-06
 Reference value :  2.49159e-06
 Reference value :  2.49287e-06
 Reference value :  2.49427e-06
 Reference value :  2.49602e-06
 Reference value :  2.49767e-06
 Reference value :  2.49923e-06
 Reference value :  2.50063e-06
 Reference value :  2.50204e-06
 Reference value :  2.50397e-06
 Reference value :  2.50543e-06
 Reference value :  2.50695e-06
 Reference value :  2.50847e-06
 Reference value :  2.51001e-06
 Reference value :  2.51175e-06
 Reference value :  2.51327e-06
 Reference value :  2.51483e-06
 Reference value :  2.51631e-06
 Reference value :  2.51795e-06
 Reference value :  2.51951e-06
 Reference value :  2.52091e-06
 Reference value :  2.52251e-06
 Reference value :  2.52415e-06
 Reference value :  2.52547e-06
 Reference value :  2.52719e-06
 Reference value :  2.52863e-06
 Reference value :  2.53023e-06
 Reference value :  2.53201e-06
 Reference value :  2.53319e-06
 Reference value :  2.53475e-06
 Reference value :  2.53631e-06
 Reference value :  2.53801e-06
 Reference value :  2.53967e-06
 Reference value :  2.54087e-06
 Reference value :  2.54231e-06
 Reference value :  2.54402e-06
 Reference value :  2.54587e-06
 Reference value :  2.54743e-06
 Reference value :  2.54883e-06
 Reference value :  2.55039e-06
 Reference value :  2.55207e-06
 Reference value :  2.55355e-06
 Reference value :  2.55511e-06
 Reference value :  2.55651e-06
 Reference value :  2.55811e-06
 Reference value :  2.56001e-06
 Reference value :  2.56131e-06
 Reference value :  2.56299e-06
 Reference value :  2.56451e-06
 Reference value :  2.56615e-06
 Reference value :  2.56801e-06
 Reference value :  2.56943e-06
 Reference value :  2.57107e-06
 Reference value :  2.57259e-06
 Reference value :  2.57435e-06
 Reference value :  2.57627e-06
 Reference value :  2.57791e-06
 Reference value :  2.57947e-06
 Reference value :  2.58091e-06
 Reference value :  2.58247e-06
 Reference value :  2.58411e-06
 Reference value :  2.58555e-06
 Reference value :  2.58711e-06
 Reference value :  2.58855e-06
 Reference value :  2.59019e-06
 Reference value :  2.59201e-06
 Reference value :  2.59327e-06
 Reference value :  2.59487e-06
 Reference value :  2.59643e-06
 Reference value :  2.59803e-06
 Reference value :  2.59991e-06
 Reference value :  2.60107e-06
 Reference value :  2.60263e-06
 Reference value :  2.60423e-06
 Reference value :  2.60600e-06
 Reference value :  2.60763e-06
 Reference value :  2.60887e-06
 Reference value :  2.61043e-06
 Reference value :  2.61207e-06
 Reference value :  2.61387e-06
 Reference value :  2.61543e-06
 Reference value :  2.61683e-06
 Reference value :  2.61827e-06
 Reference value :  2.62011e-06
 Reference value :  2.62200e-06
 Reference value :  2.62363e-06
 Reference value :  2.62491e-06
 Reference value :  2.62663e-06
 Reference value :  2.62823e-06
 Reference value :  2.63000e-06
 Reference value :  2.63163e-06
 Reference value :  2.63287e-06
 Reference value :  2.63431e-06
 Reference value :  2.63603e-06
 Reference value :  2.63771e-06
 Reference value :  2.63927e-06
 Reference value :  2.64063e-06
 Reference value :  2.64207e-06
 Reference value :  2.64400e-06
 Reference value :  2.64547e-06
 Reference value :  2.64703e-06
 Reference value :  2.64855e-06
 Reference value :  2.65001e-06
 Reference value :  2.65195e-06
 Reference value :  2.65335e-06
 Reference value :  2.65491e-06
 Reference value :  2.65639e-06
 Reference value :  2.65797e-06
 Reference value :  2.65955e-06
 Reference value :  2.66095e-06
 Reference value :  2.66251e-06
 Reference value :  2.66415e-06
 Reference value :  2.66571e-06
 Reference value :  2.66727e-06
 Reference value :  2.66867e-06
 Reference value :  2.67027e-06
 Reference value :  2.67202e-06
 Reference value :  2.67347e-06
 Reference value :  2.67507e-06
 Reference value :  2.67655e-06
 Reference value :  2.67815e-06
 Reference value :  2.68000e-06
 Reference value :  2.68123e-06
 Reference value :  2.68283e-06
 Reference value :  2.68431e-06
 Reference value :  2.68600e-06
 Reference value :  2.68767e-06
 Reference value :  2.68895e-06
 Reference value :  2.69059e-06
 Reference value :  2.69223e-06
 Reference value :  2.69400e-06
 Reference value :  2.69563e-06
 Reference value :  2.69691e-06
 Reference value :  2.69839e-06
 Reference value :  2.70007e-06
 Reference value :  2.70183e-06
 Reference value :  2.70335e-06
 Reference value :  2.70471e-06
 Reference value :  2.70619e-06
 Reference value :  2.70801e-06
 Reference value :  2.70959e-06
 Reference value :  2.71111e-06
 Reference value :  2.71251e-06
 Reference value :  2.71400e-06
 Reference value :  2.71567e-06
 Reference value :  2.71707e-06
 Reference value :  2.71855e-06
 Reference value :  2.72015e-06
 Reference value :  2.72163e-06
 Reference value :  2.72319e-06
 Reference value :  2.72463e-06
 Reference value :  2.72623e-06
 Reference value :  2.72801e-06
 Reference value :  2.72931e-06
 Reference value :  2.73091e-06
 Reference value :  2.73251e-06
 Reference value :  2.73411e-06
 Reference value :  2.73600e-06
 Reference value :  2.73723e-06
 Reference value :  2.73879e-06
 Reference value :  2.74035e-06
 Reference value :  2.74202e-06
 Reference value :  2.74383e-06
 Reference value :  2.74503e-06
 Reference value :  2.74651e-06
 Reference value :  2.74807e-06
 Reference value :  2.74979e-06
 Reference value :  2.75135e-06
 Reference value :  2.75271e-06
 Reference value :  2.75411e-06
 Reference value :  2.75600e-06
 Reference value :  2.75747e-06
 Reference value :  2.75907e-06
 Reference value :  2.76051e-06
 Reference value :  2.76202e-06
 Reference value :  2.76387e-06
 Reference value :  2.76527e-06
 Reference value :  2.76679e-06
 Reference value :  2.76835e-06
 Reference value :  2.77000e-06
 Reference value :  2.77163e-06
 Reference value :  2.77307e-06
 Reference value :  2.77463e-06
 Reference value :  2.77623e-06
 Reference value :  2.77755e-06
 Reference value :  2.77915e-06
 Reference value :  2.78059e-06
 Reference value :  2.78223e-06
 Reference value :  2.78403e-06
 Reference value :  2.78531e-06
 Reference value :  2.78691e-06
 Reference value :  2.78843e-06
 Reference value :  2.79003e-06
 Reference value :  2.79191e-06
 Reference value :  2.79307e-06
 Reference value :  2.79459e-06
 Reference value :  2.79619e-06
 Reference value :  2.79800e-06
 Reference value :  2.79963e-06
 Reference value :  2.80107e-06
 Reference value :  2.80259e-06
 Reference value :  2.80419e-06
 Reference value :  2.80575e-06
 Reference value :  2.80735e-06
 Reference value :  2.80871e-06
 Reference value :  2.81027e-06
 Reference value :  2.81202e-06
 Reference value :  2.81339e-06
 Reference value :  2.81499e-06
 Reference value :  2.81647e-06
 Reference value :  2.81807e-06
 Reference value :  2.81997e-06
 Reference value :  2.82115e-06
 Reference value :  2.82271e-06
 Reference value :  2.82427e-06
 Reference value :  2.82600e-06
 Reference value :  2.82767e-06
 Reference value :  2.82887e-06
 Reference value :  2.83051e-06
 Reference value :  2.83219e-06
 Reference value :  2.83400e-06
 Reference value :  2.83559e-06
 Reference value :  2.83687e-06
 Reference value :  2.83823e-06
 Reference value :  2.84002e-06
 Reference value :  2.84171e-06
 Reference value :  2.84327e-06
 Reference value :  2.84463e-06
 Reference value :  2.84604e-06
 Reference value :  2.84797e-06
 Reference value :  2.84939e-06
 Reference value :  2.85091e-06
 Reference value :  2.85239e-06
 Reference value :  2.85400e-06
 Reference value :  2.85567e-06
 Reference value :  2.85707e-06
 Reference value :  2.85863e-06
 Reference value :  2.86023e-06
 Reference value :  2.86183e-06
 Reference value :  2.86339e-06
 Reference value :  2.86479e-06
 Reference value :  2.86635e-06
 Reference value :  2.86804e-06
 Reference value :  2.86947e-06
 Reference value :  2.87103e-06
 Reference value :  2.87251e-06
 Reference value :  2.87411e-06
 Reference value :  2.87600e-06
 Reference value :  2.87719e-06
 Reference value :  2.87879e-06
 Reference value :  2.88035e-06
 Reference value :  2.88202e-06
 Reference value :  2.88379e-06
 Reference value :  2.88499e-06
 Reference value :  2.88667e-06
 Reference value :  2.88827e-06
 Reference value :  2.89000e-06
 Reference value :  2.89163e-06
 Reference value :  2.89283e-06
 Reference value :  2.89435e-06
 Reference value :  2.89607e-06
 Reference value :  2.89783e-06
 Reference value :  2.89943e-06
 Reference value :  2.90075e-06
 Reference value :  2.90207e-06
 Reference value :  2.90400e-06
 Reference value :  2.90543e-06
 Reference value :  2.90699e-06
 Reference value :  2.90847e-06
 Reference value :  2.91001e-06
 Reference value :  2.91175e-06
 Reference value :  2.91315e-06
 Reference value :  2.91467e-06
 Reference value :  2.91623e-06
 Reference value :  2.91783e-06
 Reference value :  2.91939e-06
 Reference value :  2.92075e-06
 Reference value :  2.92235e-06
 Reference value :  2.92407e-06
 Reference value :  2.92559e-06
 Reference value :  2.92719e-06
 Reference value :  2.92859e-06
 Reference value :  2.93027e-06
 Reference value :  2.93202e-06
 Reference value :  2.93339e-06
 Reference value :  2.93499e-06
 Reference value :  2.93655e-06
 Reference value :  2.93815e-06
 Reference value :  2.94000e-06
 Reference value :  2.94123e-06
 Reference value :  2.94279e-06
 Reference value :  2.94427e-06
 Reference value :  2.94600e-06
 Reference value :  2.94767e-06
 Reference value :  2.94891e-06
 Reference value :  2.95059e-06
 Reference value :  2.95219e-06
 Reference value :  2.95397e-06
 Reference value :  2.95551e-06
 Reference value :  2.95679e-06
 Reference value :  2.95863e-06
 Reference value :  2.96023e-06
 Reference value :  2.96200e-06
 Reference value :  2.96375e-06
 Reference value :  2.96495e-06
 Reference value :  2.96647e-06
 Reference value :  2.96823e-06
 Reference value :  2.97000e-06
 Reference value :  2.97155e-06
 Reference value :  2.97283e-06
 Reference value :  2.97431e-06
 Reference value :  2.97602e-06
 Reference value :  2.97763e-06
 Reference value :  2.97907e-06
 Reference value :  2.98051e-06
 Reference value :  2.98202e-06
 Reference value :  2.98379e-06
 Reference value :  2.98511e-06
 Reference value :  2.98659e-06
 Reference value :  2.98819e-06
 Reference value :  2.98975e-06
 Reference value :  2.99135e-06
 Reference value :  2.99275e-06
 Reference value :  2.99431e-06
 Reference value :  2.99607e-06
 Reference value :  2.99747e-06
 Reference value :  2.99895e-06
 Reference value :  3.00051e-06
 Reference value :  3.00207e-06
 Reference value :  3.00397e-06
 Reference value :  3.00511e-06
 Reference value :  3.00659e-06
 Reference value :  3.00819e-06
 Reference value :  3.01000e-06
 Reference value :  3.01163e-06
 Reference value :  3.01287e-06
 Reference value :  3.01435e-06
 Reference value :  3.01604e-06
 Reference value :  3.01775e-06
 Reference value :  3.01927e-06
 Reference value :  3.02067e-06
 Reference value :  3.02211e-06
 Reference value :  3.02400e-06
 Reference value :  3.02539e-06
 Reference value :  3.02687e-06
 Reference value :  3.02835e-06
 Reference value :  3.02975e-06
 Reference value :  3.03131e-06
 Reference value :  3.03271e-06
 Reference value :  3.03431e-06
 Reference value :  3.03602e-06
 Reference value :  3.03719e-06
 Reference value :  3.03871e-06
 Reference value :  3.04019e-06
 Reference value :  3.04191e-06
 Reference value :  3.04343e-06
 Reference value :  3.04471e-06
 Reference value :  3.04611e-06
 Reference value :  3.04800e-06
 Reference value :  3.04943e-06
 Reference value :  3.05099e-06
 Reference value :  3.05243e-06
 Reference value :  3.05407e-06
 Reference value :  3.05595e-06
 Reference value :  3.05711e-06
 Reference value :  3.05859e-06
 Reference value :  3.06019e-06
 Reference value :  3.06195e-06
 Reference value :  3.06351e-06
 Reference value :  3.06475e-06
 Reference value :  3.06615e-06
 Reference value :  3.06801e-06
 Reference value :  3.06955e-06
 Reference value :  3.07103e-06
 Reference value :  3.07251e-06
 Reference value :  3.07402e-06
 Reference value :  3.07583e-06
 Reference value :  3.07723e-06
 Reference value :  3.07875e-06
 Reference value :  3.08031e-06
 Reference value :  3.08195e-06
 Reference value :  3.08351e-06
 Reference value :  3.08483e-06
 Reference value :  3.08635e-06
 Reference value :  3.08803e-06
 Reference value :  3.08935e-06
 Reference value :  3.09087e-06
 Reference value :  3.09235e-06
 Reference value :  3.09401e-06
 Reference value :  3.09563e-06
 Reference value :  3.09667e-06
 Reference value :  3.09803e-06
 Reference value :  3.09983e-06
 Reference value :  3.10131e-06
 Reference value :  3.10279e-06
 Reference value :  3.10427e-06
 Reference value :  3.10583e-06
 Reference value :  3.10727e-06
 Reference value :  3.10859e-06
 Reference value :  3.11015e-06
 Reference value :  3.11200e-06
 Reference value :  3.11315e-06
 Reference value :  3.11467e-06
 Reference value :  3.11623e-06
 Reference value :  3.11800e-06
 Reference value :  3.11951e-06
 Reference value :  3.12067e-06
 Reference value :  3.12204e-06
 Reference value :  3.12371e-06
 Reference value :  3.12507e-06
 Reference value :  3.12655e-06
 Reference value :  3.12815e-06
 Reference value :  3.12975e-06
 Reference value :  3.13135e-06
 Reference value :  3.13279e-06
 Reference value :  3.13435e-06
 Reference value :  3.13604e-06
 Reference value :  3.13755e-06
 Reference value :  3.13915e-06
 Reference value :  3.14055e-06
 Reference value :  3.14211e-06
 Reference value :  3.14401e-06
 Reference value :  3.14535e-06
 Reference value :  3.14691e-06
 Reference value :  3.14839e-06
 Reference value :  3.15002e-06
 Reference value :  3.15183e-06
 Reference value :  3.15299e-06
 Reference value :  3.15435e-06
 Reference value :  3.15604e-06
 Reference value :  3.15775e-06
 Reference value :  3.15927e-06
 Reference value :  3.16063e-06
 Reference value :  3.16203e-06
 Reference value :  3.16395e-06
 Reference value :  3.16539e-06
 Reference value :  3.16695e-06
 Reference value :  3.16843e-06
 Reference value :  3.17001e-06
 Reference value :  3.17187e-06
 Reference value :  3.17351e-06
 Reference value :  3.17515e-06
 Reference value :  3.17659e-06
 Reference value :  3.17815e-06
 Reference value :  3.18001e-06
 Reference value :  3.18159e-06
 Reference value :  3.18311e-06
 Reference value :  3.18455e-06
 Reference value :  3.18602e-06
 Reference value :  3.18779e-06
 Reference value :  3.18911e-06
 Reference value :  3.19063e-06
 Reference value :  3.19227e-06
 Reference value :  3.19383e-06
 Reference value :  3.19601e-06
 Reference value :  3.19767e-06
 Reference value :  3.19919e-06
No. of Data Rows : 94280
sim/harness: analysis complete
Note: Simulation executed from .control section 
Note: Starting dynamic gmin stepping
Note: Dynamic gmin stepping completed
