
Note: Compatibility modes selected: hs a


Circuit: ** sch_path: /users/rwalters/github/sky130-pll/.loom/worktrees/issue-131/sim/divider-n63/testbench/tb_divider_n63.sch

option SCALE: Scale is set to 1e-06 for instance and model parameters
option SCALE: Scale is set to 1e-06 for instance and model parameters
option SCALE: Scale is set to 1e-06 for instance and model parameters
option SCALE: Scale is set to 1e-06 for instance and model parameters
Doing analysis at TEMP = 125.000000 and TNOM = 27.000000

Using KLU as Direct Linear Solver
 Reference value :  0.00000e+00
 Reference value :  1.02290e-09
 Reference value :  2.30762e-09
 Reference value :  3.94762e-09
 Reference value :  5.00000e-09
 Reference value :  6.18763e-09
 Reference value :  7.74763e-09
 Reference value :  8.70763e-09
 Reference value :  1.00396e-08
 Reference value :  1.15076e-08
 Reference value :  1.25876e-08
 Reference value :  1.37476e-08
 Reference value :  1.49476e-08
 Reference value :  1.61876e-08
 Reference value :  1.75476e-08
 Reference value :  1.86676e-08
 Reference value :  2.00151e-08
 Reference value :  2.10276e-08
 Reference value :  2.21476e-08
 Reference value :  2.36276e-08
 Reference value :  2.45876e-08
 Reference value :  2.60134e-08
 Reference value :  2.73476e-08
 Reference value :  2.84276e-08
 Reference value :  2.98676e-08
 Reference value :  3.09876e-08
 Reference value :  3.21876e-08
 Reference value :  3.33476e-08
 Reference value :  3.43076e-08
 Reference value :  3.59738e-08
 Reference value :  3.69476e-08
 Reference value :  3.81476e-08
 Reference value :  3.96676e-08
 Reference value :  4.07076e-08
 Reference value :  4.20000e-08
 Reference value :  4.32276e-08
 Reference value :  4.43476e-08
 Reference value :  4.57876e-08
 Reference value :  4.69476e-08
 Reference value :  4.81476e-08
 Reference value :  4.93876e-08
 Reference value :  5.05076e-08
 Reference value :  5.20081e-08
 Reference value :  5.30276e-08
 Reference value :  5.41476e-08
 Reference value :  5.56676e-08
 Reference value :  5.66276e-08
 Reference value :  5.79476e-08
 Reference value :  5.91476e-08
 Reference value :  6.03076e-08
 Reference value :  6.17876e-08
 Reference value :  6.29876e-08
 Reference value :  6.44676e-08
 Reference value :  6.57076e-08
 Reference value :  6.67876e-08
 Reference value :  6.80256e-08
 Reference value :  6.93076e-08
 Reference value :  7.03876e-08
 Reference value :  7.20000e-08
 Reference value :  7.29461e-08
 Reference value :  7.40396e-08
 Reference value :  7.55476e-08
 Reference value :  7.66276e-08
 Reference value :  7.80038e-08
 Reference value :  7.91876e-08
 Reference value :  8.03476e-08
 Reference value :  8.15876e-08
 Reference value :  8.25476e-08
 Reference value :  8.40083e-08
 Reference value :  8.50661e-08
 Reference value :  8.62276e-08
 Reference value :  8.77876e-08
 Reference value :  8.86676e-08
 Reference value :  8.99476e-08
 Reference value :  9.09876e-08
 Reference value :  9.21476e-08
 Reference value :  9.34276e-08
 Reference value :  9.45076e-08
 Reference value :  9.60081e-08
 Reference value :  9.71076e-08
 Reference value :  9.80676e-08
 Reference value :  9.96276e-08
 Reference value :  1.00588e-07
 Reference value :  1.02004e-07
 Reference value :  1.03188e-07
 Reference value :  1.04348e-07
 Reference value :  1.05308e-07
 Reference value :  1.06428e-07
 Reference value :  1.08001e-07
 Reference value :  1.09028e-07
 Reference value :  1.10228e-07
 Reference value :  1.11748e-07
 Reference value :  1.12746e-07
 Reference value :  1.14004e-07
 Reference value :  1.15228e-07
 Reference value :  1.16308e-07
 Reference value :  1.17974e-07
 Reference value :  1.19068e-07
 Reference value :  1.20228e-07
 Reference value :  1.21388e-07
 Reference value :  1.22548e-07
 Reference value :  1.24012e-07
 Reference value :  1.25148e-07
 Reference value :  1.26308e-07
 Reference value :  1.27908e-07
 Reference value :  1.28868e-07
 Reference value :  1.30000e-07
 Reference value :  1.31148e-07
 Reference value :  1.32348e-07
 Reference value :  1.33788e-07
 Reference value :  1.34948e-07
 Reference value :  1.36040e-07
 Reference value :  1.37148e-07
 Reference value :  1.38468e-07
 Reference value :  1.40004e-07
 Reference value :  1.41068e-07
 Reference value :  1.42188e-07
 Reference value :  1.43908e-07
 Reference value :  1.44908e-07
 Reference value :  1.46026e-07
 Reference value :  1.47748e-07
 Reference value :  1.48748e-07
 Reference value :  1.50040e-07
 Reference value :  1.51548e-07
 Reference value :  1.52548e-07
 Reference value :  1.53708e-07
 Reference value :  1.54828e-07
 Reference value :  1.56308e-07
 Reference value :  1.57668e-07
 Reference value :  1.58708e-07
 Reference value :  1.60015e-07
 Reference value :  1.61068e-07
 Reference value :  1.62040e-07
 Reference value :  1.63508e-07
 Reference value :  1.64508e-07
 Reference value :  1.65788e-07
 Reference value :  1.66908e-07
 Reference value :  1.68148e-07
 Reference value :  1.69268e-07
 Reference value :  1.70348e-07
 Reference value :  1.71974e-07
 Reference value :  1.72908e-07
 Reference value :  1.74019e-07
 Reference value :  1.75388e-07
 Reference value :  1.76468e-07
 Reference value :  1.77708e-07
 Reference value :  1.78668e-07
 Reference value :  1.80019e-07
 Reference value :  1.81268e-07
 Reference value :  1.82388e-07
 Reference value :  1.83948e-07
 Reference value :  1.84748e-07
 Reference value :  1.86000e-07
 Reference value :  1.87068e-07
 Reference value :  1.88268e-07
 Reference value :  1.89628e-07
 Reference value :  1.90708e-07
 Reference value :  1.92019e-07
 Reference value :  1.93188e-07
 Reference value :  1.94188e-07
 Reference value :  1.95788e-07
 Reference value :  1.96788e-07
 Reference value :  1.98015e-07
 Reference value :  1.99348e-07
 Reference value :  2.00428e-07
 Reference value :  2.01588e-07
 Reference value :  2.02628e-07
 Reference value :  2.04008e-07
 Reference value :  2.05108e-07
 Reference value :  2.06228e-07
 Reference value :  2.07708e-07
 Reference value :  2.08668e-07
 Reference value :  2.10001e-07
 Reference value :  2.11108e-07
 Reference value :  2.12228e-07
 Reference value :  2.13548e-07
 Reference value :  2.14588e-07
 Reference value :  2.16013e-07
 Reference value :  2.16948e-07
 Reference value :  2.18013e-07
 Reference value :  2.19308e-07
 Reference value :  2.20428e-07
 Reference value :  2.21868e-07
 Reference value :  2.22908e-07
 Reference value :  2.24068e-07
 Reference value :  2.25228e-07
 Reference value :  2.26148e-07
 Reference value :  2.27588e-07
 Reference value :  2.28588e-07
 Reference value :  2.30019e-07
 Reference value :  2.31348e-07
 Reference value :  2.32388e-07
 Reference value :  2.33468e-07
 Reference value :  2.34548e-07
 Reference value :  2.36004e-07
 Reference value :  2.37068e-07
 Reference value :  2.38188e-07
 Reference value :  2.39628e-07
 Reference value :  2.40588e-07
 Reference value :  2.41868e-07
 Reference value :  2.42868e-07
 Reference value :  2.44040e-07
 Reference value :  2.45308e-07
 Reference value :  2.46388e-07
 Reference value :  2.47868e-07
 Reference value :  2.48746e-07
 Reference value :  2.49946e-07
 Reference value :  2.50948e-07
 Reference value :  2.52106e-07
 Reference value :  2.53426e-07
 Reference value :  2.54468e-07
 Reference value :  2.56015e-07
 Reference value :  2.57148e-07
 Reference value :  2.58013e-07
 Reference value :  2.59188e-07
 Reference value :  2.60308e-07
 Reference value :  2.61668e-07
 Reference value :  2.62708e-07
 Reference value :  2.64018e-07
 Reference value :  2.65026e-07
 Reference value :  2.66015e-07
 Reference value :  2.67428e-07
 Reference value :  2.68548e-07
 Reference value :  2.69974e-07
 Reference value :  2.71028e-07
 Reference value :  2.72148e-07
 Reference value :  2.73268e-07
 Reference value :  2.74348e-07
 Reference value :  2.75868e-07
 Reference value :  2.76946e-07
 Reference value :  2.78268e-07
 Reference value :  2.79828e-07
 Reference value :  2.80788e-07
 Reference value :  2.82040e-07
 Reference value :  2.83468e-07
 Reference value :  2.84468e-07
 Reference value :  2.85588e-07
 Reference value :  2.86668e-07
 Reference value :  2.88018e-07
 Reference value :  2.89226e-07
 Reference value :  2.90308e-07
 Reference value :  2.91948e-07
 Reference value :  2.92948e-07
 Reference value :  2.94188e-07
 Reference value :  2.95708e-07
 Reference value :  2.96708e-07
 Reference value :  2.98013e-07
 Reference value :  2.99268e-07
 Reference value :  3.00266e-07
 Reference value :  3.01386e-07
 Reference value :  3.02468e-07
 Reference value :  3.04004e-07
 Reference value :  3.05028e-07
 Reference value :  3.06188e-07
 Reference value :  3.07708e-07
 Reference value :  3.08668e-07
 Reference value :  3.09828e-07
 Reference value :  3.10868e-07
 Reference value :  3.12066e-07
 Reference value :  3.13226e-07
 Reference value :  3.14308e-07
 Reference value :  3.15788e-07
 Reference value :  3.16668e-07
 Reference value :  3.17868e-07
 Reference value :  3.18948e-07
 Reference value :  3.20068e-07
 Reference value :  3.21348e-07
 Reference value :  3.22428e-07
 Reference value :  3.24000e-07
 Reference value :  3.24906e-07
 Reference value :  3.26013e-07
 Reference value :  3.27188e-07
 Reference value :  3.28188e-07
 Reference value :  3.29548e-07
 Reference value :  3.30628e-07
 Reference value :  3.32013e-07
 Reference value :  3.33068e-07
 Reference value :  3.34108e-07
 Reference value :  3.35628e-07
 Reference value :  3.36666e-07
 Reference value :  3.38004e-07
 Reference value :  3.39068e-07
 Reference value :  3.40148e-07
 Reference value :  3.41268e-07
 Reference value :  3.42348e-07
 Reference value :  3.43868e-07
 Reference value :  3.44748e-07
 Reference value :  3.46019e-07
 Reference value :  3.47348e-07
 Reference value :  3.48386e-07
 Reference value :  3.49466e-07
 Reference value :  3.50388e-07
 Reference value :  3.51868e-07
 Reference value :  3.52788e-07
 Reference value :  3.54026e-07
 Reference value :  3.55428e-07
 Reference value :  3.56428e-07
 Reference value :  3.57508e-07
 Reference value :  3.58588e-07
 Reference value :  3.60004e-07
 Reference value :  3.61068e-07
 Reference value :  3.62188e-07
 Reference value :  3.63588e-07
 Reference value :  3.64588e-07
 Reference value :  3.65868e-07
 Reference value :  3.66988e-07
 Reference value :  3.68148e-07
 Reference value :  3.69428e-07
 Reference value :  3.70428e-07
 Reference value :  3.71974e-07
 Reference value :  3.72868e-07
 Reference value :  3.74001e-07
 Reference value :  3.75108e-07
 Reference value :  3.76188e-07
 Reference value :  3.77508e-07
 Reference value :  3.78548e-07
 Reference value :  3.80004e-07
 Reference value :  3.80988e-07
 Reference value :  3.82013e-07
 Reference value :  3.83228e-07
 Reference value :  3.84388e-07
 Reference value :  3.85788e-07
 Reference value :  3.86868e-07
 Reference value :  3.88108e-07
 Reference value :  3.89228e-07
 Reference value :  3.90388e-07
 Reference value :  3.91974e-07
 Reference value :  3.92868e-07
 Reference value :  3.94040e-07
 Reference value :  3.95428e-07
 Reference value :  3.96468e-07
 Reference value :  3.97668e-07
 Reference value :  3.98788e-07
 Reference value :  4.00025e-07
 Reference value :  4.01226e-07
 Reference value :  4.02348e-07
 Reference value :  4.03828e-07
 Reference value :  4.04708e-07
 Reference value :  4.05974e-07
 Reference value :  4.07068e-07
 Reference value :  4.08228e-07
 Reference value :  4.09428e-07
 Reference value :  4.10428e-07
 Reference value :  4.11974e-07
 Reference value :  4.12906e-07
 Reference value :  4.14004e-07
 Reference value :  4.15148e-07
 Reference value :  4.16308e-07
 Reference value :  4.17748e-07
 Reference value :  4.19028e-07
 Reference value :  4.20348e-07
 Reference value :  4.21428e-07
 Reference value :  4.22508e-07
 Reference value :  4.23974e-07
 Reference value :  4.24866e-07
 Reference value :  4.26108e-07
 Reference value :  4.27868e-07
 Reference value :  4.28828e-07
 Reference value :  4.30013e-07
 Reference value :  4.31388e-07
 Reference value :  4.32468e-07
 Reference value :  4.33868e-07
 Reference value :  4.34948e-07
 Reference value :  4.36146e-07
 Reference value :  4.37466e-07
 Reference value :  4.38508e-07
 Reference value :  4.40000e-07
 Reference value :  4.40908e-07
 Reference value :  4.42108e-07
 Reference value :  4.43548e-07
 Reference value :  4.44548e-07
 Reference value :  4.45708e-07
 Reference value :  4.47028e-07
 Reference value :  4.48186e-07
 Reference value :  4.49466e-07
 Reference value :  4.50508e-07
 Reference value :  4.52004e-07
 Reference value :  4.52948e-07
 Reference value :  4.54013e-07
 Reference value :  4.55268e-07
 Reference value :  4.56348e-07
 Reference value :  4.57668e-07
 Reference value :  4.58708e-07
 Reference value :  4.60066e-07
 Reference value :  4.61226e-07
 Reference value :  4.62548e-07
 Reference value :  4.64008e-07
 Reference value :  4.65068e-07
 Reference value :  4.66228e-07
 Reference value :  4.67788e-07
 Reference value :  4.68708e-07
 Reference value :  4.69948e-07
 Reference value :  4.70988e-07
 Reference value :  4.72186e-07
 Reference value :  4.73506e-07
 Reference value :  4.74508e-07
 Reference value :  4.76004e-07
 Reference value :  4.76988e-07
 Reference value :  4.78019e-07
 Reference value :  4.79428e-07
 Reference value :  4.80428e-07
 Reference value :  4.81788e-07
 Reference value :  4.82908e-07
 Reference value :  4.84108e-07
 Reference value :  4.85188e-07
 Reference value :  4.86268e-07
 Reference value :  4.87748e-07
 Reference value :  4.88668e-07
 Reference value :  4.90012e-07
 Reference value :  4.91268e-07
 Reference value :  4.92388e-07
 Reference value :  4.93468e-07
 Reference value :  4.94508e-07
 Reference value :  4.96004e-07
 Reference value :  4.96906e-07
 Reference value :  4.98040e-07
 Reference value :  4.99428e-07
 Reference value :  5.00466e-07
 Reference value :  5.01626e-07
 Reference value :  5.02708e-07
 Reference value :  5.04013e-07
 Reference value :  5.05188e-07
 Reference value :  5.06308e-07
 Reference value :  5.07828e-07
 Reference value :  5.08748e-07
 Reference value :  5.09788e-07
 Reference value :  5.10628e-07
 Reference value :  5.12001e-07
 Reference value :  5.12908e-07
 Reference value :  5.14068e-07
 Reference value :  5.15508e-07
 Reference value :  5.16548e-07
 Reference value :  5.17628e-07
 Reference value :  5.18748e-07
 Reference value :  5.20019e-07
 Reference value :  5.21148e-07
 Reference value :  5.22268e-07
 Reference value :  5.23788e-07
 Reference value :  5.24668e-07
 Reference value :  5.25908e-07
 Reference value :  5.27028e-07
 Reference value :  5.28226e-07
 Reference value :  5.29666e-07
 Reference value :  5.30788e-07
 Reference value :  5.32040e-07
 Reference value :  5.33308e-07
 Reference value :  5.34348e-07
 Reference value :  5.35948e-07
 Reference value :  5.36868e-07
 Reference value :  5.37948e-07
 Reference value :  5.39068e-07
 Reference value :  5.40188e-07
 Reference value :  5.41508e-07
 Reference value :  5.42588e-07
 Reference value :  5.44004e-07
 Reference value :  5.44948e-07
 Reference value :  5.46026e-07
 Reference value :  5.47748e-07
 Reference value :  5.48668e-07
 Reference value :  5.50012e-07
 Reference value :  5.51228e-07
 Reference value :  5.52386e-07
 Reference value :  5.53546e-07
 Reference value :  5.54668e-07
 Reference value :  5.56013e-07
 Reference value :  5.57148e-07
 Reference value :  5.58308e-07
 Reference value :  5.60001e-07
 Reference value :  5.60868e-07
 Reference value :  5.62108e-07
 Reference value :  5.63628e-07
 Reference value :  5.64668e-07
 Reference value :  5.66012e-07
 Reference value :  5.67268e-07
 Reference value :  5.68388e-07
 Reference value :  5.69508e-07
 Reference value :  5.70468e-07
 Reference value :  5.71974e-07
 Reference value :  5.72828e-07
 Reference value :  5.74015e-07
 Reference value :  5.75308e-07
 Reference value :  5.76386e-07
 Reference value :  5.77546e-07
 Reference value :  5.78668e-07
 Reference value :  5.80015e-07
 Reference value :  5.81188e-07
 Reference value :  5.82228e-07
 Reference value :  5.83748e-07
 Reference value :  5.84668e-07
 Reference value :  5.85908e-07
 Reference value :  5.87028e-07
 Reference value :  5.88188e-07
 Reference value :  5.89628e-07
 Reference value :  5.90988e-07
 Reference value :  5.92108e-07
 Reference value :  5.93188e-07
 Reference value :  5.94268e-07
 Reference value :  5.95868e-07
 Reference value :  5.96748e-07
 Reference value :  5.98015e-07
 Reference value :  5.99348e-07
 Reference value :  6.00466e-07
 Reference value :  6.01626e-07
 Reference value :  6.02748e-07
 Reference value :  6.04026e-07
 Reference value :  6.05228e-07
 Reference value :  6.06308e-07
 Reference value :  6.07828e-07
 Reference value :  6.08748e-07
 Reference value :  6.09948e-07
 Reference value :  6.11068e-07
 Reference value :  6.12228e-07
 Reference value :  6.13588e-07
 Reference value :  6.14668e-07
 Reference value :  6.16013e-07
 Reference value :  6.17108e-07
 Reference value :  6.18108e-07
 Reference value :  6.19588e-07
 Reference value :  6.20668e-07
 Reference value :  6.22019e-07
 Reference value :  6.23388e-07
 Reference value :  6.24506e-07
 Reference value :  6.25706e-07
 Reference value :  6.26828e-07
 Reference value :  6.28040e-07
 Reference value :  6.29268e-07
 Reference value :  6.30388e-07
 Reference value :  6.31974e-07
 Reference value :  6.32868e-07
 Reference value :  6.33974e-07
 Reference value :  6.34988e-07
 Reference value :  6.36148e-07
 Reference value :  6.37468e-07
 Reference value :  6.38508e-07
 Reference value :  6.40001e-07
 Reference value :  6.40908e-07
 Reference value :  6.42013e-07
 Reference value :  6.43228e-07
 Reference value :  6.44348e-07
 Reference value :  6.45708e-07
 Reference value :  6.46788e-07
 Reference value :  6.48025e-07
 Reference value :  6.49106e-07
 Reference value :  6.50068e-07
 Reference value :  6.51508e-07
 Reference value :  6.52508e-07
 Reference value :  6.53908e-07
 Reference value :  6.54948e-07
 Reference value :  6.56068e-07
 Reference value :  6.57148e-07
 Reference value :  6.58228e-07
 Reference value :  6.59908e-07
 Reference value :  6.60868e-07
 Reference value :  6.62188e-07
 Reference value :  6.63908e-07
 Reference value :  6.64908e-07
 Reference value :  6.66015e-07
 Reference value :  6.67388e-07
 Reference value :  6.68508e-07
 Reference value :  6.70012e-07
 Reference value :  6.71548e-07
 Reference value :  6.72546e-07
 Reference value :  6.73626e-07
 Reference value :  6.74668e-07
 Reference value :  6.76013e-07
 Reference value :  6.77148e-07
 Reference value :  6.78268e-07
 Reference value :  6.79788e-07
 Reference value :  6.80708e-07
 Reference value :  6.82000e-07
 Reference value :  6.83148e-07
 Reference value :  6.84308e-07
 Reference value :  6.85668e-07
 Reference value :  6.86668e-07
 Reference value :  6.88013e-07
 Reference value :  6.89028e-07
 Reference value :  6.90068e-07
 Reference value :  6.91508e-07
 Reference value :  6.92508e-07
 Reference value :  6.93868e-07
 Reference value :  6.94908e-07
 Reference value :  6.96226e-07
 Reference value :  6.97466e-07
 Reference value :  6.98548e-07
 Reference value :  7.00013e-07
 Reference value :  7.01308e-07
 Reference value :  7.02348e-07
 Reference value :  7.03908e-07
 Reference value :  7.04788e-07
 Reference value :  7.05974e-07
 Reference value :  7.06948e-07
 Reference value :  7.08148e-07
 Reference value :  7.09508e-07
 Reference value :  7.10548e-07
 Reference value :  7.12004e-07
 Reference value :  7.12988e-07
 Reference value :  7.14108e-07
 Reference value :  7.15788e-07
 Reference value :  7.16708e-07
 Reference value :  7.18004e-07
 Reference value :  7.19108e-07
 Reference value :  7.20188e-07
 Reference value :  7.21188e-07
 Reference value :  7.22148e-07
 Reference value :  7.23588e-07
 Reference value :  7.24588e-07
 Reference value :  7.26000e-07
 Reference value :  7.27028e-07
 Reference value :  7.28148e-07
 Reference value :  7.29308e-07
 Reference value :  7.30268e-07
 Reference value :  7.31948e-07
 Reference value :  7.32988e-07
 Reference value :  7.34188e-07
 Reference value :  7.35708e-07
 Reference value :  7.36668e-07
 Reference value :  7.37868e-07
 Reference value :  7.38828e-07
 Reference value :  7.40013e-07
 Reference value :  7.41028e-07
 Reference value :  7.42188e-07
 Reference value :  7.43788e-07
 Reference value :  7.44948e-07
 Reference value :  7.46019e-07
 Reference value :  7.47388e-07
 Reference value :  7.48468e-07
 Reference value :  7.49868e-07
 Reference value :  7.50988e-07
 Reference value :  7.52108e-07
 Reference value :  7.53228e-07
 Reference value :  7.54308e-07
 Reference value :  7.55908e-07
 Reference value :  7.56868e-07
 Reference value :  7.58068e-07
 Reference value :  7.59508e-07
 Reference value :  7.60588e-07
 Reference value :  7.61708e-07
 Reference value :  7.62668e-07
 Reference value :  7.64013e-07
 Reference value :  7.65068e-07
 Reference value :  7.66228e-07
 Reference value :  7.67748e-07
 Reference value :  7.68708e-07
 Reference value :  7.69828e-07
 Reference value :  7.70948e-07
 Reference value :  7.72148e-07
 Reference value :  7.73468e-07
 Reference value :  7.74548e-07
 Reference value :  7.76001e-07
 Reference value :  7.76948e-07
 Reference value :  7.78019e-07
 Reference value :  7.79268e-07
 Reference value :  7.80348e-07
 Reference value :  7.81868e-07
 Reference value :  7.82988e-07
 Reference value :  7.84188e-07
 Reference value :  7.85548e-07
 Reference value :  7.86508e-07
 Reference value :  7.88000e-07
 Reference value :  7.88908e-07
 Reference value :  7.90012e-07
 Reference value :  7.91348e-07
 Reference value :  7.92428e-07
 Reference value :  7.93788e-07
 Reference value :  7.94828e-07
 Reference value :  7.96039e-07
 Reference value :  7.97106e-07
 Reference value :  7.98148e-07
 Reference value :  7.99588e-07
 Reference value :  8.00588e-07
 Reference value :  8.02004e-07
 Reference value :  8.03188e-07
 Reference value :  8.04348e-07
 Reference value :  8.05548e-07
 Reference value :  8.06708e-07
 Reference value :  8.08019e-07
 Reference value :  8.09268e-07
 Reference value :  8.10388e-07
 Reference value :  8.11908e-07
 Reference value :  8.12788e-07
 Reference value :  8.14004e-07
 Reference value :  8.15228e-07
 Reference value :  8.16348e-07
 Reference value :  8.17748e-07
 Reference value :  8.18828e-07
 Reference value :  8.20039e-07
 Reference value :  8.21186e-07
 Reference value :  8.22148e-07
 Reference value :  8.23908e-07
 Reference value :  8.24868e-07
 Reference value :  8.26068e-07
 Reference value :  8.27468e-07
 Reference value :  8.28508e-07
 Reference value :  8.29708e-07
 Reference value :  8.30828e-07
 Reference value :  8.32068e-07
 Reference value :  8.33388e-07
 Reference value :  8.34508e-07
 Reference value :  8.36004e-07
 Reference value :  8.36948e-07
 Reference value :  8.38013e-07
 Reference value :  8.39348e-07
 Reference value :  8.40468e-07
 Reference value :  8.41908e-07
 Reference value :  8.42988e-07
 Reference value :  8.44186e-07
 Reference value :  8.45266e-07
 Reference value :  8.46348e-07
 Reference value :  8.47948e-07
 Reference value :  8.48828e-07
 Reference value :  8.50019e-07
 Reference value :  8.51348e-07
 Reference value :  8.52348e-07
 Reference value :  8.53468e-07
 Reference value :  8.54508e-07
 Reference value :  8.56004e-07
 Reference value :  8.57028e-07
 Reference value :  8.58188e-07
 Reference value :  8.59748e-07
 Reference value :  8.60708e-07
 Reference value :  8.61908e-07
 Reference value :  8.62948e-07
 Reference value :  8.64068e-07
 Reference value :  8.65388e-07
 Reference value :  8.66548e-07
 Reference value :  8.68066e-07
 Reference value :  8.69226e-07
 Reference value :  8.70268e-07
 Reference value :  8.71788e-07
 Reference value :  8.72748e-07
 Reference value :  8.74015e-07
 Reference value :  8.75308e-07
 Reference value :  8.76428e-07
 Reference value :  8.77628e-07
 Reference value :  8.78708e-07
 Reference value :  8.80015e-07
 Reference value :  8.81148e-07
 Reference value :  8.82388e-07
 Reference value :  8.83908e-07
 Reference value :  8.84748e-07
 Reference value :  8.85828e-07
 Reference value :  8.86908e-07
 Reference value :  8.88108e-07
 Reference value :  8.89468e-07
 Reference value :  8.90508e-07
 Reference value :  8.92004e-07
 Reference value :  8.92946e-07
 Reference value :  8.94026e-07
 Reference value :  8.95428e-07
 Reference value :  8.96468e-07
 Reference value :  8.97868e-07
 Reference value :  8.98828e-07
 Reference value :  9.00040e-07
 Reference value :  9.01228e-07
 Reference value :  9.02228e-07
 Reference value :  9.03788e-07
 Reference value :  9.04748e-07
 Reference value :  9.06026e-07
 Reference value :  9.07428e-07
 Reference value :  9.08508e-07
 Reference value :  9.09628e-07
 Reference value :  9.10588e-07
 Reference value :  9.12000e-07
 Reference value :  9.12868e-07
 Reference value :  9.14019e-07
 Reference value :  9.15348e-07
 Reference value :  9.16426e-07
 Reference value :  9.17546e-07
 Reference value :  9.18548e-07
 Reference value :  9.20001e-07
 Reference value :  9.20948e-07
 Reference value :  9.22148e-07
 Reference value :  9.23548e-07
 Reference value :  9.24508e-07
 Reference value :  9.25668e-07
 Reference value :  9.26708e-07
 Reference value :  9.28019e-07
 Reference value :  9.29068e-07
 Reference value :  9.30188e-07
 Reference value :  9.31588e-07
 Reference value :  9.32588e-07
 Reference value :  9.33868e-07
 Reference value :  9.34948e-07
 Reference value :  9.36148e-07
 Reference value :  9.37828e-07
 Reference value :  9.39308e-07
 Reference value :  9.40746e-07
 Reference value :  9.42108e-07
 Reference value :  9.44000e-07
 Reference value :  9.45388e-07
 Reference value :  9.46868e-07
 Reference value :  9.48388e-07
 Reference value :  9.49828e-07
 Reference value :  9.51348e-07
 Reference value :  9.52708e-07
 Reference value :  9.54228e-07
 Reference value :  9.56013e-07
 Reference value :  9.57268e-07
 Reference value :  9.58828e-07
 Reference value :  9.60388e-07
 Reference value :  9.62015e-07
 Reference value :  9.63828e-07
 Reference value :  9.65108e-07
 Reference value :  9.66548e-07
 Reference value :  9.68188e-07
 Reference value :  9.69948e-07
 Reference value :  9.71468e-07
 Reference value :  9.72788e-07
 Reference value :  9.74188e-07
 Reference value :  9.76008e-07
 Reference value :  9.77548e-07
 Reference value :  9.79108e-07
 Reference value :  9.80588e-07
 Reference value :  9.82013e-07
 Reference value :  9.83748e-07
 Reference value :  9.85108e-07
 Reference value :  9.86668e-07
 Reference value :  9.88268e-07
 Reference value :  9.89788e-07
 Reference value :  9.91348e-07
 Reference value :  9.92748e-07
 Reference value :  9.94308e-07
 Reference value :  9.96026e-07
 Reference value :  9.97508e-07
 Reference value :  9.99108e-07
 Reference value :  1.00059e-06
 Reference value :  1.00211e-06
 Reference value :  1.00400e-06
 Reference value :  1.00519e-06
 Reference value :  1.00667e-06
 Reference value :  1.00831e-06
 Reference value :  1.01001e-06
 Reference value :  1.01167e-06
 Reference value :  1.01299e-06
 Reference value :  1.01411e-06
 Reference value :  1.01600e-06
 Reference value :  1.01743e-06
 Reference value :  1.01899e-06
 Reference value :  1.02059e-06
 Reference value :  1.02200e-06
 Reference value :  1.02363e-06
 Reference value :  1.02499e-06
 Reference value :  1.02651e-06
 Reference value :  1.02815e-06
 Reference value :  1.02971e-06
 Reference value :  1.03123e-06
 Reference value :  1.03267e-06
 Reference value :  1.03427e-06
 Reference value :  1.03603e-06
 Reference value :  1.03767e-06
 Reference value :  1.03919e-06
 Reference value :  1.04059e-06
 Reference value :  1.04201e-06
 Reference value :  1.04371e-06
 Reference value :  1.04503e-06
 Reference value :  1.04651e-06
 Reference value :  1.04811e-06
 Reference value :  1.04951e-06
 Reference value :  1.05119e-06
 Reference value :  1.05259e-06
 Reference value :  1.05411e-06
 Reference value :  1.05600e-06
 Reference value :  1.05727e-06
 Reference value :  1.05875e-06
 Reference value :  1.06031e-06
 Reference value :  1.06200e-06
 Reference value :  1.06363e-06
 Reference value :  1.06491e-06
 Reference value :  1.06623e-06
 Reference value :  1.06801e-06
 Reference value :  1.06959e-06
 Reference value :  1.07111e-06
 Reference value :  1.07255e-06
 Reference value :  1.07400e-06
 Reference value :  1.07555e-06
 Reference value :  1.07687e-06
 Reference value :  1.07835e-06
 Reference value :  1.08003e-06
 Reference value :  1.08139e-06
 Reference value :  1.08291e-06
 Reference value :  1.08447e-06
 Reference value :  1.08603e-06
 Reference value :  1.08787e-06
 Reference value :  1.08915e-06
 Reference value :  1.09055e-06
 Reference value :  1.09215e-06
 Reference value :  1.09383e-06
 Reference value :  1.09527e-06
 Reference value :  1.09667e-06
 Reference value :  1.09802e-06
 Reference value :  1.09971e-06
 Reference value :  1.10107e-06
 Reference value :  1.10251e-06
 Reference value :  1.10411e-06
 Reference value :  1.10555e-06
 Reference value :  1.10711e-06
 Reference value :  1.10859e-06
 Reference value :  1.11011e-06
 Reference value :  1.11197e-06
 Reference value :  1.11311e-06
 Reference value :  1.11451e-06
 Reference value :  1.11611e-06
 Reference value :  1.11787e-06
 Reference value :  1.11939e-06
 Reference value :  1.12079e-06
 Reference value :  1.12215e-06
 Reference value :  1.12400e-06
 Reference value :  1.12543e-06
 Reference value :  1.12695e-06
 Reference value :  1.12843e-06
 Reference value :  1.12997e-06
 Reference value :  1.13163e-06
 Reference value :  1.13295e-06
 Reference value :  1.13443e-06
 Reference value :  1.13607e-06
 Reference value :  1.13751e-06
 Reference value :  1.13895e-06
 Reference value :  1.14055e-06
 Reference value :  1.14207e-06
 Reference value :  1.14395e-06
 Reference value :  1.14511e-06
 Reference value :  1.14651e-06
 Reference value :  1.14811e-06
 Reference value :  1.14987e-06
 Reference value :  1.15143e-06
 Reference value :  1.15279e-06
 Reference value :  1.15419e-06
 Reference value :  1.15601e-06
 Reference value :  1.15755e-06
 Reference value :  1.15903e-06
 Reference value :  1.16051e-06
 Reference value :  1.16201e-06
 Reference value :  1.16371e-06
 Reference value :  1.16507e-06
 Reference value :  1.16659e-06
 Reference value :  1.16815e-06
 Reference value :  1.16959e-06
 Reference value :  1.17111e-06
 Reference value :  1.17255e-06
 Reference value :  1.17407e-06
 Reference value :  1.17595e-06
 Reference value :  1.17711e-06
 Reference value :  1.17847e-06
 Reference value :  1.18011e-06
 Reference value :  1.18187e-06
 Reference value :  1.18335e-06
 Reference value :  1.18471e-06
 Reference value :  1.18607e-06
 Reference value :  1.18797e-06
 Reference value :  1.18935e-06
 Reference value :  1.19087e-06
 Reference value :  1.19239e-06
 Reference value :  1.19391e-06
 Reference value :  1.19547e-06
 Reference value :  1.19703e-06
 Reference value :  1.19859e-06
 Reference value :  1.20015e-06
 Reference value :  1.20159e-06
 Reference value :  1.20303e-06
 Reference value :  1.20451e-06
 Reference value :  1.20603e-06
 Reference value :  1.20783e-06
 Reference value :  1.20907e-06
 Reference value :  1.21047e-06
 Reference value :  1.21207e-06
 Reference value :  1.21375e-06
 Reference value :  1.21523e-06
 Reference value :  1.21663e-06
 Reference value :  1.21803e-06
 Reference value :  1.21987e-06
 Reference value :  1.22115e-06
 Reference value :  1.22267e-06
 Reference value :  1.22427e-06
 Reference value :  1.22575e-06
 Reference value :  1.22731e-06
 Reference value :  1.22867e-06
 Reference value :  1.23019e-06
 Reference value :  1.23201e-06
 Reference value :  1.23335e-06
 Reference value :  1.23479e-06
 Reference value :  1.23635e-06
 Reference value :  1.23801e-06
 Reference value :  1.23967e-06
 Reference value :  1.24095e-06
 Reference value :  1.24227e-06
 Reference value :  1.24402e-06
 Reference value :  1.24563e-06
 Reference value :  1.24715e-06
 Reference value :  1.24859e-06
 Reference value :  1.25002e-06
 Reference value :  1.25175e-06
 Reference value :  1.25307e-06
 Reference value :  1.25459e-06
 Reference value :  1.25615e-06
 Reference value :  1.25763e-06
 Reference value :  1.25915e-06
 Reference value :  1.26059e-06
 Reference value :  1.26215e-06
 Reference value :  1.26400e-06
 Reference value :  1.26527e-06
 Reference value :  1.26639e-06
 Reference value :  1.26807e-06
 Reference value :  1.26983e-06
 Reference value :  1.27143e-06
 Reference value :  1.27283e-06
 Reference value :  1.27407e-06
 Reference value :  1.27597e-06
 Reference value :  1.27731e-06
 Reference value :  1.27883e-06
 Reference value :  1.28039e-06
 Reference value :  1.28200e-06
 Reference value :  1.28359e-06
 Reference value :  1.28495e-06
 Reference value :  1.28647e-06
 Reference value :  1.28811e-06
 Reference value :  1.28987e-06
 Reference value :  1.29143e-06
 Reference value :  1.29279e-06
 Reference value :  1.29404e-06
 Reference value :  1.29595e-06
 Reference value :  1.29727e-06
 Reference value :  1.29883e-06
 Reference value :  1.30039e-06
 Reference value :  1.30191e-06
 Reference value :  1.30343e-06
 Reference value :  1.30479e-06
 Reference value :  1.30631e-06
 Reference value :  1.30802e-06
 Reference value :  1.30939e-06
 Reference value :  1.31091e-06
 Reference value :  1.31243e-06
 Reference value :  1.31401e-06
 Reference value :  1.31571e-06
 Reference value :  1.31699e-06
 Reference value :  1.31835e-06
 Reference value :  1.32003e-06
 Reference value :  1.32167e-06
 Reference value :  1.32315e-06
 Reference value :  1.32455e-06
 Reference value :  1.32602e-06
 Reference value :  1.32783e-06
 Reference value :  1.32915e-06
 Reference value :  1.33067e-06
 Reference value :  1.33227e-06
 Reference value :  1.33379e-06
 Reference value :  1.33527e-06
 Reference value :  1.33671e-06
 Reference value :  1.33827e-06
 Reference value :  1.34003e-06
 Reference value :  1.34143e-06
 Reference value :  1.34295e-06
 Reference value :  1.34451e-06
 Reference value :  1.34604e-06
 Reference value :  1.34791e-06
 Reference value :  1.34907e-06
 Reference value :  1.35047e-06
 Reference value :  1.35207e-06
 Reference value :  1.35379e-06
 Reference value :  1.35527e-06
 Reference value :  1.35663e-06
 Reference value :  1.35801e-06
 Reference value :  1.35975e-06
 Reference value :  1.36111e-06
 Reference value :  1.36263e-06
 Reference value :  1.36419e-06
 Reference value :  1.36563e-06
 Reference value :  1.36707e-06
 Reference value :  1.36851e-06
 Reference value :  1.37015e-06
 Reference value :  1.37200e-06
 Reference value :  1.37323e-06
 Reference value :  1.37459e-06
 Reference value :  1.37615e-06
 Reference value :  1.37795e-06
 Reference value :  1.37947e-06
 Reference value :  1.38083e-06
 Reference value :  1.38219e-06
 Reference value :  1.38401e-06
 Reference value :  1.38547e-06
 Reference value :  1.38699e-06
 Reference value :  1.38847e-06
 Reference value :  1.38995e-06
 Reference value :  1.39135e-06
 Reference value :  1.39267e-06
 Reference value :  1.39427e-06
 Reference value :  1.39601e-06
 Reference value :  1.39731e-06
 Reference value :  1.39879e-06
 Reference value :  1.40023e-06
 Reference value :  1.40195e-06
 Reference value :  1.40343e-06
 Reference value :  1.40475e-06
 Reference value :  1.40615e-06
 Reference value :  1.40800e-06
 Reference value :  1.40947e-06
 Reference value :  1.41091e-06
 Reference value :  1.41243e-06
 Reference value :  1.41400e-06
 Reference value :  1.41559e-06
 Reference value :  1.41695e-06
 Reference value :  1.41843e-06
 Reference value :  1.42007e-06
 Reference value :  1.42151e-06
 Reference value :  1.42299e-06
 Reference value :  1.42447e-06
 Reference value :  1.42602e-06
 Reference value :  1.42783e-06
 Reference value :  1.42903e-06
 Reference value :  1.43043e-06
 Reference value :  1.43211e-06
 Reference value :  1.43383e-06
 Reference value :  1.43531e-06
 Reference value :  1.43667e-06
 Reference value :  1.43807e-06
 Reference value :  1.43995e-06
 Reference value :  1.44119e-06
 Reference value :  1.44271e-06
 Reference value :  1.44427e-06
 Reference value :  1.44579e-06
 Reference value :  1.44731e-06
 Reference value :  1.44867e-06
 Reference value :  1.45019e-06
 Reference value :  1.45201e-06
 Reference value :  1.45339e-06
 Reference value :  1.45475e-06
 Reference value :  1.45635e-06
 Reference value :  1.45801e-06
 Reference value :  1.45997e-06
 Reference value :  1.46107e-06
 Reference value :  1.46243e-06
 Reference value :  1.46411e-06
 Reference value :  1.46583e-06
 Reference value :  1.46731e-06
 Reference value :  1.46867e-06
 Reference value :  1.47004e-06
 Reference value :  1.47191e-06
 Reference value :  1.47335e-06
 Reference value :  1.47487e-06
 Reference value :  1.47651e-06
 Reference value :  1.47800e-06
 Reference value :  1.47963e-06
 Reference value :  1.48095e-06
 Reference value :  1.48239e-06
 Reference value :  1.48404e-06
 Reference value :  1.48547e-06
 Reference value :  1.48691e-06
 Reference value :  1.48843e-06
 Reference value :  1.49007e-06
 Reference value :  1.49197e-06
 Reference value :  1.49311e-06
 Reference value :  1.49451e-06
 Reference value :  1.49623e-06
 Reference value :  1.49800e-06
 Reference value :  1.49955e-06
 Reference value :  1.50091e-06
 Reference value :  1.50227e-06
 Reference value :  1.50402e-06
 Reference value :  1.50563e-06
 Reference value :  1.50715e-06
 Reference value :  1.50871e-06
 Reference value :  1.51003e-06
 Reference value :  1.51187e-06
 Reference value :  1.51323e-06
 Reference value :  1.51475e-06
 Reference value :  1.51635e-06
 Reference value :  1.51775e-06
 Reference value :  1.51911e-06
 Reference value :  1.52059e-06
 Reference value :  1.52219e-06
 Reference value :  1.52401e-06
 Reference value :  1.52535e-06
 Reference value :  1.52675e-06
 Reference value :  1.52835e-06
 Reference value :  1.53001e-06
 Reference value :  1.53171e-06
 Reference value :  1.53299e-06
 Reference value :  1.53443e-06
 Reference value :  1.53604e-06
 Reference value :  1.53783e-06
 Reference value :  1.53943e-06
 Reference value :  1.54083e-06
 Reference value :  1.54235e-06
 Reference value :  1.54403e-06
 Reference value :  1.54547e-06
 Reference value :  1.54691e-06
 Reference value :  1.54843e-06
 Reference value :  1.55003e-06
 Reference value :  1.55187e-06
 Reference value :  1.55307e-06
 Reference value :  1.55447e-06
 Reference value :  1.55611e-06
 Reference value :  1.55797e-06
 Reference value :  1.55955e-06
 Reference value :  1.56095e-06
 Reference value :  1.56239e-06
 Reference value :  1.56411e-06
 Reference value :  1.56600e-06
 Reference value :  1.56755e-06
 Reference value :  1.56879e-06
 Reference value :  1.57011e-06
 Reference value :  1.57200e-06
 Reference value :  1.57339e-06
 Reference value :  1.57495e-06
 Reference value :  1.57643e-06
 Reference value :  1.57791e-06
 Reference value :  1.57943e-06
 Reference value :  1.58075e-06
 Reference value :  1.58227e-06
 Reference value :  1.58401e-06
 Reference value :  1.58523e-06
 Reference value :  1.58675e-06
 Reference value :  1.58831e-06
 Reference value :  1.59000e-06
 Reference value :  1.59163e-06
 Reference value :  1.59291e-06
 Reference value :  1.59423e-06
 Reference value :  1.59601e-06
 Reference value :  1.59755e-06
 Reference value :  1.59907e-06
 Reference value :  1.60055e-06
 Reference value :  1.60211e-06
 Reference value :  1.60400e-06
 Reference value :  1.60543e-06
 Reference value :  1.60691e-06
 Reference value :  1.60843e-06
 Reference value :  1.60995e-06
 Reference value :  1.61143e-06
 Reference value :  1.61275e-06
 Reference value :  1.61427e-06
 Reference value :  1.61601e-06
 Reference value :  1.61723e-06
 Reference value :  1.61867e-06
 Reference value :  1.62019e-06
 Reference value :  1.62197e-06
 Reference value :  1.62363e-06
 Reference value :  1.62495e-06
 Reference value :  1.62627e-06
 Reference value :  1.62801e-06
 Reference value :  1.62955e-06
 Reference value :  1.63107e-06
 Reference value :  1.63251e-06
 Reference value :  1.63400e-06
 Reference value :  1.63563e-06
 Reference value :  1.63695e-06
 Reference value :  1.63847e-06
 Reference value :  1.64007e-06
 Reference value :  1.64151e-06
 Reference value :  1.64287e-06
 Reference value :  1.64443e-06
 Reference value :  1.64602e-06
 Reference value :  1.64783e-06
 Reference value :  1.64903e-06
 Reference value :  1.65043e-06
 Reference value :  1.65211e-06
 Reference value :  1.65391e-06
 Reference value :  1.65543e-06
 Reference value :  1.65679e-06
 Reference value :  1.65815e-06
 Reference value :  1.66000e-06
 Reference value :  1.66139e-06
 Reference value :  1.66291e-06
 Reference value :  1.66439e-06
 Reference value :  1.66600e-06
 Reference value :  1.66747e-06
 Reference value :  1.66859e-06
 Reference value :  1.67011e-06
 Reference value :  1.67197e-06
 Reference value :  1.67323e-06
 Reference value :  1.67455e-06
 Reference value :  1.67615e-06
 Reference value :  1.67787e-06
 Reference value :  1.67935e-06
 Reference value :  1.68067e-06
 Reference value :  1.68204e-06
 Reference value :  1.68391e-06
 Reference value :  1.68527e-06
 Reference value :  1.68679e-06
 Reference value :  1.68835e-06
 Reference value :  1.68991e-06
 Reference value :  1.69143e-06
 Reference value :  1.69279e-06
 Reference value :  1.69439e-06
 Reference value :  1.69602e-06
 Reference value :  1.69723e-06
 Reference value :  1.69867e-06
 Reference value :  1.70023e-06
 Reference value :  1.70200e-06
 Reference value :  1.70359e-06
 Reference value :  1.70495e-06
 Reference value :  1.70623e-06
 Reference value :  1.70801e-06
 Reference value :  1.70959e-06
 Reference value :  1.71115e-06
 Reference value :  1.71247e-06
 Reference value :  1.71351e-06
 Reference value :  1.71459e-06
 Reference value :  1.71601e-06
 Reference value :  1.71707e-06
 Reference value :  1.71823e-06
 Reference value :  1.71975e-06
 Reference value :  1.72071e-06
 Reference value :  1.72200e-06
 Reference value :  1.72319e-06
 Reference value :  1.72431e-06
 Reference value :  1.72559e-06
 Reference value :  1.72667e-06
 Reference value :  1.72802e-06
 Reference value :  1.72907e-06
 Reference value :  1.73015e-06
 Reference value :  1.73163e-06
 Reference value :  1.73263e-06
 Reference value :  1.73401e-06
 Reference value :  1.73535e-06
 Reference value :  1.73643e-06
 Reference value :  1.73751e-06
 Reference value :  1.73855e-06
 Reference value :  1.74001e-06
 Reference value :  1.74107e-06
 Reference value :  1.74223e-06
 Reference value :  1.74379e-06
 Reference value :  1.74475e-06
 Reference value :  1.74595e-06
 Reference value :  1.74711e-06
 Reference value :  1.74827e-06
 Reference value :  1.74963e-06
 Reference value :  1.75075e-06
 Reference value :  1.75202e-06
 Reference value :  1.75311e-06
 Reference value :  1.75415e-06
 Reference value :  1.75571e-06
 Reference value :  1.75671e-06
 Reference value :  1.75802e-06
 Reference value :  1.75939e-06
 Reference value :  1.76043e-06
 Reference value :  1.76159e-06
 Reference value :  1.76263e-06
 Reference value :  1.76401e-06
 Reference value :  1.76507e-06
 Reference value :  1.76623e-06
 Reference value :  1.76795e-06
 Reference value :  1.76891e-06
 Reference value :  1.76997e-06
 Reference value :  1.77107e-06
 Reference value :  1.77219e-06
 Reference value :  1.77355e-06
 Reference value :  1.77463e-06
 Reference value :  1.77601e-06
 Reference value :  1.77707e-06
 Reference value :  1.77804e-06
 Reference value :  1.77955e-06
 Reference value :  1.78055e-06
 Reference value :  1.78191e-06
 Reference value :  1.78299e-06
 Reference value :  1.78419e-06
 Reference value :  1.78531e-06
 Reference value :  1.78643e-06
 Reference value :  1.78800e-06
 Reference value :  1.78887e-06
 Reference value :  1.79002e-06
 Reference value :  1.79143e-06
 Reference value :  1.79251e-06
 Reference value :  1.79402e-06
 Reference value :  1.79547e-06
 Reference value :  1.79659e-06
 Reference value :  1.79775e-06
 Reference value :  1.79903e-06
 Reference value :  1.80031e-06
 Reference value :  1.80171e-06
 Reference value :  1.80287e-06
 Reference value :  1.80427e-06
 Reference value :  1.80543e-06
 Reference value :  1.80671e-06
 Reference value :  1.80811e-06
 Reference value :  1.80951e-06
 Reference value :  1.81083e-06
 Reference value :  1.81215e-06
 Reference value :  1.81335e-06
 Reference value :  1.81483e-06
 Reference value :  1.81607e-06
 Reference value :  1.81775e-06
 Reference value :  1.81903e-06
 Reference value :  1.82035e-06
 Reference value :  1.82155e-06
 Reference value :  1.82275e-06
 Reference value :  1.82404e-06
 Reference value :  1.82535e-06
 Reference value :  1.82663e-06
 Reference value :  1.82804e-06
 Reference value :  1.82939e-06
 Reference value :  1.83051e-06
 Reference value :  1.83204e-06
 Reference value :  1.83347e-06
 Reference value :  1.83471e-06
 Reference value :  1.83615e-06
 Reference value :  1.83743e-06
 Reference value :  1.83875e-06
 Reference value :  1.84019e-06
 Reference value :  1.84163e-06
 Reference value :  1.84287e-06
 Reference value :  1.84415e-06
 Reference value :  1.84539e-06
 Reference value :  1.84655e-06
 Reference value :  1.84800e-06
 Reference value :  1.84997e-06
 Reference value :  1.85139e-06
 Reference value :  1.85247e-06
 Reference value :  1.85367e-06
 Reference value :  1.85479e-06
 Reference value :  1.85603e-06
 Reference value :  1.85727e-06
 Reference value :  1.85831e-06
 Reference value :  1.85987e-06
 Reference value :  1.86079e-06
 Reference value :  1.86200e-06
 Reference value :  1.86319e-06
 Reference value :  1.86431e-06
 Reference value :  1.86567e-06
 Reference value :  1.86675e-06
 Reference value :  1.86803e-06
 Reference value :  1.86911e-06
 Reference value :  1.87019e-06
 Reference value :  1.87175e-06
 Reference value :  1.87271e-06
 Reference value :  1.87401e-06
 Reference value :  1.87531e-06
 Reference value :  1.87643e-06
 Reference value :  1.87763e-06
 Reference value :  1.87871e-06
 Reference value :  1.88002e-06
 Reference value :  1.88119e-06
 Reference value :  1.88227e-06
 Reference value :  1.88379e-06
 Reference value :  1.88475e-06
 Reference value :  1.88600e-06
 Reference value :  1.88715e-06
 Reference value :  1.88827e-06
 Reference value :  1.88963e-06
 Reference value :  1.89075e-06
 Reference value :  1.89202e-06
 Reference value :  1.89315e-06
 Reference value :  1.89404e-06
 Reference value :  1.89543e-06
 Reference value :  1.89647e-06
 Reference value :  1.89801e-06
 Reference value :  1.89931e-06
 Reference value :  1.90039e-06
 Reference value :  1.90151e-06
 Reference value :  1.90267e-06
 Reference value :  1.90401e-06
 Reference value :  1.90515e-06
 Reference value :  1.90631e-06
 Reference value :  1.90791e-06
 Reference value :  1.90887e-06
 Reference value :  1.91001e-06
 Reference value :  1.91139e-06
 Reference value :  1.91255e-06
 Reference value :  1.91397e-06
 Reference value :  1.91511e-06
 Reference value :  1.91627e-06
 Reference value :  1.91731e-06
 Reference value :  1.91835e-06
 Reference value :  1.91995e-06
 Reference value :  1.92095e-06
 Reference value :  1.92211e-06
 Reference value :  1.92359e-06
 Reference value :  1.92491e-06
 Reference value :  1.92611e-06
 Reference value :  1.92763e-06
 Reference value :  1.92867e-06
 Reference value :  1.93001e-06
 Reference value :  1.93131e-06
 Reference value :  1.93243e-06
 Reference value :  1.93355e-06
 Reference value :  1.93467e-06
 Reference value :  1.93601e-06
 Reference value :  1.93743e-06
 Reference value :  1.93859e-06
 Reference value :  1.94001e-06
 Reference value :  1.94107e-06
 Reference value :  1.94215e-06
 Reference value :  1.94363e-06
 Reference value :  1.94463e-06
 Reference value :  1.94600e-06
 Reference value :  1.94727e-06
 Reference value :  1.94839e-06
 Reference value :  1.94951e-06
 Reference value :  1.95063e-06
 Reference value :  1.95200e-06
 Reference value :  1.95299e-06
 Reference value :  1.95419e-06
 Reference value :  1.95575e-06
 Reference value :  1.95675e-06
 Reference value :  1.95795e-06
 Reference value :  1.95907e-06
 Reference value :  1.96023e-06
 Reference value :  1.96143e-06
 Reference value :  1.96247e-06
 Reference value :  1.96401e-06
 Reference value :  1.96507e-06
 Reference value :  1.96615e-06
 Reference value :  1.96771e-06
 Reference value :  1.96867e-06
 Reference value :  1.97000e-06
 Reference value :  1.97115e-06
 Reference value :  1.97231e-06
 Reference value :  1.97347e-06
 Reference value :  1.97459e-06
 Reference value :  1.97601e-06
 Reference value :  1.97707e-06
 Reference value :  1.97819e-06
 Reference value :  1.97975e-06
 Reference value :  1.98071e-06
 Reference value :  1.98197e-06
 Reference value :  1.98299e-06
 Reference value :  1.98423e-06
 Reference value :  1.98559e-06
 Reference value :  1.98651e-06
 Reference value :  1.98800e-06
 Reference value :  1.98899e-06
 Reference value :  1.99002e-06
 Reference value :  1.99151e-06
 Reference value :  1.99271e-06
 Reference value :  1.99401e-06
 Reference value :  1.99535e-06
 Reference value :  1.99647e-06
 Reference value :  1.99763e-06
 Reference value :  1.99875e-06
 Reference value :  2.00004e-06
 Reference value :  2.00131e-06
 Reference value :  2.00239e-06
 Reference value :  2.00395e-06
 Reference value :  2.00491e-06
 Reference value :  2.00602e-06
 Reference value :  2.00747e-06
 Reference value :  2.00851e-06
 Reference value :  2.00995e-06
 Reference value :  2.01103e-06
 Reference value :  2.01223e-06
 Reference value :  2.01335e-06
 Reference value :  2.01447e-06
 Reference value :  2.01600e-06
 Reference value :  2.01703e-06
 Reference value :  2.01815e-06
 Reference value :  2.01955e-06
 Reference value :  2.02047e-06
 Reference value :  2.02159e-06
 Reference value :  2.02251e-06
 Reference value :  2.02400e-06
 Reference value :  2.02507e-06
 Reference value :  2.02619e-06
 Reference value :  2.02763e-06
 Reference value :  2.02863e-06
 Reference value :  2.02967e-06
 Reference value :  2.03079e-06
 Reference value :  2.03202e-06
 Reference value :  2.03307e-06
 Reference value :  2.03423e-06
 Reference value :  2.03579e-06
 Reference value :  2.03671e-06
 Reference value :  2.03791e-06
 Reference value :  2.03891e-06
 Reference value :  2.04011e-06
 Reference value :  2.04155e-06
 Reference value :  2.04271e-06
 Reference value :  2.04401e-06
 Reference value :  2.04515e-06
 Reference value :  2.04655e-06
 Reference value :  2.04801e-06
 Reference value :  2.04903e-06
 Reference value :  2.05002e-06
 Reference value :  2.05143e-06
 Reference value :  2.05259e-06
 Reference value :  2.05401e-06
 Reference value :  2.05531e-06
 Reference value :  2.05643e-06
 Reference value :  2.05759e-06
 Reference value :  2.05871e-06
 Reference value :  2.06003e-06
 Reference value :  2.06131e-06
 Reference value :  2.06239e-06
 Reference value :  2.06395e-06
 Reference value :  2.06487e-06
 Reference value :  2.06601e-06
 Reference value :  2.06735e-06
 Reference value :  2.06843e-06
 Reference value :  2.06987e-06
 Reference value :  2.07095e-06
 Reference value :  2.07215e-06
 Reference value :  2.07323e-06
 Reference value :  2.07431e-06
 Reference value :  2.07597e-06
 Reference value :  2.07711e-06
 Reference value :  2.07827e-06
 Reference value :  2.07987e-06
 Reference value :  2.08079e-06
 Reference value :  2.08200e-06
 Reference value :  2.08315e-06
 Reference value :  2.08435e-06
 Reference value :  2.08575e-06
 Reference value :  2.08679e-06
 Reference value :  2.08803e-06
 Reference value :  2.08911e-06
 Reference value :  2.09019e-06
 Reference value :  2.09175e-06
 Reference value :  2.09275e-06
 Reference value :  2.09403e-06
 Reference value :  2.09539e-06
 Reference value :  2.09643e-06
 Reference value :  2.09763e-06
 Reference value :  2.09875e-06
 Reference value :  2.10004e-06
 Reference value :  2.10127e-06
 Reference value :  2.10239e-06
 Reference value :  2.10400e-06
 Reference value :  2.10491e-06
 Reference value :  2.10602e-06
 Reference value :  2.10739e-06
 Reference value :  2.10847e-06
 Reference value :  2.10991e-06
 Reference value :  2.11103e-06
 Reference value :  2.11223e-06
 Reference value :  2.11339e-06
 Reference value :  2.11443e-06
 Reference value :  2.11600e-06
 Reference value :  2.11695e-06
 Reference value :  2.11815e-06
 Reference value :  2.11963e-06
 Reference value :  2.12059e-06
 Reference value :  2.12179e-06
 Reference value :  2.12291e-06
 Reference value :  2.12411e-06
 Reference value :  2.12555e-06
 Reference value :  2.12679e-06
 Reference value :  2.12804e-06
 Reference value :  2.12923e-06
 Reference value :  2.13027e-06
 Reference value :  2.13187e-06
 Reference value :  2.13283e-06
 Reference value :  2.13407e-06
 Reference value :  2.13555e-06
 Reference value :  2.13659e-06
 Reference value :  2.13783e-06
 Reference value :  2.13891e-06
 Reference value :  2.14011e-06
 Reference value :  2.14147e-06
 Reference value :  2.14259e-06
 Reference value :  2.14400e-06
 Reference value :  2.14499e-06
 Reference value :  2.14601e-06
 Reference value :  2.14731e-06
 Reference value :  2.14843e-06
 Reference value :  2.14983e-06
 Reference value :  2.15091e-06
 Reference value :  2.15235e-06
 Reference value :  2.15347e-06
 Reference value :  2.15459e-06
 Reference value :  2.15604e-06
 Reference value :  2.15735e-06
 Reference value :  2.15843e-06
 Reference value :  2.16000e-06
 Reference value :  2.16091e-06
 Reference value :  2.16202e-06
 Reference value :  2.16347e-06
 Reference value :  2.16455e-06
 Reference value :  2.16600e-06
 Reference value :  2.16719e-06
 Reference value :  2.16839e-06
 Reference value :  2.16951e-06
 Reference value :  2.17063e-06
 Reference value :  2.17201e-06
 Reference value :  2.17319e-06
 Reference value :  2.17435e-06
 Reference value :  2.17591e-06
 Reference value :  2.17683e-06
 Reference value :  2.17800e-06
 Reference value :  2.17919e-06
 Reference value :  2.18035e-06
 Reference value :  2.18175e-06
 Reference value :  2.18283e-06
 Reference value :  2.18404e-06
 Reference value :  2.18515e-06
 Reference value :  2.18623e-06
 Reference value :  2.18779e-06
 Reference value :  2.18899e-06
 Reference value :  2.19051e-06
 Reference value :  2.19215e-06
 Reference value :  2.19375e-06
 Reference value :  2.19531e-06
 Reference value :  2.19671e-06
 Reference value :  2.19823e-06
 Reference value :  2.20001e-06
 Reference value :  2.20127e-06
 Reference value :  2.20279e-06
 Reference value :  2.20435e-06
 Reference value :  2.20601e-06
 Reference value :  2.20775e-06
 Reference value :  2.20907e-06
 Reference value :  2.21031e-06
 Reference value :  2.21204e-06
 Reference value :  2.21379e-06
 Reference value :  2.21535e-06
 Reference value :  2.21675e-06
 Reference value :  2.21811e-06
 Reference value :  2.22000e-06
 Reference value :  2.22147e-06
 Reference value :  2.22299e-06
 Reference value :  2.22447e-06
 Reference value :  2.22600e-06
 Reference value :  2.22771e-06
 Reference value :  2.22907e-06
 Reference value :  2.23063e-06
 Reference value :  2.23223e-06
 Reference value :  2.23379e-06
 Reference value :  2.23535e-06
 Reference value :  2.23679e-06
 Reference value :  2.23835e-06
 Reference value :  2.24007e-06
 Reference value :  2.24155e-06
 Reference value :  2.24311e-06
 Reference value :  2.24459e-06
 Reference value :  2.24615e-06
 Reference value :  2.24801e-06
 Reference value :  2.24923e-06
 Reference value :  2.25079e-06
 Reference value :  2.25239e-06
 Reference value :  2.25402e-06
 Reference value :  2.25583e-06
 Reference value :  2.25711e-06
 Reference value :  2.25851e-06
 Reference value :  2.26015e-06
 Reference value :  2.26191e-06
 Reference value :  2.26347e-06
 Reference value :  2.26487e-06
 Reference value :  2.26623e-06
 Reference value :  2.26802e-06
 Reference value :  2.26971e-06
 Reference value :  2.27131e-06
 Reference value :  2.27271e-06
 Reference value :  2.27401e-06
 Reference value :  2.27575e-06
 Reference value :  2.27723e-06
 Reference value :  2.27879e-06
 Reference value :  2.28039e-06
 Reference value :  2.28183e-06
 Reference value :  2.28339e-06
 Reference value :  2.28479e-06
 Reference value :  2.28635e-06
 Reference value :  2.28804e-06
 Reference value :  2.28967e-06
 Reference value :  2.29135e-06
 Reference value :  2.29283e-06
 Reference value :  2.29443e-06
 Reference value :  2.29611e-06
 Reference value :  2.29795e-06
 Reference value :  2.29959e-06
 Reference value :  2.30091e-06
 Reference value :  2.30219e-06
 Reference value :  2.30401e-06
 Reference value :  2.30559e-06
 Reference value :  2.30711e-06
 Reference value :  2.30859e-06
 Reference value :  2.31001e-06
 Reference value :  2.31179e-06
 Reference value :  2.31315e-06
 Reference value :  2.31467e-06
 Reference value :  2.31623e-06
 Reference value :  2.31779e-06
 Reference value :  2.31935e-06
 Reference value :  2.32075e-06
 Reference value :  2.32231e-06
 Reference value :  2.32404e-06
 Reference value :  2.32543e-06
 Reference value :  2.32703e-06
 Reference value :  2.32855e-06
 Reference value :  2.33015e-06
 Reference value :  2.33200e-06
 Reference value :  2.33327e-06
 Reference value :  2.33463e-06
 Reference value :  2.33623e-06
 Reference value :  2.33800e-06
 Reference value :  2.33955e-06
 Reference value :  2.34087e-06
 Reference value :  2.34219e-06
 Reference value :  2.34401e-06
 Reference value :  2.34551e-06
 Reference value :  2.34707e-06
 Reference value :  2.34855e-06
 Reference value :  2.35001e-06
 Reference value :  2.35175e-06
 Reference value :  2.35303e-06
 Reference value :  2.35455e-06
 Reference value :  2.35615e-06
 Reference value :  2.35763e-06
 Reference value :  2.35919e-06
 Reference value :  2.36067e-06
 Reference value :  2.36219e-06
 Reference value :  2.36401e-06
 Reference value :  2.36535e-06
 Reference value :  2.36679e-06
 Reference value :  2.36839e-06
 Reference value :  2.37001e-06
 Reference value :  2.37175e-06
 Reference value :  2.37303e-06
 Reference value :  2.37439e-06
 Reference value :  2.37607e-06
 Reference value :  2.37783e-06
 Reference value :  2.37935e-06
 Reference value :  2.38075e-06
 Reference value :  2.38215e-06
 Reference value :  2.38400e-06
 Reference value :  2.38547e-06
 Reference value :  2.38699e-06
 Reference value :  2.38851e-06
 Reference value :  2.39000e-06
 Reference value :  2.39167e-06
 Reference value :  2.39303e-06
 Reference value :  2.39463e-06
 Reference value :  2.39627e-06
 Reference value :  2.39771e-06
 Reference value :  2.39923e-06
 Reference value :  2.40067e-06
 Reference value :  2.40219e-06
 Reference value :  2.40401e-06
 Reference value :  2.40555e-06
 Reference value :  2.40719e-06
 Reference value :  2.40863e-06
 Reference value :  2.41019e-06
 Reference value :  2.41201e-06
 Reference value :  2.41339e-06
 Reference value :  2.41495e-06
 Reference value :  2.41651e-06
 Reference value :  2.41807e-06
 Reference value :  2.42000e-06
 Reference value :  2.42115e-06
 Reference value :  2.42263e-06
 Reference value :  2.42427e-06
 Reference value :  2.42600e-06
 Reference value :  2.42763e-06
 Reference value :  2.42899e-06
 Reference value :  2.43027e-06
 Reference value :  2.43202e-06
 Reference value :  2.43359e-06
 Reference value :  2.43515e-06
 Reference value :  2.43659e-06
 Reference value :  2.43801e-06
 Reference value :  2.43979e-06
 Reference value :  2.44119e-06
 Reference value :  2.44275e-06
 Reference value :  2.44435e-06
 Reference value :  2.44595e-06
 Reference value :  2.44747e-06
 Reference value :  2.44883e-06
 Reference value :  2.45039e-06
 Reference value :  2.45207e-06
 Reference value :  2.45351e-06
 Reference value :  2.45503e-06
 Reference value :  2.45659e-06
 Reference value :  2.45815e-06
 Reference value :  2.46000e-06
 Reference value :  2.46131e-06
 Reference value :  2.46267e-06
 Reference value :  2.46427e-06
 Reference value :  2.46600e-06
 Reference value :  2.46759e-06
 Reference value :  2.46891e-06
 Reference value :  2.47023e-06
 Reference value :  2.47201e-06
 Reference value :  2.47359e-06
 Reference value :  2.47511e-06
 Reference value :  2.47655e-06
 Reference value :  2.47801e-06
 Reference value :  2.47983e-06
 Reference value :  2.48127e-06
 Reference value :  2.48279e-06
 Reference value :  2.48435e-06
 Reference value :  2.48587e-06
 Reference value :  2.48743e-06
 Reference value :  2.48883e-06
 Reference value :  2.49039e-06
 Reference value :  2.49207e-06
 Reference value :  2.49355e-06
 Reference value :  2.49515e-06
 Reference value :  2.49663e-06
 Reference value :  2.49815e-06
 Reference value :  2.50000e-06
 Reference value :  2.50115e-06
 Reference value :  2.50259e-06
 Reference value :  2.50419e-06
 Reference value :  2.50597e-06
 Reference value :  2.50755e-06
 Reference value :  2.50899e-06
 Reference value :  2.51035e-06
 Reference value :  2.51207e-06
 Reference value :  2.51379e-06
 Reference value :  2.51531e-06
 Reference value :  2.51671e-06
 Reference value :  2.51807e-06
 Reference value :  2.52000e-06
 Reference value :  2.52155e-06
 Reference value :  2.52315e-06
 Reference value :  2.52467e-06
 Reference value :  2.52600e-06
 Reference value :  2.52797e-06
 Reference value :  2.52943e-06
 Reference value :  2.53119e-06
 Reference value :  2.53283e-06
 Reference value :  2.53407e-06
 Reference value :  2.53597e-06
 Reference value :  2.53735e-06
 Reference value :  2.53887e-06
 Reference value :  2.54043e-06
 Reference value :  2.54200e-06
 Reference value :  2.54363e-06
 Reference value :  2.54507e-06
 Reference value :  2.54667e-06
 Reference value :  2.54827e-06
 Reference value :  2.55000e-06
 Reference value :  2.55159e-06
 Reference value :  2.55299e-06
 Reference value :  2.55427e-06
 Reference value :  2.55603e-06
 Reference value :  2.55783e-06
 Reference value :  2.55939e-06
 Reference value :  2.56075e-06
 Reference value :  2.56211e-06
 Reference value :  2.56400e-06
 Reference value :  2.56547e-06
 Reference value :  2.56699e-06
 Reference value :  2.56851e-06
 Reference value :  2.57001e-06
 Reference value :  2.57179e-06
 Reference value :  2.57315e-06
 Reference value :  2.57471e-06
 Reference value :  2.57639e-06
 Reference value :  2.57800e-06
 Reference value :  2.57967e-06
 Reference value :  2.58115e-06
 Reference value :  2.58287e-06
 Reference value :  2.58443e-06
 Reference value :  2.58591e-06
 Reference value :  2.58747e-06
 Reference value :  2.58879e-06
 Reference value :  2.59031e-06
 Reference value :  2.59203e-06
 Reference value :  2.59335e-06
 Reference value :  2.59491e-06
 Reference value :  2.59643e-06
 Reference value :  2.59802e-06
 Reference value :  2.59987e-06
 Reference value :  2.60115e-06
 Reference value :  2.60271e-06
 Reference value :  2.60427e-06
 Reference value :  2.60600e-06
 Reference value :  2.60759e-06
 Reference value :  2.60891e-06
 Reference value :  2.61023e-06
 Reference value :  2.61201e-06
 Reference value :  2.61363e-06
 Reference value :  2.61515e-06
 Reference value :  2.61659e-06
 Reference value :  2.61801e-06
 Reference value :  2.61975e-06
 Reference value :  2.62111e-06
 Reference value :  2.62259e-06
 Reference value :  2.62419e-06
 Reference value :  2.62567e-06
 Reference value :  2.62727e-06
 Reference value :  2.62871e-06
 Reference value :  2.63027e-06
 Reference value :  2.63202e-06
 Reference value :  2.63339e-06
 Reference value :  2.63491e-06
 Reference value :  2.63647e-06
 Reference value :  2.63802e-06
 Reference value :  2.63971e-06
 Reference value :  2.64099e-06
 Reference value :  2.64243e-06
 Reference value :  2.64415e-06
 Reference value :  2.64595e-06
 Reference value :  2.64751e-06
 Reference value :  2.64887e-06
 Reference value :  2.65007e-06
 Reference value :  2.65197e-06
 Reference value :  2.65331e-06
 Reference value :  2.65483e-06
 Reference value :  2.65639e-06
 Reference value :  2.65791e-06
 Reference value :  2.65943e-06
 Reference value :  2.66083e-06
 Reference value :  2.66239e-06
 Reference value :  2.66404e-06
 Reference value :  2.66551e-06
 Reference value :  2.66703e-06
 Reference value :  2.66851e-06
 Reference value :  2.67003e-06
 Reference value :  2.67179e-06
 Reference value :  2.67303e-06
 Reference value :  2.67439e-06
 Reference value :  2.67611e-06
 Reference value :  2.67787e-06
 Reference value :  2.67939e-06
 Reference value :  2.68079e-06
 Reference value :  2.68207e-06
 Reference value :  2.68397e-06
 Reference value :  2.68539e-06
 Reference value :  2.68695e-06
 Reference value :  2.68851e-06
 Reference value :  2.69000e-06
 Reference value :  2.69163e-06
 Reference value :  2.69299e-06
 Reference value :  2.69455e-06
 Reference value :  2.69615e-06
 Reference value :  2.69771e-06
 Reference value :  2.69927e-06
 Reference value :  2.70063e-06
 Reference value :  2.70211e-06
 Reference value :  2.70400e-06
 Reference value :  2.70519e-06
 Reference value :  2.70675e-06
 Reference value :  2.70835e-06
 Reference value :  2.71001e-06
 Reference value :  2.71175e-06
 Reference value :  2.71307e-06
 Reference value :  2.71431e-06
 Reference value :  2.71604e-06
 Reference value :  2.71771e-06
 Reference value :  2.71923e-06
 Reference value :  2.72063e-06
 Reference value :  2.72202e-06
 Reference value :  2.72383e-06
 Reference value :  2.72523e-06
 Reference value :  2.72679e-06
 Reference value :  2.72835e-06
 Reference value :  2.72995e-06
 Reference value :  2.73155e-06
 Reference value :  2.73291e-06
 Reference value :  2.73447e-06
 Reference value :  2.73611e-06
 Reference value :  2.73767e-06
 Reference value :  2.73923e-06
 Reference value :  2.74067e-06
 Reference value :  2.74223e-06
 Reference value :  2.74401e-06
 Reference value :  2.74535e-06
 Reference value :  2.74679e-06
 Reference value :  2.74835e-06
 Reference value :  2.75001e-06
 Reference value :  2.75171e-06
 Reference value :  2.75295e-06
 Reference value :  2.75427e-06
 Reference value :  2.75602e-06
 Reference value :  2.75763e-06
 Reference value :  2.75919e-06
 Reference value :  2.76063e-06
 Reference value :  2.76202e-06
 Reference value :  2.76387e-06
 Reference value :  2.76523e-06
 Reference value :  2.76679e-06
 Reference value :  2.76835e-06
 Reference value :  2.76991e-06
 Reference value :  2.77147e-06
 Reference value :  2.77287e-06
 Reference value :  2.77443e-06
 Reference value :  2.77611e-06
 Reference value :  2.77755e-06
 Reference value :  2.77883e-06
 Reference value :  2.78039e-06
 Reference value :  2.78201e-06
 Reference value :  2.78379e-06
 Reference value :  2.78503e-06
 Reference value :  2.78627e-06
 Reference value :  2.78802e-06
 Reference value :  2.78967e-06
 Reference value :  2.79119e-06
 Reference value :  2.79267e-06
 Reference value :  2.79404e-06
 Reference value :  2.79595e-06
 Reference value :  2.79743e-06
 Reference value :  2.79899e-06
 Reference value :  2.80055e-06
 Reference value :  2.80211e-06
 Reference value :  2.80400e-06
 Reference value :  2.80527e-06
 Reference value :  2.80667e-06
 Reference value :  2.80827e-06
 Reference value :  2.81000e-06
 Reference value :  2.81163e-06
 Reference value :  2.81295e-06
 Reference value :  2.81427e-06
 Reference value :  2.81602e-06
 Reference value :  2.81771e-06
 Reference value :  2.81923e-06
 Reference value :  2.82063e-06
 Reference value :  2.82203e-06
 Reference value :  2.82391e-06
 Reference value :  2.82527e-06
 Reference value :  2.82683e-06
 Reference value :  2.82843e-06
 Reference value :  2.83000e-06
 Reference value :  2.83159e-06
 Reference value :  2.83299e-06
 Reference value :  2.83451e-06
 Reference value :  2.83611e-06
 Reference value :  2.83759e-06
 Reference value :  2.83907e-06
 Reference value :  2.84055e-06
 Reference value :  2.84211e-06
 Reference value :  2.84400e-06
 Reference value :  2.84519e-06
 Reference value :  2.84683e-06
 Reference value :  2.84843e-06
 Reference value :  2.85002e-06
 Reference value :  2.85187e-06
 Reference value :  2.85311e-06
 Reference value :  2.85455e-06
 Reference value :  2.85619e-06
 Reference value :  2.85795e-06
 Reference value :  2.85951e-06
 Reference value :  2.86083e-06
 Reference value :  2.86215e-06
 Reference value :  2.86401e-06
 Reference value :  2.86551e-06
 Reference value :  2.86703e-06
 Reference value :  2.86851e-06
 Reference value :  2.87000e-06
 Reference value :  2.87163e-06
 Reference value :  2.87295e-06
 Reference value :  2.87451e-06
 Reference value :  2.87615e-06
 Reference value :  2.87759e-06
 Reference value :  2.87911e-06
 Reference value :  2.88055e-06
 Reference value :  2.88211e-06
 Reference value :  2.88400e-06
 Reference value :  2.88523e-06
 Reference value :  2.88671e-06
 Reference value :  2.88831e-06
 Reference value :  2.89000e-06
 Reference value :  2.89167e-06
 Reference value :  2.89295e-06
 Reference value :  2.89423e-06
 Reference value :  2.89601e-06
 Reference value :  2.89759e-06
 Reference value :  2.89911e-06
 Reference value :  2.90059e-06
 Reference value :  2.90200e-06
 Reference value :  2.90367e-06
 Reference value :  2.90503e-06
 Reference value :  2.90655e-06
 Reference value :  2.90843e-06
 Reference value :  2.91000e-06
 Reference value :  2.91167e-06
 Reference value :  2.91299e-06
 Reference value :  2.91451e-06
 Reference value :  2.91639e-06
 Reference value :  2.91802e-06
 Reference value :  2.91979e-06
 Reference value :  2.92111e-06
 Reference value :  2.92271e-06
 Reference value :  2.92443e-06
 Reference value :  2.92600e-06
 Reference value :  2.92767e-06
 Reference value :  2.92899e-06
 Reference value :  2.93043e-06
 Reference value :  2.93211e-06
 Reference value :  2.93359e-06
 Reference value :  2.93511e-06
 Reference value :  2.93659e-06
 Reference value :  2.93804e-06
 Reference value :  2.93995e-06
 Reference value :  2.94111e-06
 Reference value :  2.94259e-06
 Reference value :  2.94419e-06
 Reference value :  2.94597e-06
 Reference value :  2.94759e-06
 Reference value :  2.94891e-06
 Reference value :  2.95023e-06
 Reference value :  2.95202e-06
 Reference value :  2.95367e-06
 Reference value :  2.95515e-06
 Reference value :  2.95659e-06
 Reference value :  2.95801e-06
 Reference value :  2.95967e-06
 Reference value :  2.96103e-06
 Reference value :  2.96259e-06
 Reference value :  2.96423e-06
 Reference value :  2.96567e-06
 Reference value :  2.96719e-06
 Reference value :  2.96863e-06
 Reference value :  2.97015e-06
 Reference value :  2.97200e-06
 Reference value :  2.97319e-06
 Reference value :  2.97471e-06
 Reference value :  2.97627e-06
 Reference value :  2.97800e-06
 Reference value :  2.97959e-06
 Reference value :  2.98091e-06
 Reference value :  2.98223e-06
 Reference value :  2.98401e-06
 Reference value :  2.98555e-06
 Reference value :  2.98707e-06
 Reference value :  2.98851e-06
 Reference value :  2.99000e-06
 Reference value :  2.99155e-06
 Reference value :  2.99287e-06
 Reference value :  2.99435e-06
 Reference value :  2.99602e-06
 Reference value :  2.99739e-06
 Reference value :  2.99879e-06
 Reference value :  3.00031e-06
 Reference value :  3.00200e-06
 Reference value :  3.00355e-06
 Reference value :  3.00495e-06
 Reference value :  3.00619e-06
 Reference value :  3.00801e-06
 Reference value :  3.00963e-06
 Reference value :  3.01111e-06
 Reference value :  3.01255e-06
 Reference value :  3.01401e-06
 Reference value :  3.01587e-06
 Reference value :  3.01719e-06
 Reference value :  3.01871e-06
 Reference value :  3.02031e-06
 Reference value :  3.02179e-06
 Reference value :  3.02331e-06
 Reference value :  3.02475e-06
 Reference value :  3.02631e-06
 Reference value :  3.02802e-06
 Reference value :  3.02939e-06
 Reference value :  3.03063e-06
 Reference value :  3.03227e-06
 Reference value :  3.03400e-06
 Reference value :  3.03559e-06
 Reference value :  3.03691e-06
 Reference value :  3.03811e-06
 Reference value :  3.03997e-06
 Reference value :  3.04127e-06
 Reference value :  3.04275e-06
 Reference value :  3.04423e-06
 Reference value :  3.04571e-06
 Reference value :  3.04707e-06
 Reference value :  3.04839e-06
 Reference value :  3.05002e-06
 Reference value :  3.05179e-06
 Reference value :  3.05315e-06
 Reference value :  3.05459e-06
 Reference value :  3.05615e-06
 Reference value :  3.05759e-06
 Reference value :  3.05899e-06
 Reference value :  3.06043e-06
 Reference value :  3.06201e-06
 Reference value :  3.06371e-06
 Reference value :  3.06495e-06
 Reference value :  3.06639e-06
 Reference value :  3.06802e-06
 Reference value :  3.06967e-06
 Reference value :  3.07115e-06
 Reference value :  3.07251e-06
 Reference value :  3.07400e-06
 Reference value :  3.07551e-06
 Reference value :  3.07667e-06
 Reference value :  3.07819e-06
 Reference value :  3.08000e-06
 Reference value :  3.08119e-06
 Reference value :  3.08279e-06
 Reference value :  3.08439e-06
 Reference value :  3.08602e-06
 Reference value :  3.08783e-06
 Reference value :  3.08911e-06
 Reference value :  3.09035e-06
 Reference value :  3.09204e-06
 Reference value :  3.09371e-06
 Reference value :  3.09519e-06
 Reference value :  3.09663e-06
 Reference value :  3.09802e-06
 Reference value :  3.09975e-06
 Reference value :  3.10115e-06
 Reference value :  3.10267e-06
 Reference value :  3.10423e-06
 Reference value :  3.10579e-06
 Reference value :  3.10735e-06
 Reference value :  3.10871e-06
 Reference value :  3.11023e-06
 Reference value :  3.11201e-06
 Reference value :  3.11327e-06
 Reference value :  3.11483e-06
 Reference value :  3.11639e-06
 Reference value :  3.11802e-06
 Reference value :  3.11983e-06
 Reference value :  3.12111e-06
 Reference value :  3.12255e-06
 Reference value :  3.12443e-06
 Reference value :  3.12604e-06
 Reference value :  3.12795e-06
 Reference value :  3.12923e-06
 Reference value :  3.13075e-06
 Reference value :  3.13235e-06
 Reference value :  3.13401e-06
 Reference value :  3.13575e-06
 Reference value :  3.13707e-06
 Reference value :  3.13839e-06
 Reference value :  3.14002e-06
 Reference value :  3.14163e-06
 Reference value :  3.14323e-06
 Reference value :  3.14467e-06
 Reference value :  3.14611e-06
 Reference value :  3.14800e-06
 Reference value :  3.14947e-06
 Reference value :  3.15103e-06
 Reference value :  3.15251e-06
 Reference value :  3.15397e-06
 Reference value :  3.15551e-06
 Reference value :  3.15687e-06
 Reference value :  3.15839e-06
 Reference value :  3.16011e-06
 Reference value :  3.16159e-06
 Reference value :  3.16315e-06
 Reference value :  3.16463e-06
 Reference value :  3.16615e-06
 Reference value :  3.16800e-06
 Reference value :  3.16927e-06
 Reference value :  3.17075e-06
 Reference value :  3.17239e-06
 Reference value :  3.17401e-06
 Reference value :  3.17579e-06
 Reference value :  3.17707e-06
 Reference value :  3.17855e-06
 Reference value :  3.18019e-06
 Reference value :  3.18197e-06
 Reference value :  3.18355e-06
 Reference value :  3.18491e-06
 Reference value :  3.18619e-06
 Reference value :  3.18801e-06
 Reference value :  3.18951e-06
 Reference value :  3.19103e-06
 Reference value :  3.19251e-06
 Reference value :  3.19400e-06
 Reference value :  3.19571e-06
 Reference value :  3.19711e-06
 Reference value :  3.19871e-06
No. of Data Rows : 94280
sim/harness: analysis complete
Note: Simulation executed from .control section 
Note: Starting dynamic gmin stepping
Note: Dynamic gmin stepping completed
