
Note: Compatibility modes selected: hs a


Circuit: ** sch_path: /home/ubuntu/loom-workspaces/sky130-pll/.loom/worktrees/issue-129/sim/divider/testbench/tb_divider.sch

option SCALE: Scale is set to 1e-06 for instance and model parameters
option SCALE: Scale is set to 1e-06 for instance and model parameters
option SCALE: Scale is set to 1e-06 for instance and model parameters
option SCALE: Scale is set to 1e-06 for instance and model parameters
Doing analysis at TEMP = -40.000000 and TNOM = 27.000000

Using KLU as Direct Linear Solver
 Reference value :  0.00000e+00
 Reference value :  1.17300e-10
 Reference value :  4.58250e-10
 Reference value :  6.34125e-10
 Reference value :  9.27625e-10
 Reference value :  1.20862e-09
 Reference value :  1.42312e-09
 Reference value :  1.78312e-09
 Reference value :  1.97762e-09
 Reference value :  2.28762e-09
 Reference value :  2.57212e-09
 Reference value :  2.82662e-09
 Reference value :  3.16406e-09
 Reference value :  3.38112e-09
 Reference value :  3.65462e-09
 Reference value :  3.93563e-09
 Reference value :  4.19013e-09
 Reference value :  4.51013e-09
 Reference value :  4.70463e-09
 Reference value :  5.00003e-09
 Reference value :  5.05542e-09
 Reference value :  5.31542e-09
 Reference value :  5.53363e-09
 Reference value :  5.87363e-09
 Reference value :  6.00600e-09
 Reference value :  6.36300e-09
 Reference value :  6.56263e-09
 Reference value :  6.82562e-09
 Reference value :  7.01713e-09
 Reference value :  7.27200e-09
 Reference value :  7.45163e-09
 Reference value :  7.70906e-09
 Reference value :  7.88612e-09
 Reference value :  8.18912e-09
 Reference value :  8.42062e-09
 Reference value :  8.64800e-09
 Reference value :  8.75513e-09
 Reference value :  9.03512e-09
 Reference value :  9.16962e-09
 Reference value :  9.44962e-09
 Reference value :  9.66413e-09
 Reference value :  1.00002e-08
 Reference value :  1.02386e-08
 Reference value :  1.04547e-08
 Reference value :  1.06531e-08
 Reference value :  1.08731e-08
 Reference value :  1.10876e-08
 Reference value :  1.13625e-08
 Reference value :  1.15621e-08
 Reference value :  1.18182e-08
 Reference value :  1.20366e-08
 Reference value :  1.22796e-08
 Reference value :  1.23711e-08
 Reference value :  1.26111e-08
 Reference value :  1.27446e-08
 Reference value :  1.29256e-08
 Reference value :  1.31256e-08
 Reference value :  1.31939e-08
 Reference value :  1.33201e-08
 Reference value :  1.35201e-08
 Reference value :  1.36746e-08
 Reference value :  1.39346e-08
 Reference value :  1.40546e-08
 Reference value :  1.40976e-08
 Reference value :  1.41891e-08
 Reference value :  1.43491e-08
 Reference value :  1.45696e-08
 Reference value :  1.48636e-08
 Reference value :  1.49811e-08
 Reference value :  1.50381e-08
 Reference value :  1.51981e-08
 Reference value :  1.54568e-08
 Reference value :  1.56926e-08
 Reference value :  1.59200e-08
 Reference value :  1.61671e-08
 Reference value :  1.64016e-08
 Reference value :  1.66016e-08
 Reference value :  1.68299e-08
 Reference value :  1.70961e-08
 Reference value :  1.72955e-08
 Reference value :  1.75683e-08
 Reference value :  1.77389e-08
 Reference value :  1.79851e-08
 Reference value :  1.82196e-08
 Reference value :  1.85396e-08
 Reference value :  1.87141e-08
 Reference value :  1.90141e-08
 Reference value :  1.92463e-08
 Reference value :  1.95435e-08
 Reference value :  1.97231e-08
 Reference value :  2.00061e-08
 Reference value :  2.02776e-08
 Reference value :  2.04676e-08
 Reference value :  2.07321e-08
 Reference value :  2.09315e-08
 Reference value :  2.12243e-08
 Reference value :  2.14011e-08
 Reference value :  2.17211e-08
 Reference value :  2.19356e-08
 Reference value :  2.22356e-08
 Reference value :  2.24301e-08
 Reference value :  2.26701e-08
 Reference value :  2.27399e-08
 Reference value :  2.30223e-08
 Reference value :  2.31929e-08
 Reference value :  2.34591e-08
 Reference value :  2.36936e-08
 Reference value :  2.40136e-08
 Reference value :  2.41281e-08
 Reference value :  2.42881e-08
 Reference value :  2.45555e-08
 Reference value :  2.48003e-08
 Reference value :  2.50056e-08
 Reference value :  2.52171e-08
 Reference value :  2.54776e-08
 Reference value :  2.57516e-08
 Reference value :  2.58891e-08
 Reference value :  2.59199e-08
 Reference value :  2.60861e-08
 Reference value :  2.62861e-08
 Reference value :  2.63791e-08
 Reference value :  2.65183e-08
 Reference value :  2.66383e-08
 Reference value :  2.66783e-08
 Reference value :  2.67183e-08
 Reference value :  2.68155e-08
 Reference value :  2.68289e-08
 Reference value :  2.70751e-08
 Reference value :  2.73096e-08
 Reference value :  2.76296e-08
 Reference value :  2.78241e-08
 Reference value :  2.81041e-08
 Reference value :  2.82763e-08
 Reference value :  2.83363e-08
 Reference value :  2.85763e-08
 Reference value :  2.86931e-08
 Reference value :  2.90331e-08
 Reference value :  2.92076e-08
 Reference value :  2.95251e-08
 Reference value :  2.96021e-08
 Reference value :  2.97421e-08
 Reference value :  2.99221e-08
 Reference value :  3.00226e-08
 Reference value :  3.02166e-08
 Reference value :  3.03766e-08
 Reference value :  3.04701e-08
 Reference value :  3.06511e-08
 Reference value :  3.08886e-08
 Reference value :  3.09194e-08
 Reference value :  3.11856e-08
 Reference value :  3.13756e-08
 Reference value :  3.16401e-08
 Reference value :  3.18336e-08
 Reference value :  3.19746e-08
 Reference value :  3.20546e-08
 Reference value :  3.22346e-08
 Reference value :  3.23491e-08
 Reference value :  3.25691e-08
 Reference value :  3.27391e-08
 Reference value :  3.29436e-08
 Reference value :  3.30036e-08
 Reference value :  3.31236e-08
 Reference value :  3.31866e-08
 Reference value :  3.31936e-08
 Reference value :  3.32041e-08
 Reference value :  3.32381e-08
 Reference value :  3.32781e-08
 Reference value :  3.33181e-08
 Reference value :  3.33581e-08
 Reference value :  3.33981e-08
 Reference value :  3.34381e-08
 Reference value :  3.35381e-08
 Reference value :  3.36156e-08
 Reference value :  3.36511e-08
 Reference value :  3.38503e-08
 Reference value :  3.38903e-08
 Reference value :  3.39503e-08
 Reference value :  3.39903e-08
 Reference value :  3.40303e-08
 Reference value :  3.40689e-08
 Reference value :  3.40888e-08
 Reference value :  3.41000e-08
 Reference value :  3.41061e-08
 Reference value :  3.41471e-08
 Reference value :  3.41871e-08
 Reference value :  3.42071e-08
 Reference value :  3.42471e-08
 Reference value :  3.42871e-08
 Reference value :  3.45071e-08
 Reference value :  3.47216e-08
 Reference value :  3.49016e-08
 Reference value :  3.50961e-08
 Reference value :  3.54336e-08
 Reference value :  3.56506e-08
 Reference value :  3.59067e-08
 Reference value :  3.60651e-08
 Reference value :  3.61851e-08
 Reference value :  3.63051e-08
 Reference value :  3.63786e-08
 Reference value :  3.65596e-08
 Reference value :  3.67196e-08
 Reference value :  3.68296e-08
 Reference value :  3.69541e-08
 Reference value :  3.71941e-08
 Reference value :  3.73063e-08
 Reference value :  3.76063e-08
 Reference value :  3.77831e-08
 Reference value :  3.80031e-08
 Reference value :  3.81966e-08
 Reference value :  3.84976e-08
 Reference value :  3.86921e-08
 Reference value :  3.90121e-08
 Reference value :  3.92266e-08
 Reference value :  3.95241e-08
 Reference value :  3.97211e-08
 Reference value :  3.98611e-08
 Reference value :  4.00216e-08
 Reference value :  4.03156e-08
 Reference value :  4.04901e-08
 Reference value :  4.08101e-08
 Reference value :  4.10423e-08
 Reference value :  4.13595e-08
 Reference value :  4.15391e-08
 Reference value :  4.16791e-08
 Reference value :  4.18536e-08
 Reference value :  4.21536e-08
 Reference value :  4.22766e-08
 Reference value :  4.23681e-08
 Reference value :  4.25481e-08
 Reference value :  4.27311e-08
 Reference value :  4.28826e-08
 Reference value :  4.30826e-08
 Reference value :  4.31961e-08
 Reference value :  4.32971e-08
 Reference value :  4.34571e-08
 Reference value :  4.36332e-08
 Reference value :  4.38716e-08
 Reference value :  4.40865e-08
 Reference value :  4.42061e-08
 Reference value :  4.43461e-08
 Reference value :  4.45535e-08
 Reference value :  4.47806e-08
 Reference value :  4.50089e-08
 Reference value :  4.52151e-08
 Reference value :  4.54625e-08
 Reference value :  4.57273e-08
 Reference value :  4.59196e-08
 Reference value :  4.62041e-08
 Reference value :  4.63986e-08
 Reference value :  4.66986e-08
 Reference value :  4.68931e-08
 Reference value :  4.71531e-08
 Reference value :  4.73676e-08
 Reference value :  4.76276e-08
 Reference value :  4.78221e-08
 Reference value :  4.81221e-08
 Reference value :  4.83366e-08
 Reference value :  4.86315e-08
 Reference value :  4.88111e-08
 Reference value :  4.90880e-08
 Reference value :  4.92633e-08
 Reference value :  4.95418e-08
 Reference value :  4.97201e-08
 Reference value :  5.00084e-08
 Reference value :  5.02546e-08
 Reference value :  5.04629e-08
 Reference value :  5.07291e-08
 Reference value :  5.08866e-08
 Reference value :  5.10636e-08
 Reference value :  5.12836e-08
 Reference value :  5.14581e-08
 Reference value :  5.17781e-08
 Reference value :  5.19926e-08
 Reference value :  5.22675e-08
 Reference value :  5.24071e-08
 Reference value :  5.26471e-08
 Reference value :  5.28193e-08
 Reference value :  5.30793e-08
 Reference value :  5.31951e-08
 Reference value :  5.33161e-08
 Reference value :  5.33761e-08
 Reference value :  5.34761e-08
 Reference value :  5.36435e-08
 Reference value :  5.37906e-08
 Reference value :  5.40306e-08
 Reference value :  5.40893e-08
 Reference value :  5.42451e-08
 Reference value :  5.43851e-08
 Reference value :  5.45586e-08
 Reference value :  5.46596e-08
 Reference value :  5.49596e-08
 Reference value :  5.50096e-08
 Reference value :  5.53141e-08
 Reference value :  5.55486e-08
 Reference value :  5.58286e-08
 Reference value :  5.60031e-08
 Reference value :  5.63231e-08
 Reference value :  5.65553e-08
 Reference value :  5.67939e-08
 Reference value :  5.68381e-08
 Reference value :  5.71121e-08
 Reference value :  5.72795e-08
 Reference value :  5.75466e-08
 Reference value :  5.77349e-08
 Reference value :  5.80211e-08
 Reference value :  5.82156e-08
 Reference value :  5.85356e-08
 Reference value :  5.87501e-08
 Reference value :  5.90501e-08
 Reference value :  5.92446e-08
 Reference value :  5.94846e-08
 Reference value :  5.95991e-08
 Reference value :  5.99191e-08
 Reference value :  6.01336e-08
 Reference value :  6.04311e-08
 Reference value :  6.06081e-08
 Reference value :  6.08856e-08
 Reference value :  6.10226e-08
 Reference value :  6.13226e-08
 Reference value :  6.14971e-08
 Reference value :  6.18201e-08
 Reference value :  6.18516e-08
 Reference value :  6.21316e-08
 Reference value :  6.23061e-08
 Reference value :  6.25861e-08
 Reference value :  6.27806e-08
 Reference value :  6.30206e-08
 Reference value :  6.32011e-08
 Reference value :  6.34551e-08
 Reference value :  6.36696e-08
 Reference value :  6.39896e-08
 Reference value :  6.41101e-08
 Reference value :  6.42041e-08
 Reference value :  6.44241e-08
 Reference value :  6.45986e-08
 Reference value :  6.48986e-08
 Reference value :  6.50931e-08
 Reference value :  6.52131e-08
 Reference value :  6.54666e-08
 Reference value :  6.57476e-08
 Reference value :  6.59025e-08
 Reference value :  6.60021e-08
 Reference value :  6.62221e-08
 Reference value :  6.63695e-08
 Reference value :  6.65543e-08
 Reference value :  6.67543e-08
 Reference value :  6.68153e-08
 Reference value :  6.68711e-08
 Reference value :  6.70711e-08
 Reference value :  6.72111e-08
 Reference value :  6.72486e-08
 Reference value :  6.72794e-08
 Reference value :  6.73056e-08
 Reference value :  6.73456e-08
 Reference value :  6.73856e-08
 Reference value :  6.74256e-08
 Reference value :  6.74856e-08
 Reference value :  6.75456e-08
 Reference value :  6.75856e-08
 Reference value :  6.76256e-08
 Reference value :  6.76656e-08
 Reference value :  6.77031e-08
 Reference value :  6.77217e-08
 Reference value :  6.77330e-08
 Reference value :  6.77356e-08
 Reference value :  6.77461e-08
 Reference value :  6.77801e-08
 Reference value :  6.78401e-08
 Reference value :  6.78801e-08
 Reference value :  6.79201e-08
 Reference value :  6.81787e-08
 Reference value :  6.83546e-08
 Reference value :  6.86121e-08
 Reference value :  6.88091e-08
 Reference value :  6.90965e-08
 Reference value :  6.93636e-08
 Reference value :  6.95536e-08
 Reference value :  6.96381e-08
 Reference value :  6.99381e-08
 Reference value :  7.01326e-08
 Reference value :  7.03726e-08
 Reference value :  7.05471e-08
 Reference value :  7.08846e-08
 Reference value :  7.10616e-08
 Reference value :  7.13577e-08
 Reference value :  7.15761e-08
 Reference value :  7.18122e-08
 Reference value :  7.20106e-08
 Reference value :  7.22655e-08
 Reference value :  7.24651e-08
 Reference value :  7.27281e-08
 Reference value :  7.29796e-08
 Reference value :  7.31879e-08
 Reference value :  7.34541e-08
 Reference value :  7.36535e-08
 Reference value :  7.38863e-08
 Reference value :  7.40960e-08
 Reference value :  7.43231e-08
 Reference value :  7.45505e-08
 Reference value :  7.47753e-08
 Reference value :  7.50076e-08
 Reference value :  7.51521e-08
 Reference value :  7.53921e-08
 Reference value :  7.55866e-08
 Reference value :  7.57466e-08
 Reference value :  7.57866e-08
 Reference value :  7.58666e-08
 Reference value :  7.59611e-08
 Reference value :  7.60411e-08
 Reference value :  7.61211e-08
 Reference value :  7.62611e-08
 Reference value :  7.63641e-08
 Reference value :  7.65356e-08
 Reference value :  7.67556e-08
 Reference value :  7.68230e-08
 Reference value :  7.68291e-08
 Reference value :  7.69301e-08
 Reference value :  7.70701e-08
 Reference value :  7.72101e-08
 Reference value :  7.72784e-08
 Reference value :  7.75646e-08
 Reference value :  7.77791e-08
 Reference value :  7.81391e-08
 Reference value :  7.83536e-08
 Reference value :  7.85936e-08
 Reference value :  7.87881e-08
 Reference value :  7.90911e-08
 Reference value :  7.93426e-08
 Reference value :  7.95456e-08
 Reference value :  7.97771e-08
 Reference value :  8.00045e-08
 Reference value :  8.02116e-08
 Reference value :  8.03716e-08
 Reference value :  8.04861e-08
 Reference value :  8.07261e-08
 Reference value :  8.09406e-08
 Reference value :  8.12606e-08
 Reference value :  8.14551e-08
 Reference value :  8.17551e-08
 Reference value :  8.19273e-08
 Reference value :  8.22073e-08
 Reference value :  8.24041e-08
 Reference value :  8.27227e-08
 Reference value :  8.29786e-08
 Reference value :  8.31747e-08
 Reference value :  8.32531e-08
 Reference value :  8.33931e-08
 Reference value :  8.35931e-08
 Reference value :  8.37476e-08
 Reference value :  8.40476e-08
 Reference value :  8.41221e-08
 Reference value :  8.44021e-08
 Reference value :  8.45966e-08
 Reference value :  8.48966e-08
 Reference value :  8.51111e-08
 Reference value :  8.52511e-08
 Reference value :  8.54286e-08
 Reference value :  8.55256e-08
 Reference value :  8.58256e-08
 Reference value :  8.59401e-08
 Reference value :  8.61401e-08
 Reference value :  8.63562e-08
 Reference value :  8.65746e-08
 Reference value :  8.68229e-08
 Reference value :  8.70691e-08
 Reference value :  8.72826e-08
 Reference value :  8.74636e-08
 Reference value :  8.76836e-08
 Reference value :  8.78781e-08
 Reference value :  8.81811e-08
 Reference value :  8.84526e-08
 Reference value :  8.86356e-08
 Reference value :  8.87871e-08
 Reference value :  8.90646e-08
 Reference value :  8.92616e-08
 Reference value :  8.95016e-08
 Reference value :  8.96961e-08
 Reference value :  9.00043e-08
 Reference value :  9.02483e-08
 Reference value :  9.04641e-08
 Reference value :  9.06451e-08
 Reference value :  9.09125e-08
 Reference value :  9.10396e-08
 Reference value :  9.13371e-08
 Reference value :  9.15341e-08
 Reference value :  9.18241e-08
 Reference value :  9.21286e-08
 Reference value :  9.23231e-08
 Reference value :  9.25431e-08
 Reference value :  9.27192e-08
 Reference value :  9.28976e-08
 Reference value :  9.31551e-08
 Reference value :  9.33521e-08
 Reference value :  9.35921e-08
 Reference value :  9.36666e-08
 Reference value :  9.39466e-08
 Reference value :  9.41611e-08
 Reference value :  9.44411e-08
 Reference value :  9.45511e-08
 Reference value :  9.46556e-08
 Reference value :  9.47956e-08
 Reference value :  9.50039e-08
 Reference value :  9.52301e-08
 Reference value :  9.54636e-08
 Reference value :  9.56646e-08
 Reference value :  9.57446e-08
 Reference value :  9.58995e-08
 Reference value :  9.60191e-08
 Reference value :  9.61991e-08
 Reference value :  9.62391e-08
 Reference value :  9.63540e-08
 Reference value :  9.64136e-08
 Reference value :  9.64936e-08
 Reference value :  9.65336e-08
 Reference value :  9.66336e-08
 Reference value :  9.67336e-08
 Reference value :  9.68271e-08
 Reference value :  9.69881e-08
 Reference value :  9.72755e-08
 Reference value :  9.75203e-08
 Reference value :  9.77309e-08
 Reference value :  9.77571e-08
 Reference value :  9.79171e-08
 Reference value :  9.80371e-08
 Reference value :  9.82116e-08
 Reference value :  9.84316e-08
 Reference value :  9.86277e-08
 Reference value :  9.86861e-08
 Reference value :  9.89461e-08
 Reference value :  9.91406e-08
 Reference value :  9.94806e-08
 Reference value :  9.96551e-08
 Reference value :  9.99351e-08
 Reference value :  1.00130e-07
 Reference value :  1.00310e-07
 Reference value :  1.00448e-07
 Reference value :  1.00604e-07
 Reference value :  1.00911e-07
 Reference value :  1.01179e-07
 Reference value :  1.01367e-07
 Reference value :  1.01633e-07
 Reference value :  1.01834e-07
 Reference value :  1.02028e-07
 Reference value :  1.02168e-07
 Reference value :  1.02382e-07
 Reference value :  1.02642e-07
 Reference value :  1.02857e-07
 Reference value :  1.03137e-07
 Reference value :  1.03331e-07
 Reference value :  1.03638e-07
 Reference value :  1.03806e-07
 Reference value :  1.03986e-07
 Reference value :  1.04096e-07
 Reference value :  1.04380e-07
 Reference value :  1.04561e-07
 Reference value :  1.04835e-07
 Reference value :  1.04993e-07
 Reference value :  1.05189e-07
 Reference value :  1.05446e-07
 Reference value :  1.05561e-07
 Reference value :  1.05880e-07
 Reference value :  1.06058e-07
 Reference value :  1.06318e-07
 Reference value :  1.06493e-07
 Reference value :  1.06713e-07
 Reference value :  1.06821e-07
 Reference value :  1.06847e-07
 Reference value :  1.07067e-07
 Reference value :  1.07281e-07
 Reference value :  1.07582e-07
 Reference value :  1.07756e-07
 Reference value :  1.07996e-07
 Reference value :  1.08056e-07
 Reference value :  1.08271e-07
 Reference value :  1.08551e-07
 Reference value :  1.08705e-07
 Reference value :  1.08825e-07
 Reference value :  1.09093e-07
 Reference value :  1.09200e-07
 Reference value :  1.09380e-07
 Reference value :  1.09574e-07
 Reference value :  1.09854e-07
 Reference value :  1.10015e-07
 Reference value :  1.10309e-07
 Reference value :  1.10447e-07
 Reference value :  1.10563e-07
 Reference value :  1.10881e-07
 Reference value :  1.11098e-07
 Reference value :  1.11356e-07
 Reference value :  1.11552e-07
 Reference value :  1.11652e-07
 Reference value :  1.11820e-07
 Reference value :  1.12067e-07
 Reference value :  1.12263e-07
 Reference value :  1.12381e-07
 Reference value :  1.12461e-07
 Reference value :  1.12729e-07
 Reference value :  1.12833e-07
 Reference value :  1.13093e-07
 Reference value :  1.13189e-07
 Reference value :  1.13370e-07
 Reference value :  1.13550e-07
 Reference value :  1.13640e-07
 Reference value :  1.13745e-07
 Reference value :  1.13885e-07
 Reference value :  1.13965e-07
 Reference value :  1.14139e-07
 Reference value :  1.14359e-07
 Reference value :  1.14535e-07
 Reference value :  1.14654e-07
 Reference value :  1.14794e-07
 Reference value :  1.14934e-07
 Reference value :  1.14992e-07
 Reference value :  1.15004e-07
 Reference value :  1.15208e-07
 Reference value :  1.15443e-07
 Reference value :  1.15503e-07
 Reference value :  1.15783e-07
 Reference value :  1.15906e-07
 Reference value :  1.15957e-07
 Reference value :  1.16217e-07
 Reference value :  1.16378e-07
 Reference value :  1.16692e-07
 Reference value :  1.16886e-07
 Reference value :  1.17086e-07
 Reference value :  1.17269e-07
 Reference value :  1.17521e-07
 Reference value :  1.17728e-07
 Reference value :  1.17995e-07
 Reference value :  1.18230e-07
 Reference value :  1.18450e-07
 Reference value :  1.18628e-07
 Reference value :  1.18764e-07
 Reference value :  1.19004e-07
 Reference value :  1.19159e-07
 Reference value :  1.19399e-07
 Reference value :  1.19552e-07
 Reference value :  1.19753e-07
 Reference value :  1.19893e-07
 Reference value :  1.20108e-07
 Reference value :  1.20425e-07
 Reference value :  1.20522e-07
 Reference value :  1.20722e-07
 Reference value :  1.20910e-07
 Reference value :  1.21097e-07
 Reference value :  1.21334e-07
 Reference value :  1.21431e-07
 Reference value :  1.21611e-07
 Reference value :  1.21819e-07
 Reference value :  1.22106e-07
 Reference value :  1.22276e-07
 Reference value :  1.22540e-07
 Reference value :  1.22716e-07
 Reference value :  1.22835e-07
 Reference value :  1.23135e-07
 Reference value :  1.23329e-07
 Reference value :  1.23625e-07
 Reference value :  1.23744e-07
 Reference value :  1.24004e-07
 Reference value :  1.24158e-07
 Reference value :  1.24498e-07
 Reference value :  1.24713e-07
 Reference value :  1.24987e-07
 Reference value :  1.25187e-07
 Reference value :  1.25387e-07
 Reference value :  1.25454e-07
 Reference value :  1.25582e-07
 Reference value :  1.25862e-07
 Reference value :  1.26036e-07
 Reference value :  1.26355e-07
 Reference value :  1.26591e-07
 Reference value :  1.26731e-07
 Reference value :  1.26824e-07
 Reference value :  1.27065e-07
 Reference value :  1.27273e-07
 Reference value :  1.27500e-07
 Reference value :  1.27723e-07
 Reference value :  1.27914e-07
 Reference value :  1.28195e-07
 Reference value :  1.28509e-07
 Reference value :  1.28623e-07
 Reference value :  1.28703e-07
 Reference value :  1.28783e-07
 Reference value :  1.29061e-07
 Reference value :  1.29258e-07
 Reference value :  1.29534e-07
 Reference value :  1.29712e-07
 Reference value :  1.30000e-07
 Reference value :  1.30127e-07
 Reference value :  1.30327e-07
 Reference value :  1.30521e-07
 Reference value :  1.30801e-07
 Reference value :  1.30996e-07
 Reference value :  1.31156e-07
 Reference value :  1.31276e-07
 Reference value :  1.31364e-07
 Reference value :  1.31376e-07
 Reference value :  1.31550e-07
 Reference value :  1.31805e-07
 Reference value :  1.31829e-07
 Reference value :  1.31962e-07
 Reference value :  1.32022e-07
 Reference value :  1.32122e-07
 Reference value :  1.32202e-07
 Reference value :  1.32241e-07
 Reference value :  1.32263e-07
 Reference value :  1.32273e-07
 Reference value :  1.32519e-07
 Reference value :  1.32732e-07
 Reference value :  1.33011e-07
 Reference value :  1.33208e-07
 Reference value :  1.33508e-07
 Reference value :  1.33638e-07
 Reference value :  1.33843e-07
 Reference value :  1.34091e-07
 Reference value :  1.34357e-07
 Reference value :  1.34545e-07
 Reference value :  1.34832e-07
 Reference value :  1.35005e-07
 Reference value :  1.35306e-07
 Reference value :  1.35467e-07
 Reference value :  1.35761e-07
 Reference value :  1.35935e-07
 Reference value :  1.36175e-07
 Reference value :  1.36376e-07
 Reference value :  1.36570e-07
 Reference value :  1.36808e-07
 Reference value :  1.37004e-07
 Reference value :  1.37278e-07
 Reference value :  1.37519e-07
 Reference value :  1.37732e-07
 Reference value :  1.38033e-07
 Reference value :  1.38169e-07
 Reference value :  1.38180e-07
 Reference value :  1.38228e-07
 Reference value :  1.38448e-07
 Reference value :  1.38605e-07
 Reference value :  1.38702e-07
 Reference value :  1.38842e-07
 Reference value :  1.39022e-07
 Reference value :  1.39078e-07
 Reference value :  1.39157e-07
 Reference value :  1.39397e-07
 Reference value :  1.39540e-07
 Reference value :  1.39651e-07
 Reference value :  1.39811e-07
 Reference value :  1.39951e-07
 Reference value :  1.40012e-07
 Reference value :  1.40186e-07
 Reference value :  1.40246e-07
 Reference value :  1.40440e-07
 Reference value :  1.40600e-07
 Reference value :  1.40907e-07
 Reference value :  1.41155e-07
 Reference value :  1.41363e-07
 Reference value :  1.41429e-07
 Reference value :  1.41709e-07
 Reference value :  1.41884e-07
 Reference value :  1.42104e-07
 Reference value :  1.42277e-07
 Reference value :  1.42558e-07
 Reference value :  1.42813e-07
 Reference value :  1.43033e-07
 Reference value :  1.43180e-07
 Reference value :  1.43287e-07
 Reference value :  1.43527e-07
 Reference value :  1.43742e-07
 Reference value :  1.43922e-07
 Reference value :  1.44102e-07
 Reference value :  1.44396e-07
 Reference value :  1.44631e-07
 Reference value :  1.44931e-07
 Reference value :  1.45105e-07
 Reference value :  1.45385e-07
 Reference value :  1.45580e-07
 Reference value :  1.45877e-07
 Reference value :  1.46094e-07
 Reference value :  1.46368e-07
 Reference value :  1.46649e-07
 Reference value :  1.46817e-07
 Reference value :  1.46923e-07
 Reference value :  1.47258e-07
 Reference value :  1.47475e-07
 Reference value :  1.47721e-07
 Reference value :  1.47952e-07
 Reference value :  1.48092e-07
 Reference value :  1.48185e-07
 Reference value :  1.48484e-07
 Reference value :  1.48701e-07
 Reference value :  1.49041e-07
 Reference value :  1.49256e-07
 Reference value :  1.49496e-07
 Reference value :  1.49590e-07
 Reference value :  1.49730e-07
 Reference value :  1.49985e-07
 Reference value :  1.50185e-07
 Reference value :  1.50441e-07
 Reference value :  1.50639e-07
 Reference value :  1.50779e-07
 Reference value :  1.50920e-07
 Reference value :  1.51194e-07
 Reference value :  1.51374e-07
 Reference value :  1.51628e-07
 Reference value :  1.51843e-07
 Reference value :  1.52103e-07
 Reference value :  1.52257e-07
 Reference value :  1.52417e-07
 Reference value :  1.52724e-07
 Reference value :  1.52992e-07
 Reference value :  1.53192e-07
 Reference value :  1.53346e-07
 Reference value :  1.53546e-07
 Reference value :  1.53741e-07
 Reference value :  1.54001e-07
 Reference value :  1.54195e-07
 Reference value :  1.54513e-07
 Reference value :  1.54630e-07
 Reference value :  1.54810e-07
 Reference value :  1.55003e-07
 Reference value :  1.55304e-07
 Reference value :  1.55479e-07
 Reference value :  1.55779e-07
 Reference value :  1.55919e-07
 Reference value :  1.56033e-07
 Reference value :  1.56253e-07
 Reference value :  1.56488e-07
 Reference value :  1.56785e-07
 Reference value :  1.57002e-07
 Reference value :  1.57258e-07
 Reference value :  1.57377e-07
 Reference value :  1.57537e-07
 Reference value :  1.57711e-07
 Reference value :  1.57831e-07
 Reference value :  1.58011e-07
 Reference value :  1.58179e-07
 Reference value :  1.58206e-07
 Reference value :  1.58346e-07
 Reference value :  1.58406e-07
 Reference value :  1.58506e-07
 Reference value :  1.58634e-07
 Reference value :  1.58780e-07
 Reference value :  1.58920e-07
 Reference value :  1.59040e-07
 Reference value :  1.59090e-07
 Reference value :  1.59315e-07
 Reference value :  1.59542e-07
 Reference value :  1.59769e-07
 Reference value :  1.60024e-07
 Reference value :  1.60244e-07
 Reference value :  1.60454e-07
 Reference value :  1.60738e-07
 Reference value :  1.60912e-07
 Reference value :  1.61213e-07
 Reference value :  1.61373e-07
 Reference value :  1.61707e-07
 Reference value :  1.61902e-07
 Reference value :  1.62202e-07
 Reference value :  1.62296e-07
 Reference value :  1.62396e-07
 Reference value :  1.62656e-07
 Reference value :  1.62828e-07
 Reference value :  1.63128e-07
 Reference value :  1.63205e-07
 Reference value :  1.63425e-07
 Reference value :  1.63677e-07
 Reference value :  1.63997e-07
 Reference value :  1.64194e-07
 Reference value :  1.64474e-07
 Reference value :  1.64649e-07
 Reference value :  1.64809e-07
 Reference value :  1.64996e-07
 Reference value :  1.65203e-07
 Reference value :  1.65464e-07
 Reference value :  1.65758e-07
 Reference value :  1.65932e-07
 Reference value :  1.66152e-07
 Reference value :  1.66348e-07
 Reference value :  1.66547e-07
 Reference value :  1.66784e-07
 Reference value :  1.66981e-07
 Reference value :  1.67269e-07
 Reference value :  1.67496e-07
 Reference value :  1.67723e-07
 Reference value :  1.67930e-07
 Reference value :  1.68177e-07
 Reference value :  1.68405e-07
 Reference value :  1.68635e-07
 Reference value :  1.68939e-07
 Reference value :  1.69082e-07
 Reference value :  1.69274e-07
 Reference value :  1.69511e-07
 Reference value :  1.69708e-07
 Reference value :  1.69996e-07
 Reference value :  1.70283e-07
 Reference value :  1.70477e-07
 Reference value :  1.70717e-07
 Reference value :  1.70918e-07
 Reference value :  1.71192e-07
 Reference value :  1.71372e-07
 Reference value :  1.71666e-07
 Reference value :  1.71901e-07
 Reference value :  1.72221e-07
 Reference value :  1.72415e-07
 Reference value :  1.72675e-07
 Reference value :  1.72722e-07
 Reference value :  1.72870e-07
 Reference value :  1.73030e-07
 Reference value :  1.73173e-07
 Reference value :  1.73324e-07
 Reference value :  1.73544e-07
 Reference value :  1.73623e-07
 Reference value :  1.73632e-07
 Reference value :  1.73679e-07
 Reference value :  1.73939e-07
 Reference value :  1.74086e-07
 Reference value :  1.74233e-07
 Reference value :  1.74353e-07
 Reference value :  1.74528e-07
 Reference value :  1.74608e-07
 Reference value :  1.74888e-07
 Reference value :  1.75102e-07
 Reference value :  1.75438e-07
 Reference value :  1.75677e-07
 Reference value :  1.75904e-07
 Reference value :  1.76171e-07
 Reference value :  1.76386e-07
 Reference value :  1.76646e-07
 Reference value :  1.76826e-07
 Reference value :  1.77120e-07
 Reference value :  1.77355e-07
 Reference value :  1.77635e-07
 Reference value :  1.77849e-07
 Reference value :  1.78164e-07
 Reference value :  1.78344e-07
 Reference value :  1.78618e-07
 Reference value :  1.78798e-07
 Reference value :  1.79086e-07
 Reference value :  1.79350e-07
 Reference value :  1.79546e-07
 Reference value :  1.79847e-07
 Reference value :  1.80001e-07
 Reference value :  1.80302e-07
 Reference value :  1.80449e-07
 Reference value :  1.80556e-07
 Reference value :  1.80796e-07
 Reference value :  1.80906e-07
 Reference value :  1.80991e-07
 Reference value :  1.81131e-07
 Reference value :  1.81251e-07
 Reference value :  1.81347e-07
 Reference value :  1.81358e-07
 Reference value :  1.81485e-07
 Reference value :  1.81545e-07
 Reference value :  1.81665e-07
 Reference value :  1.81860e-07
 Reference value :  1.82160e-07
 Reference value :  1.82334e-07
 Reference value :  1.82474e-07
 Reference value :  1.82722e-07
 Reference value :  1.83009e-07
 Reference value :  1.83182e-07
 Reference value :  1.83483e-07
 Reference value :  1.83658e-07
 Reference value :  1.83958e-07
 Reference value :  1.84112e-07
 Reference value :  1.84452e-07
 Reference value :  1.84687e-07
 Reference value :  1.84964e-07
 Reference value :  1.85181e-07
 Reference value :  1.85419e-07
 Reference value :  1.85536e-07
 Reference value :  1.85736e-07
 Reference value :  1.85873e-07
 Reference value :  1.85909e-07
 Reference value :  1.86130e-07
 Reference value :  1.86290e-07
 Reference value :  1.86358e-07
 Reference value :  1.86371e-07
 Reference value :  1.86545e-07
 Reference value :  1.86625e-07
 Reference value :  1.86799e-07
 Reference value :  1.86815e-07
 Reference value :  1.86825e-07
 Reference value :  1.86859e-07
 Reference value :  1.86899e-07
 Reference value :  1.86919e-07
 Reference value :  1.86959e-07
 Reference value :  1.86999e-07
 Reference value :  1.87039e-07
 Reference value :  1.87079e-07
 Reference value :  1.87139e-07
 Reference value :  1.87179e-07
 Reference value :  1.87219e-07
 Reference value :  1.87254e-07
 Reference value :  1.87374e-07
 Reference value :  1.87574e-07
 Reference value :  1.87748e-07
 Reference value :  1.88068e-07
 Reference value :  1.88283e-07
 Reference value :  1.88503e-07
 Reference value :  1.88697e-07
 Reference value :  1.88937e-07
 Reference value :  1.89132e-07
 Reference value :  1.89392e-07
 Reference value :  1.89552e-07
 Reference value :  1.89826e-07
 Reference value :  1.90007e-07
 Reference value :  1.90341e-07
 Reference value :  1.90495e-07
 Reference value :  1.90775e-07
 Reference value :  1.90930e-07
 Reference value :  1.91170e-07
 Reference value :  1.91353e-07
 Reference value :  1.91404e-07
 Reference value :  1.91444e-07
 Reference value :  1.91564e-07
 Reference value :  1.91764e-07
 Reference value :  1.91859e-07
 Reference value :  1.92159e-07
 Reference value :  1.92262e-07
 Reference value :  1.92513e-07
 Reference value :  1.92748e-07
 Reference value :  1.92988e-07
 Reference value :  1.93175e-07
 Reference value :  1.93402e-07
 Reference value :  1.93562e-07
 Reference value :  1.93737e-07
 Reference value :  1.93997e-07
 Reference value :  1.94151e-07
 Reference value :  1.94509e-07
 Reference value :  1.94743e-07
 Reference value :  1.94984e-07
 Reference value :  1.95220e-07
 Reference value :  1.95439e-07
 Reference value :  1.95655e-07
 Reference value :  1.95891e-07
 Reference value :  1.96089e-07
 Reference value :  1.96359e-07
 Reference value :  1.96524e-07
 Reference value :  1.96704e-07
 Reference value :  1.96811e-07
 Reference value :  1.96958e-07
 Reference value :  1.97098e-07
 Reference value :  1.97266e-07
 Reference value :  1.97393e-07
 Reference value :  1.97573e-07
 Reference value :  1.97673e-07
 Reference value :  1.97847e-07
 Reference value :  1.98163e-07
 Reference value :  1.98382e-07
 Reference value :  1.98582e-07
 Reference value :  1.98635e-07
 Reference value :  1.98856e-07
 Reference value :  1.98996e-07
 Reference value :  1.99071e-07
 Reference value :  1.99251e-07
 Reference value :  1.99525e-07
 Reference value :  1.99685e-07
 Reference value :  1.99984e-07
 Reference value :  2.00140e-07
 Reference value :  2.00400e-07
 Reference value :  2.00554e-07
 Reference value :  2.00814e-07
 Reference value :  2.01029e-07
 Reference value :  2.01289e-07
 Reference value :  2.01503e-07
 Reference value :  2.01743e-07
 Reference value :  2.01799e-07
 Reference value :  2.01806e-07
 Reference value :  2.01811e-07
 Reference value :  2.01824e-07
 Reference value :  2.01978e-07
 Reference value :  2.02118e-07
 Reference value :  2.02198e-07
 Reference value :  2.02254e-07
 Reference value :  2.02412e-07
 Reference value :  2.02690e-07
 Reference value :  2.02867e-07
 Reference value :  2.03144e-07
 Reference value :  2.03321e-07
 Reference value :  2.03624e-07
 Reference value :  2.03896e-07
 Reference value :  2.04086e-07
 Reference value :  2.04310e-07
 Reference value :  2.04533e-07
 Reference value :  2.04765e-07
 Reference value :  2.04983e-07
 Reference value :  2.05219e-07
 Reference value :  2.05460e-07
 Reference value :  2.05714e-07
 Reference value :  2.05914e-07
 Reference value :  2.06208e-07
 Reference value :  2.06423e-07
 Reference value :  2.06703e-07
 Reference value :  2.06780e-07
 Reference value :  2.06957e-07
 Reference value :  2.07117e-07
 Reference value :  2.07312e-07
 Reference value :  2.07632e-07
 Reference value :  2.07846e-07
 Reference value :  2.08106e-07
 Reference value :  2.08301e-07
 Reference value :  2.08561e-07
 Reference value :  2.08755e-07
 Reference value :  2.09071e-07
 Reference value :  2.09290e-07
 Reference value :  2.09537e-07
 Reference value :  2.09784e-07
 Reference value :  2.09997e-07
 Reference value :  2.10236e-07
 Reference value :  2.10437e-07
 Reference value :  2.10633e-07
 Reference value :  2.10901e-07
 Reference value :  2.11168e-07
 Reference value :  2.11368e-07
 Reference value :  2.11582e-07
 Reference value :  2.11805e-07
 Reference value :  2.11997e-07
 Reference value :  2.12234e-07
 Reference value :  2.12411e-07
 Reference value :  2.12714e-07
 Reference value :  2.12966e-07
 Reference value :  2.13174e-07
 Reference value :  2.13400e-07
 Reference value :  2.13628e-07
 Reference value :  2.13875e-07
 Reference value :  2.14088e-07
 Reference value :  2.14349e-07
 Reference value :  2.14584e-07
 Reference value :  2.14884e-07
 Reference value :  2.14982e-07
 Reference value :  2.15078e-07
 Reference value :  2.15258e-07
 Reference value :  2.15398e-07
 Reference value :  2.15473e-07
 Reference value :  2.15673e-07
 Reference value :  2.15793e-07
 Reference value :  2.15889e-07
 Reference value :  2.15901e-07
 Reference value :  2.16087e-07
 Reference value :  2.16207e-07
 Reference value :  2.16350e-07
 Reference value :  2.16382e-07
 Reference value :  2.16602e-07
 Reference value :  2.16702e-07
 Reference value :  2.16722e-07
 Reference value :  2.16762e-07
 Reference value :  2.16796e-07
 Reference value :  2.16805e-07
 Reference value :  2.16812e-07
 Reference value :  2.16836e-07
 Reference value :  2.16876e-07
 Reference value :  2.16916e-07
 Reference value :  2.16956e-07
 Reference value :  2.16996e-07
 Reference value :  2.17076e-07
 Reference value :  2.17136e-07
 Reference value :  2.17196e-07
 Reference value :  2.17251e-07
 Reference value :  2.17331e-07
 Reference value :  2.17491e-07
 Reference value :  2.17551e-07
 Reference value :  2.17731e-07
 Reference value :  2.18005e-07
 Reference value :  2.18164e-07
 Reference value :  2.18240e-07
 Reference value :  2.18320e-07
 Reference value :  2.18460e-07
 Reference value :  2.18614e-07
 Reference value :  2.18714e-07
 Reference value :  2.18894e-07
 Reference value :  2.19073e-07
 Reference value :  2.19169e-07
 Reference value :  2.19489e-07
 Reference value :  2.19663e-07
 Reference value :  2.19883e-07
 Reference value :  2.20098e-07
 Reference value :  2.20358e-07
 Reference value :  2.20572e-07
 Reference value :  2.20888e-07
 Reference value :  2.21107e-07
 Reference value :  2.21345e-07
 Reference value :  2.21461e-07
 Reference value :  2.21661e-07
 Reference value :  2.21809e-07
 Reference value :  2.21976e-07
 Reference value :  2.22176e-07
 Reference value :  2.22254e-07
 Reference value :  2.22350e-07
 Reference value :  2.22510e-07
 Reference value :  2.22720e-07
 Reference value :  2.22985e-07
 Reference value :  2.23175e-07
 Reference value :  2.23419e-07
 Reference value :  2.23627e-07
 Reference value :  2.23894e-07
 Reference value :  2.24084e-07
 Reference value :  2.24348e-07
 Reference value :  2.24563e-07
 Reference value :  2.24863e-07
 Reference value :  2.25037e-07
 Reference value :  2.25337e-07
 Reference value :  2.25489e-07
 Reference value :  2.25769e-07
 Reference value :  2.25902e-07
 Reference value :  2.26166e-07
 Reference value :  2.26381e-07
 Reference value :  2.26701e-07
 Reference value :  2.26915e-07
 Reference value :  2.27135e-07
 Reference value :  2.27290e-07
 Reference value :  2.27470e-07
 Reference value :  2.27713e-07
 Reference value :  2.27944e-07
 Reference value :  2.28199e-07
 Reference value :  2.28519e-07
 Reference value :  2.28733e-07
 Reference value :  2.29013e-07
 Reference value :  2.29148e-07
 Reference value :  2.29188e-07
 Reference value :  2.29328e-07
 Reference value :  2.29505e-07
 Reference value :  2.29622e-07
 Reference value :  2.29842e-07
 Reference value :  2.29990e-07
 Reference value :  2.30157e-07
 Reference value :  2.30431e-07
 Reference value :  2.30611e-07
 Reference value :  2.30886e-07
 Reference value :  2.31066e-07
 Reference value :  2.31340e-07
 Reference value :  2.31520e-07
 Reference value :  2.31700e-07
 Reference value :  2.31875e-07
 Reference value :  2.32155e-07
 Reference value :  2.32309e-07
 Reference value :  2.32589e-07
 Reference value :  2.32744e-07
 Reference value :  2.32944e-07
 Reference value :  2.33158e-07
 Reference value :  2.33338e-07
 Reference value :  2.33498e-07
 Reference value :  2.33596e-07
 Reference value :  2.33693e-07
 Reference value :  2.33893e-07
 Reference value :  2.33933e-07
 Reference value :  2.33973e-07
 Reference value :  2.34080e-07
 Reference value :  2.34083e-07
 Reference value :  2.34127e-07
 Reference value :  2.34227e-07
 Reference value :  2.34347e-07
 Reference value :  2.34505e-07
 Reference value :  2.34582e-07
 Reference value :  2.34842e-07
 Reference value :  2.34992e-07
 Reference value :  2.35276e-07
 Reference value :  2.35511e-07
 Reference value :  2.35831e-07
 Reference value :  2.35894e-07
 Reference value :  2.36085e-07
 Reference value :  2.36348e-07
 Reference value :  2.36560e-07
 Reference value :  2.36807e-07
 Reference value :  2.37054e-07
 Reference value :  2.37309e-07
 Reference value :  2.37629e-07
 Reference value :  2.37803e-07
 Reference value :  2.38141e-07
 Reference value :  2.38318e-07
 Reference value :  2.38614e-07
 Reference value :  2.38752e-07
 Reference value :  2.38932e-07
 Reference value :  2.39068e-07
 Reference value :  2.39167e-07
 Reference value :  2.39267e-07
 Reference value :  2.39307e-07
 Reference value :  2.39347e-07
 Reference value :  2.39447e-07
 Reference value :  2.39525e-07
 Reference value :  2.39561e-07
 Reference value :  2.39701e-07
 Reference value :  2.39989e-07
 Reference value :  2.40216e-07
 Reference value :  2.40256e-07
 Reference value :  2.40296e-07
 Reference value :  2.40431e-07
 Reference value :  2.40610e-07
 Reference value :  2.40886e-07
 Reference value :  2.41065e-07
 Reference value :  2.41285e-07
 Reference value :  2.41479e-07
 Reference value :  2.41794e-07
 Reference value :  2.41820e-07
 Reference value :  2.41954e-07
 Reference value :  2.42154e-07
 Reference value :  2.42252e-07
 Reference value :  2.42348e-07
 Reference value :  2.42448e-07
 Reference value :  2.42648e-07
 Reference value :  2.42716e-07
 Reference value :  2.42903e-07
 Reference value :  2.43063e-07
 Reference value :  2.43237e-07
 Reference value :  2.43557e-07
 Reference value :  2.43732e-07
 Reference value :  2.43872e-07
 Reference value :  2.44075e-07
 Reference value :  2.44286e-07
 Reference value :  2.44525e-07
 Reference value :  2.44781e-07
 Reference value :  2.44988e-07
 Reference value :  2.45195e-07
 Reference value :  2.45456e-07
 Reference value :  2.45730e-07
 Reference value :  2.45924e-07
 Reference value :  2.46224e-07
 Reference value :  2.46399e-07
 Reference value :  2.46659e-07
 Reference value :  2.46819e-07
 Reference value :  2.47113e-07
 Reference value :  2.47308e-07
 Reference value :  2.47548e-07
 Reference value :  2.47721e-07
 Reference value :  2.48022e-07
 Reference value :  2.48176e-07
 Reference value :  2.48457e-07
 Reference value :  2.48637e-07
 Reference value :  2.48911e-07
 Reference value :  2.49146e-07
 Reference value :  2.49426e-07
 Reference value :  2.49620e-07
 Reference value :  2.49840e-07
 Reference value :  2.49976e-07
 Reference value :  2.50115e-07
 Reference value :  2.50275e-07
 Reference value :  2.50433e-07
 Reference value :  2.50455e-07
 Reference value :  2.50609e-07
 Reference value :  2.50849e-07
 Reference value :  2.50924e-07
 Reference value :  2.51024e-07
 Reference value :  2.51321e-07
 Reference value :  2.51518e-07
 Reference value :  2.51793e-07
 Reference value :  2.51953e-07
 Reference value :  2.52173e-07
 Reference value :  2.52263e-07
 Reference value :  2.52467e-07
 Reference value :  2.52721e-07
 Reference value :  2.53002e-07
 Reference value :  2.53175e-07
 Reference value :  2.53476e-07
 Reference value :  2.53651e-07
 Reference value :  2.53951e-07
 Reference value :  2.54105e-07
 Reference value :  2.54445e-07
 Reference value :  2.54660e-07
 Reference value :  2.54957e-07
 Reference value :  2.55174e-07
 Reference value :  2.55429e-07
 Reference value :  2.55549e-07
 Reference value :  2.55769e-07
 Reference value :  2.55923e-07
 Reference value :  2.56263e-07
 Reference value :  2.56458e-07
 Reference value :  2.56758e-07
 Reference value :  2.56811e-07
 Reference value :  2.56912e-07
 Reference value :  2.57012e-07
 Reference value :  2.57172e-07
 Reference value :  2.57262e-07
 Reference value :  2.57367e-07
 Reference value :  2.57507e-07
 Reference value :  2.57627e-07
 Reference value :  2.57715e-07
 Reference value :  2.57727e-07
 Reference value :  2.57781e-07
 Reference value :  2.57841e-07
 Reference value :  2.58081e-07
 Reference value :  2.58175e-07
 Reference value :  2.58356e-07
 Reference value :  2.58516e-07
 Reference value :  2.58626e-07
 Reference value :  2.58790e-07
 Reference value :  2.59010e-07
 Reference value :  2.59205e-07
 Reference value :  2.59502e-07
 Reference value :  2.59599e-07
 Reference value :  2.59939e-07
 Reference value :  2.60154e-07
 Reference value :  2.60411e-07
 Reference value :  2.60588e-07
 Reference value :  2.60896e-07
 Reference value :  2.61163e-07
 Reference value :  2.61363e-07
 Reference value :  2.61637e-07
 Reference value :  2.61832e-07
 Reference value :  2.62152e-07
 Reference value :  2.62346e-07
 Reference value :  2.62566e-07
 Reference value :  2.62720e-07
 Reference value :  2.63021e-07
 Reference value :  2.63195e-07
 Reference value :  2.63495e-07
 Reference value :  2.63667e-07
 Reference value :  2.63967e-07
 Reference value :  2.64144e-07
 Reference value :  2.64384e-07
 Reference value :  2.64534e-07
 Reference value :  2.64776e-07
 Reference value :  2.64989e-07
 Reference value :  2.65193e-07
 Reference value :  2.65441e-07
 Reference value :  2.65728e-07
 Reference value :  2.65908e-07
 Reference value :  2.66242e-07
 Reference value :  2.66417e-07
 Reference value :  2.66737e-07
 Reference value :  2.66911e-07
 Reference value :  2.67211e-07
 Reference value :  2.67406e-07
 Reference value :  2.67646e-07
 Reference value :  2.67840e-07
 Reference value :  2.68156e-07
 Reference value :  2.68375e-07
 Reference value :  2.68613e-07
 Reference value :  2.68869e-07
 Reference value :  2.69079e-07
 Reference value :  2.69364e-07
 Reference value :  2.69558e-07
 Reference value :  2.69878e-07
 Reference value :  2.70093e-07
 Reference value :  2.70393e-07
 Reference value :  2.70587e-07
 Reference value :  2.70882e-07
 Reference value :  2.71062e-07
 Reference value :  2.71337e-07
 Reference value :  2.71496e-07
 Reference value :  2.71795e-07
 Reference value :  2.71851e-07
 Reference value :  2.71891e-07
 Reference value :  2.72111e-07
 Reference value :  2.72258e-07
 Reference value :  2.72405e-07
 Reference value :  2.72505e-07
 Reference value :  2.72585e-07
 Reference value :  2.72740e-07
 Reference value :  2.73040e-07
 Reference value :  2.73173e-07
 Reference value :  2.73494e-07
 Reference value :  2.73709e-07
 Reference value :  2.74029e-07
 Reference value :  2.74089e-07
 Reference value :  2.74383e-07
 Reference value :  2.74530e-07
 Reference value :  2.74638e-07
 Reference value :  2.74818e-07
 Reference value :  2.74972e-07
 Reference value :  2.74985e-07
 Reference value :  2.74998e-07
 Reference value :  2.75192e-07
 Reference value :  2.75372e-07
 Reference value :  2.75567e-07
 Reference value :  2.75881e-07
 Reference value :  2.76021e-07
 Reference value :  2.76301e-07
 Reference value :  2.76496e-07
 Reference value :  2.76790e-07
 Reference value :  2.76970e-07
 Reference value :  2.77190e-07
 Reference value :  2.77260e-07
 Reference value :  2.77425e-07
 Reference value :  2.77585e-07
 Reference value :  2.77708e-07
 Reference value :  2.77819e-07
 Reference value :  2.77959e-07
 Reference value :  2.78119e-07
 Reference value :  2.78214e-07
 Reference value :  2.78374e-07
 Reference value :  2.78574e-07
 Reference value :  2.78768e-07
 Reference value :  2.79075e-07
 Reference value :  2.79343e-07
 Reference value :  2.79557e-07
 Reference value :  2.79677e-07
 Reference value :  2.79897e-07
 Reference value :  2.80072e-07
 Reference value :  2.80272e-07
 Reference value :  2.80445e-07
 Reference value :  2.80706e-07
 Reference value :  2.80941e-07
 Reference value :  2.81201e-07
 Reference value :  2.81361e-07
 Reference value :  2.81575e-07
 Reference value :  2.81773e-07
 Reference value :  2.81930e-07
 Reference value :  2.82227e-07
 Reference value :  2.82424e-07
 Reference value :  2.82711e-07
 Reference value :  2.82739e-07
 Reference value :  2.82979e-07
 Reference value :  2.83166e-07
 Reference value :  2.83293e-07
 Reference value :  2.83609e-07
 Reference value :  2.83728e-07
 Reference value :  2.83888e-07
 Reference value :  2.84064e-07
 Reference value :  2.84282e-07
 Reference value :  2.84525e-07
 Reference value :  2.84777e-07
 Reference value :  2.84985e-07
 Reference value :  2.85111e-07
 Reference value :  2.85231e-07
 Reference value :  2.85430e-07
 Reference value :  2.85646e-07
 Reference value :  2.85893e-07
 Reference value :  2.86120e-07
 Reference value :  2.86348e-07
 Reference value :  2.86555e-07
 Reference value :  2.86655e-07
 Reference value :  2.86755e-07
 Reference value :  2.86949e-07
 Reference value :  2.87252e-07
 Reference value :  2.87504e-07
 Reference value :  2.87714e-07
 Reference value :  2.87898e-07
 Reference value :  2.88058e-07
 Reference value :  2.88213e-07
 Reference value :  2.88513e-07
 Reference value :  2.88667e-07
 Reference value :  2.89007e-07
 Reference value :  2.89142e-07
 Reference value :  2.89442e-07
 Reference value :  2.89535e-07
 Reference value :  2.89816e-07
 Reference value :  2.90011e-07
 Reference value :  2.90291e-07
 Reference value :  2.90451e-07
 Reference value :  2.90685e-07
 Reference value :  2.90892e-07
 Reference value :  2.91100e-07
 Reference value :  2.91240e-07
 Reference value :  2.91280e-07
 Reference value :  2.91317e-07
 Reference value :  2.91348e-07
 Reference value :  2.91494e-07
 Reference value :  2.91574e-07
 Reference value :  2.91614e-07
 Reference value :  2.91674e-07
 Reference value :  2.91789e-07
 Reference value :  2.92009e-07
 Reference value :  2.92069e-07
 Reference value :  2.92256e-07
 Reference value :  2.92523e-07
 Reference value :  2.92758e-07
 Reference value :  2.93078e-07
 Reference value :  2.93272e-07
 Reference value :  2.93472e-07
 Reference value :  2.93608e-07
 Reference value :  2.93807e-07
 Reference value :  2.93927e-07
 Reference value :  2.94121e-07
 Reference value :  2.94361e-07
 Reference value :  2.94613e-07
 Reference value :  2.94893e-07
 Reference value :  2.95090e-07
 Reference value :  2.95290e-07
 Reference value :  2.95462e-07
 Reference value :  2.95762e-07
 Reference value :  2.95959e-07
 Reference value :  2.96317e-07
 Reference value :  2.96454e-07
 Reference value :  2.96594e-07
 Reference value :  2.96789e-07
 Reference value :  2.96988e-07
 Reference value :  2.97251e-07
 Reference value :  2.97483e-07
 Reference value :  2.97706e-07
 Reference value :  2.97857e-07
 Reference value :  2.98097e-07
 Reference value :  2.98292e-07
 Reference value :  2.98607e-07
 Reference value :  2.98806e-07
 Reference value :  2.99061e-07
 Reference value :  2.99281e-07
 Reference value :  2.99481e-07
 Reference value :  2.99555e-07
 Reference value :  2.99855e-07
No. of Data Rows : 19790
sim/harness: analysis complete
Note: Simulation executed from .control section 
Note: Starting dynamic gmin stepping
Note: Dynamic gmin stepping completed
