
Note: Compatibility modes selected: hs a


Circuit: ** sch_path: /home/ubuntu/loom-workspaces/sky130-pll/.loom/worktrees/issue-129/sim/divider/testbench/tb_divider.sch

option SCALE: Scale is set to 1e-06 for instance and model parameters
option SCALE: Scale is set to 1e-06 for instance and model parameters
option SCALE: Scale is set to 1e-06 for instance and model parameters
option SCALE: Scale is set to 1e-06 for instance and model parameters
Doing analysis at TEMP = -40.000000 and TNOM = 27.000000

Using KLU as Direct Linear Solver
 Reference value :  0.00000e+00
 Reference value :  7.73000e-11
 Reference value :  4.54500e-10
 Reference value :  5.94125e-10
 Reference value :  7.54125e-10
 Reference value :  9.27625e-10
 Reference value :  1.20862e-09
 Reference value :  1.42312e-09
 Reference value :  1.60312e-09
 Reference value :  1.72312e-09
 Reference value :  1.85762e-09
 Reference value :  2.01762e-09
 Reference value :  2.15762e-09
 Reference value :  2.27375e-09
 Reference value :  2.28588e-09
 Reference value :  2.29812e-09
 Reference value :  2.35212e-09
 Reference value :  2.39212e-09
 Reference value :  2.43212e-09
 Reference value :  2.49212e-09
 Reference value :  2.55212e-09
 Reference value :  2.59212e-09
 Reference value :  2.65212e-09
 Reference value :  2.73512e-09
 Reference value :  2.74562e-09
 Reference value :  2.78662e-09
 Reference value :  2.82662e-09
 Reference value :  2.88662e-09
 Reference value :  3.18525e-09
 Reference value :  3.40112e-09
 Reference value :  3.67563e-09
 Reference value :  3.79563e-09
 Reference value :  3.93563e-09
 Reference value :  3.99563e-09
 Reference value :  4.05563e-09
 Reference value :  4.09175e-09
 Reference value :  4.10300e-09
 Reference value :  4.10912e-09
 Reference value :  4.15013e-09
 Reference value :  4.19013e-09
 Reference value :  4.23013e-09
 Reference value :  4.27013e-09
 Reference value :  4.33013e-09
 Reference value :  4.39013e-09
 Reference value :  4.43013e-09
 Reference value :  4.47013e-09
 Reference value :  4.52756e-09
 Reference value :  4.54875e-09
 Reference value :  4.55837e-09
 Reference value :  4.57062e-09
 Reference value :  4.60463e-09
 Reference value :  4.64463e-09
 Reference value :  4.72463e-09
 Reference value :  4.84463e-09
 Reference value :  5.00220e-09
 Reference value :  5.11542e-09
 Reference value :  5.29542e-09
 Reference value :  5.49362e-09
 Reference value :  5.81363e-09
 Reference value :  5.91662e-09
 Reference value :  6.00200e-09
 Reference value :  6.13000e-09
 Reference value :  6.25000e-09
 Reference value :  6.37550e-09
 Reference value :  6.48263e-09
 Reference value :  6.66263e-09
 Reference value :  6.81750e-09
 Reference value :  6.83263e-09
 Reference value :  6.85712e-09
 Reference value :  7.09713e-09
 Reference value :  7.27575e-09
 Reference value :  7.49163e-09
 Reference value :  7.67162e-09
 Reference value :  7.86612e-09
 Reference value :  8.06612e-09
 Reference value :  8.28062e-09
 Reference value :  8.54062e-09
 Reference value :  8.64800e-09
 Reference value :  8.77513e-09
 Reference value :  9.09125e-09
 Reference value :  9.28962e-09
 Reference value :  9.55962e-09
 Reference value :  9.82412e-09
 Reference value :  1.00176e-08
 Reference value :  1.02386e-08
 Reference value :  1.03786e-08
 Reference value :  1.05731e-08
 Reference value :  1.09092e-08
 Reference value :  1.11276e-08
 Reference value :  1.13637e-08
 Reference value :  1.14221e-08
 Reference value :  1.15821e-08
 Reference value :  1.18356e-08
 Reference value :  1.21166e-08
 Reference value :  1.22971e-08
 Reference value :  1.25911e-08
 Reference value :  1.27394e-08
 Reference value :  1.28456e-08
 Reference value :  1.31056e-08
 Reference value :  1.33001e-08
 Reference value :  1.35601e-08
 Reference value :  1.36350e-08
 Reference value :  1.36431e-08
 Reference value :  1.36501e-08
 Reference value :  1.37146e-08
 Reference value :  1.38946e-08
 Reference value :  1.40146e-08
 Reference value :  1.40895e-08
 Reference value :  1.41020e-08
 Reference value :  1.41081e-08
 Reference value :  1.41891e-08
 Reference value :  1.42691e-08
 Reference value :  1.43091e-08
 Reference value :  1.45591e-08
 Reference value :  1.46836e-08
 Reference value :  1.49236e-08
 Reference value :  1.50981e-08
 Reference value :  1.53581e-08
 Reference value :  1.55726e-08
 Reference value :  1.58326e-08
 Reference value :  1.59671e-08
 Reference value :  1.60671e-08
 Reference value :  1.61271e-08
 Reference value :  1.63876e-08
 Reference value :  1.66416e-08
 Reference value :  1.68290e-08
 Reference value :  1.69161e-08
 Reference value :  1.72161e-08
 Reference value :  1.72843e-08
 Reference value :  1.75483e-08
 Reference value :  1.77406e-08
 Reference value :  1.79051e-08
 Reference value :  1.80851e-08
 Reference value :  1.82396e-08
 Reference value :  1.84996e-08
 Reference value :  1.86741e-08
 Reference value :  1.89141e-08
 Reference value :  1.90950e-08
 Reference value :  1.91663e-08
 Reference value :  1.92663e-08
 Reference value :  1.94063e-08
 Reference value :  1.95249e-08
 Reference value :  1.95516e-08
 Reference value :  1.95621e-08
 Reference value :  1.97031e-08
 Reference value :  1.99631e-08
 Reference value :  2.00976e-08
 Reference value :  2.01776e-08
 Reference value :  2.03976e-08
 Reference value :  2.05521e-08
 Reference value :  2.06321e-08
 Reference value :  2.08721e-08
 Reference value :  2.10443e-08
 Reference value :  2.12843e-08
 Reference value :  2.14811e-08
 Reference value :  2.17986e-08
 Reference value :  2.18346e-08
 Reference value :  2.20156e-08
 Reference value :  2.22705e-08
 Reference value :  2.24301e-08
 Reference value :  2.27310e-08
 Reference value :  2.28823e-08
 Reference value :  2.31609e-08
 Reference value :  2.33591e-08
 Reference value :  2.36491e-08
 Reference value :  2.39136e-08
 Reference value :  2.41010e-08
 Reference value :  2.42481e-08
 Reference value :  2.43681e-08
 Reference value :  2.46003e-08
 Reference value :  2.48603e-08
 Reference value :  2.50231e-08
 Reference value :  2.52571e-08
 Reference value :  2.54706e-08
 Reference value :  2.57316e-08
 Reference value :  2.59199e-08
 Reference value :  2.61261e-08
 Reference value :  2.62861e-08
 Reference value :  2.65183e-08
 Reference value :  2.67583e-08
 Reference value :  2.68411e-08
 Reference value :  2.69351e-08
 Reference value :  2.72351e-08
 Reference value :  2.73496e-08
 Reference value :  2.75896e-08
 Reference value :  2.77841e-08
 Reference value :  2.79841e-08
 Reference value :  2.81923e-08
 Reference value :  2.83963e-08
 Reference value :  2.85163e-08
 Reference value :  2.86931e-08
 Reference value :  2.89931e-08
 Reference value :  2.92076e-08
 Reference value :  2.94876e-08
 Reference value :  2.96421e-08
 Reference value :  2.98621e-08
 Reference value :  3.00366e-08
 Reference value :  3.02366e-08
 Reference value :  3.03966e-08
 Reference value :  3.04649e-08
 Reference value :  3.06111e-08
 Reference value :  3.07111e-08
 Reference value :  3.07711e-08
 Reference value :  3.08311e-08
 Reference value :  3.08886e-08
 Reference value :  3.09185e-08
 Reference value :  3.09456e-08
 Reference value :  3.11056e-08
 Reference value :  3.12256e-08
 Reference value :  3.12856e-08
 Reference value :  3.13256e-08
 Reference value :  3.15001e-08
 Reference value :  3.17976e-08
 Reference value :  3.18746e-08
 Reference value :  3.21346e-08
 Reference value :  3.23691e-08
 Reference value :  3.27252e-08
 Reference value :  3.27426e-08
 Reference value :  3.28436e-08
 Reference value :  3.29236e-08
 Reference value :  3.30636e-08
 Reference value :  3.31936e-08
 Reference value :  3.33581e-08
 Reference value :  3.35981e-08
 Reference value :  3.36390e-08
 Reference value :  3.36703e-08
 Reference value :  3.37303e-08
 Reference value :  3.37903e-08
 Reference value :  3.38703e-08
 Reference value :  3.39903e-08
 Reference value :  3.41671e-08
 Reference value :  3.44671e-08
 Reference value :  3.46416e-08
 Reference value :  3.49616e-08
 Reference value :  3.50961e-08
 Reference value :  3.54522e-08
 Reference value :  3.56106e-08
 Reference value :  3.58881e-08
 Reference value :  3.60651e-08
 Reference value :  3.63051e-08
 Reference value :  3.64596e-08
 Reference value :  3.66996e-08
 Reference value :  3.68296e-08
 Reference value :  3.70341e-08
 Reference value :  3.72871e-08
 Reference value :  3.75463e-08
 Reference value :  3.76663e-08
 Reference value :  3.77316e-08
 Reference value :  3.78231e-08
 Reference value :  3.80831e-08
 Reference value :  3.82576e-08
 Reference value :  3.85376e-08
 Reference value :  3.86921e-08
 Reference value :  3.89521e-08
 Reference value :  3.91466e-08
 Reference value :  3.94266e-08
 Reference value :  3.95671e-08
 Reference value :  3.97811e-08
 Reference value :  4.00111e-08
 Reference value :  4.02756e-08
 Reference value :  4.04761e-08
 Reference value :  4.07701e-08
 Reference value :  4.09295e-08
 Reference value :  4.12023e-08
 Reference value :  4.13720e-08
 Reference value :  4.14791e-08
 Reference value :  4.17391e-08
 Reference value :  4.19336e-08
 Reference value :  4.21736e-08
 Reference value :  4.22766e-08
 Reference value :  4.22941e-08
 Reference value :  4.25081e-08
 Reference value :  4.27268e-08
 Reference value :  4.28226e-08
 Reference value :  4.28826e-08
 Reference value :  4.31026e-08
 Reference value :  4.31900e-08
 Reference value :  4.33971e-08
 Reference value :  4.36401e-08
 Reference value :  4.38516e-08
 Reference value :  4.40946e-08
 Reference value :  4.43261e-08
 Reference value :  4.45806e-08
 Reference value :  4.48406e-08
 Reference value :  4.49606e-08
 Reference value :  4.50106e-08
 Reference value :  4.51751e-08
 Reference value :  4.53951e-08
 Reference value :  4.55073e-08
 Reference value :  4.57273e-08
 Reference value :  4.58273e-08
 Reference value :  4.58673e-08
 Reference value :  4.59301e-08
 Reference value :  4.61241e-08
 Reference value :  4.63241e-08
 Reference value :  4.63715e-08
 Reference value :  4.63846e-08
 Reference value :  4.64186e-08
 Reference value :  4.64586e-08
 Reference value :  4.65186e-08
 Reference value :  4.66386e-08
 Reference value :  4.67586e-08
 Reference value :  4.68147e-08
 Reference value :  4.68260e-08
 Reference value :  4.69131e-08
 Reference value :  4.70531e-08
 Reference value :  4.71731e-08
 Reference value :  4.73276e-08
 Reference value :  4.74876e-08
 Reference value :  4.75276e-08
 Reference value :  4.75676e-08
 Reference value :  4.76076e-08
 Reference value :  4.76276e-08
 Reference value :  4.76476e-08
 Reference value :  4.76876e-08
 Reference value :  4.77237e-08
 Reference value :  4.77350e-08
 Reference value :  4.77376e-08
 Reference value :  4.77481e-08
 Reference value :  4.78021e-08
 Reference value :  4.78421e-08
 Reference value :  4.78821e-08
 Reference value :  4.80821e-08
 Reference value :  4.82366e-08
 Reference value :  4.83566e-08
 Reference value :  4.83966e-08
 Reference value :  4.84366e-08
 Reference value :  4.85566e-08
 Reference value :  4.85966e-08
 Reference value :  4.86315e-08
 Reference value :  4.86396e-08
 Reference value :  4.86911e-08
 Reference value :  4.89711e-08
 Reference value :  4.91233e-08
 Reference value :  4.94033e-08
 Reference value :  4.95418e-08
 Reference value :  4.95591e-08
 Reference value :  4.96201e-08
 Reference value :  4.97001e-08
 Reference value :  4.98401e-08
 Reference value :  4.99988e-08
 Reference value :  5.00136e-08
 Reference value :  5.00346e-08
 Reference value :  5.01746e-08
 Reference value :  5.02146e-08
 Reference value :  5.03746e-08
 Reference value :  5.04576e-08
 Reference value :  5.06691e-08
 Reference value :  5.08866e-08
 Reference value :  5.10436e-08
 Reference value :  5.12836e-08
 Reference value :  5.14981e-08
 Reference value :  5.18142e-08
 Reference value :  5.18255e-08
 Reference value :  5.20326e-08
 Reference value :  5.22800e-08
 Reference value :  5.24671e-08
 Reference value :  5.26871e-08
 Reference value :  5.28793e-08
 Reference value :  5.29393e-08
 Reference value :  5.31193e-08
 Reference value :  5.32961e-08
 Reference value :  5.36310e-08
 Reference value :  5.38106e-08
 Reference value :  5.40855e-08
 Reference value :  5.42651e-08
 Reference value :  5.45438e-08
 Reference value :  5.46596e-08
 Reference value :  5.49196e-08
 Reference value :  5.51141e-08
 Reference value :  5.54490e-08
 Reference value :  5.56486e-08
 Reference value :  5.58286e-08
 Reference value :  5.60031e-08
 Reference value :  5.63231e-08
 Reference value :  5.65153e-08
 Reference value :  5.68125e-08
 Reference value :  5.69721e-08
 Reference value :  5.72751e-08
 Reference value :  5.75066e-08
 Reference value :  5.76666e-08
 Reference value :  5.78811e-08
 Reference value :  5.81772e-08
 Reference value :  5.83356e-08
 Reference value :  5.85756e-08
 Reference value :  5.87701e-08
 Reference value :  5.89701e-08
 Reference value :  5.91246e-08
 Reference value :  5.94046e-08
 Reference value :  5.95651e-08
 Reference value :  5.96191e-08
 Reference value :  5.98191e-08
 Reference value :  6.00065e-08
 Reference value :  6.01136e-08
 Reference value :  6.02936e-08
 Reference value :  6.04485e-08
 Reference value :  6.04610e-08
 Reference value :  6.05881e-08
 Reference value :  6.08681e-08
 Reference value :  6.10626e-08
 Reference value :  6.13401e-08
 Reference value :  6.15571e-08
 Reference value :  6.18201e-08
 Reference value :  6.19116e-08
 Reference value :  6.20116e-08
 Reference value :  6.20516e-08
 Reference value :  6.21116e-08
 Reference value :  6.22746e-08
 Reference value :  6.24061e-08
 Reference value :  6.24461e-08
 Reference value :  6.27247e-08
 Reference value :  6.29206e-08
 Reference value :  6.31755e-08
 Reference value :  6.33551e-08
 Reference value :  6.36486e-08
 Reference value :  6.37096e-08
 Reference value :  6.38296e-08
 Reference value :  6.40671e-08
 Reference value :  6.42441e-08
 Reference value :  6.45402e-08
 Reference value :  6.47586e-08
 Reference value :  6.49586e-08
 Reference value :  6.50086e-08
 Reference value :  6.51731e-08
 Reference value :  6.54614e-08
 Reference value :  6.57276e-08
 Reference value :  6.59025e-08
 Reference value :  6.59281e-08
 Reference value :  6.59621e-08
 Reference value :  6.60821e-08
 Reference value :  6.62621e-08
 Reference value :  6.63751e-08
 Reference value :  6.65543e-08
 Reference value :  6.65943e-08
 Reference value :  6.66543e-08
 Reference value :  6.68371e-08
 Reference value :  6.70511e-08
 Reference value :  6.71911e-08
 Reference value :  6.73656e-08
 Reference value :  6.74656e-08
 Reference value :  6.76856e-08
 Reference value :  6.78401e-08
 Reference value :  6.79801e-08
 Reference value :  6.82146e-08
 Reference value :  6.84946e-08
 Reference value :  6.86891e-08
 Reference value :  6.90091e-08
 Reference value :  6.92236e-08
 Reference value :  6.94036e-08
 Reference value :  6.95211e-08
 Reference value :  6.96181e-08
 Reference value :  6.97981e-08
 Reference value :  6.99930e-08
 Reference value :  7.00726e-08
 Reference value :  7.02526e-08
 Reference value :  7.04126e-08
 Reference value :  7.04512e-08
 Reference value :  7.04609e-08
 Reference value :  7.05071e-08
 Reference value :  7.05471e-08
 Reference value :  7.05871e-08
 Reference value :  7.06271e-08
 Reference value :  7.07071e-08
 Reference value :  7.07671e-08
 Reference value :  7.09020e-08
 Reference value :  7.09206e-08
 Reference value :  7.10016e-08
 Reference value :  7.11016e-08
 Reference value :  7.12016e-08
 Reference value :  7.13565e-08
 Reference value :  7.13699e-08
 Reference value :  7.13821e-08
 Reference value :  7.14161e-08
 Reference value :  7.14361e-08
 Reference value :  7.14761e-08
 Reference value :  7.14961e-08
 Reference value :  7.15361e-08
 Reference value :  7.15761e-08
 Reference value :  7.15961e-08
 Reference value :  7.16561e-08
 Reference value :  7.17161e-08
 Reference value :  7.17561e-08
 Reference value :  7.18110e-08
 Reference value :  7.18191e-08
 Reference value :  7.18261e-08
 Reference value :  7.18366e-08
 Reference value :  7.18706e-08
 Reference value :  7.19106e-08
 Reference value :  7.19506e-08
 Reference value :  7.19906e-08
 Reference value :  7.20306e-08
 Reference value :  7.20706e-08
 Reference value :  7.21306e-08
 Reference value :  7.23251e-08
 Reference value :  7.25451e-08
 Reference value :  7.27796e-08
 Reference value :  7.30596e-08
 Reference value :  7.32001e-08
 Reference value :  7.32341e-08
 Reference value :  7.32741e-08
 Reference value :  7.33941e-08
 Reference value :  7.35341e-08
 Reference value :  7.36415e-08
 Reference value :  7.37663e-08
 Reference value :  7.38863e-08
 Reference value :  7.40649e-08
 Reference value :  7.41431e-08
 Reference value :  7.44031e-08
 Reference value :  7.45561e-08
 Reference value :  7.45753e-08
 Reference value :  7.45953e-08
 Reference value :  7.46353e-08
 Reference value :  7.46753e-08
 Reference value :  7.47153e-08
 Reference value :  7.47753e-08
 Reference value :  7.48553e-08
 Reference value :  7.48953e-08
 Reference value :  7.49353e-08
 Reference value :  7.49739e-08
 Reference value :  7.49962e-08
 Reference value :  7.50059e-08
 Reference value :  7.50181e-08
 Reference value :  7.50521e-08
 Reference value :  7.50721e-08
 Reference value :  7.50921e-08
 Reference value :  7.51321e-08
 Reference value :  7.51721e-08
 Reference value :  7.52121e-08
 Reference value :  7.52521e-08
 Reference value :  7.52721e-08
 Reference value :  7.52921e-08
 Reference value :  7.53321e-08
 Reference value :  7.53721e-08
 Reference value :  7.54507e-08
 Reference value :  7.55266e-08
 Reference value :  7.57466e-08
 Reference value :  7.59096e-08
 Reference value :  7.60211e-08
 Reference value :  7.62611e-08
 Reference value :  7.63816e-08
 Reference value :  7.65156e-08
 Reference value :  7.66556e-08
 Reference value :  7.68142e-08
 Reference value :  7.70101e-08
 Reference value :  7.72775e-08
 Reference value :  7.73646e-08
 Reference value :  7.75446e-08
 Reference value :  7.77329e-08
 Reference value :  7.78391e-08
 Reference value :  7.80991e-08
 Reference value :  7.82136e-08
 Reference value :  7.83536e-08
 Reference value :  7.85536e-08
 Reference value :  7.86111e-08
 Reference value :  7.87281e-08
 Reference value :  7.89281e-08
 Reference value :  7.90955e-08
 Reference value :  7.92226e-08
 Reference value :  7.92826e-08
 Reference value :  7.93426e-08
 Reference value :  7.95026e-08
 Reference value :  7.95631e-08
 Reference value :  7.96771e-08
 Reference value :  7.97971e-08
 Reference value :  7.99371e-08
 Reference value :  8.00106e-08
 Reference value :  8.01916e-08
 Reference value :  8.03316e-08
 Reference value :  8.04721e-08
 Reference value :  8.07461e-08
 Reference value :  8.09144e-08
 Reference value :  8.10806e-08
 Reference value :  8.12606e-08
 Reference value :  8.13636e-08
 Reference value :  8.14751e-08
 Reference value :  8.16351e-08
 Reference value :  8.17751e-08
 Reference value :  8.19273e-08
 Reference value :  8.21673e-08
 Reference value :  8.22779e-08
 Reference value :  8.23441e-08
 Reference value :  8.26441e-08
 Reference value :  8.28586e-08
 Reference value :  8.31186e-08
 Reference value :  8.32331e-08
 Reference value :  8.33531e-08
 Reference value :  8.34531e-08
 Reference value :  8.36536e-08
 Reference value :  8.39276e-08
 Reference value :  8.41081e-08
 Reference value :  8.44221e-08
 Reference value :  8.45966e-08
 Reference value :  8.46966e-08
 Reference value :  8.48166e-08
 Reference value :  8.49741e-08
 Reference value :  8.50711e-08
 Reference value :  8.52111e-08
 Reference value :  8.54460e-08
 Reference value :  8.54611e-08
 Reference value :  8.57256e-08
 Reference value :  8.59191e-08
 Reference value :  8.62001e-08
 Reference value :  8.64346e-08
 Reference value :  8.66946e-08
 Reference value :  8.68491e-08
 Reference value :  8.71091e-08
 Reference value :  8.73236e-08
 Reference value :  8.75236e-08
 Reference value :  8.77371e-08
 Reference value :  8.80581e-08
 Reference value :  8.82726e-08
 Reference value :  8.85526e-08
 Reference value :  8.87271e-08
 Reference value :  8.89671e-08
 Reference value :  8.91416e-08
 Reference value :  8.94216e-08
 Reference value :  8.95761e-08
 Reference value :  8.97761e-08
 Reference value :  8.99561e-08
 Reference value :  9.00483e-08
 Reference value :  9.02083e-08
 Reference value :  9.04083e-08
 Reference value :  9.04851e-08
 Reference value :  9.06451e-08
 Reference value :  9.06651e-08
 Reference value :  9.07051e-08
 Reference value :  9.07651e-08
 Reference value :  9.08251e-08
 Reference value :  9.08826e-08
 Reference value :  9.09037e-08
 Reference value :  9.09125e-08
 Reference value :  9.09151e-08
 Reference value :  9.09256e-08
 Reference value :  9.09596e-08
 Reference value :  9.09996e-08
 Reference value :  9.10996e-08
 Reference value :  9.11396e-08
 Reference value :  9.12396e-08
 Reference value :  9.12996e-08
 Reference value :  9.13371e-08
 Reference value :  9.13679e-08
 Reference value :  9.13801e-08
 Reference value :  9.14141e-08
 Reference value :  9.14541e-08
 Reference value :  9.15341e-08
 Reference value :  9.15741e-08
 Reference value :  9.16341e-08
 Reference value :  9.17541e-08
 Reference value :  9.18102e-08
 Reference value :  9.18215e-08
 Reference value :  9.18346e-08
 Reference value :  9.18686e-08
 Reference value :  9.19086e-08
 Reference value :  9.19486e-08
 Reference value :  9.19886e-08
 Reference value :  9.20286e-08
 Reference value :  9.20686e-08
 Reference value :  9.21086e-08
 Reference value :  9.21486e-08
 Reference value :  9.21886e-08
 Reference value :  9.22286e-08
 Reference value :  9.22635e-08
 Reference value :  9.22672e-08
 Reference value :  9.22769e-08
 Reference value :  9.22821e-08
 Reference value :  9.23031e-08
 Reference value :  9.23431e-08
 Reference value :  9.23831e-08
 Reference value :  9.24231e-08
 Reference value :  9.24631e-08
 Reference value :  9.25031e-08
 Reference value :  9.25431e-08
 Reference value :  9.25831e-08
 Reference value :  9.26231e-08
 Reference value :  9.26631e-08
 Reference value :  9.27180e-08
 Reference value :  9.27261e-08
 Reference value :  9.27314e-08
 Reference value :  9.27436e-08
 Reference value :  9.27776e-08
 Reference value :  9.28176e-08
 Reference value :  9.28576e-08
 Reference value :  9.28976e-08
 Reference value :  9.29376e-08
 Reference value :  9.29776e-08
 Reference value :  9.30176e-08
 Reference value :  9.30576e-08
 Reference value :  9.30776e-08
 Reference value :  9.31176e-08
 Reference value :  9.31725e-08
 Reference value :  9.31806e-08
 Reference value :  9.31876e-08
 Reference value :  9.32121e-08
 Reference value :  9.32521e-08
 Reference value :  9.32921e-08
 Reference value :  9.33321e-08
 Reference value :  9.33721e-08
 Reference value :  9.34521e-08
 Reference value :  9.35321e-08
 Reference value :  9.36096e-08
 Reference value :  9.36307e-08
 Reference value :  9.36395e-08
 Reference value :  9.36456e-08
 Reference value :  9.36666e-08
 Reference value :  9.37066e-08
 Reference value :  9.37666e-08
 Reference value :  9.38066e-08
 Reference value :  9.38466e-08
 Reference value :  9.38866e-08
 Reference value :  9.39266e-08
 Reference value :  9.39666e-08
 Reference value :  9.40066e-08
 Reference value :  9.40641e-08
 Reference value :  9.40852e-08
 Reference value :  9.40949e-08
 Reference value :  9.41071e-08
 Reference value :  9.41411e-08
 Reference value :  9.41811e-08
 Reference value :  9.42211e-08
 Reference value :  9.42611e-08
 Reference value :  9.43011e-08
 Reference value :  9.43411e-08
 Reference value :  9.44211e-08
 Reference value :  9.44811e-08
 Reference value :  9.45372e-08
 Reference value :  9.45485e-08
 Reference value :  9.45546e-08
 Reference value :  9.45756e-08
 Reference value :  9.45956e-08
 Reference value :  9.46356e-08
 Reference value :  9.46756e-08
 Reference value :  9.47156e-08
 Reference value :  9.47556e-08
 Reference value :  9.47956e-08
 Reference value :  9.48356e-08
 Reference value :  9.48756e-08
 Reference value :  9.49156e-08
 Reference value :  9.49556e-08
 Reference value :  9.49917e-08
 Reference value :  9.50030e-08
 Reference value :  9.50091e-08
 Reference value :  9.50301e-08
 Reference value :  9.50701e-08
 Reference value :  9.51101e-08
 Reference value :  9.51501e-08
 Reference value :  9.51901e-08
 Reference value :  9.52301e-08
 Reference value :  9.52901e-08
 Reference value :  9.53501e-08
 Reference value :  9.53901e-08
 Reference value :  9.54450e-08
 Reference value :  9.54531e-08
 Reference value :  9.54584e-08
 Reference value :  9.54706e-08
 Reference value :  9.55046e-08
 Reference value :  9.55446e-08
 Reference value :  9.55846e-08
 Reference value :  9.56246e-08
 Reference value :  9.56646e-08
 Reference value :  9.57046e-08
 Reference value :  9.57246e-08
 Reference value :  9.57646e-08
 Reference value :  9.58046e-08
 Reference value :  9.58246e-08
 Reference value :  9.58646e-08
 Reference value :  9.58995e-08
 Reference value :  9.59032e-08
 Reference value :  9.59120e-08
 Reference value :  9.59146e-08
 Reference value :  9.59251e-08
 Reference value :  9.59591e-08
 Reference value :  9.59991e-08
 Reference value :  9.60191e-08
 Reference value :  9.60591e-08
 Reference value :  9.60991e-08
 Reference value :  9.61191e-08
 Reference value :  9.61591e-08
 Reference value :  9.61791e-08
 Reference value :  9.62191e-08
 Reference value :  9.62591e-08
 Reference value :  9.62991e-08
 Reference value :  9.63191e-08
 Reference value :  9.63366e-08
 Reference value :  9.63665e-08
 Reference value :  9.63936e-08
 Reference value :  9.64736e-08
 Reference value :  9.64936e-08
 Reference value :  9.65336e-08
 Reference value :  9.65736e-08
 Reference value :  9.66136e-08
 Reference value :  9.66536e-08
 Reference value :  9.66936e-08
 Reference value :  9.67136e-08
 Reference value :  9.67336e-08
 Reference value :  9.67736e-08
 Reference value :  9.68097e-08
 Reference value :  9.68210e-08
 Reference value :  9.70881e-08
 Reference value :  9.73203e-08
 Reference value :  9.76003e-08
 Reference value :  9.77971e-08
 Reference value :  9.80171e-08
 Reference value :  9.81871e-08
 Reference value :  9.84116e-08
 Reference value :  9.86399e-08
 Reference value :  9.89261e-08
 Reference value :  9.91406e-08
 Reference value :  9.94606e-08
 Reference value :  9.96151e-08
 Reference value :  9.98951e-08
 Reference value :  1.00090e-07
 Reference value :  1.00370e-07
 Reference value :  1.00524e-07
 Reference value :  1.00882e-07
 Reference value :  1.01079e-07
 Reference value :  1.01353e-07
 Reference value :  1.01553e-07
 Reference value :  1.01821e-07
 Reference value :  1.02088e-07
 Reference value :  1.02278e-07
 Reference value :  1.02522e-07
 Reference value :  1.02777e-07
 Reference value :  1.03037e-07
 Reference value :  1.03251e-07
 Reference value :  1.03551e-07
 Reference value :  1.03746e-07
 Reference value :  1.04006e-07
 Reference value :  1.04200e-07
 Reference value :  1.04460e-07
 Reference value :  1.04575e-07
 Reference value :  1.04895e-07
 Reference value :  1.05029e-07
 Reference value :  1.05389e-07
 Reference value :  1.05561e-07
 Reference value :  1.05861e-07
 Reference value :  1.05998e-07
 Reference value :  1.06038e-07
 Reference value :  1.06353e-07
 Reference value :  1.06553e-07
 Reference value :  1.06816e-07
 Reference value :  1.07007e-07
 Reference value :  1.07288e-07
 Reference value :  1.07522e-07
 Reference value :  1.07732e-07
 Reference value :  1.07956e-07
 Reference value :  1.08184e-07
 Reference value :  1.08391e-07
 Reference value :  1.08627e-07
 Reference value :  1.08845e-07
 Reference value :  1.09095e-07
 Reference value :  1.09360e-07
 Reference value :  1.09547e-07
 Reference value :  1.09774e-07
 Reference value :  1.10029e-07
 Reference value :  1.10309e-07
 Reference value :  1.10503e-07
 Reference value :  1.10843e-07
 Reference value :  1.11058e-07
 Reference value :  1.11298e-07
 Reference value :  1.11492e-07
 Reference value :  1.11732e-07
 Reference value :  1.11847e-07
 Reference value :  1.12147e-07
 Reference value :  1.12287e-07
 Reference value :  1.12601e-07
 Reference value :  1.12793e-07
 Reference value :  1.13073e-07
 Reference value :  1.13250e-07
 Reference value :  1.13510e-07
 Reference value :  1.13725e-07
 Reference value :  1.13985e-07
 Reference value :  1.14179e-07
 Reference value :  1.14517e-07
 Reference value :  1.14714e-07
 Reference value :  1.14990e-07
 Reference value :  1.15188e-07
 Reference value :  1.15456e-07
 Reference value :  1.15623e-07
 Reference value :  1.15880e-07
 Reference value :  1.16057e-07
 Reference value :  1.16365e-07
 Reference value :  1.16592e-07
 Reference value :  1.16820e-07
 Reference value :  1.17026e-07
 Reference value :  1.17280e-07
 Reference value :  1.17541e-07
 Reference value :  1.17734e-07
 Reference value :  1.18015e-07
 Reference value :  1.18230e-07
 Reference value :  1.18530e-07
 Reference value :  1.18643e-07
 Reference value :  1.18864e-07
 Reference value :  1.19062e-07
 Reference value :  1.19239e-07
 Reference value :  1.19516e-07
 Reference value :  1.19693e-07
 Reference value :  1.19992e-07
 Reference value :  1.20188e-07
 Reference value :  1.20446e-07
 Reference value :  1.20602e-07
 Reference value :  1.20842e-07
 Reference value :  1.20957e-07
 Reference value :  1.21257e-07
 Reference value :  1.21431e-07
 Reference value :  1.21771e-07
 Reference value :  1.21866e-07
 Reference value :  1.22126e-07
 Reference value :  1.22276e-07
 Reference value :  1.22520e-07
 Reference value :  1.22755e-07
 Reference value :  1.22955e-07
 Reference value :  1.23195e-07
 Reference value :  1.23309e-07
 Reference value :  1.23449e-07
 Reference value :  1.23684e-07
 Reference value :  1.23944e-07
 Reference value :  1.24104e-07
 Reference value :  1.24418e-07
 Reference value :  1.24613e-07
 Reference value :  1.24893e-07
 Reference value :  1.25067e-07
 Reference value :  1.25367e-07
 Reference value :  1.25502e-07
 Reference value :  1.25682e-07
 Reference value :  1.25909e-07
 Reference value :  1.26176e-07
 Reference value :  1.26391e-07
 Reference value :  1.26671e-07
 Reference value :  1.26824e-07
 Reference value :  1.27025e-07
 Reference value :  1.27185e-07
 Reference value :  1.27272e-07
 Reference value :  1.27400e-07
 Reference value :  1.27620e-07
 Reference value :  1.27730e-07
 Reference value :  1.27874e-07
 Reference value :  1.28177e-07
 Reference value :  1.28209e-07
 Reference value :  1.28269e-07
 Reference value :  1.28309e-07
 Reference value :  1.28349e-07
 Reference value :  1.28389e-07
 Reference value :  1.28429e-07
 Reference value :  1.28469e-07
 Reference value :  1.28549e-07
 Reference value :  1.28589e-07
 Reference value :  1.28623e-07
 Reference value :  1.28627e-07
 Reference value :  1.28639e-07
 Reference value :  1.28663e-07
 Reference value :  1.28703e-07
 Reference value :  1.28723e-07
 Reference value :  1.28803e-07
 Reference value :  1.29023e-07
 Reference value :  1.29078e-07
 Reference value :  1.29090e-07
 Reference value :  1.29298e-07
 Reference value :  1.29541e-07
 Reference value :  1.29792e-07
 Reference value :  1.30013e-07
 Reference value :  1.30287e-07
 Reference value :  1.30454e-07
 Reference value :  1.30601e-07
 Reference value :  1.30897e-07
 Reference value :  1.31116e-07
 Reference value :  1.31359e-07
 Reference value :  1.31550e-07
 Reference value :  1.31823e-07
 Reference value :  1.32062e-07
 Reference value :  1.32275e-07
 Reference value :  1.32499e-07
 Reference value :  1.32771e-07
 Reference value :  1.33031e-07
 Reference value :  1.33228e-07
 Reference value :  1.33408e-07
 Reference value :  1.33624e-07
 Reference value :  1.33843e-07
 Reference value :  1.34023e-07
 Reference value :  1.34217e-07
 Reference value :  1.34477e-07
 Reference value :  1.34672e-07
 Reference value :  1.34932e-07
 Reference value :  1.35106e-07
 Reference value :  1.35346e-07
 Reference value :  1.35481e-07
 Reference value :  1.35741e-07
 Reference value :  1.35921e-07
 Reference value :  1.36135e-07
 Reference value :  1.36369e-07
 Reference value :  1.36410e-07
 Reference value :  1.36690e-07
 Reference value :  1.36904e-07
 Reference value :  1.37260e-07
 Reference value :  1.37439e-07
 Reference value :  1.37696e-07
 Reference value :  1.37853e-07
 Reference value :  1.38013e-07
 Reference value :  1.38151e-07
 Reference value :  1.38368e-07
 Reference value :  1.38624e-07
 Reference value :  1.38802e-07
 Reference value :  1.39085e-07
 Reference value :  1.39317e-07
 Reference value :  1.39514e-07
 Reference value :  1.39611e-07
 Reference value :  1.39891e-07
 Reference value :  1.40046e-07
 Reference value :  1.40366e-07
 Reference value :  1.40540e-07
 Reference value :  1.40878e-07
 Reference value :  1.41075e-07
 Reference value :  1.41332e-07
 Reference value :  1.41409e-07
 Reference value :  1.41529e-07
 Reference value :  1.41787e-07
 Reference value :  1.41944e-07
 Reference value :  1.42204e-07
 Reference value :  1.42418e-07
 Reference value :  1.42721e-07
 Reference value :  1.42873e-07
 Reference value :  1.42993e-07
 Reference value :  1.43186e-07
 Reference value :  1.43427e-07
 Reference value :  1.43626e-07
 Reference value :  1.43862e-07
 Reference value :  1.44089e-07
 Reference value :  1.44236e-07
 Reference value :  1.44416e-07
 Reference value :  1.44631e-07
 Reference value :  1.44911e-07
 Reference value :  1.45105e-07
 Reference value :  1.45423e-07
 Reference value :  1.45466e-07
 Reference value :  1.45580e-07
 Reference value :  1.45896e-07
 Reference value :  1.46114e-07
 Reference value :  1.46375e-07
 Reference value :  1.46649e-07
 Reference value :  1.46817e-07
 Reference value :  1.47103e-07
 Reference value :  1.47260e-07
 Reference value :  1.47435e-07
 Reference value :  1.47714e-07
 Reference value :  1.47852e-07
 Reference value :  1.48167e-07
 Reference value :  1.48304e-07
 Reference value :  1.48484e-07
 Reference value :  1.48647e-07
 Reference value :  1.48961e-07
 Reference value :  1.49156e-07
 Reference value :  1.49416e-07
 Reference value :  1.49531e-07
 Reference value :  1.49534e-07
 Reference value :  1.49630e-07
 Reference value :  1.49830e-07
 Reference value :  1.49989e-07
 Reference value :  1.50125e-07
 Reference value :  1.50325e-07
 Reference value :  1.50499e-07
 Reference value :  1.50839e-07
 Reference value :  1.51054e-07
 Reference value :  1.51274e-07
 Reference value :  1.51448e-07
 Reference value :  1.51568e-07
 Reference value :  1.51588e-07
 Reference value :  1.51818e-07
 Reference value :  1.52083e-07
 Reference value :  1.52283e-07
 Reference value :  1.52537e-07
 Reference value :  1.52792e-07
 Reference value :  1.52932e-07
 Reference value :  1.53132e-07
 Reference value :  1.53286e-07
 Reference value :  1.53566e-07
 Reference value :  1.53781e-07
 Reference value :  1.53941e-07
 Reference value :  1.54041e-07
 Reference value :  1.54235e-07
 Reference value :  1.54543e-07
 Reference value :  1.54770e-07
 Reference value :  1.54984e-07
 Reference value :  1.55084e-07
 Reference value :  1.55284e-07
 Reference value :  1.55499e-07
 Reference value :  1.55819e-07
 Reference value :  1.56013e-07
 Reference value :  1.56253e-07
 Reference value :  1.56448e-07
 Reference value :  1.56588e-07
 Reference value :  1.56806e-07
 Reference value :  1.56982e-07
 Reference value :  1.57240e-07
 Reference value :  1.57357e-07
 Reference value :  1.57557e-07
 Reference value :  1.57724e-07
 Reference value :  1.57891e-07
 Reference value :  1.58174e-07
 Reference value :  1.58386e-07
 Reference value :  1.58622e-07
 Reference value :  1.58760e-07
 Reference value :  1.59075e-07
 Reference value :  1.59255e-07
 Reference value :  1.59375e-07
 Reference value :  1.59512e-07
 Reference value :  1.59709e-07
 Reference value :  1.60003e-07
 Reference value :  1.60264e-07
 Reference value :  1.60464e-07
 Reference value :  1.60618e-07
 Reference value :  1.60897e-07
 Reference value :  1.61073e-07
 Reference value :  1.61330e-07
 Reference value :  1.61487e-07
 Reference value :  1.61814e-07
 Reference value :  1.61962e-07
 Reference value :  1.62102e-07
 Reference value :  1.62162e-07
 Reference value :  1.62272e-07
 Reference value :  1.62396e-07
 Reference value :  1.62536e-07
 Reference value :  1.62717e-07
 Reference value :  1.62748e-07
 Reference value :  1.63048e-07
 Reference value :  1.63225e-07
 Reference value :  1.63565e-07
 Reference value :  1.63757e-07
 Reference value :  1.63977e-07
 Reference value :  1.64194e-07
 Reference value :  1.64354e-07
 Reference value :  1.64533e-07
 Reference value :  1.64709e-07
 Reference value :  1.64987e-07
 Reference value :  1.65203e-07
 Reference value :  1.65464e-07
 Reference value :  1.65658e-07
 Reference value :  1.65818e-07
 Reference value :  1.65896e-07
 Reference value :  1.66032e-07
 Reference value :  1.66272e-07
 Reference value :  1.66407e-07
 Reference value :  1.66707e-07
 Reference value :  1.66901e-07
 Reference value :  1.67239e-07
 Reference value :  1.67436e-07
 Reference value :  1.67556e-07
 Reference value :  1.67726e-07
 Reference value :  1.67970e-07
 Reference value :  1.68205e-07
 Reference value :  1.68525e-07
 Reference value :  1.68659e-07
 Reference value :  1.68819e-07
 Reference value :  1.69086e-07
 Reference value :  1.69334e-07
 Reference value :  1.69542e-07
 Reference value :  1.69828e-07
 Reference value :  1.70009e-07
 Reference value :  1.70183e-07
 Reference value :  1.70283e-07
 Reference value :  1.70456e-07
 Reference value :  1.70717e-07
 Reference value :  1.70952e-07
 Reference value :  1.71252e-07
 Reference value :  1.71365e-07
 Reference value :  1.71426e-07
 Reference value :  1.71606e-07
 Reference value :  1.71802e-07
 Reference value :  1.72021e-07
 Reference value :  1.72259e-07
 Reference value :  1.72475e-07
 Reference value :  1.72693e-07
 Reference value :  1.72750e-07
 Reference value :  1.73030e-07
 Reference value :  1.73224e-07
 Reference value :  1.73544e-07
 Reference value :  1.73759e-07
 Reference value :  1.73999e-07
 Reference value :  1.74077e-07
 Reference value :  1.74173e-07
 Reference value :  1.74413e-07
 Reference value :  1.74628e-07
 Reference value :  1.74908e-07
 Reference value :  1.75122e-07
 Reference value :  1.75420e-07
 Reference value :  1.75497e-07
 Reference value :  1.75697e-07
 Reference value :  1.75907e-07
 Reference value :  1.76171e-07
 Reference value :  1.76386e-07
 Reference value :  1.76686e-07
 Reference value :  1.76816e-07
 Reference value :  1.76980e-07
 Reference value :  1.77259e-07
 Reference value :  1.77475e-07
 Reference value :  1.77575e-07
 Reference value :  1.77722e-07
 Reference value :  1.77949e-07
 Reference value :  1.78147e-07
 Reference value :  1.78284e-07
 Reference value :  1.78564e-07
 Reference value :  1.78778e-07
 Reference value :  1.79079e-07
 Reference value :  1.79310e-07
 Reference value :  1.79541e-07
 Reference value :  1.79553e-07
 Reference value :  1.79687e-07
 Reference value :  1.79907e-07
 Reference value :  1.80082e-07
 Reference value :  1.80362e-07
 Reference value :  1.80556e-07
 Reference value :  1.80891e-07
 Reference value :  1.80931e-07
 Reference value :  1.81071e-07
 Reference value :  1.81347e-07
 Reference value :  1.81545e-07
 Reference value :  1.81808e-07
 Reference value :  1.82040e-07
 Reference value :  1.82268e-07
 Reference value :  1.82514e-07
 Reference value :  1.82710e-07
 Reference value :  1.82889e-07
 Reference value :  1.83146e-07
 Reference value :  1.83343e-07
 Reference value :  1.83626e-07
 Reference value :  1.83818e-07
 Reference value :  1.83998e-07
 Reference value :  1.84085e-07
 Reference value :  1.84352e-07
 Reference value :  1.84567e-07
 Reference value :  1.84847e-07
 Reference value :  1.85041e-07
 Reference value :  1.85321e-07
 Reference value :  1.85516e-07
 Reference value :  1.85736e-07
 Reference value :  1.85930e-07
 Reference value :  1.86090e-07
 Reference value :  1.86371e-07
 Reference value :  1.86645e-07
 Reference value :  1.86839e-07
 Reference value :  1.87079e-07
 Reference value :  1.87255e-07
 Reference value :  1.87454e-07
 Reference value :  1.87654e-07
 Reference value :  1.87828e-07
 Reference value :  1.88163e-07
 Reference value :  1.88363e-07
 Reference value :  1.88621e-07
 Reference value :  1.88777e-07
 Reference value :  1.88997e-07
 Reference value :  1.89055e-07
 Reference value :  1.89232e-07
 Reference value :  1.89492e-07
 Reference value :  1.89686e-07
 Reference value :  1.89989e-07
 Reference value :  1.90161e-07
 Reference value :  1.90341e-07
 Reference value :  1.90401e-07
 Reference value :  1.90595e-07
 Reference value :  1.90890e-07
 Reference value :  1.91090e-07
 Reference value :  1.91360e-07
 Reference value :  1.91664e-07
 Reference value :  1.91812e-07
 Reference value :  1.91899e-07
 Reference value :  1.92199e-07
 Reference value :  1.92393e-07
 Reference value :  1.92720e-07
 Reference value :  1.92848e-07
 Reference value :  1.93128e-07
 Reference value :  1.93302e-07
 Reference value :  1.93600e-07
 Reference value :  1.93777e-07
 Reference value :  1.93977e-07
 Reference value :  1.94085e-07
 Reference value :  1.94211e-07
 Reference value :  1.94539e-07
 Reference value :  1.94763e-07
 Reference value :  1.94993e-07
 Reference value :  1.95180e-07
 Reference value :  1.95300e-07
 Reference value :  1.95461e-07
 Reference value :  1.95735e-07
 Reference value :  1.95915e-07
 Reference value :  1.96229e-07
 Reference value :  1.96444e-07
 Reference value :  1.96664e-07
 Reference value :  1.96838e-07
 Reference value :  1.97018e-07
 Reference value :  1.97279e-07
 Reference value :  1.97573e-07
 Reference value :  1.97767e-07
 Reference value :  1.98127e-07
 Reference value :  1.98302e-07
 Reference value :  1.98599e-07
 Reference value :  1.98756e-07
 Reference value :  1.99072e-07
 Reference value :  1.99291e-07
 Reference value :  1.99529e-07
 Reference value :  1.99725e-07
 Reference value :  1.99993e-07
 Reference value :  2.00260e-07
 Reference value :  2.00450e-07
 Reference value :  2.00674e-07
 Reference value :  2.00929e-07
 Reference value :  2.01209e-07
 Reference value :  2.01423e-07
 Reference value :  2.01763e-07
 Reference value :  2.01978e-07
 Reference value :  2.02235e-07
 Reference value :  2.02412e-07
 Reference value :  2.02672e-07
 Reference value :  2.02887e-07
 Reference value :  2.03163e-07
 Reference value :  2.03361e-07
 Reference value :  2.03631e-07
 Reference value :  2.03736e-07
 Reference value :  2.04036e-07
 Reference value :  2.04210e-07
 Reference value :  2.04450e-07
 Reference value :  2.04625e-07
 Reference value :  2.04925e-07
 Reference value :  2.05079e-07
 Reference value :  2.05159e-07
 Reference value :  2.05199e-07
 Reference value :  2.05434e-07
 Reference value :  2.05594e-07
 Reference value :  2.05871e-07
 Reference value :  2.06068e-07
 Reference value :  2.06248e-07
 Reference value :  2.06483e-07
 Reference value :  2.06703e-07
 Reference value :  2.06897e-07
 Reference value :  2.07235e-07
 Reference value :  2.07432e-07
 Reference value :  2.07672e-07
 Reference value :  2.07826e-07
 Reference value :  2.08144e-07
 Reference value :  2.08321e-07
 Reference value :  2.08598e-07
 Reference value :  2.08795e-07
 Reference value :  2.09089e-07
 Reference value :  2.09370e-07
 Reference value :  2.09550e-07
 Reference value :  2.09804e-07
 Reference value :  2.09992e-07
 Reference value :  2.10236e-07
 Reference value :  2.10442e-07
 Reference value :  2.10693e-07
 Reference value :  2.10928e-07
 Reference value :  2.11208e-07
 Reference value :  2.11402e-07
 Reference value :  2.11622e-07
 Reference value :  2.11810e-07
 Reference value :  2.11897e-07
 Reference value :  2.12197e-07
 Reference value :  2.12391e-07
 Reference value :  2.12714e-07
 Reference value :  2.12966e-07
 Reference value :  2.13169e-07
 Reference value :  2.13220e-07
 Reference value :  2.13460e-07
 Reference value :  2.13695e-07
 Reference value :  2.13995e-07
 Reference value :  2.14209e-07
 Reference value :  2.14524e-07
 Reference value :  2.14724e-07
 Reference value :  2.14982e-07
 Reference value :  2.15178e-07
 Reference value :  2.15459e-07
 Reference value :  2.15733e-07
 Reference value :  2.15927e-07
 Reference value :  2.16187e-07
 Reference value :  2.16422e-07
 Reference value :  2.16742e-07
 Reference value :  2.16916e-07
 Reference value :  2.17259e-07
 Reference value :  2.17411e-07
 Reference value :  2.17688e-07
 Reference value :  2.17865e-07
 Reference value :  2.18105e-07
 Reference value :  2.18179e-07
 Reference value :  2.18420e-07
 Reference value :  2.18630e-07
 Reference value :  2.18894e-07
 Reference value :  2.19129e-07
 Reference value :  2.19389e-07
 Reference value :  2.19583e-07
 Reference value :  2.19803e-07
 Reference value :  2.20038e-07
 Reference value :  2.20358e-07
 Reference value :  2.20532e-07
 Reference value :  2.20870e-07
 Reference value :  2.21027e-07
 Reference value :  2.21307e-07
 Reference value :  2.21401e-07
 Reference value :  2.21681e-07
 Reference value :  2.21896e-07
 Reference value :  2.22176e-07
 Reference value :  2.22390e-07
 Reference value :  2.22713e-07
 Reference value :  2.22965e-07
 Reference value :  2.23173e-07
 Reference value :  2.23399e-07
 Reference value :  2.23654e-07
 Reference value :  2.23834e-07
 Reference value :  2.24034e-07
 Reference value :  2.24228e-07
 Reference value :  2.24536e-07
 Reference value :  2.24783e-07
 Reference value :  2.24993e-07
 Reference value :  2.25217e-07
 Reference value :  2.25445e-07
 Reference value :  2.25729e-07
 Reference value :  2.25902e-07
 Reference value :  2.26186e-07
 Reference value :  2.26401e-07
 Reference value :  2.26701e-07
 Reference value :  2.26875e-07
 Reference value :  2.27155e-07
 Reference value :  2.27330e-07
 Reference value :  2.27610e-07
 Reference value :  2.27804e-07
 Reference value :  2.28142e-07
 Reference value :  2.28319e-07
 Reference value :  2.28579e-07
 Reference value :  2.28773e-07
 Reference value :  2.29068e-07
 Reference value :  2.29288e-07
 Reference value :  2.29531e-07
 Reference value :  2.29662e-07
 Reference value :  2.29989e-07
 Reference value :  2.30237e-07
 Reference value :  2.30445e-07
 Reference value :  2.30651e-07
 Reference value :  2.30905e-07
 Reference value :  2.31206e-07
 Reference value :  2.31400e-07
 Reference value :  2.31740e-07
 Reference value :  2.31915e-07
 Reference value :  2.32215e-07
 Reference value :  2.32369e-07
 Reference value :  2.32629e-07
 Reference value :  2.32764e-07
 Reference value :  2.32804e-07
 Reference value :  2.32944e-07
 Reference value :  2.33171e-07
 Reference value :  2.33378e-07
 Reference value :  2.33614e-07
 Reference value :  2.33833e-07
 Reference value :  2.34067e-07
 Reference value :  2.34227e-07
 Reference value :  2.34447e-07
 Reference value :  2.34622e-07
 Reference value :  2.34902e-07
 Reference value :  2.34978e-07
 Reference value :  2.35176e-07
 Reference value :  2.35439e-07
 Reference value :  2.35671e-07
 Reference value :  2.35894e-07
 Reference value :  2.36125e-07
 Reference value :  2.36366e-07
 Reference value :  2.36660e-07
 Reference value :  2.36894e-07
 Reference value :  2.37174e-07
 Reference value :  2.37389e-07
 Reference value :  2.37649e-07
 Reference value :  2.37863e-07
 Reference value :  2.38170e-07
 Reference value :  2.38418e-07
 Reference value :  2.38628e-07
 Reference value :  2.38852e-07
 Reference value :  2.39107e-07
 Reference value :  2.39387e-07
 Reference value :  2.39601e-07
 Reference value :  2.39921e-07
 Reference value :  2.40136e-07
 Reference value :  2.40276e-07
 Reference value :  2.40336e-07
 Reference value :  2.40444e-07
 Reference value :  2.40550e-07
 Reference value :  2.40710e-07
 Reference value :  2.40868e-07
 Reference value :  2.40925e-07
 Reference value :  2.40985e-07
 Reference value :  2.41265e-07
 Reference value :  2.41439e-07
 Reference value :  2.41795e-07
 Reference value :  2.41994e-07
 Reference value :  2.42194e-07
 Reference value :  2.42308e-07
 Reference value :  2.42488e-07
 Reference value :  2.42743e-07
 Reference value :  2.43023e-07
 Reference value :  2.43237e-07
 Reference value :  2.43557e-07
 Reference value :  2.43732e-07
 Reference value :  2.44032e-07
 Reference value :  2.44186e-07
 Reference value :  2.44504e-07
 Reference value :  2.44641e-07
 Reference value :  2.44921e-07
 Reference value :  2.45095e-07
 Reference value :  2.45355e-07
 Reference value :  2.45570e-07
 Reference value :  2.45850e-07
 Reference value :  2.46004e-07
 Reference value :  2.46284e-07
 Reference value :  2.46479e-07
 Reference value :  2.46739e-07
 Reference value :  2.46933e-07
 Reference value :  2.47256e-07
 Reference value :  2.47468e-07
 Reference value :  2.47711e-07
 Reference value :  2.47902e-07
 Reference value :  2.48157e-07
 Reference value :  2.48357e-07
 Reference value :  2.48615e-07
 Reference value :  2.48811e-07
 Reference value :  2.49085e-07
 Reference value :  2.49366e-07
 Reference value :  2.49539e-07
 Reference value :  2.49780e-07
 Reference value :  2.50015e-07
 Reference value :  2.50315e-07
 Reference value :  2.50431e-07
 Reference value :  2.50629e-07
 Reference value :  2.50899e-07
 Reference value :  2.51164e-07
 Reference value :  2.51351e-07
 Reference value :  2.51458e-07
 Reference value :  2.51558e-07
 Reference value :  2.51738e-07
 Reference value :  2.51819e-07
 Reference value :  2.51973e-07
 Reference value :  2.52153e-07
 Reference value :  2.52260e-07
 Reference value :  2.52427e-07
 Reference value :  2.52647e-07
 Reference value :  2.52862e-07
 Reference value :  2.53122e-07
 Reference value :  2.53296e-07
 Reference value :  2.53615e-07
 Reference value :  2.53671e-07
 Reference value :  2.53991e-07
 Reference value :  2.54165e-07
 Reference value :  2.54503e-07
 Reference value :  2.54640e-07
 Reference value :  2.54880e-07
 Reference value :  2.54993e-07
 Reference value :  2.55174e-07
 Reference value :  2.55412e-07
 Reference value :  2.55529e-07
 Reference value :  2.55809e-07
 Reference value :  2.55983e-07
 Reference value :  2.56339e-07
 Reference value :  2.56538e-07
 Reference value :  2.56794e-07
 Reference value :  2.56952e-07
 Reference value :  2.57132e-07
 Reference value :  2.57307e-07
 Reference value :  2.57387e-07
 Reference value :  2.57667e-07
 Reference value :  2.57841e-07
 Reference value :  2.58168e-07
 Reference value :  2.58396e-07
 Reference value :  2.58610e-07
 Reference value :  2.58750e-07
 Reference value :  2.59048e-07
 Reference value :  2.59245e-07
 Reference value :  2.59523e-07
 Reference value :  2.59759e-07
 Reference value :  2.60014e-07
 Reference value :  2.60314e-07
 Reference value :  2.60488e-07
 Reference value :  2.60808e-07
 Reference value :  2.61003e-07
 Reference value :  2.61263e-07
 Reference value :  2.61457e-07
 Reference value :  2.61717e-07
 Reference value :  2.61811e-07
 Reference value :  2.61952e-07
 Reference value :  2.62132e-07
 Reference value :  2.62306e-07
 Reference value :  2.62506e-07
 Reference value :  2.62546e-07
 Reference value :  2.62702e-07
 Reference value :  2.62921e-07
 Reference value :  2.63157e-07
 Reference value :  2.63355e-07
 Reference value :  2.63593e-07
 Reference value :  2.63827e-07
 Reference value :  2.64064e-07
 Reference value :  2.64204e-07
 Reference value :  2.64531e-07
 Reference value :  2.64696e-07
 Reference value :  2.64776e-07
 Reference value :  2.64987e-07
 Reference value :  2.65173e-07
 Reference value :  2.65441e-07
 Reference value :  2.65668e-07
 Reference value :  2.65898e-07
 Reference value :  2.66162e-07
 Reference value :  2.66397e-07
 Reference value :  2.66677e-07
 Reference value :  2.66871e-07
 Reference value :  2.67151e-07
 Reference value :  2.67346e-07
 Reference value :  2.67646e-07
 Reference value :  2.67840e-07
 Reference value :  2.68163e-07
 Reference value :  2.68355e-07
 Reference value :  2.68613e-07
 Reference value :  2.68789e-07
 Reference value :  2.69072e-07
 Reference value :  2.69264e-07
 Reference value :  2.69404e-07
 Reference value :  2.69598e-07
 Reference value :  2.69938e-07
 Reference value :  2.70153e-07
 Reference value :  2.70293e-07
 Reference value :  2.70453e-07
 Reference value :  2.70707e-07
 Reference value :  2.70901e-07
 Reference value :  2.71202e-07
 Reference value :  2.71362e-07
 Reference value :  2.71696e-07
 Reference value :  2.71871e-07
 Reference value :  2.72151e-07
 Reference value :  2.72325e-07
 Reference value :  2.72605e-07
 Reference value :  2.72820e-07
 Reference value :  2.73100e-07
 Reference value :  2.73314e-07
 Reference value :  2.73610e-07
 Reference value :  2.73729e-07
 Reference value :  2.73909e-07
 Reference value :  2.74076e-07
 Reference value :  2.74223e-07
 Reference value :  2.74423e-07
 Reference value :  2.74537e-07
 Reference value :  2.74658e-07
 Reference value :  2.74858e-07
 Reference value :  2.75012e-07
 Reference value :  2.75112e-07
 Reference value :  2.75428e-07
 Reference value :  2.75607e-07
 Reference value :  2.75883e-07
 Reference value :  2.76041e-07
 Reference value :  2.76281e-07
 Reference value :  2.76456e-07
 Reference value :  2.76773e-07
 Reference value :  2.76930e-07
 Reference value :  2.77257e-07
 Reference value :  2.77505e-07
 Reference value :  2.77715e-07
 Reference value :  2.77959e-07
 Reference value :  2.78155e-07
 Reference value :  2.78294e-07
 Reference value :  2.78514e-07
 Reference value :  2.78688e-07
 Reference value :  2.79028e-07
 Reference value :  2.79223e-07
 Reference value :  2.79517e-07
 Reference value :  2.79657e-07
 Reference value :  2.79877e-07
 Reference value :  2.79998e-07
 Reference value :  2.80292e-07
 Reference value :  2.80466e-07
 Reference value :  2.80806e-07
 Reference value :  2.81001e-07
 Reference value :  2.81281e-07
 Reference value :  2.81475e-07
 Reference value :  2.81773e-07
 Reference value :  2.81970e-07
 Reference value :  2.82253e-07
 Reference value :  2.82504e-07
 Reference value :  2.82759e-07
 Reference value :  2.83059e-07
 Reference value :  2.83273e-07
 Reference value :  2.83591e-07
 Reference value :  2.83788e-07
 Reference value :  2.84028e-07
 Reference value :  2.84202e-07
 Reference value :  2.84500e-07
 Reference value :  2.84697e-07
 Reference value :  2.84937e-07
 Reference value :  2.84990e-07
 Reference value :  2.85331e-07
 Reference value :  2.85526e-07
 Reference value :  2.85766e-07
 Reference value :  2.85906e-07
 Reference value :  2.86120e-07
 Reference value :  2.86318e-07
 Reference value :  2.86475e-07
 Reference value :  2.86735e-07
 Reference value :  2.86889e-07
 Reference value :  2.87245e-07
 Reference value :  2.87444e-07
 Reference value :  2.87700e-07
 Reference value :  2.87838e-07
 Reference value :  2.88153e-07
 Reference value :  2.88373e-07
 Reference value :  2.88611e-07
 Reference value :  2.88847e-07
 Reference value :  2.89088e-07
 Reference value :  2.89382e-07
 Reference value :  2.89520e-07
 Reference value :  2.89736e-07
 Reference value :  2.89986e-07
 Reference value :  2.90251e-07
 Reference value :  2.90451e-07
 Reference value :  2.90745e-07
 Reference value :  2.90940e-07
 Reference value :  2.91240e-07
 Reference value :  2.91434e-07
 Reference value :  2.91754e-07
 Reference value :  2.91929e-07
 Reference value :  2.92226e-07
 Reference value :  2.92383e-07
 Reference value :  2.92710e-07
 Reference value :  2.92758e-07
 Reference value :  2.92898e-07
 Reference value :  2.93078e-07
 Reference value :  2.93192e-07
 Reference value :  2.93352e-07
 Reference value :  2.93492e-07
 Reference value :  2.93572e-07
 Reference value :  2.93647e-07
 Reference value :  2.93887e-07
 Reference value :  2.93967e-07
 Reference value :  2.94007e-07
 Reference value :  2.94070e-07
 Reference value :  2.94077e-07
 Reference value :  2.94201e-07
 Reference value :  2.94481e-07
 Reference value :  2.94553e-07
 Reference value :  2.94773e-07
 Reference value :  2.94853e-07
 Reference value :  2.94979e-07
 Reference value :  2.95190e-07
 Reference value :  2.95449e-07
 Reference value :  2.95702e-07
 Reference value :  2.95905e-07
 Reference value :  2.96199e-07
 Reference value :  2.96394e-07
 Reference value :  2.96694e-07
 Reference value :  2.96848e-07
 Reference value :  2.97088e-07
 Reference value :  2.97251e-07
 Reference value :  2.97503e-07
 Reference value :  2.97710e-07
 Reference value :  2.97977e-07
 Reference value :  2.98212e-07
 Reference value :  2.98452e-07
 Reference value :  2.98646e-07
 Reference value :  2.98906e-07
 Reference value :  2.99141e-07
 Reference value :  2.99401e-07
 Reference value :  2.99615e-07
 Reference value :  2.99971e-07
No. of Data Rows : 19790
sim/harness: analysis complete
Note: Simulation executed from .control section 
