
Note: Compatibility modes selected: hs a


Circuit: ** sch_path: /home/ubuntu/loom-workspaces/sky130-pll/.loom/worktrees/issue-129/sim/divider/testbench/tb_divider.sch

option SCALE: Scale is set to 1e-06 for instance and model parameters
option SCALE: Scale is set to 1e-06 for instance and model parameters
option SCALE: Scale is set to 1e-06 for instance and model parameters
option SCALE: Scale is set to 1e-06 for instance and model parameters
Doing analysis at TEMP = 125.000000 and TNOM = 27.000000

Using KLU as Direct Linear Solver
 Reference value :  0.00000e+00
 Reference value :  5.73000e-11
 Reference value :  2.37300e-10
 Reference value :  4.67000e-10
 Reference value :  7.54125e-10
 Reference value :  9.68625e-10
 Reference value :  1.32862e-09
 Reference value :  1.46312e-09
 Reference value :  1.66312e-09
 Reference value :  1.82612e-09
 Reference value :  2.07762e-09
 Reference value :  2.33212e-09
 Reference value :  2.67212e-09
 Reference value :  2.88662e-09
 Reference value :  3.19400e-09
 Reference value :  3.34112e-09
 Reference value :  3.58112e-09
 Reference value :  3.73562e-09
 Reference value :  4.09175e-09
 Reference value :  4.25013e-09
 Reference value :  4.55837e-09
 Reference value :  4.64463e-09
 Reference value :  4.82463e-09
 Reference value :  5.00000e-09
 Reference value :  5.15542e-09
 Reference value :  5.46212e-09
 Reference value :  5.47962e-09
 Reference value :  5.79363e-09
 Reference value :  5.94812e-09
 Reference value :  6.03000e-09
 Reference value :  6.36675e-09
 Reference value :  6.58263e-09
 Reference value :  6.82562e-09
 Reference value :  7.05713e-09
 Reference value :  7.28450e-09
 Reference value :  7.55162e-09
 Reference value :  7.75212e-09
 Reference value :  8.08612e-09
 Reference value :  8.32062e-09
 Reference value :  8.61806e-09
 Reference value :  8.81513e-09
 Reference value :  9.09125e-09
 Reference value :  9.32962e-09
 Reference value :  9.57013e-09
 Reference value :  9.94412e-09
 Reference value :  1.01586e-08
 Reference value :  1.04361e-08
 Reference value :  1.06331e-08
 Reference value :  1.09205e-08
 Reference value :  1.11676e-08
 Reference value :  1.12076e-08
 Reference value :  1.12476e-08
 Reference value :  1.12876e-08
 Reference value :  1.13451e-08
 Reference value :  1.13637e-08
 Reference value :  1.15021e-08
 Reference value :  1.17421e-08
 Reference value :  1.18251e-08
 Reference value :  1.19166e-08
 Reference value :  1.22541e-08
 Reference value :  1.24111e-08
 Reference value :  1.26911e-08
 Reference value :  1.29256e-08
 Reference value :  1.31886e-08
 Reference value :  1.34201e-08
 Reference value :  1.36501e-08
 Reference value :  1.38746e-08
 Reference value :  1.39546e-08
 Reference value :  1.41020e-08
 Reference value :  1.42291e-08
 Reference value :  1.44491e-08
 Reference value :  1.45452e-08
 Reference value :  1.46236e-08
 Reference value :  1.48236e-08
 Reference value :  1.50023e-08
 Reference value :  1.50981e-08
 Reference value :  1.54530e-08
 Reference value :  1.56726e-08
 Reference value :  1.59200e-08
 Reference value :  1.60471e-08
 Reference value :  1.61071e-08
 Reference value :  1.62871e-08
 Reference value :  1.65216e-08
 Reference value :  1.67991e-08
 Reference value :  1.69961e-08
 Reference value :  1.72835e-08
 Reference value :  1.74883e-08
 Reference value :  1.76483e-08
 Reference value :  1.78251e-08
 Reference value :  1.81812e-08
 Reference value :  1.83996e-08
 Reference value :  1.86470e-08
 Reference value :  1.88941e-08
 Reference value :  1.91023e-08
 Reference value :  1.93663e-08
 Reference value :  1.95560e-08
 Reference value :  1.98231e-08
 Reference value :  2.00376e-08
 Reference value :  2.03576e-08
 Reference value :  2.05521e-08
 Reference value :  2.08121e-08
 Reference value :  2.10443e-08
 Reference value :  2.13243e-08
 Reference value :  2.15211e-08
 Reference value :  2.18285e-08
 Reference value :  2.21156e-08
 Reference value :  2.23301e-08
 Reference value :  2.26701e-08
 Reference value :  2.29023e-08
 Reference value :  2.31795e-08
 Reference value :  2.33991e-08
 Reference value :  2.36491e-08
 Reference value :  2.39536e-08
 Reference value :  2.41481e-08
 Reference value :  2.44281e-08
 Reference value :  2.46803e-08
 Reference value :  2.49203e-08
 Reference value :  2.50971e-08
 Reference value :  2.54346e-08
 Reference value :  2.56516e-08
 Reference value :  2.59077e-08
 Reference value :  2.61261e-08
 Reference value :  2.63855e-08
 Reference value :  2.66783e-08
 Reference value :  2.68751e-08
 Reference value :  2.72151e-08
 Reference value :  2.74296e-08
 Reference value :  2.77071e-08
 Reference value :  2.77257e-08
 Reference value :  2.77396e-08
 Reference value :  2.79041e-08
 Reference value :  2.79841e-08
 Reference value :  2.81241e-08
 Reference value :  2.82035e-08
 Reference value :  2.83163e-08
 Reference value :  2.85163e-08
 Reference value :  2.86469e-08
 Reference value :  2.88131e-08
 Reference value :  2.91005e-08
 Reference value :  2.93076e-08
 Reference value :  2.95437e-08
 Reference value :  2.97421e-08
 Reference value :  2.98621e-08
 Reference value :  3.00566e-08
 Reference value :  3.03766e-08
 Reference value :  3.05711e-08
 Reference value :  3.09098e-08
 Reference value :  3.10856e-08
 Reference value :  3.13686e-08
 Reference value :  3.15601e-08
 Reference value :  3.18275e-08
 Reference value :  3.20746e-08
 Reference value :  3.23091e-08
 Reference value :  3.26291e-08
 Reference value :  3.27496e-08
 Reference value :  3.30636e-08
 Reference value :  3.32581e-08
 Reference value :  3.36330e-08
 Reference value :  3.38303e-08
 Reference value :  3.40956e-08
 Reference value :  3.43471e-08
 Reference value :  3.45554e-08
 Reference value :  3.48416e-08
 Reference value :  3.50116e-08
 Reference value :  3.53361e-08
 Reference value :  3.54766e-08
 Reference value :  3.57906e-08
 Reference value :  3.60051e-08
 Reference value :  3.62651e-08
 Reference value :  3.64596e-08
 Reference value :  3.67796e-08
 Reference value :  3.68741e-08
 Reference value :  3.70541e-08
 Reference value :  3.72750e-08
 Reference value :  3.74263e-08
 Reference value :  3.75063e-08
 Reference value :  3.75463e-08
 Reference value :  3.77316e-08
 Reference value :  3.78431e-08
 Reference value :  3.79231e-08
 Reference value :  3.81931e-08
 Reference value :  3.84976e-08
 Reference value :  3.86363e-08
 Reference value :  3.87521e-08
 Reference value :  3.89721e-08
 Reference value :  3.91126e-08
 Reference value :  3.94066e-08
 Reference value :  3.96211e-08
 Reference value :  3.98811e-08
 Reference value :  4.00556e-08
 Reference value :  4.02156e-08
 Reference value :  4.04542e-08
 Reference value :  4.07101e-08
 Reference value :  4.09623e-08
 Reference value :  4.12823e-08
 Reference value :  4.14591e-08
 Reference value :  4.18140e-08
 Reference value :  4.19136e-08
 Reference value :  4.22336e-08
 Reference value :  4.24081e-08
 Reference value :  4.27268e-08
 Reference value :  4.29426e-08
 Reference value :  4.31856e-08
 Reference value :  4.34371e-08
 Reference value :  4.36471e-08
 Reference value :  4.39116e-08
 Reference value :  4.41016e-08
 Reference value :  4.43661e-08
 Reference value :  4.46206e-08
 Reference value :  4.49406e-08
 Reference value :  4.51551e-08
 Reference value :  4.54560e-08
 Reference value :  4.57073e-08
 Reference value :  4.59196e-08
 Reference value :  4.62241e-08
 Reference value :  4.64586e-08
 Reference value :  4.67586e-08
 Reference value :  4.69731e-08
 Reference value :  4.72692e-08
 Reference value :  4.75276e-08
 Reference value :  4.77359e-08
 Reference value :  4.80421e-08
 Reference value :  4.82766e-08
 Reference value :  4.85966e-08
 Reference value :  4.87911e-08
 Reference value :  4.90985e-08
 Reference value :  4.93433e-08
 Reference value :  4.95556e-08
 Reference value :  4.98601e-08
 Reference value :  5.00746e-08
 Reference value :  5.03546e-08
 Reference value :  5.04507e-08
 Reference value :  5.06491e-08
 Reference value :  5.09052e-08
 Reference value :  5.11036e-08
 Reference value :  5.13710e-08
 Reference value :  5.16581e-08
 Reference value :  5.18526e-08
 Reference value :  5.21726e-08
 Reference value :  5.23671e-08
 Reference value :  5.26271e-08
 Reference value :  5.28193e-08
 Reference value :  5.31393e-08
 Reference value :  5.33361e-08
 Reference value :  5.36391e-08
 Reference value :  5.39106e-08
 Reference value :  5.41041e-08
 Reference value :  5.43851e-08
 Reference value :  5.45996e-08
 Reference value :  5.49596e-08
 Reference value :  5.51741e-08
 Reference value :  5.54641e-08
 Reference value :  5.57486e-08
 Reference value :  5.59291e-08
 Reference value :  5.62831e-08
 Reference value :  5.64953e-08
 Reference value :  5.68125e-08
 Reference value :  5.69921e-08
 Reference value :  5.72804e-08
 Reference value :  5.75266e-08
 Reference value :  5.77366e-08
 Reference value :  5.80611e-08
 Reference value :  5.82756e-08
 Reference value :  5.85556e-08
 Reference value :  5.87501e-08
 Reference value :  5.90501e-08
 Reference value :  5.92646e-08
 Reference value :  5.95407e-08
 Reference value :  5.97591e-08
 Reference value :  6.00091e-08
 Reference value :  6.02936e-08
 Reference value :  6.04671e-08
 Reference value :  6.07681e-08
 Reference value :  6.09426e-08
 Reference value :  6.12626e-08
 Reference value :  6.13971e-08
 Reference value :  6.15971e-08
 Reference value :  6.18245e-08
 Reference value :  6.20516e-08
 Reference value :  6.22799e-08
 Reference value :  6.25461e-08
 Reference value :  6.27606e-08
 Reference value :  6.30806e-08
 Reference value :  6.32551e-08
 Reference value :  6.36300e-08
 Reference value :  6.38496e-08
 Reference value :  6.40970e-08
 Reference value :  6.43241e-08
 Reference value :  6.45786e-08
 Reference value :  6.49186e-08
 Reference value :  6.50931e-08
 Reference value :  6.54492e-08
 Reference value :  6.56676e-08
 Reference value :  6.59159e-08
 Reference value :  6.61621e-08
 Reference value :  6.63815e-08
 Reference value :  6.66743e-08
 Reference value :  6.68266e-08
 Reference value :  6.71111e-08
 Reference value :  6.72916e-08
 Reference value :  6.76056e-08
 Reference value :  6.78001e-08
 Reference value :  6.81201e-08
 Reference value :  6.83346e-08
 Reference value :  6.86295e-08
 Reference value :  6.88291e-08
 Reference value :  6.90991e-08
 Reference value :  6.94036e-08
 Reference value :  6.95981e-08
 Reference value :  6.99181e-08
 Reference value :  7.01526e-08
 Reference value :  7.03526e-08
 Reference value :  7.05471e-08
 Reference value :  7.09032e-08
 Reference value :  7.11416e-08
 Reference value :  7.13690e-08
 Reference value :  7.16161e-08
 Reference value :  7.18122e-08
 Reference value :  7.20706e-08
 Reference value :  7.22780e-08
 Reference value :  7.25651e-08
 Reference value :  7.27796e-08
 Reference value :  7.30796e-08
 Reference value :  7.32141e-08
 Reference value :  7.34741e-08
 Reference value :  7.36471e-08
 Reference value :  7.39263e-08
 Reference value :  7.41431e-08
 Reference value :  7.45206e-08
 Reference value :  7.46953e-08
 Reference value :  7.49937e-08
 Reference value :  7.51921e-08
 Reference value :  7.54551e-08
 Reference value :  7.57266e-08
 Reference value :  7.59271e-08
 Reference value :  7.62411e-08
 Reference value :  7.64756e-08
 Reference value :  7.67931e-08
 Reference value :  7.69701e-08
 Reference value :  7.72687e-08
 Reference value :  7.74846e-08
 Reference value :  7.77346e-08
 Reference value :  7.79991e-08
 Reference value :  7.82336e-08
 Reference value :  7.85536e-08
 Reference value :  7.87281e-08
 Reference value :  7.90842e-08
 Reference value :  7.92626e-08
 Reference value :  7.95387e-08
 Reference value :  7.97371e-08
 Reference value :  8.00106e-08
 Reference value :  8.03316e-08
 Reference value :  8.04861e-08
 Reference value :  8.08061e-08
 Reference value :  8.10206e-08
 Reference value :  8.13555e-08
 Reference value :  8.15551e-08
 Reference value :  8.18120e-08
 Reference value :  8.20473e-08
 Reference value :  8.22796e-08
 Reference value :  8.26041e-08
 Reference value :  8.28186e-08
 Reference value :  8.31561e-08
 Reference value :  8.33331e-08
 Reference value :  8.36361e-08
 Reference value :  8.38076e-08
 Reference value :  8.40862e-08
 Reference value :  8.43221e-08
 Reference value :  8.45626e-08
 Reference value :  8.48766e-08
 Reference value :  8.50171e-08
 Reference value :  8.53311e-08
 Reference value :  8.55456e-08
 Reference value :  8.58656e-08
 Reference value :  8.60201e-08
 Reference value :  8.63550e-08
 Reference value :  8.65946e-08
 Reference value :  8.68220e-08
 Reference value :  8.70291e-08
 Reference value :  8.72791e-08
 Reference value :  8.75436e-08
 Reference value :  8.77441e-08
 Reference value :  8.80781e-08
 Reference value :  8.83126e-08
 Reference value :  8.86275e-08
 Reference value :  8.88271e-08
 Reference value :  8.90832e-08
 Reference value :  8.91006e-08
 Reference value :  8.94216e-08
 Reference value :  8.96161e-08
 Reference value :  8.99736e-08
 Reference value :  9.01483e-08
 Reference value :  9.04467e-08
 Reference value :  9.06451e-08
 Reference value :  9.09151e-08
 Reference value :  9.12196e-08
 Reference value :  9.14141e-08
 Reference value :  9.16741e-08
 Reference value :  9.18886e-08
 Reference value :  9.22286e-08
 Reference value :  9.24231e-08
 Reference value :  9.27261e-08
 Reference value :  9.29776e-08
 Reference value :  9.31859e-08
 Reference value :  9.34721e-08
 Reference value :  9.36404e-08
 Reference value :  9.39266e-08
 Reference value :  9.41071e-08
 Reference value :  9.44411e-08
 Reference value :  9.46356e-08
 Reference value :  9.49556e-08
 Reference value :  9.51301e-08
 Reference value :  9.54462e-08
 Reference value :  9.56646e-08
 Reference value :  9.58046e-08
 Reference value :  9.60191e-08
 Reference value :  9.62791e-08
 Reference value :  9.64536e-08
 Reference value :  9.67736e-08
 Reference value :  9.69281e-08
 Reference value :  9.72690e-08
 Reference value :  9.74803e-08
 Reference value :  9.77309e-08
 Reference value :  9.79571e-08
 Reference value :  9.81871e-08
 Reference value :  9.84916e-08
 Reference value :  9.86861e-08
 Reference value :  9.89861e-08
 Reference value :  9.91806e-08
 Reference value :  9.95181e-08
 Reference value :  9.96951e-08
 Reference value :  9.99937e-08
 Reference value :  1.00130e-07
 Reference value :  1.00446e-07
 Reference value :  1.00684e-07
 Reference value :  1.00918e-07
 Reference value :  1.01239e-07
 Reference value :  1.01413e-07
 Reference value :  1.01773e-07
 Reference value :  1.01988e-07
 Reference value :  1.02264e-07
 Reference value :  1.02482e-07
 Reference value :  1.02732e-07
 Reference value :  1.03037e-07
 Reference value :  1.03211e-07
 Reference value :  1.03571e-07
 Reference value :  1.03786e-07
 Reference value :  1.04082e-07
 Reference value :  1.04300e-07
 Reference value :  1.04543e-07
 Reference value :  1.04795e-07
 Reference value :  1.05003e-07
 Reference value :  1.05129e-07
 Reference value :  1.05450e-07
 Reference value :  1.05701e-07
 Reference value :  1.05914e-07
 Reference value :  1.06178e-07
 Reference value :  1.06413e-07
 Reference value :  1.06733e-07
 Reference value :  1.06927e-07
 Reference value :  1.07262e-07
 Reference value :  1.07482e-07
 Reference value :  1.07725e-07
 Reference value :  1.07976e-07
 Reference value :  1.08211e-07
 Reference value :  1.08531e-07
 Reference value :  1.08725e-07
 Reference value :  1.09063e-07
 Reference value :  1.09300e-07
 Reference value :  1.09538e-07
 Reference value :  1.09774e-07
 Reference value :  1.10004e-07
 Reference value :  1.10309e-07
 Reference value :  1.10503e-07
 Reference value :  1.10843e-07
 Reference value :  1.11078e-07
 Reference value :  1.11354e-07
 Reference value :  1.11552e-07
 Reference value :  1.11811e-07
 Reference value :  1.12067e-07
 Reference value :  1.12280e-07
 Reference value :  1.12581e-07
 Reference value :  1.12813e-07
 Reference value :  1.13093e-07
 Reference value :  1.13310e-07
 Reference value :  1.13626e-07
 Reference value :  1.13825e-07
 Reference value :  1.13965e-07
 Reference value :  1.14179e-07
 Reference value :  1.14535e-07
 Reference value :  1.14754e-07
 Reference value :  1.15002e-07
 Reference value :  1.15248e-07
 Reference value :  1.15483e-07
 Reference value :  1.15783e-07
 Reference value :  1.15937e-07
 Reference value :  1.16257e-07
 Reference value :  1.16412e-07
 Reference value :  1.16732e-07
 Reference value :  1.16866e-07
 Reference value :  1.17206e-07
 Reference value :  1.17381e-07
 Reference value :  1.17698e-07
 Reference value :  1.17895e-07
 Reference value :  1.18182e-07
 Reference value :  1.18450e-07
 Reference value :  1.18640e-07
 Reference value :  1.18884e-07
 Reference value :  1.19091e-07
 Reference value :  1.19339e-07
 Reference value :  1.19559e-07
 Reference value :  1.19833e-07
 Reference value :  1.19988e-07
 Reference value :  1.20188e-07
 Reference value :  1.20451e-07
 Reference value :  1.20622e-07
 Reference value :  1.20898e-07
 Reference value :  1.21097e-07
 Reference value :  1.21353e-07
 Reference value :  1.21591e-07
 Reference value :  1.21821e-07
 Reference value :  1.22126e-07
 Reference value :  1.22300e-07
 Reference value :  1.22580e-07
 Reference value :  1.22775e-07
 Reference value :  1.23095e-07
 Reference value :  1.23249e-07
 Reference value :  1.23607e-07
 Reference value :  1.23784e-07
 Reference value :  1.24044e-07
 Reference value :  1.24238e-07
 Reference value :  1.24537e-07
 Reference value :  1.24793e-07
 Reference value :  1.25003e-07
 Reference value :  1.25287e-07
 Reference value :  1.25522e-07
 Reference value :  1.25842e-07
 Reference value :  1.26036e-07
 Reference value :  1.26359e-07
 Reference value :  1.26631e-07
 Reference value :  1.26824e-07
 Reference value :  1.27085e-07
 Reference value :  1.27279e-07
 Reference value :  1.27560e-07
 Reference value :  1.27774e-07
 Reference value :  1.28114e-07
 Reference value :  1.28349e-07
 Reference value :  1.28625e-07
 Reference value :  1.28843e-07
 Reference value :  1.29097e-07
 Reference value :  1.29398e-07
 Reference value :  1.29572e-07
 Reference value :  1.29712e-07
 Reference value :  1.30000e-07
 Reference value :  1.30267e-07
 Reference value :  1.30467e-07
 Reference value :  1.30761e-07
 Reference value :  1.30996e-07
 Reference value :  1.31316e-07
 Reference value :  1.31470e-07
 Reference value :  1.31817e-07
 Reference value :  1.32082e-07
 Reference value :  1.32299e-07
 Reference value :  1.32599e-07
 Reference value :  1.32851e-07
 Reference value :  1.33150e-07
 Reference value :  1.33368e-07
 Reference value :  1.33638e-07
 Reference value :  1.33943e-07
 Reference value :  1.34157e-07
 Reference value :  1.34417e-07
 Reference value :  1.34592e-07
 Reference value :  1.34892e-07
 Reference value :  1.35106e-07
 Reference value :  1.35441e-07
 Reference value :  1.35621e-07
 Reference value :  1.35899e-07
 Reference value :  1.36115e-07
 Reference value :  1.36369e-07
 Reference value :  1.36650e-07
 Reference value :  1.36844e-07
 Reference value :  1.37184e-07
 Reference value :  1.37419e-07
 Reference value :  1.37713e-07
 Reference value :  1.37813e-07
 Reference value :  1.37873e-07
 Reference value :  1.38169e-07
 Reference value :  1.38428e-07
 Reference value :  1.38636e-07
 Reference value :  1.38942e-07
 Reference value :  1.39077e-07
 Reference value :  1.39257e-07
 Reference value :  1.39477e-07
 Reference value :  1.39671e-07
 Reference value :  1.39987e-07
 Reference value :  1.40246e-07
 Reference value :  1.40454e-07
 Reference value :  1.40720e-07
 Reference value :  1.40955e-07
 Reference value :  1.41215e-07
 Reference value :  1.41429e-07
 Reference value :  1.41709e-07
 Reference value :  1.41884e-07
 Reference value :  1.42204e-07
 Reference value :  1.42398e-07
 Reference value :  1.42725e-07
 Reference value :  1.42973e-07
 Reference value :  1.43186e-07
 Reference value :  1.43447e-07
 Reference value :  1.43648e-07
 Reference value :  1.43982e-07
 Reference value :  1.44156e-07
 Reference value :  1.44531e-07
 Reference value :  1.44711e-07
 Reference value :  1.44994e-07
 Reference value :  1.45205e-07
 Reference value :  1.45459e-07
 Reference value :  1.45720e-07
 Reference value :  1.45974e-07
 Reference value :  1.46332e-07
 Reference value :  1.46529e-07
 Reference value :  1.46803e-07
 Reference value :  1.46883e-07
 Reference value :  1.47241e-07
 Reference value :  1.47435e-07
 Reference value :  1.47716e-07
 Reference value :  1.47872e-07
 Reference value :  1.48169e-07
 Reference value :  1.48424e-07
 Reference value :  1.48635e-07
 Reference value :  1.48941e-07
 Reference value :  1.49156e-07
 Reference value :  1.49476e-07
 Reference value :  1.49650e-07
 Reference value :  1.49950e-07
 Reference value :  1.50145e-07
 Reference value :  1.50440e-07
 Reference value :  1.50639e-07
 Reference value :  1.50913e-07
 Reference value :  1.51154e-07
 Reference value :  1.51349e-07
 Reference value :  1.51448e-07
 Reference value :  1.51588e-07
 Reference value :  1.51807e-07
 Reference value :  1.51923e-07
 Reference value :  1.52163e-07
 Reference value :  1.52283e-07
 Reference value :  1.52377e-07
 Reference value :  1.52720e-07
 Reference value :  1.52972e-07
 Reference value :  1.53185e-07
 Reference value :  1.53446e-07
 Reference value :  1.53647e-07
 Reference value :  1.53981e-07
 Reference value :  1.54155e-07
 Reference value :  1.54530e-07
 Reference value :  1.54730e-07
 Reference value :  1.54993e-07
 Reference value :  1.55184e-07
 Reference value :  1.55304e-07
 Reference value :  1.55447e-07
 Reference value :  1.55499e-07
 Reference value :  1.55739e-07
 Reference value :  1.55902e-07
 Reference value :  1.56033e-07
 Reference value :  1.56173e-07
 Reference value :  1.56233e-07
 Reference value :  1.56293e-07
 Reference value :  1.56348e-07
 Reference value :  1.56352e-07
 Reference value :  1.56360e-07
 Reference value :  1.56363e-07
 Reference value :  1.56408e-07
 Reference value :  1.56448e-07
 Reference value :  1.56528e-07
 Reference value :  1.56608e-07
 Reference value :  1.56648e-07
 Reference value :  1.56688e-07
 Reference value :  1.56728e-07
 Reference value :  1.56768e-07
 Reference value :  1.56802e-07
 Reference value :  1.56806e-07
 Reference value :  1.56815e-07
 Reference value :  1.56818e-07
 Reference value :  1.56842e-07
 Reference value :  1.56902e-07
 Reference value :  1.56942e-07
 Reference value :  1.56982e-07
 Reference value :  1.57022e-07
 Reference value :  1.57062e-07
 Reference value :  1.57102e-07
 Reference value :  1.57142e-07
 Reference value :  1.57182e-07
 Reference value :  1.57222e-07
 Reference value :  1.57257e-07
 Reference value :  1.57261e-07
 Reference value :  1.57270e-07
 Reference value :  1.57283e-07
 Reference value :  1.57317e-07
 Reference value :  1.57357e-07
 Reference value :  1.57417e-07
 Reference value :  1.57457e-07
 Reference value :  1.57537e-07
 Reference value :  1.57577e-07
 Reference value :  1.57617e-07
 Reference value :  1.57657e-07
 Reference value :  1.57713e-07
 Reference value :  1.57720e-07
 Reference value :  1.57727e-07
 Reference value :  1.57751e-07
 Reference value :  1.57811e-07
 Reference value :  1.58011e-07
 Reference value :  1.58246e-07
 Reference value :  1.58406e-07
 Reference value :  1.58622e-07
 Reference value :  1.58646e-07
 Reference value :  1.58940e-07
 Reference value :  1.59175e-07
 Reference value :  1.59475e-07
 Reference value :  1.59548e-07
 Reference value :  1.59809e-07
 Reference value :  1.60044e-07
 Reference value :  1.60344e-07
 Reference value :  1.60518e-07
 Reference value :  1.60838e-07
 Reference value :  1.60973e-07
 Reference value :  1.61313e-07
 Reference value :  1.61467e-07
 Reference value :  1.61802e-07
 Reference value :  1.62022e-07
 Reference value :  1.62265e-07
 Reference value :  1.62476e-07
 Reference value :  1.62729e-07
 Reference value :  1.63028e-07
 Reference value :  1.63225e-07
 Reference value :  1.63603e-07
 Reference value :  1.63837e-07
 Reference value :  1.64076e-07
 Reference value :  1.64154e-07
 Reference value :  1.64434e-07
 Reference value :  1.64629e-07
 Reference value :  1.64929e-07
 Reference value :  1.65143e-07
 Reference value :  1.65442e-07
 Reference value :  1.65678e-07
 Reference value :  1.65901e-07
 Reference value :  1.66112e-07
 Reference value :  1.66232e-07
 Reference value :  1.66407e-07
 Reference value :  1.66747e-07
 Reference value :  1.66921e-07
 Reference value :  1.67257e-07
 Reference value :  1.67456e-07
 Reference value :  1.67723e-07
 Reference value :  1.67930e-07
 Reference value :  1.68178e-07
 Reference value :  1.68485e-07
 Reference value :  1.68699e-07
 Reference value :  1.69075e-07
 Reference value :  1.69294e-07
 Reference value :  1.69542e-07
 Reference value :  1.69848e-07
 Reference value :  1.70063e-07
 Reference value :  1.70383e-07
 Reference value :  1.70557e-07
 Reference value :  1.70900e-07
 Reference value :  1.71112e-07
 Reference value :  1.71360e-07
 Reference value :  1.71646e-07
 Reference value :  1.71861e-07
 Reference value :  1.72161e-07
 Reference value :  1.72315e-07
 Reference value :  1.72575e-07
 Reference value :  1.72736e-07
 Reference value :  1.73070e-07
 Reference value :  1.73284e-07
 Reference value :  1.73623e-07
 Reference value :  1.73839e-07
 Reference value :  1.74077e-07
 Reference value :  1.74293e-07
 Reference value :  1.74547e-07
 Reference value :  1.74868e-07
 Reference value :  1.75062e-07
 Reference value :  1.75437e-07
 Reference value :  1.75677e-07
 Reference value :  1.75900e-07
 Reference value :  1.76131e-07
 Reference value :  1.76361e-07
 Reference value :  1.76666e-07
 Reference value :  1.76819e-07
 Reference value :  1.77160e-07
 Reference value :  1.77395e-07
 Reference value :  1.77709e-07
 Reference value :  1.77909e-07
 Reference value :  1.78179e-07
 Reference value :  1.78484e-07
 Reference value :  1.78658e-07
 Reference value :  1.79018e-07
 Reference value :  1.79250e-07
 Reference value :  1.79531e-07
 Reference value :  1.79767e-07
 Reference value :  1.79995e-07
 Reference value :  1.80282e-07
 Reference value :  1.80452e-07
 Reference value :  1.80576e-07
 Reference value :  1.80895e-07
 Reference value :  1.81151e-07
 Reference value :  1.81371e-07
 Reference value :  1.81665e-07
 Reference value :  1.81900e-07
 Reference value :  1.82220e-07
 Reference value :  1.82414e-07
 Reference value :  1.82710e-07
 Reference value :  1.82909e-07
 Reference value :  1.83172e-07
 Reference value :  1.83383e-07
 Reference value :  1.83637e-07
 Reference value :  1.83938e-07
 Reference value :  1.84132e-07
 Reference value :  1.84472e-07
 Reference value :  1.84707e-07
 Reference value :  1.84983e-07
 Reference value :  1.85201e-07
 Reference value :  1.85462e-07
 Reference value :  1.85756e-07
 Reference value :  1.85970e-07
 Reference value :  1.86328e-07
 Reference value :  1.86565e-07
 Reference value :  1.86808e-07
 Reference value :  1.87059e-07
 Reference value :  1.87266e-07
 Reference value :  1.87474e-07
 Reference value :  1.87594e-07
 Reference value :  1.87808e-07
 Reference value :  1.88163e-07
 Reference value :  1.88363e-07
 Reference value :  1.88619e-07
 Reference value :  1.88817e-07
 Reference value :  1.89072e-07
 Reference value :  1.89272e-07
 Reference value :  1.89535e-07
 Reference value :  1.89786e-07
 Reference value :  1.90007e-07
 Reference value :  1.90321e-07
 Reference value :  1.90448e-07
 Reference value :  1.90695e-07
 Reference value :  1.90909e-07
 Reference value :  1.91250e-07
 Reference value :  1.91464e-07
 Reference value :  1.91544e-07
 Reference value :  1.91803e-07
 Reference value :  1.92019e-07
 Reference value :  1.92255e-07
 Reference value :  1.92393e-07
 Reference value :  1.92720e-07
 Reference value :  1.92988e-07
 Reference value :  1.93176e-07
 Reference value :  1.93402e-07
 Reference value :  1.93632e-07
 Reference value :  1.93857e-07
 Reference value :  1.94054e-07
 Reference value :  1.94131e-07
 Reference value :  1.94391e-07
 Reference value :  1.94563e-07
 Reference value :  1.94723e-07
 Reference value :  1.94783e-07
 Reference value :  1.94863e-07
 Reference value :  1.94981e-07
 Reference value :  1.94996e-07
 Reference value :  1.95100e-07
 Reference value :  1.95240e-07
 Reference value :  1.95320e-07
 Reference value :  1.95360e-07
 Reference value :  1.95380e-07
 Reference value :  1.95418e-07
 Reference value :  1.95436e-07
 Reference value :  1.95448e-07
 Reference value :  1.95454e-07
 Reference value :  1.95495e-07
 Reference value :  1.95635e-07
 Reference value :  1.95735e-07
 Reference value :  1.95775e-07
 Reference value :  1.95835e-07
 Reference value :  1.95893e-07
 Reference value :  1.95902e-07
 Reference value :  1.96109e-07
 Reference value :  1.96357e-07
 Reference value :  1.96644e-07
 Reference value :  1.96858e-07
 Reference value :  1.97158e-07
 Reference value :  1.97268e-07
 Reference value :  1.97573e-07
 Reference value :  1.97733e-07
 Reference value :  1.98087e-07
 Reference value :  1.98282e-07
 Reference value :  1.98599e-07
 Reference value :  1.98796e-07
 Reference value :  1.99072e-07
 Reference value :  1.99291e-07
 Reference value :  1.99527e-07
 Reference value :  1.99745e-07
 Reference value :  1.99995e-07
 Reference value :  2.00300e-07
 Reference value :  2.00436e-07
 Reference value :  2.00654e-07
 Reference value :  2.00915e-07
 Reference value :  2.01229e-07
 Reference value :  2.01443e-07
 Reference value :  2.01798e-07
 Reference value :  2.01978e-07
 Reference value :  2.02254e-07
 Reference value :  2.02472e-07
 Reference value :  2.02708e-07
 Reference value :  2.02787e-07
 Reference value :  2.03127e-07
 Reference value :  2.03321e-07
 Reference value :  2.03629e-07
 Reference value :  2.03916e-07
 Reference value :  2.04130e-07
 Reference value :  2.04450e-07
 Reference value :  2.04685e-07
 Reference value :  2.04979e-07
 Reference value :  2.05139e-07
 Reference value :  2.05446e-07
 Reference value :  2.05694e-07
 Reference value :  2.05907e-07
 Reference value :  2.06188e-07
 Reference value :  2.06423e-07
 Reference value :  2.06743e-07
 Reference value :  2.06917e-07
 Reference value :  2.07260e-07
 Reference value :  2.07512e-07
 Reference value :  2.07725e-07
 Reference value :  2.08006e-07
 Reference value :  2.08241e-07
 Reference value :  2.08561e-07
 Reference value :  2.08735e-07
 Reference value :  2.09074e-07
 Reference value :  2.09310e-07
 Reference value :  2.09540e-07
 Reference value :  2.09804e-07
 Reference value :  2.10003e-07
 Reference value :  2.10296e-07
 Reference value :  2.10493e-07
 Reference value :  2.10793e-07
 Reference value :  2.11008e-07
 Reference value :  2.11288e-07
 Reference value :  2.11462e-07
 Reference value :  2.11762e-07
 Reference value :  2.11917e-07
 Reference value :  2.12217e-07
 Reference value :  2.12391e-07
 Reference value :  2.12707e-07
 Reference value :  2.12946e-07
 Reference value :  2.13173e-07
 Reference value :  2.13400e-07
 Reference value :  2.13628e-07
 Reference value :  2.13935e-07
 Reference value :  2.14129e-07
 Reference value :  2.14507e-07
 Reference value :  2.14724e-07
 Reference value :  2.14884e-07
 Reference value :  2.15098e-07
 Reference value :  2.15434e-07
 Reference value :  2.15653e-07
 Reference value :  2.15889e-07
 Reference value :  2.16067e-07
 Reference value :  2.16343e-07
 Reference value :  2.16582e-07
 Reference value :  2.16800e-07
 Reference value :  2.16996e-07
 Reference value :  2.17270e-07
 Reference value :  2.17571e-07
 Reference value :  2.17785e-07
 Reference value :  2.18065e-07
 Reference value :  2.18280e-07
 Reference value :  2.18580e-07
 Reference value :  2.18794e-07
 Reference value :  2.19082e-07
 Reference value :  2.19349e-07
 Reference value :  2.19542e-07
 Reference value :  2.19803e-07
 Reference value :  2.20018e-07
 Reference value :  2.20318e-07
 Reference value :  2.20512e-07
 Reference value :  2.20870e-07
 Reference value :  2.21107e-07
 Reference value :  2.21354e-07
 Reference value :  2.21581e-07
 Reference value :  2.21822e-07
 Reference value :  2.22036e-07
 Reference value :  2.22264e-07
 Reference value :  2.22510e-07
 Reference value :  2.22765e-07
 Reference value :  2.23085e-07
 Reference value :  2.23259e-07
 Reference value :  2.23614e-07
 Reference value :  2.23794e-07
 Reference value :  2.24072e-07
 Reference value :  2.24288e-07
 Reference value :  2.24549e-07
 Reference value :  2.24863e-07
 Reference value :  2.25057e-07
 Reference value :  2.25357e-07
 Reference value :  2.25456e-07
 Reference value :  2.25789e-07
 Reference value :  2.25966e-07
 Reference value :  2.26341e-07
 Reference value :  2.26561e-07
 Reference value :  2.26804e-07
 Reference value :  2.27055e-07
 Reference value :  2.27290e-07
 Reference value :  2.27630e-07
 Reference value :  2.27784e-07
 Reference value :  2.28142e-07
 Reference value :  2.28359e-07
 Reference value :  2.28622e-07
 Reference value :  2.28813e-07
 Reference value :  2.29069e-07
 Reference value :  2.29288e-07
 Reference value :  2.29505e-07
 Reference value :  2.29682e-07
 Reference value :  2.29978e-07
 Reference value :  2.30217e-07
 Reference value :  2.30445e-07
 Reference value :  2.30711e-07
 Reference value :  2.30946e-07
 Reference value :  2.31266e-07
 Reference value :  2.31420e-07
 Reference value :  2.31760e-07
 Reference value :  2.31995e-07
 Reference value :  2.32258e-07
 Reference value :  2.32329e-07
 Reference value :  2.32629e-07
 Reference value :  2.32804e-07
 Reference value :  2.33124e-07
 Reference value :  2.33278e-07
 Reference value :  2.33614e-07
 Reference value :  2.33813e-07
 Reference value :  2.34071e-07
 Reference value :  2.34307e-07
 Reference value :  2.34407e-07
 Reference value :  2.34530e-07
 Reference value :  2.34722e-07
 Reference value :  2.34985e-07
 Reference value :  2.35176e-07
 Reference value :  2.35450e-07
 Reference value :  2.35731e-07
 Reference value :  2.35945e-07
 Reference value :  2.36245e-07
 Reference value :  2.36440e-07
 Reference value :  2.36796e-07
 Reference value :  2.37014e-07
 Reference value :  2.37275e-07
 Reference value :  2.37589e-07
 Reference value :  2.37803e-07
 Reference value :  2.38159e-07
 Reference value :  2.38318e-07
 Reference value :  2.38614e-07
 Reference value :  2.38792e-07
 Reference value :  2.39080e-07
 Reference value :  2.39327e-07
 Reference value :  2.39540e-07
 Reference value :  2.39861e-07
 Reference value :  2.40096e-07
 Reference value :  2.40396e-07
 Reference value :  2.40590e-07
 Reference value :  2.40885e-07
 Reference value :  2.41085e-07
 Reference value :  2.41348e-07
 Reference value :  2.41459e-07
 Reference value :  2.41719e-07
 Reference value :  2.41914e-07
 Reference value :  2.42249e-07
 Reference value :  2.42408e-07
 Reference value :  2.42707e-07
 Reference value :  2.42943e-07
 Reference value :  2.43170e-07
 Reference value :  2.43457e-07
 Reference value :  2.43692e-07
 Reference value :  2.44012e-07
 Reference value :  2.44226e-07
 Reference value :  2.44522e-07
 Reference value :  2.44761e-07
 Reference value :  2.44979e-07
 Reference value :  2.45215e-07
 Reference value :  2.45449e-07
 Reference value :  2.45770e-07
 Reference value :  2.45964e-07
 Reference value :  2.46284e-07
 Reference value :  2.46499e-07
 Reference value :  2.46795e-07
 Reference value :  2.47033e-07
 Reference value :  2.47274e-07
 Reference value :  2.47588e-07
 Reference value :  2.47711e-07
 Reference value :  2.47882e-07
 Reference value :  2.48140e-07
 Reference value :  2.48337e-07
 Reference value :  2.48615e-07
 Reference value :  2.48831e-07
 Reference value :  2.49081e-07
 Reference value :  2.49366e-07
 Reference value :  2.49580e-07
 Reference value :  2.49860e-07
 Reference value :  2.50095e-07
 Reference value :  2.50412e-07
 Reference value :  2.50589e-07
 Reference value :  2.50897e-07
 Reference value :  2.51184e-07
 Reference value :  2.51398e-07
 Reference value :  2.51698e-07
 Reference value :  2.51933e-07
 Reference value :  2.52153e-07
 Reference value :  2.52307e-07
 Reference value :  2.52685e-07
 Reference value :  2.52882e-07
 Reference value :  2.53139e-07
 Reference value :  2.53296e-07
 Reference value :  2.53619e-07
 Reference value :  2.53871e-07
 Reference value :  2.54079e-07
 Reference value :  2.54385e-07
 Reference value :  2.54600e-07
 Reference value :  2.54900e-07
 Reference value :  2.55094e-07
 Reference value :  2.55394e-07
 Reference value :  2.55569e-07
 Reference value :  2.55883e-07
 Reference value :  2.56083e-07
 Reference value :  2.56353e-07
 Reference value :  2.56658e-07
 Reference value :  2.56852e-07
 Reference value :  2.56992e-07
 Reference value :  2.57248e-07
 Reference value :  2.57487e-07
 Reference value :  2.57717e-07
 Reference value :  2.58021e-07
 Reference value :  2.58236e-07
 Reference value :  2.58536e-07
 Reference value :  2.58730e-07
 Reference value :  2.59048e-07
 Reference value :  2.59145e-07
 Reference value :  2.59485e-07
 Reference value :  2.59699e-07
 Reference value :  2.59989e-07
 Reference value :  2.60254e-07
 Reference value :  2.60468e-07
 Reference value :  2.60788e-07
 Reference value :  2.61023e-07
 Reference value :  2.61303e-07
 Reference value :  2.61477e-07
 Reference value :  2.61796e-07
 Reference value :  2.62032e-07
 Reference value :  2.62260e-07
 Reference value :  2.62546e-07
 Reference value :  2.62801e-07
 Reference value :  2.63101e-07
 Reference value :  2.63315e-07
 Reference value :  2.63610e-07
 Reference value :  2.63807e-07
 Reference value :  2.64073e-07
 Reference value :  2.64264e-07
 Reference value :  2.64532e-07
 Reference value :  2.64736e-07
 Reference value :  2.64975e-07
 Reference value :  2.65133e-07
 Reference value :  2.65429e-07
 Reference value :  2.65668e-07
 Reference value :  2.65895e-07
 Reference value :  2.66182e-07
 Reference value :  2.66397e-07
 Reference value :  2.66697e-07
 Reference value :  2.66911e-07
 Reference value :  2.67071e-07
 Reference value :  2.67286e-07
 Reference value :  2.67586e-07
 Reference value :  2.67780e-07
 Reference value :  2.68120e-07
 Reference value :  2.68315e-07
 Reference value :  2.68611e-07
 Reference value :  2.68789e-07
 Reference value :  2.69077e-07
 Reference value :  2.69364e-07
 Reference value :  2.69558e-07
 Reference value :  2.69898e-07
 Reference value :  2.70093e-07
 Reference value :  2.70428e-07
 Reference value :  2.70627e-07
 Reference value :  2.70890e-07
 Reference value :  2.71142e-07
 Reference value :  2.71355e-07
 Reference value :  2.71656e-07
 Reference value :  2.71891e-07
 Reference value :  2.72171e-07
 Reference value :  2.72385e-07
 Reference value :  2.72704e-07
 Reference value :  2.72920e-07
 Reference value :  2.73167e-07
 Reference value :  2.73394e-07
 Reference value :  2.73622e-07
 Reference value :  2.73909e-07
 Reference value :  2.74065e-07
 Reference value :  2.74283e-07
 Reference value :  2.74531e-07
 Reference value :  2.74818e-07
 Reference value :  2.74998e-07
 Reference value :  2.75352e-07
 Reference value :  2.75547e-07
 Reference value :  2.75864e-07
 Reference value :  2.76041e-07
 Reference value :  2.76340e-07
 Reference value :  2.76596e-07
 Reference value :  2.76804e-07
 Reference value :  2.77050e-07
 Reference value :  2.77305e-07
 Reference value :  2.77625e-07
 Reference value :  2.77839e-07
 Reference value :  2.78119e-07
 Reference value :  2.78314e-07
 Reference value :  2.78554e-07
 Reference value :  2.78728e-07
 Reference value :  2.79067e-07
 Reference value :  2.79303e-07
 Reference value :  2.79533e-07
 Reference value :  2.79737e-07
 Reference value :  2.79984e-07
 Reference value :  2.80212e-07
 Reference value :  2.80442e-07
 Reference value :  2.80726e-07
 Reference value :  2.80961e-07
 Reference value :  2.81301e-07
 Reference value :  2.81475e-07
 Reference value :  2.81791e-07
 Reference value :  2.82010e-07
 Reference value :  2.82257e-07
 Reference value :  2.82324e-07
 Reference value :  2.82699e-07
 Reference value :  2.82919e-07
 Reference value :  2.83166e-07
 Reference value :  2.83433e-07
 Reference value :  2.83668e-07
 Reference value :  2.83988e-07
 Reference value :  2.84162e-07
 Reference value :  2.84517e-07
 Reference value :  2.84737e-07
 Reference value :  2.84975e-07
 Reference value :  2.85091e-07
 Reference value :  2.85427e-07
 Reference value :  2.85666e-07
 Reference value :  2.85894e-07
 Reference value :  2.86160e-07
 Reference value :  2.86361e-07
 Reference value :  2.86675e-07
 Reference value :  2.86889e-07
 Reference value :  2.87244e-07
 Reference value :  2.87464e-07
 Reference value :  2.87711e-07
 Reference value :  2.87958e-07
 Reference value :  2.88213e-07
 Reference value :  2.88513e-07
 Reference value :  2.88707e-07
 Reference value :  2.89045e-07
 Reference value :  2.89282e-07
 Reference value :  2.89525e-07
 Reference value :  2.89776e-07
 Reference value :  2.90011e-07
 Reference value :  2.90311e-07
 Reference value :  2.90505e-07
 Reference value :  2.90845e-07
 Reference value :  2.90899e-07
 Reference value :  2.91200e-07
 Reference value :  2.91394e-07
 Reference value :  2.91694e-07
 Reference value :  2.91949e-07
 Reference value :  2.92245e-07
 Reference value :  2.92443e-07
 Reference value :  2.92711e-07
 Reference value :  2.92978e-07
 Reference value :  2.93171e-07
 Reference value :  2.93432e-07
 Reference value :  2.93608e-07
 Reference value :  2.93787e-07
 Reference value :  2.94063e-07
 Reference value :  2.94281e-07
 Reference value :  2.94540e-07
 Reference value :  2.94853e-07
 Reference value :  2.94984e-07
 Reference value :  2.95270e-07
 Reference value :  2.95522e-07
 Reference value :  2.95842e-07
 Reference value :  2.96039e-07
 Reference value :  2.96338e-07
 Reference value :  2.96514e-07
 Reference value :  2.96789e-07
 Reference value :  2.96988e-07
 Reference value :  2.97251e-07
 Reference value :  2.97503e-07
 Reference value :  2.97711e-07
 Reference value :  2.97977e-07
 Reference value :  2.98232e-07
 Reference value :  2.98532e-07
 Reference value :  2.98686e-07
 Reference value :  2.98986e-07
 Reference value :  2.99101e-07
 Reference value :  2.99421e-07
 Reference value :  2.99615e-07
 Reference value :  2.99715e-07
 Reference value :  2.99985e-07
No. of Data Rows : 19790
sim/harness: analysis complete
Note: Simulation executed from .control section 
Note: Starting dynamic gmin stepping
Note: Dynamic gmin stepping completed
