
Note: Compatibility modes selected: hs a


Circuit: ** sch_path: /home/ubuntu/loom-workspaces/sky130-pll/.loom/worktrees/issue-129/sim/divider/testbench/tb_divider.sch

option SCALE: Scale is set to 1e-06 for instance and model parameters
option SCALE: Scale is set to 1e-06 for instance and model parameters
option SCALE: Scale is set to 1e-06 for instance and model parameters
option SCALE: Scale is set to 1e-06 for instance and model parameters
Doing analysis at TEMP = 27.000000 and TNOM = 27.000000

Using KLU as Direct Linear Solver
 Reference value :  0.00000e+00
 Reference value :  1.57300e-10
 Reference value :  4.67000e-10
 Reference value :  7.54125e-10
 Reference value :  9.88625e-10
 Reference value :  1.36350e-09
 Reference value :  1.58312e-09
 Reference value :  1.84362e-09
 Reference value :  2.19762e-09
 Reference value :  2.41212e-09
 Reference value :  2.57212e-09
 Reference value :  2.78662e-09
 Reference value :  3.16406e-09
 Reference value :  3.40112e-09
 Reference value :  3.66162e-09
 Reference value :  4.01563e-09
 Reference value :  4.23013e-09
 Reference value :  4.55837e-09
 Reference value :  4.84463e-09
 Reference value :  5.00822e-09
 Reference value :  5.29542e-09
 Reference value :  5.51363e-09
 Reference value :  5.85363e-09
 Reference value :  5.96813e-09
 Reference value :  6.07000e-09
 Reference value :  6.27000e-09
 Reference value :  6.37637e-09
 Reference value :  6.54263e-09
 Reference value :  6.76263e-09
 Reference value :  6.87713e-09
 Reference value :  7.07713e-09
 Reference value :  7.27575e-09
 Reference value :  7.43163e-09
 Reference value :  7.63162e-09
 Reference value :  7.78612e-09
 Reference value :  8.06612e-09
 Reference value :  8.18225e-09
 Reference value :  8.26062e-09
 Reference value :  8.36062e-09
 Reference value :  8.40062e-09
 Reference value :  8.44062e-09
 Reference value :  8.48062e-09
 Reference value :  8.52062e-09
 Reference value :  8.58062e-09
 Reference value :  8.75513e-09
 Reference value :  9.09000e-09
 Reference value :  9.28962e-09
 Reference value :  9.55962e-09
 Reference value :  9.86412e-09
 Reference value :  1.00027e-08
 Reference value :  1.02186e-08
 Reference value :  1.04660e-08
 Reference value :  1.07131e-08
 Reference value :  1.09676e-08
 Reference value :  1.12676e-08
 Reference value :  1.14421e-08
 Reference value :  1.18170e-08
 Reference value :  1.19966e-08
 Reference value :  1.22796e-08
 Reference value :  1.25111e-08
 Reference value :  1.27856e-08
 Reference value :  1.30856e-08
 Reference value :  1.32801e-08
 Reference value :  1.35801e-08
 Reference value :  1.37746e-08
 Reference value :  1.40895e-08
 Reference value :  1.42291e-08
 Reference value :  1.45565e-08
 Reference value :  1.48236e-08
 Reference value :  1.50110e-08
 Reference value :  1.52981e-08
 Reference value :  1.55126e-08
 Reference value :  1.58126e-08
 Reference value :  1.60071e-08
 Reference value :  1.63446e-08
 Reference value :  1.65216e-08
 Reference value :  1.68177e-08
 Reference value :  1.70361e-08
 Reference value :  1.72955e-08
 Reference value :  1.76083e-08
 Reference value :  1.78051e-08
 Reference value :  1.81800e-08
 Reference value :  1.83596e-08
 Reference value :  1.84196e-08
 Reference value :  1.86426e-08
 Reference value :  1.88541e-08
 Reference value :  1.91263e-08
 Reference value :  1.94263e-08
 Reference value :  1.96431e-08
 Reference value :  1.99992e-08
 Reference value :  2.02176e-08
 Reference value :  2.04650e-08
 Reference value :  2.06921e-08
 Reference value :  2.09643e-08
 Reference value :  2.12443e-08
 Reference value :  2.14411e-08
 Reference value :  2.17811e-08
 Reference value :  2.19956e-08
 Reference value :  2.22705e-08
 Reference value :  2.24701e-08
 Reference value :  2.27399e-08
 Reference value :  2.30223e-08
 Reference value :  2.32391e-08
 Reference value :  2.35791e-08
 Reference value :  2.38136e-08
 Reference value :  2.40897e-08
 Reference value :  2.42881e-08
 Reference value :  2.45803e-08
 Reference value :  2.48603e-08
 Reference value :  2.50571e-08
 Reference value :  2.54171e-08
 Reference value :  2.56316e-08
 Reference value :  2.59065e-08
 Reference value :  2.61261e-08
 Reference value :  2.63791e-08
 Reference value :  2.66583e-08
 Reference value :  2.68751e-08
 Reference value :  2.70351e-08
 Reference value :  2.72351e-08
 Reference value :  2.74296e-08
 Reference value :  2.77257e-08
 Reference value :  2.78841e-08
 Reference value :  2.81616e-08
 Reference value :  2.83963e-08
 Reference value :  2.85363e-08
 Reference value :  2.86591e-08
 Reference value :  2.89131e-08
 Reference value :  2.91676e-08
 Reference value :  2.94476e-08
 Reference value :  2.96421e-08
 Reference value :  2.99621e-08
 Reference value :  3.01566e-08
 Reference value :  3.04341e-08
 Reference value :  3.06111e-08
 Reference value :  3.09194e-08
 Reference value :  3.11856e-08
 Reference value :  3.13861e-08
 Reference value :  3.16801e-08
 Reference value :  3.19146e-08
 Reference value :  3.22695e-08
 Reference value :  3.24491e-08
 Reference value :  3.27426e-08
 Reference value :  3.30036e-08
 Reference value :  3.32181e-08
 Reference value :  3.35381e-08
 Reference value :  3.37703e-08
 Reference value :  3.40503e-08
 Reference value :  3.41671e-08
 Reference value :  3.45433e-08
 Reference value :  3.47416e-08
 Reference value :  3.50090e-08
 Reference value :  3.52761e-08
 Reference value :  3.55306e-08
 Reference value :  3.58506e-08
 Reference value :  3.59851e-08
 Reference value :  3.62851e-08
 Reference value :  3.64796e-08
 Reference value :  3.67796e-08
 Reference value :  3.69541e-08
 Reference value :  3.72823e-08
 Reference value :  3.75463e-08
 Reference value :  3.77369e-08
 Reference value :  3.80231e-08
 Reference value :  3.82376e-08
 Reference value :  3.85576e-08
 Reference value :  3.87521e-08
 Reference value :  3.90951e-08
 Reference value :  3.93466e-08
 Reference value :  3.95566e-08
 Reference value :  3.98611e-08
 Reference value :  4.00756e-08
 Reference value :  4.03956e-08
 Reference value :  4.05701e-08
 Reference value :  4.09175e-08
 Reference value :  4.11623e-08
 Reference value :  4.12823e-08
 Reference value :  4.14591e-08
 Reference value :  4.17966e-08
 Reference value :  4.20136e-08
 Reference value :  4.22723e-08
 Reference value :  4.25081e-08
 Reference value :  4.27626e-08
 Reference value :  4.30626e-08
 Reference value :  4.32371e-08
 Reference value :  4.34971e-08
 Reference value :  4.37316e-08
 Reference value :  4.40116e-08
 Reference value :  4.42061e-08
 Reference value :  4.45422e-08
 Reference value :  4.47406e-08
 Reference value :  4.49992e-08
 Reference value :  4.52151e-08
 Reference value :  4.54873e-08
 Reference value :  4.57873e-08
 Reference value :  4.59841e-08
 Reference value :  4.63416e-08
 Reference value :  4.65586e-08
 Reference value :  4.68216e-08
 Reference value :  4.68931e-08
 Reference value :  4.70131e-08
 Reference value :  4.72506e-08
 Reference value :  4.73676e-08
 Reference value :  4.75876e-08
 Reference value :  4.77237e-08
 Reference value :  4.77481e-08
 Reference value :  4.79821e-08
 Reference value :  4.81851e-08
 Reference value :  4.82566e-08
 Reference value :  4.85166e-08
 Reference value :  4.86571e-08
 Reference value :  4.89511e-08
 Reference value :  4.91633e-08
 Reference value :  4.94633e-08
 Reference value :  4.96401e-08
 Reference value :  4.99963e-08
 Reference value :  5.02146e-08
 Reference value :  5.04620e-08
 Reference value :  5.07091e-08
 Reference value :  5.09165e-08
 Reference value :  5.11436e-08
 Reference value :  5.13719e-08
 Reference value :  5.16581e-08
 Reference value :  5.18386e-08
 Reference value :  5.19726e-08
 Reference value :  5.22326e-08
 Reference value :  5.23871e-08
 Reference value :  5.26871e-08
 Reference value :  5.28193e-08
 Reference value :  5.30993e-08
 Reference value :  5.32761e-08
 Reference value :  5.36348e-08
 Reference value :  5.38306e-08
 Reference value :  5.40855e-08
 Reference value :  5.42651e-08
 Reference value :  5.45534e-08
 Reference value :  5.47996e-08
 Reference value :  5.50201e-08
 Reference value :  5.53741e-08
 Reference value :  5.56086e-08
 Reference value :  5.58486e-08
 Reference value :  5.60431e-08
 Reference value :  5.63640e-08
 Reference value :  5.66153e-08
 Reference value :  5.68250e-08
 Reference value :  5.71121e-08
 Reference value :  5.73266e-08
 Reference value :  5.76266e-08
 Reference value :  5.78411e-08
 Reference value :  5.81772e-08
 Reference value :  5.82756e-08
 Reference value :  5.85756e-08
 Reference value :  5.87701e-08
 Reference value :  5.90501e-08
 Reference value :  5.92446e-08
 Reference value :  5.95221e-08
 Reference value :  5.97191e-08
 Reference value :  6.00091e-08
 Reference value :  6.02536e-08
 Reference value :  6.04636e-08
 Reference value :  6.07481e-08
 Reference value :  6.09826e-08
 Reference value :  6.12626e-08
 Reference value :  6.14771e-08
 Reference value :  6.18132e-08
 Reference value :  6.20516e-08
 Reference value :  6.22790e-08
 Reference value :  6.25061e-08
 Reference value :  6.27606e-08
 Reference value :  6.30406e-08
 Reference value :  6.32351e-08
 Reference value :  6.35951e-08
 Reference value :  6.38096e-08
 Reference value :  6.40857e-08
 Reference value :  6.42841e-08
 Reference value :  6.45646e-08
 Reference value :  6.48586e-08
 Reference value :  6.50731e-08
 Reference value :  6.54131e-08
 Reference value :  6.56276e-08
 Reference value :  6.59037e-08
 Reference value :  6.60821e-08
 Reference value :  6.63570e-08
 Reference value :  6.65743e-08
 Reference value :  6.68240e-08
 Reference value :  6.70711e-08
 Reference value :  6.73256e-08
 Reference value :  6.76256e-08
 Reference value :  6.78001e-08
 Reference value :  6.81750e-08
 Reference value :  6.83546e-08
 Reference value :  6.86376e-08
 Reference value :  6.87891e-08
 Reference value :  6.90291e-08
 Reference value :  6.91836e-08
 Reference value :  6.94836e-08
 Reference value :  6.96781e-08
 Reference value :  7.00011e-08
 Reference value :  7.02326e-08
 Reference value :  7.04609e-08
 Reference value :  7.07471e-08
 Reference value :  7.09616e-08
 Reference value :  7.12416e-08
 Reference value :  7.14361e-08
 Reference value :  7.17761e-08
 Reference value :  7.19906e-08
 Reference value :  7.22667e-08
 Reference value :  7.24851e-08
 Reference value :  7.27456e-08
 Reference value :  7.30196e-08
 Reference value :  7.32141e-08
 Reference value :  7.34941e-08
 Reference value :  7.36863e-08
 Reference value :  7.40063e-08
 Reference value :  7.42031e-08
 Reference value :  7.45400e-08
 Reference value :  7.47553e-08
 Reference value :  7.50006e-08
 Reference value :  7.50721e-08
 Reference value :  7.53521e-08
 Reference value :  7.55666e-08
 Reference value :  7.58666e-08
 Reference value :  7.60411e-08
 Reference value :  7.63641e-08
 Reference value :  7.65756e-08
 Reference value :  7.68142e-08
 Reference value :  7.70301e-08
 Reference value :  7.72836e-08
 Reference value :  7.75446e-08
 Reference value :  7.77591e-08
 Reference value :  7.81191e-08
 Reference value :  7.83336e-08
 Reference value :  7.86297e-08
 Reference value :  7.88481e-08
 Reference value :  7.91016e-08
 Reference value :  7.93826e-08
 Reference value :  7.95561e-08
 Reference value :  7.98971e-08
 Reference value :  8.00916e-08
 Reference value :  8.03916e-08
 Reference value :  8.05861e-08
 Reference value :  8.09091e-08
 Reference value :  8.11406e-08
 Reference value :  8.13680e-08
 Reference value :  8.15951e-08
 Reference value :  8.18281e-08
 Reference value :  8.20873e-08
 Reference value :  8.23041e-08
 Reference value :  8.25641e-08
 Reference value :  8.27986e-08
 Reference value :  8.30786e-08
 Reference value :  8.32531e-08
 Reference value :  8.35931e-08
 Reference value :  8.38076e-08
 Reference value :  8.40862e-08
 Reference value :  8.41421e-08
 Reference value :  8.44821e-08
 Reference value :  8.45370e-08
 Reference value :  8.46766e-08
 Reference value :  8.48366e-08
 Reference value :  8.49996e-08
 Reference value :  8.51111e-08
 Reference value :  8.53111e-08
 Reference value :  8.54460e-08
 Reference value :  8.55856e-08
 Reference value :  8.57656e-08
 Reference value :  8.59005e-08
 Reference value :  8.60801e-08
 Reference value :  8.63675e-08
 Reference value :  8.65146e-08
 Reference value :  8.67146e-08
 Reference value :  8.69091e-08
 Reference value :  8.72677e-08
 Reference value :  8.74236e-08
 Reference value :  8.76636e-08
 Reference value :  8.78381e-08
 Reference value :  8.81767e-08
 Reference value :  8.83926e-08
 Reference value :  8.86400e-08
 Reference value :  8.87671e-08
 Reference value :  8.90832e-08
 Reference value :  8.93016e-08
 Reference value :  8.95365e-08
 Reference value :  8.96361e-08
 Reference value :  8.98161e-08
 Reference value :  9.00483e-08
 Reference value :  9.03283e-08
 Reference value :  9.05051e-08
 Reference value :  9.05451e-08
 Reference value :  9.07251e-08
 Reference value :  9.09396e-08
 Reference value :  9.12596e-08
 Reference value :  9.14341e-08
 Reference value :  9.17741e-08
 Reference value :  9.19686e-08
 Reference value :  9.22635e-08
 Reference value :  9.24631e-08
 Reference value :  9.27331e-08
 Reference value :  9.30176e-08
 Reference value :  9.32121e-08
 Reference value :  9.35521e-08
 Reference value :  9.37466e-08
 Reference value :  9.40266e-08
 Reference value :  9.42211e-08
 Reference value :  9.45441e-08
 Reference value :  9.47956e-08
 Reference value :  9.50056e-08
 Reference value :  9.53101e-08
 Reference value :  9.55246e-08
 Reference value :  9.58046e-08
 Reference value :  9.59991e-08
 Reference value :  9.61191e-08
 Reference value :  9.62591e-08
 Reference value :  9.63674e-08
 Reference value :  9.66536e-08
 Reference value :  9.68681e-08
 Reference value :  9.72281e-08
 Reference value :  9.74203e-08
 Reference value :  9.77175e-08
 Reference value :  9.78371e-08
 Reference value :  9.81371e-08
 Reference value :  9.83716e-08
 Reference value :  9.86277e-08
 Reference value :  9.86416e-08
 Reference value :  9.86521e-08
 Reference value :  9.87261e-08
 Reference value :  9.89461e-08
 Reference value :  9.90810e-08
 Reference value :  9.90891e-08
 Reference value :  9.91066e-08
 Reference value :  9.93406e-08
 Reference value :  9.94606e-08
 Reference value :  9.95951e-08
 Reference value :  9.98751e-08
 Reference value :  1.00030e-07
 Reference value :  1.00230e-07
 Reference value :  1.00448e-07
 Reference value :  1.00584e-07
 Reference value :  1.00882e-07
 Reference value :  1.00979e-07
 Reference value :  1.01199e-07
 Reference value :  1.01362e-07
 Reference value :  1.01433e-07
 Reference value :  1.01809e-07
 Reference value :  1.02008e-07
 Reference value :  1.02266e-07
 Reference value :  1.02502e-07
 Reference value :  1.02757e-07
 Reference value :  1.03077e-07
 Reference value :  1.03211e-07
 Reference value :  1.03571e-07
 Reference value :  1.03726e-07
 Reference value :  1.03886e-07
 Reference value :  1.04084e-07
 Reference value :  1.04260e-07
 Reference value :  1.04420e-07
 Reference value :  1.04539e-07
 Reference value :  1.04595e-07
 Reference value :  1.04895e-07
 Reference value :  1.05109e-07
 Reference value :  1.05444e-07
 Reference value :  1.05621e-07
 Reference value :  1.05899e-07
 Reference value :  1.06018e-07
 Reference value :  1.06318e-07
 Reference value :  1.06533e-07
 Reference value :  1.06809e-07
 Reference value :  1.06987e-07
 Reference value :  1.07274e-07
 Reference value :  1.07522e-07
 Reference value :  1.07716e-07
 Reference value :  1.07720e-07
 Reference value :  1.07729e-07
 Reference value :  1.07896e-07
 Reference value :  1.08171e-07
 Reference value :  1.08186e-07
 Reference value :  1.08431e-07
 Reference value :  1.08641e-07
 Reference value :  1.08905e-07
 Reference value :  1.09120e-07
 Reference value :  1.09300e-07
 Reference value :  1.09543e-07
 Reference value :  1.09734e-07
 Reference value :  1.10015e-07
 Reference value :  1.10329e-07
 Reference value :  1.10523e-07
 Reference value :  1.10881e-07
 Reference value :  1.11058e-07
 Reference value :  1.11354e-07
 Reference value :  1.11512e-07
 Reference value :  1.11815e-07
 Reference value :  1.12047e-07
 Reference value :  1.12275e-07
 Reference value :  1.12561e-07
 Reference value :  1.12741e-07
 Reference value :  1.12933e-07
 Reference value :  1.12993e-07
 Reference value :  1.13113e-07
 Reference value :  1.13290e-07
 Reference value :  1.13629e-07
 Reference value :  1.13865e-07
 Reference value :  1.14093e-07
 Reference value :  1.14379e-07
 Reference value :  1.14594e-07
 Reference value :  1.14874e-07
 Reference value :  1.15068e-07
 Reference value :  1.15426e-07
 Reference value :  1.15643e-07
 Reference value :  1.15906e-07
 Reference value :  1.16157e-07
 Reference value :  1.16392e-07
 Reference value :  1.16692e-07
 Reference value :  1.16820e-07
 Reference value :  1.17126e-07
 Reference value :  1.17341e-07
 Reference value :  1.17661e-07
 Reference value :  1.17755e-07
 Reference value :  1.18115e-07
 Reference value :  1.18330e-07
 Reference value :  1.18490e-07
 Reference value :  1.18684e-07
 Reference value :  1.18944e-07
 Reference value :  1.19105e-07
 Reference value :  1.19379e-07
 Reference value :  1.19549e-07
 Reference value :  1.19673e-07
 Reference value :  1.19971e-07
 Reference value :  1.20068e-07
 Reference value :  1.20228e-07
 Reference value :  1.20425e-07
 Reference value :  1.20502e-07
 Reference value :  1.20642e-07
 Reference value :  1.20722e-07
 Reference value :  1.20782e-07
 Reference value :  1.20912e-07
 Reference value :  1.21197e-07
 Reference value :  1.21411e-07
 Reference value :  1.21551e-07
 Reference value :  1.21832e-07
 Reference value :  1.22106e-07
 Reference value :  1.22300e-07
 Reference value :  1.22580e-07
 Reference value :  1.22795e-07
 Reference value :  1.23135e-07
 Reference value :  1.23329e-07
 Reference value :  1.23639e-07
 Reference value :  1.23904e-07
 Reference value :  1.24104e-07
 Reference value :  1.24398e-07
 Reference value :  1.24573e-07
 Reference value :  1.24833e-07
 Reference value :  1.25013e-07
 Reference value :  1.25327e-07
 Reference value :  1.25542e-07
 Reference value :  1.25862e-07
 Reference value :  1.26016e-07
 Reference value :  1.26276e-07
 Reference value :  1.26370e-07
 Reference value :  1.26651e-07
 Reference value :  1.26845e-07
 Reference value :  1.27125e-07
 Reference value :  1.27360e-07
 Reference value :  1.27540e-07
 Reference value :  1.27680e-07
 Reference value :  1.27733e-07
 Reference value :  1.28054e-07
 Reference value :  1.28289e-07
 Reference value :  1.28589e-07
 Reference value :  1.28743e-07
 Reference value :  1.29082e-07
 Reference value :  1.29298e-07
 Reference value :  1.29548e-07
 Reference value :  1.29832e-07
 Reference value :  1.30067e-07
 Reference value :  1.30387e-07
 Reference value :  1.30581e-07
 Reference value :  1.30900e-07
 Reference value :  1.31136e-07
 Reference value :  1.31366e-07
 Reference value :  1.31530e-07
 Reference value :  1.31818e-07
 Reference value :  1.32062e-07
 Reference value :  1.32275e-07
 Reference value :  1.32599e-07
 Reference value :  1.32811e-07
 Reference value :  1.33131e-07
 Reference value :  1.33308e-07
 Reference value :  1.33627e-07
 Reference value :  1.33843e-07
 Reference value :  1.34081e-07
 Reference value :  1.34257e-07
 Reference value :  1.34437e-07
 Reference value :  1.34592e-07
 Reference value :  1.34872e-07
 Reference value :  1.35086e-07
 Reference value :  1.35386e-07
 Reference value :  1.35621e-07
 Reference value :  1.35896e-07
 Reference value :  1.35935e-07
 Reference value :  1.36115e-07
 Reference value :  1.36255e-07
 Reference value :  1.36365e-07
 Reference value :  1.36570e-07
 Reference value :  1.36730e-07
 Reference value :  1.36770e-07
 Reference value :  1.36804e-07
 Reference value :  1.36808e-07
 Reference value :  1.36817e-07
 Reference value :  1.36823e-07
 Reference value :  1.36844e-07
 Reference value :  1.36884e-07
 Reference value :  1.36944e-07
 Reference value :  1.37004e-07
 Reference value :  1.37064e-07
 Reference value :  1.37124e-07
 Reference value :  1.37184e-07
 Reference value :  1.37242e-07
 Reference value :  1.37263e-07
 Reference value :  1.37272e-07
 Reference value :  1.37285e-07
 Reference value :  1.37319e-07
 Reference value :  1.37359e-07
 Reference value :  1.37399e-07
 Reference value :  1.37439e-07
 Reference value :  1.37479e-07
 Reference value :  1.37519e-07
 Reference value :  1.37559e-07
 Reference value :  1.37599e-07
 Reference value :  1.37639e-07
 Reference value :  1.37717e-07
 Reference value :  1.37739e-07
 Reference value :  1.37773e-07
 Reference value :  1.37813e-07
 Reference value :  1.37853e-07
 Reference value :  1.37893e-07
 Reference value :  1.37933e-07
 Reference value :  1.37993e-07
 Reference value :  1.38053e-07
 Reference value :  1.38113e-07
 Reference value :  1.38168e-07
 Reference value :  1.38176e-07
 Reference value :  1.38181e-07
 Reference value :  1.38208e-07
 Reference value :  1.38248e-07
 Reference value :  1.38288e-07
 Reference value :  1.38328e-07
 Reference value :  1.38368e-07
 Reference value :  1.38408e-07
 Reference value :  1.38448e-07
 Reference value :  1.38488e-07
 Reference value :  1.38528e-07
 Reference value :  1.38588e-07
 Reference value :  1.38624e-07
 Reference value :  1.38635e-07
 Reference value :  1.38641e-07
 Reference value :  1.38662e-07
 Reference value :  1.38702e-07
 Reference value :  1.38742e-07
 Reference value :  1.38782e-07
 Reference value :  1.38842e-07
 Reference value :  1.38902e-07
 Reference value :  1.38962e-07
 Reference value :  1.39022e-07
 Reference value :  1.39077e-07
 Reference value :  1.39085e-07
 Reference value :  1.39092e-07
 Reference value :  1.39117e-07
 Reference value :  1.39157e-07
 Reference value :  1.39197e-07
 Reference value :  1.39237e-07
 Reference value :  1.39277e-07
 Reference value :  1.39317e-07
 Reference value :  1.39357e-07
 Reference value :  1.39397e-07
 Reference value :  1.39437e-07
 Reference value :  1.39477e-07
 Reference value :  1.39514e-07
 Reference value :  1.39533e-07
 Reference value :  1.39540e-07
 Reference value :  1.39545e-07
 Reference value :  1.39550e-07
 Reference value :  1.39571e-07
 Reference value :  1.39611e-07
 Reference value :  1.39651e-07
 Reference value :  1.39691e-07
 Reference value :  1.39751e-07
 Reference value :  1.39811e-07
 Reference value :  1.39851e-07
 Reference value :  1.39911e-07
 Reference value :  1.39969e-07
 Reference value :  1.39990e-07
 Reference value :  1.39999e-07
 Reference value :  1.40012e-07
 Reference value :  1.40046e-07
 Reference value :  1.40086e-07
 Reference value :  1.40146e-07
 Reference value :  1.40186e-07
 Reference value :  1.40226e-07
 Reference value :  1.40266e-07
 Reference value :  1.40306e-07
 Reference value :  1.40346e-07
 Reference value :  1.40386e-07
 Reference value :  1.40440e-07
 Reference value :  1.40444e-07
 Reference value :  1.40453e-07
 Reference value :  1.40459e-07
 Reference value :  1.40480e-07
 Reference value :  1.40520e-07
 Reference value :  1.40560e-07
 Reference value :  1.40600e-07
 Reference value :  1.40640e-07
 Reference value :  1.40680e-07
 Reference value :  1.40720e-07
 Reference value :  1.40780e-07
 Reference value :  1.40840e-07
 Reference value :  1.40895e-07
 Reference value :  1.40899e-07
 Reference value :  1.40907e-07
 Reference value :  1.40914e-07
 Reference value :  1.40935e-07
 Reference value :  1.40975e-07
 Reference value :  1.41015e-07
 Reference value :  1.41055e-07
 Reference value :  1.41095e-07
 Reference value :  1.41135e-07
 Reference value :  1.41175e-07
 Reference value :  1.41215e-07
 Reference value :  1.41255e-07
 Reference value :  1.41295e-07
 Reference value :  1.41349e-07
 Reference value :  1.41353e-07
 Reference value :  1.41362e-07
 Reference value :  1.41368e-07
 Reference value :  1.41389e-07
 Reference value :  1.41429e-07
 Reference value :  1.41449e-07
 Reference value :  1.41489e-07
 Reference value :  1.41529e-07
 Reference value :  1.41569e-07
 Reference value :  1.41609e-07
 Reference value :  1.41649e-07
 Reference value :  1.41689e-07
 Reference value :  1.41729e-07
 Reference value :  1.41769e-07
 Reference value :  1.41804e-07
 Reference value :  1.41808e-07
 Reference value :  1.41816e-07
 Reference value :  1.41823e-07
 Reference value :  1.41844e-07
 Reference value :  1.41884e-07
 Reference value :  1.41924e-07
 Reference value :  1.41964e-07
 Reference value :  1.42004e-07
 Reference value :  1.42044e-07
 Reference value :  1.42084e-07
 Reference value :  1.42124e-07
 Reference value :  1.42164e-07
 Reference value :  1.42204e-07
 Reference value :  1.42258e-07
 Reference value :  1.42267e-07
 Reference value :  1.42272e-07
 Reference value :  1.42284e-07
 Reference value :  1.42318e-07
 Reference value :  1.42358e-07
 Reference value :  1.42398e-07
 Reference value :  1.42438e-07
 Reference value :  1.42478e-07
 Reference value :  1.42518e-07
 Reference value :  1.42578e-07
 Reference value :  1.42638e-07
 Reference value :  1.42696e-07
 Reference value :  1.42714e-07
 Reference value :  1.42725e-07
 Reference value :  1.42732e-07
 Reference value :  1.42753e-07
 Reference value :  1.42793e-07
 Reference value :  1.42833e-07
 Reference value :  1.42873e-07
 Reference value :  1.42913e-07
 Reference value :  1.42953e-07
 Reference value :  1.42993e-07
 Reference value :  1.43033e-07
 Reference value :  1.43073e-07
 Reference value :  1.43113e-07
 Reference value :  1.43150e-07
 Reference value :  1.43169e-07
 Reference value :  1.43180e-07
 Reference value :  1.43186e-07
 Reference value :  1.43207e-07
 Reference value :  1.43247e-07
 Reference value :  1.43287e-07
 Reference value :  1.43327e-07
 Reference value :  1.43367e-07
 Reference value :  1.43407e-07
 Reference value :  1.43447e-07
 Reference value :  1.43487e-07
 Reference value :  1.43527e-07
 Reference value :  1.43587e-07
 Reference value :  1.43623e-07
 Reference value :  1.43634e-07
 Reference value :  1.43641e-07
 Reference value :  1.43662e-07
 Reference value :  1.43702e-07
 Reference value :  1.43762e-07
 Reference value :  1.43802e-07
 Reference value :  1.43842e-07
 Reference value :  1.43882e-07
 Reference value :  1.43922e-07
 Reference value :  1.43962e-07
 Reference value :  1.44002e-07
 Reference value :  1.44059e-07
 Reference value :  1.44078e-07
 Reference value :  1.44089e-07
 Reference value :  1.44095e-07
 Reference value :  1.44116e-07
 Reference value :  1.44156e-07
 Reference value :  1.44176e-07
 Reference value :  1.44216e-07
 Reference value :  1.44256e-07
 Reference value :  1.44316e-07
 Reference value :  1.44356e-07
 Reference value :  1.44396e-07
 Reference value :  1.44456e-07
 Reference value :  1.44531e-07
 Reference value :  1.44539e-07
 Reference value :  1.44546e-07
 Reference value :  1.44557e-07
 Reference value :  1.44591e-07
 Reference value :  1.44631e-07
 Reference value :  1.44671e-07
 Reference value :  1.44711e-07
 Reference value :  1.44751e-07
 Reference value :  1.44791e-07
 Reference value :  1.44831e-07
 Reference value :  1.44871e-07
 Reference value :  1.44911e-07
 Reference value :  1.44951e-07
 Reference value :  1.44985e-07
 Reference value :  1.44989e-07
 Reference value :  1.44999e-07
 Reference value :  1.45011e-07
 Reference value :  1.45045e-07
 Reference value :  1.45085e-07
 Reference value :  1.45125e-07
 Reference value :  1.45165e-07
 Reference value :  1.45205e-07
 Reference value :  1.45265e-07
 Reference value :  1.45305e-07
 Reference value :  1.45365e-07
 Reference value :  1.45405e-07
 Reference value :  1.45441e-07
 Reference value :  1.45448e-07
 Reference value :  1.45453e-07
 Reference value :  1.45466e-07
 Reference value :  1.45540e-07
 Reference value :  1.45580e-07
 Reference value :  1.45620e-07
 Reference value :  1.45660e-07
 Reference value :  1.45700e-07
 Reference value :  1.45760e-07
 Reference value :  1.45820e-07
 Reference value :  1.45860e-07
 Reference value :  1.45896e-07
 Reference value :  1.45903e-07
 Reference value :  1.45908e-07
 Reference value :  1.45920e-07
 Reference value :  1.45954e-07
 Reference value :  1.45994e-07
 Reference value :  1.46034e-07
 Reference value :  1.46094e-07
 Reference value :  1.46154e-07
 Reference value :  1.46214e-07
 Reference value :  1.46274e-07
 Reference value :  1.46332e-07
 Reference value :  1.46350e-07
 Reference value :  1.46361e-07
 Reference value :  1.46368e-07
 Reference value :  1.46389e-07
 Reference value :  1.46429e-07
 Reference value :  1.46469e-07
 Reference value :  1.46509e-07
 Reference value :  1.46549e-07
 Reference value :  1.46589e-07
 Reference value :  1.46629e-07
 Reference value :  1.46669e-07
 Reference value :  1.46709e-07
 Reference value :  1.46749e-07
 Reference value :  1.46786e-07
 Reference value :  1.46805e-07
 Reference value :  1.46812e-07
 Reference value :  1.46819e-07
 Reference value :  1.46829e-07
 Reference value :  1.46863e-07
 Reference value :  1.46903e-07
 Reference value :  1.46943e-07
 Reference value :  1.46983e-07
 Reference value :  1.47043e-07
 Reference value :  1.47083e-07
 Reference value :  1.47143e-07
 Reference value :  1.47183e-07
 Reference value :  1.47241e-07
 Reference value :  1.47260e-07
 Reference value :  1.47270e-07
 Reference value :  1.47276e-07
 Reference value :  1.47295e-07
 Reference value :  1.47335e-07
 Reference value :  1.47375e-07
 Reference value :  1.47415e-07
 Reference value :  1.47455e-07
 Reference value :  1.47515e-07
 Reference value :  1.47555e-07
 Reference value :  1.47595e-07
 Reference value :  1.47635e-07
 Reference value :  1.47675e-07
 Reference value :  1.47712e-07
 Reference value :  1.47721e-07
 Reference value :  1.47728e-07
 Reference value :  1.47738e-07
 Reference value :  1.47772e-07
 Reference value :  1.47812e-07
 Reference value :  1.47852e-07
 Reference value :  1.47892e-07
 Reference value :  1.47952e-07
 Reference value :  1.48012e-07
 Reference value :  1.48072e-07
 Reference value :  1.48132e-07
 Reference value :  1.48169e-07
 Reference value :  1.48180e-07
 Reference value :  1.48191e-07
 Reference value :  1.48224e-07
 Reference value :  1.48264e-07
 Reference value :  1.48304e-07
 Reference value :  1.48364e-07
 Reference value :  1.48404e-07
 Reference value :  1.48444e-07
 Reference value :  1.48484e-07
 Reference value :  1.48524e-07
 Reference value :  1.48564e-07
 Reference value :  1.48622e-07
 Reference value :  1.48625e-07
 Reference value :  1.48635e-07
 Reference value :  1.48647e-07
 Reference value :  1.48681e-07
 Reference value :  1.48721e-07
 Reference value :  1.48761e-07
 Reference value :  1.48801e-07
 Reference value :  1.48841e-07
 Reference value :  1.48901e-07
 Reference value :  1.48941e-07
 Reference value :  1.49001e-07
 Reference value :  1.49041e-07
 Reference value :  1.49076e-07
 Reference value :  1.49080e-07
 Reference value :  1.49089e-07
 Reference value :  1.49102e-07
 Reference value :  1.49136e-07
 Reference value :  1.49176e-07
 Reference value :  1.49216e-07
 Reference value :  1.49256e-07
 Reference value :  1.49296e-07
 Reference value :  1.49336e-07
 Reference value :  1.49376e-07
 Reference value :  1.49416e-07
 Reference value :  1.49456e-07
 Reference value :  1.49496e-07
 Reference value :  1.49532e-07
 Reference value :  1.49543e-07
 Reference value :  1.49546e-07
 Reference value :  1.49570e-07
 Reference value :  1.49610e-07
 Reference value :  1.49650e-07
 Reference value :  1.49690e-07
 Reference value :  1.49730e-07
 Reference value :  1.49770e-07
 Reference value :  1.49810e-07
 Reference value :  1.49850e-07
 Reference value :  1.49890e-07
 Reference value :  1.49950e-07
 Reference value :  1.49986e-07
 Reference value :  1.49998e-07
 Reference value :  1.50004e-07
 Reference value :  1.50025e-07
 Reference value :  1.50065e-07
 Reference value :  1.50105e-07
 Reference value :  1.50145e-07
 Reference value :  1.50185e-07
 Reference value :  1.50225e-07
 Reference value :  1.50265e-07
 Reference value :  1.50305e-07
 Reference value :  1.50345e-07
 Reference value :  1.50385e-07
 Reference value :  1.50440e-07
 Reference value :  1.50443e-07
 Reference value :  1.50453e-07
 Reference value :  1.50465e-07
 Reference value :  1.50499e-07
 Reference value :  1.50539e-07
 Reference value :  1.50579e-07
 Reference value :  1.50619e-07
 Reference value :  1.50679e-07
 Reference value :  1.50739e-07
 Reference value :  1.50779e-07
 Reference value :  1.50839e-07
 Reference value :  1.50894e-07
 Reference value :  1.50898e-07
 Reference value :  1.50907e-07
 Reference value :  1.50920e-07
 Reference value :  1.50954e-07
 Reference value :  1.50994e-07
 Reference value :  1.51034e-07
 Reference value :  1.51074e-07
 Reference value :  1.51114e-07
 Reference value :  1.51154e-07
 Reference value :  1.51194e-07
 Reference value :  1.51234e-07
 Reference value :  1.51274e-07
 Reference value :  1.51314e-07
 Reference value :  1.51349e-07
 Reference value :  1.51357e-07
 Reference value :  1.51364e-07
 Reference value :  1.51374e-07
 Reference value :  1.51408e-07
 Reference value :  1.51448e-07
 Reference value :  1.51488e-07
 Reference value :  1.51528e-07
 Reference value :  1.51588e-07
 Reference value :  1.51648e-07
 Reference value :  1.51708e-07
 Reference value :  1.51768e-07
 Reference value :  1.51804e-07
 Reference value :  1.51811e-07
 Reference value :  1.51818e-07
 Reference value :  1.51829e-07
 Reference value :  1.51863e-07
 Reference value :  1.51903e-07
 Reference value :  1.51943e-07
 Reference value :  1.51983e-07
 Reference value :  1.52023e-07
 Reference value :  1.52063e-07
 Reference value :  1.52103e-07
 Reference value :  1.52143e-07
 Reference value :  1.52183e-07
 Reference value :  1.52223e-07
 Reference value :  1.52259e-07
 Reference value :  1.52270e-07
 Reference value :  1.52273e-07
 Reference value :  1.52283e-07
 Reference value :  1.52317e-07
 Reference value :  1.52357e-07
 Reference value :  1.52397e-07
 Reference value :  1.52437e-07
 Reference value :  1.52497e-07
 Reference value :  1.52557e-07
 Reference value :  1.52617e-07
 Reference value :  1.52677e-07
 Reference value :  1.52712e-07
 Reference value :  1.52716e-07
 Reference value :  1.52725e-07
 Reference value :  1.52738e-07
 Reference value :  1.52772e-07
 Reference value :  1.52812e-07
 Reference value :  1.52852e-07
 Reference value :  1.52892e-07
 Reference value :  1.52932e-07
 Reference value :  1.52972e-07
 Reference value :  1.53012e-07
 Reference value :  1.53052e-07
 Reference value :  1.53092e-07
 Reference value :  1.53132e-07
 Reference value :  1.53166e-07
 Reference value :  1.53170e-07
 Reference value :  1.53179e-07
 Reference value :  1.53182e-07
 Reference value :  1.53192e-07
 Reference value :  1.53226e-07
 Reference value :  1.53266e-07
 Reference value :  1.53306e-07
 Reference value :  1.53346e-07
 Reference value :  1.53386e-07
 Reference value :  1.53446e-07
 Reference value :  1.53506e-07
 Reference value :  1.53566e-07
 Reference value :  1.53621e-07
 Reference value :  1.53629e-07
 Reference value :  1.53634e-07
 Reference value :  1.53661e-07
 Reference value :  1.53701e-07
 Reference value :  1.53741e-07
 Reference value :  1.53781e-07
 Reference value :  1.53821e-07
 Reference value :  1.53861e-07
 Reference value :  1.53901e-07
 Reference value :  1.53941e-07
 Reference value :  1.53981e-07
 Reference value :  1.54021e-07
 Reference value :  1.54075e-07
 Reference value :  1.54079e-07
 Reference value :  1.54088e-07
 Reference value :  1.54091e-07
 Reference value :  1.54101e-07
 Reference value :  1.54135e-07
 Reference value :  1.54175e-07
 Reference value :  1.54215e-07
 Reference value :  1.54255e-07
 Reference value :  1.54295e-07
 Reference value :  1.54355e-07
 Reference value :  1.54415e-07
 Reference value :  1.54455e-07
 Reference value :  1.54513e-07
 Reference value :  1.54531e-07
 Reference value :  1.54542e-07
 Reference value :  1.54549e-07
 Reference value :  1.54570e-07
 Reference value :  1.54610e-07
 Reference value :  1.54650e-07
 Reference value :  1.54690e-07
 Reference value :  1.54730e-07
 Reference value :  1.54770e-07
 Reference value :  1.54810e-07
 Reference value :  1.54850e-07
 Reference value :  1.54890e-07
 Reference value :  1.54930e-07
 Reference value :  1.54967e-07
 Reference value :  1.54986e-07
 Reference value :  1.54993e-07
 Reference value :  1.54998e-07
 Reference value :  1.55010e-07
 Reference value :  1.55044e-07
 Reference value :  1.55084e-07
 Reference value :  1.55124e-07
 Reference value :  1.55164e-07
 Reference value :  1.55224e-07
 Reference value :  1.55264e-07
 Reference value :  1.55324e-07
 Reference value :  1.55384e-07
 Reference value :  1.55439e-07
 Reference value :  1.55443e-07
 Reference value :  1.55452e-07
 Reference value :  1.55465e-07
 Reference value :  1.55499e-07
 Reference value :  1.55539e-07
 Reference value :  1.55579e-07
 Reference value :  1.55619e-07
 Reference value :  1.55659e-07
 Reference value :  1.55699e-07
 Reference value :  1.55739e-07
 Reference value :  1.55779e-07
 Reference value :  1.55819e-07
 Reference value :  1.55876e-07
 Reference value :  1.55895e-07
 Reference value :  1.55906e-07
 Reference value :  1.55912e-07
 Reference value :  1.55933e-07
 Reference value :  1.55973e-07
 Reference value :  1.56013e-07
 Reference value :  1.56053e-07
 Reference value :  1.56093e-07
 Reference value :  1.56153e-07
 Reference value :  1.56193e-07
 Reference value :  1.56233e-07
 Reference value :  1.56273e-07
 Reference value :  1.56331e-07
 Reference value :  1.56349e-07
 Reference value :  1.56360e-07
 Reference value :  1.56367e-07
 Reference value :  1.56388e-07
 Reference value :  1.56428e-07
 Reference value :  1.56468e-07
 Reference value :  1.56508e-07
 Reference value :  1.56548e-07
 Reference value :  1.56588e-07
 Reference value :  1.56628e-07
 Reference value :  1.56668e-07
 Reference value :  1.56708e-07
 Reference value :  1.56748e-07
 Reference value :  1.56785e-07
 Reference value :  1.56804e-07
 Reference value :  1.56815e-07
 Reference value :  1.56821e-07
 Reference value :  1.56842e-07
 Reference value :  1.56882e-07
 Reference value :  1.56902e-07
 Reference value :  1.56922e-07
 Reference value :  1.56962e-07
 Reference value :  1.57002e-07
 Reference value :  1.57042e-07
 Reference value :  1.57102e-07
 Reference value :  1.57142e-07
 Reference value :  1.57202e-07
 Reference value :  1.57257e-07
 Reference value :  1.57265e-07
 Reference value :  1.57272e-07
 Reference value :  1.57283e-07
 Reference value :  1.57317e-07
 Reference value :  1.57357e-07
 Reference value :  1.57397e-07
 Reference value :  1.57437e-07
 Reference value :  1.57477e-07
 Reference value :  1.57517e-07
 Reference value :  1.57557e-07
 Reference value :  1.57577e-07
 Reference value :  1.57617e-07
 Reference value :  1.57657e-07
 Reference value :  1.57711e-07
 Reference value :  1.57715e-07
 Reference value :  1.57724e-07
 Reference value :  1.57730e-07
 Reference value :  1.57751e-07
 Reference value :  1.57791e-07
 Reference value :  1.57831e-07
 Reference value :  1.57871e-07
 Reference value :  1.57931e-07
 Reference value :  1.57971e-07
 Reference value :  1.58011e-07
 Reference value :  1.58051e-07
 Reference value :  1.58111e-07
 Reference value :  1.58166e-07
 Reference value :  1.58170e-07
 Reference value :  1.58179e-07
 Reference value :  1.58192e-07
 Reference value :  1.58226e-07
 Reference value :  1.58266e-07
 Reference value :  1.58306e-07
 Reference value :  1.58346e-07
 Reference value :  1.58386e-07
 Reference value :  1.58426e-07
 Reference value :  1.58466e-07
 Reference value :  1.58506e-07
 Reference value :  1.58546e-07
 Reference value :  1.58586e-07
 Reference value :  1.58620e-07
 Reference value :  1.58624e-07
 Reference value :  1.58633e-07
 Reference value :  1.58639e-07
 Reference value :  1.58660e-07
 Reference value :  1.58700e-07
 Reference value :  1.58720e-07
 Reference value :  1.58760e-07
 Reference value :  1.58800e-07
 Reference value :  1.58860e-07
 Reference value :  1.58920e-07
 Reference value :  1.58960e-07
 Reference value :  1.59020e-07
 Reference value :  1.59075e-07
 Reference value :  1.59083e-07
 Reference value :  1.59090e-07
 Reference value :  1.59101e-07
 Reference value :  1.59135e-07
 Reference value :  1.59175e-07
 Reference value :  1.59215e-07
 Reference value :  1.59255e-07
 Reference value :  1.59295e-07
 Reference value :  1.59335e-07
 Reference value :  1.59375e-07
 Reference value :  1.59415e-07
 Reference value :  1.59455e-07
 Reference value :  1.59512e-07
 Reference value :  1.59531e-07
 Reference value :  1.59542e-07
 Reference value :  1.59548e-07
 Reference value :  1.59569e-07
 Reference value :  1.59609e-07
 Reference value :  1.59649e-07
 Reference value :  1.59689e-07
 Reference value :  1.59749e-07
 Reference value :  1.59809e-07
 Reference value :  1.59849e-07
 Reference value :  1.59909e-07
 Reference value :  1.59949e-07
 Reference value :  1.59984e-07
 Reference value :  1.59988e-07
 Reference value :  1.59996e-07
 Reference value :  1.60003e-07
 Reference value :  1.60024e-07
 Reference value :  1.60064e-07
 Reference value :  1.60104e-07
 Reference value :  1.60144e-07
 Reference value :  1.60184e-07
 Reference value :  1.60224e-07
 Reference value :  1.60264e-07
 Reference value :  1.60304e-07
 Reference value :  1.60344e-07
 Reference value :  1.60384e-07
 Reference value :  1.60438e-07
 Reference value :  1.60442e-07
 Reference value :  1.60451e-07
 Reference value :  1.60457e-07
 Reference value :  1.60478e-07
 Reference value :  1.60518e-07
 Reference value :  1.60538e-07
 Reference value :  1.60578e-07
 Reference value :  1.60618e-07
 Reference value :  1.60658e-07
 Reference value :  1.60698e-07
 Reference value :  1.60738e-07
 Reference value :  1.60798e-07
 Reference value :  1.60838e-07
 Reference value :  1.60876e-07
 Reference value :  1.60897e-07
 Reference value :  1.60906e-07
 Reference value :  1.60919e-07
 Reference value :  1.60953e-07
 Reference value :  1.60993e-07
 Reference value :  1.61033e-07
 Reference value :  1.61073e-07
 Reference value :  1.61113e-07
 Reference value :  1.61153e-07
 Reference value :  1.61193e-07
 Reference value :  1.61233e-07
 Reference value :  1.61273e-07
 Reference value :  1.61313e-07
 Reference value :  1.61347e-07
 Reference value :  1.61351e-07
 Reference value :  1.61360e-07
 Reference value :  1.61366e-07
 Reference value :  1.61387e-07
 Reference value :  1.61427e-07
 Reference value :  1.61467e-07
 Reference value :  1.61507e-07
 Reference value :  1.61567e-07
 Reference value :  1.61627e-07
 Reference value :  1.61667e-07
 Reference value :  1.61707e-07
 Reference value :  1.61747e-07
 Reference value :  1.61785e-07
 Reference value :  1.61803e-07
 Reference value :  1.61810e-07
 Reference value :  1.61817e-07
 Reference value :  1.61842e-07
 Reference value :  1.61882e-07
 Reference value :  1.61922e-07
 Reference value :  1.61962e-07
 Reference value :  1.62002e-07
 Reference value :  1.62042e-07
 Reference value :  1.62082e-07
 Reference value :  1.62122e-07
 Reference value :  1.62162e-07
 Reference value :  1.62202e-07
 Reference value :  1.62239e-07
 Reference value :  1.62258e-07
 Reference value :  1.62269e-07
 Reference value :  1.62272e-07
 Reference value :  1.62282e-07
 Reference value :  1.62316e-07
 Reference value :  1.62356e-07
 Reference value :  1.62396e-07
 Reference value :  1.62436e-07
 Reference value :  1.62496e-07
 Reference value :  1.62556e-07
 Reference value :  1.62596e-07
 Reference value :  1.62636e-07
 Reference value :  1.62694e-07
 Reference value :  1.62717e-07
 Reference value :  1.62724e-07
 Reference value :  1.62729e-07
 Reference value :  1.62748e-07
 Reference value :  1.62788e-07
 Reference value :  1.62828e-07
 Reference value :  1.62868e-07
 Reference value :  1.62908e-07
 Reference value :  1.62948e-07
 Reference value :  1.62988e-07
 Reference value :  1.63028e-07
 Reference value :  1.63068e-07
 Reference value :  1.63108e-07
 Reference value :  1.63147e-07
 Reference value :  1.63167e-07
 Reference value :  1.63178e-07
 Reference value :  1.63184e-07
 Reference value :  1.63205e-07
 Reference value :  1.63245e-07
 Reference value :  1.63285e-07
 Reference value :  1.63325e-07
 Reference value :  1.63385e-07
 Reference value :  1.63445e-07
 Reference value :  1.63485e-07
 Reference value :  1.63545e-07
 Reference value :  1.63603e-07
 Reference value :  1.63622e-07
 Reference value :  1.63633e-07
 Reference value :  1.63638e-07
 Reference value :  1.63657e-07
 Reference value :  1.63697e-07
 Reference value :  1.63737e-07
 Reference value :  1.63777e-07
 Reference value :  1.63817e-07
 Reference value :  1.63857e-07
 Reference value :  1.63897e-07
 Reference value :  1.63937e-07
 Reference value :  1.63977e-07
 Reference value :  1.64017e-07
 Reference value :  1.64056e-07
 Reference value :  1.64076e-07
 Reference value :  1.64087e-07
 Reference value :  1.64093e-07
 Reference value :  1.64114e-07
 Reference value :  1.64154e-07
 Reference value :  1.64194e-07
 Reference value :  1.64234e-07
 Reference value :  1.64274e-07
 Reference value :  1.64314e-07
 Reference value :  1.64354e-07
 Reference value :  1.64394e-07
 Reference value :  1.64434e-07
 Reference value :  1.64454e-07
 Reference value :  1.64494e-07
 Reference value :  1.64529e-07
 Reference value :  1.64533e-07
 Reference value :  1.64542e-07
 Reference value :  1.64548e-07
 Reference value :  1.64569e-07
 Reference value :  1.64609e-07
 Reference value :  1.64649e-07
 Reference value :  1.64689e-07
 Reference value :  1.64729e-07
 Reference value :  1.64769e-07
 Reference value :  1.64809e-07
 Reference value :  1.64849e-07
 Reference value :  1.64889e-07
 Reference value :  1.64929e-07
 Reference value :  1.64966e-07
 Reference value :  1.64985e-07
 Reference value :  1.64996e-07
 Reference value :  1.65002e-07
 Reference value :  1.65023e-07
 Reference value :  1.65063e-07
 Reference value :  1.65103e-07
 Reference value :  1.65143e-07
 Reference value :  1.65203e-07
 Reference value :  1.65243e-07
 Reference value :  1.65283e-07
 Reference value :  1.65343e-07
 Reference value :  1.65383e-07
 Reference value :  1.65438e-07
 Reference value :  1.65442e-07
 Reference value :  1.65451e-07
 Reference value :  1.65464e-07
 Reference value :  1.65498e-07
 Reference value :  1.65538e-07
 Reference value :  1.65578e-07
 Reference value :  1.65618e-07
 Reference value :  1.65658e-07
 Reference value :  1.65698e-07
 Reference value :  1.65738e-07
 Reference value :  1.65778e-07
 Reference value :  1.65818e-07
 Reference value :  1.65858e-07
 Reference value :  1.65893e-07
 Reference value :  1.65901e-07
 Reference value :  1.65906e-07
 Reference value :  1.65918e-07
 Reference value :  1.65952e-07
 Reference value :  1.65992e-07
 Reference value :  1.66032e-07
 Reference value :  1.66072e-07
 Reference value :  1.66112e-07
 Reference value :  1.66152e-07
 Reference value :  1.66192e-07
 Reference value :  1.66232e-07
 Reference value :  1.66272e-07
 Reference value :  1.66330e-07
 Reference value :  1.66351e-07
 Reference value :  1.66360e-07
 Reference value :  1.66362e-07
 Reference value :  1.66373e-07
 Reference value :  1.66407e-07
 Reference value :  1.66447e-07
 Reference value :  1.66487e-07
 Reference value :  1.66527e-07
 Reference value :  1.66567e-07
 Reference value :  1.66607e-07
 Reference value :  1.66647e-07
 Reference value :  1.66687e-07
 Reference value :  1.66727e-07
 Reference value :  1.66784e-07
 Reference value :  1.66803e-07
 Reference value :  1.66814e-07
 Reference value :  1.66820e-07
 Reference value :  1.66841e-07
 Reference value :  1.66881e-07
 Reference value :  1.66921e-07
 Reference value :  1.66961e-07
 Reference value :  1.67021e-07
 Reference value :  1.67081e-07
 Reference value :  1.67141e-07
 Reference value :  1.67181e-07
 Reference value :  1.67239e-07
 Reference value :  1.67260e-07
 Reference value :  1.67269e-07
 Reference value :  1.67282e-07
 Reference value :  1.67316e-07
 Reference value :  1.67356e-07
 Reference value :  1.67396e-07
 Reference value :  1.67436e-07
 Reference value :  1.67476e-07
 Reference value :  1.67516e-07
 Reference value :  1.67556e-07
 Reference value :  1.67596e-07
 Reference value :  1.67636e-07
 Reference value :  1.67676e-07
 Reference value :  1.67710e-07
 Reference value :  1.67714e-07
 Reference value :  1.67723e-07
 Reference value :  1.67729e-07
 Reference value :  1.67750e-07
 Reference value :  1.67790e-07
 Reference value :  1.67830e-07
 Reference value :  1.67870e-07
 Reference value :  1.67910e-07
 Reference value :  1.67950e-07
 Reference value :  1.68010e-07
 Reference value :  1.68070e-07
 Reference value :  1.68130e-07
 Reference value :  1.68166e-07
 Reference value :  1.68177e-07
 Reference value :  1.68184e-07
 Reference value :  1.68205e-07
 Reference value :  1.68245e-07
 Reference value :  1.68285e-07
 Reference value :  1.68325e-07
 Reference value :  1.68365e-07
 Reference value :  1.68405e-07
 Reference value :  1.68445e-07
 Reference value :  1.68485e-07
 Reference value :  1.68545e-07
 Reference value :  1.68585e-07
 Reference value :  1.68619e-07
 Reference value :  1.68623e-07
 Reference value :  1.68632e-07
 Reference value :  1.68638e-07
 Reference value :  1.68659e-07
 Reference value :  1.68699e-07
 Reference value :  1.68719e-07
 Reference value :  1.68759e-07
 Reference value :  1.68799e-07
 Reference value :  1.68839e-07
 Reference value :  1.68879e-07
 Reference value :  1.68939e-07
 Reference value :  1.68999e-07
 Reference value :  1.69039e-07
 Reference value :  1.69075e-07
 Reference value :  1.69086e-07
 Reference value :  1.69093e-07
 Reference value :  1.69114e-07
 Reference value :  1.69154e-07
 Reference value :  1.69194e-07
 Reference value :  1.69234e-07
 Reference value :  1.69274e-07
 Reference value :  1.69314e-07
 Reference value :  1.69354e-07
 Reference value :  1.69394e-07
 Reference value :  1.69434e-07
 Reference value :  1.69474e-07
 Reference value :  1.69528e-07
 Reference value :  1.69532e-07
 Reference value :  1.69541e-07
 Reference value :  1.69547e-07
 Reference value :  1.69568e-07
 Reference value :  1.69608e-07
 Reference value :  1.69648e-07
 Reference value :  1.69688e-07
 Reference value :  1.69728e-07
 Reference value :  1.69768e-07
 Reference value :  1.69808e-07
 Reference value :  1.69868e-07
 Reference value :  1.69928e-07
 Reference value :  1.69983e-07
 Reference value :  1.69987e-07
 Reference value :  1.69995e-07
 Reference value :  1.70002e-07
 Reference value :  1.70023e-07
 Reference value :  1.70063e-07
 Reference value :  1.70103e-07
 Reference value :  1.70143e-07
 Reference value :  1.70183e-07
 Reference value :  1.70223e-07
 Reference value :  1.70263e-07
 Reference value :  1.70303e-07
 Reference value :  1.70343e-07
 Reference value :  1.70383e-07
 Reference value :  1.70420e-07
 Reference value :  1.70439e-07
 Reference value :  1.70450e-07
 Reference value :  1.70453e-07
 Reference value :  1.70463e-07
 Reference value :  1.70497e-07
 Reference value :  1.70537e-07
 Reference value :  1.70577e-07
 Reference value :  1.70617e-07
 Reference value :  1.70677e-07
 Reference value :  1.70717e-07
 Reference value :  1.70777e-07
 Reference value :  1.70837e-07
 Reference value :  1.70892e-07
 Reference value :  1.70900e-07
 Reference value :  1.70905e-07
 Reference value :  1.70918e-07
 Reference value :  1.70952e-07
 Reference value :  1.70992e-07
 Reference value :  1.71032e-07
 Reference value :  1.71072e-07
 Reference value :  1.71112e-07
 Reference value :  1.71152e-07
 Reference value :  1.71192e-07
 Reference value :  1.71232e-07
 Reference value :  1.71272e-07
 Reference value :  1.71346e-07
 Reference value :  1.71350e-07
 Reference value :  1.71360e-07
 Reference value :  1.71365e-07
 Reference value :  1.71386e-07
 Reference value :  1.71426e-07
 Reference value :  1.71466e-07
 Reference value :  1.71506e-07
 Reference value :  1.71566e-07
 Reference value :  1.71626e-07
 Reference value :  1.71666e-07
 Reference value :  1.71726e-07
 Reference value :  1.71784e-07
 Reference value :  1.71805e-07
 Reference value :  1.71814e-07
 Reference value :  1.71827e-07
 Reference value :  1.71861e-07
 Reference value :  1.71901e-07
 Reference value :  1.71941e-07
 Reference value :  1.71981e-07
 Reference value :  1.72021e-07
 Reference value :  1.72061e-07
 Reference value :  1.72101e-07
 Reference value :  1.72141e-07
 Reference value :  1.72181e-07
 Reference value :  1.72221e-07
 Reference value :  1.72255e-07
 Reference value :  1.72259e-07
 Reference value :  1.72269e-07
 Reference value :  1.72281e-07
 Reference value :  1.72315e-07
 Reference value :  1.72355e-07
 Reference value :  1.72375e-07
 Reference value :  1.72415e-07
 Reference value :  1.72455e-07
 Reference value :  1.72495e-07
 Reference value :  1.72535e-07
 Reference value :  1.72575e-07
 Reference value :  1.72615e-07
 Reference value :  1.72655e-07
 Reference value :  1.72710e-07
 Reference value :  1.72714e-07
 Reference value :  1.72722e-07
 Reference value :  1.72729e-07
 Reference value :  1.72750e-07
 Reference value :  1.72790e-07
 Reference value :  1.72830e-07
 Reference value :  1.72870e-07
 Reference value :  1.72910e-07
 Reference value :  1.72950e-07
 Reference value :  1.72990e-07
 Reference value :  1.73030e-07
 Reference value :  1.73070e-07
 Reference value :  1.73110e-07
 Reference value :  1.73164e-07
 Reference value :  1.73168e-07
 Reference value :  1.73178e-07
 Reference value :  1.73190e-07
 Reference value :  1.73224e-07
 Reference value :  1.73264e-07
 Reference value :  1.73304e-07
 Reference value :  1.73344e-07
 Reference value :  1.73404e-07
 Reference value :  1.73464e-07
 Reference value :  1.73524e-07
 Reference value :  1.73584e-07
 Reference value :  1.73620e-07
 Reference value :  1.73631e-07
 Reference value :  1.73638e-07
 Reference value :  1.73659e-07
 Reference value :  1.73699e-07
 Reference value :  1.73739e-07
 Reference value :  1.73779e-07
 Reference value :  1.73819e-07
 Reference value :  1.73859e-07
 Reference value :  1.73899e-07
 Reference value :  1.73939e-07
 Reference value :  1.73979e-07
 Reference value :  1.74019e-07
 Reference value :  1.74056e-07
 Reference value :  1.74075e-07
 Reference value :  1.74082e-07
 Reference value :  1.74089e-07
 Reference value :  1.74099e-07
 Reference value :  1.74133e-07
 Reference value :  1.74173e-07
 Reference value :  1.74213e-07
 Reference value :  1.74253e-07
 Reference value :  1.74313e-07
 Reference value :  1.74353e-07
 Reference value :  1.74393e-07
 Reference value :  1.74453e-07
 Reference value :  1.74511e-07
 Reference value :  1.74529e-07
 Reference value :  1.74540e-07
 Reference value :  1.74547e-07
 Reference value :  1.74568e-07
 Reference value :  1.74608e-07
 Reference value :  1.74648e-07
 Reference value :  1.74688e-07
 Reference value :  1.74728e-07
 Reference value :  1.74768e-07
 Reference value :  1.74808e-07
 Reference value :  1.74848e-07
 Reference value :  1.74888e-07
 Reference value :  1.74928e-07
 Reference value :  1.74965e-07
 Reference value :  1.74984e-07
 Reference value :  1.74995e-07
 Reference value :  1.74998e-07
 Reference value :  1.75008e-07
 Reference value :  1.75042e-07
 Reference value :  1.75082e-07
 Reference value :  1.75122e-07
 Reference value :  1.75162e-07
 Reference value :  1.75222e-07
 Reference value :  1.75282e-07
 Reference value :  1.75322e-07
 Reference value :  1.75382e-07
 Reference value :  1.75437e-07
 Reference value :  1.75441e-07
 Reference value :  1.75450e-07
 Reference value :  1.75463e-07
 Reference value :  1.75497e-07
 Reference value :  1.75537e-07
 Reference value :  1.75577e-07
 Reference value :  1.75617e-07
 Reference value :  1.75657e-07
 Reference value :  1.75697e-07
 Reference value :  1.75737e-07
 Reference value :  1.75777e-07
 Reference value :  1.75817e-07
 Reference value :  1.75857e-07
 Reference value :  1.75891e-07
 Reference value :  1.75895e-07
 Reference value :  1.75904e-07
 Reference value :  1.75907e-07
 Reference value :  1.75917e-07
 Reference value :  1.75951e-07
 Reference value :  1.75991e-07
 Reference value :  1.76031e-07
 Reference value :  1.76071e-07
 Reference value :  1.76111e-07
 Reference value :  1.76171e-07
 Reference value :  1.76231e-07
 Reference value :  1.76291e-07
 Reference value :  1.76329e-07
 Reference value :  1.76350e-07
 Reference value :  1.76358e-07
 Reference value :  1.76365e-07
 Reference value :  1.76386e-07
 Reference value :  1.76426e-07
 Reference value :  1.76466e-07
 Reference value :  1.76506e-07
 Reference value :  1.76546e-07
 Reference value :  1.76586e-07
 Reference value :  1.76626e-07
 Reference value :  1.76666e-07
 Reference value :  1.76706e-07
 Reference value :  1.76746e-07
 Reference value :  1.76783e-07
 Reference value :  1.76804e-07
 Reference value :  1.76813e-07
 Reference value :  1.76819e-07
 Reference value :  1.76840e-07
 Reference value :  1.76880e-07
 Reference value :  1.76920e-07
 Reference value :  1.76960e-07
 Reference value :  1.77020e-07
 Reference value :  1.77080e-07
 Reference value :  1.77140e-07
 Reference value :  1.77200e-07
 Reference value :  1.77238e-07
 Reference value :  1.77256e-07
 Reference value :  1.77267e-07
 Reference value :  1.77274e-07
 Reference value :  1.77295e-07
 Reference value :  1.77335e-07
 Reference value :  1.77375e-07
 Reference value :  1.77415e-07
 Reference value :  1.77455e-07
 Reference value :  1.77495e-07
 Reference value :  1.77535e-07
 Reference value :  1.77575e-07
 Reference value :  1.77615e-07
 Reference value :  1.77655e-07
 Reference value :  1.77692e-07
 Reference value :  1.77711e-07
 Reference value :  1.77718e-07
 Reference value :  1.77723e-07
 Reference value :  1.77728e-07
 Reference value :  1.77749e-07
 Reference value :  1.77789e-07
 Reference value :  1.77829e-07
 Reference value :  1.77869e-07
 Reference value :  1.77929e-07
 Reference value :  1.77989e-07
 Reference value :  1.78049e-07
 Reference value :  1.78109e-07
 Reference value :  1.78164e-07
 Reference value :  1.78168e-07
 Reference value :  1.78176e-07
 Reference value :  1.78183e-07
 Reference value :  1.78204e-07
 Reference value :  1.78244e-07
 Reference value :  1.78284e-07
 Reference value :  1.78324e-07
 Reference value :  1.78364e-07
 Reference value :  1.78404e-07
 Reference value :  1.78444e-07
 Reference value :  1.78484e-07
 Reference value :  1.78524e-07
 Reference value :  1.78564e-07
 Reference value :  1.78618e-07
 Reference value :  1.78622e-07
 Reference value :  1.78631e-07
 Reference value :  1.78637e-07
 Reference value :  1.78658e-07
 Reference value :  1.78698e-07
 Reference value :  1.78738e-07
 Reference value :  1.78778e-07
 Reference value :  1.78838e-07
 Reference value :  1.78898e-07
 Reference value :  1.78958e-07
 Reference value :  1.78998e-07
 Reference value :  1.79038e-07
 Reference value :  1.79075e-07
 Reference value :  1.79086e-07
 Reference value :  1.79091e-07
 Reference value :  1.79110e-07
 Reference value :  1.79150e-07
 Reference value :  1.79190e-07
 Reference value :  1.79230e-07
 Reference value :  1.79270e-07
 Reference value :  1.79310e-07
 Reference value :  1.79350e-07
 Reference value :  1.79390e-07
 Reference value :  1.79430e-07
 Reference value :  1.79470e-07
 Reference value :  1.79528e-07
 Reference value :  1.79536e-07
 Reference value :  1.79543e-07
 Reference value :  1.79567e-07
 Reference value :  1.79607e-07
 Reference value :  1.79647e-07
 Reference value :  1.79687e-07
 Reference value :  1.79727e-07
 Reference value :  1.79767e-07
 Reference value :  1.79807e-07
 Reference value :  1.79847e-07
 Reference value :  1.79907e-07
 Reference value :  1.79965e-07
 Reference value :  1.79986e-07
 Reference value :  1.79995e-07
 Reference value :  1.80008e-07
 Reference value :  1.80042e-07
 Reference value :  1.80082e-07
 Reference value :  1.80122e-07
 Reference value :  1.80162e-07
 Reference value :  1.80202e-07
 Reference value :  1.80242e-07
 Reference value :  1.80282e-07
 Reference value :  1.80302e-07
 Reference value :  1.80342e-07
 Reference value :  1.80382e-07
 Reference value :  1.80437e-07
 Reference value :  1.80445e-07
 Reference value :  1.80450e-07
 Reference value :  1.80455e-07
 Reference value :  1.80476e-07
 Reference value :  1.80516e-07
 Reference value :  1.80556e-07
 Reference value :  1.80596e-07
 Reference value :  1.80656e-07
 Reference value :  1.80716e-07
 Reference value :  1.80776e-07
 Reference value :  1.80836e-07
 Reference value :  1.80891e-07
 Reference value :  1.80895e-07
 Reference value :  1.80904e-07
 Reference value :  1.80917e-07
 Reference value :  1.80951e-07
 Reference value :  1.80991e-07
 Reference value :  1.81031e-07
 Reference value :  1.81071e-07
 Reference value :  1.81111e-07
 Reference value :  1.81151e-07
 Reference value :  1.81191e-07
 Reference value :  1.81231e-07
 Reference value :  1.81271e-07
 Reference value :  1.81311e-07
 Reference value :  1.81346e-07
 Reference value :  1.81349e-07
 Reference value :  1.81358e-07
 Reference value :  1.81364e-07
 Reference value :  1.81385e-07
 Reference value :  1.81425e-07
 Reference value :  1.81445e-07
 Reference value :  1.81485e-07
 Reference value :  1.81525e-07
 Reference value :  1.81565e-07
 Reference value :  1.81625e-07
 Reference value :  1.81685e-07
 Reference value :  1.81745e-07
 Reference value :  1.81801e-07
 Reference value :  1.81813e-07
 Reference value :  1.81815e-07
 Reference value :  1.81826e-07
 Reference value :  1.81860e-07
 Reference value :  1.81900e-07
 Reference value :  1.81940e-07
 Reference value :  1.81980e-07
 Reference value :  1.82020e-07
 Reference value :  1.82060e-07
 Reference value :  1.82100e-07
 Reference value :  1.82140e-07
 Reference value :  1.82180e-07
 Reference value :  1.82237e-07
 Reference value :  1.82256e-07
 Reference value :  1.82267e-07
 Reference value :  1.82273e-07
 Reference value :  1.82294e-07
 Reference value :  1.82334e-07
 Reference value :  1.82374e-07
 Reference value :  1.82414e-07
 Reference value :  1.82474e-07
 Reference value :  1.82534e-07
 Reference value :  1.82574e-07
 Reference value :  1.82634e-07
 Reference value :  1.82692e-07
 Reference value :  1.82710e-07
 Reference value :  1.82721e-07
 Reference value :  1.82728e-07
 Reference value :  1.82749e-07
 Reference value :  1.82789e-07
 Reference value :  1.82829e-07
 Reference value :  1.82869e-07
 Reference value :  1.82909e-07
 Reference value :  1.82949e-07
 Reference value :  1.82989e-07
 Reference value :  1.83029e-07
 Reference value :  1.83069e-07
 Reference value :  1.83109e-07
 Reference value :  1.83146e-07
 Reference value :  1.83165e-07
 Reference value :  1.83176e-07
 Reference value :  1.83182e-07
 Reference value :  1.83203e-07
 Reference value :  1.83243e-07
 Reference value :  1.83263e-07
 Reference value :  1.83303e-07
 Reference value :  1.83343e-07
 Reference value :  1.83383e-07
 Reference value :  1.83443e-07
 Reference value :  1.83483e-07
 Reference value :  1.83543e-07
 Reference value :  1.83601e-07
 Reference value :  1.83622e-07
 Reference value :  1.83631e-07
 Reference value :  1.83637e-07
 Reference value :  1.83658e-07
 Reference value :  1.83698e-07
 Reference value :  1.83738e-07
 Reference value :  1.83778e-07
 Reference value :  1.83818e-07
 Reference value :  1.83858e-07
 Reference value :  1.83898e-07
 Reference value :  1.83938e-07
 Reference value :  1.83978e-07
 Reference value :  1.84018e-07
 Reference value :  1.84072e-07
 Reference value :  1.84076e-07
 Reference value :  1.84085e-07
 Reference value :  1.84091e-07
 Reference value :  1.84112e-07
 Reference value :  1.84152e-07
 Reference value :  1.84192e-07
 Reference value :  1.84232e-07
 Reference value :  1.84292e-07
 Reference value :  1.84352e-07
 Reference value :  1.84412e-07
 Reference value :  1.84472e-07
 Reference value :  1.84527e-07
 Reference value :  1.84531e-07
 Reference value :  1.84539e-07
 Reference value :  1.84553e-07
 Reference value :  1.84587e-07
 Reference value :  1.84627e-07
 Reference value :  1.84667e-07
 Reference value :  1.84707e-07
 Reference value :  1.84747e-07
 Reference value :  1.84787e-07
 Reference value :  1.84827e-07
 Reference value :  1.84867e-07
 Reference value :  1.84907e-07
 Reference value :  1.84947e-07
 Reference value :  1.84981e-07
 Reference value :  1.84985e-07
 Reference value :  1.84994e-07
 Reference value :  1.85000e-07
 Reference value :  1.85021e-07
 Reference value :  1.85061e-07
 Reference value :  1.85101e-07
 Reference value :  1.85141e-07
 Reference value :  1.85201e-07
 Reference value :  1.85241e-07
 Reference value :  1.85281e-07
 Reference value :  1.85341e-07
 Reference value :  1.85401e-07
 Reference value :  1.85437e-07
 Reference value :  1.85448e-07
 Reference value :  1.85455e-07
 Reference value :  1.85476e-07
 Reference value :  1.85516e-07
 Reference value :  1.85556e-07
 Reference value :  1.85596e-07
 Reference value :  1.85636e-07
 Reference value :  1.85676e-07
 Reference value :  1.85716e-07
 Reference value :  1.85756e-07
 Reference value :  1.85796e-07
 Reference value :  1.85856e-07
 Reference value :  1.85892e-07
 Reference value :  1.85903e-07
 Reference value :  1.85906e-07
 Reference value :  1.85916e-07
 Reference value :  1.85950e-07
 Reference value :  1.85990e-07
 Reference value :  1.86030e-07
 Reference value :  1.86070e-07
 Reference value :  1.86130e-07
 Reference value :  1.86190e-07
 Reference value :  1.86250e-07
 Reference value :  1.86310e-07
 Reference value :  1.86345e-07
 Reference value :  1.86349e-07
 Reference value :  1.86357e-07
 Reference value :  1.86364e-07
 Reference value :  1.86385e-07
 Reference value :  1.86425e-07
 Reference value :  1.86465e-07
 Reference value :  1.86505e-07
 Reference value :  1.86545e-07
 Reference value :  1.86585e-07
 Reference value :  1.86625e-07
 Reference value :  1.86665e-07
 Reference value :  1.86705e-07
 Reference value :  1.86745e-07
 Reference value :  1.86782e-07
 Reference value :  1.86801e-07
 Reference value :  1.86808e-07
 Reference value :  1.86813e-07
 Reference value :  1.86818e-07
 Reference value :  1.86839e-07
 Reference value :  1.86879e-07
 Reference value :  1.86919e-07
 Reference value :  1.86959e-07
 Reference value :  1.86999e-07
 Reference value :  1.87039e-07
 Reference value :  1.87079e-07
 Reference value :  1.87119e-07
 Reference value :  1.87159e-07
 Reference value :  1.87179e-07
 Reference value :  1.87219e-07
 Reference value :  1.87237e-07
 Reference value :  1.87255e-07
 Reference value :  1.87262e-07
 Reference value :  1.87267e-07
 Reference value :  1.87280e-07
 Reference value :  1.87314e-07
 Reference value :  1.87354e-07
 Reference value :  1.87394e-07
 Reference value :  1.87434e-07
 Reference value :  1.87474e-07
 Reference value :  1.87514e-07
 Reference value :  1.87554e-07
 Reference value :  1.87594e-07
 Reference value :  1.87634e-07
 Reference value :  1.87691e-07
 Reference value :  1.87712e-07
 Reference value :  1.87721e-07
 Reference value :  1.87727e-07
 Reference value :  1.87748e-07
 Reference value :  1.87788e-07
 Reference value :  1.87828e-07
 Reference value :  1.87868e-07
 Reference value :  1.87928e-07
 Reference value :  1.87988e-07
 Reference value :  1.88048e-07
 Reference value :  1.88108e-07
 Reference value :  1.88146e-07
 Reference value :  1.88164e-07
 Reference value :  1.88175e-07
 Reference value :  1.88182e-07
 Reference value :  1.88203e-07
 Reference value :  1.88243e-07
 Reference value :  1.88283e-07
 Reference value :  1.88323e-07
 Reference value :  1.88363e-07
 Reference value :  1.88403e-07
 Reference value :  1.88443e-07
 Reference value :  1.88483e-07
 Reference value :  1.88523e-07
 Reference value :  1.88563e-07
 Reference value :  1.88600e-07
 Reference value :  1.88619e-07
 Reference value :  1.88630e-07
 Reference value :  1.88633e-07
 Reference value :  1.88657e-07
 Reference value :  1.88697e-07
 Reference value :  1.88737e-07
 Reference value :  1.88777e-07
 Reference value :  1.88817e-07
 Reference value :  1.88857e-07
 Reference value :  1.88897e-07
 Reference value :  1.88937e-07
 Reference value :  1.88977e-07
 Reference value :  1.89037e-07
 Reference value :  1.89073e-07
 Reference value :  1.89084e-07
 Reference value :  1.89087e-07
 Reference value :  1.89098e-07
 Reference value :  1.89132e-07
 Reference value :  1.89172e-07
 Reference value :  1.89212e-07
 Reference value :  1.89252e-07
 Reference value :  1.89292e-07
 Reference value :  1.89332e-07
 Reference value :  1.89372e-07
 Reference value :  1.89412e-07
 Reference value :  1.89452e-07
 Reference value :  1.89509e-07
 Reference value :  1.89528e-07
 Reference value :  1.89539e-07
 Reference value :  1.89545e-07
 Reference value :  1.89586e-07
 Reference value :  1.89626e-07
 Reference value :  1.89666e-07
 Reference value :  1.89706e-07
 Reference value :  1.89746e-07
 Reference value :  1.89806e-07
 Reference value :  1.89866e-07
 Reference value :  1.89926e-07
 Reference value :  1.89981e-07
 Reference value :  1.89989e-07
 Reference value :  1.89994e-07
 Reference value :  1.90000e-07
 Reference value :  1.90021e-07
 Reference value :  1.90061e-07
 Reference value :  1.90101e-07
 Reference value :  1.90141e-07
 Reference value :  1.90181e-07
 Reference value :  1.90221e-07
 Reference value :  1.90261e-07
 Reference value :  1.90301e-07
 Reference value :  1.90341e-07
 Reference value :  1.90381e-07
 Reference value :  1.90418e-07
 Reference value :  1.90437e-07
 Reference value :  1.90444e-07
 Reference value :  1.90451e-07
 Reference value :  1.90461e-07
 Reference value :  1.90495e-07
 Reference value :  1.90535e-07
 Reference value :  1.90575e-07
 Reference value :  1.90615e-07
 Reference value :  1.90655e-07
 Reference value :  1.90695e-07
 Reference value :  1.90735e-07
 Reference value :  1.90795e-07
 Reference value :  1.90835e-07
 Reference value :  1.90873e-07
 Reference value :  1.90891e-07
 Reference value :  1.90898e-07
 Reference value :  1.90905e-07
 Reference value :  1.90916e-07
 Reference value :  1.90950e-07
 Reference value :  1.90990e-07
 Reference value :  1.91030e-07
 Reference value :  1.91070e-07
 Reference value :  1.91110e-07
 Reference value :  1.91150e-07
 Reference value :  1.91190e-07
 Reference value :  1.91230e-07
 Reference value :  1.91290e-07
 Reference value :  1.91344e-07
 Reference value :  1.91348e-07
 Reference value :  1.91358e-07
 Reference value :  1.91370e-07
 Reference value :  1.91404e-07
 Reference value :  1.91444e-07
 Reference value :  1.91484e-07
 Reference value :  1.91524e-07
 Reference value :  1.91564e-07
 Reference value :  1.91604e-07
 Reference value :  1.91644e-07
 Reference value :  1.91704e-07
 Reference value :  1.91764e-07
 Reference value :  1.91799e-07
 Reference value :  1.91803e-07
 Reference value :  1.91812e-07
 Reference value :  1.91825e-07
 Reference value :  1.91859e-07
 Reference value :  1.91899e-07
 Reference value :  1.91939e-07
 Reference value :  1.91979e-07
 Reference value :  1.92019e-07
 Reference value :  1.92059e-07
 Reference value :  1.92099e-07
 Reference value :  1.92139e-07
 Reference value :  1.92179e-07
 Reference value :  1.92219e-07
 Reference value :  1.92255e-07
 Reference value :  1.92262e-07
 Reference value :  1.92267e-07
 Reference value :  1.92272e-07
 Reference value :  1.92293e-07
 Reference value :  1.92333e-07
 Reference value :  1.92373e-07
 Reference value :  1.92413e-07
 Reference value :  1.92473e-07
 Reference value :  1.92513e-07
 Reference value :  1.92553e-07
 Reference value :  1.92613e-07
 Reference value :  1.92673e-07
 Reference value :  1.92708e-07
 Reference value :  1.92712e-07
 Reference value :  1.92721e-07
 Reference value :  1.92788e-07
 Reference value :  1.92828e-07
 Reference value :  1.92868e-07
 Reference value :  1.92908e-07
 Reference value :  1.92948e-07
 Reference value :  1.92988e-07
 Reference value :  1.93028e-07
 Reference value :  1.93068e-07
 Reference value :  1.93108e-07
 Reference value :  1.93145e-07
 Reference value :  1.93164e-07
 Reference value :  1.93171e-07
 Reference value :  1.93178e-07
 Reference value :  1.93188e-07
 Reference value :  1.93222e-07
 Reference value :  1.93262e-07
 Reference value :  1.93302e-07
 Reference value :  1.93342e-07
 Reference value :  1.93382e-07
 Reference value :  1.93442e-07
 Reference value :  1.93502e-07
 Reference value :  1.93562e-07
 Reference value :  1.93600e-07
 Reference value :  1.93618e-07
 Reference value :  1.93625e-07
 Reference value :  1.93630e-07
 Reference value :  1.93643e-07
 Reference value :  1.93677e-07
 Reference value :  1.93717e-07
 Reference value :  1.93757e-07
 Reference value :  1.93797e-07
 Reference value :  1.93837e-07
 Reference value :  1.93877e-07
 Reference value :  1.93917e-07
 Reference value :  1.93957e-07
 Reference value :  1.93997e-07
 Reference value :  1.94054e-07
 Reference value :  1.94073e-07
 Reference value :  1.94080e-07
 Reference value :  1.94087e-07
 Reference value :  1.94097e-07
 Reference value :  1.94131e-07
 Reference value :  1.94171e-07
 Reference value :  1.94211e-07
 Reference value :  1.94251e-07
 Reference value :  1.94311e-07
 Reference value :  1.94371e-07
 Reference value :  1.94431e-07
 Reference value :  1.94491e-07
 Reference value :  1.94528e-07
 Reference value :  1.94539e-07
 Reference value :  1.94544e-07
 Reference value :  1.94563e-07
 Reference value :  1.94603e-07
 Reference value :  1.94643e-07
 Reference value :  1.94683e-07
 Reference value :  1.94723e-07
 Reference value :  1.94763e-07
 Reference value :  1.94803e-07
 Reference value :  1.94843e-07
 Reference value :  1.94883e-07
 Reference value :  1.94923e-07
 Reference value :  1.94962e-07
 Reference value :  1.94982e-07
 Reference value :  1.94993e-07
 Reference value :  1.94999e-07
 Reference value :  1.95020e-07
 Reference value :  1.95060e-07
 Reference value :  1.95080e-07
 Reference value :  1.95120e-07
 Reference value :  1.95160e-07
 Reference value :  1.95200e-07
 Reference value :  1.95240e-07
 Reference value :  1.95280e-07
 Reference value :  1.95320e-07
 Reference value :  1.95380e-07
 Reference value :  1.95418e-07
 Reference value :  1.95436e-07
 Reference value :  1.95443e-07
 Reference value :  1.95448e-07
 Reference value :  1.95461e-07
 Reference value :  1.95495e-07
 Reference value :  1.95535e-07
 Reference value :  1.95575e-07
 Reference value :  1.95615e-07
 Reference value :  1.95655e-07
 Reference value :  1.95695e-07
 Reference value :  1.95735e-07
 Reference value :  1.95755e-07
 Reference value :  1.95795e-07
 Reference value :  1.95835e-07
 Reference value :  1.95890e-07
 Reference value :  1.95893e-07
 Reference value :  1.95903e-07
 Reference value :  1.95915e-07
 Reference value :  1.95949e-07
 Reference value :  1.95989e-07
 Reference value :  1.96029e-07
 Reference value :  1.96069e-07
 Reference value :  1.96129e-07
 Reference value :  1.96189e-07
 Reference value :  1.96249e-07
 Reference value :  1.96309e-07
 Reference value :  1.96345e-07
 Reference value :  1.96352e-07
 Reference value :  1.96357e-07
 Reference value :  1.96370e-07
 Reference value :  1.96404e-07
 Reference value :  1.96444e-07
 Reference value :  1.96484e-07
 Reference value :  1.96524e-07
 Reference value :  1.96564e-07
 Reference value :  1.96604e-07
 Reference value :  1.96644e-07
 Reference value :  1.96684e-07
 Reference value :  1.96724e-07
 Reference value :  1.96764e-07
 Reference value :  1.96799e-07
 Reference value :  1.96807e-07
 Reference value :  1.96812e-07
 Reference value :  1.96824e-07
 Reference value :  1.96878e-07
 Reference value :  1.97253e-07
 Reference value :  1.97453e-07
 Reference value :  1.97720e-07
 Reference value :  1.97987e-07
 Reference value :  1.98222e-07
 Reference value :  1.98482e-07
 Reference value :  1.98656e-07
 Reference value :  1.98996e-07
 Reference value :  1.99211e-07
 Reference value :  1.99525e-07
 Reference value :  1.99705e-07
 Reference value :  1.99995e-07
 Reference value :  2.00260e-07
 Reference value :  2.00450e-07
 Reference value :  2.00774e-07
 Reference value :  2.00989e-07
 Reference value :  2.01326e-07
 Reference value :  2.01503e-07
 Reference value :  2.01811e-07
 Reference value :  2.02078e-07
 Reference value :  2.02278e-07
 Reference value :  2.02552e-07
 Reference value :  2.02733e-07
 Reference value :  2.02887e-07
 Reference value :  2.03127e-07
 Reference value :  2.03321e-07
 Reference value :  2.03629e-07
 Reference value :  2.03876e-07
 Reference value :  2.04086e-07
 Reference value :  2.04350e-07
 Reference value :  2.04585e-07
 Reference value :  2.04885e-07
 Reference value :  2.04998e-07
 Reference value :  2.05239e-07
 Reference value :  2.05494e-07
 Reference value :  2.05794e-07
 Reference value :  2.05988e-07
 Reference value :  2.06326e-07
 Reference value :  2.06483e-07
 Reference value :  2.06763e-07
 Reference value :  2.06917e-07
 Reference value :  2.07260e-07
 Reference value :  2.07512e-07
 Reference value :  2.07719e-07
 Reference value :  2.08006e-07
 Reference value :  2.08241e-07
 Reference value :  2.08561e-07
 Reference value :  2.08735e-07
 Reference value :  2.09078e-07
 Reference value :  2.09330e-07
 Reference value :  2.09538e-07
 Reference value :  2.09784e-07
 Reference value :  2.09992e-07
 Reference value :  2.10276e-07
 Reference value :  2.10473e-07
 Reference value :  2.10833e-07
 Reference value :  2.11048e-07
 Reference value :  2.11288e-07
 Reference value :  2.11402e-07
 Reference value :  2.11502e-07
 Reference value :  2.11801e-07
 Reference value :  2.11997e-07
 Reference value :  2.12253e-07
 Reference value :  2.12451e-07
 Reference value :  2.12719e-07
 Reference value :  2.12806e-07
 Reference value :  2.12986e-07
 Reference value :  2.13179e-07
 Reference value :  2.13440e-07
 Reference value :  2.13695e-07
 Reference value :  2.13975e-07
 Reference value :  2.14109e-07
 Reference value :  2.14369e-07
 Reference value :  2.14564e-07
 Reference value :  2.14884e-07
 Reference value :  2.15078e-07
 Reference value :  2.15433e-07
 Reference value :  2.15593e-07
 Reference value :  2.15753e-07
 Reference value :  2.15887e-07
 Reference value :  2.16067e-07
 Reference value :  2.16361e-07
 Reference value :  2.16642e-07
 Reference value :  2.16822e-07
 Reference value :  2.17116e-07
 Reference value :  2.17351e-07
 Reference value :  2.17631e-07
 Reference value :  2.17718e-07
 Reference value :  2.17825e-07
 Reference value :  2.18085e-07
 Reference value :  2.18260e-07
 Reference value :  2.18520e-07
 Reference value :  2.18734e-07
 Reference value :  2.19070e-07
 Reference value :  2.19189e-07
 Reference value :  2.19309e-07
 Reference value :  2.19537e-07
 Reference value :  2.19843e-07
 Reference value :  2.20038e-07
 Reference value :  2.20358e-07
 Reference value :  2.20458e-07
 Reference value :  2.20612e-07
 Reference value :  2.20900e-07
 Reference value :  2.21147e-07
 Reference value :  2.21360e-07
 Reference value :  2.21641e-07
 Reference value :  2.21815e-07
 Reference value :  2.21876e-07
 Reference value :  2.22196e-07
 Reference value :  2.22370e-07
 Reference value :  2.22713e-07
 Reference value :  2.22925e-07
 Reference value :  2.23105e-07
 Reference value :  2.23279e-07
 Reference value :  2.23618e-07
 Reference value :  2.23854e-07
 Reference value :  2.24077e-07
 Reference value :  2.24168e-07
 Reference value :  2.24348e-07
 Reference value :  2.24603e-07
 Reference value :  2.24863e-07
 Reference value :  2.25077e-07
 Reference value :  2.25397e-07
 Reference value :  2.25489e-07
 Reference value :  2.25649e-07
 Reference value :  2.25868e-07
 Reference value :  2.26066e-07
 Reference value :  2.26354e-07
 Reference value :  2.26621e-07
 Reference value :  2.26814e-07
 Reference value :  2.27055e-07
 Reference value :  2.27310e-07
 Reference value :  2.27490e-07
 Reference value :  2.27720e-07
 Reference value :  2.27984e-07
 Reference value :  2.28239e-07
 Reference value :  2.28539e-07
 Reference value :  2.28653e-07
 Reference value :  2.28853e-07
 Reference value :  2.29083e-07
 Reference value :  2.29368e-07
 Reference value :  2.29541e-07
 Reference value :  2.29822e-07
 Reference value :  2.29989e-07
 Reference value :  2.30197e-07
 Reference value :  2.30257e-07
 Reference value :  2.30337e-07
 Reference value :  2.30511e-07
 Reference value :  2.30869e-07
 Reference value :  2.31066e-07
 Reference value :  2.31246e-07
 Reference value :  2.31349e-07
 Reference value :  2.31480e-07
 Reference value :  2.31680e-07
 Reference value :  2.31814e-07
 Reference value :  2.31895e-07
 Reference value :  2.32175e-07
 Reference value :  2.32369e-07
 Reference value :  2.32609e-07
 Reference value :  2.32730e-07
 Reference value :  2.32844e-07
 Reference value :  2.33024e-07
 Reference value :  2.33160e-07
 Reference value :  2.33171e-07
 Reference value :  2.33238e-07
 Reference value :  2.33378e-07
 Reference value :  2.33639e-07
 Reference value :  2.33913e-07
 Reference value :  2.34093e-07
 Reference value :  2.34347e-07
 Reference value :  2.34541e-07
 Reference value :  2.34622e-07
 Reference value :  2.34802e-07
 Reference value :  2.34902e-07
 Reference value :  2.34978e-07
 Reference value :  2.35036e-07
 Reference value :  2.35136e-07
 Reference value :  2.35432e-07
 Reference value :  2.35611e-07
 Reference value :  2.35887e-07
 Reference value :  2.36065e-07
 Reference value :  2.36265e-07
 Reference value :  2.36352e-07
 Reference value :  2.36500e-07
 Reference value :  2.36620e-07
 Reference value :  2.36720e-07
 Reference value :  2.36810e-07
 Reference value :  2.37094e-07
 Reference value :  2.37329e-07
 Reference value :  2.37609e-07
 Reference value :  2.37823e-07
 Reference value :  2.37983e-07
 Reference value :  2.38166e-07
 Reference value :  2.38278e-07
 Reference value :  2.38438e-07
 Reference value :  2.38578e-07
 Reference value :  2.38631e-07
 Reference value :  2.38752e-07
 Reference value :  2.39012e-07
 Reference value :  2.39247e-07
 Reference value :  2.39523e-07
 Reference value :  2.39761e-07
 Reference value :  2.39984e-07
 Reference value :  2.40136e-07
 Reference value :  2.40336e-07
 Reference value :  2.40444e-07
 Reference value :  2.40530e-07
 Reference value :  2.40630e-07
 Reference value :  2.40690e-07
 Reference value :  2.40900e-07
 Reference value :  2.41165e-07
 Reference value :  2.41355e-07
 Reference value :  2.41599e-07
 Reference value :  2.41795e-07
 Reference value :  2.41874e-07
 Reference value :  2.42054e-07
 Reference value :  2.42134e-07
 Reference value :  2.42250e-07
 Reference value :  2.42348e-07
 Reference value :  2.42528e-07
 Reference value :  2.42722e-07
 Reference value :  2.43023e-07
 Reference value :  2.43217e-07
 Reference value :  2.43517e-07
 Reference value :  2.43624e-07
 Reference value :  2.43672e-07
 Reference value :  2.43832e-07
 Reference value :  2.43992e-07
 Reference value :  2.44186e-07
 Reference value :  2.44426e-07
 Reference value :  2.44661e-07
 Reference value :  2.44861e-07
 Reference value :  2.45055e-07
 Reference value :  2.45430e-07
 Reference value :  2.45570e-07
 Reference value :  2.45867e-07
 Reference value :  2.45984e-07
 Reference value :  2.46224e-07
 Reference value :  2.46419e-07
 Reference value :  2.46739e-07
 Reference value :  2.46913e-07
 Reference value :  2.47249e-07
 Reference value :  2.47348e-07
 Reference value :  2.47468e-07
 Reference value :  2.47715e-07
 Reference value :  2.47882e-07
 Reference value :  2.48170e-07
 Reference value :  2.48397e-07
 Reference value :  2.48613e-07
 Reference value :  2.48671e-07
 Reference value :  2.49011e-07
 Reference value :  2.49246e-07
 Reference value :  2.49503e-07
 Reference value :  2.49680e-07
 Reference value :  2.49979e-07
 Reference value :  2.50095e-07
 Reference value :  2.50275e-07
 Reference value :  2.50448e-07
 Reference value :  2.50789e-07
 Reference value :  2.50944e-07
 Reference value :  2.51244e-07
 Reference value :  2.51398e-07
 Reference value :  2.51738e-07
 Reference value :  2.51853e-07
 Reference value :  2.52053e-07
 Reference value :  2.52266e-07
 Reference value :  2.52547e-07
 Reference value :  2.52782e-07
 Reference value :  2.52922e-07
 Reference value :  2.53022e-07
 Reference value :  2.53158e-07
 Reference value :  2.53396e-07
 Reference value :  2.53651e-07
 Reference value :  2.53951e-07
 Reference value :  2.54165e-07
 Reference value :  2.54405e-07
 Reference value :  2.54640e-07
 Reference value :  2.54880e-07
 Reference value :  2.55074e-07
 Reference value :  2.55334e-07
 Reference value :  2.55529e-07
 Reference value :  2.55849e-07
 Reference value :  2.55923e-07
 Reference value :  2.56103e-07
 Reference value :  2.56338e-07
 Reference value :  2.56538e-07
 Reference value :  2.56775e-07
 Reference value :  2.56952e-07
 Reference value :  2.57247e-07
 Reference value :  2.57387e-07
 Reference value :  2.57527e-07
 Reference value :  2.57717e-07
 Reference value :  2.58041e-07
 Reference value :  2.58168e-07
 Reference value :  2.58416e-07
 Reference value :  2.58496e-07
 Reference value :  2.58576e-07
 Reference value :  2.58750e-07
 Reference value :  2.59073e-07
 Reference value :  2.59325e-07
 Reference value :  2.59533e-07
 Reference value :  2.59839e-07
 Reference value :  2.59974e-07
 Reference value :  2.60014e-07
 Reference value :  2.60154e-07
 Reference value :  2.60294e-07
 Reference value :  2.60437e-07
 Reference value :  2.60648e-07
 Reference value :  2.60923e-07
 Reference value :  2.61183e-07
 Reference value :  2.61377e-07
 Reference value :  2.61597e-07
 Reference value :  2.61757e-07
 Reference value :  2.61818e-07
 Reference value :  2.61972e-07
 Reference value :  2.62112e-07
 Reference value :  2.62260e-07
 Reference value :  2.62366e-07
 Reference value :  2.62702e-07
 Reference value :  2.62921e-07
 Reference value :  2.63159e-07
 Reference value :  2.63275e-07
 Reference value :  2.63395e-07
 Reference value :  2.63625e-07
 Reference value :  2.63907e-07
 Reference value :  2.64104e-07
 Reference value :  2.64404e-07
 Reference value :  2.64532e-07
 Reference value :  2.64676e-07
 Reference value :  2.64816e-07
 Reference value :  2.64999e-07
 Reference value :  2.65313e-07
 Reference value :  2.65548e-07
 Reference value :  2.65865e-07
 Reference value :  2.65982e-07
 Reference value :  2.66262e-07
 Reference value :  2.66437e-07
 Reference value :  2.66737e-07
 Reference value :  2.66891e-07
 Reference value :  2.67229e-07
 Reference value :  2.67272e-07
 Reference value :  2.67446e-07
 Reference value :  2.67709e-07
 Reference value :  2.67860e-07
 Reference value :  2.68159e-07
 Reference value :  2.68335e-07
 Reference value :  2.68495e-07
 Reference value :  2.68618e-07
 Reference value :  2.68849e-07
 Reference value :  2.69104e-07
 Reference value :  2.69384e-07
 Reference value :  2.69578e-07
 Reference value :  2.69838e-07
 Reference value :  2.69999e-07
 Reference value :  2.70093e-07
 Reference value :  2.70193e-07
 Reference value :  2.70333e-07
 Reference value :  2.70440e-07
 Reference value :  2.70547e-07
 Reference value :  2.70767e-07
 Reference value :  2.71002e-07
 Reference value :  2.71262e-07
 Reference value :  2.71476e-07
 Reference value :  2.71792e-07
 Reference value :  2.71911e-07
 Reference value :  2.72031e-07
 Reference value :  2.72191e-07
 Reference value :  2.72259e-07
 Reference value :  2.72325e-07
 Reference value :  2.72425e-07
 Reference value :  2.72713e-07
 Reference value :  2.72960e-07
 Reference value :  2.73173e-07
 Reference value :  2.73494e-07
 Reference value :  2.73709e-07
 Reference value :  2.73849e-07
 Reference value :  2.73969e-07
 Reference value :  2.74072e-07
 Reference value :  2.74143e-07
 Reference value :  2.74183e-07
 Reference value :  2.74263e-07
 Reference value :  2.74531e-07
 Reference value :  2.74818e-07
 Reference value :  2.74991e-07
 Reference value :  2.75252e-07
 Reference value :  2.75439e-07
 Reference value :  2.75547e-07
 Reference value :  2.75727e-07
 Reference value :  2.75881e-07
 Reference value :  2.75900e-07
 Reference value :  2.76061e-07
 Reference value :  2.76301e-07
 Reference value :  2.76351e-07
 Reference value :  2.76636e-07
 Reference value :  2.76809e-07
 Reference value :  2.77090e-07
 Reference value :  2.77271e-07
 Reference value :  2.77465e-07
 Reference value :  2.77545e-07
 Reference value :  2.77645e-07
 Reference value :  2.77712e-07
 Reference value :  2.77799e-07
 Reference value :  2.77899e-07
 Reference value :  2.78119e-07
 Reference value :  2.78294e-07
 Reference value :  2.78610e-07
 Reference value :  2.78728e-07
 Reference value :  2.78968e-07
 Reference value :  2.79071e-07
 Reference value :  2.79123e-07
 Reference value :  2.79223e-07
 Reference value :  2.79283e-07
 Reference value :  2.79443e-07
 Reference value :  2.79597e-07
 Reference value :  2.79897e-07
 Reference value :  2.80092e-07
 Reference value :  2.80409e-07
 Reference value :  2.80586e-07
 Reference value :  2.80881e-07
 Reference value :  2.80921e-07
 Reference value :  2.81161e-07
 Reference value :  2.81335e-07
 Reference value :  2.81395e-07
 Reference value :  2.81475e-07
 Reference value :  2.81773e-07
 Reference value :  2.81990e-07
 Reference value :  2.82210e-07
 Reference value :  2.82424e-07
 Reference value :  2.82699e-07
 Reference value :  2.82819e-07
 Reference value :  2.82939e-07
 Reference value :  2.83019e-07
 Reference value :  2.83099e-07
 Reference value :  2.83166e-07
 Reference value :  2.83253e-07
 Reference value :  2.83453e-07
 Reference value :  2.83688e-07
 Reference value :  2.83928e-07
 Reference value :  2.84071e-07
 Reference value :  2.84088e-07
 Reference value :  2.84242e-07
 Reference value :  2.84402e-07
 Reference value :  2.84518e-07
 Reference value :  2.84577e-07
 Reference value :  2.84717e-07
 Reference value :  2.84975e-07
 Reference value :  2.85191e-07
 Reference value :  2.85452e-07
 Reference value :  2.85686e-07
 Reference value :  2.85889e-07
 Reference value :  2.86060e-07
 Reference value :  2.86336e-07
 Reference value :  2.86575e-07
 Reference value :  2.86772e-07
 Reference value :  2.86829e-07
 Reference value :  2.87009e-07
 Reference value :  2.87248e-07
 Reference value :  2.87263e-07
 Reference value :  2.87304e-07
 Reference value :  2.87344e-07
 Reference value :  2.87404e-07
 Reference value :  2.87464e-07
 Reference value :  2.87584e-07
 Reference value :  2.87681e-07
 Reference value :  2.87778e-07
 Reference value :  2.87838e-07
 Reference value :  2.88018e-07
 Reference value :  2.88193e-07
 Reference value :  2.88513e-07
 Reference value :  2.88620e-07
 Reference value :  2.88887e-07
 Reference value :  2.89122e-07
 Reference value :  2.89422e-07
 Reference value :  2.89520e-07
 Reference value :  2.89736e-07
 Reference value :  2.89972e-07
 Reference value :  2.89990e-07
 Reference value :  2.90031e-07
 Reference value :  2.90211e-07
 Reference value :  2.90371e-07
 Reference value :  2.90439e-07
 Reference value :  2.90485e-07
 Reference value :  2.90525e-07
 Reference value :  2.90585e-07
 Reference value :  2.90725e-07
 Reference value :  2.90785e-07
 Reference value :  2.90825e-07
 Reference value :  2.90880e-07
 Reference value :  2.90899e-07
 Reference value :  2.91080e-07
 Reference value :  2.91240e-07
 Reference value :  2.91300e-07
 Reference value :  2.91336e-07
 Reference value :  2.91347e-07
 Reference value :  2.91353e-07
 Reference value :  2.91394e-07
 Reference value :  2.91594e-07
 Reference value :  2.91849e-07
 Reference value :  2.92129e-07
 Reference value :  2.92262e-07
 Reference value :  2.92423e-07
 Reference value :  2.92681e-07
 Reference value :  2.92724e-07
 Reference value :  2.92998e-07
 Reference value :  2.93212e-07
 Reference value :  2.93472e-07
 Reference value :  2.93727e-07
 Reference value :  2.93967e-07
 Reference value :  2.94074e-07
 Reference value :  2.94161e-07
 Reference value :  2.94518e-07
 Reference value :  2.94733e-07
 Reference value :  2.94979e-07
 Reference value :  2.95230e-07
 Reference value :  2.95431e-07
 Reference value :  2.95602e-07
 Reference value :  2.95881e-07
 Reference value :  2.96099e-07
 Reference value :  2.96353e-07
 Reference value :  2.96634e-07
 Reference value :  2.96814e-07
 Reference value :  2.97008e-07
 Reference value :  2.97258e-07
 Reference value :  2.97483e-07
 Reference value :  2.97710e-07
 Reference value :  2.97917e-07
 Reference value :  2.98167e-07
 Reference value :  2.98412e-07
 Reference value :  2.98607e-07
 Reference value :  2.98632e-07
 Reference value :  2.98966e-07
 Reference value :  2.99201e-07
 Reference value :  2.99498e-07
 Reference value :  2.99695e-07
 Reference value :  2.99895e-07
 Reference value :  2.99994e-07
No. of Data Rows : 19790
sim/harness: analysis complete
Note: Simulation executed from .control section 
