
Note: Compatibility modes selected: hs a


Circuit: ** sch_path: /home/ubuntu/loom-workspaces/sky130-pll/.loom/worktrees/issue-129/sim/divider/testbench/tb_divider.sch

option SCALE: Scale is set to 1e-06 for instance and model parameters
option SCALE: Scale is set to 1e-06 for instance and model parameters
option SCALE: Scale is set to 1e-06 for instance and model parameters
option SCALE: Scale is set to 1e-06 for instance and model parameters
Doing analysis at TEMP = 27.000000 and TNOM = 27.000000

Using KLU as Direct Linear Solver
 Reference value :  0.00000e+00
 Reference value :  1.57300e-10
 Reference value :  4.62625e-10
 Reference value :  7.14125e-10
 Reference value :  9.22375e-10
 Reference value :  1.06862e-09
 Reference value :  1.37600e-09
 Reference value :  1.62312e-09
 Reference value :  1.87762e-09
 Reference value :  2.13762e-09
 Reference value :  2.27250e-09
 Reference value :  2.39212e-09
 Reference value :  2.73512e-09
 Reference value :  2.98662e-09
 Reference value :  3.24112e-09
 Reference value :  3.63600e-09
 Reference value :  3.73562e-09
 Reference value :  3.87563e-09
 Reference value :  4.09175e-09
 Reference value :  4.33013e-09
 Reference value :  4.57062e-09
 Reference value :  4.90463e-09
 Reference value :  5.01276e-09
 Reference value :  5.15542e-09
 Reference value :  5.46212e-09
 Reference value :  5.73363e-09
 Reference value :  5.94812e-09
 Reference value :  6.23000e-09
 Reference value :  6.48263e-09
 Reference value :  6.72263e-09
 Reference value :  6.84312e-09
 Reference value :  7.13713e-09
 Reference value :  7.33163e-09
 Reference value :  7.63162e-09
 Reference value :  7.73987e-09
 Reference value :  7.78612e-09
 Reference value :  8.12612e-09
 Reference value :  8.36062e-09
 Reference value :  8.63675e-09
 Reference value :  8.85513e-09
 Reference value :  9.09812e-09
 Reference value :  9.24962e-09
 Reference value :  9.30962e-09
 Reference value :  9.54575e-09
 Reference value :  9.80412e-09
 Reference value :  1.00386e-08
 Reference value :  1.03786e-08
 Reference value :  1.04686e-08
 Reference value :  1.06131e-08
 Reference value :  1.09161e-08
 Reference value :  1.11876e-08
 Reference value :  1.13776e-08
 Reference value :  1.16421e-08
 Reference value :  1.18766e-08
 Reference value :  1.21566e-08
 Reference value :  1.22840e-08
 Reference value :  1.25111e-08
 Reference value :  1.27656e-08
 Reference value :  1.30256e-08
 Reference value :  1.31886e-08
 Reference value :  1.34401e-08
 Reference value :  1.36431e-08
 Reference value :  1.38346e-08
 Reference value :  1.40907e-08
 Reference value :  1.42891e-08
 Reference value :  1.45696e-08
 Reference value :  1.48436e-08
 Reference value :  1.50136e-08
 Reference value :  1.51581e-08
 Reference value :  1.54530e-08
 Reference value :  1.56126e-08
 Reference value :  1.59088e-08
 Reference value :  1.60871e-08
 Reference value :  1.61871e-08
 Reference value :  1.63806e-08
 Reference value :  1.66816e-08
 Reference value :  1.68961e-08
 Reference value :  1.71761e-08
 Reference value :  1.73883e-08
 Reference value :  1.76083e-08
 Reference value :  1.77441e-08
 Reference value :  1.80251e-08
 Reference value :  1.82596e-08
 Reference value :  1.85596e-08
 Reference value :  1.86531e-08
 Reference value :  1.88141e-08
 Reference value :  1.90890e-08
 Reference value :  1.93063e-08
 Reference value :  1.95516e-08
 Reference value :  1.97831e-08
 Reference value :  2.00576e-08
 Reference value :  2.03176e-08
 Reference value :  2.04606e-08
 Reference value :  2.06721e-08
 Reference value :  2.09195e-08
 Reference value :  2.09843e-08
 Reference value :  2.10443e-08
 Reference value :  2.11243e-08
 Reference value :  2.12843e-08
 Reference value :  2.13749e-08
 Reference value :  2.14811e-08
 Reference value :  2.16811e-08
 Reference value :  2.18160e-08
 Reference value :  2.18285e-08
 Reference value :  2.18346e-08
 Reference value :  2.19356e-08
 Reference value :  2.22531e-08
 Reference value :  2.24501e-08
 Reference value :  2.27250e-08
 Reference value :  2.27431e-08
 Reference value :  2.28623e-08
 Reference value :  2.30223e-08
 Reference value :  2.31981e-08
 Reference value :  2.34791e-08
 Reference value :  2.36340e-08
 Reference value :  2.37136e-08
 Reference value :  2.39736e-08
 Reference value :  2.41036e-08
 Reference value :  2.42481e-08
 Reference value :  2.44281e-08
 Reference value :  2.45555e-08
 Reference value :  2.48203e-08
 Reference value :  2.49789e-08
 Reference value :  2.50571e-08
 Reference value :  2.53771e-08
 Reference value :  2.56116e-08
 Reference value :  2.58716e-08
 Reference value :  2.59461e-08
 Reference value :  2.60661e-08
 Reference value :  2.63436e-08
 Reference value :  2.65783e-08
 Reference value :  2.68168e-08
 Reference value :  2.70151e-08
 Reference value :  2.72526e-08
 Reference value :  2.73696e-08
 Reference value :  2.76696e-08
 Reference value :  2.78841e-08
 Reference value :  2.80641e-08
 Reference value :  2.81441e-08
 Reference value :  2.81850e-08
 Reference value :  2.81939e-08
 Reference value :  2.83763e-08
 Reference value :  2.85563e-08
 Reference value :  2.86731e-08
 Reference value :  2.87731e-08
 Reference value :  2.90880e-08
 Reference value :  2.92876e-08
 Reference value :  2.95559e-08
 Reference value :  2.98021e-08
 Reference value :  3.00008e-08
 Reference value :  3.00156e-08
 Reference value :  3.01566e-08
 Reference value :  3.03366e-08
 Reference value :  3.04640e-08
 Reference value :  3.05111e-08
 Reference value :  3.06311e-08
 Reference value :  3.08511e-08
 Reference value :  3.09656e-08
 Reference value :  3.11656e-08
 Reference value :  3.13791e-08
 Reference value :  3.15201e-08
 Reference value :  3.17201e-08
 Reference value :  3.19146e-08
 Reference value :  3.22695e-08
 Reference value :  3.24691e-08
 Reference value :  3.27496e-08
 Reference value :  3.28036e-08
 Reference value :  3.28436e-08
 Reference value :  3.31236e-08
 Reference value :  3.32181e-08
 Reference value :  3.35381e-08
 Reference value :  3.37303e-08
 Reference value :  3.39903e-08
 Reference value :  3.40689e-08
 Reference value :  3.40888e-08
 Reference value :  3.43071e-08
 Reference value :  3.45554e-08
 Reference value :  3.46616e-08
 Reference value :  3.47816e-08
 Reference value :  3.49616e-08
 Reference value :  3.51561e-08
 Reference value :  3.54591e-08
 Reference value :  3.57306e-08
 Reference value :  3.59241e-08
 Reference value :  3.61051e-08
 Reference value :  3.62251e-08
 Reference value :  3.63251e-08
 Reference value :  3.65196e-08
 Reference value :  3.67596e-08
 Reference value :  3.68401e-08
 Reference value :  3.69141e-08
 Reference value :  3.72516e-08
 Reference value :  3.74263e-08
 Reference value :  3.76663e-08
 Reference value :  3.78031e-08
 Reference value :  3.79231e-08
 Reference value :  3.79831e-08
 Reference value :  3.81780e-08
 Reference value :  3.82576e-08
 Reference value :  3.84176e-08
 Reference value :  3.84776e-08
 Reference value :  3.86325e-08
 Reference value :  3.88321e-08
 Reference value :  3.91021e-08
 Reference value :  3.93866e-08
 Reference value :  3.95496e-08
 Reference value :  3.96411e-08
 Reference value :  3.97211e-08
 Reference value :  3.98011e-08
 Reference value :  3.99960e-08
 Reference value :  4.02156e-08
 Reference value :  4.04517e-08
 Reference value :  4.04630e-08
 Reference value :  4.05701e-08
 Reference value :  4.09050e-08
 Reference value :  4.11423e-08
 Reference value :  4.13729e-08
 Reference value :  4.16591e-08
 Reference value :  4.18140e-08
 Reference value :  4.19936e-08
 Reference value :  4.22685e-08
 Reference value :  4.23681e-08
 Reference value :  4.26881e-08
 Reference value :  4.27826e-08
 Reference value :  4.29826e-08
 Reference value :  4.31926e-08
 Reference value :  4.34771e-08
 Reference value :  4.36445e-08
 Reference value :  4.39116e-08
 Reference value :  4.40999e-08
 Reference value :  4.42261e-08
 Reference value :  4.44261e-08
 Reference value :  4.46006e-08
 Reference value :  4.49006e-08
 Reference value :  4.50089e-08
 Reference value :  4.50351e-08
 Reference value :  4.52951e-08
 Reference value :  4.54873e-08
 Reference value :  4.57873e-08
 Reference value :  4.60041e-08
 Reference value :  4.63041e-08
 Reference value :  4.64986e-08
 Reference value :  4.68135e-08
 Reference value :  4.69931e-08
 Reference value :  4.72718e-08
 Reference value :  4.73876e-08
 Reference value :  4.74476e-08
 Reference value :  4.75676e-08
 Reference value :  4.77306e-08
 Reference value :  4.78421e-08
 Reference value :  4.81021e-08
 Reference value :  4.82026e-08
 Reference value :  4.82366e-08
 Reference value :  4.82766e-08
 Reference value :  4.86141e-08
 Reference value :  4.88311e-08
 Reference value :  4.90985e-08
 Reference value :  4.93433e-08
 Reference value :  4.95219e-08
 Reference value :  4.96801e-08
 Reference value :  4.99776e-08
 Reference value :  5.02146e-08
 Reference value :  5.04620e-08
 Reference value :  5.06291e-08
 Reference value :  5.07491e-08
 Reference value :  5.07891e-08
 Reference value :  5.09191e-08
 Reference value :  5.10636e-08
 Reference value :  5.12036e-08
 Reference value :  5.12836e-08
 Reference value :  5.13841e-08
 Reference value :  5.14381e-08
 Reference value :  5.17956e-08
 Reference value :  5.20126e-08
 Reference value :  5.22126e-08
 Reference value :  5.22809e-08
 Reference value :  5.25471e-08
 Reference value :  5.27401e-08
 Reference value :  5.29993e-08
 Reference value :  5.31951e-08
 Reference value :  5.32761e-08
 Reference value :  5.34761e-08
 Reference value :  5.36906e-08
 Reference value :  5.40306e-08
 Reference value :  5.41851e-08
 Reference value :  5.44851e-08
 Reference value :  5.46796e-08
 Reference value :  5.48396e-08
 Reference value :  5.49396e-08
 Reference value :  5.50741e-08
 Reference value :  5.51741e-08
 Reference value :  5.53341e-08
 Reference value :  5.54490e-08
 Reference value :  5.54886e-08
 Reference value :  5.57886e-08
 Reference value :  5.59631e-08
 Reference value :  5.63231e-08
 Reference value :  5.64553e-08
 Reference value :  5.67553e-08
 Reference value :  5.68381e-08
 Reference value :  5.69921e-08
 Reference value :  5.72795e-08
 Reference value :  5.75266e-08
 Reference value :  5.77366e-08
 Reference value :  5.78411e-08
 Reference value :  5.79411e-08
 Reference value :  5.81894e-08
 Reference value :  5.84556e-08
 Reference value :  5.86701e-08
 Reference value :  5.89701e-08
 Reference value :  5.90888e-08
 Reference value :  5.91646e-08
 Reference value :  5.94646e-08
 Reference value :  5.95581e-08
 Reference value :  5.98391e-08
 Reference value :  5.99191e-08
 Reference value :  5.99977e-08
 Reference value :  6.01536e-08
 Reference value :  6.03536e-08
 Reference value :  6.04671e-08
 Reference value :  6.06281e-08
 Reference value :  6.08481e-08
 Reference value :  6.09042e-08
 Reference value :  6.09626e-08
 Reference value :  6.10826e-08
 Reference value :  6.13612e-08
 Reference value :  6.15771e-08
 Reference value :  6.16571e-08
 Reference value :  6.17771e-08
 Reference value :  6.19316e-08
 Reference value :  6.22665e-08
 Reference value :  6.24661e-08
 Reference value :  6.27291e-08
 Reference value :  6.29606e-08
 Reference value :  6.31006e-08
 Reference value :  6.31941e-08
 Reference value :  6.34751e-08
 Reference value :  6.37296e-08
 Reference value :  6.40296e-08
 Reference value :  6.40926e-08
 Reference value :  6.42441e-08
 Reference value :  6.43041e-08
 Reference value :  6.44841e-08
 Reference value :  6.45515e-08
 Reference value :  6.47986e-08
 Reference value :  6.50086e-08
 Reference value :  6.52331e-08
 Reference value :  6.53331e-08
 Reference value :  6.55476e-08
 Reference value :  6.57876e-08
 Reference value :  6.60021e-08
 Reference value :  6.61421e-08
 Reference value :  6.63021e-08
 Reference value :  6.64543e-08
 Reference value :  6.67343e-08
 Reference value :  6.69111e-08
 Reference value :  6.71711e-08
 Reference value :  6.72660e-08
 Reference value :  6.72741e-08
 Reference value :  6.75256e-08
 Reference value :  6.77339e-08
 Reference value :  6.77601e-08
 Reference value :  6.79401e-08
 Reference value :  6.80801e-08
 Reference value :  6.82546e-08
 Reference value :  6.85746e-08
 Reference value :  6.86891e-08
 Reference value :  6.87291e-08
 Reference value :  6.89691e-08
 Reference value :  6.90852e-08
 Reference value :  6.91836e-08
 Reference value :  6.94236e-08
 Reference value :  6.95571e-08
 Reference value :  6.97581e-08
 Reference value :  6.98381e-08
 Reference value :  7.00526e-08
 Reference value :  7.03526e-08
 Reference value :  7.05471e-08
 Reference value :  7.08271e-08
 Reference value :  7.09616e-08
 Reference value :  7.10016e-08
 Reference value :  7.13216e-08
 Reference value :  7.15361e-08
 Reference value :  7.16961e-08
 Reference value :  7.18506e-08
 Reference value :  7.20106e-08
 Reference value :  7.22692e-08
 Reference value :  7.24851e-08
 Reference value :  7.27596e-08
 Reference value :  7.30596e-08
 Reference value :  7.31931e-08
 Reference value :  7.32741e-08
 Reference value :  7.33341e-08
 Reference value :  7.36290e-08
 Reference value :  7.37863e-08
 Reference value :  7.40649e-08
 Reference value :  7.40969e-08
 Reference value :  7.42831e-08
 Reference value :  7.45529e-08
 Reference value :  7.48553e-08
 Reference value :  7.50521e-08
 Reference value :  7.53521e-08
 Reference value :  7.54621e-08
 Reference value :  7.55866e-08
 Reference value :  7.57466e-08
 Reference value :  7.59027e-08
 Reference value :  7.59611e-08
 Reference value :  7.60011e-08
 Reference value :  7.62011e-08
 Reference value :  7.63711e-08
 Reference value :  7.65756e-08
 Reference value :  7.67756e-08
 Reference value :  7.68901e-08
 Reference value :  7.69901e-08
 Reference value :  7.71501e-08
 Reference value :  7.72784e-08
 Reference value :  7.74846e-08
 Reference value :  7.77195e-08
 Reference value :  7.77381e-08
 Reference value :  7.78191e-08
 Reference value :  7.78791e-08
 Reference value :  7.81777e-08
 Reference value :  7.82136e-08
 Reference value :  7.82536e-08
 Reference value :  7.83536e-08
 Reference value :  7.84136e-08
 Reference value :  7.84536e-08
 Reference value :  7.85136e-08
 Reference value :  7.85536e-08
 Reference value :  7.86111e-08
 Reference value :  7.86410e-08
 Reference value :  7.87081e-08
 Reference value :  7.88281e-08
 Reference value :  7.89681e-08
 Reference value :  7.90081e-08
 Reference value :  7.90656e-08
 Reference value :  7.90842e-08
 Reference value :  7.90955e-08
 Reference value :  7.91016e-08
 Reference value :  7.91226e-08
 Reference value :  7.91626e-08
 Reference value :  7.92026e-08
 Reference value :  7.92626e-08
 Reference value :  7.93626e-08
 Reference value :  7.94026e-08
 Reference value :  7.94426e-08
 Reference value :  7.94826e-08
 Reference value :  7.95375e-08
 Reference value :  7.95561e-08
 Reference value :  7.95971e-08
 Reference value :  7.96371e-08
 Reference value :  7.97571e-08
 Reference value :  8.00001e-08
 Reference value :  8.02516e-08
 Reference value :  8.04651e-08
 Reference value :  8.07461e-08
 Reference value :  8.09091e-08
 Reference value :  8.09806e-08
 Reference value :  8.13006e-08
 Reference value :  8.14951e-08
 Reference value :  8.18100e-08
 Reference value :  8.19273e-08
 Reference value :  8.21273e-08
 Reference value :  8.23041e-08
 Reference value :  8.26041e-08
 Reference value :  8.28386e-08
 Reference value :  8.31186e-08
 Reference value :  8.32931e-08
 Reference value :  8.34931e-08
 Reference value :  8.36414e-08
 Reference value :  8.38676e-08
 Reference value :  8.40276e-08
 Reference value :  8.40976e-08
 Reference value :  8.42021e-08
 Reference value :  8.43821e-08
 Reference value :  8.45966e-08
 Reference value :  8.48766e-08
 Reference value :  8.50311e-08
 Reference value :  8.52711e-08
 Reference value :  8.53511e-08
 Reference value :  8.54856e-08
 Reference value :  8.58256e-08
 Reference value :  8.59601e-08
 Reference value :  8.60801e-08
 Reference value :  8.62201e-08
 Reference value :  8.63946e-08
 Reference value :  8.66346e-08
 Reference value :  8.67746e-08
 Reference value :  8.68220e-08
 Reference value :  8.68891e-08
 Reference value :  8.69291e-08
 Reference value :  8.69691e-08
 Reference value :  8.70091e-08
 Reference value :  8.70491e-08
 Reference value :  8.70891e-08
 Reference value :  8.71291e-08
 Reference value :  8.71691e-08
 Reference value :  8.72091e-08
 Reference value :  8.72466e-08
 Reference value :  8.72652e-08
 Reference value :  8.72765e-08
 Reference value :  8.72826e-08
 Reference value :  8.73236e-08
 Reference value :  8.73636e-08
 Reference value :  8.74036e-08
 Reference value :  8.74636e-08
 Reference value :  8.75036e-08
 Reference value :  8.76436e-08
 Reference value :  8.78181e-08
 Reference value :  8.81181e-08
 Reference value :  8.83526e-08
 Reference value :  8.86287e-08
 Reference value :  8.87671e-08
 Reference value :  8.89671e-08
 Reference value :  8.91616e-08
 Reference value :  8.94616e-08
 Reference value :  8.96361e-08
 Reference value :  8.98961e-08
 Reference value :  9.00091e-08
 Reference value :  9.02683e-08
 Reference value :  9.04641e-08
 Reference value :  9.07651e-08
 Reference value :  9.09796e-08
 Reference value :  9.12996e-08
 Reference value :  9.14941e-08
 Reference value :  9.16541e-08
 Reference value :  9.19086e-08
 Reference value :  9.22086e-08
 Reference value :  9.24231e-08
 Reference value :  9.27006e-08
 Reference value :  9.27976e-08
 Reference value :  9.29576e-08
 Reference value :  9.31762e-08
 Reference value :  9.34121e-08
 Reference value :  9.36526e-08
 Reference value :  9.39266e-08
 Reference value :  9.40066e-08
 Reference value :  9.40949e-08
 Reference value :  9.43411e-08
 Reference value :  9.45756e-08
 Reference value :  9.48556e-08
 Reference value :  9.50161e-08
 Reference value :  9.53101e-08
 Reference value :  9.55046e-08
 Reference value :  9.57646e-08
 Reference value :  9.58446e-08
 Reference value :  9.60191e-08
 Reference value :  9.62391e-08
 Reference value :  9.63796e-08
 Reference value :  9.65936e-08
 Reference value :  9.68085e-08
 Reference value :  9.68481e-08
 Reference value :  9.72081e-08
 Reference value :  9.74203e-08
 Reference value :  9.77187e-08
 Reference value :  9.78971e-08
 Reference value :  9.79771e-08
 Reference value :  9.81845e-08
 Reference value :  9.84316e-08
 Reference value :  9.86416e-08
 Reference value :  9.89461e-08
 Reference value :  9.91206e-08
 Reference value :  9.93006e-08
 Reference value :  9.94206e-08
 Reference value :  9.96151e-08
 Reference value :  9.98951e-08
 Reference value :  1.00090e-07
 Reference value :  1.00270e-07
 Reference value :  1.00446e-07
 Reference value :  1.00684e-07
 Reference value :  1.00918e-07
 Reference value :  1.01239e-07
 Reference value :  1.01369e-07
 Reference value :  1.01553e-07
 Reference value :  1.01593e-07
 Reference value :  1.01816e-07
 Reference value :  1.02088e-07
 Reference value :  1.02278e-07
 Reference value :  1.02502e-07
 Reference value :  1.02582e-07
 Reference value :  1.02757e-07
 Reference value :  1.03037e-07
 Reference value :  1.03231e-07
 Reference value :  1.03571e-07
 Reference value :  1.03686e-07
 Reference value :  1.03786e-07
 Reference value :  1.04026e-07
 Reference value :  1.04220e-07
 Reference value :  1.04480e-07
 Reference value :  1.04536e-07
 Reference value :  1.04655e-07
 Reference value :  1.04972e-07
 Reference value :  1.05149e-07
 Reference value :  1.05459e-07
 Reference value :  1.05761e-07
 Reference value :  1.05900e-07
 Reference value :  1.06118e-07
 Reference value :  1.06354e-07
 Reference value :  1.06413e-07
 Reference value :  1.06513e-07
 Reference value :  1.06809e-07
 Reference value :  1.06947e-07
 Reference value :  1.07274e-07
 Reference value :  1.07542e-07
 Reference value :  1.07729e-07
 Reference value :  1.07836e-07
 Reference value :  1.08096e-07
 Reference value :  1.08291e-07
 Reference value :  1.08531e-07
 Reference value :  1.08627e-07
 Reference value :  1.08805e-07
 Reference value :  1.09099e-07
 Reference value :  1.09400e-07
 Reference value :  1.09560e-07
 Reference value :  1.09854e-07
 Reference value :  1.10008e-07
 Reference value :  1.10069e-07
 Reference value :  1.10349e-07
 Reference value :  1.10543e-07
 Reference value :  1.10803e-07
 Reference value :  1.10911e-07
 Reference value :  1.10938e-07
 Reference value :  1.11218e-07
 Reference value :  1.11392e-07
 Reference value :  1.11712e-07
 Reference value :  1.11847e-07
 Reference value :  1.11947e-07
 Reference value :  1.12047e-07
 Reference value :  1.12261e-07
 Reference value :  1.12381e-07
 Reference value :  1.12501e-07
 Reference value :  1.12581e-07
 Reference value :  1.12729e-07
 Reference value :  1.12813e-07
 Reference value :  1.13113e-07
 Reference value :  1.13310e-07
 Reference value :  1.13510e-07
 Reference value :  1.13633e-07
 Reference value :  1.13825e-07
 Reference value :  1.13925e-07
 Reference value :  1.14005e-07
 Reference value :  1.14092e-07
 Reference value :  1.14339e-07
 Reference value :  1.14614e-07
 Reference value :  1.14954e-07
 Reference value :  1.15004e-07
 Reference value :  1.15068e-07
 Reference value :  1.15148e-07
 Reference value :  1.15188e-07
 Reference value :  1.15348e-07
 Reference value :  1.15444e-07
 Reference value :  1.15462e-07
 Reference value :  1.15643e-07
 Reference value :  1.15880e-07
 Reference value :  1.16077e-07
 Reference value :  1.16364e-07
 Reference value :  1.16472e-07
 Reference value :  1.16612e-07
 Reference value :  1.16832e-07
 Reference value :  1.17046e-07
 Reference value :  1.17244e-07
 Reference value :  1.17280e-07
 Reference value :  1.17561e-07
 Reference value :  1.17728e-07
 Reference value :  1.17835e-07
 Reference value :  1.18174e-07
 Reference value :  1.18290e-07
 Reference value :  1.18490e-07
 Reference value :  1.18664e-07
 Reference value :  1.18944e-07
 Reference value :  1.19024e-07
 Reference value :  1.19062e-07
 Reference value :  1.19119e-07
 Reference value :  1.19159e-07
 Reference value :  1.19199e-07
 Reference value :  1.19239e-07
 Reference value :  1.19279e-07
 Reference value :  1.19319e-07
 Reference value :  1.19399e-07
 Reference value :  1.19439e-07
 Reference value :  1.19479e-07
 Reference value :  1.19593e-07
 Reference value :  1.19833e-07
 Reference value :  1.20007e-07
 Reference value :  1.20068e-07
 Reference value :  1.20148e-07
 Reference value :  1.20368e-07
 Reference value :  1.20522e-07
 Reference value :  1.20802e-07
 Reference value :  1.20901e-07
 Reference value :  1.21017e-07
 Reference value :  1.21334e-07
 Reference value :  1.21391e-07
 Reference value :  1.21651e-07
 Reference value :  1.21821e-07
 Reference value :  1.22026e-07
 Reference value :  1.22243e-07
 Reference value :  1.22279e-07
 Reference value :  1.22420e-07
 Reference value :  1.22620e-07
 Reference value :  1.22698e-07
 Reference value :  1.22875e-07
 Reference value :  1.23182e-07
 Reference value :  1.23229e-07
 Reference value :  1.23589e-07
 Reference value :  1.23704e-07
 Reference value :  1.24004e-07
 Reference value :  1.24104e-07
 Reference value :  1.24378e-07
 Reference value :  1.24516e-07
 Reference value :  1.24534e-07
 Reference value :  1.24548e-07
 Reference value :  1.24853e-07
 Reference value :  1.25067e-07
 Reference value :  1.25347e-07
 Reference value :  1.25468e-07
 Reference value :  1.25582e-07
 Reference value :  1.25802e-07
 Reference value :  1.25910e-07
 Reference value :  1.25976e-07
 Reference value :  1.26334e-07
 Reference value :  1.26370e-07
 Reference value :  1.26431e-07
 Reference value :  1.26711e-07
 Reference value :  1.26885e-07
 Reference value :  1.27165e-07
 Reference value :  1.27300e-07
 Reference value :  1.27400e-07
 Reference value :  1.27660e-07
 Reference value :  1.27834e-07
 Reference value :  1.28114e-07
 Reference value :  1.28289e-07
 Reference value :  1.28589e-07
 Reference value :  1.28763e-07
 Reference value :  1.28803e-07
 Reference value :  1.28943e-07
 Reference value :  1.29138e-07
 Reference value :  1.29378e-07
 Reference value :  1.29551e-07
 Reference value :  1.29772e-07
 Reference value :  1.29832e-07
 Reference value :  1.29932e-07
 Reference value :  1.30127e-07
 Reference value :  1.30441e-07
 Reference value :  1.30661e-07
 Reference value :  1.30861e-07
 Reference value :  1.30976e-07
 Reference value :  1.31256e-07
 Reference value :  1.31364e-07
 Reference value :  1.31450e-07
 Reference value :  1.31490e-07
 Reference value :  1.31550e-07
 Reference value :  1.31788e-07
 Reference value :  1.32022e-07
 Reference value :  1.32261e-07
 Reference value :  1.32419e-07
 Reference value :  1.32479e-07
 Reference value :  1.32599e-07
 Reference value :  1.32791e-07
 Reference value :  1.33131e-07
 Reference value :  1.33248e-07
 Reference value :  1.33468e-07
 Reference value :  1.33606e-07
 Reference value :  1.33627e-07
 Reference value :  1.33723e-07
 Reference value :  1.33943e-07
 Reference value :  1.33983e-07
 Reference value :  1.34060e-07
 Reference value :  1.34091e-07
 Reference value :  1.34103e-07
 Reference value :  1.34217e-07
 Reference value :  1.34397e-07
 Reference value :  1.34532e-07
 Reference value :  1.34572e-07
 Reference value :  1.34632e-07
 Reference value :  1.34672e-07
 Reference value :  1.34932e-07
 Reference value :  1.35005e-07
 Reference value :  1.35106e-07
 Reference value :  1.35286e-07
 Reference value :  1.35386e-07
 Reference value :  1.35441e-07
 Reference value :  1.35561e-07
 Reference value :  1.35878e-07
 Reference value :  1.36075e-07
 Reference value :  1.36350e-07
 Reference value :  1.36550e-07
 Reference value :  1.36610e-07
 Reference value :  1.36650e-07
 Reference value :  1.36830e-07
 Reference value :  1.37124e-07
 Reference value :  1.37359e-07
 Reference value :  1.37619e-07
 Reference value :  1.37793e-07
 Reference value :  1.37933e-07
 Reference value :  1.37973e-07
 Reference value :  1.38033e-07
 Reference value :  1.38194e-07
 Reference value :  1.38428e-07
 Reference value :  1.38568e-07
 Reference value :  1.38635e-07
 Reference value :  1.38902e-07
 Reference value :  1.39137e-07
 Reference value :  1.39317e-07
 Reference value :  1.39437e-07
 Reference value :  1.39540e-07
 Reference value :  1.39791e-07
 Reference value :  1.40026e-07
 Reference value :  1.40346e-07
 Reference value :  1.40453e-07
 Reference value :  1.40459e-07
 Reference value :  1.40740e-07
 Reference value :  1.40995e-07
 Reference value :  1.41295e-07
 Reference value :  1.41469e-07
 Reference value :  1.41589e-07
 Reference value :  1.41709e-07
 Reference value :  1.41844e-07
 Reference value :  1.42104e-07
 Reference value :  1.42274e-07
 Reference value :  1.42438e-07
 Reference value :  1.42538e-07
 Reference value :  1.42678e-07
 Reference value :  1.42721e-07
 Reference value :  1.42993e-07
 Reference value :  1.43207e-07
 Reference value :  1.43487e-07
 Reference value :  1.43682e-07
 Reference value :  1.43902e-07
 Reference value :  1.43942e-07
 Reference value :  1.44116e-07
 Reference value :  1.44416e-07
 Reference value :  1.44631e-07
 Reference value :  1.44968e-07
 Reference value :  1.45004e-07
 Reference value :  1.45045e-07
 Reference value :  1.45145e-07
 Reference value :  1.45441e-07
 Reference value :  1.45680e-07
 Reference value :  1.45913e-07
 Reference value :  1.46014e-07
 Reference value :  1.46134e-07
 Reference value :  1.46368e-07
 Reference value :  1.46669e-07
 Reference value :  1.46863e-07
 Reference value :  1.47103e-07
 Reference value :  1.47264e-07
 Reference value :  1.47515e-07
 Reference value :  1.47721e-07
 Reference value :  1.47832e-07
 Reference value :  1.48132e-07
 Reference value :  1.48384e-07
 Reference value :  1.48504e-07
 Reference value :  1.48647e-07
 Reference value :  1.48761e-07
 Reference value :  1.49080e-07
 Reference value :  1.49216e-07
 Reference value :  1.49376e-07
 Reference value :  1.49590e-07
 Reference value :  1.49810e-07
 Reference value :  1.49986e-07
 Reference value :  1.50085e-07
 Reference value :  1.50385e-07
 Reference value :  1.50458e-07
 Reference value :  1.50559e-07
 Reference value :  1.50759e-07
 Reference value :  1.50934e-07
 Reference value :  1.51094e-07
 Reference value :  1.51194e-07
 Reference value :  1.51314e-07
 Reference value :  1.51357e-07
 Reference value :  1.51408e-07
 Reference value :  1.51588e-07
 Reference value :  1.51628e-07
 Reference value :  1.51818e-07
 Reference value :  1.52003e-07
 Reference value :  1.52143e-07
 Reference value :  1.52257e-07
 Reference value :  1.52297e-07
 Reference value :  1.52517e-07
 Reference value :  1.52752e-07
 Reference value :  1.53032e-07
 Reference value :  1.53166e-07
 Reference value :  1.53286e-07
 Reference value :  1.53604e-07
 Reference value :  1.53701e-07
 Reference value :  1.53941e-07
 Reference value :  1.54135e-07
 Reference value :  1.54475e-07
 Reference value :  1.54710e-07
 Reference value :  1.54930e-07
 Reference value :  1.54998e-07
 Reference value :  1.55044e-07
 Reference value :  1.55304e-07
 Reference value :  1.55499e-07
 Reference value :  1.55819e-07
 Reference value :  1.55933e-07
 Reference value :  1.56053e-07
 Reference value :  1.56093e-07
 Reference value :  1.56273e-07
 Reference value :  1.56508e-07
 Reference value :  1.56628e-07
 Reference value :  1.56815e-07
 Reference value :  1.57002e-07
 Reference value :  1.57258e-07
 Reference value :  1.57272e-07
 Reference value :  1.57557e-07
 Reference value :  1.57737e-07
 Reference value :  1.57951e-07
 Reference value :  1.58091e-07
 Reference value :  1.58170e-07
 Reference value :  1.58266e-07
 Reference value :  1.58506e-07
 Reference value :  1.58680e-07
 Reference value :  1.58760e-07
 Reference value :  1.59020e-07
 Reference value :  1.59087e-07
 Reference value :  1.59355e-07
 Reference value :  1.59548e-07
 Reference value :  1.59809e-07
 Reference value :  1.59996e-07
 Reference value :  1.60044e-07
 Reference value :  1.60184e-07
 Reference value :  1.60442e-07
 Reference value :  1.60678e-07
 Reference value :  1.60893e-07
 Reference value :  1.60953e-07
 Reference value :  1.61113e-07
 Reference value :  1.61330e-07
 Reference value :  1.61527e-07
 Reference value :  1.61810e-07
 Reference value :  1.62082e-07
 Reference value :  1.62202e-07
 Reference value :  1.62258e-07
 Reference value :  1.62396e-07
 Reference value :  1.62713e-07
 Reference value :  1.62928e-07
 Reference value :  1.62988e-07
 Reference value :  1.63147e-07
 Reference value :  1.63225e-07
 Reference value :  1.63585e-07
 Reference value :  1.63817e-07
 Reference value :  1.64088e-07
 Reference value :  1.64354e-07
 Reference value :  1.64533e-07
 Reference value :  1.64629e-07
 Reference value :  1.64909e-07
 Reference value :  1.65103e-07
 Reference value :  1.65439e-07
 Reference value :  1.65578e-07
 Reference value :  1.65678e-07
 Reference value :  1.65798e-07
 Reference value :  1.65952e-07
 Reference value :  1.66232e-07
 Reference value :  1.66407e-07
 Reference value :  1.66727e-07
 Reference value :  1.66803e-07
 Reference value :  1.66961e-07
 Reference value :  1.67269e-07
 Reference value :  1.67536e-07
 Reference value :  1.67750e-07
 Reference value :  1.67890e-07
 Reference value :  1.68110e-07
 Reference value :  1.68285e-07
 Reference value :  1.68621e-07
 Reference value :  1.68839e-07
 Reference value :  1.69089e-07
 Reference value :  1.69294e-07
 Reference value :  1.69494e-07
 Reference value :  1.69688e-07
 Reference value :  1.69987e-07
 Reference value :  1.70243e-07
 Reference value :  1.70451e-07
 Reference value :  1.70537e-07
 Reference value :  1.70797e-07
 Reference value :  1.71012e-07
 Reference value :  1.71329e-07
 Reference value :  1.71506e-07
 Reference value :  1.71801e-07
 Reference value :  1.71820e-07
 Reference value :  1.72141e-07
 Reference value :  1.72335e-07
 Reference value :  1.72655e-07
 Reference value :  1.72830e-07
 Reference value :  1.73030e-07
 Reference value :  1.73173e-07
 Reference value :  1.73324e-07
 Reference value :  1.73634e-07
 Reference value :  1.73739e-07
 Reference value :  1.73919e-07
 Reference value :  1.74086e-07
 Reference value :  1.74253e-07
 Reference value :  1.74393e-07
 Reference value :  1.74608e-07
 Reference value :  1.74928e-07
 Reference value :  1.75122e-07
 Reference value :  1.75402e-07
 Reference value :  1.75497e-07
 Reference value :  1.75737e-07
 Reference value :  1.75951e-07
 Reference value :  1.76251e-07
 Reference value :  1.76406e-07
 Reference value :  1.76726e-07
 Reference value :  1.76900e-07
 Reference value :  1.77120e-07
 Reference value :  1.77355e-07
 Reference value :  1.77675e-07
 Reference value :  1.77869e-07
 Reference value :  1.78164e-07
 Reference value :  1.78190e-07
 Reference value :  1.78344e-07
 Reference value :  1.78618e-07
 Reference value :  1.78798e-07
 Reference value :  1.79091e-07
 Reference value :  1.79410e-07
 Reference value :  1.79587e-07
 Reference value :  1.79707e-07
 Reference value :  1.79927e-07
 Reference value :  1.80122e-07
 Reference value :  1.80402e-07
 Reference value :  1.80556e-07
 Reference value :  1.80796e-07
 Reference value :  1.80904e-07
 Reference value :  1.81091e-07
 Reference value :  1.81346e-07
 Reference value :  1.81545e-07
 Reference value :  1.81783e-07
 Reference value :  1.82020e-07
 Reference value :  1.82263e-07
 Reference value :  1.82514e-07
 Reference value :  1.82721e-07
 Reference value :  1.82869e-07
 Reference value :  1.83172e-07
 Reference value :  1.83403e-07
 Reference value :  1.83631e-07
 Reference value :  1.83738e-07
 Reference value :  1.83898e-07
 Reference value :  1.84098e-07
 Reference value :  1.84392e-07
 Reference value :  1.84647e-07
 Reference value :  1.84964e-07
 Reference value :  1.85161e-07
 Reference value :  1.85241e-07
 Reference value :  1.85281e-07
 Reference value :  1.85440e-07
 Reference value :  1.85596e-07
 Reference value :  1.85756e-07
 Reference value :  1.85816e-07
 Reference value :  1.85930e-07
 Reference value :  1.86210e-07
 Reference value :  1.86364e-07
 Reference value :  1.86665e-07
 Reference value :  1.86879e-07
 Reference value :  1.87179e-07
 Reference value :  1.87280e-07
 Reference value :  1.87434e-07
 Reference value :  1.87691e-07
 Reference value :  1.87868e-07
 Reference value :  1.88164e-07
 Reference value :  1.88263e-07
 Reference value :  1.88383e-07
 Reference value :  1.88633e-07
 Reference value :  1.88917e-07
 Reference value :  1.89098e-07
 Reference value :  1.89392e-07
 Reference value :  1.89552e-07
 Reference value :  1.89706e-07
 Reference value :  1.89906e-07
 Reference value :  1.90141e-07
 Reference value :  1.90418e-07
 Reference value :  1.90615e-07
 Reference value :  1.90894e-07
 Reference value :  1.91010e-07
 Reference value :  1.91230e-07
 Reference value :  1.91424e-07
 Reference value :  1.91799e-07
 Reference value :  1.91939e-07
 Reference value :  1.92159e-07
 Reference value :  1.92266e-07
 Reference value :  1.92373e-07
 Reference value :  1.92712e-07
 Reference value :  1.92948e-07
 Reference value :  1.93171e-07
 Reference value :  1.93282e-07
 Reference value :  1.93382e-07
 Reference value :  1.93625e-07
 Reference value :  1.93897e-07
 Reference value :  1.94090e-07
 Reference value :  1.94371e-07
 Reference value :  1.94603e-07
 Reference value :  1.94783e-07
 Reference value :  1.94993e-07
 Reference value :  1.95240e-07
 Reference value :  1.95454e-07
 Reference value :  1.95635e-07
 Reference value :  1.95815e-07
 Reference value :  1.95908e-07
 Reference value :  1.96209e-07
 Reference value :  1.96464e-07
 Reference value :  1.96744e-07
 Reference value :  1.96958e-07
 Reference value :  1.97253e-07
 Reference value :  1.97473e-07
 Reference value :  1.97673e-07
 Reference value :  1.97767e-07
 Reference value :  1.98127e-07
 Reference value :  1.98322e-07
 Reference value :  1.98620e-07
 Reference value :  1.98736e-07
 Reference value :  1.98916e-07
 Reference value :  1.99097e-07
 Reference value :  1.99411e-07
 Reference value :  1.99605e-07
 Reference value :  1.99945e-07
 Reference value :  2.00180e-07
 Reference value :  2.00280e-07
 Reference value :  2.00443e-07
 Reference value :  2.00634e-07
 Reference value :  2.00902e-07
 Reference value :  2.01049e-07
 Reference value :  2.01249e-07
 Reference value :  2.01443e-07
 Reference value :  2.01798e-07
 Reference value :  2.01878e-07
 Reference value :  2.02178e-07
 Reference value :  2.02352e-07
 Reference value :  2.02532e-07
 Reference value :  2.02733e-07
 Reference value :  2.03007e-07
 Reference value :  2.03221e-07
 Reference value :  2.03599e-07
 Reference value :  2.03676e-07
 Reference value :  2.03876e-07
 Reference value :  2.04084e-07
 Reference value :  2.04350e-07
 Reference value :  2.04540e-07
 Reference value :  2.04845e-07
 Reference value :  2.05059e-07
 Reference value :  2.05139e-07
 Reference value :  2.05379e-07
 Reference value :  2.05614e-07
 Reference value :  2.05892e-07
 Reference value :  2.06128e-07
 Reference value :  2.06343e-07
 Reference value :  2.06503e-07
 Reference value :  2.06780e-07
 Reference value :  2.06937e-07
 Reference value :  2.07260e-07
 Reference value :  2.07512e-07
 Reference value :  2.07672e-07
 Reference value :  2.07786e-07
 Reference value :  2.08106e-07
 Reference value :  2.08301e-07
 Reference value :  2.08598e-07
 Reference value :  2.08675e-07
 Reference value :  2.08855e-07
 Reference value :  2.09083e-07
 Reference value :  2.09370e-07
 Reference value :  2.09564e-07
 Reference value :  2.09864e-07
 Reference value :  2.10076e-07
 Reference value :  2.10356e-07
 Reference value :  2.10446e-07
 Reference value :  2.10473e-07
 Reference value :  2.10693e-07
 Reference value :  2.10948e-07
 Reference value :  2.11168e-07
 Reference value :  2.11248e-07
 Reference value :  2.11346e-07
 Reference value :  2.11442e-07
 Reference value :  2.11642e-07
 Reference value :  2.11837e-07
 Reference value :  2.12137e-07
 Reference value :  2.12277e-07
 Reference value :  2.12351e-07
 Reference value :  2.12571e-07
 Reference value :  2.12806e-07
 Reference value :  2.13106e-07
 Reference value :  2.13280e-07
 Reference value :  2.13440e-07
 Reference value :  2.13615e-07
 Reference value :  2.13835e-07
 Reference value :  2.14082e-07
 Reference value :  2.14369e-07
 Reference value :  2.14604e-07
 Reference value :  2.14844e-07
 Reference value :  2.15004e-07
 Reference value :  2.15198e-07
 Reference value :  2.15452e-07
 Reference value :  2.15713e-07
 Reference value :  2.15927e-07
 Reference value :  2.16127e-07
 Reference value :  2.16350e-07
 Reference value :  2.16582e-07
 Reference value :  2.16810e-07
 Reference value :  2.17036e-07
 Reference value :  2.17264e-07
 Reference value :  2.17511e-07
 Reference value :  2.17721e-07
 Reference value :  2.17905e-07
 Reference value :  2.18065e-07
 Reference value :  2.18200e-07
 Reference value :  2.18500e-07
 Reference value :  2.18694e-07
 Reference value :  2.18874e-07
 Reference value :  2.19073e-07
 Reference value :  2.19249e-07
 Reference value :  2.19525e-07
 Reference value :  2.19743e-07
 Reference value :  2.19990e-07
 Reference value :  2.20258e-07
 Reference value :  2.20472e-07
 Reference value :  2.20692e-07
 Reference value :  2.20900e-07
 Reference value :  2.21107e-07
 Reference value :  2.21354e-07
 Reference value :  2.21581e-07
 Reference value :  2.21809e-07
 Reference value :  2.21996e-07
 Reference value :  2.22116e-07
 Reference value :  2.22263e-07
 Reference value :  2.22450e-07
 Reference value :  2.22724e-07
 Reference value :  2.23005e-07
 Reference value :  2.23219e-07
 Reference value :  2.23359e-07
 Reference value :  2.23519e-07
 Reference value :  2.23615e-07
 Reference value :  2.23627e-07
 Reference value :  2.23640e-07
 Reference value :  2.23674e-07
 Reference value :  2.23734e-07
 Reference value :  2.23834e-07
 Reference value :  2.23874e-07
 Reference value :  2.23914e-07
 Reference value :  2.23954e-07
 Reference value :  2.23994e-07
 Reference value :  2.24034e-07
 Reference value :  2.24068e-07
 Reference value :  2.24248e-07
 Reference value :  2.24542e-07
 Reference value :  2.24863e-07
 Reference value :  2.24996e-07
 Reference value :  2.25037e-07
 Reference value :  2.25117e-07
 Reference value :  2.25297e-07
 Reference value :  2.25377e-07
 Reference value :  2.25549e-07
 Reference value :  2.25709e-07
 Reference value :  2.25749e-07
 Reference value :  2.25912e-07
 Reference value :  2.26226e-07
 Reference value :  2.26461e-07
 Reference value :  2.26796e-07
 Reference value :  2.26895e-07
 Reference value :  2.27035e-07
 Reference value :  2.27263e-07
 Reference value :  2.27470e-07
 Reference value :  2.27630e-07
 Reference value :  2.27824e-07
 Reference value :  2.28159e-07
 Reference value :  2.28171e-07
 Reference value :  2.28239e-07
 Reference value :  2.28439e-07
 Reference value :  2.28617e-07
 Reference value :  2.28713e-07
 Reference value :  2.28893e-07
 Reference value :  2.29068e-07
 Reference value :  2.29080e-07
 Reference value :  2.29168e-07
 Reference value :  2.29368e-07
 Reference value :  2.29562e-07
 Reference value :  2.29702e-07
 Reference value :  2.29985e-07
 Reference value :  2.30237e-07
 Reference value :  2.30450e-07
 Reference value :  2.30691e-07
 Reference value :  2.30886e-07
 Reference value :  2.30946e-07
 Reference value :  2.31246e-07
 Reference value :  2.31440e-07
 Reference value :  2.31778e-07
 Reference value :  2.31814e-07
 Reference value :  2.32015e-07
 Reference value :  2.32263e-07
 Reference value :  2.32509e-07
 Reference value :  2.32719e-07
 Reference value :  2.32924e-07
 Reference value :  2.33064e-07
 Reference value :  2.33278e-07
 Reference value :  2.33614e-07
 Reference value :  2.33813e-07
 Reference value :  2.34067e-07
 Reference value :  2.34107e-07
 Reference value :  2.34367e-07
 Reference value :  2.34487e-07
 Reference value :  2.34526e-07
 Reference value :  2.34535e-07
 Reference value :  2.34762e-07
 Reference value :  2.34922e-07
 Reference value :  2.34985e-07
 Reference value :  2.35216e-07
 Reference value :  2.35471e-07
 Reference value :  2.35771e-07
 Reference value :  2.35945e-07
 Reference value :  2.36125e-07
 Reference value :  2.36185e-07
 Reference value :  2.36245e-07
 Reference value :  2.36341e-07
 Reference value :  2.36420e-07
 Reference value :  2.36620e-07
 Reference value :  2.36720e-07
 Reference value :  2.36777e-07
 Reference value :  2.36808e-07
 Reference value :  2.36894e-07
 Reference value :  2.36934e-07
 Reference value :  2.37257e-07
 Reference value :  2.37389e-07
 Reference value :  2.37449e-07
 Reference value :  2.37589e-07
 Reference value :  2.37629e-07
 Reference value :  2.37707e-07
 Reference value :  2.37719e-07
 Reference value :  2.37823e-07
 Reference value :  2.38103e-07
 Reference value :  2.38218e-07
 Reference value :  2.38418e-07
 Reference value :  2.38578e-07
 Reference value :  2.38621e-07
 Reference value :  2.38628e-07
 Reference value :  2.38712e-07
 Reference value :  2.39012e-07
 Reference value :  2.39227e-07
 Reference value :  2.39522e-07
 Reference value :  2.39535e-07
 Reference value :  2.39601e-07
 Reference value :  2.39941e-07
 Reference value :  2.40116e-07
 Reference value :  2.40432e-07
 Reference value :  2.40630e-07
 Reference value :  2.40893e-07
 Reference value :  2.41045e-07
 Reference value :  2.41305e-07
 Reference value :  2.41479e-07
 Reference value :  2.41802e-07
 Reference value :  2.41914e-07
 Reference value :  2.42154e-07
 Reference value :  2.42308e-07
 Reference value :  2.42568e-07
 Reference value :  2.42763e-07
 Reference value :  2.43063e-07
 Reference value :  2.43257e-07
 Reference value :  2.43537e-07
 Reference value :  2.43624e-07
 Reference value :  2.43752e-07
 Reference value :  2.44070e-07
 Reference value :  2.44306e-07
 Reference value :  2.44536e-07
 Reference value :  2.44801e-07
 Reference value :  2.44958e-07
 Reference value :  2.45135e-07
 Reference value :  2.45438e-07
 Reference value :  2.45710e-07
 Reference value :  2.45910e-07
 Reference value :  2.46144e-07
 Reference value :  2.46340e-07
 Reference value :  2.46459e-07
 Reference value :  2.46759e-07
 Reference value :  2.46913e-07
 Reference value :  2.47252e-07
 Reference value :  2.47274e-07
 Reference value :  2.47308e-07
 Reference value :  2.47528e-07
 Reference value :  2.47728e-07
 Reference value :  2.48022e-07
 Reference value :  2.48157e-07
 Reference value :  2.48165e-07
 Reference value :  2.48237e-07
 Reference value :  2.48417e-07
 Reference value :  2.48594e-07
 Reference value :  2.48627e-07
 Reference value :  2.48671e-07
 Reference value :  2.48791e-07
 Reference value :  2.48891e-07
 Reference value :  2.49067e-07
 Reference value :  2.49306e-07
 Reference value :  2.49536e-07
 Reference value :  2.49780e-07
 Reference value :  2.49920e-07
 Reference value :  2.50075e-07
 Reference value :  2.50375e-07
 Reference value :  2.50569e-07
 Reference value :  2.50867e-07
 Reference value :  2.50924e-07
 Reference value :  2.51184e-07
 Reference value :  2.51378e-07
 Reference value :  2.51638e-07
 Reference value :  2.51853e-07
 Reference value :  2.52153e-07
 Reference value :  2.52273e-07
 Reference value :  2.52447e-07
 Reference value :  2.52715e-07
 Reference value :  2.53022e-07
 Reference value :  2.53196e-07
 Reference value :  2.53336e-07
 Reference value :  2.53496e-07
 Reference value :  2.53711e-07
 Reference value :  2.54011e-07
 Reference value :  2.54205e-07
 Reference value :  2.54528e-07
 Reference value :  2.54740e-07
 Reference value :  2.54983e-07
 Reference value :  2.55154e-07
 Reference value :  2.55334e-07
 Reference value :  2.55489e-07
 Reference value :  2.55769e-07
 Reference value :  2.55943e-07
 Reference value :  2.56043e-07
 Reference value :  2.56183e-07
 Reference value :  2.56398e-07
 Reference value :  2.56718e-07
 Reference value :  2.56912e-07
 Reference value :  2.57112e-07
 Reference value :  2.57287e-07
 Reference value :  2.57447e-07
 Reference value :  2.57607e-07
 Reference value :  2.57801e-07
 Reference value :  2.58139e-07
 Reference value :  2.58296e-07
 Reference value :  2.58593e-07
 Reference value :  2.58690e-07
 Reference value :  2.58870e-07
 Reference value :  2.59078e-07
 Reference value :  2.59345e-07
 Reference value :  2.59425e-07
 Reference value :  2.59639e-07
 Reference value :  2.59978e-07
 Reference value :  2.60154e-07
 Reference value :  2.60354e-07
 Reference value :  2.60508e-07
 Reference value :  2.60866e-07
 Reference value :  2.61103e-07
 Reference value :  2.61341e-07
 Reference value :  2.61417e-07
 Reference value :  2.61577e-07
 Reference value :  2.61811e-07
 Reference value :  2.62052e-07
 Reference value :  2.62260e-07
 Reference value :  2.62526e-07
 Reference value :  2.62727e-07
 Reference value :  2.62861e-07
 Reference value :  2.63159e-07
 Reference value :  2.63355e-07
 Reference value :  2.63616e-07
 Reference value :  2.63767e-07
 Reference value :  2.63927e-07
 Reference value :  2.64144e-07
 Reference value :  2.64464e-07
 Reference value :  2.64676e-07
 Reference value :  2.64975e-07
 Reference value :  2.65173e-07
 Reference value :  2.65333e-07
 Reference value :  2.65468e-07
 Reference value :  2.65788e-07
 Reference value :  2.65962e-07
 Reference value :  2.66337e-07
 Reference value :  2.66457e-07
 Reference value :  2.66637e-07
 Reference value :  2.66851e-07
 Reference value :  2.67131e-07
 Reference value :  2.67346e-07
 Reference value :  2.67646e-07
 Reference value :  2.67820e-07
 Reference value :  2.67880e-07
 Reference value :  2.68170e-07
 Reference value :  2.68455e-07
 Reference value :  2.68649e-07
 Reference value :  2.68849e-07
 Reference value :  2.69029e-07
 Reference value :  2.69083e-07
 Reference value :  2.69364e-07
 Reference value :  2.69578e-07
 Reference value :  2.69898e-07
 Reference value :  2.70133e-07
 Reference value :  2.70313e-07
 Reference value :  2.70527e-07
 Reference value :  2.70827e-07
 Reference value :  2.71042e-07
 Reference value :  2.71302e-07
 Reference value :  2.71362e-07
 Reference value :  2.71696e-07
 Reference value :  2.71911e-07
 Reference value :  2.72171e-07
 Reference value :  2.72345e-07
 Reference value :  2.72625e-07
 Reference value :  2.72708e-07
 Reference value :  2.72920e-07
 Reference value :  2.73080e-07
 Reference value :  2.73234e-07
 Reference value :  2.73534e-07
 Reference value :  2.73635e-07
 Reference value :  2.73949e-07
 Reference value :  2.74163e-07
 Reference value :  2.74383e-07
 Reference value :  2.74558e-07
 Reference value :  2.74778e-07
 Reference value :  2.74818e-07
 Reference value :  2.75012e-07
 Reference value :  2.75312e-07
 Reference value :  2.75547e-07
 Reference value :  2.75747e-07
 Reference value :  2.75885e-07
 Reference value :  2.76121e-07
 Reference value :  2.76349e-07
 Reference value :  2.76636e-07
 Reference value :  2.76816e-07
 Reference value :  2.77150e-07
 Reference value :  2.77325e-07
 Reference value :  2.77525e-07
 Reference value :  2.77739e-07
 Reference value :  2.77959e-07
 Reference value :  2.78169e-07
 Reference value :  2.78254e-07
 Reference value :  2.78494e-07
 Reference value :  2.78668e-07
 Reference value :  2.79028e-07
 Reference value :  2.79223e-07
 Reference value :  2.79521e-07
 Reference value :  2.79637e-07
 Reference value :  2.79697e-07
 Reference value :  2.79972e-07
 Reference value :  2.80172e-07
 Reference value :  2.80435e-07
 Reference value :  2.80546e-07
 Reference value :  2.80826e-07
 Reference value :  2.81041e-07
 Reference value :  2.81339e-07
 Reference value :  2.81575e-07
 Reference value :  2.81802e-07
 Reference value :  2.82090e-07
 Reference value :  2.82258e-07
 Reference value :  2.82384e-07
 Reference value :  2.82644e-07
 Reference value :  2.82899e-07
 Reference value :  2.83155e-07
 Reference value :  2.83353e-07
 Reference value :  2.83533e-07
 Reference value :  2.83620e-07
 Reference value :  2.83908e-07
 Reference value :  2.84102e-07
 Reference value :  2.84422e-07
 Reference value :  2.84597e-07
 Reference value :  2.84877e-07
 Reference value :  2.84975e-07
 Reference value :  2.85051e-07
 Reference value :  2.85409e-07
 Reference value :  2.85606e-07
 Reference value :  2.85889e-07
 Reference value :  2.85980e-07
 Reference value :  2.86280e-07
 Reference value :  2.86455e-07
 Reference value :  2.86715e-07
 Reference value :  2.86889e-07
 Reference value :  2.87129e-07
 Reference value :  2.87257e-07
 Reference value :  2.87364e-07
 Reference value :  2.87681e-07
 Reference value :  2.87798e-07
 Reference value :  2.87858e-07
 Reference value :  2.87998e-07
 Reference value :  2.88213e-07
 Reference value :  2.88353e-07
 Reference value :  2.88473e-07
 Reference value :  2.88573e-07
 Reference value :  2.88687e-07
 Reference value :  2.88907e-07
 Reference value :  2.89027e-07
 Reference value :  2.89081e-07
 Reference value :  2.89262e-07
 Reference value :  2.89402e-07
 Reference value :  2.89525e-07
 Reference value :  2.89636e-07
 Reference value :  2.89756e-07
 Reference value :  2.89986e-07
 Reference value :  2.90171e-07
 Reference value :  2.90231e-07
 Reference value :  2.90439e-07
 Reference value :  2.90685e-07
 Reference value :  2.90893e-07
 Reference value :  2.90920e-07
 Reference value :  2.91020e-07
 Reference value :  2.91140e-07
 Reference value :  2.91240e-07
 Reference value :  2.91347e-07
 Reference value :  2.91434e-07
 Reference value :  2.91634e-07
 Reference value :  2.91754e-07
 Reference value :  2.91790e-07
 Reference value :  2.91909e-07
 Reference value :  2.92149e-07
 Reference value :  2.92269e-07
 Reference value :  2.92403e-07
 Reference value :  2.92643e-07
 Reference value :  2.92710e-07
 Reference value :  2.92958e-07
 Reference value :  2.93058e-07
 Reference value :  2.93154e-07
 Reference value :  2.93352e-07
 Reference value :  2.93608e-07
 Reference value :  2.93847e-07
 Reference value :  2.94061e-07
 Reference value :  2.94261e-07
 Reference value :  2.94499e-07
 Reference value :  2.94593e-07
 Reference value :  2.94933e-07
 Reference value :  2.95110e-07
 Reference value :  2.95425e-07
 Reference value :  2.95582e-07
 Reference value :  2.95880e-07
 Reference value :  2.96019e-07
 Reference value :  2.96342e-07
 Reference value :  2.96574e-07
 Reference value :  2.96801e-07
 Reference value :  2.97068e-07
 Reference value :  2.97255e-07
 Reference value :  2.97463e-07
 Reference value :  2.97603e-07
 Reference value :  2.97777e-07
 Reference value :  2.98135e-07
 Reference value :  2.98332e-07
 Reference value :  2.98589e-07
 Reference value :  2.98619e-07
 Reference value :  2.98746e-07
 Reference value :  2.98966e-07
 Reference value :  2.99076e-07
 Reference value :  2.99221e-07
 Reference value :  2.99281e-07
 Reference value :  2.99321e-07
 Reference value :  2.99481e-07
 Reference value :  2.99519e-07
 Reference value :  2.99715e-07
 Reference value :  2.99985e-07
No. of Data Rows : 19790
sim/harness: analysis complete
Note: Simulation executed from .control section 
