
Note: Compatibility modes selected: hs a


Circuit: ** sch_path: /home/ubuntu/loom-workspaces/sky130-pll/.loom/worktrees/issue-129/sim/divider/testbench/tb_divider.sch

option SCALE: Scale is set to 1e-06 for instance and model parameters
option SCALE: Scale is set to 1e-06 for instance and model parameters
option SCALE: Scale is set to 1e-06 for instance and model parameters
option SCALE: Scale is set to 1e-06 for instance and model parameters
Doing analysis at TEMP = 27.000000 and TNOM = 27.000000

Using KLU as Direct Linear Solver
 Reference value :  0.00000e+00
 Reference value :  1.81000e-11
 Reference value :  1.97300e-10
 Reference value :  4.73125e-10
 Reference value :  7.74125e-10
 Reference value :  1.00862e-09
 Reference value :  1.36350e-09
 Reference value :  1.46312e-09
 Reference value :  1.56312e-09
 Reference value :  1.72312e-09
 Reference value :  1.93762e-09
 Reference value :  2.27250e-09
 Reference value :  2.29112e-09
 Reference value :  2.37212e-09
 Reference value :  2.59212e-09
 Reference value :  2.78662e-09
 Reference value :  3.14662e-09
 Reference value :  3.32112e-09
 Reference value :  3.56112e-09
 Reference value :  3.75563e-09
 Reference value :  4.03563e-09
 Reference value :  4.13012e-09
 Reference value :  4.33013e-09
 Reference value :  4.54625e-09
 Reference value :  4.62463e-09
 Reference value :  4.99950e-09
 Reference value :  5.02333e-09
 Reference value :  5.09542e-09
 Reference value :  5.45400e-09
 Reference value :  5.53363e-09
 Reference value :  5.57363e-09
 Reference value :  5.83363e-09
 Reference value :  5.90975e-09
 Reference value :  6.00000e-09
 Reference value :  6.23000e-09
 Reference value :  6.44263e-09
 Reference value :  6.68263e-09
 Reference value :  6.82125e-09
 Reference value :  6.89713e-09
 Reference value :  7.19713e-09
 Reference value :  7.31162e-09
 Reference value :  7.37163e-09
 Reference value :  7.51163e-09
 Reference value :  7.72775e-09
 Reference value :  7.73987e-09
 Reference value :  7.86612e-09
 Reference value :  8.18225e-09
 Reference value :  8.40062e-09
 Reference value :  8.64800e-09
 Reference value :  8.83513e-09
 Reference value :  8.93512e-09
 Reference value :  9.05512e-09
 Reference value :  9.24962e-09
 Reference value :  9.54575e-09
 Reference value :  9.76412e-09
 Reference value :  1.00176e-08
 Reference value :  1.01586e-08
 Reference value :  1.01986e-08
 Reference value :  1.04186e-08
 Reference value :  1.06331e-08
 Reference value :  1.09092e-08
 Reference value :  1.09336e-08
 Reference value :  1.10276e-08
 Reference value :  1.11476e-08
 Reference value :  1.13076e-08
 Reference value :  1.14621e-08
 Reference value :  1.18182e-08
 Reference value :  1.20366e-08
 Reference value :  1.21766e-08
 Reference value :  1.22752e-08
 Reference value :  1.24911e-08
 Reference value :  1.27385e-08
 Reference value :  1.28856e-08
 Reference value :  1.30456e-08
 Reference value :  1.31930e-08
 Reference value :  1.34401e-08
 Reference value :  1.36484e-08
 Reference value :  1.39346e-08
 Reference value :  1.40932e-08
 Reference value :  1.41291e-08
 Reference value :  1.42891e-08
 Reference value :  1.44491e-08
 Reference value :  1.46836e-08
 Reference value :  1.49636e-08
 Reference value :  1.51581e-08
 Reference value :  1.53381e-08
 Reference value :  1.53981e-08
 Reference value :  1.55526e-08
 Reference value :  1.58726e-08
 Reference value :  1.60671e-08
 Reference value :  1.63745e-08
 Reference value :  1.66216e-08
 Reference value :  1.67416e-08
 Reference value :  1.68421e-08
 Reference value :  1.70761e-08
 Reference value :  1.73283e-08
 Reference value :  1.75883e-08
 Reference value :  1.76683e-08
 Reference value :  1.77069e-08
 Reference value :  1.79051e-08
 Reference value :  1.81934e-08
 Reference value :  1.84796e-08
 Reference value :  1.86741e-08
 Reference value :  1.89341e-08
 Reference value :  1.91463e-08
 Reference value :  1.92063e-08
 Reference value :  1.92663e-08
 Reference value :  1.95448e-08
 Reference value :  1.97831e-08
 Reference value :  2.00114e-08
 Reference value :  2.02576e-08
 Reference value :  2.03376e-08
 Reference value :  2.05121e-08
 Reference value :  2.07521e-08
 Reference value :  2.09843e-08
 Reference value :  2.13043e-08
 Reference value :  2.13801e-08
 Reference value :  2.14211e-08
 Reference value :  2.17611e-08
 Reference value :  2.19956e-08
 Reference value :  2.22717e-08
 Reference value :  2.23301e-08
 Reference value :  2.24101e-08
 Reference value :  2.27310e-08
 Reference value :  2.29423e-08
 Reference value :  2.31920e-08
 Reference value :  2.34591e-08
 Reference value :  2.37136e-08
 Reference value :  2.39536e-08
 Reference value :  2.39936e-08
 Reference value :  2.42081e-08
 Reference value :  2.45256e-08
 Reference value :  2.47603e-08
 Reference value :  2.50056e-08
 Reference value :  2.50771e-08
 Reference value :  2.51171e-08
 Reference value :  2.54557e-08
 Reference value :  2.56916e-08
 Reference value :  2.59190e-08
 Reference value :  2.61261e-08
 Reference value :  2.62661e-08
 Reference value :  2.63436e-08
 Reference value :  2.65783e-08
 Reference value :  2.68289e-08
 Reference value :  2.70951e-08
 Reference value :  2.73096e-08
 Reference value :  2.74096e-08
 Reference value :  2.75296e-08
 Reference value :  2.77396e-08
 Reference value :  2.80241e-08
 Reference value :  2.82163e-08
 Reference value :  2.85363e-08
 Reference value :  2.86469e-08
 Reference value :  2.87931e-08
 Reference value :  2.90917e-08
 Reference value :  2.93276e-08
 Reference value :  2.95506e-08
 Reference value :  2.96221e-08
 Reference value :  2.96621e-08
 Reference value :  2.97621e-08
 Reference value :  2.99421e-08
 Reference value :  3.00226e-08
 Reference value :  3.03366e-08
 Reference value :  3.05111e-08
 Reference value :  3.07311e-08
 Reference value :  3.09073e-08
 Reference value :  3.10056e-08
 Reference value :  3.12256e-08
 Reference value :  3.13605e-08
 Reference value :  3.14001e-08
 Reference value :  3.15601e-08
 Reference value :  3.17001e-08
 Reference value :  3.18406e-08
 Reference value :  3.20946e-08
 Reference value :  3.22776e-08
 Reference value :  3.25691e-08
 Reference value :  3.26691e-08
 Reference value :  3.28236e-08
 Reference value :  3.29636e-08
 Reference value :  3.30436e-08
 Reference value :  3.31236e-08
 Reference value :  3.31910e-08
 Reference value :  3.33581e-08
 Reference value :  3.36455e-08
 Reference value :  3.39103e-08
 Reference value :  3.41009e-08
 Reference value :  3.41671e-08
 Reference value :  3.44471e-08
 Reference value :  3.45545e-08
 Reference value :  3.47816e-08
 Reference value :  3.50046e-08
 Reference value :  3.52361e-08
 Reference value :  3.54336e-08
 Reference value :  3.54522e-08
 Reference value :  3.55106e-08
 Reference value :  3.58306e-08
 Reference value :  3.59851e-08
 Reference value :  3.63051e-08
 Reference value :  3.64796e-08
 Reference value :  3.66196e-08
 Reference value :  3.67196e-08
 Reference value :  3.69141e-08
 Reference value :  3.72710e-08
 Reference value :  3.74063e-08
 Reference value :  3.76663e-08
 Reference value :  3.77491e-08
 Reference value :  3.78031e-08
 Reference value :  3.78431e-08
 Reference value :  3.80831e-08
 Reference value :  3.82776e-08
 Reference value :  3.85776e-08
 Reference value :  3.87321e-08
 Reference value :  3.88921e-08
 Reference value :  3.89521e-08
 Reference value :  3.90121e-08
 Reference value :  3.90521e-08
 Reference value :  3.90882e-08
 Reference value :  3.90995e-08
 Reference value :  3.91056e-08
 Reference value :  3.91666e-08
 Reference value :  3.92066e-08
 Reference value :  3.92466e-08
 Reference value :  3.92866e-08
 Reference value :  3.93866e-08
 Reference value :  3.95496e-08
 Reference value :  3.97211e-08
 Reference value :  4.00041e-08
 Reference value :  4.01956e-08
 Reference value :  4.02356e-08
 Reference value :  4.03556e-08
 Reference value :  4.04505e-08
 Reference value :  4.04542e-08
 Reference value :  4.04630e-08
 Reference value :  4.04691e-08
 Reference value :  4.04901e-08
 Reference value :  4.07101e-08
 Reference value :  4.07501e-08
 Reference value :  4.08701e-08
 Reference value :  4.09623e-08
 Reference value :  4.12023e-08
 Reference value :  4.12823e-08
 Reference value :  4.13851e-08
 Reference value :  4.16991e-08
 Reference value :  4.18326e-08
 Reference value :  4.21136e-08
 Reference value :  4.21936e-08
 Reference value :  4.22810e-08
 Reference value :  4.25481e-08
 Reference value :  4.27826e-08
 Reference value :  4.30826e-08
 Reference value :  4.32031e-08
 Reference value :  4.33571e-08
 Reference value :  4.34371e-08
 Reference value :  4.36576e-08
 Reference value :  4.39316e-08
 Reference value :  4.41261e-08
 Reference value :  4.44261e-08
 Reference value :  4.45491e-08
 Reference value :  4.46406e-08
 Reference value :  4.49206e-08
 Reference value :  4.51151e-08
 Reference value :  4.53751e-08
 Reference value :  4.54520e-08
 Reference value :  4.54625e-08
 Reference value :  4.55473e-08
 Reference value :  4.58473e-08
 Reference value :  4.60641e-08
 Reference value :  4.63724e-08
 Reference value :  4.65586e-08
 Reference value :  4.67961e-08
 Reference value :  4.69131e-08
 Reference value :  4.71131e-08
 Reference value :  4.72814e-08
 Reference value :  4.75676e-08
 Reference value :  4.77411e-08
 Reference value :  4.78621e-08
 Reference value :  4.81807e-08
 Reference value :  4.84166e-08
 Reference value :  4.86141e-08
 Reference value :  4.86352e-08
 Reference value :  4.86911e-08
 Reference value :  4.89111e-08
 Reference value :  4.91633e-08
 Reference value :  4.94633e-08
 Reference value :  4.96801e-08
 Reference value :  4.99988e-08
 Reference value :  5.00746e-08
 Reference value :  5.01146e-08
 Reference value :  5.04321e-08
 Reference value :  5.06491e-08
 Reference value :  5.08866e-08
 Reference value :  5.09121e-08
 Reference value :  5.09191e-08
 Reference value :  5.11436e-08
 Reference value :  5.13719e-08
 Reference value :  5.16781e-08
 Reference value :  5.19126e-08
 Reference value :  5.21926e-08
 Reference value :  5.23671e-08
 Reference value :  5.24871e-08
 Reference value :  5.26471e-08
 Reference value :  5.28393e-08
 Reference value :  5.30793e-08
 Reference value :  5.31890e-08
 Reference value :  5.32021e-08
 Reference value :  5.32761e-08
 Reference value :  5.35361e-08
 Reference value :  5.37506e-08
 Reference value :  5.40506e-08
 Reference value :  5.42051e-08
 Reference value :  5.42851e-08
 Reference value :  5.43451e-08
 Reference value :  5.45796e-08
 Reference value :  5.48996e-08
 Reference value :  5.51141e-08
 Reference value :  5.52341e-08
 Reference value :  5.54624e-08
 Reference value :  5.57286e-08
 Reference value :  5.59291e-08
 Reference value :  5.62631e-08
 Reference value :  5.63761e-08
 Reference value :  5.64153e-08
 Reference value :  5.66753e-08
 Reference value :  5.68521e-08
 Reference value :  5.71121e-08
 Reference value :  5.72683e-08
 Reference value :  5.72821e-08
 Reference value :  5.74666e-08
 Reference value :  5.77253e-08
 Reference value :  5.79811e-08
 Reference value :  5.82356e-08
 Reference value :  5.84356e-08
 Reference value :  5.85956e-08
 Reference value :  5.86456e-08
 Reference value :  5.89301e-08
 Reference value :  5.91106e-08
 Reference value :  5.93446e-08
 Reference value :  5.94246e-08
 Reference value :  5.95407e-08
 Reference value :  5.97391e-08
 Reference value :  6.00196e-08
 Reference value :  6.03336e-08
 Reference value :  6.05081e-08
 Reference value :  6.06281e-08
 Reference value :  6.06681e-08
 Reference value :  6.09181e-08
 Reference value :  6.12026e-08
 Reference value :  6.13656e-08
 Reference value :  6.13971e-08
 Reference value :  6.14371e-08
 Reference value :  6.15971e-08
 Reference value :  6.18516e-08
 Reference value :  6.21716e-08
 Reference value :  6.23061e-08
 Reference value :  6.25461e-08
 Reference value :  6.27222e-08
 Reference value :  6.28606e-08
 Reference value :  6.30806e-08
 Reference value :  6.31880e-08
 Reference value :  6.32551e-08
 Reference value :  6.34151e-08
 Reference value :  6.35551e-08
 Reference value :  6.36696e-08
 Reference value :  6.39896e-08
 Reference value :  6.41101e-08
 Reference value :  6.43041e-08
 Reference value :  6.44041e-08
 Reference value :  6.45786e-08
 Reference value :  6.46386e-08
 Reference value :  6.48986e-08
 Reference value :  6.50069e-08
 Reference value :  6.52731e-08
 Reference value :  6.54666e-08
 Reference value :  6.56276e-08
 Reference value :  6.58676e-08
 Reference value :  6.60421e-08
 Reference value :  6.63570e-08
 Reference value :  6.63751e-08
 Reference value :  6.65743e-08
 Reference value :  6.68153e-08
 Reference value :  6.70111e-08
 Reference value :  6.72672e-08
 Reference value :  6.73856e-08
 Reference value :  6.75856e-08
 Reference value :  6.77461e-08
 Reference value :  6.80201e-08
 Reference value :  6.81884e-08
 Reference value :  6.83546e-08
 Reference value :  6.86295e-08
 Reference value :  6.86891e-08
 Reference value :  6.89091e-08
 Reference value :  6.91026e-08
 Reference value :  6.94036e-08
 Reference value :  6.95981e-08
 Reference value :  6.99181e-08
 Reference value :  7.00064e-08
 Reference value :  7.01526e-08
 Reference value :  7.02926e-08
 Reference value :  7.04475e-08
 Reference value :  7.06471e-08
 Reference value :  7.08846e-08
 Reference value :  7.09816e-08
 Reference value :  7.12416e-08
 Reference value :  7.13961e-08
 Reference value :  7.15961e-08
 Reference value :  7.18147e-08
 Reference value :  7.20706e-08
 Reference value :  7.22692e-08
 Reference value :  7.24051e-08
 Reference value :  7.27200e-08
 Reference value :  7.27996e-08
 Reference value :  7.31196e-08
 Reference value :  7.32141e-08
 Reference value :  7.32541e-08
 Reference value :  7.35141e-08
 Reference value :  7.36350e-08
 Reference value :  7.37263e-08
 Reference value :  7.40463e-08
 Reference value :  7.41431e-08
 Reference value :  7.43431e-08
 Reference value :  7.44231e-08
 Reference value :  7.46753e-08
 Reference value :  7.49925e-08
 Reference value :  7.51321e-08
 Reference value :  7.52721e-08
 Reference value :  7.54482e-08
 Reference value :  7.56266e-08
 Reference value :  7.57066e-08
 Reference value :  7.59201e-08
 Reference value :  7.62011e-08
 Reference value :  7.63597e-08
 Reference value :  7.63694e-08
 Reference value :  7.66356e-08
 Reference value :  7.68361e-08
 Reference value :  7.71101e-08
 Reference value :  7.72801e-08
 Reference value :  7.73246e-08
 Reference value :  7.74046e-08
 Reference value :  7.76646e-08
 Reference value :  7.77991e-08
 Reference value :  7.80391e-08
 Reference value :  7.81874e-08
 Reference value :  7.82736e-08
 Reference value :  7.84136e-08
 Reference value :  7.86410e-08
 Reference value :  7.88681e-08
 Reference value :  7.90981e-08
 Reference value :  7.92026e-08
 Reference value :  7.95026e-08
 Reference value :  7.96171e-08
 Reference value :  7.99746e-08
 Reference value :  8.01716e-08
 Reference value :  8.04502e-08
 Reference value :  8.06861e-08
 Reference value :  8.09144e-08
 Reference value :  8.11006e-08
 Reference value :  8.11806e-08
 Reference value :  8.13951e-08
 Reference value :  8.16751e-08
 Reference value :  8.18873e-08
 Reference value :  8.21473e-08
 Reference value :  8.22645e-08
 Reference value :  8.24641e-08
 Reference value :  8.27446e-08
 Reference value :  8.29786e-08
 Reference value :  8.31735e-08
 Reference value :  8.33531e-08
 Reference value :  8.33931e-08
 Reference value :  8.36317e-08
 Reference value :  8.37676e-08
 Reference value :  8.38876e-08
 Reference value :  8.40976e-08
 Reference value :  8.42621e-08
 Reference value :  8.45407e-08
 Reference value :  8.47166e-08
 Reference value :  8.49915e-08
 Reference value :  8.51911e-08
 Reference value :  8.54594e-08
 Reference value :  8.56856e-08
 Reference value :  8.57656e-08
 Reference value :  8.59261e-08
 Reference value :  8.62601e-08
 Reference value :  8.64746e-08
 Reference value :  8.68095e-08
 Reference value :  8.69291e-08
 Reference value :  8.72091e-08
 Reference value :  8.72826e-08
 Reference value :  8.75836e-08
 Reference value :  8.77981e-08
 Reference value :  8.81730e-08
 Reference value :  8.83926e-08
 Reference value :  8.86312e-08
 Reference value :  8.86426e-08
 Reference value :  8.88071e-08
 Reference value :  8.90820e-08
 Reference value :  8.92616e-08
 Reference value :  8.94016e-08
 Reference value :  8.95365e-08
 Reference value :  8.96361e-08
 Reference value :  8.98161e-08
 Reference value :  9.00883e-08
 Reference value :  9.03483e-08
 Reference value :  9.04851e-08
 Reference value :  9.06051e-08
 Reference value :  9.09125e-08
 Reference value :  9.11796e-08
 Reference value :  9.13801e-08
 Reference value :  9.17341e-08
 Reference value :  9.18486e-08
 Reference value :  9.18886e-08
 Reference value :  9.19686e-08
 Reference value :  9.22647e-08
 Reference value :  9.24431e-08
 Reference value :  9.27261e-08
 Reference value :  9.29576e-08
 Reference value :  9.30576e-08
 Reference value :  9.31876e-08
 Reference value :  9.34521e-08
 Reference value :  9.36866e-08
 Reference value :  9.39666e-08
 Reference value :  9.40815e-08
 Reference value :  9.41071e-08
 Reference value :  9.44211e-08
 Reference value :  9.46156e-08
 Reference value :  9.48756e-08
 Reference value :  9.50701e-08
 Reference value :  9.53901e-08
 Reference value :  9.54584e-08
 Reference value :  9.56246e-08
 Reference value :  9.59032e-08
 Reference value :  9.61391e-08
 Reference value :  9.63552e-08
 Reference value :  9.63621e-08
 Reference value :  9.63691e-08
 Reference value :  9.65136e-08
 Reference value :  9.66936e-08
 Reference value :  9.69081e-08
 Reference value :  9.71681e-08
 Reference value :  9.72811e-08
 Reference value :  9.74403e-08
 Reference value :  9.76203e-08
 Reference value :  9.77771e-08
 Reference value :  9.80171e-08
 Reference value :  9.81871e-08
 Reference value :  9.83516e-08
 Reference value :  9.86302e-08
 Reference value :  9.88461e-08
 Reference value :  9.91066e-08
 Reference value :  9.94006e-08
 Reference value :  9.95951e-08
 Reference value :  9.97551e-08
 Reference value :  9.98951e-08
 Reference value :  1.00110e-07
 Reference value :  1.00427e-07
 Reference value :  1.00604e-07
 Reference value :  1.00882e-07
 Reference value :  1.01039e-07
 Reference value :  1.01279e-07
 Reference value :  1.01493e-07
 Reference value :  1.01820e-07
 Reference value :  1.01848e-07
 Reference value :  1.01888e-07
 Reference value :  1.02068e-07
 Reference value :  1.02281e-07
 Reference value :  1.02402e-07
 Reference value :  1.02502e-07
 Reference value :  1.02729e-07
 Reference value :  1.02997e-07
 Reference value :  1.03187e-07
 Reference value :  1.03411e-07
 Reference value :  1.03471e-07
 Reference value :  1.03626e-07
 Reference value :  1.03826e-07
 Reference value :  1.04089e-07
 Reference value :  1.04340e-07
 Reference value :  1.04535e-07
 Reference value :  1.04561e-07
 Reference value :  1.04675e-07
 Reference value :  1.04735e-07
 Reference value :  1.04835e-07
 Reference value :  1.05049e-07
 Reference value :  1.05289e-07
 Reference value :  1.05369e-07
 Reference value :  1.05621e-07
 Reference value :  1.05801e-07
 Reference value :  1.05900e-07
 Reference value :  1.06018e-07
 Reference value :  1.06098e-07
 Reference value :  1.06298e-07
 Reference value :  1.06533e-07
 Reference value :  1.06790e-07
 Reference value :  1.06927e-07
 Reference value :  1.07187e-07
 Reference value :  1.07277e-07
 Reference value :  1.07382e-07
 Reference value :  1.07542e-07
 Reference value :  1.07699e-07
 Reference value :  1.07796e-07
 Reference value :  1.07976e-07
 Reference value :  1.08179e-07
 Reference value :  1.08231e-07
 Reference value :  1.08391e-07
 Reference value :  1.08531e-07
 Reference value :  1.08725e-07
 Reference value :  1.09063e-07
 Reference value :  1.09280e-07
 Reference value :  1.09543e-07
 Reference value :  1.09774e-07
 Reference value :  1.10029e-07
 Reference value :  1.10229e-07
 Reference value :  1.10456e-07
 Reference value :  1.10683e-07
 Reference value :  1.10902e-07
 Reference value :  1.11138e-07
 Reference value :  1.11371e-07
 Reference value :  1.11652e-07
 Reference value :  1.11826e-07
 Reference value :  1.12007e-07
 Reference value :  1.12127e-07
 Reference value :  1.12321e-07
 Reference value :  1.12641e-07
 Reference value :  1.12813e-07
 Reference value :  1.13113e-07
 Reference value :  1.13290e-07
 Reference value :  1.13570e-07
 Reference value :  1.13725e-07
 Reference value :  1.13965e-07
 Reference value :  1.14139e-07
 Reference value :  1.14499e-07
 Reference value :  1.14634e-07
 Reference value :  1.14934e-07
 Reference value :  1.15048e-07
 Reference value :  1.15328e-07
 Reference value :  1.15523e-07
 Reference value :  1.15803e-07
 Reference value :  1.15977e-07
 Reference value :  1.16317e-07
 Reference value :  1.16392e-07
 Reference value :  1.16432e-07
 Reference value :  1.16752e-07
 Reference value :  1.16926e-07
 Reference value :  1.17262e-07
 Reference value :  1.17461e-07
 Reference value :  1.17641e-07
 Reference value :  1.17835e-07
 Reference value :  1.18171e-07
 Reference value :  1.18410e-07
 Reference value :  1.18638e-07
 Reference value :  1.18904e-07
 Reference value :  1.19087e-07
 Reference value :  1.19179e-07
 Reference value :  1.19499e-07
 Reference value :  1.19693e-07
 Reference value :  1.20001e-07
 Reference value :  1.20148e-07
 Reference value :  1.20248e-07
 Reference value :  1.20288e-07
 Reference value :  1.20482e-07
 Reference value :  1.20762e-07
 Reference value :  1.20937e-07
 Reference value :  1.21237e-07
 Reference value :  1.21377e-07
 Reference value :  1.21591e-07
 Reference value :  1.21821e-07
 Reference value :  1.22126e-07
 Reference value :  1.22340e-07
 Reference value :  1.22580e-07
 Reference value :  1.22815e-07
 Reference value :  1.23015e-07
 Reference value :  1.23269e-07
 Reference value :  1.23607e-07
 Reference value :  1.23844e-07
 Reference value :  1.24087e-07
 Reference value :  1.24238e-07
 Reference value :  1.24418e-07
 Reference value :  1.24653e-07
 Reference value :  1.24953e-07
 Reference value :  1.25127e-07
 Reference value :  1.25443e-07
 Reference value :  1.25522e-07
 Reference value :  1.25622e-07
 Reference value :  1.25862e-07
 Reference value :  1.25976e-07
 Reference value :  1.26136e-07
 Reference value :  1.26296e-07
 Reference value :  1.26351e-07
 Reference value :  1.26411e-07
 Reference value :  1.26611e-07
 Reference value :  1.26805e-07
 Reference value :  1.26905e-07
 Reference value :  1.27085e-07
 Reference value :  1.27225e-07
 Reference value :  1.27275e-07
 Reference value :  1.27580e-07
 Reference value :  1.27754e-07
 Reference value :  1.28114e-07
 Reference value :  1.28309e-07
 Reference value :  1.28623e-07
 Reference value :  1.28803e-07
 Reference value :  1.28903e-07
 Reference value :  1.29043e-07
 Reference value :  1.29091e-07
 Reference value :  1.29118e-07
 Reference value :  1.29378e-07
 Reference value :  1.29551e-07
 Reference value :  1.29672e-07
 Reference value :  1.29999e-07
 Reference value :  1.30247e-07
 Reference value :  1.30467e-07
 Reference value :  1.30721e-07
 Reference value :  1.30909e-07
 Reference value :  1.30956e-07
 Reference value :  1.31256e-07
 Reference value :  1.31450e-07
 Reference value :  1.31788e-07
 Reference value :  1.32022e-07
 Reference value :  1.32268e-07
 Reference value :  1.32359e-07
 Reference value :  1.32619e-07
 Reference value :  1.32871e-07
 Reference value :  1.33169e-07
 Reference value :  1.33348e-07
 Reference value :  1.33624e-07
 Reference value :  1.33783e-07
 Reference value :  1.34043e-07
 Reference value :  1.34103e-07
 Reference value :  1.34417e-07
 Reference value :  1.34612e-07
 Reference value :  1.34932e-07
 Reference value :  1.35146e-07
 Reference value :  1.35366e-07
 Reference value :  1.35561e-07
 Reference value :  1.35761e-07
 Reference value :  1.35904e-07
 Reference value :  1.36075e-07
 Reference value :  1.36365e-07
 Reference value :  1.36630e-07
 Reference value :  1.36830e-07
 Reference value :  1.37084e-07
 Reference value :  1.37299e-07
 Reference value :  1.37339e-07
 Reference value :  1.37559e-07
 Reference value :  1.37732e-07
 Reference value :  1.37973e-07
 Reference value :  1.38187e-07
 Reference value :  1.38348e-07
 Reference value :  1.38548e-07
 Reference value :  1.38631e-07
 Reference value :  1.38782e-07
 Reference value :  1.39090e-07
 Reference value :  1.39377e-07
 Reference value :  1.39591e-07
 Reference value :  1.39631e-07
 Reference value :  1.39951e-07
 Reference value :  1.40126e-07
 Reference value :  1.40423e-07
 Reference value :  1.40520e-07
 Reference value :  1.40895e-07
 Reference value :  1.41055e-07
 Reference value :  1.41332e-07
 Reference value :  1.41529e-07
 Reference value :  1.41609e-07
 Reference value :  1.41819e-07
 Reference value :  1.42084e-07
 Reference value :  1.42298e-07
 Reference value :  1.42618e-07
 Reference value :  1.42732e-07
 Reference value :  1.42893e-07
 Reference value :  1.43167e-07
 Reference value :  1.43347e-07
 Reference value :  1.43605e-07
 Reference value :  1.43782e-07
 Reference value :  1.44042e-07
 Reference value :  1.44092e-07
 Reference value :  1.44236e-07
 Reference value :  1.44514e-07
 Reference value :  1.44591e-07
 Reference value :  1.44771e-07
 Reference value :  1.44999e-07
 Reference value :  1.45265e-07
 Reference value :  1.45500e-07
 Reference value :  1.45800e-07
 Reference value :  1.46014e-07
 Reference value :  1.46350e-07
 Reference value :  1.46489e-07
 Reference value :  1.46729e-07
 Reference value :  1.46923e-07
 Reference value :  1.47258e-07
 Reference value :  1.47315e-07
 Reference value :  1.47535e-07
 Reference value :  1.47615e-07
 Reference value :  1.47752e-07
 Reference value :  1.48052e-07
 Reference value :  1.48304e-07
 Reference value :  1.48584e-07
 Reference value :  1.48801e-07
 Reference value :  1.49091e-07
 Reference value :  1.49276e-07
 Reference value :  1.49543e-07
 Reference value :  1.49670e-07
 Reference value :  1.49968e-07
 Reference value :  1.50125e-07
 Reference value :  1.50305e-07
 Reference value :  1.50479e-07
 Reference value :  1.50699e-07
 Reference value :  1.50799e-07
 Reference value :  1.50974e-07
 Reference value :  1.51274e-07
 Reference value :  1.51448e-07
 Reference value :  1.51786e-07
 Reference value :  1.51983e-07
 Reference value :  1.52257e-07
 Reference value :  1.52377e-07
 Reference value :  1.52497e-07
 Reference value :  1.52727e-07
 Reference value :  1.53012e-07
 Reference value :  1.53226e-07
 Reference value :  1.53506e-07
 Reference value :  1.53741e-07
 Reference value :  1.53941e-07
 Reference value :  1.54077e-07
 Reference value :  1.54195e-07
 Reference value :  1.54475e-07
 Reference value :  1.54590e-07
 Reference value :  1.54770e-07
 Reference value :  1.54870e-07
 Reference value :  1.54967e-07
 Reference value :  1.55124e-07
 Reference value :  1.55204e-07
 Reference value :  1.55244e-07
 Reference value :  1.55304e-07
 Reference value :  1.55364e-07
 Reference value :  1.55422e-07
 Reference value :  1.55440e-07
 Reference value :  1.55451e-07
 Reference value :  1.55458e-07
 Reference value :  1.55479e-07
 Reference value :  1.55519e-07
 Reference value :  1.55559e-07
 Reference value :  1.55599e-07
 Reference value :  1.55639e-07
 Reference value :  1.55679e-07
 Reference value :  1.55719e-07
 Reference value :  1.55759e-07
 Reference value :  1.55799e-07
 Reference value :  1.55839e-07
 Reference value :  1.55876e-07
 Reference value :  1.55902e-07
 Reference value :  1.55973e-07
 Reference value :  1.56133e-07
 Reference value :  1.56361e-07
 Reference value :  1.56608e-07
 Reference value :  1.56811e-07
 Reference value :  1.56902e-07
 Reference value :  1.57202e-07
 Reference value :  1.57397e-07
 Reference value :  1.57657e-07
 Reference value :  1.57720e-07
 Reference value :  1.57851e-07
 Reference value :  1.58170e-07
 Reference value :  1.58386e-07
 Reference value :  1.58634e-07
 Reference value :  1.58840e-07
 Reference value :  1.59076e-07
 Reference value :  1.59295e-07
 Reference value :  1.59529e-07
 Reference value :  1.59749e-07
 Reference value :  1.60003e-07
 Reference value :  1.60144e-07
 Reference value :  1.60344e-07
 Reference value :  1.60558e-07
 Reference value :  1.60894e-07
 Reference value :  1.61093e-07
 Reference value :  1.61349e-07
 Reference value :  1.61507e-07
 Reference value :  1.61647e-07
 Reference value :  1.61817e-07
 Reference value :  1.62002e-07
 Reference value :  1.62182e-07
 Reference value :  1.62376e-07
 Reference value :  1.62711e-07
 Reference value :  1.62888e-07
 Reference value :  1.63068e-07
 Reference value :  1.63225e-07
 Reference value :  1.63585e-07
 Reference value :  1.63797e-07
 Reference value :  1.64078e-07
 Reference value :  1.64214e-07
 Reference value :  1.64374e-07
 Reference value :  1.64537e-07
 Reference value :  1.64749e-07
 Reference value :  1.64999e-07
 Reference value :  1.65243e-07
 Reference value :  1.65451e-07
 Reference value :  1.65618e-07
 Reference value :  1.65875e-07
 Reference value :  1.66052e-07
 Reference value :  1.66292e-07
 Reference value :  1.66427e-07
 Reference value :  1.66527e-07
 Reference value :  1.66803e-07
 Reference value :  1.67001e-07
 Reference value :  1.67275e-07
 Reference value :  1.67576e-07
 Reference value :  1.67693e-07
 Reference value :  1.67770e-07
 Reference value :  1.68050e-07
 Reference value :  1.68245e-07
 Reference value :  1.68565e-07
 Reference value :  1.68679e-07
 Reference value :  1.68899e-07
 Reference value :  1.69086e-07
 Reference value :  1.69354e-07
 Reference value :  1.69541e-07
 Reference value :  1.69768e-07
 Reference value :  1.70009e-07
 Reference value :  1.70283e-07
 Reference value :  1.70441e-07
 Reference value :  1.70577e-07
 Reference value :  1.70893e-07
 Reference value :  1.71072e-07
 Reference value :  1.71348e-07
 Reference value :  1.71426e-07
 Reference value :  1.71566e-07
 Reference value :  1.71814e-07
 Reference value :  1.72101e-07
 Reference value :  1.72315e-07
 Reference value :  1.72515e-07
 Reference value :  1.72711e-07
 Reference value :  1.72870e-07
 Reference value :  1.73147e-07
 Reference value :  1.73264e-07
 Reference value :  1.73464e-07
 Reference value :  1.73623e-07
 Reference value :  1.73879e-07
 Reference value :  1.74099e-07
 Reference value :  1.74373e-07
 Reference value :  1.74628e-07
 Reference value :  1.74868e-07
 Reference value :  1.74986e-07
 Reference value :  1.75182e-07
 Reference value :  1.75402e-07
 Reference value :  1.75497e-07
 Reference value :  1.75637e-07
 Reference value :  1.75837e-07
 Reference value :  1.76051e-07
 Reference value :  1.76354e-07
 Reference value :  1.76606e-07
 Reference value :  1.76802e-07
 Reference value :  1.76814e-07
 Reference value :  1.77020e-07
 Reference value :  1.77259e-07
 Reference value :  1.77435e-07
 Reference value :  1.77635e-07
 Reference value :  1.77692e-07
 Reference value :  1.77718e-07
 Reference value :  1.77829e-07
 Reference value :  1.78049e-07
 Reference value :  1.78264e-07
 Reference value :  1.78504e-07
 Reference value :  1.78631e-07
 Reference value :  1.78918e-07
 Reference value :  1.79150e-07
 Reference value :  1.79430e-07
 Reference value :  1.79541e-07
 Reference value :  1.79627e-07
 Reference value :  1.79947e-07
 Reference value :  1.80162e-07
 Reference value :  1.80440e-07
 Reference value :  1.80516e-07
 Reference value :  1.80656e-07
 Reference value :  1.80756e-07
 Reference value :  1.80971e-07
 Reference value :  1.81251e-07
 Reference value :  1.81405e-07
 Reference value :  1.81465e-07
 Reference value :  1.81801e-07
 Reference value :  1.82020e-07
 Reference value :  1.82256e-07
 Reference value :  1.82474e-07
 Reference value :  1.82722e-07
 Reference value :  1.82869e-07
 Reference value :  1.83049e-07
 Reference value :  1.83263e-07
 Reference value :  1.83601e-07
 Reference value :  1.83798e-07
 Reference value :  1.83958e-07
 Reference value :  1.84018e-07
 Reference value :  1.84232e-07
 Reference value :  1.84539e-07
 Reference value :  1.84807e-07
 Reference value :  1.85021e-07
 Reference value :  1.85201e-07
 Reference value :  1.85281e-07
 Reference value :  1.85476e-07
 Reference value :  1.85796e-07
 Reference value :  1.85970e-07
 Reference value :  1.86345e-07
 Reference value :  1.86465e-07
 Reference value :  1.86665e-07
 Reference value :  1.86839e-07
 Reference value :  1.87139e-07
 Reference value :  1.87334e-07
 Reference value :  1.87574e-07
 Reference value :  1.87727e-07
 Reference value :  1.87928e-07
 Reference value :  1.88164e-07
 Reference value :  1.88263e-07
 Reference value :  1.88443e-07
 Reference value :  1.88636e-07
 Reference value :  1.88877e-07
 Reference value :  1.89087e-07
 Reference value :  1.89372e-07
 Reference value :  1.89586e-07
 Reference value :  1.89886e-07
 Reference value :  1.90081e-07
 Reference value :  1.90401e-07
 Reference value :  1.90515e-07
 Reference value :  1.90855e-07
 Reference value :  1.91050e-07
 Reference value :  1.91357e-07
 Reference value :  1.91564e-07
 Reference value :  1.91744e-07
 Reference value :  1.91959e-07
 Reference value :  1.92219e-07
 Reference value :  1.92433e-07
 Reference value :  1.92691e-07
 Reference value :  1.92908e-07
 Reference value :  1.93068e-07
 Reference value :  1.93242e-07
 Reference value :  1.93562e-07
 Reference value :  1.93797e-07
 Reference value :  1.94073e-07
 Reference value :  1.94231e-07
 Reference value :  1.94371e-07
 Reference value :  1.94544e-07
 Reference value :  1.94843e-07
 Reference value :  1.95040e-07
 Reference value :  1.95360e-07
 Reference value :  1.95450e-07
 Reference value :  1.95655e-07
 Reference value :  1.95872e-07
 Reference value :  1.95969e-07
 Reference value :  1.96249e-07
 Reference value :  1.96444e-07
 Reference value :  1.96764e-07
 Reference value :  1.96938e-07
 Reference value :  1.97178e-07
 Reference value :  1.97268e-07
 Reference value :  1.97553e-07
 Reference value :  1.97767e-07
 Reference value :  1.98107e-07
 Reference value :  1.98166e-07
 Reference value :  1.98188e-07
 Reference value :  1.98502e-07
 Reference value :  1.98656e-07
 Reference value :  1.98936e-07
 Reference value :  1.99083e-07
 Reference value :  1.99171e-07
 Reference value :  1.99471e-07
 Reference value :  1.99665e-07
 Reference value :  1.99988e-07
 Reference value :  2.00160e-07
 Reference value :  2.00260e-07
 Reference value :  2.00460e-07
 Reference value :  2.00794e-07
 Reference value :  2.00989e-07
 Reference value :  2.01309e-07
 Reference value :  2.01503e-07
 Reference value :  2.01798e-07
 Reference value :  2.02018e-07
 Reference value :  2.02256e-07
 Reference value :  2.02492e-07
 Reference value :  2.02719e-07
 Reference value :  2.03007e-07
 Reference value :  2.03221e-07
 Reference value :  2.03561e-07
 Reference value :  2.03756e-07
 Reference value :  2.03996e-07
 Reference value :  2.04170e-07
 Reference value :  2.04508e-07
 Reference value :  2.04745e-07
 Reference value :  2.04993e-07
 Reference value :  2.05219e-07
 Reference value :  2.05453e-07
 Reference value :  2.05734e-07
 Reference value :  2.05948e-07
 Reference value :  2.06228e-07
 Reference value :  2.06463e-07
 Reference value :  2.06743e-07
 Reference value :  2.06957e-07
 Reference value :  2.07264e-07
 Reference value :  2.07512e-07
 Reference value :  2.07725e-07
 Reference value :  2.07986e-07
 Reference value :  2.08221e-07
 Reference value :  2.08521e-07
 Reference value :  2.08641e-07
 Reference value :  2.08815e-07
 Reference value :  2.09085e-07
 Reference value :  2.09370e-07
 Reference value :  2.09564e-07
 Reference value :  2.09844e-07
 Reference value :  2.10016e-07
 Reference value :  2.10336e-07
 Reference value :  2.10573e-07
 Reference value :  2.10896e-07
 Reference value :  2.11168e-07
 Reference value :  2.11361e-07
 Reference value :  2.11622e-07
 Reference value :  2.11816e-07
 Reference value :  2.12117e-07
 Reference value :  2.12331e-07
 Reference value :  2.12671e-07
 Reference value :  2.12786e-07
 Reference value :  2.13086e-07
 Reference value :  2.13280e-07
 Reference value :  2.13580e-07
 Reference value :  2.13795e-07
 Reference value :  2.14082e-07
 Reference value :  2.14349e-07
 Reference value :  2.14604e-07
 Reference value :  2.14904e-07
 Reference value :  2.15098e-07
 Reference value :  2.15433e-07
 Reference value :  2.15633e-07
 Reference value :  2.15896e-07
 Reference value :  2.16127e-07
 Reference value :  2.16382e-07
 Reference value :  2.16542e-07
 Reference value :  2.16805e-07
 Reference value :  2.17056e-07
 Reference value :  2.17311e-07
 Reference value :  2.17611e-07
 Reference value :  2.17825e-07
 Reference value :  2.18125e-07
 Reference value :  2.18340e-07
 Reference value :  2.18616e-07
 Reference value :  2.18814e-07
 Reference value :  2.19084e-07
 Reference value :  2.19349e-07
 Reference value :  2.19542e-07
 Reference value :  2.19783e-07
 Reference value :  2.20038e-07
 Reference value :  2.20358e-07
 Reference value :  2.20532e-07
 Reference value :  2.20888e-07
 Reference value :  2.21107e-07
 Reference value :  2.21354e-07
 Reference value :  2.21581e-07
 Reference value :  2.21822e-07
 Reference value :  2.22136e-07
 Reference value :  2.22310e-07
 Reference value :  2.22670e-07
 Reference value :  2.22885e-07
 Reference value :  2.23163e-07
 Reference value :  2.23379e-07
 Reference value :  2.23640e-07
 Reference value :  2.23954e-07
 Reference value :  2.24082e-07
 Reference value :  2.24368e-07
 Reference value :  2.24583e-07
 Reference value :  2.24903e-07
 Reference value :  2.25097e-07
 Reference value :  2.25397e-07
 Reference value :  2.25629e-07
 Reference value :  2.25890e-07
 Reference value :  2.26146e-07
 Reference value :  2.26345e-07
 Reference value :  2.26601e-07
 Reference value :  2.26814e-07
 Reference value :  2.27075e-07
 Reference value :  2.27310e-07
 Reference value :  2.27630e-07
 Reference value :  2.27804e-07
 Reference value :  2.28159e-07
 Reference value :  2.28379e-07
 Reference value :  2.28626e-07
 Reference value :  2.28873e-07
 Reference value :  2.29094e-07
 Reference value :  2.29368e-07
 Reference value :  2.29541e-07
 Reference value :  2.29782e-07
 Reference value :  2.30037e-07
 Reference value :  2.30297e-07
 Reference value :  2.30491e-07
 Reference value :  2.30791e-07
 Reference value :  2.30986e-07
 Reference value :  2.31266e-07
 Reference value :  2.31440e-07
 Reference value :  2.31799e-07
 Reference value :  2.32035e-07
 Reference value :  2.32265e-07
 Reference value :  2.32489e-07
 Reference value :  2.32712e-07
 Reference value :  2.32964e-07
 Reference value :  2.33177e-07
 Reference value :  2.33518e-07
 Reference value :  2.33713e-07
 Reference value :  2.34033e-07
 Reference value :  2.34167e-07
 Reference value :  2.34467e-07
 Reference value :  2.34682e-07
 Reference value :  2.34942e-07
 Reference value :  2.35156e-07
 Reference value :  2.35444e-07
 Reference value :  2.35711e-07
 Reference value :  2.35831e-07
 Reference value :  2.35985e-07
 Reference value :  2.36285e-07
 Reference value :  2.36500e-07
 Reference value :  2.36807e-07
 Reference value :  2.37094e-07
 Reference value :  2.37268e-07
 Reference value :  2.37549e-07
 Reference value :  2.37743e-07
 Reference value :  2.38023e-07
 Reference value :  2.38238e-07
 Reference value :  2.38558e-07
 Reference value :  2.38752e-07
 Reference value :  2.39075e-07
 Reference value :  2.39287e-07
 Reference value :  2.39535e-07
 Reference value :  2.39821e-07
 Reference value :  2.40016e-07
 Reference value :  2.40336e-07
 Reference value :  2.40530e-07
 Reference value :  2.40830e-07
 Reference value :  2.41005e-07
 Reference value :  2.41285e-07
 Reference value :  2.41439e-07
 Reference value :  2.41599e-07
 Reference value :  2.41739e-07
 Reference value :  2.41794e-07
 Reference value :  2.41834e-07
 Reference value :  2.42014e-07
 Reference value :  2.42174e-07
 Reference value :  2.42252e-07
 Reference value :  2.42262e-07
 Reference value :  2.42428e-07
 Reference value :  2.42508e-07
 Reference value :  2.42729e-07
 Reference value :  2.43043e-07
 Reference value :  2.43183e-07
 Reference value :  2.43537e-07
 Reference value :  2.43732e-07
 Reference value :  2.44049e-07
 Reference value :  2.44246e-07
 Reference value :  2.44286e-07
 Reference value :  2.44366e-07
 Reference value :  2.44601e-07
 Reference value :  2.44901e-07
 Reference value :  2.45075e-07
 Reference value :  2.45431e-07
 Reference value :  2.45650e-07
 Reference value :  2.45830e-07
 Reference value :  2.45944e-07
 Reference value :  2.46304e-07
 Reference value :  2.46479e-07
 Reference value :  2.46793e-07
 Reference value :  2.46913e-07
 Reference value :  2.47249e-07
 Reference value :  2.47488e-07
 Reference value :  2.47716e-07
 Reference value :  2.47842e-07
 Reference value :  2.48122e-07
 Reference value :  2.48357e-07
 Reference value :  2.48477e-07
 Reference value :  2.48691e-07
 Reference value :  2.49066e-07
 Reference value :  2.49266e-07
 Reference value :  2.49533e-07
 Reference value :  2.49740e-07
 Reference value :  2.49994e-07
 Reference value :  2.50275e-07
 Reference value :  2.50489e-07
 Reference value :  2.50829e-07
 Reference value :  2.51064e-07
 Reference value :  2.51342e-07
 Reference value :  2.51538e-07
 Reference value :  2.51808e-07
 Reference value :  2.52093e-07
 Reference value :  2.52287e-07
 Reference value :  2.52547e-07
 Reference value :  2.52742e-07
 Reference value :  2.53062e-07
 Reference value :  2.53236e-07
 Reference value :  2.53594e-07
 Reference value :  2.53791e-07
 Reference value :  2.54069e-07
 Reference value :  2.54285e-07
 Reference value :  2.54560e-07
 Reference value :  2.54880e-07
 Reference value :  2.55094e-07
 Reference value :  2.55354e-07
 Reference value :  2.55529e-07
 Reference value :  2.55809e-07
 Reference value :  2.56023e-07
 Reference value :  2.56339e-07
 Reference value :  2.56538e-07
 Reference value :  2.56638e-07
 Reference value :  2.56805e-07
 Reference value :  2.56852e-07
 Reference value :  2.57052e-07
 Reference value :  2.57255e-07
 Reference value :  2.57507e-07
 Reference value :  2.57715e-07
 Reference value :  2.57981e-07
 Reference value :  2.58175e-07
 Reference value :  2.58336e-07
 Reference value :  2.58496e-07
 Reference value :  2.58670e-07
 Reference value :  2.58970e-07
 Reference value :  2.59185e-07
 Reference value :  2.59325e-07
 Reference value :  2.59445e-07
 Reference value :  2.59528e-07
 Reference value :  2.59599e-07
 Reference value :  2.59779e-07
 Reference value :  2.59982e-07
 Reference value :  2.60134e-07
 Reference value :  2.60254e-07
 Reference value :  2.60454e-07
 Reference value :  2.60788e-07
 Reference value :  2.60963e-07
 Reference value :  2.61163e-07
 Reference value :  2.61353e-07
 Reference value :  2.61637e-07
 Reference value :  2.61818e-07
 Reference value :  2.61992e-07
 Reference value :  2.62248e-07
 Reference value :  2.62466e-07
 Reference value :  2.62716e-07
 Reference value :  2.62741e-07
 Reference value :  2.62921e-07
 Reference value :  2.63121e-07
 Reference value :  2.63181e-07
 Reference value :  2.63495e-07
 Reference value :  2.63707e-07
 Reference value :  2.64007e-07
 Reference value :  2.64224e-07
 Reference value :  2.64324e-07
 Reference value :  2.64532e-07
 Reference value :  2.64796e-07
 Reference value :  2.64989e-07
 Reference value :  2.65253e-07
 Reference value :  2.65488e-07
 Reference value :  2.65808e-07
 Reference value :  2.65922e-07
 Reference value :  2.66162e-07
 Reference value :  2.66356e-07
 Reference value :  2.66637e-07
 Reference value :  2.66851e-07
 Reference value :  2.67151e-07
 Reference value :  2.67286e-07
 Reference value :  2.67426e-07
 Reference value :  2.67704e-07
 Reference value :  2.67880e-07
 Reference value :  2.68060e-07
 Reference value :  2.68255e-07
 Reference value :  2.68495e-07
 Reference value :  2.68669e-07
 Reference value :  2.68969e-07
 Reference value :  2.69204e-07
 Reference value :  2.69464e-07
 Reference value :  2.69678e-07
 Reference value :  2.69981e-07
 Reference value :  2.70233e-07
 Reference value :  2.70373e-07
 Reference value :  2.70547e-07
 Reference value :  2.70847e-07
 Reference value :  2.71042e-07
 Reference value :  2.71338e-07
 Reference value :  2.71516e-07
 Reference value :  2.71696e-07
 Reference value :  2.71804e-07
 Reference value :  2.72091e-07
 Reference value :  2.72305e-07
 Reference value :  2.72605e-07
 Reference value :  2.72740e-07
 Reference value :  2.72800e-07
 Reference value :  2.73100e-07
 Reference value :  2.73294e-07
 Reference value :  2.73613e-07
 Reference value :  2.73769e-07
 Reference value :  2.73889e-07
 Reference value :  2.74082e-07
 Reference value :  2.74343e-07
 Reference value :  2.74544e-07
 Reference value :  2.74818e-07
 Reference value :  2.74991e-07
 Reference value :  2.75192e-07
 Reference value :  2.75312e-07
 Reference value :  2.75467e-07
 Reference value :  2.75747e-07
 Reference value :  2.75921e-07
 Reference value :  2.76241e-07
 Reference value :  2.76476e-07
 Reference value :  2.76636e-07
 Reference value :  2.76790e-07
 Reference value :  2.76910e-07
 Reference value :  2.77253e-07
 Reference value :  2.77425e-07
 Reference value :  2.77465e-07
 Reference value :  2.77708e-07
 Reference value :  2.77879e-07
 Reference value :  2.78039e-07
 Reference value :  2.78137e-07
 Reference value :  2.78334e-07
 Reference value :  2.78610e-07
 Reference value :  2.78788e-07
 Reference value :  2.78948e-07
 Reference value :  2.79163e-07
 Reference value :  2.79443e-07
 Reference value :  2.79617e-07
 Reference value :  2.79877e-07
 Reference value :  2.79976e-07
 Reference value :  2.80132e-07
 Reference value :  2.80352e-07
 Reference value :  2.80526e-07
 Reference value :  2.80882e-07
 Reference value :  2.81101e-07
 Reference value :  2.81344e-07
 Reference value :  2.81455e-07
 Reference value :  2.81695e-07
 Reference value :  2.81890e-07
 Reference value :  2.82030e-07
 Reference value :  2.82270e-07
 Reference value :  2.82604e-07
 Reference value :  2.82799e-07
 Reference value :  2.82879e-07
 Reference value :  2.83136e-07
 Reference value :  2.83293e-07
 Reference value :  2.83616e-07
 Reference value :  2.83868e-07
 Reference value :  2.84075e-07
 Reference value :  2.84122e-07
 Reference value :  2.84402e-07
 Reference value :  2.84637e-07
 Reference value :  2.84917e-07
 Reference value :  2.85071e-07
 Reference value :  2.85426e-07
 Reference value :  2.85646e-07
 Reference value :  2.85889e-07
 Reference value :  2.86100e-07
 Reference value :  2.86220e-07
 Reference value :  2.86375e-07
 Reference value :  2.86695e-07
 Reference value :  2.86805e-07
 Reference value :  2.87109e-07
 Reference value :  2.87270e-07
 Reference value :  2.87344e-07
 Reference value :  2.87524e-07
 Reference value :  2.87664e-07
 Reference value :  2.87711e-07
 Reference value :  2.87938e-07
 Reference value :  2.88193e-07
 Reference value :  2.88453e-07
 Reference value :  2.88620e-07
 Reference value :  2.88787e-07
 Reference value :  2.89077e-07
 Reference value :  2.89342e-07
 Reference value :  2.89532e-07
 Reference value :  2.89796e-07
 Reference value :  2.90031e-07
 Reference value :  2.90251e-07
 Reference value :  2.90427e-07
 Reference value :  2.90645e-07
 Reference value :  2.90899e-07
 Reference value :  2.91200e-07
 Reference value :  2.91374e-07
 Reference value :  2.91714e-07
 Reference value :  2.91909e-07
 Reference value :  2.92109e-07
 Reference value :  2.92303e-07
 Reference value :  2.92643e-07
 Reference value :  2.92878e-07
 Reference value :  2.93135e-07
 Reference value :  2.93165e-07
 Reference value :  2.93312e-07
 Reference value :  2.93608e-07
 Reference value :  2.93827e-07
 Reference value :  2.94074e-07
 Reference value :  2.94341e-07
 Reference value :  2.94540e-07
 Reference value :  2.94833e-07
 Reference value :  2.94979e-07
 Reference value :  2.95190e-07
 Reference value :  2.95443e-07
 Reference value :  2.95662e-07
 Reference value :  2.95881e-07
 Reference value :  2.96119e-07
 Reference value :  2.96259e-07
 Reference value :  2.96454e-07
 Reference value :  2.96734e-07
 Reference value :  2.96908e-07
 Reference value :  2.97226e-07
 Reference value :  2.97383e-07
 Reference value :  2.97583e-07
 Reference value :  2.97737e-07
 Reference value :  2.98097e-07
 Reference value :  2.98272e-07
 Reference value :  2.98589e-07
 Reference value :  2.98746e-07
 Reference value :  2.98786e-07
 Reference value :  2.99065e-07
 Reference value :  2.99301e-07
 Reference value :  2.99528e-07
 Reference value :  2.99795e-07
 Reference value :  3.00000e-07
No. of Data Rows : 19790
sim/harness: analysis complete
Note: Simulation executed from .control section 
