
Note: Compatibility modes selected: hs a


Circuit: ** sch_path: /home/ubuntu/loom-workspaces/sky130-pll/.loom/worktrees/issue-129/sim/divider/testbench/tb_divider.sch

option SCALE: Scale is set to 1e-06 for instance and model parameters
option SCALE: Scale is set to 1e-06 for instance and model parameters
option SCALE: Scale is set to 1e-06 for instance and model parameters
option SCALE: Scale is set to 1e-06 for instance and model parameters
Doing analysis at TEMP = -40.000000 and TNOM = 27.000000

Using KLU as Direct Linear Solver
 Reference value :  0.00000e+00
 Reference value :  9.73000e-11
 Reference value :  3.77300e-10
 Reference value :  4.94125e-10
 Reference value :  8.54125e-10
 Reference value :  1.02862e-09
 Reference value :  1.36475e-09
 Reference value :  1.56312e-09
 Reference value :  1.70312e-09
 Reference value :  1.83312e-09
 Reference value :  2.03762e-09
 Reference value :  2.31213e-09
 Reference value :  2.59212e-09
 Reference value :  2.82662e-09
 Reference value :  3.12662e-09
 Reference value :  3.22112e-09
 Reference value :  3.54112e-09
 Reference value :  3.73562e-09
 Reference value :  4.09175e-09
 Reference value :  4.13012e-09
 Reference value :  4.25013e-09
 Reference value :  4.37013e-09
 Reference value :  4.60463e-09
 Reference value :  4.96463e-09
 Reference value :  5.03542e-09
 Reference value :  5.33542e-09
 Reference value :  5.46737e-09
 Reference value :  5.75363e-09
 Reference value :  5.94812e-09
 Reference value :  6.21000e-09
 Reference value :  6.38163e-09
 Reference value :  6.56263e-09
 Reference value :  6.76263e-09
 Reference value :  6.87713e-09
 Reference value :  7.11713e-09
 Reference value :  7.29063e-09
 Reference value :  7.57162e-09
 Reference value :  7.65162e-09
 Reference value :  7.80612e-09
 Reference value :  8.12612e-09
 Reference value :  8.24062e-09
 Reference value :  8.56062e-09
 Reference value :  8.65413e-09
 Reference value :  8.83513e-09
 Reference value :  9.09375e-09
 Reference value :  9.32962e-09
 Reference value :  9.56312e-09
 Reference value :  9.66413e-09
 Reference value :  9.88412e-09
 Reference value :  1.00786e-08
 Reference value :  1.03586e-08
 Reference value :  1.05131e-08
 Reference value :  1.08131e-08
 Reference value :  1.09336e-08
 Reference value :  1.10276e-08
 Reference value :  1.13276e-08
 Reference value :  1.15021e-08
 Reference value :  1.17421e-08
 Reference value :  1.18566e-08
 Reference value :  1.21366e-08
 Reference value :  1.23311e-08
 Reference value :  1.26911e-08
 Reference value :  1.28456e-08
 Reference value :  1.29056e-08
 Reference value :  1.31056e-08
 Reference value :  1.33001e-08
 Reference value :  1.35401e-08
 Reference value :  1.36746e-08
 Reference value :  1.38746e-08
 Reference value :  1.39746e-08
 Reference value :  1.41691e-08
 Reference value :  1.44891e-08
 Reference value :  1.46436e-08
 Reference value :  1.49636e-08
 Reference value :  1.51381e-08
 Reference value :  1.52781e-08
 Reference value :  1.54543e-08
 Reference value :  1.56726e-08
 Reference value :  1.59075e-08
 Reference value :  1.61071e-08
 Reference value :  1.63806e-08
 Reference value :  1.66416e-08
 Reference value :  1.68246e-08
 Reference value :  1.69761e-08
 Reference value :  1.72730e-08
 Reference value :  1.74883e-08
 Reference value :  1.77292e-08
 Reference value :  1.79251e-08
 Reference value :  1.81251e-08
 Reference value :  1.82196e-08
 Reference value :  1.84596e-08
 Reference value :  1.86601e-08
 Reference value :  1.89141e-08
 Reference value :  1.91135e-08
 Reference value :  1.93263e-08
 Reference value :  1.95448e-08
 Reference value :  1.97431e-08
 Reference value :  2.00105e-08
 Reference value :  2.02576e-08
 Reference value :  2.04176e-08
 Reference value :  2.05721e-08
 Reference value :  2.06721e-08
 Reference value :  2.09203e-08
 Reference value :  2.11643e-08
 Reference value :  2.13749e-08
 Reference value :  2.15611e-08
 Reference value :  2.18160e-08
 Reference value :  2.20156e-08
 Reference value :  2.22705e-08
 Reference value :  2.24301e-08
 Reference value :  2.27250e-08
 Reference value :  2.29223e-08
 Reference value :  2.31423e-08
 Reference value :  2.32191e-08
 Reference value :  2.35591e-08
 Reference value :  2.37336e-08
 Reference value :  2.40536e-08
 Reference value :  2.41281e-08
 Reference value :  2.42881e-08
 Reference value :  2.45555e-08
 Reference value :  2.48203e-08
 Reference value :  2.50161e-08
 Reference value :  2.53171e-08
 Reference value :  2.54706e-08
 Reference value :  2.56516e-08
 Reference value :  2.59102e-08
 Reference value :  2.61261e-08
 Reference value :  2.63759e-08
 Reference value :  2.66383e-08
 Reference value :  2.66783e-08
 Reference value :  2.68951e-08
 Reference value :  2.70151e-08
 Reference value :  2.72851e-08
 Reference value :  2.75496e-08
 Reference value :  2.77071e-08
 Reference value :  2.78041e-08
 Reference value :  2.80641e-08
 Reference value :  2.82363e-08
 Reference value :  2.84963e-08
 Reference value :  2.86521e-08
 Reference value :  2.88131e-08
 Reference value :  2.91014e-08
 Reference value :  2.92476e-08
 Reference value :  2.95437e-08
 Reference value :  2.96821e-08
 Reference value :  2.99221e-08
 Reference value :  3.00008e-08
 Reference value :  3.01366e-08
 Reference value :  3.04166e-08
 Reference value :  3.05711e-08
 Reference value :  3.09060e-08
 Reference value :  3.10856e-08
 Reference value :  3.13256e-08
 Reference value :  3.14001e-08
 Reference value :  3.16201e-08
 Reference value :  3.18406e-08
 Reference value :  3.21346e-08
 Reference value :  3.23691e-08
 Reference value :  3.26091e-08
 Reference value :  3.27391e-08
 Reference value :  3.28436e-08
 Reference value :  3.31436e-08
 Reference value :  3.31919e-08
 Reference value :  3.34381e-08
 Reference value :  3.37103e-08
 Reference value :  3.40103e-08
 Reference value :  3.41871e-08
 Reference value :  3.42671e-08
 Reference value :  3.45501e-08
 Reference value :  3.47816e-08
 Reference value :  3.50003e-08
 Reference value :  3.52361e-08
 Reference value :  3.54696e-08
 Reference value :  3.57106e-08
 Reference value :  3.58706e-08
 Reference value :  3.60651e-08
 Reference value :  3.63251e-08
 Reference value :  3.64796e-08
 Reference value :  3.66196e-08
 Reference value :  3.68182e-08
 Reference value :  3.70141e-08
 Reference value :  3.72935e-08
 Reference value :  3.75863e-08
 Reference value :  3.77421e-08
 Reference value :  3.78831e-08
 Reference value :  3.81031e-08
 Reference value :  3.83176e-08
 Reference value :  3.84976e-08
 Reference value :  3.86459e-08
 Reference value :  3.88121e-08
 Reference value :  3.91004e-08
 Reference value :  3.93066e-08
 Reference value :  3.95496e-08
 Reference value :  3.97611e-08
 Reference value :  4.00085e-08
 Reference value :  4.02556e-08
 Reference value :  4.04505e-08
 Reference value :  4.06501e-08
 Reference value :  4.09175e-08
 Reference value :  4.11223e-08
 Reference value :  4.13595e-08
 Reference value :  4.14191e-08
 Reference value :  4.16991e-08
 Reference value :  4.18936e-08
 Reference value :  4.21336e-08
 Reference value :  4.23081e-08
 Reference value :  4.26481e-08
 Reference value :  4.28226e-08
 Reference value :  4.31026e-08
 Reference value :  4.32971e-08
 Reference value :  4.35371e-08
 Reference value :  4.37316e-08
 Reference value :  4.39716e-08
 Reference value :  4.41661e-08
 Reference value :  4.45061e-08
 Reference value :  4.47006e-08
 Reference value :  4.49955e-08
 Reference value :  4.51551e-08
 Reference value :  4.54520e-08
 Reference value :  4.56873e-08
 Reference value :  4.59179e-08
 Reference value :  4.60641e-08
 Reference value :  4.62841e-08
 Reference value :  4.64986e-08
 Reference value :  4.67961e-08
 Reference value :  4.69931e-08
 Reference value :  4.72692e-08
 Reference value :  4.75076e-08
 Reference value :  4.77225e-08
 Reference value :  4.79221e-08
 Reference value :  4.81921e-08
 Reference value :  4.84566e-08
 Reference value :  4.86571e-08
 Reference value :  4.89311e-08
 Reference value :  4.91433e-08
 Reference value :  4.94433e-08
 Reference value :  4.96601e-08
 Reference value :  4.99963e-08
 Reference value :  5.01746e-08
 Reference value :  5.04507e-08
 Reference value :  5.06091e-08
 Reference value :  5.08691e-08
 Reference value :  5.10236e-08
 Reference value :  5.12236e-08
 Reference value :  5.14181e-08
 Reference value :  5.17181e-08
 Reference value :  5.19326e-08
 Reference value :  5.22326e-08
 Reference value :  5.24071e-08
 Reference value :  5.26471e-08
 Reference value :  5.28193e-08
 Reference value :  5.30593e-08
 Reference value :  5.32561e-08
 Reference value :  5.35561e-08
 Reference value :  5.37506e-08
 Reference value :  5.40506e-08
 Reference value :  5.42251e-08
 Reference value :  5.45400e-08
 Reference value :  5.46996e-08
 Reference value :  5.50026e-08
 Reference value :  5.50341e-08
 Reference value :  5.53541e-08
 Reference value :  5.55686e-08
 Reference value :  5.58486e-08
 Reference value :  5.60431e-08
 Reference value :  5.63600e-08
 Reference value :  5.66153e-08
 Reference value :  5.68206e-08
 Reference value :  5.70321e-08
 Reference value :  5.72856e-08
 Reference value :  5.75066e-08
 Reference value :  5.77253e-08
 Reference value :  5.78811e-08
 Reference value :  5.81885e-08
 Reference value :  5.84356e-08
 Reference value :  5.86491e-08
 Reference value :  5.89101e-08
 Reference value :  5.91106e-08
 Reference value :  5.93646e-08
 Reference value :  5.95407e-08
 Reference value :  5.97591e-08
 Reference value :  6.00091e-08
 Reference value :  6.02936e-08
 Reference value :  6.04881e-08
 Reference value :  6.07281e-08
 Reference value :  6.09626e-08
 Reference value :  6.12226e-08
 Reference value :  6.13971e-08
 Reference value :  6.17171e-08
 Reference value :  6.19116e-08
 Reference value :  6.22116e-08
 Reference value :  6.23861e-08
 Reference value :  6.25461e-08
 Reference value :  6.27606e-08
 Reference value :  6.30406e-08
 Reference value :  6.32011e-08
 Reference value :  6.35351e-08
 Reference value :  6.37296e-08
 Reference value :  6.40496e-08
 Reference value :  6.42241e-08
 Reference value :  6.45041e-08
 Reference value :  6.47186e-08
 Reference value :  6.49186e-08
 Reference value :  6.50931e-08
 Reference value :  6.54306e-08
 Reference value :  6.56476e-08
 Reference value :  6.59025e-08
 Reference value :  6.61021e-08
 Reference value :  6.63630e-08
 Reference value :  6.66143e-08
 Reference value :  6.68266e-08
 Reference value :  6.70911e-08
 Reference value :  6.73256e-08
 Reference value :  6.76256e-08
 Reference value :  6.78201e-08
 Reference value :  6.80801e-08
 Reference value :  6.82946e-08
 Reference value :  6.85546e-08
 Reference value :  6.87491e-08
 Reference value :  6.90852e-08
 Reference value :  6.92836e-08
 Reference value :  6.95397e-08
 Reference value :  6.96981e-08
 Reference value :  6.99930e-08
 Reference value :  7.01726e-08
 Reference value :  7.04301e-08
 Reference value :  7.06271e-08
 Reference value :  7.09101e-08
 Reference value :  7.11616e-08
 Reference value :  7.13699e-08
 Reference value :  7.14761e-08
 Reference value :  7.16961e-08
 Reference value :  7.19106e-08
 Reference value :  7.21506e-08
 Reference value :  7.23251e-08
 Reference value :  7.26451e-08
 Reference value :  7.27796e-08
 Reference value :  7.30996e-08
 Reference value :  7.32941e-08
 Reference value :  7.35541e-08
 Reference value :  7.37063e-08
 Reference value :  7.39463e-08
 Reference value :  7.41431e-08
 Reference value :  7.44631e-08
 Reference value :  7.46153e-08
 Reference value :  7.49153e-08
 Reference value :  7.50921e-08
 Reference value :  7.52921e-08
 Reference value :  7.54656e-08
 Reference value :  7.56466e-08
 Reference value :  7.59015e-08
 Reference value :  7.60611e-08
 Reference value :  7.63597e-08
 Reference value :  7.65956e-08
 Reference value :  7.68186e-08
 Reference value :  7.70501e-08
 Reference value :  7.72801e-08
 Reference value :  7.73846e-08
 Reference value :  7.77195e-08
 Reference value :  7.78791e-08
 Reference value :  7.81874e-08
 Reference value :  7.84536e-08
 Reference value :  7.86436e-08
 Reference value :  7.88681e-08
 Reference value :  7.90981e-08
 Reference value :  7.93826e-08
 Reference value :  7.95771e-08
 Reference value :  7.98571e-08
 Reference value :  8.00716e-08
 Reference value :  8.03316e-08
 Reference value :  8.05061e-08
 Reference value :  8.08461e-08
 Reference value :  8.10406e-08
 Reference value :  8.13555e-08
 Reference value :  8.15351e-08
 Reference value :  8.17751e-08
 Reference value :  8.19673e-08
 Reference value :  8.22459e-08
 Reference value :  8.24041e-08
 Reference value :  8.27202e-08
 Reference value :  8.28386e-08
 Reference value :  8.31386e-08
 Reference value :  8.32931e-08
 Reference value :  8.35531e-08
 Reference value :  8.37276e-08
 Reference value :  8.39076e-08
 Reference value :  8.40825e-08
 Reference value :  8.42421e-08
 Reference value :  8.45451e-08
 Reference value :  8.47966e-08
 Reference value :  8.50101e-08
 Reference value :  8.52311e-08
 Reference value :  8.54646e-08
 Reference value :  8.57256e-08
 Reference value :  8.57856e-08
 Reference value :  8.59261e-08
 Reference value :  8.62601e-08
 Reference value :  8.64746e-08
 Reference value :  8.67921e-08
 Reference value :  8.69491e-08
 Reference value :  8.72291e-08
 Reference value :  8.73436e-08
 Reference value :  8.75836e-08
 Reference value :  8.77310e-08
 Reference value :  8.79781e-08
 Reference value :  8.81916e-08
 Reference value :  8.84926e-08
 Reference value :  8.86871e-08
 Reference value :  8.88671e-08
 Reference value :  8.90857e-08
 Reference value :  8.92816e-08
 Reference value :  8.95016e-08
 Reference value :  8.96961e-08
 Reference value :  9.00043e-08
 Reference value :  9.02683e-08
 Reference value :  9.04711e-08
 Reference value :  9.07251e-08
 Reference value :  9.09596e-08
 Reference value :  9.12196e-08
 Reference value :  9.13941e-08
 Reference value :  9.17341e-08
 Reference value :  9.19486e-08
 Reference value :  9.22635e-08
 Reference value :  9.24231e-08
 Reference value :  9.27192e-08
 Reference value :  9.27976e-08
 Reference value :  9.29976e-08
 Reference value :  9.31806e-08
 Reference value :  9.33921e-08
 Reference value :  9.36526e-08
 Reference value :  9.39266e-08
 Reference value :  9.40966e-08
 Reference value :  9.43411e-08
 Reference value :  9.45511e-08
 Reference value :  9.48156e-08
 Reference value :  9.50039e-08
 Reference value :  9.52901e-08
 Reference value :  9.55046e-08
 Reference value :  9.58246e-08
 Reference value :  9.59146e-08
 Reference value :  9.61791e-08
 Reference value :  9.63577e-08
 Reference value :  9.65736e-08
 Reference value :  9.67911e-08
 Reference value :  9.70081e-08
 Reference value :  9.72875e-08
 Reference value :  9.75603e-08
 Reference value :  9.77771e-08
 Reference value :  9.79971e-08
 Reference value :  9.81906e-08
 Reference value :  9.84316e-08
 Reference value :  9.86399e-08
 Reference value :  9.89061e-08
 Reference value :  9.91406e-08
 Reference value :  9.94606e-08
 Reference value :  9.95951e-08
 Reference value :  9.98951e-08
 Reference value :  1.00070e-07
 Reference value :  1.00390e-07
 Reference value :  1.00604e-07
 Reference value :  1.00912e-07
 Reference value :  1.01179e-07
 Reference value :  1.01353e-07
 Reference value :  1.01553e-07
 Reference value :  1.01821e-07
 Reference value :  1.02108e-07
 Reference value :  1.02288e-07
 Reference value :  1.02582e-07
 Reference value :  1.02777e-07
 Reference value :  1.03057e-07
 Reference value :  1.03251e-07
 Reference value :  1.03609e-07
 Reference value :  1.03786e-07
 Reference value :  1.04063e-07
 Reference value :  1.04260e-07
 Reference value :  1.04535e-07
 Reference value :  1.04715e-07
 Reference value :  1.04935e-07
 Reference value :  1.05129e-07
 Reference value :  1.05457e-07
 Reference value :  1.05701e-07
 Reference value :  1.05917e-07
 Reference value :  1.06098e-07
 Reference value :  1.06366e-07
 Reference value :  1.06613e-07
 Reference value :  1.06820e-07
 Reference value :  1.07107e-07
 Reference value :  1.07322e-07
 Reference value :  1.07622e-07
 Reference value :  1.07816e-07
 Reference value :  1.08116e-07
 Reference value :  1.08271e-07
 Reference value :  1.08531e-07
 Reference value :  1.08705e-07
 Reference value :  1.09025e-07
 Reference value :  1.09240e-07
 Reference value :  1.09517e-07
 Reference value :  1.09694e-07
 Reference value :  1.09972e-07
 Reference value :  1.10189e-07
 Reference value :  1.10426e-07
 Reference value :  1.10643e-07
 Reference value :  1.10917e-07
 Reference value :  1.11218e-07
 Reference value :  1.11432e-07
 Reference value :  1.11672e-07
 Reference value :  1.11867e-07
 Reference value :  1.12127e-07
 Reference value :  1.12321e-07
 Reference value :  1.12601e-07
 Reference value :  1.12813e-07
 Reference value :  1.13133e-07
 Reference value :  1.13310e-07
 Reference value :  1.13608e-07
 Reference value :  1.13785e-07
 Reference value :  1.14045e-07
 Reference value :  1.14219e-07
 Reference value :  1.14538e-07
 Reference value :  1.14774e-07
 Reference value :  1.14914e-07
 Reference value :  1.15108e-07
 Reference value :  1.15368e-07
 Reference value :  1.15583e-07
 Reference value :  1.15803e-07
 Reference value :  1.15997e-07
 Reference value :  1.16352e-07
 Reference value :  1.16552e-07
 Reference value :  1.16815e-07
 Reference value :  1.17006e-07
 Reference value :  1.17269e-07
 Reference value :  1.17501e-07
 Reference value :  1.17719e-07
 Reference value :  1.17935e-07
 Reference value :  1.18196e-07
 Reference value :  1.18490e-07
 Reference value :  1.18650e-07
 Reference value :  1.18904e-07
 Reference value :  1.19087e-07
 Reference value :  1.19299e-07
 Reference value :  1.19499e-07
 Reference value :  1.19693e-07
 Reference value :  1.20001e-07
 Reference value :  1.20228e-07
 Reference value :  1.20455e-07
 Reference value :  1.20622e-07
 Reference value :  1.20897e-07
 Reference value :  1.21037e-07
 Reference value :  1.21334e-07
 Reference value :  1.21511e-07
 Reference value :  1.21807e-07
 Reference value :  1.22026e-07
 Reference value :  1.22260e-07
 Reference value :  1.22460e-07
 Reference value :  1.22719e-07
 Reference value :  1.22955e-07
 Reference value :  1.23185e-07
 Reference value :  1.23469e-07
 Reference value :  1.23704e-07
 Reference value :  1.23944e-07
 Reference value :  1.24138e-07
 Reference value :  1.24458e-07
 Reference value :  1.24633e-07
 Reference value :  1.24913e-07
 Reference value :  1.25107e-07
 Reference value :  1.25387e-07
 Reference value :  1.25582e-07
 Reference value :  1.25822e-07
 Reference value :  1.26016e-07
 Reference value :  1.26355e-07
 Reference value :  1.26551e-07
 Reference value :  1.26814e-07
 Reference value :  1.27045e-07
 Reference value :  1.27268e-07
 Reference value :  1.27500e-07
 Reference value :  1.27714e-07
 Reference value :  1.27914e-07
 Reference value :  1.28182e-07
 Reference value :  1.28449e-07
 Reference value :  1.28649e-07
 Reference value :  1.28863e-07
 Reference value :  1.29097e-07
 Reference value :  1.29378e-07
 Reference value :  1.29558e-07
 Reference value :  1.29852e-07
 Reference value :  1.30087e-07
 Reference value :  1.30367e-07
 Reference value :  1.30561e-07
 Reference value :  1.30861e-07
 Reference value :  1.31056e-07
 Reference value :  1.31276e-07
 Reference value :  1.31410e-07
 Reference value :  1.31550e-07
 Reference value :  1.31823e-07
 Reference value :  1.32122e-07
 Reference value :  1.32339e-07
 Reference value :  1.32619e-07
 Reference value :  1.32871e-07
 Reference value :  1.33131e-07
 Reference value :  1.33328e-07
 Reference value :  1.33624e-07
 Reference value :  1.33863e-07
 Reference value :  1.34086e-07
 Reference value :  1.34297e-07
 Reference value :  1.34540e-07
 Reference value :  1.34732e-07
 Reference value :  1.34987e-07
 Reference value :  1.35166e-07
 Reference value :  1.35454e-07
 Reference value :  1.35701e-07
 Reference value :  1.35914e-07
 Reference value :  1.36175e-07
 Reference value :  1.36390e-07
 Reference value :  1.36650e-07
 Reference value :  1.36823e-07
 Reference value :  1.37124e-07
 Reference value :  1.37319e-07
 Reference value :  1.37639e-07
 Reference value :  1.37833e-07
 Reference value :  1.38113e-07
 Reference value :  1.38328e-07
 Reference value :  1.38488e-07
 Reference value :  1.38682e-07
 Reference value :  1.39002e-07
 Reference value :  1.39217e-07
 Reference value :  1.39514e-07
 Reference value :  1.39691e-07
 Reference value :  1.39987e-07
 Reference value :  1.40206e-07
 Reference value :  1.40423e-07
 Reference value :  1.40600e-07
 Reference value :  1.40907e-07
 Reference value :  1.41135e-07
 Reference value :  1.41362e-07
 Reference value :  1.41589e-07
 Reference value :  1.41808e-07
 Reference value :  1.41964e-07
 Reference value :  1.42164e-07
 Reference value :  1.42358e-07
 Reference value :  1.42678e-07
 Reference value :  1.42893e-07
 Reference value :  1.43171e-07
 Reference value :  1.43327e-07
 Reference value :  1.43622e-07
 Reference value :  1.43722e-07
 Reference value :  1.44002e-07
 Reference value :  1.44176e-07
 Reference value :  1.44514e-07
 Reference value :  1.44711e-07
 Reference value :  1.44985e-07
 Reference value :  1.45185e-07
 Reference value :  1.45441e-07
 Reference value :  1.45640e-07
 Reference value :  1.45903e-07
 Reference value :  1.46134e-07
 Reference value :  1.46389e-07
 Reference value :  1.46509e-07
 Reference value :  1.46749e-07
 Reference value :  1.46923e-07
 Reference value :  1.47260e-07
 Reference value :  1.47475e-07
 Reference value :  1.47721e-07
 Reference value :  1.47912e-07
 Reference value :  1.48185e-07
 Reference value :  1.48444e-07
 Reference value :  1.48647e-07
 Reference value :  1.48941e-07
 Reference value :  1.49136e-07
 Reference value :  1.49456e-07
 Reference value :  1.49650e-07
 Reference value :  1.49930e-07
 Reference value :  1.50085e-07
 Reference value :  1.50345e-07
 Reference value :  1.50539e-07
 Reference value :  1.50859e-07
 Reference value :  1.51074e-07
 Reference value :  1.51349e-07
 Reference value :  1.51508e-07
 Reference value :  1.51786e-07
 Reference value :  1.52003e-07
 Reference value :  1.52257e-07
 Reference value :  1.52457e-07
 Reference value :  1.52727e-07
 Reference value :  1.53012e-07
 Reference value :  1.53206e-07
 Reference value :  1.53446e-07
 Reference value :  1.53640e-07
 Reference value :  1.53921e-07
 Reference value :  1.54094e-07
 Reference value :  1.54415e-07
 Reference value :  1.54610e-07
 Reference value :  1.54910e-07
 Reference value :  1.55104e-07
 Reference value :  1.55384e-07
 Reference value :  1.55579e-07
 Reference value :  1.55739e-07
 Reference value :  1.55907e-07
 Reference value :  1.56173e-07
 Reference value :  1.56408e-07
 Reference value :  1.56708e-07
 Reference value :  1.56922e-07
 Reference value :  1.57162e-07
 Reference value :  1.57357e-07
 Reference value :  1.57617e-07
 Reference value :  1.57771e-07
 Reference value :  1.58091e-07
 Reference value :  1.58306e-07
 Reference value :  1.58620e-07
 Reference value :  1.58780e-07
 Reference value :  1.59076e-07
 Reference value :  1.59295e-07
 Reference value :  1.59529e-07
 Reference value :  1.59709e-07
 Reference value :  1.59992e-07
 Reference value :  1.60244e-07
 Reference value :  1.60452e-07
 Reference value :  1.60698e-07
 Reference value :  1.60893e-07
 Reference value :  1.61113e-07
 Reference value :  1.61313e-07
 Reference value :  1.61507e-07
 Reference value :  1.61814e-07
 Reference value :  1.62022e-07
 Reference value :  1.62265e-07
 Reference value :  1.62476e-07
 Reference value :  1.62726e-07
 Reference value :  1.62988e-07
 Reference value :  1.63184e-07
 Reference value :  1.63505e-07
 Reference value :  1.63717e-07
 Reference value :  1.64037e-07
 Reference value :  1.64134e-07
 Reference value :  1.64394e-07
 Reference value :  1.64555e-07
 Reference value :  1.64809e-07
 Reference value :  1.64996e-07
 Reference value :  1.65223e-07
 Reference value :  1.65464e-07
 Reference value :  1.65758e-07
 Reference value :  1.65952e-07
 Reference value :  1.66172e-07
 Reference value :  1.66362e-07
 Reference value :  1.66627e-07
 Reference value :  1.66815e-07
 Reference value :  1.67041e-07
 Reference value :  1.67271e-07
 Reference value :  1.67576e-07
 Reference value :  1.67724e-07
 Reference value :  1.67990e-07
 Reference value :  1.68191e-07
 Reference value :  1.68485e-07
 Reference value :  1.68679e-07
 Reference value :  1.68979e-07
 Reference value :  1.69194e-07
 Reference value :  1.69454e-07
 Reference value :  1.69628e-07
 Reference value :  1.69728e-07
 Reference value :  1.69998e-07
 Reference value :  1.70283e-07
 Reference value :  1.70477e-07
 Reference value :  1.70757e-07
 Reference value :  1.70952e-07
 Reference value :  1.71212e-07
 Reference value :  1.71386e-07
 Reference value :  1.71726e-07
 Reference value :  1.71941e-07
 Reference value :  1.72221e-07
 Reference value :  1.72274e-07
 Reference value :  1.72515e-07
 Reference value :  1.72729e-07
 Reference value :  1.72970e-07
 Reference value :  1.73168e-07
 Reference value :  1.73384e-07
 Reference value :  1.73638e-07
 Reference value :  1.73939e-07
 Reference value :  1.74092e-07
 Reference value :  1.74273e-07
 Reference value :  1.74529e-07
 Reference value :  1.74768e-07
 Reference value :  1.74948e-07
 Reference value :  1.75142e-07
 Reference value :  1.75441e-07
 Reference value :  1.75677e-07
 Reference value :  1.75895e-07
 Reference value :  1.76071e-07
 Reference value :  1.76350e-07
 Reference value :  1.76586e-07
 Reference value :  1.76802e-07
 Reference value :  1.77000e-07
 Reference value :  1.77270e-07
 Reference value :  1.77515e-07
 Reference value :  1.77723e-07
 Reference value :  1.77949e-07
 Reference value :  1.78172e-07
 Reference value :  1.78424e-07
 Reference value :  1.78601e-07
 Reference value :  1.78698e-07
 Reference value :  1.78958e-07
 Reference value :  1.79130e-07
 Reference value :  1.79330e-07
 Reference value :  1.79509e-07
 Reference value :  1.79540e-07
 Reference value :  1.79667e-07
 Reference value :  1.79947e-07
 Reference value :  1.80142e-07
 Reference value :  1.80382e-07
 Reference value :  1.80576e-07
 Reference value :  1.80891e-07
 Reference value :  1.81091e-07
 Reference value :  1.81347e-07
 Reference value :  1.81545e-07
 Reference value :  1.81804e-07
 Reference value :  1.82060e-07
 Reference value :  1.82263e-07
 Reference value :  1.82494e-07
 Reference value :  1.82749e-07
 Reference value :  1.83029e-07
 Reference value :  1.83243e-07
 Reference value :  1.83503e-07
 Reference value :  1.83698e-07
 Reference value :  1.83958e-07
 Reference value :  1.84132e-07
 Reference value :  1.84472e-07
 Reference value :  1.84647e-07
 Reference value :  1.84964e-07
 Reference value :  1.85141e-07
 Reference value :  1.85437e-07
 Reference value :  1.85636e-07
 Reference value :  1.85890e-07
 Reference value :  1.86090e-07
 Reference value :  1.86360e-07
 Reference value :  1.86645e-07
 Reference value :  1.86825e-07
 Reference value :  1.87099e-07
 Reference value :  1.87273e-07
 Reference value :  1.87534e-07
 Reference value :  1.87614e-07
 Reference value :  1.87808e-07
 Reference value :  1.88163e-07
 Reference value :  1.88343e-07
 Reference value :  1.88621e-07
 Reference value :  1.88777e-07
 Reference value :  1.89037e-07
 Reference value :  1.89192e-07
 Reference value :  1.89509e-07
 Reference value :  1.89686e-07
 Reference value :  1.89993e-07
 Reference value :  1.90261e-07
 Reference value :  1.90448e-07
 Reference value :  1.90695e-07
 Reference value :  1.90903e-07
 Reference value :  1.91190e-07
 Reference value :  1.91404e-07
 Reference value :  1.91724e-07
 Reference value :  1.91959e-07
 Reference value :  1.92219e-07
 Reference value :  1.92413e-07
 Reference value :  1.92712e-07
 Reference value :  1.92948e-07
 Reference value :  1.93176e-07
 Reference value :  1.93422e-07
 Reference value :  1.93636e-07
 Reference value :  1.93897e-07
 Reference value :  1.94085e-07
 Reference value :  1.94351e-07
 Reference value :  1.94583e-07
 Reference value :  1.94843e-07
 Reference value :  1.95060e-07
 Reference value :  1.95320e-07
 Reference value :  1.95495e-07
 Reference value :  1.95535e-07
 Reference value :  1.95795e-07
 Reference value :  1.95989e-07
 Reference value :  1.96309e-07
 Reference value :  1.96504e-07
 Reference value :  1.96781e-07
 Reference value :  1.96958e-07
 Reference value :  1.97253e-07
 Reference value :  1.97453e-07
 Reference value :  1.97707e-07
 Reference value :  1.97907e-07
 Reference value :  1.98181e-07
 Reference value :  1.98442e-07
 Reference value :  1.98642e-07
 Reference value :  1.98896e-07
 Reference value :  1.99111e-07
 Reference value :  1.99391e-07
 Reference value :  1.99551e-07
 Reference value :  1.99885e-07
 Reference value :  2.00080e-07
 Reference value :  2.00380e-07
 Reference value :  2.00554e-07
 Reference value :  2.00814e-07
 Reference value :  2.00904e-07
 Reference value :  2.01189e-07
 Reference value :  2.01362e-07
 Reference value :  2.01683e-07
 Reference value :  2.01898e-07
 Reference value :  2.02178e-07
 Reference value :  2.02372e-07
 Reference value :  2.02632e-07
 Reference value :  2.02827e-07
 Reference value :  2.03067e-07
 Reference value :  2.03261e-07
 Reference value :  2.03616e-07
 Reference value :  2.03796e-07
 Reference value :  2.04072e-07
 Reference value :  2.04230e-07
 Reference value :  2.04526e-07
 Reference value :  2.04705e-07
 Reference value :  2.04945e-07
 Reference value :  2.05139e-07
 Reference value :  2.05446e-07
 Reference value :  2.05694e-07
 Reference value :  2.05871e-07
 Reference value :  2.06068e-07
 Reference value :  2.06343e-07
 Reference value :  2.06543e-07
 Reference value :  2.06763e-07
 Reference value :  2.06937e-07
 Reference value :  2.07256e-07
 Reference value :  2.07512e-07
 Reference value :  2.07725e-07
 Reference value :  2.07986e-07
 Reference value :  2.08201e-07
 Reference value :  2.08461e-07
 Reference value :  2.08641e-07
 Reference value :  2.08935e-07
 Reference value :  2.09150e-07
 Reference value :  2.09410e-07
 Reference value :  2.09604e-07
 Reference value :  2.09864e-07
 Reference value :  2.10036e-07
 Reference value :  2.10276e-07
 Reference value :  2.10449e-07
 Reference value :  2.10593e-07
 Reference value :  2.10813e-07
 Reference value :  2.11028e-07
 Reference value :  2.11343e-07
 Reference value :  2.11462e-07
 Reference value :  2.11722e-07
 Reference value :  2.11857e-07
 Reference value :  2.12137e-07
 Reference value :  2.12311e-07
 Reference value :  2.12631e-07
 Reference value :  2.12846e-07
 Reference value :  2.12926e-07
 Reference value :  2.13126e-07
 Reference value :  2.13280e-07
 Reference value :  2.13598e-07
 Reference value :  2.13775e-07
 Reference value :  2.14073e-07
 Reference value :  2.14309e-07
 Reference value :  2.14550e-07
 Reference value :  2.14824e-07
 Reference value :  2.15018e-07
 Reference value :  2.15338e-07
 Reference value :  2.15513e-07
 Reference value :  2.15833e-07
 Reference value :  2.16027e-07
 Reference value :  2.16287e-07
 Reference value :  2.16502e-07
 Reference value :  2.16722e-07
 Reference value :  2.16936e-07
 Reference value :  2.17252e-07
 Reference value :  2.17491e-07
 Reference value :  2.17719e-07
 Reference value :  2.17865e-07
 Reference value :  2.18125e-07
 Reference value :  2.18280e-07
 Reference value :  2.18540e-07
 Reference value :  2.18714e-07
 Reference value :  2.19069e-07
 Reference value :  2.19269e-07
 Reference value :  2.19532e-07
 Reference value :  2.19703e-07
 Reference value :  2.19979e-07
 Reference value :  2.20198e-07
 Reference value :  2.20415e-07
 Reference value :  2.20592e-07
 Reference value :  2.20888e-07
 Reference value :  2.21127e-07
 Reference value :  2.21345e-07
 Reference value :  2.21561e-07
 Reference value :  2.21809e-07
 Reference value :  2.22056e-07
 Reference value :  2.22259e-07
 Reference value :  2.22470e-07
 Reference value :  2.22724e-07
 Reference value :  2.23005e-07
 Reference value :  2.23178e-07
 Reference value :  2.23239e-07
 Reference value :  2.23479e-07
 Reference value :  2.23714e-07
 Reference value :  2.23954e-07
 Reference value :  2.24168e-07
 Reference value :  2.24506e-07
 Reference value :  2.24723e-07
 Reference value :  2.24977e-07
 Reference value :  2.25177e-07
 Reference value :  2.25432e-07
 Reference value :  2.25649e-07
 Reference value :  2.25890e-07
 Reference value :  2.26106e-07
 Reference value :  2.26367e-07
 Reference value :  2.26641e-07
 Reference value :  2.26835e-07
 Reference value :  2.27095e-07
 Reference value :  2.27310e-07
 Reference value :  2.27570e-07
 Reference value :  2.27744e-07
 Reference value :  2.27904e-07
 Reference value :  2.28171e-07
 Reference value :  2.28399e-07
 Reference value :  2.28627e-07
 Reference value :  2.28873e-07
 Reference value :  2.29094e-07
 Reference value :  2.29348e-07
 Reference value :  2.29536e-07
 Reference value :  2.29802e-07
 Reference value :  2.30037e-07
 Reference value :  2.30317e-07
 Reference value :  2.30531e-07
 Reference value :  2.30811e-07
 Reference value :  2.31026e-07
 Reference value :  2.31266e-07
 Reference value :  2.31460e-07
 Reference value :  2.31799e-07
 Reference value :  2.32015e-07
 Reference value :  2.32262e-07
 Reference value :  2.32489e-07
 Reference value :  2.32705e-07
 Reference value :  2.32884e-07
 Reference value :  2.33044e-07
 Reference value :  2.33238e-07
 Reference value :  2.33578e-07
 Reference value :  2.33753e-07
 Reference value :  2.34013e-07
 Reference value :  2.34187e-07
 Reference value :  2.34407e-07
 Reference value :  2.34562e-07
 Reference value :  2.34862e-07
 Reference value :  2.35036e-07
 Reference value :  2.35376e-07
 Reference value :  2.35551e-07
 Reference value :  2.35851e-07
 Reference value :  2.36045e-07
 Reference value :  2.36323e-07
 Reference value :  2.36500e-07
 Reference value :  2.36794e-07
 Reference value :  2.36994e-07
 Reference value :  2.37262e-07
 Reference value :  2.37469e-07
 Reference value :  2.37707e-07
 Reference value :  2.37903e-07
 Reference value :  2.38177e-07
 Reference value :  2.38458e-07
 Reference value :  2.38672e-07
 Reference value :  2.38912e-07
 Reference value :  2.39127e-07
 Reference value :  2.39407e-07
 Reference value :  2.39581e-07
 Reference value :  2.39941e-07
 Reference value :  2.40096e-07
 Reference value :  2.40413e-07
 Reference value :  2.40590e-07
 Reference value :  2.40885e-07
 Reference value :  2.41045e-07
 Reference value :  2.41305e-07
 Reference value :  2.41499e-07
 Reference value :  2.41639e-07
 Reference value :  2.41807e-07
 Reference value :  2.42014e-07
 Reference value :  2.42261e-07
 Reference value :  2.42368e-07
 Reference value :  2.42508e-07
 Reference value :  2.42711e-07
 Reference value :  2.42843e-07
 Reference value :  2.43083e-07
 Reference value :  2.43297e-07
 Reference value :  2.43613e-07
 Reference value :  2.43852e-07
 Reference value :  2.44080e-07
 Reference value :  2.44286e-07
 Reference value :  2.44536e-07
 Reference value :  2.44801e-07
 Reference value :  2.44989e-07
 Reference value :  2.45255e-07
 Reference value :  2.45470e-07
 Reference value :  2.45770e-07
 Reference value :  2.45964e-07
 Reference value :  2.46204e-07
 Reference value :  2.46399e-07
 Reference value :  2.46659e-07
 Reference value :  2.46819e-07
 Reference value :  2.47153e-07
 Reference value :  2.47368e-07
 Reference value :  2.47648e-07
 Reference value :  2.47862e-07
 Reference value :  2.48140e-07
 Reference value :  2.48337e-07
 Reference value :  2.48577e-07
 Reference value :  2.48771e-07
 Reference value :  2.49074e-07
 Reference value :  2.49326e-07
 Reference value :  2.49539e-07
 Reference value :  2.49780e-07
 Reference value :  2.50015e-07
 Reference value :  2.50255e-07
 Reference value :  2.50335e-07
 Reference value :  2.50529e-07
 Reference value :  2.50884e-07
 Reference value :  2.51104e-07
 Reference value :  2.51351e-07
 Reference value :  2.51578e-07
 Reference value :  2.51806e-07
 Reference value :  2.52073e-07
 Reference value :  2.52251e-07
 Reference value :  2.52467e-07
 Reference value :  2.52587e-07
 Reference value :  2.52802e-07
 Reference value :  2.53122e-07
 Reference value :  2.53296e-07
 Reference value :  2.53611e-07
 Reference value :  2.53791e-07
 Reference value :  2.53931e-07
 Reference value :  2.54048e-07
 Reference value :  2.54225e-07
 Reference value :  2.54524e-07
 Reference value :  2.54760e-07
 Reference value :  2.54988e-07
 Reference value :  2.55214e-07
 Reference value :  2.55437e-07
 Reference value :  2.55529e-07
 Reference value :  2.55729e-07
 Reference value :  2.55899e-07
 Reference value :  2.56203e-07
 Reference value :  2.56438e-07
 Reference value :  2.56638e-07
 Reference value :  2.56698e-07
 Reference value :  2.56852e-07
 Reference value :  2.57092e-07
 Reference value :  2.57262e-07
 Reference value :  2.57527e-07
 Reference value :  2.57727e-07
 Reference value :  2.57821e-07
 Reference value :  2.57921e-07
 Reference value :  2.58169e-07
 Reference value :  2.58396e-07
 Reference value :  2.58610e-07
 Reference value :  2.58810e-07
 Reference value :  2.59073e-07
 Reference value :  2.59325e-07
 Reference value :  2.59559e-07
 Reference value :  2.59719e-07
 Reference value :  2.59975e-07
 Reference value :  2.60174e-07
 Reference value :  2.60430e-07
 Reference value :  2.60568e-07
 Reference value :  2.60891e-07
 Reference value :  2.61143e-07
 Reference value :  2.61351e-07
 Reference value :  2.61537e-07
 Reference value :  2.61577e-07
 Reference value :  2.61796e-07
 Reference value :  2.62012e-07
 Reference value :  2.62248e-07
 Reference value :  2.62446e-07
 Reference value :  2.62720e-07
 Reference value :  2.62901e-07
 Reference value :  2.63101e-07
 Reference value :  2.63255e-07
 Reference value :  2.63495e-07
 Reference value :  2.63707e-07
 Reference value :  2.63987e-07
 Reference value :  2.64077e-07
 Reference value :  2.64244e-07
 Reference value :  2.64537e-07
 Reference value :  2.64856e-07
 Reference value :  2.65033e-07
 Reference value :  2.65253e-07
 Reference value :  2.65411e-07
 Reference value :  2.65628e-07
 Reference value :  2.65848e-07
 Reference value :  2.66042e-07
 Reference value :  2.66349e-07
 Reference value :  2.66597e-07
 Reference value :  2.66804e-07
 Reference value :  2.66951e-07
 Reference value :  2.67250e-07
 Reference value :  2.67466e-07
 Reference value :  2.67702e-07
 Reference value :  2.67900e-07
 Reference value :  2.68168e-07
 Reference value :  2.68375e-07
 Reference value :  2.68555e-07
 Reference value :  2.68749e-07
 Reference value :  2.68869e-07
 Reference value :  2.69090e-07
 Reference value :  2.69304e-07
 Reference value :  2.69444e-07
 Reference value :  2.69618e-07
 Reference value :  2.69974e-07
 Reference value :  2.70173e-07
 Reference value :  2.70428e-07
 Reference value :  2.70467e-07
 Reference value :  2.70607e-07
 Reference value :  2.70882e-07
 Reference value :  2.71082e-07
 Reference value :  2.71337e-07
 Reference value :  2.71536e-07
 Reference value :  2.71804e-07
 Reference value :  2.72091e-07
 Reference value :  2.72258e-07
 Reference value :  2.72425e-07
 Reference value :  2.72701e-07
 Reference value :  2.72940e-07
 Reference value :  2.73154e-07
 Reference value :  2.73354e-07
 Reference value :  2.73613e-07
 Reference value :  2.73669e-07
 Reference value :  2.73969e-07
 Reference value :  2.74163e-07
 Reference value :  2.74263e-07
 Reference value :  2.74526e-07
 Reference value :  2.74658e-07
 Reference value :  2.74818e-07
 Reference value :  2.74981e-07
 Reference value :  2.75192e-07
 Reference value :  2.75442e-07
 Reference value :  2.75727e-07
 Reference value :  2.75890e-07
 Reference value :  2.75961e-07
 Reference value :  2.76201e-07
 Reference value :  2.76436e-07
 Reference value :  2.76696e-07
 Reference value :  2.76910e-07
 Reference value :  2.76990e-07
 Reference value :  2.77253e-07
 Reference value :  2.77505e-07
 Reference value :  2.77713e-07
 Reference value :  2.77759e-07
 Reference value :  2.78019e-07
 Reference value :  2.78214e-07
 Reference value :  2.78434e-07
 Reference value :  2.78608e-07
 Reference value :  2.78768e-07
 Reference value :  2.79075e-07
 Reference value :  2.79343e-07
 Reference value :  2.79536e-07
 Reference value :  2.79757e-07
 Reference value :  2.79980e-07
 Reference value :  2.80032e-07
 Reference value :  2.80232e-07
 Reference value :  2.80445e-07
 Reference value :  2.80726e-07
 Reference value :  2.80961e-07
 Reference value :  2.81201e-07
 Reference value :  2.81318e-07
 Reference value :  2.81495e-07
 Reference value :  2.81790e-07
 Reference value :  2.81990e-07
 Reference value :  2.82248e-07
 Reference value :  2.82484e-07
 Reference value :  2.82739e-07
 Reference value :  2.82999e-07
 Reference value :  2.83162e-07
 Reference value :  2.83233e-07
 Reference value :  2.83591e-07
 Reference value :  2.83748e-07
 Reference value :  2.84062e-07
 Reference value :  2.84242e-07
 Reference value :  2.84442e-07
 Reference value :  2.84597e-07
 Reference value :  2.84777e-07
 Reference value :  2.84971e-07
 Reference value :  2.85171e-07
 Reference value :  2.85441e-07
 Reference value :  2.85726e-07
 Reference value :  2.85899e-07
 Reference value :  2.86180e-07
 Reference value :  2.86343e-07
 Reference value :  2.86515e-07
 Reference value :  2.86755e-07
 Reference value :  2.86969e-07
 Reference value :  2.87252e-07
 Reference value :  2.87484e-07
 Reference value :  2.87714e-07
 Reference value :  2.87898e-07
 Reference value :  2.88078e-07
 Reference value :  2.88273e-07
 Reference value :  2.88553e-07
 Reference value :  2.88727e-07
 Reference value :  2.89066e-07
 Reference value :  2.89282e-07
 Reference value :  2.89529e-07
 Reference value :  2.89676e-07
 Reference value :  2.89856e-07
 Reference value :  2.90071e-07
 Reference value :  2.90311e-07
 Reference value :  2.90441e-07
 Reference value :  2.90605e-07
 Reference value :  2.90893e-07
 Reference value :  2.91160e-07
 Reference value :  2.91360e-07
 Reference value :  2.91634e-07
 Reference value :  2.91815e-07
 Reference value :  2.92089e-07
 Reference value :  2.92259e-07
 Reference value :  2.92523e-07
 Reference value :  2.92738e-07
 Reference value :  2.93018e-07
 Reference value :  2.93212e-07
 Reference value :  2.93472e-07
 Reference value :  2.93667e-07
 Reference value :  2.93927e-07
 Reference value :  2.94044e-07
 Reference value :  2.94121e-07
 Reference value :  2.94441e-07
 Reference value :  2.94613e-07
 Reference value :  2.94893e-07
 Reference value :  2.94972e-07
 Reference value :  2.95030e-07
 Reference value :  2.95290e-07
 Reference value :  2.95502e-07
 Reference value :  2.95822e-07
 Reference value :  2.95999e-07
 Reference value :  2.96338e-07
 Reference value :  2.96474e-07
 Reference value :  2.96634e-07
 Reference value :  2.96789e-07
 Reference value :  2.96968e-07
 Reference value :  2.97251e-07
 Reference value :  2.97503e-07
 Reference value :  2.97701e-07
 Reference value :  2.97817e-07
 Reference value :  2.97897e-07
 Reference value :  2.98167e-07
 Reference value :  2.98452e-07
 Reference value :  2.98666e-07
 Reference value :  2.98866e-07
 Reference value :  2.98986e-07
 Reference value :  2.99161e-07
 Reference value :  2.99421e-07
 Reference value :  2.99615e-07
 Reference value :  2.99915e-07
No. of Data Rows : 19790
sim/harness: analysis complete
Note: Simulation executed from .control section 
Note: Starting dynamic gmin stepping
Note: Dynamic gmin stepping completed
