
Note: Compatibility modes selected: hs a


Circuit: ** sch_path: /home/ubuntu/loom-workspaces/sky130-pll/.loom/worktrees/issue-129/sim/divider/testbench/tb_divider.sch

option SCALE: Scale is set to 1e-06 for instance and model parameters
option SCALE: Scale is set to 1e-06 for instance and model parameters
option SCALE: Scale is set to 1e-06 for instance and model parameters
option SCALE: Scale is set to 1e-06 for instance and model parameters
Doing analysis at TEMP = 125.000000 and TNOM = 27.000000

Using KLU as Direct Linear Solver
 Reference value :  0.00000e+00
 Reference value :  1.37300e-10
 Reference value :  4.67000e-10
 Reference value :  7.34125e-10
 Reference value :  9.88625e-10
 Reference value :  1.28862e-09
 Reference value :  1.50312e-09
 Reference value :  1.82612e-09
 Reference value :  2.05762e-09
 Reference value :  2.31213e-09
 Reference value :  2.61212e-09
 Reference value :  2.82662e-09
 Reference value :  3.14662e-09
 Reference value :  3.26112e-09
 Reference value :  3.63600e-09
 Reference value :  3.81563e-09
 Reference value :  4.10300e-09
 Reference value :  4.39013e-09
 Reference value :  4.56362e-09
 Reference value :  4.76463e-09
 Reference value :  5.00108e-09
 Reference value :  5.25542e-09
 Reference value :  5.49362e-09
 Reference value :  5.81363e-09
 Reference value :  5.93412e-09
 Reference value :  6.19000e-09
 Reference value :  6.36300e-09
 Reference value :  6.50263e-09
 Reference value :  6.82125e-09
 Reference value :  7.05713e-09
 Reference value :  7.28713e-09
 Reference value :  7.59162e-09
 Reference value :  7.78612e-09
 Reference value :  8.04612e-09
 Reference value :  8.28062e-09
 Reference value :  8.58062e-09
 Reference value :  8.77513e-09
 Reference value :  9.09125e-09
 Reference value :  9.30962e-09
 Reference value :  9.55787e-09
 Reference value :  9.84412e-09
 Reference value :  1.00786e-08
 Reference value :  1.04361e-08
 Reference value :  1.06331e-08
 Reference value :  1.09214e-08
 Reference value :  1.12076e-08
 Reference value :  1.13776e-08
 Reference value :  1.15621e-08
 Reference value :  1.18170e-08
 Reference value :  1.20366e-08
 Reference value :  1.22849e-08
 Reference value :  1.25711e-08
 Reference value :  1.27516e-08
 Reference value :  1.30856e-08
 Reference value :  1.32801e-08
 Reference value :  1.33801e-08
 Reference value :  1.34401e-08
 Reference value :  1.36350e-08
 Reference value :  1.36946e-08
 Reference value :  1.39346e-08
 Reference value :  1.40907e-08
 Reference value :  1.41291e-08
 Reference value :  1.42291e-08
 Reference value :  1.44291e-08
 Reference value :  1.44691e-08
 Reference value :  1.45091e-08
 Reference value :  1.45440e-08
 Reference value :  1.45477e-08
 Reference value :  1.45565e-08
 Reference value :  1.45626e-08
 Reference value :  1.46236e-08
 Reference value :  1.46836e-08
 Reference value :  1.47436e-08
 Reference value :  1.48236e-08
 Reference value :  1.48836e-08
 Reference value :  1.49236e-08
 Reference value :  1.49636e-08
 Reference value :  1.49985e-08
 Reference value :  1.50136e-08
 Reference value :  1.51381e-08
 Reference value :  1.51981e-08
 Reference value :  1.53781e-08
 Reference value :  1.55526e-08
 Reference value :  1.57926e-08
 Reference value :  1.59088e-08
 Reference value :  1.60871e-08
 Reference value :  1.63745e-08
 Reference value :  1.64816e-08
 Reference value :  1.67816e-08
 Reference value :  1.69961e-08
 Reference value :  1.72835e-08
 Reference value :  1.75483e-08
 Reference value :  1.77511e-08
 Reference value :  1.80651e-08
 Reference value :  1.82796e-08
 Reference value :  1.85996e-08
 Reference value :  1.88141e-08
 Reference value :  1.90890e-08
 Reference value :  1.92663e-08
 Reference value :  1.95448e-08
 Reference value :  1.97431e-08
 Reference value :  2.00131e-08
 Reference value :  2.03176e-08
 Reference value :  2.04659e-08
 Reference value :  2.07721e-08
 Reference value :  2.09315e-08
 Reference value :  2.12643e-08
 Reference value :  2.14611e-08
 Reference value :  2.17811e-08
 Reference value :  2.19756e-08
 Reference value :  2.22742e-08
 Reference value :  2.25101e-08
 Reference value :  2.27383e-08
 Reference value :  2.30623e-08
 Reference value :  2.32591e-08
 Reference value :  2.35791e-08
 Reference value :  2.37536e-08
 Reference value :  2.40336e-08
 Reference value :  2.41071e-08
 Reference value :  2.44281e-08
 Reference value :  2.46603e-08
 Reference value :  2.49603e-08
 Reference value :  2.51571e-08
 Reference value :  2.54557e-08
 Reference value :  2.57116e-08
 Reference value :  2.59216e-08
 Reference value :  2.62061e-08
 Reference value :  2.64383e-08
 Reference value :  2.67583e-08
 Reference value :  2.69751e-08
 Reference value :  2.72737e-08
 Reference value :  2.75496e-08
 Reference value :  2.77431e-08
 Reference value :  2.80641e-08
 Reference value :  2.82763e-08
 Reference value :  2.85563e-08
 Reference value :  2.87331e-08
 Reference value :  2.90331e-08
 Reference value :  2.91876e-08
 Reference value :  2.95076e-08
 Reference value :  2.96821e-08
 Reference value :  2.99970e-08
 Reference value :  3.02166e-08
 Reference value :  3.04649e-08
 Reference value :  3.07111e-08
 Reference value :  3.09656e-08
 Reference value :  3.11856e-08
 Reference value :  3.13861e-08
 Reference value :  3.16801e-08
 Reference value :  3.18746e-08
 Reference value :  3.22146e-08
 Reference value :  3.24091e-08
 Reference value :  3.27321e-08
 Reference value :  3.30036e-08
 Reference value :  3.31971e-08
 Reference value :  3.34781e-08
 Reference value :  3.36479e-08
 Reference value :  3.39503e-08
 Reference value :  3.41671e-08
 Reference value :  3.43471e-08
 Reference value :  3.44871e-08
 Reference value :  3.45816e-08
 Reference value :  3.47816e-08
 Reference value :  3.50151e-08
 Reference value :  3.52961e-08
 Reference value :  3.55106e-08
 Reference value :  3.58106e-08
 Reference value :  3.60251e-08
 Reference value :  3.63251e-08
 Reference value :  3.65596e-08
 Reference value :  3.68226e-08
 Reference value :  3.70541e-08
 Reference value :  3.72815e-08
 Reference value :  3.75463e-08
 Reference value :  3.77631e-08
 Reference value :  3.79031e-08
 Reference value :  3.81780e-08
 Reference value :  3.84176e-08
 Reference value :  3.86459e-08
 Reference value :  3.89321e-08
 Reference value :  3.91666e-08
 Reference value :  3.95066e-08
 Reference value :  3.96811e-08
 Reference value :  3.99611e-08
 Reference value :  4.01756e-08
 Reference value :  4.04542e-08
 Reference value :  4.06901e-08
 Reference value :  4.09295e-08
 Reference value :  4.12623e-08
 Reference value :  4.14591e-08
 Reference value :  4.17391e-08
 Reference value :  4.18736e-08
 Reference value :  4.22336e-08
 Reference value :  4.24081e-08
 Reference value :  4.27242e-08
 Reference value :  4.29826e-08
 Reference value :  4.31787e-08
 Reference value :  4.31926e-08
 Reference value :  4.34771e-08
 Reference value :  4.36576e-08
 Reference value :  4.39916e-08
 Reference value :  4.42061e-08
 Reference value :  4.45422e-08
 Reference value :  4.47206e-08
 Reference value :  4.50036e-08
 Reference value :  4.52351e-08
 Reference value :  4.53351e-08
 Reference value :  4.55273e-08
 Reference value :  4.58673e-08
 Reference value :  4.60441e-08
 Reference value :  4.63628e-08
 Reference value :  4.66186e-08
 Reference value :  4.68260e-08
 Reference value :  4.70931e-08
 Reference value :  4.72866e-08
 Reference value :  4.76276e-08
 Reference value :  4.78021e-08
 Reference value :  4.81421e-08
 Reference value :  4.83566e-08
 Reference value :  4.86352e-08
 Reference value :  4.88711e-08
 Reference value :  4.90993e-08
 Reference value :  4.93633e-08
 Reference value :  4.95556e-08
 Reference value :  4.98601e-08
 Reference value :  5.00946e-08
 Reference value :  5.04146e-08
 Reference value :  5.06291e-08
 Reference value :  5.09040e-08
 Reference value :  5.11236e-08
 Reference value :  5.13236e-08
 Reference value :  5.15181e-08
 Reference value :  5.18255e-08
 Reference value :  5.20926e-08
 Reference value :  5.23071e-08
 Reference value :  5.26271e-08
 Reference value :  5.28593e-08
 Reference value :  5.31393e-08
 Reference value :  5.33561e-08
 Reference value :  5.36310e-08
 Reference value :  5.38506e-08
 Reference value :  5.41006e-08
 Reference value :  5.43851e-08
 Reference value :  5.45586e-08
 Reference value :  5.48596e-08
 Reference value :  5.50741e-08
 Reference value :  5.53741e-08
 Reference value :  5.56086e-08
 Reference value :  5.59072e-08
 Reference value :  5.61231e-08
 Reference value :  5.63953e-08
 Reference value :  5.66953e-08
 Reference value :  5.68921e-08
 Reference value :  5.71921e-08
 Reference value :  5.74266e-08
 Reference value :  5.77296e-08
 Reference value :  5.79611e-08
 Reference value :  5.82016e-08
 Reference value :  5.85156e-08
 Reference value :  5.87301e-08
 Reference value :  5.90101e-08
 Reference value :  5.92246e-08
 Reference value :  5.95395e-08
 Reference value :  5.97591e-08
 Reference value :  6.00126e-08
 Reference value :  6.03136e-08
 Reference value :  6.05481e-08
 Reference value :  6.08481e-08
 Reference value :  6.10626e-08
 Reference value :  6.13612e-08
 Reference value :  6.15571e-08
 Reference value :  6.16771e-08
 Reference value :  6.18716e-08
 Reference value :  6.22116e-08
 Reference value :  6.23861e-08
 Reference value :  6.27036e-08
 Reference value :  6.29006e-08
 Reference value :  6.31767e-08
 Reference value :  6.34151e-08
 Reference value :  6.36486e-08
 Reference value :  6.39296e-08
 Reference value :  6.41101e-08
 Reference value :  6.44241e-08
 Reference value :  6.45986e-08
 Reference value :  6.49586e-08
 Reference value :  6.51731e-08
 Reference value :  6.54561e-08
 Reference value :  6.57276e-08
 Reference value :  6.58276e-08
 Reference value :  6.60621e-08
 Reference value :  6.63221e-08
 Reference value :  6.64743e-08
 Reference value :  6.67343e-08
 Reference value :  6.69511e-08
 Reference value :  6.72672e-08
 Reference value :  6.74456e-08
 Reference value :  6.77330e-08
 Reference value :  6.79601e-08
 Reference value :  6.81901e-08
 Reference value :  6.84946e-08
 Reference value :  6.87091e-08
 Reference value :  6.90666e-08
 Reference value :  6.92636e-08
 Reference value :  6.95466e-08
 Reference value :  6.97981e-08
 Reference value :  7.00186e-08
 Reference value :  7.03126e-08
 Reference value :  7.05271e-08
 Reference value :  7.08271e-08
 Reference value :  7.10216e-08
 Reference value :  7.13216e-08
 Reference value :  7.15161e-08
 Reference value :  7.18122e-08
 Reference value :  7.20306e-08
 Reference value :  7.22692e-08
 Reference value :  7.25051e-08
 Reference value :  7.27596e-08
 Reference value :  7.30996e-08
 Reference value :  7.32741e-08
 Reference value :  7.35941e-08
 Reference value :  7.37863e-08
 Reference value :  7.40835e-08
 Reference value :  7.42631e-08
 Reference value :  7.45529e-08
 Reference value :  7.48553e-08
 Reference value :  7.50521e-08
 Reference value :  7.53721e-08
 Reference value :  7.55666e-08
 Reference value :  7.58266e-08
 Reference value :  7.60011e-08
 Reference value :  7.63560e-08
 Reference value :  7.65756e-08
 Reference value :  7.68186e-08
 Reference value :  7.70701e-08
 Reference value :  7.72731e-08
 Reference value :  7.75446e-08
 Reference value :  7.77451e-08
 Reference value :  7.80991e-08
 Reference value :  7.82936e-08
 Reference value :  7.85936e-08
 Reference value :  7.87881e-08
 Reference value :  7.90911e-08
 Reference value :  7.93626e-08
 Reference value :  7.95561e-08
 Reference value :  7.98571e-08
 Reference value :  8.00916e-08
 Reference value :  8.04116e-08
 Reference value :  8.06061e-08
 Reference value :  8.09091e-08
 Reference value :  8.11806e-08
 Reference value :  8.13706e-08
 Reference value :  8.16551e-08
 Reference value :  8.18345e-08
 Reference value :  8.21473e-08
 Reference value :  8.22645e-08
 Reference value :  8.24841e-08
 Reference value :  8.27341e-08
 Reference value :  8.29986e-08
 Reference value :  8.32131e-08
 Reference value :  8.34931e-08
 Reference value :  8.36876e-08
 Reference value :  8.40076e-08
 Reference value :  8.42221e-08
 Reference value :  8.45407e-08
 Reference value :  8.47766e-08
 Reference value :  8.50101e-08
 Reference value :  8.52911e-08
 Reference value :  8.55056e-08
 Reference value :  8.57856e-08
 Reference value :  8.59801e-08
 Reference value :  8.63376e-08
 Reference value :  8.65346e-08
 Reference value :  8.68176e-08
 Reference value :  8.70491e-08
 Reference value :  8.72791e-08
 Reference value :  8.75436e-08
 Reference value :  8.77441e-08
 Reference value :  8.80781e-08
 Reference value :  8.82526e-08
 Reference value :  8.85926e-08
 Reference value :  8.87871e-08
 Reference value :  8.90832e-08
 Reference value :  8.93216e-08
 Reference value :  8.95516e-08
 Reference value :  8.98761e-08
 Reference value :  9.01083e-08
 Reference value :  9.03883e-08
 Reference value :  9.06051e-08
 Reference value :  9.08826e-08
 Reference value :  9.10996e-08
 Reference value :  9.13679e-08
 Reference value :  9.16141e-08
 Reference value :  9.18346e-08
 Reference value :  9.21486e-08
 Reference value :  9.23431e-08
 Reference value :  9.26831e-08
 Reference value :  9.28976e-08
 Reference value :  9.31806e-08
 Reference value :  9.34121e-08
 Reference value :  9.36666e-08
 Reference value :  9.39466e-08
 Reference value :  9.41611e-08
 Reference value :  9.44611e-08
 Reference value :  9.46756e-08
 Reference value :  9.49986e-08
 Reference value :  9.52101e-08
 Reference value :  9.54531e-08
 Reference value :  9.56846e-08
 Reference value :  9.59146e-08
 Reference value :  9.61991e-08
 Reference value :  9.63726e-08
 Reference value :  9.66736e-08
 Reference value :  9.68681e-08
 Reference value :  9.70881e-08
 Reference value :  9.72630e-08
 Reference value :  9.75003e-08
 Reference value :  9.77309e-08
 Reference value :  9.80171e-08
 Reference value :  9.82316e-08
 Reference value :  9.85116e-08
 Reference value :  9.87261e-08
 Reference value :  9.90261e-08
 Reference value :  9.92606e-08
 Reference value :  9.95392e-08
 Reference value :  9.97751e-08
 Reference value :  1.00009e-07
 Reference value :  1.00310e-07
 Reference value :  1.00544e-07
 Reference value :  1.00882e-07
 Reference value :  1.01079e-07
 Reference value :  1.01357e-07
 Reference value :  1.01593e-07
 Reference value :  1.01834e-07
 Reference value :  1.01988e-07
 Reference value :  1.02266e-07
 Reference value :  1.02462e-07
 Reference value :  1.02729e-07
 Reference value :  1.03017e-07
 Reference value :  1.03211e-07
 Reference value :  1.03531e-07
 Reference value :  1.03746e-07
 Reference value :  1.04082e-07
 Reference value :  1.04200e-07
 Reference value :  1.04480e-07
 Reference value :  1.04655e-07
 Reference value :  1.04989e-07
 Reference value :  1.05169e-07
 Reference value :  1.05457e-07
 Reference value :  1.05741e-07
 Reference value :  1.05958e-07
 Reference value :  1.06278e-07
 Reference value :  1.06473e-07
 Reference value :  1.06809e-07
 Reference value :  1.06987e-07
 Reference value :  1.07274e-07
 Reference value :  1.07542e-07
 Reference value :  1.07756e-07
 Reference value :  1.08076e-07
 Reference value :  1.08271e-07
 Reference value :  1.08608e-07
 Reference value :  1.08785e-07
 Reference value :  1.09092e-07
 Reference value :  1.09360e-07
 Reference value :  1.09560e-07
 Reference value :  1.09814e-07
 Reference value :  1.10004e-07
 Reference value :  1.10349e-07
 Reference value :  1.10503e-07
 Reference value :  1.10863e-07
 Reference value :  1.11038e-07
 Reference value :  1.11352e-07
 Reference value :  1.11371e-07
 Reference value :  1.11652e-07
 Reference value :  1.11826e-07
 Reference value :  1.12127e-07
 Reference value :  1.12341e-07
 Reference value :  1.12681e-07
 Reference value :  1.12893e-07
 Reference value :  1.13174e-07
 Reference value :  1.13370e-07
 Reference value :  1.13638e-07
 Reference value :  1.13745e-07
 Reference value :  1.14081e-07
 Reference value :  1.14239e-07
 Reference value :  1.14535e-07
 Reference value :  1.14734e-07
 Reference value :  1.15001e-07
 Reference value :  1.15268e-07
 Reference value :  1.15469e-07
 Reference value :  1.15763e-07
 Reference value :  1.15910e-07
 Reference value :  1.16177e-07
 Reference value :  1.16412e-07
 Reference value :  1.16752e-07
 Reference value :  1.16946e-07
 Reference value :  1.17261e-07
 Reference value :  1.17481e-07
 Reference value :  1.17728e-07
 Reference value :  1.17975e-07
 Reference value :  1.18196e-07
 Reference value :  1.18550e-07
 Reference value :  1.18744e-07
 Reference value :  1.19079e-07
 Reference value :  1.19259e-07
 Reference value :  1.19534e-07
 Reference value :  1.19753e-07
 Reference value :  1.20003e-07
 Reference value :  1.20308e-07
 Reference value :  1.20502e-07
 Reference value :  1.20762e-07
 Reference value :  1.20977e-07
 Reference value :  1.21277e-07
 Reference value :  1.21491e-07
 Reference value :  1.21807e-07
 Reference value :  1.22046e-07
 Reference value :  1.22273e-07
 Reference value :  1.22500e-07
 Reference value :  1.22730e-07
 Reference value :  1.22995e-07
 Reference value :  1.23095e-07
 Reference value :  1.23309e-07
 Reference value :  1.23628e-07
 Reference value :  1.23864e-07
 Reference value :  1.24097e-07
 Reference value :  1.24378e-07
 Reference value :  1.24613e-07
 Reference value :  1.24953e-07
 Reference value :  1.25147e-07
 Reference value :  1.25446e-07
 Reference value :  1.25662e-07
 Reference value :  1.25910e-07
 Reference value :  1.26176e-07
 Reference value :  1.26431e-07
 Reference value :  1.26771e-07
 Reference value :  1.26925e-07
 Reference value :  1.27225e-07
 Reference value :  1.27400e-07
 Reference value :  1.27660e-07
 Reference value :  1.27854e-07
 Reference value :  1.28170e-07
 Reference value :  1.28429e-07
 Reference value :  1.28649e-07
 Reference value :  1.28963e-07
 Reference value :  1.29138e-07
 Reference value :  1.29458e-07
 Reference value :  1.29632e-07
 Reference value :  1.29987e-07
 Reference value :  1.30207e-07
 Reference value :  1.30454e-07
 Reference value :  1.30721e-07
 Reference value :  1.30922e-07
 Reference value :  1.31276e-07
 Reference value :  1.31470e-07
 Reference value :  1.31811e-07
 Reference value :  1.32062e-07
 Reference value :  1.32278e-07
 Reference value :  1.32539e-07
 Reference value :  1.32751e-07
 Reference value :  1.33071e-07
 Reference value :  1.33248e-07
 Reference value :  1.33623e-07
 Reference value :  1.33823e-07
 Reference value :  1.34081e-07
 Reference value :  1.34257e-07
 Reference value :  1.34533e-07
 Reference value :  1.34792e-07
 Reference value :  1.35000e-07
 Reference value :  1.35266e-07
 Reference value :  1.35501e-07
 Reference value :  1.35821e-07
 Reference value :  1.36035e-07
 Reference value :  1.36215e-07
 Reference value :  1.36430e-07
 Reference value :  1.36730e-07
 Reference value :  1.36944e-07
 Reference value :  1.37260e-07
 Reference value :  1.37499e-07
 Reference value :  1.37727e-07
 Reference value :  1.38013e-07
 Reference value :  1.38228e-07
 Reference value :  1.38548e-07
 Reference value :  1.38762e-07
 Reference value :  1.39077e-07
 Reference value :  1.39317e-07
 Reference value :  1.39545e-07
 Reference value :  1.39831e-07
 Reference value :  1.40066e-07
 Reference value :  1.40406e-07
 Reference value :  1.40620e-07
 Reference value :  1.40903e-07
 Reference value :  1.41175e-07
 Reference value :  1.41375e-07
 Reference value :  1.41669e-07
 Reference value :  1.41884e-07
 Reference value :  1.42164e-07
 Reference value :  1.42378e-07
 Reference value :  1.42714e-07
 Reference value :  1.42893e-07
 Reference value :  1.43171e-07
 Reference value :  1.43427e-07
 Reference value :  1.43648e-07
 Reference value :  1.43942e-07
 Reference value :  1.44156e-07
 Reference value :  1.44476e-07
 Reference value :  1.44691e-07
 Reference value :  1.44951e-07
 Reference value :  1.45065e-07
 Reference value :  1.45325e-07
 Reference value :  1.45500e-07
 Reference value :  1.45820e-07
 Reference value :  1.46034e-07
 Reference value :  1.46350e-07
 Reference value :  1.46529e-07
 Reference value :  1.46812e-07
 Reference value :  1.47063e-07
 Reference value :  1.47295e-07
 Reference value :  1.47635e-07
 Reference value :  1.47812e-07
 Reference value :  1.48112e-07
 Reference value :  1.48364e-07
 Reference value :  1.48630e-07
 Reference value :  1.48901e-07
 Reference value :  1.49156e-07
 Reference value :  1.49476e-07
 Reference value :  1.49710e-07
 Reference value :  1.49986e-07
 Reference value :  1.50225e-07
 Reference value :  1.50448e-07
 Reference value :  1.50719e-07
 Reference value :  1.50954e-07
 Reference value :  1.51154e-07
 Reference value :  1.51374e-07
 Reference value :  1.51668e-07
 Reference value :  1.51883e-07
 Reference value :  1.52203e-07
 Reference value :  1.52397e-07
 Reference value :  1.52712e-07
 Reference value :  1.52912e-07
 Reference value :  1.53180e-07
 Reference value :  1.53426e-07
 Reference value :  1.53661e-07
 Reference value :  1.53981e-07
 Reference value :  1.54195e-07
 Reference value :  1.54531e-07
 Reference value :  1.54570e-07
 Reference value :  1.54870e-07
 Reference value :  1.55064e-07
 Reference value :  1.55384e-07
 Reference value :  1.55599e-07
 Reference value :  1.55902e-07
 Reference value :  1.56113e-07
 Reference value :  1.56361e-07
 Reference value :  1.56568e-07
 Reference value :  1.56802e-07
 Reference value :  1.56962e-07
 Reference value :  1.57258e-07
 Reference value :  1.57517e-07
 Reference value :  1.57727e-07
 Reference value :  1.58031e-07
 Reference value :  1.58206e-07
 Reference value :  1.58406e-07
 Reference value :  1.58466e-07
 Reference value :  1.58660e-07
 Reference value :  1.58980e-07
 Reference value :  1.59175e-07
 Reference value :  1.59529e-07
 Reference value :  1.59555e-07
 Reference value :  1.59809e-07
 Reference value :  1.60044e-07
 Reference value :  1.60364e-07
 Reference value :  1.60578e-07
 Reference value :  1.60876e-07
 Reference value :  1.61093e-07
 Reference value :  1.61313e-07
 Reference value :  1.61361e-07
 Reference value :  1.61607e-07
 Reference value :  1.61842e-07
 Reference value :  1.62042e-07
 Reference value :  1.62275e-07
 Reference value :  1.62596e-07
 Reference value :  1.62788e-07
 Reference value :  1.63048e-07
 Reference value :  1.63179e-07
 Reference value :  1.63425e-07
 Reference value :  1.63657e-07
 Reference value :  1.63997e-07
 Reference value :  1.64234e-07
 Reference value :  1.64529e-07
 Reference value :  1.64749e-07
 Reference value :  1.64966e-07
 Reference value :  1.65043e-07
 Reference value :  1.65363e-07
 Reference value :  1.65598e-07
 Reference value :  1.65901e-07
 Reference value :  1.66152e-07
 Reference value :  1.66373e-07
 Reference value :  1.66527e-07
 Reference value :  1.66707e-07
 Reference value :  1.66814e-07
 Reference value :  1.67061e-07
 Reference value :  1.67296e-07
 Reference value :  1.67656e-07
 Reference value :  1.67719e-07
 Reference value :  1.67970e-07
 Reference value :  1.68191e-07
 Reference value :  1.68485e-07
 Reference value :  1.68719e-07
 Reference value :  1.69019e-07
 Reference value :  1.69174e-07
 Reference value :  1.69394e-07
 Reference value :  1.69608e-07
 Reference value :  1.69928e-07
 Reference value :  1.70143e-07
 Reference value :  1.70441e-07
 Reference value :  1.70637e-07
 Reference value :  1.70905e-07
 Reference value :  1.71192e-07
 Reference value :  1.71372e-07
 Reference value :  1.71586e-07
 Reference value :  1.71816e-07
 Reference value :  1.72141e-07
 Reference value :  1.72355e-07
 Reference value :  1.72575e-07
 Reference value :  1.72711e-07
 Reference value :  1.72950e-07
 Reference value :  1.73130e-07
 Reference value :  1.73324e-07
 Reference value :  1.73623e-07
 Reference value :  1.73719e-07
 Reference value :  1.73919e-07
 Reference value :  1.74113e-07
 Reference value :  1.74433e-07
 Reference value :  1.74628e-07
 Reference value :  1.74888e-07
 Reference value :  1.74986e-07
 Reference value :  1.75142e-07
 Reference value :  1.75449e-07
 Reference value :  1.75737e-07
 Reference value :  1.75951e-07
 Reference value :  1.76251e-07
 Reference value :  1.76466e-07
 Reference value :  1.76726e-07
 Reference value :  1.76880e-07
 Reference value :  1.77180e-07
 Reference value :  1.77395e-07
 Reference value :  1.77692e-07
 Reference value :  1.77749e-07
 Reference value :  1.77829e-07
 Reference value :  1.77949e-07
 Reference value :  1.78179e-07
 Reference value :  1.78404e-07
 Reference value :  1.78634e-07
 Reference value :  1.78878e-07
 Reference value :  1.79075e-07
 Reference value :  1.79330e-07
 Reference value :  1.79546e-07
 Reference value :  1.79827e-07
 Reference value :  1.79927e-07
 Reference value :  1.80142e-07
 Reference value :  1.80362e-07
 Reference value :  1.80576e-07
 Reference value :  1.80899e-07
 Reference value :  1.81031e-07
 Reference value :  1.81231e-07
 Reference value :  1.81405e-07
 Reference value :  1.81725e-07
 Reference value :  1.81900e-07
 Reference value :  1.82237e-07
 Reference value :  1.82273e-07
 Reference value :  1.82594e-07
 Reference value :  1.82721e-07
 Reference value :  1.82889e-07
 Reference value :  1.83163e-07
 Reference value :  1.83343e-07
 Reference value :  1.83619e-07
 Reference value :  1.83838e-07
 Reference value :  1.84088e-07
 Reference value :  1.84292e-07
 Reference value :  1.84510e-07
 Reference value :  1.84667e-07
 Reference value :  1.84981e-07
 Reference value :  1.85201e-07
 Reference value :  1.85440e-07
 Reference value :  1.85462e-07
 Reference value :  1.85636e-07
 Reference value :  1.85904e-07
 Reference value :  1.86150e-07
 Reference value :  1.86371e-07
 Reference value :  1.86705e-07
 Reference value :  1.86825e-07
 Reference value :  1.86919e-07
 Reference value :  1.87039e-07
 Reference value :  1.87269e-07
 Reference value :  1.87434e-07
 Reference value :  1.87634e-07
 Reference value :  1.87808e-07
 Reference value :  1.87968e-07
 Reference value :  1.88178e-07
 Reference value :  1.88463e-07
 Reference value :  1.88677e-07
 Reference value :  1.88997e-07
 Reference value :  1.89192e-07
 Reference value :  1.89392e-07
 Reference value :  1.89530e-07
 Reference value :  1.89766e-07
 Reference value :  1.90000e-07
 Reference value :  1.90301e-07
 Reference value :  1.90515e-07
 Reference value :  1.90815e-07
 Reference value :  1.91030e-07
 Reference value :  1.91190e-07
 Reference value :  1.91348e-07
 Reference value :  1.91504e-07
 Reference value :  1.91807e-07
 Reference value :  1.92059e-07
 Reference value :  1.92279e-07
 Reference value :  1.92613e-07
 Reference value :  1.92727e-07
 Reference value :  1.92828e-07
 Reference value :  1.93008e-07
 Reference value :  1.93202e-07
 Reference value :  1.93522e-07
 Reference value :  1.93757e-07
 Reference value :  1.94071e-07
 Reference value :  1.94231e-07
 Reference value :  1.94528e-07
 Reference value :  1.94623e-07
 Reference value :  1.94923e-07
 Reference value :  1.95140e-07
 Reference value :  1.95380e-07
 Reference value :  1.95555e-07
 Reference value :  1.95872e-07
 Reference value :  1.96029e-07
 Reference value :  1.96249e-07
 Reference value :  1.96357e-07
 Reference value :  1.96644e-07
 Reference value :  1.96838e-07
 Reference value :  1.97138e-07
 Reference value :  1.97353e-07
 Reference value :  1.97553e-07
 Reference value :  1.97673e-07
 Reference value :  1.97847e-07
 Reference value :  1.98163e-07
 Reference value :  1.98382e-07
 Reference value :  1.98630e-07
 Reference value :  1.98896e-07
 Reference value :  1.99071e-07
 Reference value :  1.99090e-07
 Reference value :  1.99411e-07
 Reference value :  1.99605e-07
 Reference value :  1.99925e-07
 Reference value :  1.99999e-07
 Reference value :  2.00160e-07
 Reference value :  2.00443e-07
 Reference value :  2.00654e-07
 Reference value :  2.00902e-07
 Reference value :  2.01229e-07
 Reference value :  2.01347e-07
 Reference value :  2.01403e-07
 Reference value :  2.01723e-07
 Reference value :  2.01958e-07
 Reference value :  2.02252e-07
 Reference value :  2.02271e-07
 Reference value :  2.02472e-07
 Reference value :  2.02722e-07
 Reference value :  2.03007e-07
 Reference value :  2.03221e-07
 Reference value :  2.03381e-07
 Reference value :  2.03635e-07
 Reference value :  2.03956e-07
 Reference value :  2.04150e-07
 Reference value :  2.04410e-07
 Reference value :  2.04565e-07
 Reference value :  2.04805e-07
 Reference value :  2.04979e-07
 Reference value :  2.05199e-07
 Reference value :  2.05442e-07
 Reference value :  2.05674e-07
 Reference value :  2.05901e-07
 Reference value :  2.06048e-07
 Reference value :  2.06308e-07
 Reference value :  2.06483e-07
 Reference value :  2.06806e-07
 Reference value :  2.07057e-07
 Reference value :  2.07278e-07
 Reference value :  2.07572e-07
 Reference value :  2.07689e-07
 Reference value :  2.07886e-07
 Reference value :  2.08165e-07
 Reference value :  2.08441e-07
 Reference value :  2.08655e-07
 Reference value :  2.08875e-07
 Reference value :  2.08955e-07
 Reference value :  2.09150e-07
 Reference value :  2.09470e-07
 Reference value :  2.09664e-07
 Reference value :  2.09944e-07
 Reference value :  2.10136e-07
 Reference value :  2.10434e-07
 Reference value :  2.10553e-07
 Reference value :  2.10693e-07
 Reference value :  2.10871e-07
 Reference value :  2.11048e-07
 Reference value :  2.11346e-07
 Reference value :  2.11542e-07
 Reference value :  2.11742e-07
 Reference value :  2.11857e-07
 Reference value :  2.12177e-07
 Reference value :  2.12351e-07
 Reference value :  2.12706e-07
 Reference value :  2.12906e-07
 Reference value :  2.13169e-07
 Reference value :  2.13200e-07
 Reference value :  2.13380e-07
 Reference value :  2.13615e-07
 Reference value :  2.13735e-07
 Reference value :  2.13975e-07
 Reference value :  2.14088e-07
 Reference value :  2.14409e-07
 Reference value :  2.14624e-07
 Reference value :  2.14961e-07
 Reference value :  2.15138e-07
 Reference value :  2.15378e-07
 Reference value :  2.15446e-07
 Reference value :  2.15713e-07
 Reference value :  2.15927e-07
 Reference value :  2.16207e-07
 Reference value :  2.16357e-07
 Reference value :  2.16702e-07
 Reference value :  2.16800e-07
 Reference value :  2.17056e-07
 Reference value :  2.17270e-07
 Reference value :  2.17611e-07
 Reference value :  2.17745e-07
 Reference value :  2.17905e-07
 Reference value :  2.18161e-07
 Reference value :  2.18380e-07
 Reference value :  2.18628e-07
 Reference value :  2.18854e-07
 Reference value :  2.18914e-07
 Reference value :  2.19081e-07
 Reference value :  2.19369e-07
 Reference value :  2.19563e-07
 Reference value :  2.19863e-07
 Reference value :  2.20078e-07
 Reference value :  2.20378e-07
 Reference value :  2.20572e-07
 Reference value :  2.20812e-07
 Reference value :  2.21007e-07
 Reference value :  2.21324e-07
 Reference value :  2.21541e-07
 Reference value :  2.21800e-07
 Reference value :  2.22056e-07
 Reference value :  2.22276e-07
 Reference value :  2.22550e-07
 Reference value :  2.22805e-07
 Reference value :  2.23125e-07
 Reference value :  2.23339e-07
 Reference value :  2.23615e-07
 Reference value :  2.23894e-07
 Reference value :  2.24108e-07
 Reference value :  2.24448e-07
 Reference value :  2.24663e-07
 Reference value :  2.24960e-07
 Reference value :  2.25177e-07
 Reference value :  2.25438e-07
 Reference value :  2.25709e-07
 Reference value :  2.25905e-07
 Reference value :  2.26186e-07
 Reference value :  2.26381e-07
 Reference value :  2.26701e-07
 Reference value :  2.26915e-07
 Reference value :  2.27215e-07
 Reference value :  2.27450e-07
 Reference value :  2.27717e-07
 Reference value :  2.27984e-07
 Reference value :  2.28219e-07
 Reference value :  2.28519e-07
 Reference value :  2.28733e-07
 Reference value :  2.29013e-07
 Reference value :  2.29228e-07
 Reference value :  2.29524e-07
 Reference value :  2.29742e-07
 Reference value :  2.29996e-07
 Reference value :  2.30317e-07
 Reference value :  2.30511e-07
 Reference value :  2.30791e-07
 Reference value :  2.31006e-07
 Reference value :  2.31340e-07
 Reference value :  2.31560e-07
 Reference value :  2.31814e-07
 Reference value :  2.32095e-07
 Reference value :  2.32309e-07
 Reference value :  2.32609e-07
 Reference value :  2.32804e-07
 Reference value :  2.33044e-07
 Reference value :  2.33238e-07
 Reference value :  2.33596e-07
 Reference value :  2.33813e-07
 Reference value :  2.34080e-07
 Reference value :  2.34327e-07
 Reference value :  2.34548e-07
 Reference value :  2.34842e-07
 Reference value :  2.35056e-07
 Reference value :  2.35376e-07
 Reference value :  2.35591e-07
 Reference value :  2.35894e-07
 Reference value :  2.36125e-07
 Reference value :  2.36355e-07
 Reference value :  2.36620e-07
 Reference value :  2.36854e-07
 Reference value :  2.37194e-07
 Reference value :  2.37309e-07
 Reference value :  2.37629e-07
 Reference value :  2.37783e-07
 Reference value :  2.38141e-07
 Reference value :  2.38318e-07
 Reference value :  2.38614e-07
 Reference value :  2.38832e-07
 Reference value :  2.39080e-07
 Reference value :  2.39367e-07
 Reference value :  2.39581e-07
 Reference value :  2.39941e-07
 Reference value :  2.40036e-07
 Reference value :  2.40256e-07
 Reference value :  2.40446e-07
 Reference value :  2.40750e-07
 Reference value :  2.40945e-07
 Reference value :  2.41265e-07
 Reference value :  2.41479e-07
 Reference value :  2.41794e-07
 Reference value :  2.42014e-07
 Reference value :  2.42261e-07
 Reference value :  2.42528e-07
 Reference value :  2.42722e-07
 Reference value :  2.43063e-07
 Reference value :  2.43197e-07
 Reference value :  2.43517e-07
 Reference value :  2.43631e-07
 Reference value :  2.43932e-07
 Reference value :  2.44146e-07
 Reference value :  2.44446e-07
 Reference value :  2.44661e-07
 Reference value :  2.44975e-07
 Reference value :  2.45195e-07
 Reference value :  2.45443e-07
 Reference value :  2.45750e-07
 Reference value :  2.45964e-07
 Reference value :  2.46264e-07
 Reference value :  2.46499e-07
 Reference value :  2.46795e-07
 Reference value :  2.47033e-07
 Reference value :  2.47274e-07
 Reference value :  2.47608e-07
 Reference value :  2.47822e-07
 Reference value :  2.48140e-07
 Reference value :  2.48357e-07
 Reference value :  2.48615e-07
 Reference value :  2.48671e-07
 Reference value :  2.48971e-07
 Reference value :  2.49126e-07
 Reference value :  2.49466e-07
 Reference value :  2.49660e-07
 Reference value :  2.49975e-07
 Reference value :  2.50175e-07
 Reference value :  2.50443e-07
 Reference value :  2.50709e-07
 Reference value :  2.50964e-07
 Reference value :  2.51284e-07
 Reference value :  2.51498e-07
 Reference value :  2.51793e-07
 Reference value :  2.51973e-07
 Reference value :  2.52260e-07
 Reference value :  2.52507e-07
 Reference value :  2.52762e-07
 Reference value :  2.53102e-07
 Reference value :  2.53316e-07
 Reference value :  2.53612e-07
 Reference value :  2.53851e-07
 Reference value :  2.54081e-07
 Reference value :  2.54365e-07
 Reference value :  2.54600e-07
 Reference value :  2.54920e-07
 Reference value :  2.55054e-07
 Reference value :  2.55394e-07
 Reference value :  2.55569e-07
 Reference value :  2.55866e-07
 Reference value :  2.56043e-07
 Reference value :  2.56243e-07
 Reference value :  2.56418e-07
 Reference value :  2.56758e-07
 Reference value :  2.56872e-07
 Reference value :  2.57052e-07
 Reference value :  2.57273e-07
 Reference value :  2.57567e-07
 Reference value :  2.57761e-07
 Reference value :  2.58061e-07
 Reference value :  2.58175e-07
 Reference value :  2.58276e-07
 Reference value :  2.58496e-07
 Reference value :  2.58556e-07
 Reference value :  2.58730e-07
 Reference value :  2.59048e-07
 Reference value :  2.59245e-07
 Reference value :  2.59532e-07
 Reference value :  2.59799e-07
 Reference value :  2.60014e-07
 Reference value :  2.60334e-07
 Reference value :  2.60528e-07
 Reference value :  2.60866e-07
 Reference value :  2.61063e-07
 Reference value :  2.61346e-07
 Reference value :  2.61597e-07
 Reference value :  2.61832e-07
 Reference value :  2.62192e-07
 Reference value :  2.62366e-07
 Reference value :  2.62702e-07
 Reference value :  2.62941e-07
 Reference value :  2.63174e-07
 Reference value :  2.63375e-07
 Reference value :  2.63623e-07
 Reference value :  2.63907e-07
 Reference value :  2.64104e-07
 Reference value :  2.64424e-07
 Reference value :  2.64576e-07
 Reference value :  2.64716e-07
 Reference value :  2.64977e-07
 Reference value :  2.65153e-07
 Reference value :  2.65373e-07
 Reference value :  2.65468e-07
 Reference value :  2.65748e-07
 Reference value :  2.65901e-07
 Reference value :  2.66182e-07
 Reference value :  2.66363e-07
 Reference value :  2.66617e-07
 Reference value :  2.66804e-07
 Reference value :  2.66991e-07
 Reference value :  2.67211e-07
 Reference value :  2.67258e-07
 Reference value :  2.67426e-07
 Reference value :  2.67646e-07
 Reference value :  2.67760e-07
 Reference value :  2.68020e-07
 Reference value :  2.68255e-07
 Reference value :  2.68575e-07
 Reference value :  2.68749e-07
 Reference value :  2.69064e-07
 Reference value :  2.69284e-07
 Reference value :  2.69527e-07
 Reference value :  2.69758e-07
 Reference value :  2.69999e-07
 Reference value :  2.70313e-07
 Reference value :  2.70487e-07
 Reference value :  2.70827e-07
 Reference value :  2.71002e-07
 Reference value :  2.71337e-07
 Reference value :  2.71396e-07
 Reference value :  2.71716e-07
 Reference value :  2.71891e-07
 Reference value :  2.72228e-07
 Reference value :  2.72445e-07
 Reference value :  2.72712e-07
 Reference value :  2.73020e-07
 Reference value :  2.73214e-07
 Reference value :  2.73554e-07
 Reference value :  2.73749e-07
 Reference value :  2.74065e-07
 Reference value :  2.74283e-07
 Reference value :  2.74530e-07
 Reference value :  2.74818e-07
 Reference value :  2.75012e-07
 Reference value :  2.75352e-07
 Reference value :  2.75547e-07
 Reference value :  2.75847e-07
 Reference value :  2.76021e-07
 Reference value :  2.76261e-07
 Reference value :  2.76476e-07
 Reference value :  2.76773e-07
 Reference value :  2.76830e-07
 Reference value :  2.77150e-07
 Reference value :  2.77345e-07
 Reference value :  2.77665e-07
 Reference value :  2.77879e-07
 Reference value :  2.78158e-07
 Reference value :  2.78374e-07
 Reference value :  2.78621e-07
 Reference value :  2.78868e-07
 Reference value :  2.79123e-07
 Reference value :  2.79443e-07
 Reference value :  2.79657e-07
 Reference value :  2.79973e-07
 Reference value :  2.80172e-07
 Reference value :  2.80439e-07
 Reference value :  2.80586e-07
 Reference value :  2.80893e-07
 Reference value :  2.81161e-07
 Reference value :  2.81375e-07
 Reference value :  2.81695e-07
 Reference value :  2.81850e-07
 Reference value :  2.82190e-07
 Reference value :  2.82404e-07
 Reference value :  2.82711e-07
 Reference value :  2.82999e-07
 Reference value :  2.83172e-07
 Reference value :  2.83393e-07
 Reference value :  2.83620e-07
 Reference value :  2.83788e-07
 Reference value :  2.84028e-07
 Reference value :  2.84122e-07
 Reference value :  2.84202e-07
 Reference value :  2.84262e-07
 Reference value :  2.84529e-07
 Reference value :  2.84837e-07
 Reference value :  2.85011e-07
 Reference value :  2.85351e-07
 Reference value :  2.85546e-07
 Reference value :  2.85863e-07
 Reference value :  2.86060e-07
 Reference value :  2.86335e-07
 Reference value :  2.86555e-07
 Reference value :  2.86791e-07
 Reference value :  2.86989e-07
 Reference value :  2.87244e-07
 Reference value :  2.87464e-07
 Reference value :  2.87711e-07
 Reference value :  2.87978e-07
 Reference value :  2.88193e-07
 Reference value :  2.88513e-07
 Reference value :  2.88687e-07
 Reference value :  2.88887e-07
 Reference value :  2.89074e-07
 Reference value :  2.89322e-07
 Reference value :  2.89542e-07
 Reference value :  2.89856e-07
 Reference value :  2.90051e-07
 Reference value :  2.90391e-07
 Reference value :  2.90585e-07
 Reference value :  2.90892e-07
 Reference value :  2.91160e-07
 Reference value :  2.91374e-07
 Reference value :  2.91694e-07
 Reference value :  2.91889e-07
 Reference value :  2.92226e-07
 Reference value :  2.92403e-07
 Reference value :  2.92710e-07
 Reference value :  2.92978e-07
 Reference value :  2.93171e-07
 Reference value :  2.93272e-07
 Reference value :  2.93590e-07
 Reference value :  2.93807e-07
 Reference value :  2.94070e-07
 Reference value :  2.94321e-07
 Reference value :  2.94534e-07
 Reference value :  2.94853e-07
 Reference value :  2.95050e-07
 Reference value :  2.95370e-07
 Reference value :  2.95602e-07
 Reference value :  2.95883e-07
 Reference value :  2.96139e-07
 Reference value :  2.96349e-07
 Reference value :  2.96634e-07
 Reference value :  2.96848e-07
 Reference value :  2.97128e-07
 Reference value :  2.97303e-07
 Reference value :  2.97603e-07
 Reference value :  2.97817e-07
 Reference value :  2.98135e-07
 Reference value :  2.98292e-07
 Reference value :  2.98607e-07
 Reference value :  2.98786e-07
 Reference value :  2.99069e-07
 Reference value :  2.99301e-07
 Reference value :  2.99534e-07
 Reference value :  2.99835e-07
No. of Data Rows : 19790
sim/harness: analysis complete
Note: Simulation executed from .control section 
Note: Starting dynamic gmin stepping
Note: Dynamic gmin stepping completed
