
Note: Compatibility modes selected: hs a


Circuit: ** sch_path: /home/ubuntu/loom-workspaces/sky130-pll/.loom/worktrees/issue-129/sim/divider/testbench/tb_divider.sch

option SCALE: Scale is set to 1e-06 for instance and model parameters
option SCALE: Scale is set to 1e-06 for instance and model parameters
option SCALE: Scale is set to 1e-06 for instance and model parameters
option SCALE: Scale is set to 1e-06 for instance and model parameters
Doing analysis at TEMP = 27.000000 and TNOM = 27.000000

Using KLU as Direct Linear Solver
 Reference value :  0.00000e+00
 Reference value :  1.57300e-10
 Reference value :  4.54500e-10
 Reference value :  5.94125e-10
 Reference value :  9.12750e-10
 Reference value :  1.16862e-09
 Reference value :  1.42312e-09
 Reference value :  1.74312e-09
 Reference value :  1.97762e-09
 Reference value :  2.28062e-09
 Reference value :  2.57212e-09
 Reference value :  2.78662e-09
 Reference value :  3.16406e-09
 Reference value :  3.36112e-09
 Reference value :  3.64938e-09
 Reference value :  3.95563e-09
 Reference value :  4.17013e-09
 Reference value :  4.54625e-09
 Reference value :  4.74463e-09
 Reference value :  5.00052e-09
 Reference value :  5.21542e-09
 Reference value :  5.49362e-09
 Reference value :  5.85363e-09
 Reference value :  6.00000e-09
 Reference value :  6.27000e-09
 Reference value :  6.37637e-09
 Reference value :  6.66263e-09
 Reference value :  6.84312e-09
 Reference value :  7.11713e-09
 Reference value :  7.29762e-09
 Reference value :  7.61162e-09
 Reference value :  7.80612e-09
 Reference value :  8.10612e-09
 Reference value :  8.34062e-09
 Reference value :  8.63550e-09
 Reference value :  8.83513e-09
 Reference value :  9.10337e-09
 Reference value :  9.34962e-09
 Reference value :  9.56312e-09
 Reference value :  9.88412e-09
 Reference value :  1.01186e-08
 Reference value :  1.04186e-08
 Reference value :  1.06131e-08
 Reference value :  1.09161e-08
 Reference value :  1.11476e-08
 Reference value :  1.13776e-08
 Reference value :  1.16221e-08
 Reference value :  1.18766e-08
 Reference value :  1.21766e-08
 Reference value :  1.23711e-08
 Reference value :  1.27272e-08
 Reference value :  1.29456e-08
 Reference value :  1.31939e-08
 Reference value :  1.34401e-08
 Reference value :  1.36606e-08
 Reference value :  1.39546e-08
 Reference value :  1.41691e-08
 Reference value :  1.45440e-08
 Reference value :  1.47436e-08
 Reference value :  1.50110e-08
 Reference value :  1.52381e-08
 Reference value :  1.54926e-08
 Reference value :  1.58126e-08
 Reference value :  1.60071e-08
 Reference value :  1.63620e-08
 Reference value :  1.65816e-08
 Reference value :  1.68299e-08
 Reference value :  1.70961e-08
 Reference value :  1.73483e-08
 Reference value :  1.75483e-08
 Reference value :  1.77511e-08
 Reference value :  1.80651e-08
 Reference value :  1.82796e-08
 Reference value :  1.85996e-08
 Reference value :  1.87741e-08
 Reference value :  1.91015e-08
 Reference value :  1.93663e-08
 Reference value :  1.95586e-08
 Reference value :  1.98431e-08
 Reference value :  2.00776e-08
 Reference value :  2.03976e-08
 Reference value :  2.05721e-08
 Reference value :  2.08721e-08
 Reference value :  2.10843e-08
 Reference value :  2.12443e-08
 Reference value :  2.13801e-08
 Reference value :  2.17011e-08
 Reference value :  2.19356e-08
 Reference value :  2.22356e-08
 Reference value :  2.24501e-08
 Reference value :  2.27310e-08
 Reference value :  2.30023e-08
 Reference value :  2.31929e-08
 Reference value :  2.34391e-08
 Reference value :  2.36936e-08
 Reference value :  2.39936e-08
 Reference value :  2.41681e-08
 Reference value :  2.44681e-08
 Reference value :  2.47203e-08
 Reference value :  2.49988e-08
 Reference value :  2.51971e-08
 Reference value :  2.54654e-08
 Reference value :  2.57516e-08
 Reference value :  2.59661e-08
 Reference value :  2.62661e-08
 Reference value :  2.65183e-08
 Reference value :  2.68155e-08
 Reference value :  2.70151e-08
 Reference value :  2.71751e-08
 Reference value :  2.73896e-08
 Reference value :  2.77071e-08
 Reference value :  2.78841e-08
 Reference value :  2.81790e-08
 Reference value :  2.83363e-08
 Reference value :  2.86335e-08
 Reference value :  2.87931e-08
 Reference value :  2.91005e-08
 Reference value :  2.93676e-08
 Reference value :  2.95506e-08
 Reference value :  2.97421e-08
 Reference value :  2.99983e-08
 Reference value :  3.01966e-08
 Reference value :  3.03966e-08
 Reference value :  3.05911e-08
 Reference value :  3.09141e-08
 Reference value :  3.11456e-08
 Reference value :  3.13756e-08
 Reference value :  3.16201e-08
 Reference value :  3.18546e-08
 Reference value :  3.21546e-08
 Reference value :  3.23691e-08
 Reference value :  3.27252e-08
 Reference value :  3.27836e-08
 Reference value :  3.31036e-08
 Reference value :  3.32781e-08
 Reference value :  3.36350e-08
 Reference value :  3.38503e-08
 Reference value :  3.41000e-08
 Reference value :  3.42671e-08
 Reference value :  3.45545e-08
 Reference value :  3.48016e-08
 Reference value :  3.50090e-08
 Reference value :  3.52561e-08
 Reference value :  3.54766e-08
 Reference value :  3.57906e-08
 Reference value :  3.60051e-08
 Reference value :  3.62851e-08
 Reference value :  3.64996e-08
 Reference value :  3.67971e-08
 Reference value :  3.69941e-08
 Reference value :  3.72823e-08
 Reference value :  3.75663e-08
 Reference value :  3.77831e-08
 Reference value :  3.80831e-08
 Reference value :  3.82776e-08
 Reference value :  3.85576e-08
 Reference value :  3.87521e-08
 Reference value :  3.90870e-08
 Reference value :  3.93066e-08
 Reference value :  3.95496e-08
 Reference value :  3.97611e-08
 Reference value :  4.00146e-08
 Reference value :  4.02956e-08
 Reference value :  4.04901e-08
 Reference value :  4.08301e-08
 Reference value :  4.10423e-08
 Reference value :  4.13223e-08
 Reference value :  4.14991e-08
 Reference value :  4.16791e-08
 Reference value :  4.18736e-08
 Reference value :  4.21936e-08
 Reference value :  4.23681e-08
 Reference value :  4.27242e-08
 Reference value :  4.29426e-08
 Reference value :  4.31813e-08
 Reference value :  4.33771e-08
 Reference value :  4.36332e-08
 Reference value :  4.38516e-08
 Reference value :  4.40946e-08
 Reference value :  4.43661e-08
 Reference value :  4.46006e-08
 Reference value :  4.49206e-08
 Reference value :  4.51351e-08
 Reference value :  4.54520e-08
 Reference value :  4.56873e-08
 Reference value :  4.59126e-08
 Reference value :  4.61641e-08
 Reference value :  4.63986e-08
 Reference value :  4.66986e-08
 Reference value :  4.68931e-08
 Reference value :  4.72131e-08
 Reference value :  4.74476e-08
 Reference value :  4.77225e-08
 Reference value :  4.78821e-08
 Reference value :  4.81851e-08
 Reference value :  4.84366e-08
 Reference value :  4.86466e-08
 Reference value :  4.86911e-08
 Reference value :  4.90511e-08
 Reference value :  4.92633e-08
 Reference value :  4.95443e-08
 Reference value :  4.97601e-08
 Reference value :  5.00346e-08
 Reference value :  5.03346e-08
 Reference value :  5.05291e-08
 Reference value :  5.06891e-08
 Reference value :  5.09165e-08
 Reference value :  5.11836e-08
 Reference value :  5.13771e-08
 Reference value :  5.17181e-08
 Reference value :  5.19126e-08
 Reference value :  5.22326e-08
 Reference value :  5.24071e-08
 Reference value :  5.27046e-08
 Reference value :  5.29193e-08
 Reference value :  5.31765e-08
 Reference value :  5.33761e-08
 Reference value :  5.36461e-08
 Reference value :  5.39506e-08
 Reference value :  5.41251e-08
 Reference value :  5.44251e-08
 Reference value :  5.46196e-08
 Reference value :  5.49396e-08
 Reference value :  5.51541e-08
 Reference value :  5.54615e-08
 Reference value :  5.57486e-08
 Reference value :  5.59291e-08
 Reference value :  5.61431e-08
 Reference value :  5.63953e-08
 Reference value :  5.66753e-08
 Reference value :  5.68721e-08
 Reference value :  5.71721e-08
 Reference value :  5.73866e-08
 Reference value :  5.76466e-08
 Reference value :  5.78211e-08
 Reference value :  5.81586e-08
 Reference value :  5.83756e-08
 Reference value :  5.86343e-08
 Reference value :  5.88701e-08
 Reference value :  5.91001e-08
 Reference value :  5.93646e-08
 Reference value :  5.95791e-08
 Reference value :  5.98791e-08
 Reference value :  6.00936e-08
 Reference value :  6.03736e-08
 Reference value :  6.05681e-08
 Reference value :  6.08856e-08
 Reference value :  6.10626e-08
 Reference value :  6.13587e-08
 Reference value :  6.15371e-08
 Reference value :  6.18254e-08
 Reference value :  6.20116e-08
 Reference value :  6.22746e-08
 Reference value :  6.25061e-08
 Reference value :  6.27344e-08
 Reference value :  6.30006e-08
 Reference value :  6.31836e-08
 Reference value :  6.33951e-08
 Reference value :  6.36425e-08
 Reference value :  6.38896e-08
 Reference value :  6.40996e-08
 Reference value :  6.43441e-08
 Reference value :  6.45986e-08
 Reference value :  6.48986e-08
 Reference value :  6.50931e-08
 Reference value :  6.53531e-08
 Reference value :  6.55676e-08
 Reference value :  6.58676e-08
 Reference value :  6.60821e-08
 Reference value :  6.63570e-08
 Reference value :  6.65743e-08
 Reference value :  6.68249e-08
 Reference value :  6.70511e-08
 Reference value :  6.73056e-08
 Reference value :  6.75856e-08
 Reference value :  6.78001e-08
 Reference value :  6.81576e-08
 Reference value :  6.83746e-08
 Reference value :  6.86376e-08
 Reference value :  6.88491e-08
 Reference value :  6.91096e-08
 Reference value :  6.94036e-08
 Reference value :  6.96181e-08
 Reference value :  6.98981e-08
 Reference value :  7.01326e-08
 Reference value :  7.02726e-08
 Reference value :  7.04609e-08
 Reference value :  7.07471e-08
 Reference value :  7.09616e-08
 Reference value :  7.12616e-08
 Reference value :  7.14361e-08
 Reference value :  7.17761e-08
 Reference value :  7.20106e-08
 Reference value :  7.22667e-08
 Reference value :  7.24851e-08
 Reference value :  7.27325e-08
 Reference value :  7.29996e-08
 Reference value :  7.31931e-08
 Reference value :  7.34741e-08
 Reference value :  7.36663e-08
 Reference value :  7.39063e-08
 Reference value :  7.41091e-08
 Reference value :  7.44231e-08
 Reference value :  7.46553e-08
 Reference value :  7.49353e-08
 Reference value :  7.51321e-08
 Reference value :  7.54296e-08
 Reference value :  7.56466e-08
 Reference value :  7.59015e-08
 Reference value :  7.60811e-08
 Reference value :  7.63641e-08
 Reference value :  7.64556e-08
 Reference value :  7.67756e-08
 Reference value :  7.69501e-08
 Reference value :  7.72662e-08
 Reference value :  7.75046e-08
 Reference value :  7.77329e-08
 Reference value :  7.79791e-08
 Reference value :  7.81996e-08
 Reference value :  7.85136e-08
 Reference value :  7.86881e-08
 Reference value :  7.90481e-08
 Reference value :  7.92426e-08
 Reference value :  7.95026e-08
 Reference value :  7.96771e-08
 Reference value :  7.99920e-08
 Reference value :  8.02116e-08
 Reference value :  8.04502e-08
 Reference value :  8.06861e-08
 Reference value :  8.09406e-08
 Reference value :  8.12406e-08
 Reference value :  8.14351e-08
 Reference value :  8.17151e-08
 Reference value :  8.19273e-08
 Reference value :  8.22273e-08
 Reference value :  8.22831e-08
 Reference value :  8.25841e-08
 Reference value :  8.28186e-08
 Reference value :  8.31386e-08
 Reference value :  8.32931e-08
 Reference value :  8.36292e-08
 Reference value :  8.38276e-08
 Reference value :  8.40837e-08
 Reference value :  8.43221e-08
 Reference value :  8.45521e-08
 Reference value :  8.48566e-08
 Reference value :  8.50511e-08
 Reference value :  8.53711e-08
 Reference value :  8.55856e-08
 Reference value :  8.58831e-08
 Reference value :  8.60201e-08
 Reference value :  8.63550e-08
 Reference value :  8.65746e-08
 Reference value :  8.68176e-08
 Reference value :  8.70691e-08
 Reference value :  8.72826e-08
 Reference value :  8.75836e-08
 Reference value :  8.77581e-08
 Reference value :  8.80981e-08
 Reference value :  8.83126e-08
 Reference value :  8.85926e-08
 Reference value :  8.88071e-08
 Reference value :  8.90646e-08
 Reference value :  8.92816e-08
 Reference value :  8.95402e-08
 Reference value :  8.97761e-08
 Reference value :  9.00483e-08
 Reference value :  9.02483e-08
 Reference value :  9.04467e-08
 Reference value :  9.06251e-08
 Reference value :  9.09134e-08
 Reference value :  9.11796e-08
 Reference value :  9.13731e-08
 Reference value :  9.16741e-08
 Reference value :  9.19086e-08
 Reference value :  9.22286e-08
 Reference value :  9.24231e-08
 Reference value :  9.27192e-08
 Reference value :  9.29176e-08
 Reference value :  9.31762e-08
 Reference value :  9.33921e-08
 Reference value :  9.36526e-08
 Reference value :  9.39666e-08
 Reference value :  9.41611e-08
 Reference value :  9.45011e-08
 Reference value :  9.46556e-08
 Reference value :  9.49556e-08
 Reference value :  9.51301e-08
 Reference value :  9.54462e-08
 Reference value :  9.56846e-08
 Reference value :  9.58446e-08
 Reference value :  9.59991e-08
 Reference value :  9.62191e-08
 Reference value :  9.63726e-08
 Reference value :  9.65936e-08
 Reference value :  9.68219e-08
 Reference value :  9.70681e-08
 Reference value :  9.73203e-08
 Reference value :  9.76403e-08
 Reference value :  9.78371e-08
 Reference value :  9.81371e-08
 Reference value :  9.82516e-08
 Reference value :  9.85916e-08
 Reference value :  9.87661e-08
 Reference value :  9.90891e-08
 Reference value :  9.93406e-08
 Reference value :  9.95506e-08
 Reference value :  9.96351e-08
 Reference value :  9.99151e-08
 Reference value :  1.00110e-07
 Reference value :  1.00427e-07
 Reference value :  1.00624e-07
 Reference value :  1.00914e-07
 Reference value :  1.01199e-07
 Reference value :  1.01393e-07
 Reference value :  1.01633e-07
 Reference value :  1.01888e-07
 Reference value :  1.02188e-07
 Reference value :  1.02402e-07
 Reference value :  1.02721e-07
 Reference value :  1.02957e-07
 Reference value :  1.03187e-07
 Reference value :  1.03451e-07
 Reference value :  1.03666e-07
 Reference value :  1.03926e-07
 Reference value :  1.04140e-07
 Reference value :  1.04400e-07
 Reference value :  1.04615e-07
 Reference value :  1.04935e-07
 Reference value :  1.05129e-07
 Reference value :  1.05457e-07
 Reference value :  1.05701e-07
 Reference value :  1.05924e-07
 Reference value :  1.05978e-07
 Reference value :  1.06118e-07
 Reference value :  1.06372e-07
 Reference value :  1.06693e-07
 Reference value :  1.06847e-07
 Reference value :  1.07207e-07
 Reference value :  1.07422e-07
 Reference value :  1.07716e-07
 Reference value :  1.07916e-07
 Reference value :  1.08183e-07
 Reference value :  1.08471e-07
 Reference value :  1.08651e-07
 Reference value :  1.09005e-07
 Reference value :  1.09180e-07
 Reference value :  1.09460e-07
 Reference value :  1.09634e-07
 Reference value :  1.09972e-07
 Reference value :  1.10129e-07
 Reference value :  1.10426e-07
 Reference value :  1.10623e-07
 Reference value :  1.10913e-07
 Reference value :  1.11098e-07
 Reference value :  1.11356e-07
 Reference value :  1.11572e-07
 Reference value :  1.11820e-07
 Reference value :  1.12087e-07
 Reference value :  1.12277e-07
 Reference value :  1.12541e-07
 Reference value :  1.12793e-07
 Reference value :  1.13093e-07
 Reference value :  1.13290e-07
 Reference value :  1.13626e-07
 Reference value :  1.13845e-07
 Reference value :  1.14093e-07
 Reference value :  1.14359e-07
 Reference value :  1.14614e-07
 Reference value :  1.14914e-07
 Reference value :  1.15108e-07
 Reference value :  1.15368e-07
 Reference value :  1.15603e-07
 Reference value :  1.15880e-07
 Reference value :  1.16057e-07
 Reference value :  1.16364e-07
 Reference value :  1.16592e-07
 Reference value :  1.16712e-07
 Reference value :  1.16886e-07
 Reference value :  1.17226e-07
 Reference value :  1.17441e-07
 Reference value :  1.17717e-07
 Reference value :  1.17935e-07
 Reference value :  1.18185e-07
 Reference value :  1.18470e-07
 Reference value :  1.18664e-07
 Reference value :  1.18924e-07
 Reference value :  1.19119e-07
 Reference value :  1.19419e-07
 Reference value :  1.19633e-07
 Reference value :  1.19913e-07
 Reference value :  1.20128e-07
 Reference value :  1.20425e-07
 Reference value :  1.20622e-07
 Reference value :  1.20901e-07
 Reference value :  1.21137e-07
 Reference value :  1.21367e-07
 Reference value :  1.21631e-07
 Reference value :  1.21886e-07
 Reference value :  1.22186e-07
 Reference value :  1.22380e-07
 Reference value :  1.22715e-07
 Reference value :  1.22895e-07
 Reference value :  1.23178e-07
 Reference value :  1.23409e-07
 Reference value :  1.23636e-07
 Reference value :  1.23904e-07
 Reference value :  1.24097e-07
 Reference value :  1.24438e-07
 Reference value :  1.24653e-07
 Reference value :  1.24970e-07
 Reference value :  1.25147e-07
 Reference value :  1.25450e-07
 Reference value :  1.25682e-07
 Reference value :  1.25912e-07
 Reference value :  1.26196e-07
 Reference value :  1.26431e-07
 Reference value :  1.26751e-07
 Reference value :  1.26945e-07
 Reference value :  1.27243e-07
 Reference value :  1.27440e-07
 Reference value :  1.27718e-07
 Reference value :  1.27934e-07
 Reference value :  1.28195e-07
 Reference value :  1.28509e-07
 Reference value :  1.28703e-07
 Reference value :  1.29023e-07
 Reference value :  1.29198e-07
 Reference value :  1.29515e-07
 Reference value :  1.29692e-07
 Reference value :  1.29995e-07
 Reference value :  1.30247e-07
 Reference value :  1.30455e-07
 Reference value :  1.30721e-07
 Reference value :  1.30936e-07
 Reference value :  1.31256e-07
 Reference value :  1.31450e-07
 Reference value :  1.31807e-07
 Reference value :  1.32042e-07
 Reference value :  1.32273e-07
 Reference value :  1.32539e-07
 Reference value :  1.32639e-07
 Reference value :  1.32891e-07
 Reference value :  1.33169e-07
 Reference value :  1.33368e-07
 Reference value :  1.33636e-07
 Reference value :  1.33903e-07
 Reference value :  1.34117e-07
 Reference value :  1.34377e-07
 Reference value :  1.34592e-07
 Reference value :  1.34892e-07
 Reference value :  1.35086e-07
 Reference value :  1.35424e-07
 Reference value :  1.35621e-07
 Reference value :  1.35904e-07
 Reference value :  1.36135e-07
 Reference value :  1.36365e-07
 Reference value :  1.36630e-07
 Reference value :  1.36830e-07
 Reference value :  1.37164e-07
 Reference value :  1.37379e-07
 Reference value :  1.37659e-07
 Reference value :  1.37833e-07
 Reference value :  1.38169e-07
 Reference value :  1.38368e-07
 Reference value :  1.38631e-07
 Reference value :  1.38742e-07
 Reference value :  1.39078e-07
 Reference value :  1.39277e-07
 Reference value :  1.39544e-07
 Reference value :  1.39791e-07
 Reference value :  1.40026e-07
 Reference value :  1.40306e-07
 Reference value :  1.40459e-07
 Reference value :  1.40720e-07
 Reference value :  1.40935e-07
 Reference value :  1.41075e-07
 Reference value :  1.41349e-07
 Reference value :  1.41549e-07
 Reference value :  1.41804e-07
 Reference value :  1.41944e-07
 Reference value :  1.42258e-07
 Reference value :  1.42418e-07
 Reference value :  1.42725e-07
 Reference value :  1.42933e-07
 Reference value :  1.43176e-07
 Reference value :  1.43407e-07
 Reference value :  1.43634e-07
 Reference value :  1.43922e-07
 Reference value :  1.44102e-07
 Reference value :  1.44436e-07
 Reference value :  1.44631e-07
 Reference value :  1.44811e-07
 Reference value :  1.45004e-07
 Reference value :  1.45285e-07
 Reference value :  1.45520e-07
 Reference value :  1.45800e-07
 Reference value :  1.46014e-07
 Reference value :  1.46349e-07
 Reference value :  1.46569e-07
 Reference value :  1.46812e-07
 Reference value :  1.47063e-07
 Reference value :  1.47315e-07
 Reference value :  1.47615e-07
 Reference value :  1.47832e-07
 Reference value :  1.48169e-07
 Reference value :  1.48424e-07
 Reference value :  1.48635e-07
 Reference value :  1.48921e-07
 Reference value :  1.49176e-07
 Reference value :  1.49456e-07
 Reference value :  1.49670e-07
 Reference value :  1.49950e-07
 Reference value :  1.50125e-07
 Reference value :  1.50345e-07
 Reference value :  1.50559e-07
 Reference value :  1.50895e-07
 Reference value :  1.51134e-07
 Reference value :  1.51364e-07
 Reference value :  1.51608e-07
 Reference value :  1.51829e-07
 Reference value :  1.52103e-07
 Reference value :  1.52283e-07
 Reference value :  1.52597e-07
 Reference value :  1.52812e-07
 Reference value :  1.53132e-07
 Reference value :  1.53306e-07
 Reference value :  1.53625e-07
 Reference value :  1.53861e-07
 Reference value :  1.54091e-07
 Reference value :  1.54395e-07
 Reference value :  1.54630e-07
 Reference value :  1.54950e-07
 Reference value :  1.55144e-07
 Reference value :  1.55451e-07
 Reference value :  1.55699e-07
 Reference value :  1.55912e-07
 Reference value :  1.56213e-07
 Reference value :  1.56448e-07
 Reference value :  1.56768e-07
 Reference value :  1.56962e-07
 Reference value :  1.57257e-07
 Reference value :  1.57397e-07
 Reference value :  1.57711e-07
 Reference value :  1.57891e-07
 Reference value :  1.58179e-07
 Reference value :  1.58466e-07
 Reference value :  1.58660e-07
 Reference value :  1.58960e-07
 Reference value :  1.59175e-07
 Reference value :  1.59512e-07
 Reference value :  1.59689e-07
 Reference value :  1.59997e-07
 Reference value :  1.60284e-07
 Reference value :  1.60464e-07
 Reference value :  1.60778e-07
 Reference value :  1.60993e-07
 Reference value :  1.61313e-07
 Reference value :  1.61487e-07
 Reference value :  1.61810e-07
 Reference value :  1.62062e-07
 Reference value :  1.62272e-07
 Reference value :  1.62576e-07
 Reference value :  1.62808e-07
 Reference value :  1.63147e-07
 Reference value :  1.63325e-07
 Reference value :  1.63633e-07
 Reference value :  1.63897e-07
 Reference value :  1.64090e-07
 Reference value :  1.64354e-07
 Reference value :  1.64494e-07
 Reference value :  1.64669e-07
 Reference value :  1.64966e-07
 Reference value :  1.65163e-07
 Reference value :  1.65453e-07
 Reference value :  1.65738e-07
 Reference value :  1.65932e-07
 Reference value :  1.66172e-07
 Reference value :  1.66387e-07
 Reference value :  1.66707e-07
 Reference value :  1.66901e-07
 Reference value :  1.67256e-07
 Reference value :  1.67476e-07
 Reference value :  1.67714e-07
 Reference value :  1.67930e-07
 Reference value :  1.68184e-07
 Reference value :  1.68425e-07
 Reference value :  1.68659e-07
 Reference value :  1.68999e-07
 Reference value :  1.69234e-07
 Reference value :  1.69511e-07
 Reference value :  1.69688e-07
 Reference value :  1.69996e-07
 Reference value :  1.70263e-07
 Reference value :  1.70477e-07
 Reference value :  1.70797e-07
 Reference value :  1.70932e-07
 Reference value :  1.71172e-07
 Reference value :  1.71386e-07
 Reference value :  1.71706e-07
 Reference value :  1.71901e-07
 Reference value :  1.72201e-07
 Reference value :  1.72395e-07
 Reference value :  1.72693e-07
 Reference value :  1.72890e-07
 Reference value :  1.73168e-07
 Reference value :  1.73384e-07
 Reference value :  1.73659e-07
 Reference value :  1.73959e-07
 Reference value :  1.74173e-07
 Reference value :  1.74511e-07
 Reference value :  1.74554e-07
 Reference value :  1.74888e-07
 Reference value :  1.75022e-07
 Reference value :  1.75362e-07
 Reference value :  1.75577e-07
 Reference value :  1.75891e-07
 Reference value :  1.76091e-07
 Reference value :  1.76329e-07
 Reference value :  1.76566e-07
 Reference value :  1.76804e-07
 Reference value :  1.77060e-07
 Reference value :  1.77295e-07
 Reference value :  1.77615e-07
 Reference value :  1.77829e-07
 Reference value :  1.78168e-07
 Reference value :  1.78424e-07
 Reference value :  1.78632e-07
 Reference value :  1.78918e-07
 Reference value :  1.79150e-07
 Reference value :  1.79470e-07
 Reference value :  1.79667e-07
 Reference value :  1.79965e-07
 Reference value :  1.80182e-07
 Reference value :  1.80402e-07
 Reference value :  1.80576e-07
 Reference value :  1.80796e-07
 Reference value :  1.81011e-07
 Reference value :  1.81311e-07
 Reference value :  1.81485e-07
 Reference value :  1.81808e-07
 Reference value :  1.82080e-07
 Reference value :  1.82280e-07
 Reference value :  1.82594e-07
 Reference value :  1.82829e-07
 Reference value :  1.83129e-07
 Reference value :  1.83343e-07
 Reference value :  1.83630e-07
 Reference value :  1.83918e-07
 Reference value :  1.84112e-07
 Reference value :  1.84432e-07
 Reference value :  1.84667e-07
 Reference value :  1.84964e-07
 Reference value :  1.85181e-07
 Reference value :  1.85449e-07
 Reference value :  1.85756e-07
 Reference value :  1.85950e-07
 Reference value :  1.86270e-07
 Reference value :  1.86505e-07
 Reference value :  1.86799e-07
 Reference value :  1.86999e-07
 Reference value :  1.87219e-07
 Reference value :  1.87394e-07
 Reference value :  1.87708e-07
 Reference value :  1.87888e-07
 Reference value :  1.88178e-07
 Reference value :  1.88463e-07
 Reference value :  1.88677e-07
 Reference value :  1.88937e-07
 Reference value :  1.89152e-07
 Reference value :  1.89492e-07
 Reference value :  1.89666e-07
 Reference value :  1.89989e-07
 Reference value :  1.90221e-07
 Reference value :  1.90451e-07
 Reference value :  1.90695e-07
 Reference value :  1.90930e-07
 Reference value :  1.91030e-07
 Reference value :  1.91170e-07
 Reference value :  1.91360e-07
 Reference value :  1.91644e-07
 Reference value :  1.91899e-07
 Reference value :  1.92179e-07
 Reference value :  1.92333e-07
 Reference value :  1.92673e-07
 Reference value :  1.92828e-07
 Reference value :  1.93108e-07
 Reference value :  1.93282e-07
 Reference value :  1.93625e-07
 Reference value :  1.93857e-07
 Reference value :  1.94087e-07
 Reference value :  1.94351e-07
 Reference value :  1.94603e-07
 Reference value :  1.94923e-07
 Reference value :  1.95140e-07
 Reference value :  1.95435e-07
 Reference value :  1.95635e-07
 Reference value :  1.95898e-07
 Reference value :  1.96149e-07
 Reference value :  1.96404e-07
 Reference value :  1.96704e-07
 Reference value :  1.96898e-07
 Reference value :  1.97236e-07
 Reference value :  1.97433e-07
 Reference value :  1.97711e-07
 Reference value :  1.97907e-07
 Reference value :  1.98175e-07
 Reference value :  1.98462e-07
 Reference value :  1.98642e-07
 Reference value :  1.98856e-07
 Reference value :  1.99083e-07
 Reference value :  1.99371e-07
 Reference value :  1.99544e-07
 Reference value :  1.99885e-07
 Reference value :  2.00100e-07
 Reference value :  2.00380e-07
 Reference value :  2.00554e-07
 Reference value :  2.00893e-07
 Reference value :  2.01149e-07
 Reference value :  2.01359e-07
 Reference value :  2.01683e-07
 Reference value :  2.01878e-07
 Reference value :  2.02198e-07
 Reference value :  2.02392e-07
 Reference value :  2.02690e-07
 Reference value :  2.02927e-07
 Reference value :  2.03170e-07
 Reference value :  2.03401e-07
 Reference value :  2.03642e-07
 Reference value :  2.03936e-07
 Reference value :  2.04110e-07
 Reference value :  2.04390e-07
 Reference value :  2.04645e-07
 Reference value :  2.04962e-07
 Reference value :  2.05159e-07
 Reference value :  2.05446e-07
 Reference value :  2.05714e-07
 Reference value :  2.05914e-07
 Reference value :  2.06228e-07
 Reference value :  2.06463e-07
 Reference value :  2.06763e-07
 Reference value :  2.06957e-07
 Reference value :  2.07260e-07
 Reference value :  2.07512e-07
 Reference value :  2.07722e-07
 Reference value :  2.08006e-07
 Reference value :  2.08221e-07
 Reference value :  2.08521e-07
 Reference value :  2.08735e-07
 Reference value :  2.09070e-07
 Reference value :  2.09290e-07
 Reference value :  2.09526e-07
 Reference value :  2.09724e-07
 Reference value :  2.09985e-07
 Reference value :  2.10196e-07
 Reference value :  2.10447e-07
 Reference value :  2.10673e-07
 Reference value :  2.10928e-07
 Reference value :  2.11228e-07
 Reference value :  2.11442e-07
 Reference value :  2.11742e-07
 Reference value :  2.11957e-07
 Reference value :  2.12253e-07
 Reference value :  2.12451e-07
 Reference value :  2.12725e-07
 Reference value :  2.13026e-07
 Reference value :  2.13220e-07
 Reference value :  2.13520e-07
 Reference value :  2.13735e-07
 Reference value :  2.13995e-07
 Reference value :  2.14169e-07
 Reference value :  2.14525e-07
 Reference value :  2.14764e-07
 Reference value :  2.14992e-07
 Reference value :  2.15258e-07
 Reference value :  2.15473e-07
 Reference value :  2.15793e-07
 Reference value :  2.15987e-07
 Reference value :  2.16342e-07
 Reference value :  2.16542e-07
 Reference value :  2.16805e-07
 Reference value :  2.16976e-07
 Reference value :  2.17266e-07
 Reference value :  2.17551e-07
 Reference value :  2.17765e-07
 Reference value :  2.18045e-07
 Reference value :  2.18260e-07
 Reference value :  2.18560e-07
 Reference value :  2.18734e-07
 Reference value :  2.19073e-07
 Reference value :  2.19289e-07
 Reference value :  2.19536e-07
 Reference value :  2.19763e-07
 Reference value :  2.20018e-07
 Reference value :  2.20298e-07
 Reference value :  2.20472e-07
 Reference value :  2.20832e-07
 Reference value :  2.21027e-07
 Reference value :  2.21324e-07
 Reference value :  2.21521e-07
 Reference value :  2.21761e-07
 Reference value :  2.21822e-07
 Reference value :  2.22136e-07
 Reference value :  2.22290e-07
 Reference value :  2.22610e-07
 Reference value :  2.22845e-07
 Reference value :  2.23142e-07
 Reference value :  2.23359e-07
 Reference value :  2.23627e-07
 Reference value :  2.23914e-07
 Reference value :  2.24108e-07
 Reference value :  2.24448e-07
 Reference value :  2.24663e-07
 Reference value :  2.24960e-07
 Reference value :  2.25177e-07
 Reference value :  2.25432e-07
 Reference value :  2.25529e-07
 Reference value :  2.25829e-07
 Reference value :  2.26026e-07
 Reference value :  2.26349e-07
 Reference value :  2.26481e-07
 Reference value :  2.26601e-07
 Reference value :  2.26809e-07
 Reference value :  2.27075e-07
 Reference value :  2.27290e-07
 Reference value :  2.27610e-07
 Reference value :  2.27804e-07
 Reference value :  2.28084e-07
 Reference value :  2.28259e-07
 Reference value :  2.28419e-07
 Reference value :  2.28639e-07
 Reference value :  2.28893e-07
 Reference value :  2.29128e-07
 Reference value :  2.29448e-07
 Reference value :  2.29642e-07
 Reference value :  2.29981e-07
 Reference value :  2.30157e-07
 Reference value :  2.30435e-07
 Reference value :  2.30591e-07
 Reference value :  2.30898e-07
 Reference value :  2.31146e-07
 Reference value :  2.31359e-07
 Reference value :  2.31680e-07
 Reference value :  2.31875e-07
 Reference value :  2.32175e-07
 Reference value :  2.32309e-07
 Reference value :  2.32509e-07
 Reference value :  2.32717e-07
 Reference value :  2.32984e-07
 Reference value :  2.33104e-07
 Reference value :  2.33318e-07
 Reference value :  2.33626e-07
 Reference value :  2.33813e-07
 Reference value :  2.33993e-07
 Reference value :  2.34093e-07
 Reference value :  2.34367e-07
 Reference value :  2.34548e-07
 Reference value :  2.34882e-07
 Reference value :  2.35076e-07
 Reference value :  2.35296e-07
 Reference value :  2.35435e-07
 Reference value :  2.35651e-07
 Reference value :  2.35898e-07
 Reference value :  2.36125e-07
 Reference value :  2.36366e-07
 Reference value :  2.36660e-07
 Reference value :  2.36798e-07
 Reference value :  2.37034e-07
 Reference value :  2.37268e-07
 Reference value :  2.37509e-07
 Reference value :  2.37717e-07
 Reference value :  2.37963e-07
 Reference value :  2.38103e-07
 Reference value :  2.38318e-07
 Reference value :  2.38614e-07
 Reference value :  2.38812e-07
 Reference value :  2.39086e-07
 Reference value :  2.39347e-07
 Reference value :  2.39427e-07
 Reference value :  2.39530e-07
 Reference value :  2.39781e-07
 Reference value :  2.39991e-07
 Reference value :  2.40276e-07
 Reference value :  2.40444e-07
 Reference value :  2.40550e-07
 Reference value :  2.40730e-07
 Reference value :  2.40889e-07
 Reference value :  2.41145e-07
 Reference value :  2.41352e-07
 Reference value :  2.41459e-07
 Reference value :  2.41798e-07
 Reference value :  2.42014e-07
 Reference value :  2.42261e-07
 Reference value :  2.42468e-07
 Reference value :  2.42722e-07
 Reference value :  2.43023e-07
 Reference value :  2.43217e-07
 Reference value :  2.43397e-07
 Reference value :  2.43631e-07
 Reference value :  2.43892e-07
 Reference value :  2.44085e-07
 Reference value :  2.44386e-07
 Reference value :  2.44601e-07
 Reference value :  2.44921e-07
 Reference value :  2.45055e-07
 Reference value :  2.45255e-07
 Reference value :  2.45490e-07
 Reference value :  2.45750e-07
 Reference value :  2.45964e-07
 Reference value :  2.46264e-07
 Reference value :  2.46479e-07
 Reference value :  2.46776e-07
 Reference value :  2.46853e-07
 Reference value :  2.47073e-07
 Reference value :  2.47308e-07
 Reference value :  2.47628e-07
 Reference value :  2.47802e-07
 Reference value :  2.48062e-07
 Reference value :  2.48172e-07
 Reference value :  2.48477e-07
 Reference value :  2.48651e-07
 Reference value :  2.49011e-07
 Reference value :  2.49206e-07
 Reference value :  2.49366e-07
 Reference value :  2.49520e-07
 Reference value :  2.49700e-07
 Reference value :  2.49988e-07
 Reference value :  2.50275e-07
 Reference value :  2.50469e-07
 Reference value :  2.50749e-07
 Reference value :  2.50910e-07
 Reference value :  2.51124e-07
 Reference value :  2.51352e-07
 Reference value :  2.51598e-07
 Reference value :  2.51812e-07
 Reference value :  2.52113e-07
 Reference value :  2.52287e-07
 Reference value :  2.52567e-07
 Reference value :  2.52717e-07
 Reference value :  2.53002e-07
 Reference value :  2.53169e-07
 Reference value :  2.53436e-07
 Reference value :  2.53611e-07
 Reference value :  2.53791e-07
 Reference value :  2.54067e-07
 Reference value :  2.54245e-07
 Reference value :  2.54535e-07
 Reference value :  2.54800e-07
 Reference value :  2.55014e-07
 Reference value :  2.55274e-07
 Reference value :  2.55334e-07
 Reference value :  2.55433e-07
 Reference value :  2.55649e-07
 Reference value :  2.55897e-07
 Reference value :  2.56163e-07
 Reference value :  2.56398e-07
 Reference value :  2.56598e-07
 Reference value :  2.56792e-07
 Reference value :  2.56972e-07
 Reference value :  2.57248e-07
 Reference value :  2.57487e-07
 Reference value :  2.57714e-07
 Reference value :  2.57981e-07
 Reference value :  2.58196e-07
 Reference value :  2.58496e-07
 Reference value :  2.58619e-07
 Reference value :  2.58750e-07
 Reference value :  2.59066e-07
 Reference value :  2.59265e-07
 Reference value :  2.59532e-07
 Reference value :  2.59739e-07
 Reference value :  2.59919e-07
 Reference value :  2.60014e-07
 Reference value :  2.60334e-07
 Reference value :  2.60508e-07
 Reference value :  2.60628e-07
 Reference value :  2.60902e-07
 Reference value :  2.61183e-07
 Reference value :  2.61397e-07
 Reference value :  2.61637e-07
 Reference value :  2.61796e-07
 Reference value :  2.61952e-07
 Reference value :  2.62248e-07
 Reference value :  2.62446e-07
 Reference value :  2.62720e-07
 Reference value :  2.63021e-07
 Reference value :  2.63195e-07
 Reference value :  2.63395e-07
 Reference value :  2.63555e-07
 Reference value :  2.63767e-07
 Reference value :  2.64064e-07
 Reference value :  2.64264e-07
 Reference value :  2.64543e-07
 Reference value :  2.64796e-07
 Reference value :  2.64955e-07
 Reference value :  2.65053e-07
 Reference value :  2.65393e-07
 Reference value :  2.65588e-07
 Reference value :  2.65884e-07
 Reference value :  2.66102e-07
 Reference value :  2.66356e-07
 Reference value :  2.66657e-07
 Reference value :  2.66817e-07
 Reference value :  2.66911e-07
 Reference value :  2.67091e-07
 Reference value :  2.67326e-07
 Reference value :  2.67646e-07
 Reference value :  2.67840e-07
 Reference value :  2.68163e-07
 Reference value :  2.68195e-07
 Reference value :  2.68455e-07
 Reference value :  2.68635e-07
 Reference value :  2.68969e-07
 Reference value :  2.69164e-07
 Reference value :  2.69484e-07
 Reference value :  2.69678e-07
 Reference value :  2.69878e-07
 Reference value :  2.69986e-07
 Reference value :  2.70253e-07
 Reference value :  2.70467e-07
 Reference value :  2.70727e-07
 Reference value :  2.70942e-07
 Reference value :  2.71242e-07
 Reference value :  2.71436e-07
 Reference value :  2.71696e-07
 Reference value :  2.71810e-07
 Reference value :  2.72071e-07
 Reference value :  2.72264e-07
 Reference value :  2.72545e-07
 Reference value :  2.72780e-07
 Reference value :  2.73060e-07
 Reference value :  2.73158e-07
 Reference value :  2.73254e-07
 Reference value :  2.73554e-07
 Reference value :  2.73749e-07
 Reference value :  2.74063e-07
 Reference value :  2.74203e-07
 Reference value :  2.74343e-07
 Reference value :  2.74598e-07
 Reference value :  2.74918e-07
 Reference value :  2.75112e-07
 Reference value :  2.75272e-07
 Reference value :  2.75428e-07
 Reference value :  2.75607e-07
 Reference value :  2.75807e-07
 Reference value :  2.75921e-07
 Reference value :  2.76101e-07
 Reference value :  2.76261e-07
 Reference value :  2.76301e-07
 Reference value :  2.76355e-07
 Reference value :  2.76596e-07
 Reference value :  2.76736e-07
 Reference value :  2.76803e-07
 Reference value :  2.77050e-07
 Reference value :  2.77271e-07
 Reference value :  2.77585e-07
 Reference value :  2.77715e-07
 Reference value :  2.77899e-07
 Reference value :  2.78155e-07
 Reference value :  2.78334e-07
 Reference value :  2.78612e-07
 Reference value :  2.78828e-07
 Reference value :  2.79078e-07
 Reference value :  2.79163e-07
 Reference value :  2.79463e-07
 Reference value :  2.79637e-07
 Reference value :  2.79897e-07
 Reference value :  2.80112e-07
 Reference value :  2.80392e-07
 Reference value :  2.80606e-07
 Reference value :  2.80882e-07
 Reference value :  2.81081e-07
 Reference value :  2.81281e-07
 Reference value :  2.81351e-07
 Reference value :  2.81495e-07
 Reference value :  2.81798e-07
 Reference value :  2.82030e-07
 Reference value :  2.82260e-07
 Reference value :  2.82564e-07
 Reference value :  2.82718e-07
 Reference value :  2.82919e-07
 Reference value :  2.83119e-07
 Reference value :  2.83333e-07
 Reference value :  2.83621e-07
 Reference value :  2.83908e-07
 Reference value :  2.84122e-07
 Reference value :  2.84422e-07
 Reference value :  2.84557e-07
 Reference value :  2.84737e-07
 Reference value :  2.84984e-07
 Reference value :  2.85231e-07
 Reference value :  2.85486e-07
 Reference value :  2.85806e-07
 Reference value :  2.85906e-07
 Reference value :  2.86120e-07
 Reference value :  2.86348e-07
 Reference value :  2.86635e-07
 Reference value :  2.86803e-07
 Reference value :  2.86929e-07
 Reference value :  2.87209e-07
 Reference value :  2.87424e-07
 Reference value :  2.87698e-07
 Reference value :  2.87878e-07
 Reference value :  2.88038e-07
 Reference value :  2.88213e-07
 Reference value :  2.88373e-07
 Reference value :  2.88611e-07
 Reference value :  2.88847e-07
 Reference value :  2.89075e-07
 Reference value :  2.89362e-07
 Reference value :  2.89535e-07
 Reference value :  2.89736e-07
 Reference value :  2.89990e-07
 Reference value :  2.90291e-07
 Reference value :  2.90485e-07
 Reference value :  2.90825e-07
 Reference value :  2.90895e-07
 Reference value :  2.91060e-07
 Reference value :  2.91338e-07
 Reference value :  2.91574e-07
 Reference value :  2.91808e-07
 Reference value :  2.92069e-07
 Reference value :  2.92262e-07
 Reference value :  2.92423e-07
 Reference value :  2.92698e-07
 Reference value :  2.92918e-07
 Reference value :  2.93161e-07
 Reference value :  2.93412e-07
 Reference value :  2.93626e-07
 Reference value :  2.93887e-07
 Reference value :  2.94087e-07
 Reference value :  2.94321e-07
 Reference value :  2.94531e-07
 Reference value :  2.94813e-07
 Reference value :  2.95030e-07
 Reference value :  2.95370e-07
 Reference value :  2.95582e-07
 Reference value :  2.95883e-07
 Reference value :  2.96099e-07
 Reference value :  2.96349e-07
 Reference value :  2.96614e-07
 Reference value :  2.96814e-07
 Reference value :  2.97088e-07
 Reference value :  2.97283e-07
 Reference value :  2.97603e-07
 Reference value :  2.97777e-07
 Reference value :  2.98135e-07
 Reference value :  2.98312e-07
 Reference value :  2.98608e-07
 Reference value :  2.98806e-07
 Reference value :  2.99080e-07
 Reference value :  2.99401e-07
 Reference value :  2.99575e-07
 Reference value :  2.99935e-07
No. of Data Rows : 19790
sim/harness: analysis complete
Note: Simulation executed from .control section 
Note: Starting dynamic gmin stepping
Note: Dynamic gmin stepping completed
