
Note: Compatibility modes selected: hs a


Circuit: ** sch_path: /home/ubuntu/loom-workspaces/sky130-pll/.loom/worktrees/issue-129/sim/divider/testbench/tb_divider.sch

option SCALE: Scale is set to 1e-06 for instance and model parameters
option SCALE: Scale is set to 1e-06 for instance and model parameters
option SCALE: Scale is set to 1e-06 for instance and model parameters
option SCALE: Scale is set to 1e-06 for instance and model parameters
Doing analysis at TEMP = -40.000000 and TNOM = 27.000000

Using KLU as Direct Linear Solver
 Reference value :  0.00000e+00
 Reference value :  1.33000e-11
 Reference value :  3.17300e-10
 Reference value :  5.54125e-10
 Reference value :  8.54125e-10
 Reference value :  9.68625e-10
 Reference value :  1.10862e-09
 Reference value :  1.37687e-09
 Reference value :  1.64312e-09
 Reference value :  1.87762e-09
 Reference value :  2.21762e-09
 Reference value :  2.28762e-09
 Reference value :  2.41212e-09
 Reference value :  2.45212e-09
 Reference value :  2.73950e-09
 Reference value :  2.96662e-09
 Reference value :  3.19487e-09
 Reference value :  3.32112e-09
 Reference value :  3.63975e-09
 Reference value :  3.85563e-09
 Reference value :  4.10387e-09
 Reference value :  4.39013e-09
 Reference value :  4.58462e-09
 Reference value :  4.94463e-09
 Reference value :  5.01276e-09
 Reference value :  5.13542e-09
 Reference value :  5.17542e-09
 Reference value :  5.21542e-09
 Reference value :  5.27542e-09
 Reference value :  5.33542e-09
 Reference value :  5.39542e-09
 Reference value :  5.45400e-09
 Reference value :  5.46737e-09
 Reference value :  5.47962e-09
 Reference value :  5.51363e-09
 Reference value :  5.55363e-09
 Reference value :  5.59363e-09
 Reference value :  5.65363e-09
 Reference value :  5.69363e-09
 Reference value :  5.81363e-09
 Reference value :  5.89106e-09
 Reference value :  5.90975e-09
 Reference value :  5.92100e-09
 Reference value :  6.07000e-09
 Reference value :  6.37550e-09
 Reference value :  6.62263e-09
 Reference value :  6.83087e-09
 Reference value :  6.95713e-09
 Reference value :  7.17713e-09
 Reference value :  7.28012e-09
 Reference value :  7.41163e-09
 Reference value :  7.70906e-09
 Reference value :  7.88612e-09
 Reference value :  8.18100e-09
 Reference value :  8.30062e-09
 Reference value :  8.40062e-09
 Reference value :  8.64888e-09
 Reference value :  8.91512e-09
 Reference value :  9.10862e-09
 Reference value :  9.18962e-09
 Reference value :  9.34962e-09
 Reference value :  9.57013e-09
 Reference value :  9.90412e-09
 Reference value :  1.00986e-08
 Reference value :  1.04535e-08
 Reference value :  1.05731e-08
 Reference value :  1.07531e-08
 Reference value :  1.09476e-08
 Reference value :  1.11476e-08
 Reference value :  1.13451e-08
 Reference value :  1.14021e-08
 Reference value :  1.17021e-08
 Reference value :  1.18766e-08
 Reference value :  1.21766e-08
 Reference value :  1.23711e-08
 Reference value :  1.26511e-08
 Reference value :  1.27394e-08
 Reference value :  1.29856e-08
 Reference value :  1.32061e-08
 Reference value :  1.35001e-08
 Reference value :  1.36946e-08
 Reference value :  1.38746e-08
 Reference value :  1.41020e-08
 Reference value :  1.43091e-08
 Reference value :  1.45565e-08
 Reference value :  1.46236e-08
 Reference value :  1.49811e-08
 Reference value :  1.51781e-08
 Reference value :  1.54543e-08
 Reference value :  1.56326e-08
 Reference value :  1.57926e-08
 Reference value :  1.58726e-08
 Reference value :  1.59075e-08
 Reference value :  1.59156e-08
 Reference value :  1.59226e-08
 Reference value :  1.59331e-08
 Reference value :  1.61671e-08
 Reference value :  1.63620e-08
 Reference value :  1.64216e-08
 Reference value :  1.65416e-08
 Reference value :  1.67816e-08
 Reference value :  1.69761e-08
 Reference value :  1.72835e-08
 Reference value :  1.74883e-08
 Reference value :  1.76083e-08
 Reference value :  1.77069e-08
 Reference value :  1.79051e-08
 Reference value :  1.81925e-08
 Reference value :  1.84596e-08
 Reference value :  1.86601e-08
 Reference value :  1.88341e-08
 Reference value :  1.90541e-08
 Reference value :  1.92663e-08
 Reference value :  1.95435e-08
 Reference value :  1.97631e-08
 Reference value :  1.99992e-08
 Reference value :  2.01776e-08
 Reference value :  2.04606e-08
 Reference value :  2.06921e-08
 Reference value :  2.09643e-08
 Reference value :  2.12043e-08
 Reference value :  2.13696e-08
 Reference value :  2.14211e-08
 Reference value :  2.17411e-08
 Reference value :  2.18956e-08
 Reference value :  2.22356e-08
 Reference value :  2.23501e-08
 Reference value :  2.26501e-08
 Reference value :  2.28423e-08
 Reference value :  2.31023e-08
 Reference value :  2.33191e-08
 Reference value :  2.36340e-08
 Reference value :  2.38536e-08
 Reference value :  2.40336e-08
 Reference value :  2.42081e-08
 Reference value :  2.45430e-08
 Reference value :  2.47003e-08
 Reference value :  2.49203e-08
 Reference value :  2.49988e-08
 Reference value :  2.52171e-08
 Reference value :  2.54671e-08
 Reference value :  2.57716e-08
 Reference value :  2.59861e-08
 Reference value :  2.61661e-08
 Reference value :  2.62661e-08
 Reference value :  2.64383e-08
 Reference value :  2.67383e-08
 Reference value :  2.68951e-08
 Reference value :  2.71151e-08
 Reference value :  2.72851e-08
 Reference value :  2.75896e-08
 Reference value :  2.77841e-08
 Reference value :  2.80841e-08
 Reference value :  2.82963e-08
 Reference value :  2.84363e-08
 Reference value :  2.85563e-08
 Reference value :  2.87531e-08
 Reference value :  2.90531e-08
 Reference value :  2.92076e-08
 Reference value :  2.93076e-08
 Reference value :  2.95576e-08
 Reference value :  2.98021e-08
 Reference value :  3.00051e-08
 Reference value :  3.02366e-08
 Reference value :  3.04640e-08
 Reference value :  3.06511e-08
 Reference value :  3.08886e-08
 Reference value :  3.09211e-08
 Reference value :  3.12056e-08
 Reference value :  3.14201e-08
 Reference value :  3.17401e-08
 Reference value :  3.18284e-08
 Reference value :  3.19746e-08
 Reference value :  3.22521e-08
 Reference value :  3.23691e-08
 Reference value :  3.26891e-08
 Reference value :  3.29036e-08
 Reference value :  3.31436e-08
 Reference value :  3.33381e-08
 Reference value :  3.36455e-08
 Reference value :  3.37703e-08
 Reference value :  3.40888e-08
 Reference value :  3.41131e-08
 Reference value :  3.44271e-08
 Reference value :  3.45501e-08
 Reference value :  3.47816e-08
 Reference value :  3.50116e-08
 Reference value :  3.52961e-08
 Reference value :  3.54906e-08
 Reference value :  3.56906e-08
 Reference value :  3.59180e-08
 Reference value :  3.61251e-08
 Reference value :  3.63856e-08
 Reference value :  3.66396e-08
 Reference value :  3.67396e-08
 Reference value :  3.68279e-08
 Reference value :  3.69341e-08
 Reference value :  3.71141e-08
 Reference value :  3.72516e-08
 Reference value :  3.72935e-08
 Reference value :  3.73263e-08
 Reference value :  3.73663e-08
 Reference value :  3.75863e-08
 Reference value :  3.77316e-08
 Reference value :  3.77386e-08
 Reference value :  3.77491e-08
 Reference value :  3.78831e-08
 Reference value :  3.81780e-08
 Reference value :  3.82776e-08
 Reference value :  3.83576e-08
 Reference value :  3.84176e-08
 Reference value :  3.86151e-08
 Reference value :  3.87121e-08
 Reference value :  3.88921e-08
 Reference value :  3.90882e-08
 Reference value :  3.91466e-08
 Reference value :  3.93666e-08
 Reference value :  3.95415e-08
 Reference value :  3.96211e-08
 Reference value :  3.99611e-08
 Reference value :  4.01756e-08
 Reference value :  4.03156e-08
 Reference value :  4.04505e-08
 Reference value :  4.05501e-08
 Reference value :  4.08101e-08
 Reference value :  4.09623e-08
 Reference value :  4.11023e-08
 Reference value :  4.13595e-08
 Reference value :  4.15591e-08
 Reference value :  4.18221e-08
 Reference value :  4.20336e-08
 Reference value :  4.22810e-08
 Reference value :  4.24481e-08
 Reference value :  4.25081e-08
 Reference value :  4.27416e-08
 Reference value :  4.30426e-08
 Reference value :  4.32171e-08
 Reference value :  4.33571e-08
 Reference value :  4.36332e-08
 Reference value :  4.38716e-08
 Reference value :  4.40990e-08
 Reference value :  4.43661e-08
 Reference value :  4.45596e-08
 Reference value :  4.48206e-08
 Reference value :  4.50036e-08
 Reference value :  4.50951e-08
 Reference value :  4.54326e-08
 Reference value :  4.56073e-08
 Reference value :  4.59058e-08
 Reference value :  4.61041e-08
 Reference value :  4.63590e-08
 Reference value :  4.63776e-08
 Reference value :  4.66386e-08
 Reference value :  4.68531e-08
 Reference value :  4.71531e-08
 Reference value :  4.73276e-08
 Reference value :  4.76076e-08
 Reference value :  4.77359e-08
 Reference value :  4.78021e-08
 Reference value :  4.79421e-08
 Reference value :  4.82026e-08
 Reference value :  4.82766e-08
 Reference value :  4.83166e-08
 Reference value :  4.84766e-08
 Reference value :  4.85966e-08
 Reference value :  4.86449e-08
 Reference value :  4.87911e-08
 Reference value :  4.90111e-08
 Reference value :  4.91041e-08
 Reference value :  4.92233e-08
 Reference value :  4.94633e-08
 Reference value :  4.95539e-08
 Reference value :  4.95801e-08
 Reference value :  4.98201e-08
 Reference value :  5.00206e-08
 Reference value :  5.03346e-08
 Reference value :  5.05491e-08
 Reference value :  5.08291e-08
 Reference value :  5.09636e-08
 Reference value :  5.12636e-08
 Reference value :  5.14181e-08
 Reference value :  5.16981e-08
 Reference value :  5.18386e-08
 Reference value :  5.21526e-08
 Reference value :  5.22861e-08
 Reference value :  5.25871e-08
 Reference value :  5.27793e-08
 Reference value :  5.30993e-08
 Reference value :  5.32961e-08
 Reference value :  5.35561e-08
 Reference value :  5.37506e-08
 Reference value :  5.40855e-08
 Reference value :  5.42851e-08
 Reference value :  5.45400e-08
 Reference value :  5.47196e-08
 Reference value :  5.50026e-08
 Reference value :  5.52141e-08
 Reference value :  5.54676e-08
 Reference value :  5.55486e-08
 Reference value :  5.58686e-08
 Reference value :  5.60431e-08
 Reference value :  5.63640e-08
 Reference value :  5.66353e-08
 Reference value :  5.68381e-08
 Reference value :  5.70721e-08
 Reference value :  5.72926e-08
 Reference value :  5.75866e-08
 Reference value :  5.77611e-08
 Reference value :  5.80811e-08
 Reference value :  5.82956e-08
 Reference value :  5.86305e-08
 Reference value :  5.88301e-08
 Reference value :  5.90975e-08
 Reference value :  5.93446e-08
 Reference value :  5.95520e-08
 Reference value :  5.97991e-08
 Reference value :  6.00196e-08
 Reference value :  6.03336e-08
 Reference value :  6.05481e-08
 Reference value :  6.08281e-08
 Reference value :  6.09826e-08
 Reference value :  6.12626e-08
 Reference value :  6.14571e-08
 Reference value :  6.17946e-08
 Reference value :  6.20116e-08
 Reference value :  6.22816e-08
 Reference value :  6.25461e-08
 Reference value :  6.27466e-08
 Reference value :  6.29806e-08
 Reference value :  6.31906e-08
 Reference value :  6.34351e-08
 Reference value :  6.36696e-08
 Reference value :  6.40296e-08
 Reference value :  6.42241e-08
 Reference value :  6.45216e-08
 Reference value :  6.46586e-08
 Reference value :  6.49386e-08
 Reference value :  6.50731e-08
 Reference value :  6.54131e-08
 Reference value :  6.56276e-08
 Reference value :  6.59159e-08
 Reference value :  6.61621e-08
 Reference value :  6.63943e-08
 Reference value :  6.65143e-08
 Reference value :  6.67543e-08
 Reference value :  6.69311e-08
 Reference value :  6.72311e-08
 Reference value :  6.74056e-08
 Reference value :  6.77286e-08
 Reference value :  6.79401e-08
 Reference value :  6.81875e-08
 Reference value :  6.84146e-08
 Reference value :  6.86446e-08
 Reference value :  6.89291e-08
 Reference value :  6.91636e-08
 Reference value :  6.94436e-08
 Reference value :  6.96581e-08
 Reference value :  6.99942e-08
 Reference value :  7.01926e-08
 Reference value :  7.04556e-08
 Reference value :  7.06271e-08
 Reference value :  7.09145e-08
 Reference value :  7.11616e-08
 Reference value :  7.13751e-08
 Reference value :  7.16361e-08
 Reference value :  7.18147e-08
 Reference value :  7.19906e-08
 Reference value :  7.22655e-08
 Reference value :  7.24251e-08
 Reference value :  7.27237e-08
 Reference value :  7.29796e-08
 Reference value :  7.31879e-08
 Reference value :  7.34141e-08
 Reference value :  7.36663e-08
 Reference value :  7.39063e-08
 Reference value :  7.40986e-08
 Reference value :  7.43031e-08
 Reference value :  7.45529e-08
 Reference value :  7.46353e-08
 Reference value :  7.49553e-08
 Reference value :  7.51521e-08
 Reference value :  7.54470e-08
 Reference value :  7.56466e-08
 Reference value :  7.59015e-08
 Reference value :  7.61011e-08
 Reference value :  7.63641e-08
 Reference value :  7.65956e-08
 Reference value :  7.68256e-08
 Reference value :  7.71301e-08
 Reference value :  7.73246e-08
 Reference value :  7.76046e-08
 Reference value :  7.77320e-08
 Reference value :  7.79391e-08
 Reference value :  7.81996e-08
 Reference value :  7.85136e-08
 Reference value :  7.86881e-08
 Reference value :  7.90081e-08
 Reference value :  7.92026e-08
 Reference value :  7.95412e-08
 Reference value :  7.97571e-08
 Reference value :  8.00054e-08
 Reference value :  8.02316e-08
 Reference value :  8.04616e-08
 Reference value :  8.07461e-08
 Reference value :  8.09406e-08
 Reference value :  8.12806e-08
 Reference value :  8.14751e-08
 Reference value :  8.17551e-08
 Reference value :  8.18873e-08
 Reference value :  8.21673e-08
 Reference value :  8.23441e-08
 Reference value :  8.26641e-08
 Reference value :  8.28586e-08
 Reference value :  8.31747e-08
 Reference value :  8.33531e-08
 Reference value :  8.36280e-08
 Reference value :  8.37076e-08
 Reference value :  8.39876e-08
 Reference value :  8.42021e-08
 Reference value :  8.45021e-08
 Reference value :  8.46766e-08
 Reference value :  8.49996e-08
 Reference value :  8.52111e-08
 Reference value :  8.54716e-08
 Reference value :  8.57256e-08
 Reference value :  8.59191e-08
 Reference value :  8.62001e-08
 Reference value :  8.63946e-08
 Reference value :  8.67346e-08
 Reference value :  8.68691e-08
 Reference value :  8.72091e-08
 Reference value :  8.73636e-08
 Reference value :  8.76436e-08
 Reference value :  8.78581e-08
 Reference value :  8.81767e-08
 Reference value :  8.84326e-08
 Reference value :  8.86312e-08
 Reference value :  8.87871e-08
 Reference value :  8.90857e-08
 Reference value :  8.93416e-08
 Reference value :  8.95365e-08
 Reference value :  8.95961e-08
 Reference value :  8.98961e-08
 Reference value :  9.00883e-08
 Reference value :  9.04083e-08
 Reference value :  9.06051e-08
 Reference value :  9.09037e-08
 Reference value :  9.11196e-08
 Reference value :  9.13626e-08
 Reference value :  9.15741e-08
 Reference value :  9.18276e-08
 Reference value :  9.21486e-08
 Reference value :  9.23431e-08
 Reference value :  9.26831e-08
 Reference value :  9.28576e-08
 Reference value :  9.31551e-08
 Reference value :  9.33321e-08
 Reference value :  9.36351e-08
 Reference value :  9.39066e-08
 Reference value :  9.41071e-08
 Reference value :  9.44011e-08
 Reference value :  9.45956e-08
 Reference value :  9.48756e-08
 Reference value :  9.50501e-08
 Reference value :  9.53901e-08
 Reference value :  9.56046e-08
 Reference value :  9.59076e-08
 Reference value :  9.61591e-08
 Reference value :  9.63796e-08
 Reference value :  9.66736e-08
 Reference value :  9.68341e-08
 Reference value :  9.70881e-08
 Reference value :  9.73203e-08
 Reference value :  9.76403e-08
 Reference value :  9.77431e-08
 Reference value :  9.79971e-08
 Reference value :  9.81871e-08
 Reference value :  9.84116e-08
 Reference value :  9.86399e-08
 Reference value :  9.88661e-08
 Reference value :  9.90996e-08
 Reference value :  9.94206e-08
 Reference value :  9.96351e-08
 Reference value :  9.99151e-08
 Reference value :  1.00030e-07
 Reference value :  1.00330e-07
 Reference value :  1.00504e-07
 Reference value :  1.00864e-07
 Reference value :  1.01099e-07
 Reference value :  1.01357e-07
 Reference value :  1.01573e-07
 Reference value :  1.01821e-07
 Reference value :  1.02128e-07
 Reference value :  1.02322e-07
 Reference value :  1.02662e-07
 Reference value :  1.02777e-07
 Reference value :  1.03057e-07
 Reference value :  1.03251e-07
 Reference value :  1.03571e-07
 Reference value :  1.03786e-07
 Reference value :  1.04089e-07
 Reference value :  1.04340e-07
 Reference value :  1.04550e-07
 Reference value :  1.04815e-07
 Reference value :  1.05015e-07
 Reference value :  1.05289e-07
 Reference value :  1.05501e-07
 Reference value :  1.05821e-07
 Reference value :  1.06038e-07
 Reference value :  1.06298e-07
 Reference value :  1.06433e-07
 Reference value :  1.06733e-07
 Reference value :  1.06907e-07
 Reference value :  1.07245e-07
 Reference value :  1.07462e-07
 Reference value :  1.07730e-07
 Reference value :  1.07956e-07
 Reference value :  1.08190e-07
 Reference value :  1.08451e-07
 Reference value :  1.08641e-07
 Reference value :  1.08905e-07
 Reference value :  1.09140e-07
 Reference value :  1.09480e-07
 Reference value :  1.09674e-07
 Reference value :  1.09990e-07
 Reference value :  1.10169e-07
 Reference value :  1.10447e-07
 Reference value :  1.10683e-07
 Reference value :  1.10938e-07
 Reference value :  1.11238e-07
 Reference value :  1.11356e-07
 Reference value :  1.11592e-07
 Reference value :  1.11833e-07
 Reference value :  1.12147e-07
 Reference value :  1.12321e-07
 Reference value :  1.12621e-07
 Reference value :  1.12741e-07
 Reference value :  1.13053e-07
 Reference value :  1.13270e-07
 Reference value :  1.13570e-07
 Reference value :  1.13765e-07
 Reference value :  1.14045e-07
 Reference value :  1.14259e-07
 Reference value :  1.14538e-07
 Reference value :  1.14774e-07
 Reference value :  1.15014e-07
 Reference value :  1.15308e-07
 Reference value :  1.15523e-07
 Reference value :  1.15803e-07
 Reference value :  1.15997e-07
 Reference value :  1.16317e-07
 Reference value :  1.16532e-07
 Reference value :  1.16815e-07
 Reference value :  1.17026e-07
 Reference value :  1.17276e-07
 Reference value :  1.17521e-07
 Reference value :  1.17728e-07
 Reference value :  1.17975e-07
 Reference value :  1.18210e-07
 Reference value :  1.18570e-07
 Reference value :  1.18664e-07
 Reference value :  1.18984e-07
 Reference value :  1.19159e-07
 Reference value :  1.19439e-07
 Reference value :  1.19593e-07
 Reference value :  1.19873e-07
 Reference value :  1.20028e-07
 Reference value :  1.20328e-07
 Reference value :  1.20542e-07
 Reference value :  1.20822e-07
 Reference value :  1.20997e-07
 Reference value :  1.21277e-07
 Reference value :  1.21471e-07
 Reference value :  1.21771e-07
 Reference value :  1.21966e-07
 Reference value :  1.22264e-07
 Reference value :  1.22480e-07
 Reference value :  1.22727e-07
 Reference value :  1.22935e-07
 Reference value :  1.23178e-07
 Reference value :  1.23369e-07
 Reference value :  1.23637e-07
 Reference value :  1.23924e-07
 Reference value :  1.24118e-07
 Reference value :  1.24438e-07
 Reference value :  1.24633e-07
 Reference value :  1.24987e-07
 Reference value :  1.25167e-07
 Reference value :  1.25446e-07
 Reference value :  1.25662e-07
 Reference value :  1.25905e-07
 Reference value :  1.26156e-07
 Reference value :  1.26377e-07
 Reference value :  1.26711e-07
 Reference value :  1.26885e-07
 Reference value :  1.27225e-07
 Reference value :  1.27440e-07
 Reference value :  1.27697e-07
 Reference value :  1.27814e-07
 Reference value :  1.28114e-07
 Reference value :  1.28177e-07
 Reference value :  1.28389e-07
 Reference value :  1.28642e-07
 Reference value :  1.28923e-07
 Reference value :  1.29104e-07
 Reference value :  1.29358e-07
 Reference value :  1.29548e-07
 Reference value :  1.29852e-07
 Reference value :  1.30047e-07
 Reference value :  1.30367e-07
 Reference value :  1.30561e-07
 Reference value :  1.30896e-07
 Reference value :  1.31076e-07
 Reference value :  1.31333e-07
 Reference value :  1.31530e-07
 Reference value :  1.31817e-07
 Reference value :  1.32082e-07
 Reference value :  1.32299e-07
 Reference value :  1.32599e-07
 Reference value :  1.32811e-07
 Reference value :  1.33091e-07
 Reference value :  1.33150e-07
 Reference value :  1.33328e-07
 Reference value :  1.33624e-07
 Reference value :  1.33803e-07
 Reference value :  1.34060e-07
 Reference value :  1.34237e-07
 Reference value :  1.34540e-07
 Reference value :  1.34752e-07
 Reference value :  1.34990e-07
 Reference value :  1.35206e-07
 Reference value :  1.35460e-07
 Reference value :  1.35781e-07
 Reference value :  1.35975e-07
 Reference value :  1.36275e-07
 Reference value :  1.36430e-07
 Reference value :  1.36750e-07
 Reference value :  1.36924e-07
 Reference value :  1.37260e-07
 Reference value :  1.37499e-07
 Reference value :  1.37727e-07
 Reference value :  1.38013e-07
 Reference value :  1.38228e-07
 Reference value :  1.38508e-07
 Reference value :  1.38662e-07
 Reference value :  1.38982e-07
 Reference value :  1.39197e-07
 Reference value :  1.39531e-07
 Reference value :  1.39731e-07
 Reference value :  1.39998e-07
 Reference value :  1.40246e-07
 Reference value :  1.40456e-07
 Reference value :  1.40760e-07
 Reference value :  1.40995e-07
 Reference value :  1.41332e-07
 Reference value :  1.41509e-07
 Reference value :  1.41808e-07
 Reference value :  1.42064e-07
 Reference value :  1.42271e-07
 Reference value :  1.42478e-07
 Reference value :  1.42725e-07
 Reference value :  1.42933e-07
 Reference value :  1.43183e-07
 Reference value :  1.43447e-07
 Reference value :  1.43641e-07
 Reference value :  1.43902e-07
 Reference value :  1.44102e-07
 Reference value :  1.44316e-07
 Reference value :  1.44550e-07
 Reference value :  1.44871e-07
 Reference value :  1.45105e-07
 Reference value :  1.45405e-07
 Reference value :  1.45580e-07
 Reference value :  1.45860e-07
 Reference value :  1.46034e-07
 Reference value :  1.46357e-07
 Reference value :  1.46649e-07
 Reference value :  1.46843e-07
 Reference value :  1.47163e-07
 Reference value :  1.47355e-07
 Reference value :  1.47712e-07
 Reference value :  1.47892e-07
 Reference value :  1.48180e-07
 Reference value :  1.48404e-07
 Reference value :  1.48635e-07
 Reference value :  1.48921e-07
 Reference value :  1.49136e-07
 Reference value :  1.49496e-07
 Reference value :  1.49690e-07
 Reference value :  1.49993e-07
 Reference value :  1.50205e-07
 Reference value :  1.50448e-07
 Reference value :  1.50659e-07
 Reference value :  1.50907e-07
 Reference value :  1.51214e-07
 Reference value :  1.51408e-07
 Reference value :  1.51728e-07
 Reference value :  1.51816e-07
 Reference value :  1.52063e-07
 Reference value :  1.52276e-07
 Reference value :  1.52577e-07
 Reference value :  1.52752e-07
 Reference value :  1.53092e-07
 Reference value :  1.53326e-07
 Reference value :  1.53625e-07
 Reference value :  1.53861e-07
 Reference value :  1.54088e-07
 Reference value :  1.54355e-07
 Reference value :  1.54549e-07
 Reference value :  1.54730e-07
 Reference value :  1.54910e-07
 Reference value :  1.55124e-07
 Reference value :  1.55384e-07
 Reference value :  1.55559e-07
 Reference value :  1.55819e-07
 Reference value :  1.55993e-07
 Reference value :  1.56348e-07
 Reference value :  1.56528e-07
 Reference value :  1.56816e-07
 Reference value :  1.57062e-07
 Reference value :  1.57297e-07
 Reference value :  1.57617e-07
 Reference value :  1.57811e-07
 Reference value :  1.58166e-07
 Reference value :  1.58366e-07
 Reference value :  1.58636e-07
 Reference value :  1.58900e-07
 Reference value :  1.59115e-07
 Reference value :  1.59415e-07
 Reference value :  1.59543e-07
 Reference value :  1.59789e-07
 Reference value :  1.60024e-07
 Reference value :  1.60364e-07
 Reference value :  1.60558e-07
 Reference value :  1.60894e-07
 Reference value :  1.61093e-07
 Reference value :  1.61351e-07
 Reference value :  1.61587e-07
 Reference value :  1.61821e-07
 Reference value :  1.62122e-07
 Reference value :  1.62296e-07
 Reference value :  1.62616e-07
 Reference value :  1.62788e-07
 Reference value :  1.62868e-07
 Reference value :  1.63165e-07
 Reference value :  1.63345e-07
 Reference value :  1.63633e-07
 Reference value :  1.63877e-07
 Reference value :  1.64100e-07
 Reference value :  1.64374e-07
 Reference value :  1.64609e-07
 Reference value :  1.64889e-07
 Reference value :  1.65063e-07
 Reference value :  1.65343e-07
 Reference value :  1.65518e-07
 Reference value :  1.65838e-07
 Reference value :  1.66032e-07
 Reference value :  1.66330e-07
 Reference value :  1.66507e-07
 Reference value :  1.66784e-07
 Reference value :  1.67001e-07
 Reference value :  1.67260e-07
 Reference value :  1.67516e-07
 Reference value :  1.67736e-07
 Reference value :  1.68070e-07
 Reference value :  1.68265e-07
 Reference value :  1.68545e-07
 Reference value :  1.68759e-07
 Reference value :  1.69075e-07
 Reference value :  1.69334e-07
 Reference value :  1.69544e-07
 Reference value :  1.69728e-07
 Reference value :  1.69908e-07
 Reference value :  1.70083e-07
 Reference value :  1.70437e-07
 Reference value :  1.70617e-07
 Reference value :  1.70900e-07
 Reference value :  1.71112e-07
 Reference value :  1.71360e-07
 Reference value :  1.71606e-07
 Reference value :  1.71827e-07
 Reference value :  1.72141e-07
 Reference value :  1.72335e-07
 Reference value :  1.72675e-07
 Reference value :  1.72870e-07
 Reference value :  1.73147e-07
 Reference value :  1.73304e-07
 Reference value :  1.73620e-07
 Reference value :  1.73859e-07
 Reference value :  1.74089e-07
 Reference value :  1.74393e-07
 Reference value :  1.74547e-07
 Reference value :  1.74828e-07
 Reference value :  1.75008e-07
 Reference value :  1.75322e-07
 Reference value :  1.75537e-07
 Reference value :  1.75874e-07
 Reference value :  1.76071e-07
 Reference value :  1.76358e-07
 Reference value :  1.76606e-07
 Reference value :  1.76816e-07
 Reference value :  1.77100e-07
 Reference value :  1.77335e-07
 Reference value :  1.77675e-07
 Reference value :  1.77869e-07
 Reference value :  1.78164e-07
 Reference value :  1.78364e-07
 Reference value :  1.78618e-07
 Reference value :  1.78818e-07
 Reference value :  1.79097e-07
 Reference value :  1.79410e-07
 Reference value :  1.79627e-07
 Reference value :  1.79947e-07
 Reference value :  1.80042e-07
 Reference value :  1.80322e-07
 Reference value :  1.80536e-07
 Reference value :  1.80856e-07
 Reference value :  1.81071e-07
 Reference value :  1.81359e-07
 Reference value :  1.81585e-07
 Reference value :  1.81819e-07
 Reference value :  1.82080e-07
 Reference value :  1.82280e-07
 Reference value :  1.82594e-07
 Reference value :  1.82809e-07
 Reference value :  1.83163e-07
 Reference value :  1.83363e-07
 Reference value :  1.83631e-07
 Reference value :  1.83858e-07
 Reference value :  1.84088e-07
 Reference value :  1.84352e-07
 Reference value :  1.84587e-07
 Reference value :  1.84907e-07
 Reference value :  1.85121e-07
 Reference value :  1.85437e-07
 Reference value :  1.85616e-07
 Reference value :  1.85894e-07
 Reference value :  1.86110e-07
 Reference value :  1.86364e-07
 Reference value :  1.86665e-07
 Reference value :  1.86879e-07
 Reference value :  1.87219e-07
 Reference value :  1.87414e-07
 Reference value :  1.87691e-07
 Reference value :  1.87848e-07
 Reference value :  1.88146e-07
 Reference value :  1.88303e-07
 Reference value :  1.88443e-07
 Reference value :  1.88677e-07
 Reference value :  1.88957e-07
 Reference value :  1.89132e-07
 Reference value :  1.89412e-07
 Reference value :  1.89606e-07
 Reference value :  1.89906e-07
 Reference value :  1.90081e-07
 Reference value :  1.90435e-07
 Reference value :  1.90635e-07
 Reference value :  1.90902e-07
 Reference value :  1.91130e-07
 Reference value :  1.91363e-07
 Reference value :  1.91664e-07
 Reference value :  1.91899e-07
 Reference value :  1.92219e-07
 Reference value :  1.92413e-07
 Reference value :  1.92712e-07
 Reference value :  1.92928e-07
 Reference value :  1.93181e-07
 Reference value :  1.93442e-07
 Reference value :  1.93657e-07
 Reference value :  1.93937e-07
 Reference value :  1.94131e-07
 Reference value :  1.94491e-07
 Reference value :  1.94683e-07
 Reference value :  1.94993e-07
 Reference value :  1.95200e-07
 Reference value :  1.95461e-07
 Reference value :  1.95695e-07
 Reference value :  1.95893e-07
 Reference value :  1.96129e-07
 Reference value :  1.96363e-07
 Reference value :  1.96684e-07
 Reference value :  1.96878e-07
 Reference value :  1.97198e-07
 Reference value :  1.97313e-07
 Reference value :  1.97613e-07
 Reference value :  1.97787e-07
 Reference value :  1.98127e-07
 Reference value :  1.98342e-07
 Reference value :  1.98625e-07
 Reference value :  1.98856e-07
 Reference value :  1.99090e-07
 Reference value :  1.99371e-07
 Reference value :  1.99551e-07
 Reference value :  1.99845e-07
 Reference value :  2.00080e-07
 Reference value :  2.00417e-07
 Reference value :  2.00634e-07
 Reference value :  2.00889e-07
 Reference value :  2.01089e-07
 Reference value :  2.01352e-07
 Reference value :  2.01603e-07
 Reference value :  2.01811e-07
 Reference value :  2.01938e-07
 Reference value :  2.02261e-07
 Reference value :  2.02472e-07
 Reference value :  2.02733e-07
 Reference value :  2.03027e-07
 Reference value :  2.03241e-07
 Reference value :  2.03581e-07
 Reference value :  2.03776e-07
 Reference value :  2.04083e-07
 Reference value :  2.04310e-07
 Reference value :  2.04544e-07
 Reference value :  2.04825e-07
 Reference value :  2.05019e-07
 Reference value :  2.05319e-07
 Reference value :  2.05534e-07
 Reference value :  2.05890e-07
 Reference value :  2.06088e-07
 Reference value :  2.06356e-07
 Reference value :  2.06563e-07
 Reference value :  2.06703e-07
 Reference value :  2.06877e-07
 Reference value :  2.07217e-07
 Reference value :  2.07412e-07
 Reference value :  2.07719e-07
 Reference value :  2.07986e-07
 Reference value :  2.08180e-07
 Reference value :  2.08461e-07
 Reference value :  2.08634e-07
 Reference value :  2.08955e-07
 Reference value :  2.09150e-07
 Reference value :  2.09507e-07
 Reference value :  2.09724e-07
 Reference value :  2.09992e-07
 Reference value :  2.10236e-07
 Reference value :  2.10447e-07
 Reference value :  2.10693e-07
 Reference value :  2.10907e-07
 Reference value :  2.11188e-07
 Reference value :  2.11402e-07
 Reference value :  2.11682e-07
 Reference value :  2.11857e-07
 Reference value :  2.12137e-07
 Reference value :  2.12331e-07
 Reference value :  2.12631e-07
 Reference value :  2.12826e-07
 Reference value :  2.13162e-07
 Reference value :  2.13380e-07
 Reference value :  2.13628e-07
 Reference value :  2.13855e-07
 Reference value :  2.14088e-07
 Reference value :  2.14389e-07
 Reference value :  2.14624e-07
 Reference value :  2.14944e-07
 Reference value :  2.15138e-07
 Reference value :  2.15441e-07
 Reference value :  2.15673e-07
 Reference value :  2.15913e-07
 Reference value :  2.16187e-07
 Reference value :  2.16402e-07
 Reference value :  2.16682e-07
 Reference value :  2.16876e-07
 Reference value :  2.17234e-07
 Reference value :  2.17391e-07
 Reference value :  2.17671e-07
 Reference value :  2.17845e-07
 Reference value :  2.18161e-07
 Reference value :  2.18340e-07
 Reference value :  2.18614e-07
 Reference value :  2.18794e-07
 Reference value :  2.19081e-07
 Reference value :  2.19349e-07
 Reference value :  2.19563e-07
 Reference value :  2.19883e-07
 Reference value :  2.20018e-07
 Reference value :  2.20318e-07
 Reference value :  2.20492e-07
 Reference value :  2.20812e-07
 Reference value :  2.21007e-07
 Reference value :  2.21307e-07
 Reference value :  2.21481e-07
 Reference value :  2.21797e-07
 Reference value :  2.22016e-07
 Reference value :  2.22259e-07
 Reference value :  2.22490e-07
 Reference value :  2.22724e-07
 Reference value :  2.23025e-07
 Reference value :  2.23199e-07
 Reference value :  2.23379e-07
 Reference value :  2.23629e-07
 Reference value :  2.23874e-07
 Reference value :  2.24087e-07
 Reference value :  2.24388e-07
 Reference value :  2.24603e-07
 Reference value :  2.24943e-07
 Reference value :  2.25037e-07
 Reference value :  2.25377e-07
 Reference value :  2.25569e-07
 Reference value :  2.25849e-07
 Reference value :  2.26046e-07
 Reference value :  2.26345e-07
 Reference value :  2.26601e-07
 Reference value :  2.26814e-07
 Reference value :  2.27115e-07
 Reference value :  2.27290e-07
 Reference value :  2.27590e-07
 Reference value :  2.27804e-07
 Reference value :  2.28124e-07
 Reference value :  2.28339e-07
 Reference value :  2.28622e-07
 Reference value :  2.28853e-07
 Reference value :  2.29081e-07
 Reference value :  2.29348e-07
 Reference value :  2.29548e-07
 Reference value :  2.29842e-07
 Reference value :  2.30077e-07
 Reference value :  2.30414e-07
 Reference value :  2.30611e-07
 Reference value :  2.30890e-07
 Reference value :  2.31086e-07
 Reference value :  2.31166e-07
 Reference value :  2.31366e-07
 Reference value :  2.31680e-07
 Reference value :  2.31875e-07
 Reference value :  2.32232e-07
 Reference value :  2.32409e-07
 Reference value :  2.32705e-07
 Reference value :  2.32924e-07
 Reference value :  2.33162e-07
 Reference value :  2.33378e-07
 Reference value :  2.33625e-07
 Reference value :  2.33873e-07
 Reference value :  2.34086e-07
 Reference value :  2.34387e-07
 Reference value :  2.34537e-07
 Reference value :  2.34762e-07
 Reference value :  2.34990e-07
 Reference value :  2.35216e-07
 Reference value :  2.35450e-07
 Reference value :  2.35731e-07
 Reference value :  2.35965e-07
 Reference value :  2.36265e-07
 Reference value :  2.36460e-07
 Reference value :  2.36680e-07
 Reference value :  2.36894e-07
 Reference value :  2.37114e-07
 Reference value :  2.37329e-07
 Reference value :  2.37669e-07
 Reference value :  2.37823e-07
 Reference value :  2.38158e-07
 Reference value :  2.38298e-07
 Reference value :  2.38613e-07
 Reference value :  2.38792e-07
 Reference value :  2.39050e-07
 Reference value :  2.39093e-07
 Reference value :  2.39247e-07
 Reference value :  2.39523e-07
 Reference value :  2.39701e-07
 Reference value :  2.39988e-07
 Reference value :  2.40276e-07
 Reference value :  2.40446e-07
 Reference value :  2.40730e-07
 Reference value :  2.40945e-07
 Reference value :  2.41245e-07
 Reference value :  2.41419e-07
 Reference value :  2.41739e-07
 Reference value :  2.41934e-07
 Reference value :  2.42252e-07
 Reference value :  2.42488e-07
 Reference value :  2.42707e-07
 Reference value :  2.42903e-07
 Reference value :  2.43161e-07
 Reference value :  2.43377e-07
 Reference value :  2.43625e-07
 Reference value :  2.43912e-07
 Reference value :  2.44126e-07
 Reference value :  2.44446e-07
 Reference value :  2.44661e-07
 Reference value :  2.44941e-07
 Reference value :  2.45115e-07
 Reference value :  2.45295e-07
 Reference value :  2.45510e-07
 Reference value :  2.45850e-07
 Reference value :  2.46044e-07
 Reference value :  2.46343e-07
 Reference value :  2.46519e-07
 Reference value :  2.46797e-07
 Reference value :  2.47013e-07
 Reference value :  2.47267e-07
 Reference value :  2.47568e-07
 Reference value :  2.47648e-07
 Reference value :  2.47862e-07
 Reference value :  2.48158e-07
 Reference value :  2.48397e-07
 Reference value :  2.48620e-07
 Reference value :  2.48731e-07
 Reference value :  2.49011e-07
 Reference value :  2.49206e-07
 Reference value :  2.49529e-07
 Reference value :  2.49740e-07
 Reference value :  2.49990e-07
 Reference value :  2.50255e-07
 Reference value :  2.50455e-07
 Reference value :  2.50729e-07
 Reference value :  2.50944e-07
 Reference value :  2.51304e-07
 Reference value :  2.51498e-07
 Reference value :  2.51797e-07
 Reference value :  2.52013e-07
 Reference value :  2.52260e-07
 Reference value :  2.52507e-07
 Reference value :  2.52647e-07
 Reference value :  2.52842e-07
 Reference value :  2.53165e-07
 Reference value :  2.53396e-07
 Reference value :  2.53619e-07
 Reference value :  2.53851e-07
 Reference value :  2.54069e-07
 Reference value :  2.54305e-07
 Reference value :  2.54535e-07
 Reference value :  2.54840e-07
 Reference value :  2.55054e-07
 Reference value :  2.55374e-07
 Reference value :  2.55589e-07
 Reference value :  2.55829e-07
 Reference value :  2.56023e-07
 Reference value :  2.56243e-07
 Reference value :  2.56438e-07
 Reference value :  2.56775e-07
 Reference value :  2.56912e-07
 Reference value :  2.57212e-07
 Reference value :  2.57367e-07
 Reference value :  2.57667e-07
 Reference value :  2.57801e-07
 Reference value :  2.58121e-07
 Reference value :  2.58316e-07
 Reference value :  2.58614e-07
 Reference value :  2.58850e-07
 Reference value :  2.59078e-07
 Reference value :  2.59325e-07
 Reference value :  2.59538e-07
 Reference value :  2.59859e-07
 Reference value :  2.60074e-07
 Reference value :  2.60394e-07
 Reference value :  2.60588e-07
 Reference value :  2.60887e-07
 Reference value :  2.61143e-07
 Reference value :  2.61363e-07
 Reference value :  2.61677e-07
 Reference value :  2.61818e-07
 Reference value :  2.62112e-07
 Reference value :  2.62306e-07
 Reference value :  2.62406e-07
 Reference value :  2.62446e-07
 Reference value :  2.62646e-07
 Reference value :  2.62761e-07
 Reference value :  2.63001e-07
 Reference value :  2.63164e-07
 Reference value :  2.63275e-07
 Reference value :  2.63355e-07
 Reference value :  2.63555e-07
 Reference value :  2.63767e-07
 Reference value :  2.64027e-07
 Reference value :  2.64204e-07
 Reference value :  2.64519e-07
 Reference value :  2.64736e-07
 Reference value :  2.64836e-07
 Reference value :  2.64977e-07
 Reference value :  2.65033e-07
 Reference value :  2.65133e-07
 Reference value :  2.65353e-07
 Reference value :  2.65447e-07
 Reference value :  2.65628e-07
 Reference value :  2.65865e-07
 Reference value :  2.65895e-07
 Reference value :  2.65898e-07
 Reference value :  2.65908e-07
 Reference value :  2.66062e-07
 Reference value :  2.66349e-07
 Reference value :  2.66577e-07
 Reference value :  2.66817e-07
 Reference value :  2.67131e-07
 Reference value :  2.67272e-07
 Reference value :  2.67406e-07
 Reference value :  2.67546e-07
 Reference value :  2.67740e-07
 Reference value :  2.68020e-07
 Reference value :  2.68235e-07
 Reference value :  2.68592e-07
 Reference value :  2.68729e-07
 Reference value :  2.69009e-07
 Reference value :  2.69124e-07
 Reference value :  2.69264e-07
 Reference value :  2.69424e-07
 Reference value :  2.69638e-07
 Reference value :  2.69973e-07
 Reference value :  2.70113e-07
 Reference value :  2.70431e-07
 Reference value :  2.70627e-07
 Reference value :  2.70727e-07
 Reference value :  2.70895e-07
 Reference value :  2.71182e-07
 Reference value :  2.71362e-07
 Reference value :  2.71636e-07
 Reference value :  2.71831e-07
 Reference value :  2.71931e-07
 Reference value :  2.72246e-07
 Reference value :  2.72258e-07
 Reference value :  2.72385e-07
 Reference value :  2.72625e-07
 Reference value :  2.72726e-07
 Reference value :  2.72940e-07
 Reference value :  2.73170e-07
 Reference value :  2.73314e-07
 Reference value :  2.73592e-07
 Reference value :  2.73789e-07
 Reference value :  2.74072e-07
 Reference value :  2.74323e-07
 Reference value :  2.74544e-07
 Reference value :  2.74858e-07
 Reference value :  2.75012e-07
 Reference value :  2.75192e-07
 Reference value :  2.75446e-07
 Reference value :  2.75767e-07
 Reference value :  2.75981e-07
 Reference value :  2.76301e-07
 Reference value :  2.76416e-07
 Reference value :  2.76536e-07
 Reference value :  2.76736e-07
 Reference value :  2.76910e-07
 Reference value :  2.77246e-07
 Reference value :  2.77445e-07
 Reference value :  2.77715e-07
 Reference value :  2.77999e-07
 Reference value :  2.78166e-07
 Reference value :  2.78334e-07
 Reference value :  2.78591e-07
 Reference value :  2.78768e-07
 Reference value :  2.78988e-07
 Reference value :  2.79103e-07
 Reference value :  2.79283e-07
 Reference value :  2.79530e-07
 Reference value :  2.79777e-07
 Reference value :  2.79984e-07
 Reference value :  2.80232e-07
 Reference value :  2.80440e-07
 Reference value :  2.80526e-07
 Reference value :  2.80666e-07
 Reference value :  2.80900e-07
 Reference value :  2.81221e-07
 Reference value :  2.81435e-07
 Reference value :  2.81735e-07
 Reference value :  2.81910e-07
 Reference value :  2.82030e-07
 Reference value :  2.82248e-07
 Reference value :  2.82484e-07
 Reference value :  2.82718e-07
 Reference value :  2.83039e-07
 Reference value :  2.83253e-07
 Reference value :  2.83553e-07
 Reference value :  2.83768e-07
 Reference value :  2.84028e-07
 Reference value :  2.84242e-07
 Reference value :  2.84518e-07
 Reference value :  2.84597e-07
 Reference value :  2.84857e-07
 Reference value :  2.85031e-07
 Reference value :  2.85391e-07
 Reference value :  2.85566e-07
 Reference value :  2.85826e-07
 Reference value :  2.85894e-07
 Reference value :  2.86160e-07
 Reference value :  2.86375e-07
 Reference value :  2.86655e-07
 Reference value :  2.86849e-07
 Reference value :  2.87029e-07
 Reference value :  2.87252e-07
 Reference value :  2.87484e-07
 Reference value :  2.87724e-07
 Reference value :  2.87958e-07
 Reference value :  2.88058e-07
 Reference value :  2.88153e-07
 Reference value :  2.88313e-07
 Reference value :  2.88609e-07
 Reference value :  2.88727e-07
 Reference value :  2.89063e-07
 Reference value :  2.89102e-07
 Reference value :  2.89462e-07
 Reference value :  2.89535e-07
 Reference value :  2.89736e-07
 Reference value :  2.89972e-07
 Reference value :  2.90051e-07
 Reference value :  2.90231e-07
 Reference value :  2.90331e-07
 Reference value :  2.90427e-07
 Reference value :  2.90444e-07
 Reference value :  2.90625e-07
 Reference value :  2.90881e-07
 Reference value :  2.90980e-07
 Reference value :  2.91100e-07
 Reference value :  2.91347e-07
 Reference value :  2.91554e-07
 Reference value :  2.91674e-07
 Reference value :  2.91789e-07
 Reference value :  2.91889e-07
 Reference value :  2.91969e-07
 Reference value :  2.92049e-07
 Reference value :  2.92209e-07
 Reference value :  2.92383e-07
 Reference value :  2.92663e-07
 Reference value :  2.92818e-07
 Reference value :  2.93156e-07
 Reference value :  2.93372e-07
 Reference value :  2.93611e-07
 Reference value :  2.93707e-07
 Reference value :  2.93947e-07
 Reference value :  2.94121e-07
 Reference value :  2.94461e-07
 Reference value :  2.94693e-07
 Reference value :  2.94913e-07
 Reference value :  2.95110e-07
 Reference value :  2.95408e-07
 Reference value :  2.95582e-07
 Reference value :  2.95880e-07
 Reference value :  2.96099e-07
 Reference value :  2.96360e-07
 Reference value :  2.96594e-07
 Reference value :  2.96792e-07
 Reference value :  2.96948e-07
 Reference value :  2.97255e-07
 Reference value :  2.97483e-07
 Reference value :  2.97713e-07
 Reference value :  2.97977e-07
 Reference value :  2.98192e-07
 Reference value :  2.98252e-07
 Reference value :  2.98552e-07
 Reference value :  2.98766e-07
 Reference value :  2.99061e-07
 Reference value :  2.99261e-07
 Reference value :  2.99524e-07
 Reference value :  2.99735e-07
 Reference value :  2.99895e-07
No. of Data Rows : 19790
sim/harness: analysis complete
Note: Simulation executed from .control section 
Note: Starting dynamic gmin stepping
Note: Dynamic gmin stepping completed
