
Note: Compatibility modes selected: hs a


Circuit: ** sch_path: /home/ubuntu/loom-workspaces/sky130-pll/.loom/worktrees/issue-129/sim/divider/testbench/tb_divider.sch

option SCALE: Scale is set to 1e-06 for instance and model parameters
option SCALE: Scale is set to 1e-06 for instance and model parameters
option SCALE: Scale is set to 1e-06 for instance and model parameters
option SCALE: Scale is set to 1e-06 for instance and model parameters
Doing analysis at TEMP = -40.000000 and TNOM = 27.000000

Using KLU as Direct Linear Solver
 Reference value :  0.00000e+00
 Reference value :  1.17300e-10
 Reference value :  4.58250e-10
 Reference value :  6.54125e-10
 Reference value :  9.27625e-10
 Reference value :  1.22862e-09
 Reference value :  1.46312e-09
 Reference value :  1.78312e-09
 Reference value :  1.95762e-09
 Reference value :  2.27625e-09
 Reference value :  2.47212e-09
 Reference value :  2.73512e-09
 Reference value :  2.94662e-09
 Reference value :  3.22112e-09
 Reference value :  3.54112e-09
 Reference value :  3.69563e-09
 Reference value :  4.01563e-09
 Reference value :  4.23013e-09
 Reference value :  4.54625e-09
 Reference value :  4.72463e-09
 Reference value :  5.00000e-09
 Reference value :  5.13542e-09
 Reference value :  5.43542e-09
 Reference value :  5.63363e-09
 Reference value :  5.87363e-09
 Reference value :  6.01400e-09
 Reference value :  6.25000e-09
 Reference value :  6.44263e-09
 Reference value :  6.78263e-09
 Reference value :  6.93713e-09
 Reference value :  7.15713e-09
 Reference value :  7.31162e-09
 Reference value :  7.61162e-09
 Reference value :  7.76612e-09
 Reference value :  8.04612e-09
 Reference value :  8.26062e-09
 Reference value :  8.58062e-09
 Reference value :  8.77513e-09
 Reference value :  9.03512e-09
 Reference value :  9.22962e-09
 Reference value :  9.54450e-09
 Reference value :  9.74412e-09
 Reference value :  1.00124e-08
 Reference value :  1.02986e-08
 Reference value :  1.04791e-08
 Reference value :  1.07731e-08
 Reference value :  1.10076e-08
 Reference value :  1.13276e-08
 Reference value :  1.15221e-08
 Reference value :  1.17821e-08
 Reference value :  1.19766e-08
 Reference value :  1.21766e-08
 Reference value :  1.23711e-08
 Reference value :  1.27272e-08
 Reference value :  1.29256e-08
 Reference value :  1.31939e-08
 Reference value :  1.33801e-08
 Reference value :  1.36387e-08
 Reference value :  1.38346e-08
 Reference value :  1.40895e-08
 Reference value :  1.43091e-08
 Reference value :  1.45626e-08
 Reference value :  1.48636e-08
 Reference value :  1.50119e-08
 Reference value :  1.52181e-08
 Reference value :  1.54530e-08
 Reference value :  1.56726e-08
 Reference value :  1.58726e-08
 Reference value :  1.60871e-08
 Reference value :  1.63754e-08
 Reference value :  1.66416e-08
 Reference value :  1.68561e-08
 Reference value :  1.71161e-08
 Reference value :  1.73083e-08
 Reference value :  1.75883e-08
 Reference value :  1.77406e-08
 Reference value :  1.80651e-08
 Reference value :  1.82796e-08
 Reference value :  1.86171e-08
 Reference value :  1.87741e-08
 Reference value :  1.90341e-08
 Reference value :  1.91263e-08
 Reference value :  1.94463e-08
 Reference value :  1.96631e-08
 Reference value :  1.99992e-08
 Reference value :  2.02376e-08
 Reference value :  2.04676e-08
 Reference value :  2.07121e-08
 Reference value :  2.09195e-08
 Reference value :  2.11643e-08
 Reference value :  2.13740e-08
 Reference value :  2.16211e-08
 Reference value :  2.18756e-08
 Reference value :  2.21956e-08
 Reference value :  2.22717e-08
 Reference value :  2.24301e-08
 Reference value :  2.26701e-08
 Reference value :  2.28823e-08
 Reference value :  2.31609e-08
 Reference value :  2.33791e-08
 Reference value :  2.36465e-08
 Reference value :  2.39136e-08
 Reference value :  2.41010e-08
 Reference value :  2.42881e-08
 Reference value :  2.45430e-08
 Reference value :  2.47603e-08
 Reference value :  2.50056e-08
 Reference value :  2.52371e-08
 Reference value :  2.55116e-08
 Reference value :  2.58316e-08
 Reference value :  2.60061e-08
 Reference value :  2.62461e-08
 Reference value :  2.64383e-08
 Reference value :  2.67383e-08
 Reference value :  2.69351e-08
 Reference value :  2.72700e-08
 Reference value :  2.73696e-08
 Reference value :  2.77071e-08
 Reference value :  2.78841e-08
 Reference value :  2.81790e-08
 Reference value :  2.83563e-08
 Reference value :  2.85963e-08
 Reference value :  2.87531e-08
 Reference value :  2.90880e-08
 Reference value :  2.92876e-08
 Reference value :  2.95462e-08
 Reference value :  2.97421e-08
 Reference value :  2.99796e-08
 Reference value :  3.01566e-08
 Reference value :  3.04515e-08
 Reference value :  3.06311e-08
 Reference value :  3.09185e-08
 Reference value :  3.11456e-08
 Reference value :  3.13861e-08
 Reference value :  3.16601e-08
 Reference value :  3.17601e-08
 Reference value :  3.19146e-08
 Reference value :  3.22346e-08
 Reference value :  3.24491e-08
 Reference value :  3.27374e-08
 Reference value :  3.30236e-08
 Reference value :  3.31936e-08
 Reference value :  3.35181e-08
 Reference value :  3.37103e-08
 Reference value :  3.40103e-08
 Reference value :  3.42271e-08
 Reference value :  3.44671e-08
 Reference value :  3.46816e-08
 Reference value :  3.49791e-08
 Reference value :  3.51561e-08
 Reference value :  3.54548e-08
 Reference value :  3.56506e-08
 Reference value :  3.59067e-08
 Reference value :  3.60651e-08
 Reference value :  3.63426e-08
 Reference value :  3.64796e-08
 Reference value :  3.67596e-08
 Reference value :  3.69341e-08
 Reference value :  3.72815e-08
 Reference value :  3.75263e-08
 Reference value :  3.77421e-08
 Reference value :  3.79631e-08
 Reference value :  3.81861e-08
 Reference value :  3.84576e-08
 Reference value :  3.86511e-08
 Reference value :  3.89921e-08
 Reference value :  3.91866e-08
 Reference value :  3.95066e-08
 Reference value :  3.97011e-08
 Reference value :  3.98811e-08
 Reference value :  4.00556e-08
 Reference value :  4.03356e-08
 Reference value :  4.05301e-08
 Reference value :  4.08701e-08
 Reference value :  4.10823e-08
 Reference value :  4.13676e-08
 Reference value :  4.15591e-08
 Reference value :  4.18178e-08
 Reference value :  4.20536e-08
 Reference value :  4.22819e-08
 Reference value :  4.25481e-08
 Reference value :  4.27826e-08
 Reference value :  4.31226e-08
 Reference value :  4.32971e-08
 Reference value :  4.35571e-08
 Reference value :  4.37116e-08
 Reference value :  4.40316e-08
 Reference value :  4.42061e-08
 Reference value :  4.45447e-08
 Reference value :  4.48006e-08
 Reference value :  4.50089e-08
 Reference value :  4.52351e-08
 Reference value :  4.54649e-08
 Reference value :  4.57873e-08
 Reference value :  4.59641e-08
 Reference value :  4.63241e-08
 Reference value :  4.65386e-08
 Reference value :  4.68216e-08
 Reference value :  4.70331e-08
 Reference value :  4.72718e-08
 Reference value :  4.75276e-08
 Reference value :  4.77350e-08
 Reference value :  4.80221e-08
 Reference value :  4.82766e-08
 Reference value :  4.86141e-08
 Reference value :  4.87911e-08
 Reference value :  4.90511e-08
 Reference value :  4.92833e-08
 Reference value :  4.95443e-08
 Reference value :  4.97601e-08
 Reference value :  4.98801e-08
 Reference value :  5.01146e-08
 Reference value :  5.04495e-08
 Reference value :  5.05891e-08
 Reference value :  5.08491e-08
 Reference value :  5.09836e-08
 Reference value :  5.12036e-08
 Reference value :  5.13719e-08
 Reference value :  5.16381e-08
 Reference value :  5.18926e-08
 Reference value :  5.22126e-08
 Reference value :  5.24071e-08
 Reference value :  5.26271e-08
 Reference value :  5.28393e-08
 Reference value :  5.30793e-08
 Reference value :  5.32561e-08
 Reference value :  5.35761e-08
 Reference value :  5.36906e-08
 Reference value :  5.40106e-08
 Reference value :  5.41851e-08
 Reference value :  5.44851e-08
 Reference value :  5.46396e-08
 Reference value :  5.49596e-08
 Reference value :  5.51741e-08
 Reference value :  5.54615e-08
 Reference value :  5.57486e-08
 Reference value :  5.59169e-08
 Reference value :  5.62231e-08
 Reference value :  5.64353e-08
 Reference value :  5.67753e-08
 Reference value :  5.69321e-08
 Reference value :  5.71921e-08
 Reference value :  5.74066e-08
 Reference value :  5.77041e-08
 Reference value :  5.79211e-08
 Reference value :  5.81911e-08
 Reference value :  5.84756e-08
 Reference value :  5.86561e-08
 Reference value :  5.89101e-08
 Reference value :  5.90931e-08
 Reference value :  5.91001e-08
 Reference value :  5.92846e-08
 Reference value :  5.95221e-08
 Reference value :  5.97391e-08
 Reference value :  6.00126e-08
 Reference value :  6.03336e-08
 Reference value :  6.05081e-08
 Reference value :  6.07281e-08
 Reference value :  6.09426e-08
 Reference value :  6.12226e-08
 Reference value :  6.14371e-08
 Reference value :  6.17771e-08
 Reference value :  6.19916e-08
 Reference value :  6.22677e-08
 Reference value :  6.24661e-08
 Reference value :  6.27247e-08
 Reference value :  6.29406e-08
 Reference value :  6.31792e-08
 Reference value :  6.33951e-08
 Reference value :  6.36696e-08
 Reference value :  6.39896e-08
 Reference value :  6.42041e-08
 Reference value :  6.44641e-08
 Reference value :  6.46586e-08
 Reference value :  6.49386e-08
 Reference value :  6.51331e-08
 Reference value :  6.54561e-08
 Reference value :  6.57076e-08
 Reference value :  6.59176e-08
 Reference value :  6.61221e-08
 Reference value :  6.63695e-08
 Reference value :  6.66343e-08
 Reference value :  6.68240e-08
 Reference value :  6.71111e-08
 Reference value :  6.73256e-08
 Reference value :  6.76656e-08
 Reference value :  6.78401e-08
 Reference value :  6.79401e-08
 Reference value :  6.81401e-08
 Reference value :  6.83546e-08
 Reference value :  6.86307e-08
 Reference value :  6.88291e-08
 Reference value :  6.91096e-08
 Reference value :  6.94036e-08
 Reference value :  6.96181e-08
 Reference value :  6.98781e-08
 Reference value :  7.00326e-08
 Reference value :  7.03326e-08
 Reference value :  7.04871e-08
 Reference value :  7.08471e-08
 Reference value :  7.10416e-08
 Reference value :  7.13577e-08
 Reference value :  7.15361e-08
 Reference value :  7.18122e-08
 Reference value :  7.20306e-08
 Reference value :  7.22655e-08
 Reference value :  7.24451e-08
 Reference value :  7.27325e-08
 Reference value :  7.30196e-08
 Reference value :  7.32141e-08
 Reference value :  7.34941e-08
 Reference value :  7.36863e-08
 Reference value :  7.39263e-08
 Reference value :  7.40986e-08
 Reference value :  7.43831e-08
 Reference value :  7.46353e-08
 Reference value :  7.49553e-08
 Reference value :  7.51321e-08
 Reference value :  7.52321e-08
 Reference value :  7.54595e-08
 Reference value :  7.56666e-08
 Reference value :  7.59027e-08
 Reference value :  7.61211e-08
 Reference value :  7.63746e-08
 Reference value :  7.66756e-08
 Reference value :  7.68701e-08
 Reference value :  7.71701e-08
 Reference value :  7.73446e-08
 Reference value :  7.76246e-08
 Reference value :  7.78191e-08
 Reference value :  7.81391e-08
 Reference value :  7.83336e-08
 Reference value :  7.86111e-08
 Reference value :  7.87881e-08
 Reference value :  7.90964e-08
 Reference value :  7.93626e-08
 Reference value :  7.95771e-08
 Reference value :  7.96971e-08
 Reference value :  7.99746e-08
 Reference value :  8.01516e-08
 Reference value :  8.04291e-08
 Reference value :  8.06261e-08
 Reference value :  8.09047e-08
 Reference value :  8.11406e-08
 Reference value :  8.13689e-08
 Reference value :  8.16151e-08
 Reference value :  8.18160e-08
 Reference value :  8.20673e-08
 Reference value :  8.22726e-08
 Reference value :  8.25241e-08
 Reference value :  8.27786e-08
 Reference value :  8.30786e-08
 Reference value :  8.32731e-08
 Reference value :  8.34731e-08
 Reference value :  8.36876e-08
 Reference value :  8.39876e-08
 Reference value :  8.41621e-08
 Reference value :  8.45370e-08
 Reference value :  8.47366e-08
 Reference value :  8.50049e-08
 Reference value :  8.52111e-08
 Reference value :  8.53511e-08
 Reference value :  8.55056e-08
 Reference value :  8.58256e-08
 Reference value :  8.59801e-08
 Reference value :  8.63376e-08
 Reference value :  8.65346e-08
 Reference value :  8.68095e-08
 Reference value :  8.69891e-08
 Reference value :  8.72640e-08
 Reference value :  8.74836e-08
 Reference value :  8.77266e-08
 Reference value :  8.79781e-08
 Reference value :  8.81986e-08
 Reference value :  8.84526e-08
 Reference value :  8.86461e-08
 Reference value :  8.88871e-08
 Reference value :  8.90954e-08
 Reference value :  8.92216e-08
 Reference value :  8.95191e-08
 Reference value :  8.96961e-08
 Reference value :  8.99736e-08
 Reference value :  9.01683e-08
 Reference value :  9.04269e-08
 Reference value :  9.04851e-08
 Reference value :  9.07251e-08
 Reference value :  9.09396e-08
 Reference value :  9.12396e-08
 Reference value :  9.14341e-08
 Reference value :  9.17541e-08
 Reference value :  9.19486e-08
 Reference value :  9.22672e-08
 Reference value :  9.24431e-08
 Reference value :  9.27192e-08
 Reference value :  9.29176e-08
 Reference value :  9.31762e-08
 Reference value :  9.33921e-08
 Reference value :  9.35321e-08
 Reference value :  9.37466e-08
 Reference value :  9.40466e-08
 Reference value :  9.42211e-08
 Reference value :  9.44611e-08
 Reference value :  9.46556e-08
 Reference value :  9.49556e-08
 Reference value :  9.51701e-08
 Reference value :  9.54584e-08
 Reference value :  9.57446e-08
 Reference value :  9.59591e-08
 Reference value :  9.61991e-08
 Reference value :  9.63726e-08
 Reference value :  9.65936e-08
 Reference value :  9.68097e-08
 Reference value :  9.70281e-08
 Reference value :  9.73003e-08
 Reference value :  9.76203e-08
 Reference value :  9.78171e-08
 Reference value :  9.80571e-08
 Reference value :  9.82316e-08
 Reference value :  9.85316e-08
 Reference value :  9.87061e-08
 Reference value :  9.90061e-08
 Reference value :  9.92206e-08
 Reference value :  9.95367e-08
 Reference value :  9.97551e-08
 Reference value :  9.99912e-08
 Reference value :  1.00190e-07
 Reference value :  1.00457e-07
 Reference value :  1.00724e-07
 Reference value :  1.00959e-07
 Reference value :  1.01279e-07
 Reference value :  1.01473e-07
 Reference value :  1.01809e-07
 Reference value :  1.02028e-07
 Reference value :  1.02275e-07
 Reference value :  1.02442e-07
 Reference value :  1.02542e-07
 Reference value :  1.02743e-07
 Reference value :  1.03037e-07
 Reference value :  1.03231e-07
 Reference value :  1.03609e-07
 Reference value :  1.03806e-07
 Reference value :  1.04084e-07
 Reference value :  1.04260e-07
 Reference value :  1.04535e-07
 Reference value :  1.04735e-07
 Reference value :  1.04989e-07
 Reference value :  1.05209e-07
 Reference value :  1.05469e-07
 Reference value :  1.05761e-07
 Reference value :  1.05958e-07
 Reference value :  1.06178e-07
 Reference value :  1.06372e-07
 Reference value :  1.06673e-07
 Reference value :  1.06887e-07
 Reference value :  1.07227e-07
 Reference value :  1.07402e-07
 Reference value :  1.07716e-07
 Reference value :  1.07896e-07
 Reference value :  1.08154e-07
 Reference value :  1.08351e-07
 Reference value :  1.08625e-07
 Reference value :  1.08805e-07
 Reference value :  1.09099e-07
 Reference value :  1.09380e-07
 Reference value :  1.09594e-07
 Reference value :  1.09834e-07
 Reference value :  1.10015e-07
 Reference value :  1.10329e-07
 Reference value :  1.10523e-07
 Reference value :  1.10898e-07
 Reference value :  1.11078e-07
 Reference value :  1.11335e-07
 Reference value :  1.11512e-07
 Reference value :  1.11790e-07
 Reference value :  1.11967e-07
 Reference value :  1.12244e-07
 Reference value :  1.12401e-07
 Reference value :  1.12729e-07
 Reference value :  1.12973e-07
 Reference value :  1.13184e-07
 Reference value :  1.13390e-07
 Reference value :  1.13633e-07
 Reference value :  1.13905e-07
 Reference value :  1.14098e-07
 Reference value :  1.14439e-07
 Reference value :  1.14654e-07
 Reference value :  1.14990e-07
 Reference value :  1.15168e-07
 Reference value :  1.15426e-07
 Reference value :  1.15623e-07
 Reference value :  1.15897e-07
 Reference value :  1.16117e-07
 Reference value :  1.16353e-07
 Reference value :  1.16592e-07
 Reference value :  1.16822e-07
 Reference value :  1.17066e-07
 Reference value :  1.17274e-07
 Reference value :  1.17521e-07
 Reference value :  1.17729e-07
 Reference value :  1.17995e-07
 Reference value :  1.18250e-07
 Reference value :  1.18570e-07
 Reference value :  1.18764e-07
 Reference value :  1.19024e-07
 Reference value :  1.19159e-07
 Reference value :  1.19239e-07
 Reference value :  1.19459e-07
 Reference value :  1.19633e-07
 Reference value :  1.19953e-07
 Reference value :  1.20168e-07
 Reference value :  1.20451e-07
 Reference value :  1.20622e-07
 Reference value :  1.20802e-07
 Reference value :  1.20937e-07
 Reference value :  1.21237e-07
 Reference value :  1.21411e-07
 Reference value :  1.21731e-07
 Reference value :  1.21926e-07
 Reference value :  1.22262e-07
 Reference value :  1.22460e-07
 Reference value :  1.22715e-07
 Reference value :  1.22915e-07
 Reference value :  1.23182e-07
 Reference value :  1.23449e-07
 Reference value :  1.23684e-07
 Reference value :  1.24024e-07
 Reference value :  1.24198e-07
 Reference value :  1.24537e-07
 Reference value :  1.24793e-07
 Reference value :  1.25006e-07
 Reference value :  1.25267e-07
 Reference value :  1.25461e-07
 Reference value :  1.25762e-07
 Reference value :  1.25956e-07
 Reference value :  1.26296e-07
 Reference value :  1.26511e-07
 Reference value :  1.26807e-07
 Reference value :  1.27005e-07
 Reference value :  1.27260e-07
 Reference value :  1.27460e-07
 Reference value :  1.27620e-07
 Reference value :  1.27814e-07
 Reference value :  1.28170e-07
 Reference value :  1.28389e-07
 Reference value :  1.28639e-07
 Reference value :  1.28863e-07
 Reference value :  1.29082e-07
 Reference value :  1.29298e-07
 Reference value :  1.29546e-07
 Reference value :  1.29832e-07
 Reference value :  1.30087e-07
 Reference value :  1.30424e-07
 Reference value :  1.30601e-07
 Reference value :  1.30879e-07
 Reference value :  1.31076e-07
 Reference value :  1.31352e-07
 Reference value :  1.31550e-07
 Reference value :  1.31829e-07
 Reference value :  1.32142e-07
 Reference value :  1.32319e-07
 Reference value :  1.32599e-07
 Reference value :  1.32791e-07
 Reference value :  1.33071e-07
 Reference value :  1.33268e-07
 Reference value :  1.33624e-07
 Reference value :  1.33823e-07
 Reference value :  1.34086e-07
 Reference value :  1.34297e-07
 Reference value :  1.34533e-07
 Reference value :  1.34752e-07
 Reference value :  1.34969e-07
 Reference value :  1.35186e-07
 Reference value :  1.35460e-07
 Reference value :  1.35761e-07
 Reference value :  1.35975e-07
 Reference value :  1.36215e-07
 Reference value :  1.36410e-07
 Reference value :  1.36730e-07
 Reference value :  1.36944e-07
 Reference value :  1.37184e-07
 Reference value :  1.37379e-07
 Reference value :  1.37715e-07
 Reference value :  1.37893e-07
 Reference value :  1.38169e-07
 Reference value :  1.38368e-07
 Reference value :  1.38622e-07
 Reference value :  1.38802e-07
 Reference value :  1.39096e-07
 Reference value :  1.39417e-07
 Reference value :  1.39591e-07
 Reference value :  1.39851e-07
 Reference value :  1.40005e-07
 Reference value :  1.40306e-07
 Reference value :  1.40480e-07
 Reference value :  1.40860e-07
 Reference value :  1.41055e-07
 Reference value :  1.41353e-07
 Reference value :  1.41549e-07
 Reference value :  1.41804e-07
 Reference value :  1.41984e-07
 Reference value :  1.42224e-07
 Reference value :  1.42398e-07
 Reference value :  1.42725e-07
 Reference value :  1.42973e-07
 Reference value :  1.43193e-07
 Reference value :  1.43427e-07
 Reference value :  1.43641e-07
 Reference value :  1.43922e-07
 Reference value :  1.44116e-07
 Reference value :  1.44436e-07
 Reference value :  1.44651e-07
 Reference value :  1.44968e-07
 Reference value :  1.45145e-07
 Reference value :  1.45423e-07
 Reference value :  1.45500e-07
 Reference value :  1.45640e-07
 Reference value :  1.45820e-07
 Reference value :  1.45954e-07
 Reference value :  1.46154e-07
 Reference value :  1.46349e-07
 Reference value :  1.46449e-07
 Reference value :  1.46669e-07
 Reference value :  1.46769e-07
 Reference value :  1.46829e-07
 Reference value :  1.46943e-07
 Reference value :  1.47264e-07
 Reference value :  1.47475e-07
 Reference value :  1.47694e-07
 Reference value :  1.47852e-07
 Reference value :  1.48092e-07
 Reference value :  1.48304e-07
 Reference value :  1.48603e-07
 Reference value :  1.48640e-07
 Reference value :  1.48941e-07
 Reference value :  1.49156e-07
 Reference value :  1.49356e-07
 Reference value :  1.49556e-07
 Reference value :  1.49810e-07
 Reference value :  1.50000e-07
 Reference value :  1.50205e-07
 Reference value :  1.50440e-07
 Reference value :  1.50659e-07
 Reference value :  1.50934e-07
 Reference value :  1.51254e-07
 Reference value :  1.51468e-07
 Reference value :  1.51668e-07
 Reference value :  1.51863e-07
 Reference value :  1.52103e-07
 Reference value :  1.52297e-07
 Reference value :  1.52597e-07
 Reference value :  1.52832e-07
 Reference value :  1.53168e-07
 Reference value :  1.53346e-07
 Reference value :  1.53622e-07
 Reference value :  1.53821e-07
 Reference value :  1.54079e-07
 Reference value :  1.54315e-07
 Reference value :  1.54590e-07
 Reference value :  1.54910e-07
 Reference value :  1.55104e-07
 Reference value :  1.55364e-07
 Reference value :  1.55539e-07
 Reference value :  1.55859e-07
 Reference value :  1.56033e-07
 Reference value :  1.56360e-07
 Reference value :  1.56608e-07
 Reference value :  1.56828e-07
 Reference value :  1.57102e-07
 Reference value :  1.57272e-07
 Reference value :  1.57557e-07
 Reference value :  1.57730e-07
 Reference value :  1.58031e-07
 Reference value :  1.58246e-07
 Reference value :  1.58586e-07
 Reference value :  1.58760e-07
 Reference value :  1.59020e-07
 Reference value :  1.59195e-07
 Reference value :  1.59495e-07
 Reference value :  1.59709e-07
 Reference value :  1.59967e-07
 Reference value :  1.60144e-07
 Reference value :  1.60440e-07
 Reference value :  1.60618e-07
 Reference value :  1.60876e-07
 Reference value :  1.61053e-07
 Reference value :  1.61153e-07
 Reference value :  1.61356e-07
 Reference value :  1.61627e-07
 Reference value :  1.61862e-07
 Reference value :  1.62202e-07
 Reference value :  1.62396e-07
 Reference value :  1.62636e-07
 Reference value :  1.62808e-07
 Reference value :  1.63108e-07
 Reference value :  1.63285e-07
 Reference value :  1.63622e-07
 Reference value :  1.63877e-07
 Reference value :  1.64093e-07
 Reference value :  1.64314e-07
 Reference value :  1.64530e-07
 Reference value :  1.64709e-07
 Reference value :  1.64966e-07
 Reference value :  1.65163e-07
 Reference value :  1.65453e-07
 Reference value :  1.65758e-07
 Reference value :  1.65972e-07
 Reference value :  1.66192e-07
 Reference value :  1.66355e-07
 Reference value :  1.66487e-07
 Reference value :  1.66647e-07
 Reference value :  1.66817e-07
 Reference value :  1.67061e-07
 Reference value :  1.67271e-07
 Reference value :  1.67556e-07
 Reference value :  1.67750e-07
 Reference value :  1.68010e-07
 Reference value :  1.68180e-07
 Reference value :  1.68425e-07
 Reference value :  1.68645e-07
 Reference value :  1.68799e-07
 Reference value :  1.69089e-07
 Reference value :  1.69374e-07
 Reference value :  1.69554e-07
 Reference value :  1.69868e-07
 Reference value :  1.70063e-07
 Reference value :  1.70363e-07
 Reference value :  1.70557e-07
 Reference value :  1.70817e-07
 Reference value :  1.70992e-07
 Reference value :  1.71312e-07
 Reference value :  1.71486e-07
 Reference value :  1.71813e-07
 Reference value :  1.72061e-07
 Reference value :  1.72281e-07
 Reference value :  1.72535e-07
 Reference value :  1.72723e-07
 Reference value :  1.72970e-07
 Reference value :  1.73147e-07
 Reference value :  1.73180e-07
 Reference value :  1.73344e-07
 Reference value :  1.73564e-07
 Reference value :  1.73679e-07
 Reference value :  1.73799e-07
 Reference value :  1.73919e-07
 Reference value :  1.74113e-07
 Reference value :  1.74313e-07
 Reference value :  1.74540e-07
 Reference value :  1.74808e-07
 Reference value :  1.75008e-07
 Reference value :  1.75362e-07
 Reference value :  1.75577e-07
 Reference value :  1.75737e-07
 Reference value :  1.75857e-07
 Reference value :  1.75907e-07
 Reference value :  1.76051e-07
 Reference value :  1.76251e-07
 Reference value :  1.76347e-07
 Reference value :  1.76359e-07
 Reference value :  1.76606e-07
 Reference value :  1.76814e-07
 Reference value :  1.77120e-07
 Reference value :  1.77335e-07
 Reference value :  1.77655e-07
 Reference value :  1.77829e-07
 Reference value :  1.78089e-07
 Reference value :  1.78264e-07
 Reference value :  1.78564e-07
 Reference value :  1.78778e-07
 Reference value :  1.79086e-07
 Reference value :  1.79310e-07
 Reference value :  1.79541e-07
 Reference value :  1.79787e-07
 Reference value :  1.79995e-07
 Reference value :  1.80262e-07
 Reference value :  1.80452e-07
 Reference value :  1.80776e-07
 Reference value :  1.80991e-07
 Reference value :  1.81311e-07
 Reference value :  1.81425e-07
 Reference value :  1.81665e-07
 Reference value :  1.81880e-07
 Reference value :  1.82180e-07
 Reference value :  1.82394e-07
 Reference value :  1.82721e-07
 Reference value :  1.82969e-07
 Reference value :  1.83182e-07
 Reference value :  1.83423e-07
 Reference value :  1.83633e-07
 Reference value :  1.83878e-07
 Reference value :  1.84086e-07
 Reference value :  1.84332e-07
 Reference value :  1.84539e-07
 Reference value :  1.84707e-07
 Reference value :  1.84985e-07
 Reference value :  1.85181e-07
 Reference value :  1.85437e-07
 Reference value :  1.85656e-07
 Reference value :  1.85894e-07
 Reference value :  1.86150e-07
 Reference value :  1.86405e-07
 Reference value :  1.86725e-07
 Reference value :  1.86919e-07
 Reference value :  1.87119e-07
 Reference value :  1.87294e-07
 Reference value :  1.87514e-07
 Reference value :  1.87717e-07
 Reference value :  1.87968e-07
 Reference value :  1.88203e-07
 Reference value :  1.88523e-07
 Reference value :  1.88717e-07
 Reference value :  1.88957e-07
 Reference value :  1.89132e-07
 Reference value :  1.89432e-07
 Reference value :  1.89586e-07
 Reference value :  1.89906e-07
 Reference value :  1.90121e-07
 Reference value :  1.90437e-07
 Reference value :  1.90635e-07
 Reference value :  1.90890e-07
 Reference value :  1.91070e-07
 Reference value :  1.91190e-07
 Reference value :  1.91424e-07
 Reference value :  1.91744e-07
 Reference value :  1.91939e-07
 Reference value :  1.92253e-07
 Reference value :  1.92453e-07
 Reference value :  1.92712e-07
 Reference value :  1.92828e-07
 Reference value :  1.93008e-07
 Reference value :  1.93181e-07
 Reference value :  1.93402e-07
 Reference value :  1.93629e-07
 Reference value :  1.93897e-07
 Reference value :  1.94111e-07
 Reference value :  1.94451e-07
 Reference value :  1.94643e-07
 Reference value :  1.94823e-07
 Reference value :  1.95040e-07
 Reference value :  1.95300e-07
 Reference value :  1.95475e-07
 Reference value :  1.95735e-07
 Reference value :  1.95905e-07
 Reference value :  1.96109e-07
 Reference value :  1.96345e-07
 Reference value :  1.96544e-07
 Reference value :  1.96807e-07
 Reference value :  1.96998e-07
 Reference value :  1.97218e-07
 Reference value :  1.97413e-07
 Reference value :  1.97573e-07
 Reference value :  1.97747e-07
 Reference value :  1.97967e-07
 Reference value :  1.98163e-07
 Reference value :  1.98382e-07
 Reference value :  1.98629e-07
 Reference value :  1.98816e-07
 Reference value :  1.99071e-07
 Reference value :  1.99271e-07
 Reference value :  1.99529e-07
 Reference value :  1.99685e-07
 Reference value :  1.99925e-07
 Reference value :  2.00120e-07
 Reference value :  2.00436e-07
 Reference value :  2.00594e-07
 Reference value :  2.00872e-07
 Reference value :  2.01029e-07
 Reference value :  2.01343e-07
 Reference value :  2.01563e-07
 Reference value :  2.01781e-07
 Reference value :  2.01838e-07
 Reference value :  2.02058e-07
 Reference value :  2.02098e-07
 Reference value :  2.02138e-07
 Reference value :  2.02178e-07
 Reference value :  2.02218e-07
 Reference value :  2.02254e-07
 Reference value :  2.02266e-07
 Reference value :  2.02271e-07
 Reference value :  2.02292e-07
 Reference value :  2.02332e-07
 Reference value :  2.02392e-07
 Reference value :  2.02412e-07
 Reference value :  2.02572e-07
 Reference value :  2.02632e-07
 Reference value :  2.02690e-07
 Reference value :  2.02827e-07
 Reference value :  2.03107e-07
 Reference value :  2.03281e-07
 Reference value :  2.03624e-07
 Reference value :  2.03716e-07
 Reference value :  2.03776e-07
 Reference value :  2.03876e-07
 Reference value :  2.04083e-07
 Reference value :  2.04270e-07
 Reference value :  2.04526e-07
 Reference value :  2.04645e-07
 Reference value :  2.04825e-07
 Reference value :  2.04979e-07
 Reference value :  2.05159e-07
 Reference value :  2.05453e-07
 Reference value :  2.05674e-07
 Reference value :  2.05834e-07
 Reference value :  2.05928e-07
 Reference value :  2.06168e-07
 Reference value :  2.06362e-07
 Reference value :  2.06623e-07
 Reference value :  2.06813e-07
 Reference value :  2.06977e-07
 Reference value :  2.07157e-07
 Reference value :  2.07352e-07
 Reference value :  2.07689e-07
 Reference value :  2.07866e-07
 Reference value :  2.08106e-07
 Reference value :  2.08301e-07
 Reference value :  2.08598e-07
 Reference value :  2.08641e-07
 Reference value :  2.08835e-07
 Reference value :  2.09096e-07
 Reference value :  2.09390e-07
 Reference value :  2.09584e-07
 Reference value :  2.09804e-07
 Reference value :  2.09997e-07
 Reference value :  2.10236e-07
 Reference value :  2.10415e-07
 Reference value :  2.10473e-07
 Reference value :  2.10793e-07
 Reference value :  2.11008e-07
 Reference value :  2.11268e-07
 Reference value :  2.11422e-07
 Reference value :  2.11582e-07
 Reference value :  2.11805e-07
 Reference value :  2.11997e-07
 Reference value :  2.12255e-07
 Reference value :  2.12431e-07
 Reference value :  2.12707e-07
 Reference value :  2.12719e-07
 Reference value :  2.12986e-07
 Reference value :  2.13200e-07
 Reference value :  2.13480e-07
 Reference value :  2.13634e-07
 Reference value :  2.13735e-07
 Reference value :  2.14035e-07
 Reference value :  2.14229e-07
 Reference value :  2.14525e-07
 Reference value :  2.14764e-07
 Reference value :  2.14978e-07
 Reference value :  2.15078e-07
 Reference value :  2.15118e-07
 Reference value :  2.15158e-07
 Reference value :  2.15198e-07
 Reference value :  2.15258e-07
 Reference value :  2.15318e-07
 Reference value :  2.15358e-07
 Reference value :  2.15416e-07
 Reference value :  2.15434e-07
 Reference value :  2.15445e-07
 Reference value :  2.15452e-07
 Reference value :  2.15493e-07
 Reference value :  2.15533e-07
 Reference value :  2.15573e-07
 Reference value :  2.15633e-07
 Reference value :  2.15693e-07
 Reference value :  2.15733e-07
 Reference value :  2.15773e-07
 Reference value :  2.15813e-07
 Reference value :  2.15853e-07
 Reference value :  2.15887e-07
 Reference value :  2.15896e-07
 Reference value :  2.15903e-07
 Reference value :  2.15967e-07
 Reference value :  2.16047e-07
 Reference value :  2.16087e-07
 Reference value :  2.16307e-07
 Reference value :  2.16462e-07
 Reference value :  2.16742e-07
 Reference value :  2.16956e-07
 Reference value :  2.17255e-07
 Reference value :  2.17471e-07
 Reference value :  2.17591e-07
 Reference value :  2.17785e-07
 Reference value :  2.18065e-07
 Reference value :  2.18240e-07
 Reference value :  2.18500e-07
 Reference value :  2.18618e-07
 Reference value :  2.18874e-07
 Reference value :  2.19077e-07
 Reference value :  2.19129e-07
 Reference value :  2.19369e-07
 Reference value :  2.19563e-07
 Reference value :  2.19763e-07
 Reference value :  2.19990e-07
 Reference value :  2.20198e-07
 Reference value :  2.20318e-07
 Reference value :  2.20434e-07
 Reference value :  2.20512e-07
 Reference value :  2.20832e-07
 Reference value :  2.21007e-07
 Reference value :  2.21341e-07
 Reference value :  2.21501e-07
 Reference value :  2.21779e-07
 Reference value :  2.21836e-07
 Reference value :  2.22136e-07
 Reference value :  2.22310e-07
 Reference value :  2.22630e-07
 Reference value :  2.22865e-07
 Reference value :  2.23159e-07
 Reference value :  2.23175e-07
 Reference value :  2.23279e-07
 Reference value :  2.23539e-07
 Reference value :  2.23714e-07
 Reference value :  2.24034e-07
 Reference value :  2.24248e-07
 Reference value :  2.24536e-07
 Reference value :  2.24723e-07
 Reference value :  2.24863e-07
 Reference value :  2.25077e-07
 Reference value :  2.25337e-07
 Reference value :  2.25529e-07
 Reference value :  2.25849e-07
 Reference value :  2.26006e-07
 Reference value :  2.26266e-07
 Reference value :  2.26461e-07
 Reference value :  2.26796e-07
 Reference value :  2.26955e-07
 Reference value :  2.27250e-07
 Reference value :  2.27370e-07
 Reference value :  2.27570e-07
 Reference value :  2.27730e-07
 Reference value :  2.27824e-07
 Reference value :  2.28163e-07
 Reference value :  2.28379e-07
 Reference value :  2.28629e-07
 Reference value :  2.28773e-07
 Reference value :  2.28853e-07
 Reference value :  2.28973e-07
 Reference value :  2.29128e-07
 Reference value :  2.29428e-07
 Reference value :  2.29622e-07
 Reference value :  2.29978e-07
 Reference value :  2.30057e-07
 Reference value :  2.30377e-07
 Reference value :  2.30571e-07
 Reference value :  2.30831e-07
 Reference value :  2.30986e-07
 Reference value :  2.31146e-07
 Reference value :  2.31286e-07
 Reference value :  2.31500e-07
 Reference value :  2.31808e-07
 Reference value :  2.32095e-07
 Reference value :  2.32309e-07
 Reference value :  2.32529e-07
 Reference value :  2.32649e-07
 Reference value :  2.32717e-07
 Reference value :  2.32924e-07
 Reference value :  2.33158e-07
 Reference value :  2.33378e-07
 Reference value :  2.33625e-07
 Reference value :  2.33753e-07
 Reference value :  2.34013e-07
 Reference value :  2.34207e-07
 Reference value :  2.34447e-07
 Reference value :  2.34622e-07
 Reference value :  2.34902e-07
 Reference value :  2.35096e-07
 Reference value :  2.35316e-07
 Reference value :  2.35511e-07
 Reference value :  2.35571e-07
 Reference value :  2.35885e-07
 Reference value :  2.36065e-07
 Reference value :  2.36340e-07
 Reference value :  2.36520e-07
 Reference value :  2.36720e-07
 Reference value :  2.36808e-07
 Reference value :  2.37034e-07
 Reference value :  2.37289e-07
 Reference value :  2.37569e-07
 Reference value :  2.37763e-07
 Reference value :  2.38103e-07
 Reference value :  2.38318e-07
 Reference value :  2.38621e-07
 Reference value :  2.38712e-07
 Reference value :  2.38972e-07
 Reference value :  2.39127e-07
 Reference value :  2.39447e-07
 Reference value :  2.39601e-07
 Reference value :  2.39821e-07
 Reference value :  2.39941e-07
 Reference value :  2.40136e-07
 Reference value :  2.40434e-07
 Reference value :  2.40610e-07
 Reference value :  2.40885e-07
 Reference value :  2.41045e-07
 Reference value :  2.41265e-07
 Reference value :  2.41399e-07
 Reference value :  2.41599e-07
 Reference value :  2.41854e-07
 Reference value :  2.42194e-07
 Reference value :  2.42388e-07
 Reference value :  2.42488e-07
 Reference value :  2.42648e-07
 Reference value :  2.42763e-07
 Reference value :  2.43103e-07
 Reference value :  2.43277e-07
 Reference value :  2.43537e-07
 Reference value :  2.43612e-07
 Reference value :  2.43620e-07
 Reference value :  2.43652e-07
 Reference value :  2.43972e-07
 Reference value :  2.44166e-07
 Reference value :  2.44286e-07
 Reference value :  2.44529e-07
 Reference value :  2.44741e-07
 Reference value :  2.44979e-07
 Reference value :  2.45215e-07
 Reference value :  2.45456e-07
 Reference value :  2.45650e-07
 Reference value :  2.45900e-07
 Reference value :  2.46144e-07
 Reference value :  2.46352e-07
 Reference value :  2.46639e-07
 Reference value :  2.46809e-07
 Reference value :  2.47093e-07
 Reference value :  2.47261e-07
 Reference value :  2.47548e-07
 Reference value :  2.47728e-07
 Reference value :  2.48002e-07
 Reference value :  2.48172e-07
 Reference value :  2.48317e-07
 Reference value :  2.48594e-07
 Reference value :  2.48771e-07
 Reference value :  2.49066e-07
 Reference value :  2.49106e-07
 Reference value :  2.49326e-07
 Reference value :  2.49503e-07
 Reference value :  2.49680e-07
 Reference value :  2.49958e-07
 Reference value :  2.50075e-07
 Reference value :  2.50175e-07
 Reference value :  2.50431e-07
 Reference value :  2.50669e-07
 Reference value :  2.50903e-07
 Reference value :  2.51124e-07
 Reference value :  2.51321e-07
 Reference value :  2.51498e-07
 Reference value :  2.51776e-07
 Reference value :  2.51973e-07
 Reference value :  2.52213e-07
 Reference value :  2.52287e-07
 Reference value :  2.52647e-07
 Reference value :  2.52822e-07
 Reference value :  2.53082e-07
 Reference value :  2.53172e-07
 Reference value :  2.53376e-07
 Reference value :  2.53615e-07
 Reference value :  2.53851e-07
 Reference value :  2.54081e-07
 Reference value :  2.54205e-07
 Reference value :  2.54325e-07
 Reference value :  2.54532e-07
 Reference value :  2.54820e-07
 Reference value :  2.55014e-07
 Reference value :  2.55274e-07
 Reference value :  2.55412e-07
 Reference value :  2.55569e-07
 Reference value :  2.55829e-07
 Reference value :  2.55963e-07
 Reference value :  2.56321e-07
 Reference value :  2.56498e-07
 Reference value :  2.56794e-07
 Reference value :  2.56808e-07
 Reference value :  2.57032e-07
 Reference value :  2.57248e-07
 Reference value :  2.57367e-07
 Reference value :  2.57447e-07
 Reference value :  2.57647e-07
 Reference value :  2.57801e-07
 Reference value :  2.58121e-07
 Reference value :  2.58336e-07
 Reference value :  2.58614e-07
 Reference value :  2.58790e-07
 Reference value :  2.58890e-07
 Reference value :  2.59084e-07
 Reference value :  2.59345e-07
 Reference value :  2.59559e-07
 Reference value :  2.59779e-07
 Reference value :  2.59899e-07
 Reference value :  2.60114e-07
 Reference value :  2.60411e-07
 Reference value :  2.60608e-07
 Reference value :  2.60895e-07
 Reference value :  2.60923e-07
 Reference value :  2.60983e-07
 Reference value :  2.61223e-07
 Reference value :  2.61351e-07
 Reference value :  2.61537e-07
 Reference value :  2.61617e-07
 Reference value :  2.61792e-07
 Reference value :  2.61992e-07
 Reference value :  2.62250e-07
 Reference value :  2.62506e-07
 Reference value :  2.62727e-07
 Reference value :  2.62921e-07
 Reference value :  2.63061e-07
 Reference value :  2.63255e-07
 Reference value :  2.63535e-07
 Reference value :  2.63707e-07
 Reference value :  2.63887e-07
 Reference value :  2.64007e-07
 Reference value :  2.64184e-07
 Reference value :  2.64521e-07
 Reference value :  2.64736e-07
 Reference value :  2.64989e-07
 Reference value :  2.65193e-07
 Reference value :  2.65353e-07
 Reference value :  2.65443e-07
 Reference value :  2.65748e-07
 Reference value :  2.65922e-07
 Reference value :  2.66282e-07
 Reference value :  2.66437e-07
 Reference value :  2.66697e-07
 Reference value :  2.66871e-07
 Reference value :  2.67131e-07
 Reference value :  2.67306e-07
 Reference value :  2.67606e-07
 Reference value :  2.67780e-07
 Reference value :  2.68060e-07
 Reference value :  2.68163e-07
 Reference value :  2.68395e-07
 Reference value :  2.68628e-07
 Reference value :  2.68869e-07
 Reference value :  2.69068e-07
 Reference value :  2.69204e-07
 Reference value :  2.69484e-07
 Reference value :  2.69698e-07
 Reference value :  2.69986e-07
 Reference value :  2.70273e-07
 Reference value :  2.70487e-07
 Reference value :  2.70587e-07
 Reference value :  2.70687e-07
 Reference value :  2.70886e-07
 Reference value :  2.71122e-07
 Reference value :  2.71340e-07
 Reference value :  2.71576e-07
 Reference value :  2.71736e-07
 Reference value :  2.71911e-07
 Reference value :  2.72247e-07
 Reference value :  2.72405e-07
 Reference value :  2.72700e-07
 Reference value :  2.72840e-07
 Reference value :  2.73060e-07
 Reference value :  2.73173e-07
 Reference value :  2.73474e-07
 Reference value :  2.73729e-07
 Reference value :  2.73989e-07
 Reference value :  2.74076e-07
 Reference value :  2.74263e-07
 Reference value :  2.74522e-07
 Reference value :  2.74718e-07
 Reference value :  2.74976e-07
 Reference value :  2.75232e-07
 Reference value :  2.75439e-07
 Reference value :  2.75527e-07
 Reference value :  2.75847e-07
 Reference value :  2.76041e-07
 Reference value :  2.76181e-07
 Reference value :  2.76221e-07
 Reference value :  2.76355e-07
 Reference value :  2.76656e-07
 Reference value :  2.76850e-07
 Reference value :  2.77210e-07
 Reference value :  2.77305e-07
 Reference value :  2.77545e-07
 Reference value :  2.77665e-07
 Reference value :  2.77859e-07
 Reference value :  2.78137e-07
 Reference value :  2.78234e-07
 Reference value :  2.78374e-07
 Reference value :  2.78574e-07
 Reference value :  2.78748e-07
 Reference value :  2.79067e-07
 Reference value :  2.79323e-07
 Reference value :  2.79531e-07
 Reference value :  2.79637e-07
 Reference value :  2.79857e-07
 Reference value :  2.80032e-07
 Reference value :  2.80312e-07
 Reference value :  2.80426e-07
 Reference value :  2.80566e-07
 Reference value :  2.80882e-07
 Reference value :  2.81101e-07
 Reference value :  2.81354e-07
 Reference value :  2.81575e-07
 Reference value :  2.81790e-07
 Reference value :  2.81850e-07
 Reference value :  2.82170e-07
 Reference value :  2.82364e-07
 Reference value :  2.82564e-07
 Reference value :  2.82644e-07
 Reference value :  2.82714e-07
 Reference value :  2.82999e-07
 Reference value :  2.83179e-07
 Reference value :  2.83473e-07
 Reference value :  2.83668e-07
 Reference value :  2.83848e-07
 Reference value :  2.84008e-07
 Reference value :  2.84102e-07
 Reference value :  2.84242e-07
 Reference value :  2.84462e-07
 Reference value :  2.84530e-07
 Reference value :  2.84777e-07
 Reference value :  2.84984e-07
 Reference value :  2.85231e-07
 Reference value :  2.85486e-07
 Reference value :  2.85806e-07
 Reference value :  2.85896e-07
 Reference value :  2.86040e-07
 Reference value :  2.86335e-07
 Reference value :  2.86535e-07
 Reference value :  2.86789e-07
 Reference value :  2.86969e-07
 Reference value :  2.87256e-07
 Reference value :  2.87544e-07
 Reference value :  2.87738e-07
 Reference value :  2.87958e-07
 Reference value :  2.88166e-07
 Reference value :  2.88453e-07
 Reference value :  2.88667e-07
 Reference value :  2.88987e-07
 Reference value :  2.89222e-07
 Reference value :  2.89482e-07
 Reference value :  2.89676e-07
 Reference value :  2.89954e-07
 Reference value :  2.90171e-07
 Reference value :  2.90429e-07
 Reference value :  2.90685e-07
 Reference value :  2.90940e-07
 Reference value :  2.91260e-07
 Reference value :  2.91454e-07
 Reference value :  2.91674e-07
 Reference value :  2.91869e-07
 Reference value :  2.92169e-07
 Reference value :  2.92383e-07
 Reference value :  2.92711e-07
 Reference value :  2.92978e-07
 Reference value :  2.93192e-07
 Reference value :  2.93452e-07
 Reference value :  2.93626e-07
 Reference value :  2.93887e-07
 Reference value :  2.94080e-07
 Reference value :  2.94421e-07
 Reference value :  2.94613e-07
 Reference value :  2.94952e-07
 Reference value :  2.95130e-07
 Reference value :  2.95425e-07
 Reference value :  2.95642e-07
 Reference value :  2.95892e-07
 Reference value :  2.96139e-07
 Reference value :  2.96374e-07
 Reference value :  2.96714e-07
 Reference value :  2.96868e-07
 Reference value :  2.97148e-07
 Reference value :  2.97303e-07
 Reference value :  2.97623e-07
 Reference value :  2.97777e-07
 Reference value :  2.98152e-07
 Reference value :  2.98392e-07
 Reference value :  2.98619e-07
 Reference value :  2.98806e-07
 Reference value :  2.99062e-07
 Reference value :  2.99301e-07
 Reference value :  2.99524e-07
 Reference value :  2.99775e-07
No. of Data Rows : 19790
sim/harness: analysis complete
Note: Simulation executed from .control section 
Note: Starting dynamic gmin stepping
Note: Dynamic gmin stepping completed
