
Note: Compatibility modes selected: hs a


Circuit: ** sch_path: /home/ubuntu/loom-workspaces/sky130-pll/.loom/worktrees/issue-129/sim/divider/testbench/tb_divider.sch

option SCALE: Scale is set to 1e-06 for instance and model parameters
option SCALE: Scale is set to 1e-06 for instance and model parameters
option SCALE: Scale is set to 1e-06 for instance and model parameters
option SCALE: Scale is set to 1e-06 for instance and model parameters
Doing analysis at TEMP = 125.000000 and TNOM = 27.000000

Using KLU as Direct Linear Solver
 Reference value :  0.00000e+00
 Reference value :  5.00000e-13
 Reference value :  4.00000e-12
 Reference value :  1.33000e-11
 Reference value :  1.81000e-11
 Reference value :  3.73000e-11
 Reference value :  7.73000e-11
 Reference value :  1.17300e-10
 Reference value :  1.77300e-10
 Reference value :  2.17300e-10
 Reference value :  2.57300e-10
 Reference value :  2.97300e-10
 Reference value :  3.57300e-10
 Reference value :  3.97300e-10
 Reference value :  4.54500e-10
 Reference value :  4.62625e-10
 Reference value :  4.69625e-10
 Reference value :  4.94125e-10
 Reference value :  5.34125e-10
 Reference value :  5.74125e-10
 Reference value :  6.14125e-10
 Reference value :  6.54125e-10
 Reference value :  6.94125e-10
 Reference value :  7.54125e-10
 Reference value :  8.14125e-10
 Reference value :  8.54125e-10
 Reference value :  8.91563e-10
 Reference value :  9.12750e-10
 Reference value :  9.21500e-10
 Reference value :  9.27625e-10
 Reference value :  9.48625e-10
 Reference value :  9.88625e-10
 Reference value :  1.02862e-09
 Reference value :  1.06862e-09
 Reference value :  1.10862e-09
 Reference value :  1.16862e-09
 Reference value :  1.20862e-09
 Reference value :  1.26862e-09
 Reference value :  1.32862e-09
 Reference value :  1.36475e-09
 Reference value :  1.37600e-09
 Reference value :  1.38212e-09
 Reference value :  1.40312e-09
 Reference value :  1.44312e-09
 Reference value :  1.52312e-09
 Reference value :  1.64312e-09
 Reference value :  1.70312e-09
 Reference value :  1.74312e-09
 Reference value :  1.80056e-09
 Reference value :  1.82175e-09
 Reference value :  1.83137e-09
 Reference value :  1.84362e-09
 Reference value :  1.87762e-09
 Reference value :  1.91762e-09
 Reference value :  1.95762e-09
 Reference value :  2.01762e-09
 Reference value :  2.05762e-09
 Reference value :  2.11762e-09
 Reference value :  2.15762e-09
 Reference value :  2.21762e-09
 Reference value :  2.27250e-09
 Reference value :  2.28062e-09
 Reference value :  2.28588e-09
 Reference value :  2.29112e-09
 Reference value :  2.33212e-09
 Reference value :  2.37212e-09
 Reference value :  2.41212e-09
 Reference value :  2.45212e-09
 Reference value :  2.49212e-09
 Reference value :  2.55212e-09
 Reference value :  2.61212e-09
 Reference value :  2.67212e-09
 Reference value :  2.70956e-09
 Reference value :  2.72825e-09
 Reference value :  2.73512e-09
 Reference value :  2.74038e-09
 Reference value :  2.75262e-09
 Reference value :  2.78662e-09
 Reference value :  2.82662e-09
 Reference value :  2.86662e-09
 Reference value :  2.90662e-09
 Reference value :  2.96662e-09
 Reference value :  3.02662e-09
 Reference value :  3.08662e-09
 Reference value :  3.12662e-09
 Reference value :  3.18150e-09
 Reference value :  3.18962e-09
 Reference value :  3.19662e-09
 Reference value :  3.20712e-09
 Reference value :  3.24112e-09
 Reference value :  3.28112e-09
 Reference value :  3.32112e-09
 Reference value :  3.36112e-09
 Reference value :  3.40112e-09
 Reference value :  3.46112e-09
 Reference value :  3.52112e-09
 Reference value :  3.58112e-09
 Reference value :  3.63600e-09
 Reference value :  3.65462e-09
 Reference value :  3.71562e-09
 Reference value :  3.75563e-09
 Reference value :  3.79563e-09
 Reference value :  3.83563e-09
 Reference value :  3.89563e-09
 Reference value :  3.95563e-09
 Reference value :  4.01563e-09
 Reference value :  4.07306e-09
 Reference value :  4.09425e-09
 Reference value :  4.10300e-09
 Reference value :  4.11612e-09
 Reference value :  4.21013e-09
 Reference value :  4.25013e-09
 Reference value :  4.29013e-09
 Reference value :  4.33013e-09
 Reference value :  4.37013e-09
 Reference value :  4.43013e-09
 Reference value :  4.49013e-09
 Reference value :  4.54500e-09
 Reference value :  4.55312e-09
 Reference value :  4.55837e-09
 Reference value :  4.57062e-09
 Reference value :  4.60463e-09
 Reference value :  4.64463e-09
 Reference value :  4.68463e-09
 Reference value :  4.74463e-09
 Reference value :  4.80463e-09
 Reference value :  4.86463e-09
 Reference value :  4.92463e-09
 Reference value :  4.98206e-09
 Reference value :  4.99965e-09
 Reference value :  5.00003e-09
 Reference value :  5.00052e-09
 Reference value :  5.00822e-09
 Reference value :  5.01276e-09
 Reference value :  5.02333e-09
 Reference value :  5.05542e-09
 Reference value :  5.09542e-09
 Reference value :  5.13542e-09
 Reference value :  5.17542e-09
 Reference value :  5.23542e-09
 Reference value :  5.29542e-09
 Reference value :  5.33542e-09
 Reference value :  5.39542e-09
 Reference value :  5.45400e-09
 Reference value :  5.46212e-09
 Reference value :  5.46737e-09
 Reference value :  5.47962e-09
 Reference value :  5.53363e-09
 Reference value :  5.57363e-09
 Reference value :  5.63363e-09
 Reference value :  5.75363e-09
 Reference value :  5.83363e-09
 Reference value :  5.87363e-09
 Reference value :  5.90850e-09
 Reference value :  5.91662e-09
 Reference value :  5.92187e-09
 Reference value :  5.93412e-09
 Reference value :  5.96813e-09
 Reference value :  6.00000e-09
 Reference value :  6.01400e-09
 Reference value :  6.05000e-09
 Reference value :  6.09000e-09
 Reference value :  6.13000e-09
 Reference value :  6.19000e-09
 Reference value :  6.25000e-09
 Reference value :  6.29000e-09
 Reference value :  6.34650e-09
 Reference value :  6.36425e-09
 Reference value :  6.37112e-09
 Reference value :  6.37637e-09
 Reference value :  6.38862e-09
 Reference value :  6.42263e-09
 Reference value :  6.46263e-09
 Reference value :  6.50263e-09
 Reference value :  6.54263e-09
 Reference value :  6.58263e-09
 Reference value :  6.62263e-09
 Reference value :  6.66263e-09
 Reference value :  6.70263e-09
 Reference value :  6.78263e-09
 Reference value :  6.82562e-09
 Reference value :  6.83087e-09
 Reference value :  6.84312e-09
 Reference value :  6.87713e-09
 Reference value :  6.91713e-09
 Reference value :  6.95713e-09
 Reference value :  6.99713e-09
 Reference value :  7.03713e-09
 Reference value :  7.07713e-09
 Reference value :  7.11713e-09
 Reference value :  7.15713e-09
 Reference value :  7.19713e-09
 Reference value :  7.23713e-09
 Reference value :  7.27200e-09
 Reference value :  7.27575e-09
 Reference value :  7.28450e-09
 Reference value :  7.29063e-09
 Reference value :  7.31162e-09
 Reference value :  7.35163e-09
 Reference value :  7.39163e-09
 Reference value :  7.43163e-09
 Reference value :  7.47163e-09
 Reference value :  7.51163e-09
 Reference value :  7.57162e-09
 Reference value :  7.61162e-09
 Reference value :  7.65162e-09
 Reference value :  7.69162e-09
 Reference value :  7.72650e-09
 Reference value :  7.73462e-09
 Reference value :  7.74162e-09
 Reference value :  7.76612e-09
 Reference value :  7.80612e-09
 Reference value :  7.84612e-09
 Reference value :  7.88612e-09
 Reference value :  7.92612e-09
 Reference value :  7.98612e-09
 Reference value :  8.04612e-09
 Reference value :  8.10612e-09
 Reference value :  8.18475e-09
 Reference value :  8.19437e-09
 Reference value :  8.20662e-09
 Reference value :  8.24062e-09
 Reference value :  8.28062e-09
 Reference value :  8.34062e-09
 Reference value :  8.38062e-09
 Reference value :  8.42062e-09
 Reference value :  8.46062e-09
 Reference value :  8.50062e-09
 Reference value :  8.54062e-09
 Reference value :  8.63550e-09
 Reference value :  8.63925e-09
 Reference value :  8.64888e-09
 Reference value :  8.66113e-09
 Reference value :  8.69513e-09
 Reference value :  8.73513e-09
 Reference value :  8.77513e-09
 Reference value :  8.81513e-09
 Reference value :  8.85513e-09
 Reference value :  8.89512e-09
 Reference value :  8.93512e-09
 Reference value :  8.97512e-09
 Reference value :  9.01512e-09
 Reference value :  9.05512e-09
 Reference value :  9.09125e-09
 Reference value :  9.10250e-09
 Reference value :  9.10862e-09
 Reference value :  9.14962e-09
 Reference value :  9.18962e-09
 Reference value :  9.22962e-09
 Reference value :  9.28962e-09
 Reference value :  9.32962e-09
 Reference value :  9.36962e-09
 Reference value :  9.40962e-09
 Reference value :  9.46962e-09
 Reference value :  9.52706e-09
 Reference value :  9.54575e-09
 Reference value :  9.55262e-09
 Reference value :  9.55962e-09
 Reference value :  9.58413e-09
 Reference value :  9.62413e-09
 Reference value :  9.66413e-09
 Reference value :  9.70413e-09
 Reference value :  9.76412e-09
 Reference value :  9.80412e-09
 Reference value :  9.84412e-09
 Reference value :  9.90412e-09
 Reference value :  9.96412e-09
 Reference value :  1.00002e-08
 Reference value :  1.00115e-08
 Reference value :  1.00176e-08
 Reference value :  1.00386e-08
 Reference value :  1.00786e-08
 Reference value :  1.01386e-08
 Reference value :  1.01786e-08
 Reference value :  1.02186e-08
 Reference value :  1.02586e-08
 Reference value :  1.02986e-08
 Reference value :  1.03386e-08
 Reference value :  1.03786e-08
 Reference value :  1.04186e-08
 Reference value :  1.04535e-08
 Reference value :  1.04572e-08
 Reference value :  1.04660e-08
 Reference value :  1.04721e-08
 Reference value :  1.04931e-08
 Reference value :  1.05331e-08
 Reference value :  1.05731e-08
 Reference value :  1.06131e-08
 Reference value :  1.06531e-08
 Reference value :  1.07131e-08
 Reference value :  1.07731e-08
 Reference value :  1.08131e-08
 Reference value :  1.08531e-08
 Reference value :  1.09080e-08
 Reference value :  1.09117e-08
 Reference value :  1.09214e-08
 Reference value :  1.09336e-08
 Reference value :  1.09676e-08
 Reference value :  1.10076e-08
 Reference value :  1.10476e-08
 Reference value :  1.11076e-08
 Reference value :  1.11476e-08
 Reference value :  1.11876e-08
 Reference value :  1.12476e-08
 Reference value :  1.12876e-08
 Reference value :  1.13276e-08
 Reference value :  1.13625e-08
 Reference value :  1.13706e-08
 Reference value :  1.13759e-08
 Reference value :  1.13811e-08
 Reference value :  1.14021e-08
 Reference value :  1.14421e-08
 Reference value :  1.14821e-08
 Reference value :  1.15221e-08
 Reference value :  1.15621e-08
 Reference value :  1.15821e-08
 Reference value :  1.16221e-08
 Reference value :  1.16621e-08
 Reference value :  1.17021e-08
 Reference value :  1.17621e-08
 Reference value :  1.18170e-08
 Reference value :  1.18251e-08
 Reference value :  1.18304e-08
 Reference value :  1.18356e-08
 Reference value :  1.19366e-08
 Reference value :  1.19766e-08
 Reference value :  1.20166e-08
 Reference value :  1.20566e-08
 Reference value :  1.20966e-08
 Reference value :  1.21366e-08
 Reference value :  1.21766e-08
 Reference value :  1.22166e-08
 Reference value :  1.22541e-08
 Reference value :  1.22752e-08
 Reference value :  1.22849e-08
 Reference value :  1.22901e-08
 Reference value :  1.23111e-08
 Reference value :  1.23511e-08
 Reference value :  1.23911e-08
 Reference value :  1.24311e-08
 Reference value :  1.24711e-08
 Reference value :  1.25111e-08
 Reference value :  1.25911e-08
 Reference value :  1.26511e-08
 Reference value :  1.27086e-08
 Reference value :  1.27272e-08
 Reference value :  1.27385e-08
 Reference value :  1.27446e-08
 Reference value :  1.28256e-08
 Reference value :  1.28656e-08
 Reference value :  1.29256e-08
 Reference value :  1.29656e-08
 Reference value :  1.30056e-08
 Reference value :  1.30456e-08
 Reference value :  1.30856e-08
 Reference value :  1.31256e-08
 Reference value :  1.31631e-08
 Reference value :  1.31842e-08
 Reference value :  1.31930e-08
 Reference value :  1.31991e-08
 Reference value :  1.32401e-08
 Reference value :  1.32801e-08
 Reference value :  1.33201e-08
 Reference value :  1.33601e-08
 Reference value :  1.34001e-08
 Reference value :  1.34401e-08
 Reference value :  1.34801e-08
 Reference value :  1.35201e-08
 Reference value :  1.35601e-08
 Reference value :  1.36001e-08
 Reference value :  1.36350e-08
 Reference value :  1.36431e-08
 Reference value :  1.36484e-08
 Reference value :  1.36606e-08
 Reference value :  1.36946e-08
 Reference value :  1.37346e-08
 Reference value :  1.37746e-08
 Reference value :  1.38346e-08
 Reference value :  1.38746e-08
 Reference value :  1.39146e-08
 Reference value :  1.39546e-08
 Reference value :  1.39946e-08
 Reference value :  1.40346e-08
 Reference value :  1.40721e-08
 Reference value :  1.40907e-08
 Reference value :  1.40976e-08
 Reference value :  1.41029e-08
 Reference value :  1.41151e-08
 Reference value :  1.41491e-08
 Reference value :  1.41891e-08
 Reference value :  1.42291e-08
 Reference value :  1.42691e-08
 Reference value :  1.43091e-08
 Reference value :  1.43691e-08
 Reference value :  1.44291e-08
 Reference value :  1.44691e-08
 Reference value :  1.45091e-08
 Reference value :  1.45440e-08
 Reference value :  1.45521e-08
 Reference value :  1.45574e-08
 Reference value :  1.45696e-08
 Reference value :  1.46036e-08
 Reference value :  1.46436e-08
 Reference value :  1.46836e-08
 Reference value :  1.47436e-08
 Reference value :  1.47836e-08
 Reference value :  1.48236e-08
 Reference value :  1.48636e-08
 Reference value :  1.49036e-08
 Reference value :  1.49436e-08
 Reference value :  1.49811e-08
 Reference value :  1.50023e-08
 Reference value :  1.50119e-08
 Reference value :  1.50241e-08
 Reference value :  1.50581e-08
 Reference value :  1.50981e-08
 Reference value :  1.51381e-08
 Reference value :  1.51781e-08
 Reference value :  1.52181e-08
 Reference value :  1.52581e-08
 Reference value :  1.52981e-08
 Reference value :  1.53381e-08
 Reference value :  1.53981e-08
 Reference value :  1.54530e-08
 Reference value :  1.54568e-08
 Reference value :  1.54655e-08
 Reference value :  1.54681e-08
 Reference value :  1.54926e-08
 Reference value :  1.55326e-08
 Reference value :  1.55926e-08
 Reference value :  1.56326e-08
 Reference value :  1.56726e-08
 Reference value :  1.57126e-08
 Reference value :  1.57526e-08
 Reference value :  1.57926e-08
 Reference value :  1.58326e-08
 Reference value :  1.58726e-08
 Reference value :  1.59075e-08
 Reference value :  1.59112e-08
 Reference value :  1.59209e-08
 Reference value :  1.59331e-08
 Reference value :  1.59671e-08
 Reference value :  1.60071e-08
 Reference value :  1.60471e-08
 Reference value :  1.60871e-08
 Reference value :  1.61271e-08
 Reference value :  1.61871e-08
 Reference value :  1.62271e-08
 Reference value :  1.62671e-08
 Reference value :  1.63271e-08
 Reference value :  1.63620e-08
 Reference value :  1.63657e-08
 Reference value :  1.63745e-08
 Reference value :  1.63806e-08
 Reference value :  1.64016e-08
 Reference value :  1.64416e-08
 Reference value :  1.64816e-08
 Reference value :  1.65416e-08
 Reference value :  1.65816e-08
 Reference value :  1.66216e-08
 Reference value :  1.66616e-08
 Reference value :  1.67016e-08
 Reference value :  1.67416e-08
 Reference value :  1.67816e-08
 Reference value :  1.68165e-08
 Reference value :  1.68246e-08
 Reference value :  1.68316e-08
 Reference value :  1.68561e-08
 Reference value :  1.68961e-08
 Reference value :  1.69361e-08
 Reference value :  1.69761e-08
 Reference value :  1.70161e-08
 Reference value :  1.70561e-08
 Reference value :  1.70961e-08
 Reference value :  1.71361e-08
 Reference value :  1.71761e-08
 Reference value :  1.72161e-08
 Reference value :  1.72710e-08
 Reference value :  1.72835e-08
 Reference value :  1.72891e-08
 Reference value :  1.73083e-08
 Reference value :  1.73483e-08
 Reference value :  1.73883e-08
 Reference value :  1.74283e-08
 Reference value :  1.74683e-08
 Reference value :  1.75083e-08
 Reference value :  1.75483e-08
 Reference value :  1.75883e-08
 Reference value :  1.76283e-08
 Reference value :  1.76483e-08
 Reference value :  1.76883e-08
 Reference value :  1.77255e-08
 Reference value :  1.77292e-08
 Reference value :  1.77380e-08
 Reference value :  1.77406e-08
 Reference value :  1.77651e-08
 Reference value :  1.78051e-08
 Reference value :  1.78451e-08
 Reference value :  1.78851e-08
 Reference value :  1.79251e-08
 Reference value :  1.79851e-08
 Reference value :  1.80251e-08
 Reference value :  1.80651e-08
 Reference value :  1.81051e-08
 Reference value :  1.81451e-08
 Reference value :  1.81812e-08
 Reference value :  1.81881e-08
 Reference value :  1.81934e-08
 Reference value :  1.82056e-08
 Reference value :  1.82396e-08
 Reference value :  1.82796e-08
 Reference value :  1.83196e-08
 Reference value :  1.83796e-08
 Reference value :  1.84196e-08
 Reference value :  1.84596e-08
 Reference value :  1.84996e-08
 Reference value :  1.85396e-08
 Reference value :  1.85796e-08
 Reference value :  1.86171e-08
 Reference value :  1.86382e-08
 Reference value :  1.86479e-08
 Reference value :  1.86531e-08
 Reference value :  1.86941e-08
 Reference value :  1.87341e-08
 Reference value :  1.87741e-08
 Reference value :  1.88141e-08
 Reference value :  1.88541e-08
 Reference value :  1.88941e-08
 Reference value :  1.89341e-08
 Reference value :  1.89941e-08
 Reference value :  1.90341e-08
 Reference value :  1.90716e-08
 Reference value :  1.90910e-08
 Reference value :  1.91023e-08
 Reference value :  1.91071e-08
 Reference value :  1.91263e-08
 Reference value :  1.91663e-08
 Reference value :  1.92063e-08
 Reference value :  1.92463e-08
 Reference value :  1.92863e-08
 Reference value :  1.93463e-08
 Reference value :  1.93863e-08
 Reference value :  1.94263e-08
 Reference value :  1.94663e-08
 Reference value :  1.95063e-08
 Reference value :  1.95435e-08
 Reference value :  1.95472e-08
 Reference value :  1.95569e-08
 Reference value :  1.95691e-08
 Reference value :  1.96031e-08
 Reference value :  1.96431e-08
 Reference value :  1.96831e-08
 Reference value :  1.97231e-08
 Reference value :  1.97631e-08
 Reference value :  1.98231e-08
 Reference value :  1.98831e-08
 Reference value :  1.99431e-08
 Reference value :  1.99806e-08
 Reference value :  1.99992e-08
 Reference value :  2.00105e-08
 Reference value :  2.00166e-08
 Reference value :  2.00376e-08
 Reference value :  2.00776e-08
 Reference value :  2.01176e-08
 Reference value :  2.01576e-08
 Reference value :  2.01976e-08
 Reference value :  2.02376e-08
 Reference value :  2.02776e-08
 Reference value :  2.03176e-08
 Reference value :  2.03576e-08
 Reference value :  2.03976e-08
 Reference value :  2.04351e-08
 Reference value :  2.04562e-08
 Reference value :  2.04650e-08
 Reference value :  2.04711e-08
 Reference value :  2.04921e-08
 Reference value :  2.05321e-08
 Reference value :  2.05721e-08
 Reference value :  2.06121e-08
 Reference value :  2.06521e-08
 Reference value :  2.06921e-08
 Reference value :  2.07321e-08
 Reference value :  2.07721e-08
 Reference value :  2.08121e-08
 Reference value :  2.08521e-08
 Reference value :  2.08896e-08
 Reference value :  2.09090e-08
 Reference value :  2.09195e-08
 Reference value :  2.09251e-08
 Reference value :  2.09443e-08
 Reference value :  2.09843e-08
 Reference value :  2.10243e-08
 Reference value :  2.10643e-08
 Reference value :  2.11043e-08
 Reference value :  2.11443e-08
 Reference value :  2.11843e-08
 Reference value :  2.12243e-08
 Reference value :  2.12643e-08
 Reference value :  2.12843e-08
 Reference value :  2.13243e-08
 Reference value :  2.13615e-08
 Reference value :  2.13653e-08
 Reference value :  2.13749e-08
 Reference value :  2.13871e-08
 Reference value :  2.14211e-08
 Reference value :  2.14611e-08
 Reference value :  2.15011e-08
 Reference value :  2.15411e-08
 Reference value :  2.15811e-08
 Reference value :  2.16411e-08
 Reference value :  2.17011e-08
 Reference value :  2.17611e-08
 Reference value :  2.18160e-08
 Reference value :  2.18197e-08
 Reference value :  2.18294e-08
 Reference value :  2.18416e-08
 Reference value :  2.18756e-08
 Reference value :  2.19156e-08
 Reference value :  2.19556e-08
 Reference value :  2.20156e-08
 Reference value :  2.20556e-08
 Reference value :  2.20956e-08
 Reference value :  2.21356e-08
 Reference value :  2.21756e-08
 Reference value :  2.22156e-08
 Reference value :  2.22531e-08
 Reference value :  2.22717e-08
 Reference value :  2.22830e-08
 Reference value :  2.22856e-08
 Reference value :  2.23101e-08
 Reference value :  2.23501e-08
 Reference value :  2.23901e-08
 Reference value :  2.24101e-08
 Reference value :  2.24501e-08
 Reference value :  2.24901e-08
 Reference value :  2.25301e-08
 Reference value :  2.25701e-08
 Reference value :  2.26101e-08
 Reference value :  2.26501e-08
 Reference value :  2.26901e-08
 Reference value :  2.27270e-08
 Reference value :  2.27375e-08
 Reference value :  2.27399e-08
 Reference value :  2.27495e-08
 Reference value :  2.27823e-08
 Reference value :  2.28223e-08
 Reference value :  2.28623e-08
 Reference value :  2.29023e-08
 Reference value :  2.29423e-08
 Reference value :  2.29823e-08
 Reference value :  2.30223e-08
 Reference value :  2.30623e-08
 Reference value :  2.31023e-08
 Reference value :  2.31423e-08
 Reference value :  2.31795e-08
 Reference value :  2.31833e-08
 Reference value :  2.31929e-08
 Reference value :  2.32051e-08
 Reference value :  2.32391e-08
 Reference value :  2.32791e-08
 Reference value :  2.33191e-08
 Reference value :  2.33591e-08
 Reference value :  2.33991e-08
 Reference value :  2.34591e-08
 Reference value :  2.35191e-08
 Reference value :  2.35591e-08
 Reference value :  2.35991e-08
 Reference value :  2.36352e-08
 Reference value :  2.36421e-08
 Reference value :  2.36474e-08
 Reference value :  2.36596e-08
 Reference value :  2.36936e-08
 Reference value :  2.37336e-08
 Reference value :  2.37736e-08
 Reference value :  2.38336e-08
 Reference value :  2.38736e-08
 Reference value :  2.39136e-08
 Reference value :  2.39536e-08
 Reference value :  2.39936e-08
 Reference value :  2.40336e-08
 Reference value :  2.40711e-08
 Reference value :  2.40922e-08
 Reference value :  2.41010e-08
 Reference value :  2.41071e-08
 Reference value :  2.41481e-08
 Reference value :  2.41881e-08
 Reference value :  2.42281e-08
 Reference value :  2.42681e-08
 Reference value :  2.43081e-08
 Reference value :  2.43481e-08
 Reference value :  2.43881e-08
 Reference value :  2.44281e-08
 Reference value :  2.44681e-08
 Reference value :  2.45081e-08
 Reference value :  2.45430e-08
 Reference value :  2.45555e-08
 Reference value :  2.45579e-08
 Reference value :  2.45803e-08
 Reference value :  2.46203e-08
 Reference value :  2.46603e-08
 Reference value :  2.47003e-08
 Reference value :  2.47403e-08
 Reference value :  2.47803e-08
 Reference value :  2.48203e-08
 Reference value :  2.48603e-08
 Reference value :  2.49003e-08
 Reference value :  2.49403e-08
 Reference value :  2.49789e-08
 Reference value :  2.49988e-08
 Reference value :  2.50100e-08
 Reference value :  2.50126e-08
 Reference value :  2.50371e-08
 Reference value :  2.50771e-08
 Reference value :  2.51171e-08
 Reference value :  2.51571e-08
 Reference value :  2.51971e-08
 Reference value :  2.52371e-08
 Reference value :  2.52771e-08
 Reference value :  2.53371e-08
 Reference value :  2.53971e-08
 Reference value :  2.54520e-08
 Reference value :  2.54557e-08
 Reference value :  2.54645e-08
 Reference value :  2.54706e-08
 Reference value :  2.54916e-08
 Reference value :  2.55316e-08
 Reference value :  2.55716e-08
 Reference value :  2.56116e-08
 Reference value :  2.56516e-08
 Reference value :  2.56916e-08
 Reference value :  2.57316e-08
 Reference value :  2.57716e-08
 Reference value :  2.58116e-08
 Reference value :  2.58516e-08
 Reference value :  2.58891e-08
 Reference value :  2.59102e-08
 Reference value :  2.59190e-08
 Reference value :  2.59251e-08
 Reference value :  2.59461e-08
 Reference value :  2.59861e-08
 Reference value :  2.60261e-08
 Reference value :  2.60661e-08
 Reference value :  2.61061e-08
 Reference value :  2.61461e-08
 Reference value :  2.61861e-08
 Reference value :  2.62261e-08
 Reference value :  2.62861e-08
 Reference value :  2.63261e-08
 Reference value :  2.63610e-08
 Reference value :  2.63670e-08
 Reference value :  2.63759e-08
 Reference value :  2.65383e-08
 Reference value :  2.68193e-08
 Reference value :  2.70151e-08
 Reference value :  2.72851e-08
 Reference value :  2.75896e-08
 Reference value :  2.77379e-08
 Reference value :  2.80041e-08
 Reference value :  2.81971e-08
 Reference value :  2.84763e-08
 Reference value :  2.86731e-08
 Reference value :  2.89931e-08
 Reference value :  2.92276e-08
 Reference value :  2.95076e-08
 Reference value :  2.96821e-08
 Reference value :  2.99621e-08
 Reference value :  3.01766e-08
 Reference value :  3.04528e-08
 Reference value :  3.06511e-08
 Reference value :  3.09316e-08
 Reference value :  3.12256e-08
 Reference value :  3.14201e-08
 Reference value :  3.17001e-08
 Reference value :  3.19146e-08
 Reference value :  3.22146e-08
 Reference value :  3.24091e-08
 Reference value :  3.27365e-08
 Reference value :  3.29436e-08
 Reference value :  3.31910e-08
 Reference value :  3.34181e-08
 Reference value :  3.36903e-08
 Reference value :  3.40103e-08
 Reference value :  3.42071e-08
 Reference value :  3.45420e-08
 Reference value :  3.47216e-08
 Reference value :  3.50046e-08
 Reference value :  3.52361e-08
 Reference value :  3.54906e-08
 Reference value :  3.57906e-08
 Reference value :  3.60051e-08
 Reference value :  3.62651e-08
 Reference value :  3.64196e-08
 Reference value :  3.67596e-08
 Reference value :  3.69541e-08
 Reference value :  3.72823e-08
 Reference value :  3.75463e-08
 Reference value :  3.77369e-08
 Reference value :  3.79631e-08
 Reference value :  3.82036e-08
 Reference value :  3.85376e-08
 Reference value :  3.87321e-08
 Reference value :  3.90908e-08
 Reference value :  3.93066e-08
 Reference value :  3.95496e-08
 Reference value :  3.97611e-08
 Reference value :  3.99972e-08
 Reference value :  4.01556e-08
 Reference value :  4.03956e-08
 Reference value :  4.05901e-08
 Reference value :  4.09110e-08
 Reference value :  4.11423e-08
 Reference value :  4.13608e-08
 Reference value :  4.14191e-08
 Reference value :  4.15791e-08
 Reference value :  4.18326e-08
 Reference value :  4.21736e-08
 Reference value :  4.23481e-08
 Reference value :  4.27242e-08
 Reference value :  4.27826e-08
 Reference value :  4.31026e-08
 Reference value :  4.32971e-08
 Reference value :  4.36146e-08
 Reference value :  4.38116e-08
 Reference value :  4.40903e-08
 Reference value :  4.43461e-08
 Reference value :  4.45236e-08
 Reference value :  4.45666e-08
 Reference value :  4.48406e-08
 Reference value :  4.50211e-08
 Reference value :  4.52951e-08
 Reference value :  4.55473e-08
 Reference value :  4.57473e-08
 Reference value :  4.59058e-08
 Reference value :  4.61441e-08
 Reference value :  4.63741e-08
 Reference value :  4.66786e-08
 Reference value :  4.68731e-08
 Reference value :  4.70131e-08
 Reference value :  4.72331e-08
 Reference value :  4.73276e-08
 Reference value :  4.76676e-08
 Reference value :  4.77621e-08
 Reference value :  4.79021e-08
 Reference value :  4.80621e-08
 Reference value :  4.81782e-08
 Reference value :  4.82566e-08
 Reference value :  4.85166e-08
 Reference value :  4.86396e-08
 Reference value :  4.88111e-08
 Reference value :  4.89311e-08
 Reference value :  4.90920e-08
 Reference value :  4.91833e-08
 Reference value :  4.95033e-08
 Reference value :  4.97201e-08
 Reference value :  5.00075e-08
 Reference value :  5.01546e-08
 Reference value :  5.02946e-08
 Reference value :  5.03946e-08
 Reference value :  5.04646e-08
 Reference value :  5.06691e-08
 Reference value :  5.09121e-08
 Reference value :  5.11236e-08
 Reference value :  5.12836e-08
 Reference value :  5.13623e-08
 Reference value :  5.13981e-08
 Reference value :  5.17581e-08
 Reference value :  5.19726e-08
 Reference value :  5.22675e-08
 Reference value :  5.24671e-08
 Reference value :  5.26471e-08
 Reference value :  5.27280e-08
 Reference value :  5.28793e-08
 Reference value :  5.31579e-08
 Reference value :  5.31916e-08
 Reference value :  5.35161e-08
 Reference value :  5.37506e-08
 Reference value :  5.38706e-08
 Reference value :  5.41006e-08
 Reference value :  5.43451e-08
 Reference value :  5.45656e-08
 Reference value :  5.48596e-08
 Reference value :  5.50096e-08
 Reference value :  5.51541e-08
 Reference value :  5.51941e-08
 Reference value :  5.54624e-08
 Reference value :  5.57686e-08
 Reference value :  5.58861e-08
 Reference value :  5.59831e-08
 Reference value :  5.61631e-08
 Reference value :  5.63825e-08
 Reference value :  5.66753e-08
 Reference value :  5.68311e-08
 Reference value :  5.70321e-08
 Reference value :  5.72751e-08
 Reference value :  5.74066e-08
 Reference value :  5.76066e-08
 Reference value :  5.77811e-08
 Reference value :  5.81411e-08
 Reference value :  5.83356e-08
 Reference value :  5.86131e-08
 Reference value :  5.87901e-08
 Reference value :  5.90501e-08
 Reference value :  5.91106e-08
 Reference value :  5.94446e-08
 Reference value :  5.96191e-08
 Reference value :  5.99940e-08
 Reference value :  6.02136e-08
 Reference value :  6.04485e-08
 Reference value :  6.04881e-08
 Reference value :  6.06881e-08
 Reference value :  6.09216e-08
 Reference value :  6.11826e-08
 Reference value :  6.13971e-08
 Reference value :  6.17571e-08
 Reference value :  6.18916e-08
 Reference value :  6.21516e-08
 Reference value :  6.22799e-08
 Reference value :  6.25261e-08
 Reference value :  6.27396e-08
 Reference value :  6.30806e-08
 Reference value :  6.32751e-08
 Reference value :  6.35351e-08
 Reference value :  6.36312e-08
 Reference value :  6.38296e-08
 Reference value :  6.40926e-08
 Reference value :  6.42841e-08
 Reference value :  6.45524e-08
 Reference value :  6.48186e-08
 Reference value :  6.50086e-08
 Reference value :  6.52331e-08
 Reference value :  6.54605e-08
 Reference value :  6.57276e-08
 Reference value :  6.59281e-08
 Reference value :  6.62221e-08
 Reference value :  6.64343e-08
 Reference value :  6.67543e-08
 Reference value :  6.68266e-08
 Reference value :  6.70311e-08
 Reference value :  6.72916e-08
 Reference value :  6.73856e-08
 Reference value :  6.75856e-08
 Reference value :  6.77286e-08
 Reference value :  6.78401e-08
 Reference value :  6.79801e-08
 Reference value :  6.80201e-08
 Reference value :  6.80801e-08
 Reference value :  6.81787e-08
 Reference value :  6.83346e-08
 Reference value :  6.84746e-08
 Reference value :  6.85146e-08
 Reference value :  6.86376e-08
 Reference value :  6.87291e-08
 Reference value :  6.88091e-08
 Reference value :  6.89691e-08
 Reference value :  6.90291e-08
 Reference value :  6.90965e-08
 Reference value :  6.93036e-08
 Reference value :  6.94836e-08
 Reference value :  6.95422e-08
 Reference value :  6.95981e-08
 Reference value :  6.97581e-08
 Reference value :  6.99181e-08
 Reference value :  7.01126e-08
 Reference value :  7.04301e-08
 Reference value :  7.04626e-08
 Reference value :  7.07671e-08
 Reference value :  7.09616e-08
 Reference value :  7.11416e-08
 Reference value :  7.12416e-08
 Reference value :  7.14561e-08
 Reference value :  7.17561e-08
 Reference value :  7.19306e-08
 Reference value :  7.22481e-08
 Reference value :  7.24051e-08
 Reference value :  7.26651e-08
 Reference value :  7.27796e-08
 Reference value :  7.31196e-08
 Reference value :  7.32941e-08
 Reference value :  7.35941e-08
 Reference value :  7.37863e-08
 Reference value :  7.40649e-08
 Reference value :  7.42031e-08
 Reference value :  7.44631e-08
 Reference value :  7.46353e-08
 Reference value :  7.49153e-08
 Reference value :  7.51121e-08
 Reference value :  7.53721e-08
 Reference value :  7.55266e-08
 Reference value :  7.56066e-08
 Reference value :  7.58841e-08
 Reference value :  7.61011e-08
 Reference value :  7.63711e-08
 Reference value :  7.66756e-08
 Reference value :  7.68501e-08
 Reference value :  7.70901e-08
 Reference value :  7.72101e-08
 Reference value :  7.74246e-08
 Reference value :  7.76846e-08
 Reference value :  7.78991e-08
 Reference value :  7.81874e-08
 Reference value :  7.84536e-08
 Reference value :  7.86322e-08
 Reference value :  7.86681e-08
 Reference value :  7.88881e-08
 Reference value :  7.90955e-08
 Reference value :  7.92626e-08
 Reference value :  7.94626e-08
 Reference value :  7.95526e-08
 Reference value :  7.96171e-08
 Reference value :  7.98571e-08
 Reference value :  8.00716e-08
 Reference value :  8.04116e-08
 Reference value :  8.06261e-08
 Reference value :  8.09135e-08
 Reference value :  8.10406e-08
 Reference value :  8.11606e-08
 Reference value :  8.13811e-08
 Reference value :  8.16551e-08
 Reference value :  8.18473e-08
 Reference value :  8.21673e-08
 Reference value :  8.22779e-08
 Reference value :  8.23241e-08
 Reference value :  8.26641e-08
 Reference value :  8.28786e-08
 Reference value :  8.31561e-08
 Reference value :  8.33531e-08
 Reference value :  8.36361e-08
 Reference value :  8.37076e-08
 Reference value :  8.37876e-08
 Reference value :  8.40837e-08
 Reference value :  8.40976e-08
 Reference value :  8.43821e-08
 Reference value :  8.46166e-08
 Reference value :  8.49166e-08
 Reference value :  8.50171e-08
 Reference value :  8.52511e-08
 Reference value :  8.53311e-08
 Reference value :  8.55256e-08
 Reference value :  8.58456e-08
 Reference value :  8.60201e-08
 Reference value :  8.62001e-08
 Reference value :  8.63587e-08
 Reference value :  8.64346e-08
 Reference value :  8.66546e-08
 Reference value :  8.68176e-08
 Reference value :  8.69691e-08
 Reference value :  8.71491e-08
 Reference value :  8.72652e-08
 Reference value :  8.72774e-08
 Reference value :  8.73036e-08
 Reference value :  8.76636e-08
 Reference value :  8.77441e-08
 Reference value :  8.80981e-08
 Reference value :  8.81986e-08
 Reference value :  8.84526e-08
 Reference value :  8.86312e-08
 Reference value :  8.87871e-08
 Reference value :  8.90271e-08
 Reference value :  8.92016e-08
 Reference value :  8.95191e-08
 Reference value :  8.96961e-08
 Reference value :  8.99910e-08
 Reference value :  9.01083e-08
 Reference value :  9.04269e-08
 Reference value :  9.06051e-08
 Reference value :  9.09125e-08
 Reference value :  9.11396e-08
 Reference value :  9.12796e-08
 Reference value :  9.13557e-08
 Reference value :  9.14741e-08
 Reference value :  9.18171e-08
 Reference value :  9.20686e-08
 Reference value :  9.22821e-08
 Reference value :  9.25431e-08
 Reference value :  9.27331e-08
 Reference value :  9.27776e-08
 Reference value :  9.30576e-08
 Reference value :  9.32521e-08
 Reference value :  9.35921e-08
 Reference value :  9.38066e-08
 Reference value :  9.40827e-08
 Reference value :  9.43011e-08
 Reference value :  9.45186e-08
 Reference value :  9.46156e-08
 Reference value :  9.49556e-08
 Reference value :  9.50091e-08
 Reference value :  9.52701e-08
 Reference value :  9.54276e-08
 Reference value :  9.56246e-08
 Reference value :  9.57646e-08
 Reference value :  9.58995e-08
 Reference value :  9.59591e-08
 Reference value :  9.62191e-08
 Reference value :  9.63936e-08
 Reference value :  9.66136e-08
 Reference value :  9.67136e-08
 Reference value :  9.69081e-08
 Reference value :  9.72650e-08
 Reference value :  9.75003e-08
 Reference value :  9.77175e-08
 Reference value :  9.77771e-08
 Reference value :  9.79371e-08
 Reference value :  9.81845e-08
 Reference value :  9.83916e-08
 Reference value :  9.86390e-08
 Reference value :  9.88261e-08
 Reference value :  9.90847e-08
 Reference value :  9.92006e-08
 Reference value :  9.93206e-08
 Reference value :  9.95436e-08
 Reference value :  9.97751e-08
 Reference value :  1.00005e-07
 Reference value :  1.00270e-07
 Reference value :  1.00458e-07
 Reference value :  1.00624e-07
 Reference value :  1.00918e-07
 Reference value :  1.01219e-07
 Reference value :  1.01413e-07
 Reference value :  1.01753e-07
 Reference value :  1.01928e-07
 Reference value :  1.02088e-07
 Reference value :  1.02228e-07
 Reference value :  1.02442e-07
 Reference value :  1.02682e-07
 Reference value :  1.02877e-07
 Reference value :  1.03137e-07
 Reference value :  1.03251e-07
 Reference value :  1.03491e-07
 Reference value :  1.03726e-07
 Reference value :  1.04006e-07
 Reference value :  1.04220e-07
 Reference value :  1.04518e-07
 Reference value :  1.04615e-07
 Reference value :  1.04835e-07
 Reference value :  1.05029e-07
 Reference value :  1.05389e-07
 Reference value :  1.05601e-07
 Reference value :  1.05880e-07
 Reference value :  1.06038e-07
 Reference value :  1.06178e-07
 Reference value :  1.06413e-07
 Reference value :  1.06733e-07
 Reference value :  1.06927e-07
 Reference value :  1.07207e-07
 Reference value :  1.07382e-07
 Reference value :  1.07562e-07
 Reference value :  1.07756e-07
 Reference value :  1.08056e-07
 Reference value :  1.08179e-07
 Reference value :  1.08411e-07
 Reference value :  1.08627e-07
 Reference value :  1.08705e-07
 Reference value :  1.09045e-07
 Reference value :  1.09280e-07
 Reference value :  1.09543e-07
 Reference value :  1.09714e-07
 Reference value :  1.09990e-07
 Reference value :  1.10109e-07
 Reference value :  1.10443e-07
 Reference value :  1.10603e-07
 Reference value :  1.10911e-07
 Reference value :  1.11198e-07
 Reference value :  1.11392e-07
 Reference value :  1.11612e-07
 Reference value :  1.11807e-07
 Reference value :  1.12047e-07
 Reference value :  1.12270e-07
 Reference value :  1.12541e-07
 Reference value :  1.12753e-07
 Reference value :  1.13053e-07
 Reference value :  1.13189e-07
 Reference value :  1.13350e-07
 Reference value :  1.13629e-07
 Reference value :  1.13885e-07
 Reference value :  1.14093e-07
 Reference value :  1.14299e-07
 Reference value :  1.14439e-07
 Reference value :  1.14542e-07
 Reference value :  1.14547e-07
 Reference value :  1.14654e-07
 Reference value :  1.14854e-07
 Reference value :  1.14990e-07
 Reference value :  1.15007e-07
 Reference value :  1.15088e-07
 Reference value :  1.15228e-07
 Reference value :  1.15408e-07
 Reference value :  1.15469e-07
 Reference value :  1.15643e-07
 Reference value :  1.15899e-07
 Reference value :  1.16137e-07
 Reference value :  1.16378e-07
 Reference value :  1.16692e-07
 Reference value :  1.16846e-07
 Reference value :  1.16986e-07
 Reference value :  1.17273e-07
 Reference value :  1.17461e-07
 Reference value :  1.17728e-07
 Reference value :  1.17975e-07
 Reference value :  1.18210e-07
 Reference value :  1.18350e-07
 Reference value :  1.18490e-07
 Reference value :  1.18704e-07
 Reference value :  1.18904e-07
 Reference value :  1.19098e-07
 Reference value :  1.19239e-07
 Reference value :  1.19459e-07
 Reference value :  1.19653e-07
 Reference value :  1.19996e-07
 Reference value :  1.20268e-07
 Reference value :  1.20468e-07
 Reference value :  1.20762e-07
 Reference value :  1.20923e-07
 Reference value :  1.21037e-07
 Reference value :  1.21277e-07
 Reference value :  1.21471e-07
 Reference value :  1.21807e-07
 Reference value :  1.22026e-07
 Reference value :  1.22243e-07
 Reference value :  1.22300e-07
 Reference value :  1.22620e-07
 Reference value :  1.22815e-07
 Reference value :  1.23169e-07
 Reference value :  1.23349e-07
 Reference value :  1.23636e-07
 Reference value :  1.23904e-07
 Reference value :  1.24082e-07
 Reference value :  1.24158e-07
 Reference value :  1.24498e-07
 Reference value :  1.24713e-07
 Reference value :  1.24989e-07
 Reference value :  1.25207e-07
 Reference value :  1.25454e-07
 Reference value :  1.25702e-07
 Reference value :  1.25742e-07
 Reference value :  1.25802e-07
 Reference value :  1.25842e-07
 Reference value :  1.25879e-07
 Reference value :  1.25898e-07
 Reference value :  1.25905e-07
 Reference value :  1.25936e-07
 Reference value :  1.26156e-07
 Reference value :  1.26377e-07
 Reference value :  1.26691e-07
 Reference value :  1.26905e-07
 Reference value :  1.27165e-07
 Reference value :  1.27360e-07
 Reference value :  1.27560e-07
 Reference value :  1.27733e-07
 Reference value :  1.28014e-07
 Reference value :  1.28229e-07
 Reference value :  1.28569e-07
 Reference value :  1.28642e-07
 Reference value :  1.28823e-07
 Reference value :  1.29090e-07
 Reference value :  1.29378e-07
 Reference value :  1.29558e-07
 Reference value :  1.29912e-07
 Reference value :  1.30067e-07
 Reference value :  1.30267e-07
 Reference value :  1.30481e-07
 Reference value :  1.30721e-07
 Reference value :  1.30915e-07
 Reference value :  1.31036e-07
 Reference value :  1.31333e-07
 Reference value :  1.31550e-07
 Reference value :  1.31829e-07
 Reference value :  1.32142e-07
 Reference value :  1.32273e-07
 Reference value :  1.32419e-07
 Reference value :  1.32716e-07
 Reference value :  1.32971e-07
 Reference value :  1.33184e-07
 Reference value :  1.33488e-07
 Reference value :  1.33636e-07
 Reference value :  1.33863e-07
 Reference value :  1.34090e-07
 Reference value :  1.34297e-07
 Reference value :  1.34545e-07
 Reference value :  1.34812e-07
 Reference value :  1.35012e-07
 Reference value :  1.35246e-07
 Reference value :  1.35406e-07
 Reference value :  1.35641e-07
 Reference value :  1.35897e-07
 Reference value :  1.36115e-07
 Reference value :  1.36354e-07
 Reference value :  1.36430e-07
 Reference value :  1.36610e-07
 Reference value :  1.36817e-07
 Reference value :  1.37104e-07
 Reference value :  1.37259e-07
 Reference value :  1.37299e-07
 Reference value :  1.37419e-07
 Reference value :  1.37639e-07
 Reference value :  1.37726e-07
 Reference value :  1.37913e-07
 Reference value :  1.38053e-07
 Reference value :  1.38183e-07
 Reference value :  1.38468e-07
 Reference value :  1.38662e-07
 Reference value :  1.39002e-07
 Reference value :  1.39237e-07
 Reference value :  1.39477e-07
 Reference value :  1.39550e-07
 Reference value :  1.39811e-07
 Reference value :  1.40012e-07
 Reference value :  1.40346e-07
 Reference value :  1.40540e-07
 Reference value :  1.40899e-07
 Reference value :  1.41155e-07
 Reference value :  1.41368e-07
 Reference value :  1.41469e-07
 Reference value :  1.41669e-07
 Reference value :  1.41864e-07
 Reference value :  1.42124e-07
 Reference value :  1.42338e-07
 Reference value :  1.42618e-07
 Reference value :  1.42833e-07
 Reference value :  1.43150e-07
 Reference value :  1.43207e-07
 Reference value :  1.43467e-07
 Reference value :  1.43648e-07
 Reference value :  1.43982e-07
 Reference value :  1.44090e-07
 Reference value :  1.44196e-07
 Reference value :  1.44514e-07
 Reference value :  1.44731e-07
 Reference value :  1.44989e-07
 Reference value :  1.45225e-07
 Reference value :  1.45455e-07
 Reference value :  1.45600e-07
 Reference value :  1.45760e-07
 Reference value :  1.45974e-07
 Reference value :  1.46349e-07
 Reference value :  1.46509e-07
 Reference value :  1.46689e-07
 Reference value :  1.46863e-07
 Reference value :  1.47241e-07
 Reference value :  1.47435e-07
 Reference value :  1.47615e-07
 Reference value :  1.47714e-07
 Reference value :  1.47932e-07
 Reference value :  1.48191e-07
 Reference value :  1.48464e-07
 Reference value :  1.48524e-07
 Reference value :  1.48635e-07
 Reference value :  1.48941e-07
 Reference value :  1.49156e-07
 Reference value :  1.49496e-07
 Reference value :  1.49710e-07
 Reference value :  1.49890e-07
 Reference value :  1.50085e-07
 Reference value :  1.50385e-07
 Reference value :  1.50559e-07
 Reference value :  1.50895e-07
 Reference value :  1.50974e-07
 Reference value :  1.51174e-07
 Reference value :  1.51388e-07
 Reference value :  1.51648e-07
 Reference value :  1.51883e-07
 Reference value :  1.52223e-07
 Reference value :  1.52337e-07
 Reference value :  1.52712e-07
 Reference value :  1.52912e-07
 Reference value :  1.53179e-07
 Reference value :  1.53406e-07
 Reference value :  1.53633e-07
 Reference value :  1.53921e-07
 Reference value :  1.54101e-07
 Reference value :  1.54435e-07
 Reference value :  1.54630e-07
 Reference value :  1.54950e-07
 Reference value :  1.55144e-07
 Reference value :  1.55440e-07
 Reference value :  1.55479e-07
 Reference value :  1.55819e-07
 Reference value :  1.56013e-07
 Reference value :  1.56349e-07
 Reference value :  1.56608e-07
 Reference value :  1.56818e-07
 Reference value :  1.57102e-07
 Reference value :  1.57272e-07
 Reference value :  1.57597e-07
 Reference value :  1.57771e-07
 Reference value :  1.58111e-07
 Reference value :  1.58306e-07
 Reference value :  1.58620e-07
 Reference value :  1.58820e-07
 Reference value :  1.59087e-07
 Reference value :  1.59375e-07
 Reference value :  1.59569e-07
 Reference value :  1.59909e-07
 Reference value :  1.60124e-07
 Reference value :  1.60438e-07
 Reference value :  1.60638e-07
 Reference value :  1.60897e-07
 Reference value :  1.61173e-07
 Reference value :  1.61373e-07
 Reference value :  1.61707e-07
 Reference value :  1.61942e-07
 Reference value :  1.62239e-07
 Reference value :  1.62456e-07
 Reference value :  1.62724e-07
 Reference value :  1.63008e-07
 Reference value :  1.63225e-07
 Reference value :  1.63585e-07
 Reference value :  1.63817e-07
 Reference value :  1.64076e-07
 Reference value :  1.64274e-07
 Reference value :  1.64474e-07
 Reference value :  1.64609e-07
 Reference value :  1.64909e-07
 Reference value :  1.65103e-07
 Reference value :  1.65442e-07
 Reference value :  1.65678e-07
 Reference value :  1.65908e-07
 Reference value :  1.66172e-07
 Reference value :  1.66362e-07
 Reference value :  1.66647e-07
 Reference value :  1.66841e-07
 Reference value :  1.67121e-07
 Reference value :  1.67336e-07
 Reference value :  1.67676e-07
 Reference value :  1.67830e-07
 Reference value :  1.68165e-07
 Reference value :  1.68345e-07
 Reference value :  1.68632e-07
 Reference value :  1.68919e-07
 Reference value :  1.69114e-07
 Reference value :  1.69454e-07
 Reference value :  1.69628e-07
 Reference value :  1.69983e-07
 Reference value :  1.70183e-07
 Reference value :  1.70450e-07
 Reference value :  1.70697e-07
 Reference value :  1.70918e-07
 Reference value :  1.71252e-07
 Reference value :  1.71446e-07
 Reference value :  1.71546e-07
 Reference value :  1.71816e-07
 Reference value :  1.72121e-07
 Reference value :  1.72335e-07
 Reference value :  1.72595e-07
 Reference value :  1.72770e-07
 Reference value :  1.73090e-07
 Reference value :  1.73284e-07
 Reference value :  1.73584e-07
 Reference value :  1.73799e-07
 Reference value :  1.74082e-07
 Reference value :  1.74253e-07
 Reference value :  1.74540e-07
 Reference value :  1.74808e-07
 Reference value :  1.75022e-07
 Reference value :  1.75362e-07
 Reference value :  1.75557e-07
 Reference value :  1.75874e-07
 Reference value :  1.76071e-07
 Reference value :  1.76329e-07
 Reference value :  1.76526e-07
 Reference value :  1.76802e-07
 Reference value :  1.77020e-07
 Reference value :  1.77281e-07
 Reference value :  1.77595e-07
 Reference value :  1.77809e-07
 Reference value :  1.78089e-07
 Reference value :  1.78304e-07
 Reference value :  1.78618e-07
 Reference value :  1.78818e-07
 Reference value :  1.79097e-07
 Reference value :  1.79390e-07
 Reference value :  1.79607e-07
 Reference value :  1.79907e-07
 Reference value :  1.80122e-07
 Reference value :  1.80437e-07
 Reference value :  1.80636e-07
 Reference value :  1.80904e-07
 Reference value :  1.81151e-07
 Reference value :  1.81361e-07
 Reference value :  1.81625e-07
 Reference value :  1.81860e-07
 Reference value :  1.82200e-07
 Reference value :  1.82374e-07
 Reference value :  1.82710e-07
 Reference value :  1.82909e-07
 Reference value :  1.83176e-07
 Reference value :  1.83403e-07
 Reference value :  1.83637e-07
 Reference value :  1.83958e-07
 Reference value :  1.84132e-07
 Reference value :  1.84472e-07
 Reference value :  1.84647e-07
 Reference value :  1.84907e-07
 Reference value :  1.84947e-07
 Reference value :  1.84981e-07
 Reference value :  1.84990e-07
 Reference value :  1.84995e-07
 Reference value :  1.85000e-07
 Reference value :  1.85021e-07
 Reference value :  1.85061e-07
 Reference value :  1.85101e-07
 Reference value :  1.85161e-07
 Reference value :  1.85201e-07
 Reference value :  1.85241e-07
 Reference value :  1.85281e-07
 Reference value :  1.85341e-07
 Reference value :  1.85448e-07
 Reference value :  1.85455e-07
 Reference value :  1.85616e-07
 Reference value :  1.85856e-07
 Reference value :  1.85990e-07
 Reference value :  1.86346e-07
 Reference value :  1.86585e-07
 Reference value :  1.86813e-07
 Reference value :  1.86979e-07
 Reference value :  1.87254e-07
 Reference value :  1.87394e-07
 Reference value :  1.87674e-07
 Reference value :  1.87888e-07
 Reference value :  1.88182e-07
 Reference value :  1.88483e-07
 Reference value :  1.88657e-07
 Reference value :  1.88917e-07
 Reference value :  1.89098e-07
 Reference value :  1.89392e-07
 Reference value :  1.89606e-07
 Reference value :  1.89726e-07
 Reference value :  1.89982e-07
 Reference value :  1.90221e-07
 Reference value :  1.90448e-07
 Reference value :  1.90695e-07
 Reference value :  1.90905e-07
 Reference value :  1.91170e-07
 Reference value :  1.91384e-07
 Reference value :  1.91764e-07
 Reference value :  1.91979e-07
 Reference value :  1.92253e-07
 Reference value :  1.92453e-07
 Reference value :  1.92723e-07
 Reference value :  1.93028e-07
 Reference value :  1.93202e-07
 Reference value :  1.93482e-07
 Reference value :  1.93717e-07
 Reference value :  1.94054e-07
 Reference value :  1.94211e-07
 Reference value :  1.94528e-07
 Reference value :  1.94783e-07
 Reference value :  1.94993e-07
 Reference value :  1.95260e-07
 Reference value :  1.95454e-07
 Reference value :  1.95775e-07
 Reference value :  1.95969e-07
 Reference value :  1.96309e-07
 Reference value :  1.96544e-07
 Reference value :  1.96799e-07
 Reference value :  1.96918e-07
 Reference value :  1.97236e-07
 Reference value :  1.97473e-07
 Reference value :  1.97721e-07
 Reference value :  1.98007e-07
 Reference value :  1.98242e-07
 Reference value :  1.98542e-07
 Reference value :  1.98716e-07
 Reference value :  1.98996e-07
 Reference value :  1.99231e-07
 Reference value :  1.99508e-07
 Reference value :  1.99705e-07
 Reference value :  1.99992e-07
 Reference value :  2.00260e-07
 Reference value :  2.00474e-07
 Reference value :  2.00754e-07
 Reference value :  2.00969e-07
 Reference value :  2.01309e-07
 Reference value :  2.01483e-07
 Reference value :  2.01810e-07
 Reference value :  2.02078e-07
 Reference value :  2.02292e-07
 Reference value :  2.02572e-07
 Reference value :  2.02787e-07
 Reference value :  2.03107e-07
 Reference value :  2.03321e-07
 Reference value :  2.03629e-07
 Reference value :  2.03896e-07
 Reference value :  2.03996e-07
 Reference value :  2.04170e-07
 Reference value :  2.04525e-07
 Reference value :  2.04725e-07
 Reference value :  2.04992e-07
 Reference value :  2.05239e-07
 Reference value :  2.05494e-07
 Reference value :  2.05814e-07
 Reference value :  2.05968e-07
 Reference value :  2.06268e-07
 Reference value :  2.06483e-07
 Reference value :  2.06763e-07
 Reference value :  2.06937e-07
 Reference value :  2.07264e-07
 Reference value :  2.07552e-07
 Reference value :  2.07746e-07
 Reference value :  2.08046e-07
 Reference value :  2.08261e-07
 Reference value :  2.08561e-07
 Reference value :  2.08755e-07
 Reference value :  2.09082e-07
 Reference value :  2.09330e-07
 Reference value :  2.09543e-07
 Reference value :  2.09844e-07
 Reference value :  2.10016e-07
 Reference value :  2.10316e-07
 Reference value :  2.10493e-07
 Reference value :  2.10871e-07
 Reference value :  2.11088e-07
 Reference value :  2.11351e-07
 Reference value :  2.11562e-07
 Reference value :  2.11798e-07
 Reference value :  2.12037e-07
 Reference value :  2.12264e-07
 Reference value :  2.12531e-07
 Reference value :  2.12786e-07
 Reference value :  2.13086e-07
 Reference value :  2.13280e-07
 Reference value :  2.13520e-07
 Reference value :  2.13735e-07
 Reference value :  2.14052e-07
 Reference value :  2.14269e-07
 Reference value :  2.14550e-07
 Reference value :  2.14804e-07
 Reference value :  2.15004e-07
 Reference value :  2.15258e-07
 Reference value :  2.15513e-07
 Reference value :  2.15793e-07
 Reference value :  2.16007e-07
 Reference value :  2.16343e-07
 Reference value :  2.16562e-07
 Reference value :  2.16810e-07
 Reference value :  2.17076e-07
 Reference value :  2.17277e-07
 Reference value :  2.17571e-07
 Reference value :  2.17724e-07
 Reference value :  2.17985e-07
 Reference value :  2.18168e-07
 Reference value :  2.18440e-07
 Reference value :  2.18630e-07
 Reference value :  2.18954e-07
 Reference value :  2.19169e-07
 Reference value :  2.19506e-07
 Reference value :  2.19683e-07
 Reference value :  2.19979e-07
 Reference value :  2.20238e-07
 Reference value :  2.20398e-07
 Reference value :  2.20592e-07
 Reference value :  2.20712e-07
 Reference value :  2.20967e-07
 Reference value :  2.21267e-07
 Reference value :  2.21481e-07
 Reference value :  2.21797e-07
 Reference value :  2.22016e-07
 Reference value :  2.22254e-07
 Reference value :  2.22430e-07
 Reference value :  2.22717e-07
 Reference value :  2.22965e-07
 Reference value :  2.23185e-07
 Reference value :  2.23479e-07
 Reference value :  2.23694e-07
 Reference value :  2.24034e-07
 Reference value :  2.24208e-07
 Reference value :  2.24527e-07
 Reference value :  2.24663e-07
 Reference value :  2.24979e-07
 Reference value :  2.25197e-07
 Reference value :  2.25445e-07
 Reference value :  2.25669e-07
 Reference value :  2.25902e-07
 Reference value :  2.26146e-07
 Reference value :  2.26381e-07
 Reference value :  2.26721e-07
 Reference value :  2.26895e-07
 Reference value :  2.27233e-07
 Reference value :  2.27410e-07
 Reference value :  2.27708e-07
 Reference value :  2.27964e-07
 Reference value :  2.28185e-07
 Reference value :  2.28479e-07
 Reference value :  2.28653e-07
 Reference value :  2.28953e-07
 Reference value :  2.29148e-07
 Reference value :  2.29468e-07
 Reference value :  2.29662e-07
 Reference value :  2.29981e-07
 Reference value :  2.30237e-07
 Reference value :  2.30447e-07
 Reference value :  2.30731e-07
 Reference value :  2.30926e-07
 Reference value :  2.31286e-07
 Reference value :  2.31480e-07
 Reference value :  2.31799e-07
 Reference value :  2.32055e-07
 Reference value :  2.32268e-07
 Reference value :  2.32549e-07
 Reference value :  2.32723e-07
 Reference value :  2.32964e-07
 Reference value :  2.33177e-07
 Reference value :  2.33378e-07
 Reference value :  2.33625e-07
 Reference value :  2.33873e-07
 Reference value :  2.34086e-07
 Reference value :  2.34327e-07
 Reference value :  2.34537e-07
 Reference value :  2.34822e-07
 Reference value :  2.35002e-07
 Reference value :  2.35276e-07
 Reference value :  2.35446e-07
 Reference value :  2.35751e-07
 Reference value :  2.35925e-07
 Reference value :  2.36225e-07
 Reference value :  2.36420e-07
 Reference value :  2.36760e-07
 Reference value :  2.36934e-07
 Reference value :  2.37257e-07
 Reference value :  2.37389e-07
 Reference value :  2.37629e-07
 Reference value :  2.37823e-07
 Reference value :  2.38159e-07
 Reference value :  2.38398e-07
 Reference value :  2.38631e-07
 Reference value :  2.38752e-07
 Reference value :  2.39032e-07
 Reference value :  2.39107e-07
 Reference value :  2.39427e-07
 Reference value :  2.39621e-07
 Reference value :  2.39976e-07
 Reference value :  2.40176e-07
 Reference value :  2.40443e-07
 Reference value :  2.40690e-07
 Reference value :  2.40898e-07
 Reference value :  2.41205e-07
 Reference value :  2.41379e-07
 Reference value :  2.41739e-07
 Reference value :  2.41934e-07
 Reference value :  2.42250e-07
 Reference value :  2.42448e-07
 Reference value :  2.42718e-07
 Reference value :  2.43043e-07
 Reference value :  2.43237e-07
 Reference value :  2.43612e-07
 Reference value :  2.43812e-07
 Reference value :  2.44079e-07
 Reference value :  2.44306e-07
 Reference value :  2.44536e-07
 Reference value :  2.44741e-07
 Reference value :  2.44979e-07
 Reference value :  2.45195e-07
 Reference value :  2.45449e-07
 Reference value :  2.45750e-07
 Reference value :  2.45944e-07
 Reference value :  2.46264e-07
 Reference value :  2.46343e-07
 Reference value :  2.46599e-07
 Reference value :  2.46812e-07
 Reference value :  2.47073e-07
 Reference value :  2.47328e-07
 Reference value :  2.47608e-07
 Reference value :  2.47782e-07
 Reference value :  2.48102e-07
 Reference value :  2.48183e-07
 Reference value :  2.48497e-07
 Reference value :  2.48577e-07
 Reference value :  2.48771e-07
 Reference value :  2.49078e-07
 Reference value :  2.49366e-07
 Reference value :  2.49560e-07
 Reference value :  2.49860e-07
 Reference value :  2.50055e-07
 Reference value :  2.50395e-07
 Reference value :  2.50589e-07
 Reference value :  2.50896e-07
 Reference value :  2.51164e-07
 Reference value :  2.51352e-07
 Reference value :  2.51618e-07
 Reference value :  2.51819e-07
 Reference value :  2.52153e-07
 Reference value :  2.52347e-07
 Reference value :  2.52702e-07
 Reference value :  2.52922e-07
 Reference value :  2.53165e-07
 Reference value :  2.53416e-07
 Reference value :  2.53637e-07
 Reference value :  2.53971e-07
 Reference value :  2.54185e-07
 Reference value :  2.54521e-07
 Reference value :  2.54760e-07
 Reference value :  2.54988e-07
 Reference value :  2.55254e-07
 Reference value :  2.55437e-07
 Reference value :  2.55669e-07
 Reference value :  2.55899e-07
 Reference value :  2.56183e-07
 Reference value :  2.56378e-07
 Reference value :  2.56698e-07
 Reference value :  2.56794e-07
 Reference value :  2.56992e-07
 Reference value :  2.57251e-07
 Reference value :  2.57507e-07
 Reference value :  2.57715e-07
 Reference value :  2.58021e-07
 Reference value :  2.58216e-07
 Reference value :  2.58556e-07
 Reference value :  2.58690e-07
 Reference value :  2.59010e-07
 Reference value :  2.59225e-07
 Reference value :  2.59521e-07
 Reference value :  2.59779e-07
 Reference value :  2.60014e-07
 Reference value :  2.60354e-07
 Reference value :  2.60528e-07
 Reference value :  2.60884e-07
 Reference value :  2.61123e-07
 Reference value :  2.61353e-07
 Reference value :  2.61657e-07
 Reference value :  2.61852e-07
 Reference value :  2.62172e-07
 Reference value :  2.62346e-07
 Reference value :  2.62702e-07
 Reference value :  2.62941e-07
 Reference value :  2.63171e-07
 Reference value :  2.63435e-07
 Reference value :  2.63625e-07
 Reference value :  2.63927e-07
 Reference value :  2.64104e-07
 Reference value :  2.64324e-07
 Reference value :  2.64556e-07
 Reference value :  2.64876e-07
 Reference value :  2.65053e-07
 Reference value :  2.65373e-07
 Reference value :  2.65608e-07
 Reference value :  2.65886e-07
 Reference value :  2.66142e-07
 Reference value :  2.66363e-07
 Reference value :  2.66697e-07
 Reference value :  2.66891e-07
 Reference value :  2.67211e-07
 Reference value :  2.67446e-07
 Reference value :  2.67709e-07
 Reference value :  2.67920e-07
 Reference value :  2.68174e-07
 Reference value :  2.68475e-07
 Reference value :  2.68649e-07
 Reference value :  2.68949e-07
 Reference value :  2.69184e-07
 Reference value :  2.69501e-07
 Reference value :  2.69698e-07
 Reference value :  2.69985e-07
 Reference value :  2.70253e-07
 Reference value :  2.70446e-07
 Reference value :  2.70727e-07
 Reference value :  2.70897e-07
 Reference value :  2.71222e-07
 Reference value :  2.71416e-07
 Reference value :  2.71736e-07
 Reference value :  2.71971e-07
 Reference value :  2.72247e-07
 Reference value :  2.72465e-07
 Reference value :  2.72715e-07
 Reference value :  2.73040e-07
 Reference value :  2.73254e-07
 Reference value :  2.73610e-07
 Reference value :  2.73809e-07
 Reference value :  2.74067e-07
 Reference value :  2.74303e-07
 Reference value :  2.74530e-07
 Reference value :  2.74818e-07
 Reference value :  2.75012e-07
 Reference value :  2.75372e-07
 Reference value :  2.75607e-07
 Reference value :  2.75885e-07
 Reference value :  2.76101e-07
 Reference value :  2.76349e-07
 Reference value :  2.76656e-07
 Reference value :  2.76830e-07
 Reference value :  2.77210e-07
 Reference value :  2.77445e-07
 Reference value :  2.77703e-07
 Reference value :  2.77939e-07
 Reference value :  2.78162e-07
 Reference value :  2.78394e-07
 Reference value :  2.78621e-07
 Reference value :  2.78908e-07
 Reference value :  2.79123e-07
 Reference value :  2.79443e-07
 Reference value :  2.79637e-07
 Reference value :  2.79897e-07
 Reference value :  2.80092e-07
 Reference value :  2.80392e-07
 Reference value :  2.80586e-07
 Reference value :  2.80894e-07
 Reference value :  2.81161e-07
 Reference value :  2.81354e-07
 Reference value :  2.81635e-07
 Reference value :  2.81850e-07
 Reference value :  2.82150e-07
 Reference value :  2.82364e-07
 Reference value :  2.82700e-07
 Reference value :  2.82919e-07
 Reference value :  2.83162e-07
 Reference value :  2.83333e-07
 Reference value :  2.83616e-07
 Reference value :  2.83788e-07
 Reference value :  2.84071e-07
 Reference value :  2.84282e-07
 Reference value :  2.84529e-07
 Reference value :  2.84817e-07
 Reference value :  2.85011e-07
 Reference value :  2.85371e-07
 Reference value :  2.85566e-07
 Reference value :  2.85880e-07
 Reference value :  2.86080e-07
 Reference value :  2.86335e-07
 Reference value :  2.86555e-07
 Reference value :  2.86791e-07
 Reference value :  2.87029e-07
 Reference value :  2.87284e-07
 Reference value :  2.87564e-07
 Reference value :  2.87758e-07
 Reference value :  2.88078e-07
 Reference value :  2.88333e-07
 Reference value :  2.88609e-07
 Reference value :  2.88847e-07
 Reference value :  2.89088e-07
 Reference value :  2.89422e-07
 Reference value :  2.89616e-07
 Reference value :  2.89716e-07
 Reference value :  2.89979e-07
 Reference value :  2.90211e-07
 Reference value :  2.90441e-07
 Reference value :  2.90745e-07
 Reference value :  2.90980e-07
 Reference value :  2.91280e-07
 Reference value :  2.91494e-07
 Reference value :  2.91797e-07
 Reference value :  2.92049e-07
 Reference value :  2.92257e-07
 Reference value :  2.92523e-07
 Reference value :  2.92778e-07
 Reference value :  2.93098e-07
 Reference value :  2.93312e-07
 Reference value :  2.93608e-07
 Reference value :  2.93867e-07
 Reference value :  2.94077e-07
 Reference value :  2.94361e-07
 Reference value :  2.94613e-07
 Reference value :  2.94893e-07
 Reference value :  2.95110e-07
 Reference value :  2.95427e-07
 Reference value :  2.95682e-07
 Reference value :  2.95898e-07
 Reference value :  2.96199e-07
 Reference value :  2.96434e-07
 Reference value :  2.96734e-07
 Reference value :  2.96948e-07
 Reference value :  2.97226e-07
 Reference value :  2.97463e-07
 Reference value :  2.97710e-07
 Reference value :  2.97957e-07
 Reference value :  2.98212e-07
 Reference value :  2.98512e-07
 Reference value :  2.98726e-07
 Reference value :  2.99044e-07
 Reference value :  2.99281e-07
 Reference value :  2.99529e-07
 Reference value :  2.99795e-07
No. of Data Rows : 19790
sim/harness: analysis complete
Note: Simulation executed from .control section 
