
Note: Compatibility modes selected: hs a


Circuit: ** sch_path: /home/ubuntu/loom-workspaces/sky130-pll/.loom/worktrees/issue-129/sim/divider/testbench/tb_divider.sch

option SCALE: Scale is set to 1e-06 for instance and model parameters
option SCALE: Scale is set to 1e-06 for instance and model parameters
option SCALE: Scale is set to 1e-06 for instance and model parameters
option SCALE: Scale is set to 1e-06 for instance and model parameters
Doing analysis at TEMP = 125.000000 and TNOM = 27.000000

Using KLU as Direct Linear Solver
 Reference value :  0.00000e+00
 Reference value :  1.37300e-10
 Reference value :  4.62625e-10
 Reference value :  6.94125e-10
 Reference value :  9.48625e-10
 Reference value :  1.24862e-09
 Reference value :  1.48312e-09
 Reference value :  1.82175e-09
 Reference value :  2.05762e-09
 Reference value :  2.31213e-09
 Reference value :  2.65212e-09
 Reference value :  2.88662e-09
 Reference value :  3.14662e-09
 Reference value :  3.38112e-09
 Reference value :  3.66162e-09
 Reference value :  3.97563e-09
 Reference value :  4.23013e-09
 Reference value :  4.54625e-09
 Reference value :  4.78463e-09
 Reference value :  5.00024e-09
 Reference value :  5.19542e-09
 Reference value :  5.46650e-09
 Reference value :  5.73363e-09
 Reference value :  5.92363e-09
 Reference value :  6.15000e-09
 Reference value :  6.40262e-09
 Reference value :  6.68263e-09
 Reference value :  6.87713e-09
 Reference value :  7.15713e-09
 Reference value :  7.35163e-09
 Reference value :  7.65162e-09
 Reference value :  7.84612e-09
 Reference value :  8.18475e-09
 Reference value :  8.40062e-09
 Reference value :  8.66113e-09
 Reference value :  8.97512e-09
 Reference value :  9.16962e-09
 Reference value :  9.46962e-09
 Reference value :  9.68413e-09
 Reference value :  1.00115e-08
 Reference value :  1.02786e-08
 Reference value :  1.04931e-08
 Reference value :  1.08331e-08
 Reference value :  1.10476e-08
 Reference value :  1.13637e-08
 Reference value :  1.15821e-08
 Reference value :  1.18170e-08
 Reference value :  1.20366e-08
 Reference value :  1.22840e-08
 Reference value :  1.25111e-08
 Reference value :  1.27856e-08
 Reference value :  1.31256e-08
 Reference value :  1.33201e-08
 Reference value :  1.36350e-08
 Reference value :  1.37946e-08
 Reference value :  1.40895e-08
 Reference value :  1.42891e-08
 Reference value :  1.45626e-08
 Reference value :  1.46236e-08
 Reference value :  1.49636e-08
 Reference value :  1.51581e-08
 Reference value :  1.54530e-08
 Reference value :  1.56926e-08
 Reference value :  1.59226e-08
 Reference value :  1.61071e-08
 Reference value :  1.63745e-08
 Reference value :  1.66816e-08
 Reference value :  1.68761e-08
 Reference value :  1.71761e-08
 Reference value :  1.74083e-08
 Reference value :  1.77069e-08
 Reference value :  1.79251e-08
 Reference value :  1.81934e-08
 Reference value :  1.85196e-08
 Reference value :  1.87341e-08
 Reference value :  1.90141e-08
 Reference value :  1.92263e-08
 Reference value :  1.95448e-08
 Reference value :  1.97831e-08
 Reference value :  2.00166e-08
 Reference value :  2.03576e-08
 Reference value :  2.05721e-08
 Reference value :  2.08896e-08
 Reference value :  2.11043e-08
 Reference value :  2.13740e-08
 Reference value :  2.16611e-08
 Reference value :  2.18956e-08
 Reference value :  2.22531e-08
 Reference value :  2.23701e-08
 Reference value :  2.26901e-08
 Reference value :  2.29223e-08
 Reference value :  2.31876e-08
 Reference value :  2.34591e-08
 Reference value :  2.36936e-08
 Reference value :  2.40136e-08
 Reference value :  2.42081e-08
 Reference value :  2.45430e-08
 Reference value :  2.47803e-08
 Reference value :  2.50056e-08
 Reference value :  2.52771e-08
 Reference value :  2.55116e-08
 Reference value :  2.58516e-08
 Reference value :  2.60461e-08
 Reference value :  2.63610e-08
 Reference value :  2.65983e-08
 Reference value :  2.68306e-08
 Reference value :  2.70751e-08
 Reference value :  2.72956e-08
 Reference value :  2.76296e-08
 Reference value :  2.78241e-08
 Reference value :  2.81441e-08
 Reference value :  2.83163e-08
 Reference value :  2.85963e-08
 Reference value :  2.87731e-08
 Reference value :  2.90917e-08
 Reference value :  2.93476e-08
 Reference value :  2.95576e-08
 Reference value :  2.98421e-08
 Reference value :  3.00226e-08
 Reference value :  3.03166e-08
 Reference value :  3.04515e-08
 Reference value :  3.06311e-08
 Reference value :  3.09185e-08
 Reference value :  3.09856e-08
 Reference value :  3.13056e-08
 Reference value :  3.15001e-08
 Reference value :  3.17801e-08
 Reference value :  3.18284e-08
 Reference value :  3.20946e-08
 Reference value :  3.23091e-08
 Reference value :  3.26491e-08
 Reference value :  3.28636e-08
 Reference value :  3.31797e-08
 Reference value :  3.33781e-08
 Reference value :  3.36463e-08
 Reference value :  3.39703e-08
 Reference value :  3.41471e-08
 Reference value :  3.44271e-08
 Reference value :  3.45246e-08
 Reference value :  3.45501e-08
 Reference value :  3.45676e-08
 Reference value :  3.46016e-08
 Reference value :  3.46416e-08
 Reference value :  3.49616e-08
 Reference value :  3.51161e-08
 Reference value :  3.54522e-08
 Reference value :  3.56906e-08
 Reference value :  3.58506e-08
 Reference value :  3.58881e-08
 Reference value :  3.59067e-08
 Reference value :  3.59136e-08
 Reference value :  3.59651e-08
 Reference value :  3.61451e-08
 Reference value :  3.63638e-08
 Reference value :  3.66196e-08
 Reference value :  3.67796e-08
 Reference value :  3.69941e-08
 Reference value :  3.72341e-08
 Reference value :  3.72710e-08
 Reference value :  3.73863e-08
 Reference value :  3.75463e-08
 Reference value :  3.76463e-08
 Reference value :  3.78431e-08
 Reference value :  3.81606e-08
 Reference value :  3.83576e-08
 Reference value :  3.86363e-08
 Reference value :  3.88521e-08
 Reference value :  3.90521e-08
 Reference value :  3.92466e-08
 Reference value :  3.95427e-08
 Reference value :  3.97811e-08
 Reference value :  4.00094e-08
 Reference value :  4.03156e-08
 Reference value :  4.04761e-08
 Reference value :  4.06701e-08
 Reference value :  4.09070e-08
 Reference value :  4.11823e-08
 Reference value :  4.13991e-08
 Reference value :  4.16991e-08
 Reference value :  4.18936e-08
 Reference value :  4.21936e-08
 Reference value :  4.22810e-08
 Reference value :  4.24281e-08
 Reference value :  4.27364e-08
 Reference value :  4.29826e-08
 Reference value :  4.31961e-08
 Reference value :  4.35171e-08
 Reference value :  4.36506e-08
 Reference value :  4.37516e-08
 Reference value :  4.39716e-08
 Reference value :  4.41861e-08
 Reference value :  4.45422e-08
 Reference value :  4.47606e-08
 Reference value :  4.50106e-08
 Reference value :  4.52351e-08
 Reference value :  4.54151e-08
 Reference value :  4.56273e-08
 Reference value :  4.59045e-08
 Reference value :  4.59841e-08
 Reference value :  4.63590e-08
 Reference value :  4.65786e-08
 Reference value :  4.67386e-08
 Reference value :  4.69331e-08
 Reference value :  4.72331e-08
 Reference value :  4.74676e-08
 Reference value :  4.77237e-08
 Reference value :  4.77359e-08
 Reference value :  4.78421e-08
 Reference value :  4.81782e-08
 Reference value :  4.84166e-08
 Reference value :  4.86449e-08
 Reference value :  4.89111e-08
 Reference value :  4.91009e-08
 Reference value :  4.92433e-08
 Reference value :  4.95486e-08
 Reference value :  4.98001e-08
 Reference value :  5.00546e-08
 Reference value :  5.02946e-08
 Reference value :  5.04321e-08
 Reference value :  5.05891e-08
 Reference value :  5.09052e-08
 Reference value :  5.11036e-08
 Reference value :  5.13666e-08
 Reference value :  5.16181e-08
 Reference value :  5.18281e-08
 Reference value :  5.19726e-08
 Reference value :  5.21726e-08
 Reference value :  5.23671e-08
 Reference value :  5.26671e-08
 Reference value :  5.28993e-08
 Reference value :  5.31803e-08
 Reference value :  5.33961e-08
 Reference value :  5.36444e-08
 Reference value :  5.38306e-08
 Reference value :  5.40989e-08
 Reference value :  5.43051e-08
 Reference value :  5.45551e-08
 Reference value :  5.46996e-08
 Reference value :  5.49396e-08
 Reference value :  5.51541e-08
 Reference value :  5.54528e-08
 Reference value :  5.57486e-08
 Reference value :  5.59291e-08
 Reference value :  5.61831e-08
 Reference value :  5.64153e-08
 Reference value :  5.66153e-08
 Reference value :  5.68381e-08
 Reference value :  5.71321e-08
 Reference value :  5.73266e-08
 Reference value :  5.76266e-08
 Reference value :  5.77401e-08
 Reference value :  5.79211e-08
 Reference value :  5.81946e-08
 Reference value :  5.85156e-08
 Reference value :  5.86901e-08
 Reference value :  5.90101e-08
 Reference value :  5.92046e-08
 Reference value :  5.94046e-08
 Reference value :  5.95407e-08
 Reference value :  5.97791e-08
 Reference value :  5.99191e-08
 Reference value :  6.01536e-08
 Reference value :  6.04497e-08
 Reference value :  6.06481e-08
 Reference value :  6.07281e-08
 Reference value :  6.09155e-08
 Reference value :  6.12226e-08
 Reference value :  6.13761e-08
 Reference value :  6.17171e-08
 Reference value :  6.19516e-08
 Reference value :  6.22316e-08
 Reference value :  6.23261e-08
 Reference value :  6.25261e-08
 Reference value :  6.27466e-08
 Reference value :  6.30606e-08
 Reference value :  6.32551e-08
 Reference value :  6.36126e-08
 Reference value :  6.38496e-08
 Reference value :  6.40296e-08
 Reference value :  6.40970e-08
 Reference value :  6.43441e-08
 Reference value :  6.45524e-08
 Reference value :  6.48786e-08
 Reference value :  6.50331e-08
 Reference value :  6.52531e-08
 Reference value :  6.54517e-08
 Reference value :  6.56676e-08
 Reference value :  6.59176e-08
 Reference value :  6.61821e-08
 Reference value :  6.63943e-08
 Reference value :  6.66543e-08
 Reference value :  6.68371e-08
 Reference value :  6.70511e-08
 Reference value :  6.72311e-08
 Reference value :  6.74256e-08
 Reference value :  6.77217e-08
 Reference value :  6.79001e-08
 Reference value :  6.81762e-08
 Reference value :  6.84146e-08
 Reference value :  6.86429e-08
 Reference value :  6.87891e-08
 Reference value :  6.90974e-08
 Reference value :  6.94036e-08
 Reference value :  6.95981e-08
 Reference value :  6.97981e-08
 Reference value :  6.99581e-08
 Reference value :  7.00081e-08
 Reference value :  7.03126e-08
 Reference value :  7.04871e-08
 Reference value :  7.08671e-08
 Reference value :  7.10816e-08
 Reference value :  7.11816e-08
 Reference value :  7.13602e-08
 Reference value :  7.13821e-08
 Reference value :  7.16761e-08
 Reference value :  7.18366e-08
 Reference value :  7.21906e-08
 Reference value :  7.23651e-08
 Reference value :  7.25651e-08
 Reference value :  7.27334e-08
 Reference value :  7.30396e-08
 Reference value :  7.32141e-08
 Reference value :  7.35141e-08
 Reference value :  7.37263e-08
 Reference value :  7.40263e-08
 Reference value :  7.41231e-08
 Reference value :  7.42631e-08
 Reference value :  7.45513e-08
 Reference value :  7.48153e-08
 Reference value :  7.50076e-08
 Reference value :  7.52921e-08
 Reference value :  7.54595e-08
 Reference value :  7.54866e-08
 Reference value :  7.57866e-08
 Reference value :  7.59811e-08
 Reference value :  7.63011e-08
 Reference value :  7.64356e-08
 Reference value :  7.65756e-08
 Reference value :  7.68186e-08
 Reference value :  7.70501e-08
 Reference value :  7.72775e-08
 Reference value :  7.75446e-08
 Reference value :  7.77591e-08
 Reference value :  7.81391e-08
 Reference value :  7.82736e-08
 Reference value :  7.84736e-08
 Reference value :  7.86681e-08
 Reference value :  7.89881e-08
 Reference value :  7.92026e-08
 Reference value :  7.94426e-08
 Reference value :  7.95201e-08
 Reference value :  7.97171e-08
 Reference value :  7.99371e-08
 Reference value :  8.00716e-08
 Reference value :  8.04116e-08
 Reference value :  8.04546e-08
 Reference value :  8.06461e-08
 Reference value :  8.09091e-08
 Reference value :  8.11606e-08
 Reference value :  8.13689e-08
 Reference value :  8.13951e-08
 Reference value :  8.15351e-08
 Reference value :  8.17751e-08
 Reference value :  8.18673e-08
 Reference value :  8.21673e-08
 Reference value :  8.22770e-08
 Reference value :  8.24041e-08
 Reference value :  8.25441e-08
 Reference value :  8.27586e-08
 Reference value :  8.30986e-08
 Reference value :  8.32931e-08
 Reference value :  8.35731e-08
 Reference value :  8.38076e-08
 Reference value :  8.40076e-08
 Reference value :  8.41011e-08
 Reference value :  8.44021e-08
 Reference value :  8.46366e-08
 Reference value :  8.49741e-08
 Reference value :  8.49952e-08
 Reference value :  8.50911e-08
 Reference value :  8.54286e-08
 Reference value :  8.56656e-08
 Reference value :  8.59130e-08
 Reference value :  8.62001e-08
 Reference value :  8.64146e-08
 Reference value :  8.67746e-08
 Reference value :  8.69091e-08
 Reference value :  8.70491e-08
 Reference value :  8.72774e-08
 Reference value :  8.75636e-08
 Reference value :  8.77441e-08
 Reference value :  8.79581e-08
 Reference value :  8.81181e-08
 Reference value :  8.81855e-08
 Reference value :  8.84926e-08
 Reference value :  8.86531e-08
 Reference value :  8.89871e-08
 Reference value :  8.92216e-08
 Reference value :  8.94816e-08
 Reference value :  8.95961e-08
 Reference value :  8.97761e-08
 Reference value :  9.00483e-08
 Reference value :  9.03883e-08
 Reference value :  9.06051e-08
 Reference value :  9.09000e-08
 Reference value :  9.11396e-08
 Reference value :  9.13731e-08
 Reference value :  9.16141e-08
 Reference value :  9.18486e-08
 Reference value :  9.21886e-08
 Reference value :  9.24031e-08
 Reference value :  9.26031e-08
 Reference value :  9.27576e-08
 Reference value :  9.30976e-08
 Reference value :  9.32721e-08
 Reference value :  9.36270e-08
 Reference value :  9.37466e-08
 Reference value :  9.39666e-08
 Reference value :  9.41411e-08
 Reference value :  9.44411e-08
 Reference value :  9.46356e-08
 Reference value :  9.49905e-08
 Reference value :  9.51301e-08
 Reference value :  9.54487e-08
 Reference value :  9.57246e-08
 Reference value :  9.59391e-08
 Reference value :  9.62591e-08
 Reference value :  9.64336e-08
 Reference value :  9.65936e-08
 Reference value :  9.67536e-08
 Reference value :  9.69481e-08
 Reference value :  9.72650e-08
 Reference value :  9.75203e-08
 Reference value :  9.77431e-08
 Reference value :  9.79371e-08
 Reference value :  9.81801e-08
 Reference value :  9.84116e-08
 Reference value :  9.86390e-08
 Reference value :  9.88861e-08
 Reference value :  9.91406e-08
 Reference value :  9.95181e-08
 Reference value :  9.97351e-08
 Reference value :  1.00003e-07
 Reference value :  1.00270e-07
 Reference value :  1.00470e-07
 Reference value :  1.00804e-07
 Reference value :  1.00999e-07
 Reference value :  1.01353e-07
 Reference value :  1.01573e-07
 Reference value :  1.01834e-07
 Reference value :  1.02008e-07
 Reference value :  1.02266e-07
 Reference value :  1.02482e-07
 Reference value :  1.02729e-07
 Reference value :  1.03037e-07
 Reference value :  1.03251e-07
 Reference value :  1.03609e-07
 Reference value :  1.03786e-07
 Reference value :  1.04082e-07
 Reference value :  1.04300e-07
 Reference value :  1.04518e-07
 Reference value :  1.04695e-07
 Reference value :  1.04991e-07
 Reference value :  1.05229e-07
 Reference value :  1.05481e-07
 Reference value :  1.05841e-07
 Reference value :  1.06018e-07
 Reference value :  1.06298e-07
 Reference value :  1.06493e-07
 Reference value :  1.06811e-07
 Reference value :  1.07067e-07
 Reference value :  1.07302e-07
 Reference value :  1.07662e-07
 Reference value :  1.07836e-07
 Reference value :  1.08171e-07
 Reference value :  1.08371e-07
 Reference value :  1.08639e-07
 Reference value :  1.08945e-07
 Reference value :  1.09140e-07
 Reference value :  1.09480e-07
 Reference value :  1.09654e-07
 Reference value :  1.09914e-07
 Reference value :  1.09997e-07
 Reference value :  1.10309e-07
 Reference value :  1.10469e-07
 Reference value :  1.10743e-07
 Reference value :  1.10998e-07
 Reference value :  1.11318e-07
 Reference value :  1.11532e-07
 Reference value :  1.11811e-07
 Reference value :  1.12067e-07
 Reference value :  1.12277e-07
 Reference value :  1.12541e-07
 Reference value :  1.12793e-07
 Reference value :  1.13133e-07
 Reference value :  1.13350e-07
 Reference value :  1.13625e-07
 Reference value :  1.13885e-07
 Reference value :  1.14095e-07
 Reference value :  1.14379e-07
 Reference value :  1.14634e-07
 Reference value :  1.14954e-07
 Reference value :  1.15168e-07
 Reference value :  1.15447e-07
 Reference value :  1.15703e-07
 Reference value :  1.15916e-07
 Reference value :  1.16237e-07
 Reference value :  1.16452e-07
 Reference value :  1.16772e-07
 Reference value :  1.16986e-07
 Reference value :  1.17261e-07
 Reference value :  1.17501e-07
 Reference value :  1.17731e-07
 Reference value :  1.18055e-07
 Reference value :  1.18290e-07
 Reference value :  1.18607e-07
 Reference value :  1.18724e-07
 Reference value :  1.19044e-07
 Reference value :  1.19239e-07
 Reference value :  1.19534e-07
 Reference value :  1.19753e-07
 Reference value :  1.20003e-07
 Reference value :  1.20328e-07
 Reference value :  1.20522e-07
 Reference value :  1.20802e-07
 Reference value :  1.20977e-07
 Reference value :  1.21277e-07
 Reference value :  1.21491e-07
 Reference value :  1.21810e-07
 Reference value :  1.22066e-07
 Reference value :  1.22320e-07
 Reference value :  1.22660e-07
 Reference value :  1.22855e-07
 Reference value :  1.23169e-07
 Reference value :  1.23369e-07
 Reference value :  1.23643e-07
 Reference value :  1.23984e-07
 Reference value :  1.24178e-07
 Reference value :  1.24537e-07
 Reference value :  1.24773e-07
 Reference value :  1.25003e-07
 Reference value :  1.25307e-07
 Reference value :  1.25482e-07
 Reference value :  1.25862e-07
 Reference value :  1.26056e-07
 Reference value :  1.26364e-07
 Reference value :  1.26671e-07
 Reference value :  1.26865e-07
 Reference value :  1.27205e-07
 Reference value :  1.27400e-07
 Reference value :  1.27714e-07
 Reference value :  1.27914e-07
 Reference value :  1.28182e-07
 Reference value :  1.28469e-07
 Reference value :  1.28642e-07
 Reference value :  1.28883e-07
 Reference value :  1.29082e-07
 Reference value :  1.29378e-07
 Reference value :  1.29572e-07
 Reference value :  1.29932e-07
 Reference value :  1.30127e-07
 Reference value :  1.30443e-07
 Reference value :  1.30681e-07
 Reference value :  1.30915e-07
 Reference value :  1.31236e-07
 Reference value :  1.31410e-07
 Reference value :  1.31788e-07
 Reference value :  1.31982e-07
 Reference value :  1.32272e-07
 Reference value :  1.32539e-07
 Reference value :  1.32732e-07
 Reference value :  1.33031e-07
 Reference value :  1.33228e-07
 Reference value :  1.33588e-07
 Reference value :  1.33663e-07
 Reference value :  1.34023e-07
 Reference value :  1.34197e-07
 Reference value :  1.34515e-07
 Reference value :  1.34732e-07
 Reference value :  1.34990e-07
 Reference value :  1.35246e-07
 Reference value :  1.35501e-07
 Reference value :  1.35861e-07
 Reference value :  1.36055e-07
 Reference value :  1.36351e-07
 Reference value :  1.36550e-07
 Reference value :  1.36817e-07
 Reference value :  1.37104e-07
 Reference value :  1.37319e-07
 Reference value :  1.37679e-07
 Reference value :  1.37873e-07
 Reference value :  1.38176e-07
 Reference value :  1.38448e-07
 Reference value :  1.38648e-07
 Reference value :  1.39002e-07
 Reference value :  1.39217e-07
 Reference value :  1.39531e-07
 Reference value :  1.39691e-07
 Reference value :  1.39987e-07
 Reference value :  1.40226e-07
 Reference value :  1.40454e-07
 Reference value :  1.40720e-07
 Reference value :  1.40955e-07
 Reference value :  1.41075e-07
 Reference value :  1.41353e-07
 Reference value :  1.41609e-07
 Reference value :  1.41823e-07
 Reference value :  1.42124e-07
 Reference value :  1.42318e-07
 Reference value :  1.42638e-07
 Reference value :  1.42873e-07
 Reference value :  1.43169e-07
 Reference value :  1.43387e-07
 Reference value :  1.43587e-07
 Reference value :  1.43782e-07
 Reference value :  1.44059e-07
 Reference value :  1.44276e-07
 Reference value :  1.44543e-07
 Reference value :  1.44791e-07
 Reference value :  1.45045e-07
 Reference value :  1.45325e-07
 Reference value :  1.45500e-07
 Reference value :  1.45820e-07
 Reference value :  1.46054e-07
 Reference value :  1.46362e-07
 Reference value :  1.46669e-07
 Reference value :  1.46883e-07
 Reference value :  1.47223e-07
 Reference value :  1.47455e-07
 Reference value :  1.47725e-07
 Reference value :  1.47992e-07
 Reference value :  1.48185e-07
 Reference value :  1.48504e-07
 Reference value :  1.48647e-07
 Reference value :  1.48961e-07
 Reference value :  1.49196e-07
 Reference value :  1.49531e-07
 Reference value :  1.49730e-07
 Reference value :  1.49989e-07
 Reference value :  1.50205e-07
 Reference value :  1.50422e-07
 Reference value :  1.50599e-07
 Reference value :  1.50907e-07
 Reference value :  1.51194e-07
 Reference value :  1.51374e-07
 Reference value :  1.51648e-07
 Reference value :  1.51811e-07
 Reference value :  1.52103e-07
 Reference value :  1.52283e-07
 Reference value :  1.52597e-07
 Reference value :  1.52792e-07
 Reference value :  1.53149e-07
 Reference value :  1.53326e-07
 Reference value :  1.53629e-07
 Reference value :  1.53901e-07
 Reference value :  1.54101e-07
 Reference value :  1.54475e-07
 Reference value :  1.54670e-07
 Reference value :  1.54986e-07
 Reference value :  1.55224e-07
 Reference value :  1.55454e-07
 Reference value :  1.55779e-07
 Reference value :  1.55953e-07
 Reference value :  1.56293e-07
 Reference value :  1.56488e-07
 Reference value :  1.56806e-07
 Reference value :  1.57022e-07
 Reference value :  1.57272e-07
 Reference value :  1.57577e-07
 Reference value :  1.57751e-07
 Reference value :  1.58111e-07
 Reference value :  1.58306e-07
 Reference value :  1.58622e-07
 Reference value :  1.58840e-07
 Reference value :  1.59088e-07
 Reference value :  1.59375e-07
 Reference value :  1.59555e-07
 Reference value :  1.59909e-07
 Reference value :  1.60104e-07
 Reference value :  1.60284e-07
 Reference value :  1.60452e-07
 Reference value :  1.60738e-07
 Reference value :  1.60912e-07
 Reference value :  1.61233e-07
 Reference value :  1.61447e-07
 Reference value :  1.61747e-07
 Reference value :  1.61982e-07
 Reference value :  1.62260e-07
 Reference value :  1.62496e-07
 Reference value :  1.62723e-07
 Reference value :  1.63028e-07
 Reference value :  1.63225e-07
 Reference value :  1.63585e-07
 Reference value :  1.63837e-07
 Reference value :  1.64088e-07
 Reference value :  1.64394e-07
 Reference value :  1.64589e-07
 Reference value :  1.64869e-07
 Reference value :  1.65043e-07
 Reference value :  1.65363e-07
 Reference value :  1.65578e-07
 Reference value :  1.65858e-07
 Reference value :  1.66052e-07
 Reference value :  1.66330e-07
 Reference value :  1.66507e-07
 Reference value :  1.66801e-07
 Reference value :  1.66941e-07
 Reference value :  1.67260e-07
 Reference value :  1.67496e-07
 Reference value :  1.67736e-07
 Reference value :  1.68010e-07
 Reference value :  1.68225e-07
 Reference value :  1.68565e-07
 Reference value :  1.68659e-07
 Reference value :  1.68859e-07
 Reference value :  1.69093e-07
 Reference value :  1.69414e-07
 Reference value :  1.69608e-07
 Reference value :  1.69983e-07
 Reference value :  1.70183e-07
 Reference value :  1.70450e-07
 Reference value :  1.70697e-07
 Reference value :  1.70905e-07
 Reference value :  1.71232e-07
 Reference value :  1.71406e-07
 Reference value :  1.71766e-07
 Reference value :  1.71981e-07
 Reference value :  1.72264e-07
 Reference value :  1.72535e-07
 Reference value :  1.72750e-07
 Reference value :  1.73070e-07
 Reference value :  1.73204e-07
 Reference value :  1.73544e-07
 Reference value :  1.73739e-07
 Reference value :  1.74075e-07
 Reference value :  1.74293e-07
 Reference value :  1.74541e-07
 Reference value :  1.74848e-07
 Reference value :  1.75008e-07
 Reference value :  1.75122e-07
 Reference value :  1.75441e-07
 Reference value :  1.75717e-07
 Reference value :  1.75910e-07
 Reference value :  1.76231e-07
 Reference value :  1.76466e-07
 Reference value :  1.76783e-07
 Reference value :  1.77000e-07
 Reference value :  1.77268e-07
 Reference value :  1.77335e-07
 Reference value :  1.77655e-07
 Reference value :  1.77869e-07
 Reference value :  1.78129e-07
 Reference value :  1.78364e-07
 Reference value :  1.78627e-07
 Reference value :  1.78858e-07
 Reference value :  1.79130e-07
 Reference value :  1.79470e-07
 Reference value :  1.79627e-07
 Reference value :  1.79947e-07
 Reference value :  1.80162e-07
 Reference value :  1.80440e-07
 Reference value :  1.80676e-07
 Reference value :  1.80931e-07
 Reference value :  1.81191e-07
 Reference value :  1.81405e-07
 Reference value :  1.81665e-07
 Reference value :  1.81826e-07
 Reference value :  1.82180e-07
 Reference value :  1.82354e-07
 Reference value :  1.82710e-07
 Reference value :  1.82929e-07
 Reference value :  1.83179e-07
 Reference value :  1.83463e-07
 Reference value :  1.83678e-07
 Reference value :  1.84018e-07
 Reference value :  1.84212e-07
 Reference value :  1.84539e-07
 Reference value :  1.84807e-07
 Reference value :  1.85021e-07
 Reference value :  1.85301e-07
 Reference value :  1.85516e-07
 Reference value :  1.85873e-07
 Reference value :  1.86070e-07
 Reference value :  1.86357e-07
 Reference value :  1.86645e-07
 Reference value :  1.86815e-07
 Reference value :  1.87099e-07
 Reference value :  1.87334e-07
 Reference value :  1.87654e-07
 Reference value :  1.87848e-07
 Reference value :  1.88167e-07
 Reference value :  1.88383e-07
 Reference value :  1.88633e-07
 Reference value :  1.88897e-07
 Reference value :  1.89132e-07
 Reference value :  1.89432e-07
 Reference value :  1.89626e-07
 Reference value :  1.89982e-07
 Reference value :  1.90201e-07
 Reference value :  1.90454e-07
 Reference value :  1.90755e-07
 Reference value :  1.90970e-07
 Reference value :  1.91290e-07
 Reference value :  1.91484e-07
 Reference value :  1.91811e-07
 Reference value :  1.92119e-07
 Reference value :  1.92313e-07
 Reference value :  1.92653e-07
 Reference value :  1.92888e-07
 Reference value :  1.93162e-07
 Reference value :  1.93382e-07
 Reference value :  1.93625e-07
 Reference value :  1.93917e-07
 Reference value :  1.94090e-07
 Reference value :  1.94411e-07
 Reference value :  1.94643e-07
 Reference value :  1.94981e-07
 Reference value :  1.95220e-07
 Reference value :  1.95454e-07
 Reference value :  1.95755e-07
 Reference value :  1.95949e-07
 Reference value :  1.96327e-07
 Reference value :  1.96564e-07
 Reference value :  1.96811e-07
 Reference value :  1.97078e-07
 Reference value :  1.97257e-07
 Reference value :  1.97533e-07
 Reference value :  1.97707e-07
 Reference value :  1.97927e-07
 Reference value :  1.98181e-07
 Reference value :  1.98502e-07
 Reference value :  1.98676e-07
 Reference value :  1.98996e-07
 Reference value :  1.99231e-07
 Reference value :  1.99508e-07
 Reference value :  1.99745e-07
 Reference value :  2.00006e-07
 Reference value :  2.00360e-07
 Reference value :  2.00574e-07
 Reference value :  2.00834e-07
 Reference value :  2.01069e-07
 Reference value :  2.01347e-07
 Reference value :  2.01583e-07
 Reference value :  2.01813e-07
 Reference value :  2.02138e-07
 Reference value :  2.02312e-07
 Reference value :  2.02632e-07
 Reference value :  2.02847e-07
 Reference value :  2.03144e-07
 Reference value :  2.03175e-07
 Reference value :  2.03441e-07
 Reference value :  2.03696e-07
 Reference value :  2.04036e-07
 Reference value :  2.04230e-07
 Reference value :  2.04529e-07
 Reference value :  2.04785e-07
 Reference value :  2.05005e-07
 Reference value :  2.05339e-07
 Reference value :  2.05574e-07
 Reference value :  2.05888e-07
 Reference value :  2.06088e-07
 Reference value :  2.06351e-07
 Reference value :  2.06583e-07
 Reference value :  2.06823e-07
 Reference value :  2.07137e-07
 Reference value :  2.07372e-07
 Reference value :  2.07708e-07
 Reference value :  2.07946e-07
 Reference value :  2.08176e-07
 Reference value :  2.08481e-07
 Reference value :  2.08695e-07
 Reference value :  2.09053e-07
 Reference value :  2.09270e-07
 Reference value :  2.09537e-07
 Reference value :  2.09824e-07
 Reference value :  2.10036e-07
 Reference value :  2.10336e-07
 Reference value :  2.10553e-07
 Reference value :  2.10888e-07
 Reference value :  2.11148e-07
 Reference value :  2.11356e-07
 Reference value :  2.11502e-07
 Reference value :  2.11780e-07
 Reference value :  2.12017e-07
 Reference value :  2.12265e-07
 Reference value :  2.12531e-07
 Reference value :  2.12786e-07
 Reference value :  2.13086e-07
 Reference value :  2.13320e-07
 Reference value :  2.13615e-07
 Reference value :  2.13835e-07
 Reference value :  2.14082e-07
 Reference value :  2.14349e-07
 Reference value :  2.14604e-07
 Reference value :  2.14924e-07
 Reference value :  2.15138e-07
 Reference value :  2.15445e-07
 Reference value :  2.15713e-07
 Reference value :  2.15913e-07
 Reference value :  2.16227e-07
 Reference value :  2.16422e-07
 Reference value :  2.16762e-07
 Reference value :  2.16976e-07
 Reference value :  2.17263e-07
 Reference value :  2.17571e-07
 Reference value :  2.17745e-07
 Reference value :  2.18085e-07
 Reference value :  2.18280e-07
 Reference value :  2.18560e-07
 Reference value :  2.18774e-07
 Reference value :  2.19081e-07
 Reference value :  2.19389e-07
 Reference value :  2.19563e-07
 Reference value :  2.19883e-07
 Reference value :  2.20038e-07
 Reference value :  2.20318e-07
 Reference value :  2.20512e-07
 Reference value :  2.20887e-07
 Reference value :  2.21127e-07
 Reference value :  2.21287e-07
 Reference value :  2.21345e-07
 Reference value :  2.21561e-07
 Reference value :  2.21815e-07
 Reference value :  2.22116e-07
 Reference value :  2.22290e-07
 Reference value :  2.22630e-07
 Reference value :  2.22865e-07
 Reference value :  2.23161e-07
 Reference value :  2.23399e-07
 Reference value :  2.23629e-07
 Reference value :  2.23954e-07
 Reference value :  2.24087e-07
 Reference value :  2.24208e-07
 Reference value :  2.24535e-07
 Reference value :  2.24803e-07
 Reference value :  2.25017e-07
 Reference value :  2.25357e-07
 Reference value :  2.25509e-07
 Reference value :  2.25669e-07
 Reference value :  2.25887e-07
 Reference value :  2.26066e-07
 Reference value :  2.26354e-07
 Reference value :  2.26501e-07
 Reference value :  2.26701e-07
 Reference value :  2.26915e-07
 Reference value :  2.27195e-07
 Reference value :  2.27350e-07
 Reference value :  2.27704e-07
 Reference value :  2.27730e-07
 Reference value :  2.27784e-07
 Reference value :  2.27904e-07
 Reference value :  2.28159e-07
 Reference value :  2.28259e-07
 Reference value :  2.28519e-07
 Reference value :  2.28639e-07
 Reference value :  2.28773e-07
 Reference value :  2.28873e-07
 Reference value :  2.29051e-07
 Reference value :  2.29081e-07
 Reference value :  2.29148e-07
 Reference value :  2.29505e-07
 Reference value :  2.29682e-07
 Reference value :  2.29882e-07
 Reference value :  2.29981e-07
 Reference value :  2.30057e-07
 Reference value :  2.30217e-07
 Reference value :  2.30431e-07
 Reference value :  2.30551e-07
 Reference value :  2.30751e-07
 Reference value :  2.30899e-07
 Reference value :  2.30946e-07
 Reference value :  2.31006e-07
 Reference value :  2.31066e-07
 Reference value :  2.31342e-07
 Reference value :  2.31560e-07
 Reference value :  2.31808e-07
 Reference value :  2.32055e-07
 Reference value :  2.32232e-07
 Reference value :  2.32409e-07
 Reference value :  2.32549e-07
 Reference value :  2.32719e-07
 Reference value :  2.32984e-07
 Reference value :  2.33177e-07
 Reference value :  2.33458e-07
 Reference value :  2.33596e-07
 Reference value :  2.33813e-07
 Reference value :  2.34071e-07
 Reference value :  2.34307e-07
 Reference value :  2.34534e-07
 Reference value :  2.34722e-07
 Reference value :  2.34822e-07
 Reference value :  2.34976e-07
 Reference value :  2.35176e-07
 Reference value :  2.35316e-07
 Reference value :  2.35432e-07
 Reference value :  2.35444e-07
 Reference value :  2.35751e-07
 Reference value :  2.35899e-07
 Reference value :  2.36025e-07
 Reference value :  2.36285e-07
 Reference value :  2.36353e-07
 Reference value :  2.36600e-07
 Reference value :  2.36834e-07
 Reference value :  2.37194e-07
 Reference value :  2.37257e-07
 Reference value :  2.37275e-07
 Reference value :  2.37589e-07
 Reference value :  2.37803e-07
 Reference value :  2.38063e-07
 Reference value :  2.38218e-07
 Reference value :  2.38418e-07
 Reference value :  2.38614e-07
 Reference value :  2.38652e-07
 Reference value :  2.38932e-07
 Reference value :  2.39127e-07
 Reference value :  2.39347e-07
 Reference value :  2.39547e-07
 Reference value :  2.39821e-07
 Reference value :  2.39980e-07
 Reference value :  2.40256e-07
 Reference value :  2.40431e-07
 Reference value :  2.40470e-07
 Reference value :  2.40690e-07
 Reference value :  2.40889e-07
 Reference value :  2.40898e-07
 Reference value :  2.41025e-07
 Reference value :  2.41105e-07
 Reference value :  2.41340e-07
 Reference value :  2.41348e-07
 Reference value :  2.41355e-07
 Reference value :  2.41479e-07
 Reference value :  2.41519e-07
 Reference value :  2.41599e-07
 Reference value :  2.41854e-07
 Reference value :  2.42214e-07
 Reference value :  2.42388e-07
 Reference value :  2.42703e-07
 Reference value :  2.42803e-07
 Reference value :  2.42883e-07
 Reference value :  2.42963e-07
 Reference value :  2.43183e-07
 Reference value :  2.43537e-07
 Reference value :  2.43692e-07
 Reference value :  2.44049e-07
 Reference value :  2.44206e-07
 Reference value :  2.44286e-07
 Reference value :  2.44306e-07
 Reference value :  2.44346e-07
 Reference value :  2.44426e-07
 Reference value :  2.44661e-07
 Reference value :  2.44977e-07
 Reference value :  2.45055e-07
 Reference value :  2.45235e-07
 Reference value :  2.45449e-07
 Reference value :  2.45770e-07
 Reference value :  2.45964e-07
 Reference value :  2.46284e-07
 Reference value :  2.46419e-07
 Reference value :  2.46599e-07
 Reference value :  2.46819e-07
 Reference value :  2.47133e-07
 Reference value :  2.47368e-07
 Reference value :  2.47702e-07
 Reference value :  2.47862e-07
 Reference value :  2.48082e-07
 Reference value :  2.48297e-07
 Reference value :  2.48594e-07
 Reference value :  2.48811e-07
 Reference value :  2.49085e-07
 Reference value :  2.49406e-07
 Reference value :  2.49620e-07
 Reference value :  2.49900e-07
 Reference value :  2.50135e-07
 Reference value :  2.50429e-07
 Reference value :  2.50649e-07
 Reference value :  2.50896e-07
 Reference value :  2.50944e-07
 Reference value :  2.51284e-07
 Reference value :  2.51498e-07
 Reference value :  2.51793e-07
 Reference value :  2.51833e-07
 Reference value :  2.52173e-07
 Reference value :  2.52347e-07
 Reference value :  2.52703e-07
 Reference value :  2.52902e-07
 Reference value :  2.53170e-07
 Reference value :  2.53456e-07
 Reference value :  2.53612e-07
 Reference value :  2.53871e-07
 Reference value :  2.54081e-07
 Reference value :  2.54245e-07
 Reference value :  2.54425e-07
 Reference value :  2.54560e-07
 Reference value :  2.54760e-07
 Reference value :  2.54860e-07
 Reference value :  2.54957e-07
 Reference value :  2.55034e-07
 Reference value :  2.55174e-07
 Reference value :  2.55441e-07
 Reference value :  2.55509e-07
 Reference value :  2.55589e-07
 Reference value :  2.55729e-07
 Reference value :  2.55829e-07
 Reference value :  2.55902e-07
 Reference value :  2.56063e-07
 Reference value :  2.56103e-07
 Reference value :  2.56263e-07
 Reference value :  2.56321e-07
 Reference value :  2.56342e-07
 Reference value :  2.56350e-07
 Reference value :  2.56438e-07
 Reference value :  2.56698e-07
 Reference value :  2.56806e-07
 Reference value :  2.56932e-07
 Reference value :  2.56972e-07
 Reference value :  2.57012e-07
 Reference value :  2.57247e-07
 Reference value :  2.57287e-07
 Reference value :  2.57367e-07
 Reference value :  2.57547e-07
 Reference value :  2.57715e-07
 Reference value :  2.57781e-07
 Reference value :  2.58139e-07
 Reference value :  2.58256e-07
 Reference value :  2.58396e-07
 Reference value :  2.58496e-07
 Reference value :  2.58710e-07
 Reference value :  2.59048e-07
 Reference value :  2.59185e-07
 Reference value :  2.59305e-07
 Reference value :  2.59485e-07
 Reference value :  2.59659e-07
 Reference value :  2.59982e-07
 Reference value :  2.60274e-07
 Reference value :  2.60454e-07
 Reference value :  2.60628e-07
 Reference value :  2.60895e-07
 Reference value :  2.61143e-07
 Reference value :  2.61351e-07
 Reference value :  2.61537e-07
 Reference value :  2.61800e-07
 Reference value :  2.62052e-07
 Reference value :  2.62132e-07
 Reference value :  2.62229e-07
 Reference value :  2.62446e-07
 Reference value :  2.62720e-07
 Reference value :  2.63041e-07
 Reference value :  2.63215e-07
 Reference value :  2.63515e-07
 Reference value :  2.63747e-07
 Reference value :  2.64046e-07
 Reference value :  2.64144e-07
 Reference value :  2.64284e-07
 Reference value :  2.64537e-07
 Reference value :  2.64616e-07
 Reference value :  2.64876e-07
 Reference value :  2.64989e-07
 Reference value :  2.65093e-07
 Reference value :  2.65253e-07
 Reference value :  2.65293e-07
 Reference value :  2.65333e-07
 Reference value :  2.65411e-07
 Reference value :  2.65454e-07
 Reference value :  2.65788e-07
 Reference value :  2.66002e-07
 Reference value :  2.66282e-07
 Reference value :  2.66337e-07
 Reference value :  2.66345e-07
 Reference value :  2.66597e-07
 Reference value :  2.66817e-07
 Reference value :  2.67111e-07
 Reference value :  2.67326e-07
 Reference value :  2.67626e-07
 Reference value :  2.67840e-07
 Reference value :  2.68156e-07
 Reference value :  2.68255e-07
 Reference value :  2.68455e-07
 Reference value :  2.68635e-07
 Reference value :  2.68869e-07
 Reference value :  2.69079e-07
 Reference value :  2.69424e-07
 Reference value :  2.69618e-07
 Reference value :  2.69956e-07
 Reference value :  2.69988e-07
 Reference value :  2.70293e-07
 Reference value :  2.70467e-07
 Reference value :  2.70767e-07
 Reference value :  2.70922e-07
 Reference value :  2.71162e-07
 Reference value :  2.71345e-07
 Reference value :  2.71556e-07
 Reference value :  2.71817e-07
 Reference value :  2.72151e-07
 Reference value :  2.72258e-07
 Reference value :  2.72325e-07
 Reference value :  2.72605e-07
 Reference value :  2.72800e-07
 Reference value :  2.73100e-07
 Reference value :  2.73314e-07
 Reference value :  2.73617e-07
 Reference value :  2.73909e-07
 Reference value :  2.74082e-07
 Reference value :  2.74243e-07
 Reference value :  2.74343e-07
 Reference value :  2.74578e-07
 Reference value :  2.74918e-07
 Reference value :  2.75112e-07
 Reference value :  2.75428e-07
 Reference value :  2.75647e-07
 Reference value :  2.75897e-07
 Reference value :  2.76021e-07
 Reference value :  2.76281e-07
 Reference value :  2.76516e-07
 Reference value :  2.76799e-07
 Reference value :  2.77070e-07
 Reference value :  2.77285e-07
 Reference value :  2.77645e-07
 Reference value :  2.77779e-07
 Reference value :  2.78059e-07
 Reference value :  2.78194e-07
 Reference value :  2.78474e-07
 Reference value :  2.78668e-07
 Reference value :  2.78968e-07
 Reference value :  2.79163e-07
 Reference value :  2.79423e-07
 Reference value :  2.79531e-07
 Reference value :  2.79777e-07
 Reference value :  2.79998e-07
 Reference value :  2.80332e-07
 Reference value :  2.80426e-07
 Reference value :  2.80452e-07
 Reference value :  2.80686e-07
 Reference value :  2.80941e-07
 Reference value :  2.81281e-07
 Reference value :  2.81515e-07
 Reference value :  2.81773e-07
 Reference value :  2.81802e-07
 Reference value :  2.82030e-07
 Reference value :  2.82260e-07
 Reference value :  2.82584e-07
 Reference value :  2.82799e-07
 Reference value :  2.82979e-07
 Reference value :  2.83039e-07
 Reference value :  2.83253e-07
 Reference value :  2.83608e-07
 Reference value :  2.83848e-07
 Reference value :  2.84076e-07
 Reference value :  2.84322e-07
 Reference value :  2.84525e-07
 Reference value :  2.84637e-07
 Reference value :  2.84817e-07
 Reference value :  2.85011e-07
 Reference value :  2.85371e-07
 Reference value :  2.85606e-07
 Reference value :  2.85882e-07
 Reference value :  2.86100e-07
 Reference value :  2.86348e-07
 Reference value :  2.86635e-07
 Reference value :  2.86829e-07
 Reference value :  2.87129e-07
 Reference value :  2.87324e-07
 Reference value :  2.87364e-07
 Reference value :  2.87664e-07
 Reference value :  2.87798e-07
 Reference value :  2.88078e-07
 Reference value :  2.88166e-07
 Reference value :  2.88433e-07
 Reference value :  2.88626e-07
 Reference value :  2.88967e-07
 Reference value :  2.89202e-07
 Reference value :  2.89442e-07
 Reference value :  2.89616e-07
 Reference value :  2.89696e-07
 Reference value :  2.89983e-07
 Reference value :  2.90231e-07
 Reference value :  2.90451e-07
 Reference value :  2.90765e-07
 Reference value :  2.91000e-07
 Reference value :  2.91317e-07
 Reference value :  2.91514e-07
 Reference value :  2.91793e-07
 Reference value :  2.92009e-07
 Reference value :  2.92189e-07
 Reference value :  2.92363e-07
 Reference value :  2.92681e-07
 Reference value :  2.92898e-07
 Reference value :  2.93165e-07
 Reference value :  2.93432e-07
 Reference value :  2.93532e-07
 Reference value :  2.93619e-07
 Reference value :  2.93807e-07
 Reference value :  2.94074e-07
 Reference value :  2.94321e-07
 Reference value :  2.94593e-07
 Reference value :  2.94873e-07
 Reference value :  2.94974e-07
 Reference value :  2.95190e-07
 Reference value :  2.95270e-07
 Reference value :  2.95482e-07
 Reference value :  2.95662e-07
 Reference value :  2.95782e-07
 Reference value :  2.95881e-07
 Reference value :  2.96119e-07
 Reference value :  2.96360e-07
 Reference value :  2.96674e-07
 Reference value :  2.96868e-07
 Reference value :  2.97048e-07
 Reference value :  2.97269e-07
 Reference value :  2.97503e-07
 Reference value :  2.97723e-07
 Reference value :  2.98037e-07
 Reference value :  2.98178e-07
 Reference value :  2.98292e-07
 Reference value :  2.98589e-07
 Reference value :  2.98806e-07
 Reference value :  2.99062e-07
 Reference value :  2.99321e-07
 Reference value :  2.99534e-07
 Reference value :  2.99875e-07
No. of Data Rows : 19790
sim/harness: analysis complete
Note: Simulation executed from .control section 
