
Note: Compatibility modes selected: hs a


Circuit: ** sch_path: /home/ubuntu/loom-workspaces/sky130-pll/.loom/worktrees/issue-129/sim/divider/testbench/tb_divider.sch

option SCALE: Scale is set to 1e-06 for instance and model parameters
option SCALE: Scale is set to 1e-06 for instance and model parameters
option SCALE: Scale is set to 1e-06 for instance and model parameters
option SCALE: Scale is set to 1e-06 for instance and model parameters
Doing analysis at TEMP = 27.000000 and TNOM = 27.000000

Using KLU as Direct Linear Solver
 Reference value :  0.00000e+00
 Reference value :  1.17300e-10
 Reference value :  4.55750e-10
 Reference value :  6.74125e-10
 Reference value :  9.24125e-10
 Reference value :  1.22862e-09
 Reference value :  1.46312e-09
 Reference value :  1.81925e-09
 Reference value :  2.01762e-09
 Reference value :  2.29112e-09
 Reference value :  2.61212e-09
 Reference value :  2.84662e-09
 Reference value :  3.19400e-09
 Reference value :  3.42112e-09
 Reference value :  3.64850e-09
 Reference value :  3.77563e-09
 Reference value :  4.10300e-09
 Reference value :  4.35013e-09
 Reference value :  4.52756e-09
 Reference value :  4.74463e-09
 Reference value :  5.00052e-09
 Reference value :  5.17542e-09
 Reference value :  5.46212e-09
 Reference value :  5.75363e-09
 Reference value :  5.94812e-09
 Reference value :  6.19000e-09
 Reference value :  6.40262e-09
 Reference value :  6.74263e-09
 Reference value :  6.84312e-09
 Reference value :  7.11713e-09
 Reference value :  7.33163e-09
 Reference value :  7.59162e-09
 Reference value :  7.80612e-09
 Reference value :  8.12612e-09
 Reference value :  8.30062e-09
 Reference value :  8.63675e-09
 Reference value :  8.81513e-09
 Reference value :  8.95512e-09
 Reference value :  9.12962e-09
 Reference value :  9.46962e-09
 Reference value :  9.66413e-09
 Reference value :  9.88412e-09
 Reference value :  1.00386e-08
 Reference value :  1.03186e-08
 Reference value :  1.04931e-08
 Reference value :  1.07931e-08
 Reference value :  1.09876e-08
 Reference value :  1.12876e-08
 Reference value :  1.15021e-08
 Reference value :  1.17821e-08
 Reference value :  1.19966e-08
 Reference value :  1.22796e-08
 Reference value :  1.25311e-08
 Reference value :  1.27856e-08
 Reference value :  1.31056e-08
 Reference value :  1.33201e-08
 Reference value :  1.36001e-08
 Reference value :  1.37546e-08
 Reference value :  1.40346e-08
 Reference value :  1.42091e-08
 Reference value :  1.45452e-08
 Reference value :  1.47636e-08
 Reference value :  1.49811e-08
 Reference value :  1.50581e-08
 Reference value :  1.53181e-08
 Reference value :  1.55326e-08
 Reference value :  1.58526e-08
 Reference value :  1.60671e-08
 Reference value :  1.63657e-08
 Reference value :  1.66216e-08
 Reference value :  1.68316e-08
 Reference value :  1.71161e-08
 Reference value :  1.73083e-08
 Reference value :  1.75483e-08
 Reference value :  1.77069e-08
 Reference value :  1.79051e-08
 Reference value :  1.81986e-08
 Reference value :  1.84996e-08
 Reference value :  1.87141e-08
 Reference value :  1.89741e-08
 Reference value :  1.91663e-08
 Reference value :  1.93663e-08
 Reference value :  1.95691e-08
 Reference value :  1.98631e-08
 Reference value :  2.00376e-08
 Reference value :  2.03576e-08
 Reference value :  2.05321e-08
 Reference value :  2.08121e-08
 Reference value :  2.09843e-08
 Reference value :  2.13043e-08
 Reference value :  2.15011e-08
 Reference value :  2.18241e-08
 Reference value :  2.20756e-08
 Reference value :  2.22891e-08
 Reference value :  2.25501e-08
 Reference value :  2.27623e-08
 Reference value :  2.31023e-08
 Reference value :  2.32991e-08
 Reference value :  2.36421e-08
 Reference value :  2.39336e-08
 Reference value :  2.41141e-08
 Reference value :  2.44481e-08
 Reference value :  2.46403e-08
 Reference value :  2.49789e-08
 Reference value :  2.51571e-08
 Reference value :  2.54171e-08
 Reference value :  2.55916e-08
 Reference value :  2.58316e-08
 Reference value :  2.59861e-08
 Reference value :  2.61661e-08
 Reference value :  2.63436e-08
 Reference value :  2.63855e-08
 Reference value :  2.66783e-08
 Reference value :  2.67183e-08
 Reference value :  2.67969e-08
 Reference value :  2.68306e-08
 Reference value :  2.68951e-08
 Reference value :  2.69351e-08
 Reference value :  2.69751e-08
 Reference value :  2.70151e-08
 Reference value :  2.70551e-08
 Reference value :  2.70951e-08
 Reference value :  2.71551e-08
 Reference value :  2.72151e-08
 Reference value :  2.72700e-08
 Reference value :  2.72781e-08
 Reference value :  2.72851e-08
 Reference value :  2.73096e-08
 Reference value :  2.73496e-08
 Reference value :  2.73896e-08
 Reference value :  2.75496e-08
 Reference value :  2.76696e-08
 Reference value :  2.78441e-08
 Reference value :  2.81241e-08
 Reference value :  2.82763e-08
 Reference value :  2.84963e-08
 Reference value :  2.86460e-08
 Reference value :  2.89331e-08
 Reference value :  2.91876e-08
 Reference value :  2.95076e-08
 Reference value :  2.97221e-08
 Reference value :  2.99796e-08
 Reference value :  3.01766e-08
 Reference value :  3.04341e-08
 Reference value :  3.06111e-08
 Reference value :  3.09185e-08
 Reference value :  3.11256e-08
 Reference value :  3.13756e-08
 Reference value :  3.15401e-08
 Reference value :  3.16401e-08
 Reference value :  3.18336e-08
 Reference value :  3.21546e-08
 Reference value :  3.23691e-08
 Reference value :  3.27066e-08
 Reference value :  3.29436e-08
 Reference value :  3.31785e-08
 Reference value :  3.33781e-08
 Reference value :  3.36511e-08
 Reference value :  3.39503e-08
 Reference value :  3.41471e-08
 Reference value :  3.43871e-08
 Reference value :  3.46016e-08
 Reference value :  3.49016e-08
 Reference value :  3.51161e-08
 Reference value :  3.53961e-08
 Reference value :  3.56306e-08
 Reference value :  3.59180e-08
 Reference value :  3.61851e-08
 Reference value :  3.63856e-08
 Reference value :  3.66396e-08
 Reference value :  3.68401e-08
 Reference value :  3.71541e-08
 Reference value :  3.74063e-08
 Reference value :  3.76263e-08
 Reference value :  3.76663e-08
 Reference value :  3.78631e-08
 Reference value :  3.81431e-08
 Reference value :  3.83576e-08
 Reference value :  3.86338e-08
 Reference value :  3.88521e-08
 Reference value :  3.91021e-08
 Reference value :  3.94066e-08
 Reference value :  3.95811e-08
 Reference value :  3.98811e-08
 Reference value :  4.00956e-08
 Reference value :  4.04156e-08
 Reference value :  4.06301e-08
 Reference value :  4.09175e-08
 Reference value :  4.12023e-08
 Reference value :  4.13851e-08
 Reference value :  4.16791e-08
 Reference value :  4.18536e-08
 Reference value :  4.21536e-08
 Reference value :  4.23481e-08
 Reference value :  4.26281e-08
 Reference value :  4.28626e-08
 Reference value :  4.31775e-08
 Reference value :  4.33571e-08
 Reference value :  4.36320e-08
 Reference value :  4.38116e-08
 Reference value :  4.40877e-08
 Reference value :  4.42861e-08
 Reference value :  4.45596e-08
 Reference value :  4.48606e-08
 Reference value :  4.50351e-08
 Reference value :  4.52751e-08
 Reference value :  4.55073e-08
 Reference value :  4.58473e-08
 Reference value :  4.60241e-08
 Reference value :  4.63671e-08
 Reference value :  4.66186e-08
 Reference value :  4.68286e-08
 Reference value :  4.71131e-08
 Reference value :  4.73076e-08
 Reference value :  4.76476e-08
 Reference value :  4.77821e-08
 Reference value :  4.81021e-08
 Reference value :  4.82566e-08
 Reference value :  4.85966e-08
 Reference value :  4.87911e-08
 Reference value :  4.90686e-08
 Reference value :  4.92833e-08
 Reference value :  4.95530e-08
 Reference value :  4.98401e-08
 Reference value :  5.00746e-08
 Reference value :  5.03946e-08
 Reference value :  5.04681e-08
 Reference value :  5.07691e-08
 Reference value :  5.09174e-08
 Reference value :  5.11636e-08
 Reference value :  5.13736e-08
 Reference value :  5.16181e-08
 Reference value :  5.18316e-08
 Reference value :  5.21326e-08
 Reference value :  5.23271e-08
 Reference value :  5.25671e-08
 Reference value :  5.27593e-08
 Reference value :  5.30393e-08
 Reference value :  5.31916e-08
 Reference value :  5.34761e-08
 Reference value :  5.36706e-08
 Reference value :  5.40106e-08
 Reference value :  5.41851e-08
 Reference value :  5.44851e-08
 Reference value :  5.46996e-08
 Reference value :  5.49983e-08
 Reference value :  5.52541e-08
 Reference value :  5.54746e-08
 Reference value :  5.58086e-08
 Reference value :  5.59831e-08
 Reference value :  5.63580e-08
 Reference value :  5.65553e-08
 Reference value :  5.68206e-08
 Reference value :  5.70721e-08
 Reference value :  5.72804e-08
 Reference value :  5.75666e-08
 Reference value :  5.77611e-08
 Reference value :  5.81211e-08
 Reference value :  5.83156e-08
 Reference value :  5.86343e-08
 Reference value :  5.88901e-08
 Reference value :  5.90862e-08
 Reference value :  5.92646e-08
 Reference value :  5.95395e-08
 Reference value :  5.97191e-08
 Reference value :  6.00065e-08
 Reference value :  6.02336e-08
 Reference value :  6.04671e-08
 Reference value :  6.07081e-08
 Reference value :  6.09286e-08
 Reference value :  6.12226e-08
 Reference value :  6.14371e-08
 Reference value :  6.17571e-08
 Reference value :  6.19716e-08
 Reference value :  6.22702e-08
 Reference value :  6.24861e-08
 Reference value :  6.27344e-08
 Reference value :  6.30206e-08
 Reference value :  6.32351e-08
 Reference value :  6.35351e-08
 Reference value :  6.37296e-08
 Reference value :  6.40671e-08
 Reference value :  6.42441e-08
 Reference value :  6.45402e-08
 Reference value :  6.46786e-08
 Reference value :  6.49586e-08
 Reference value :  6.51331e-08
 Reference value :  6.54561e-08
 Reference value :  6.57476e-08
 Reference value :  6.59421e-08
 Reference value :  6.62621e-08
 Reference value :  6.64343e-08
 Reference value :  6.65743e-08
 Reference value :  6.68196e-08
 Reference value :  6.70711e-08
 Reference value :  6.72916e-08
 Reference value :  6.76256e-08
 Reference value :  6.78401e-08
 Reference value :  6.80801e-08
 Reference value :  6.82946e-08
 Reference value :  6.85946e-08
 Reference value :  6.88091e-08
 Reference value :  6.90840e-08
 Reference value :  6.93236e-08
 Reference value :  6.95571e-08
 Reference value :  6.98581e-08
 Reference value :  7.00526e-08
 Reference value :  7.03526e-08
 Reference value :  7.05271e-08
 Reference value :  7.08471e-08
 Reference value :  7.10816e-08
 Reference value :  7.13646e-08
 Reference value :  7.15961e-08
 Reference value :  7.18147e-08
 Reference value :  7.20506e-08
 Reference value :  7.22780e-08
 Reference value :  7.25451e-08
 Reference value :  7.27996e-08
 Reference value :  7.31396e-08
 Reference value :  7.33341e-08
 Reference value :  7.36116e-08
 Reference value :  7.38063e-08
 Reference value :  7.40847e-08
 Reference value :  7.43031e-08
 Reference value :  7.45953e-08
 Reference value :  7.49153e-08
 Reference value :  7.51321e-08
 Reference value :  7.54296e-08
 Reference value :  7.55866e-08
 Reference value :  7.59015e-08
 Reference value :  7.60811e-08
 Reference value :  7.63711e-08
 Reference value :  7.66556e-08
 Reference value :  7.68501e-08
 Reference value :  7.71501e-08
 Reference value :  7.72476e-08
 Reference value :  7.74646e-08
 Reference value :  7.77320e-08
 Reference value :  7.79991e-08
 Reference value :  7.82336e-08
 Reference value :  7.85536e-08
 Reference value :  7.87281e-08
 Reference value :  7.90481e-08
 Reference value :  7.92426e-08
 Reference value :  7.95375e-08
 Reference value :  7.96971e-08
 Reference value :  7.99746e-08
 Reference value :  8.01516e-08
 Reference value :  8.04465e-08
 Reference value :  8.06661e-08
 Reference value :  8.09266e-08
 Reference value :  8.12206e-08
 Reference value :  8.14351e-08
 Reference value :  8.17351e-08
 Reference value :  8.19073e-08
 Reference value :  8.21873e-08
 Reference value :  8.24041e-08
 Reference value :  8.27315e-08
 Reference value :  8.28186e-08
 Reference value :  8.31561e-08
 Reference value :  8.33331e-08
 Reference value :  8.35931e-08
 Reference value :  8.37876e-08
 Reference value :  8.40837e-08
 Reference value :  8.43021e-08
 Reference value :  8.45521e-08
 Reference value :  8.48766e-08
 Reference value :  8.50711e-08
 Reference value :  8.53911e-08
 Reference value :  8.55856e-08
 Reference value :  8.59005e-08
 Reference value :  8.61201e-08
 Reference value :  8.63701e-08
 Reference value :  8.66946e-08
 Reference value :  8.68891e-08
 Reference value :  8.71891e-08
 Reference value :  8.73836e-08
 Reference value :  8.76636e-08
 Reference value :  8.78581e-08
 Reference value :  8.81767e-08
 Reference value :  8.84526e-08
 Reference value :  8.85926e-08
 Reference value :  8.87671e-08
 Reference value :  8.90471e-08
 Reference value :  8.92416e-08
 Reference value :  8.95191e-08
 Reference value :  8.97361e-08
 Reference value :  9.00091e-08
 Reference value :  9.03083e-08
 Reference value :  9.05251e-08
 Reference value :  9.07851e-08
 Reference value :  9.09996e-08
 Reference value :  9.12996e-08
 Reference value :  9.15141e-08
 Reference value :  9.18215e-08
 Reference value :  9.21086e-08
 Reference value :  9.23231e-08
 Reference value :  9.26031e-08
 Reference value :  9.28176e-08
 Reference value :  9.31176e-08
 Reference value :  9.32921e-08
 Reference value :  9.36270e-08
 Reference value :  9.38666e-08
 Reference value :  9.41001e-08
 Reference value :  9.43811e-08
 Reference value :  9.45956e-08
 Reference value :  9.49156e-08
 Reference value :  9.51301e-08
 Reference value :  9.54487e-08
 Reference value :  9.57246e-08
 Reference value :  9.59251e-08
 Reference value :  9.62191e-08
 Reference value :  9.63936e-08
 Reference value :  9.66536e-08
 Reference value :  9.68481e-08
 Reference value :  9.72081e-08
 Reference value :  9.74403e-08
 Reference value :  9.76403e-08
 Reference value :  9.78371e-08
 Reference value :  9.81171e-08
 Reference value :  9.83116e-08
 Reference value :  9.86091e-08
 Reference value :  9.87861e-08
 Reference value :  9.90891e-08
 Reference value :  9.92806e-08
 Reference value :  9.95489e-08
 Reference value :  9.98351e-08
 Reference value :  1.00030e-07
 Reference value :  1.00330e-07
 Reference value :  1.00524e-07
 Reference value :  1.00899e-07
 Reference value :  1.01099e-07
 Reference value :  1.01357e-07
 Reference value :  1.01593e-07
 Reference value :  1.01848e-07
 Reference value :  1.02148e-07
 Reference value :  1.02342e-07
 Reference value :  1.02642e-07
 Reference value :  1.02837e-07
 Reference value :  1.03154e-07
 Reference value :  1.03371e-07
 Reference value :  1.03645e-07
 Reference value :  1.03986e-07
 Reference value :  1.04180e-07
 Reference value :  1.04460e-07
 Reference value :  1.04635e-07
 Reference value :  1.04915e-07
 Reference value :  1.05003e-07
 Reference value :  1.05249e-07
 Reference value :  1.05521e-07
 Reference value :  1.05721e-07
 Reference value :  1.05902e-07
 Reference value :  1.06098e-07
 Reference value :  1.06238e-07
 Reference value :  1.06433e-07
 Reference value :  1.06753e-07
 Reference value :  1.06907e-07
 Reference value :  1.07262e-07
 Reference value :  1.07462e-07
 Reference value :  1.07720e-07
 Reference value :  1.07956e-07
 Reference value :  1.08183e-07
 Reference value :  1.08471e-07
 Reference value :  1.08665e-07
 Reference value :  1.09005e-07
 Reference value :  1.09240e-07
 Reference value :  1.09536e-07
 Reference value :  1.09754e-07
 Reference value :  1.09997e-07
 Reference value :  1.10229e-07
 Reference value :  1.10457e-07
 Reference value :  1.10743e-07
 Reference value :  1.10978e-07
 Reference value :  1.11298e-07
 Reference value :  1.11512e-07
 Reference value :  1.11790e-07
 Reference value :  1.11987e-07
 Reference value :  1.12265e-07
 Reference value :  1.12461e-07
 Reference value :  1.12753e-07
 Reference value :  1.13073e-07
 Reference value :  1.13270e-07
 Reference value :  1.13550e-07
 Reference value :  1.13785e-07
 Reference value :  1.14081e-07
 Reference value :  1.14159e-07
 Reference value :  1.14219e-07
 Reference value :  1.14538e-07
 Reference value :  1.14794e-07
 Reference value :  1.15004e-07
 Reference value :  1.15308e-07
 Reference value :  1.15503e-07
 Reference value :  1.15783e-07
 Reference value :  1.15977e-07
 Reference value :  1.16277e-07
 Reference value :  1.16512e-07
 Reference value :  1.16810e-07
 Reference value :  1.17046e-07
 Reference value :  1.17276e-07
 Reference value :  1.17561e-07
 Reference value :  1.17775e-07
 Reference value :  1.18115e-07
 Reference value :  1.18350e-07
 Reference value :  1.18626e-07
 Reference value :  1.18844e-07
 Reference value :  1.19091e-07
 Reference value :  1.19299e-07
 Reference value :  1.19542e-07
 Reference value :  1.19773e-07
 Reference value :  1.20048e-07
 Reference value :  1.20368e-07
 Reference value :  1.20562e-07
 Reference value :  1.20862e-07
 Reference value :  1.21077e-07
 Reference value :  1.21355e-07
 Reference value :  1.21551e-07
 Reference value :  1.21821e-07
 Reference value :  1.22126e-07
 Reference value :  1.22340e-07
 Reference value :  1.22640e-07
 Reference value :  1.22855e-07
 Reference value :  1.23169e-07
 Reference value :  1.23349e-07
 Reference value :  1.23643e-07
 Reference value :  1.23884e-07
 Reference value :  1.24097e-07
 Reference value :  1.24378e-07
 Reference value :  1.24633e-07
 Reference value :  1.24953e-07
 Reference value :  1.25127e-07
 Reference value :  1.25425e-07
 Reference value :  1.25642e-07
 Reference value :  1.25905e-07
 Reference value :  1.26136e-07
 Reference value :  1.26411e-07
 Reference value :  1.26751e-07
 Reference value :  1.26945e-07
 Reference value :  1.27243e-07
 Reference value :  1.27420e-07
 Reference value :  1.27697e-07
 Reference value :  1.27874e-07
 Reference value :  1.28181e-07
 Reference value :  1.28449e-07
 Reference value :  1.28649e-07
 Reference value :  1.28923e-07
 Reference value :  1.29118e-07
 Reference value :  1.29438e-07
 Reference value :  1.29632e-07
 Reference value :  1.29988e-07
 Reference value :  1.30227e-07
 Reference value :  1.30454e-07
 Reference value :  1.30721e-07
 Reference value :  1.30879e-07
 Reference value :  1.31096e-07
 Reference value :  1.31354e-07
 Reference value :  1.31610e-07
 Reference value :  1.31882e-07
 Reference value :  1.32222e-07
 Reference value :  1.32419e-07
 Reference value :  1.32679e-07
 Reference value :  1.32871e-07
 Reference value :  1.33170e-07
 Reference value :  1.33388e-07
 Reference value :  1.33649e-07
 Reference value :  1.33983e-07
 Reference value :  1.34197e-07
 Reference value :  1.34497e-07
 Reference value :  1.34672e-07
 Reference value :  1.34969e-07
 Reference value :  1.35186e-07
 Reference value :  1.35456e-07
 Reference value :  1.35781e-07
 Reference value :  1.35955e-07
 Reference value :  1.36235e-07
 Reference value :  1.36430e-07
 Reference value :  1.36710e-07
 Reference value :  1.36884e-07
 Reference value :  1.37242e-07
 Reference value :  1.37479e-07
 Reference value :  1.37726e-07
 Reference value :  1.37993e-07
 Reference value :  1.38208e-07
 Reference value :  1.38508e-07
 Reference value :  1.38722e-07
 Reference value :  1.39060e-07
 Reference value :  1.39277e-07
 Reference value :  1.39514e-07
 Reference value :  1.39731e-07
 Reference value :  1.39994e-07
 Reference value :  1.40246e-07
 Reference value :  1.40459e-07
 Reference value :  1.40740e-07
 Reference value :  1.40995e-07
 Reference value :  1.41315e-07
 Reference value :  1.41529e-07
 Reference value :  1.41805e-07
 Reference value :  1.41984e-07
 Reference value :  1.42241e-07
 Reference value :  1.42438e-07
 Reference value :  1.42732e-07
 Reference value :  1.43053e-07
 Reference value :  1.43267e-07
 Reference value :  1.43567e-07
 Reference value :  1.43626e-07
 Reference value :  1.43862e-07
 Reference value :  1.44085e-07
 Reference value :  1.44316e-07
 Reference value :  1.44557e-07
 Reference value :  1.44871e-07
 Reference value :  1.45085e-07
 Reference value :  1.45345e-07
 Reference value :  1.45560e-07
 Reference value :  1.45894e-07
 Reference value :  1.46114e-07
 Reference value :  1.46368e-07
 Reference value :  1.46689e-07
 Reference value :  1.46829e-07
 Reference value :  1.47163e-07
 Reference value :  1.47395e-07
 Reference value :  1.47712e-07
 Reference value :  1.47912e-07
 Reference value :  1.48169e-07
 Reference value :  1.48404e-07
 Reference value :  1.48630e-07
 Reference value :  1.48901e-07
 Reference value :  1.49156e-07
 Reference value :  1.49456e-07
 Reference value :  1.49670e-07
 Reference value :  1.49950e-07
 Reference value :  1.50105e-07
 Reference value :  1.50345e-07
 Reference value :  1.50519e-07
 Reference value :  1.50894e-07
 Reference value :  1.51094e-07
 Reference value :  1.51357e-07
 Reference value :  1.51568e-07
 Reference value :  1.51811e-07
 Reference value :  1.52043e-07
 Reference value :  1.52273e-07
 Reference value :  1.52597e-07
 Reference value :  1.52812e-07
 Reference value :  1.53149e-07
 Reference value :  1.53286e-07
 Reference value :  1.53566e-07
 Reference value :  1.53781e-07
 Reference value :  1.54077e-07
 Reference value :  1.54295e-07
 Reference value :  1.54549e-07
 Reference value :  1.54870e-07
 Reference value :  1.55064e-07
 Reference value :  1.55344e-07
 Reference value :  1.55539e-07
 Reference value :  1.55859e-07
 Reference value :  1.56013e-07
 Reference value :  1.56313e-07
 Reference value :  1.56548e-07
 Reference value :  1.56815e-07
 Reference value :  1.57102e-07
 Reference value :  1.57283e-07
 Reference value :  1.57617e-07
 Reference value :  1.57751e-07
 Reference value :  1.58131e-07
 Reference value :  1.58366e-07
 Reference value :  1.58624e-07
 Reference value :  1.58840e-07
 Reference value :  1.59083e-07
 Reference value :  1.59355e-07
 Reference value :  1.59548e-07
 Reference value :  1.59849e-07
 Reference value :  1.60104e-07
 Reference value :  1.60421e-07
 Reference value :  1.60638e-07
 Reference value :  1.60897e-07
 Reference value :  1.61133e-07
 Reference value :  1.61361e-07
 Reference value :  1.61667e-07
 Reference value :  1.61882e-07
 Reference value :  1.62222e-07
 Reference value :  1.62416e-07
 Reference value :  1.62694e-07
 Reference value :  1.62948e-07
 Reference value :  1.63178e-07
 Reference value :  1.63465e-07
 Reference value :  1.63697e-07
 Reference value :  1.63977e-07
 Reference value :  1.64194e-07
 Reference value :  1.64474e-07
 Reference value :  1.64629e-07
 Reference value :  1.64849e-07
 Reference value :  1.64949e-07
 Reference value :  1.65123e-07
 Reference value :  1.65446e-07
 Reference value :  1.65698e-07
 Reference value :  1.65911e-07
 Reference value :  1.66192e-07
 Reference value :  1.66366e-07
 Reference value :  1.66667e-07
 Reference value :  1.66861e-07
 Reference value :  1.67221e-07
 Reference value :  1.67456e-07
 Reference value :  1.67719e-07
 Reference value :  1.67930e-07
 Reference value :  1.68173e-07
 Reference value :  1.68465e-07
 Reference value :  1.68679e-07
 Reference value :  1.69057e-07
 Reference value :  1.69294e-07
 Reference value :  1.69541e-07
 Reference value :  1.69828e-07
 Reference value :  1.70063e-07
 Reference value :  1.70403e-07
 Reference value :  1.70597e-07
 Reference value :  1.70893e-07
 Reference value :  1.71132e-07
 Reference value :  1.71359e-07
 Reference value :  1.71566e-07
 Reference value :  1.71827e-07
 Reference value :  1.72181e-07
 Reference value :  1.72375e-07
 Reference value :  1.72693e-07
 Reference value :  1.72890e-07
 Reference value :  1.73166e-07
 Reference value :  1.73404e-07
 Reference value :  1.73659e-07
 Reference value :  1.73979e-07
 Reference value :  1.74173e-07
 Reference value :  1.74453e-07
 Reference value :  1.74608e-07
 Reference value :  1.74948e-07
 Reference value :  1.75162e-07
 Reference value :  1.75450e-07
 Reference value :  1.75637e-07
 Reference value :  1.75900e-07
 Reference value :  1.76171e-07
 Reference value :  1.76365e-07
 Reference value :  1.76686e-07
 Reference value :  1.76840e-07
 Reference value :  1.77180e-07
 Reference value :  1.77415e-07
 Reference value :  1.77711e-07
 Reference value :  1.77949e-07
 Reference value :  1.78177e-07
 Reference value :  1.78464e-07
 Reference value :  1.78678e-07
 Reference value :  1.79038e-07
 Reference value :  1.79270e-07
 Reference value :  1.79531e-07
 Reference value :  1.79767e-07
 Reference value :  1.79986e-07
 Reference value :  1.80222e-07
 Reference value :  1.80452e-07
 Reference value :  1.80736e-07
 Reference value :  1.80951e-07
 Reference value :  1.81271e-07
 Reference value :  1.81485e-07
 Reference value :  1.81725e-07
 Reference value :  1.81940e-07
 Reference value :  1.82256e-07
 Reference value :  1.82474e-07
 Reference value :  1.82749e-07
 Reference value :  1.83069e-07
 Reference value :  1.83263e-07
 Reference value :  1.83543e-07
 Reference value :  1.83778e-07
 Reference value :  1.84072e-07
 Reference value :  1.84272e-07
 Reference value :  1.84553e-07
 Reference value :  1.84867e-07
 Reference value :  1.85081e-07
 Reference value :  1.85321e-07
 Reference value :  1.85516e-07
 Reference value :  1.85836e-07
 Reference value :  1.86050e-07
 Reference value :  1.86358e-07
 Reference value :  1.86465e-07
 Reference value :  1.86665e-07
 Reference value :  1.86818e-07
 Reference value :  1.87139e-07
 Reference value :  1.87294e-07
 Reference value :  1.87574e-07
 Reference value :  1.87748e-07
 Reference value :  1.88128e-07
 Reference value :  1.88303e-07
 Reference value :  1.88617e-07
 Reference value :  1.88817e-07
 Reference value :  1.89080e-07
 Reference value :  1.89352e-07
 Reference value :  1.89542e-07
 Reference value :  1.89846e-07
 Reference value :  1.90101e-07
 Reference value :  1.90418e-07
 Reference value :  1.90595e-07
 Reference value :  1.90873e-07
 Reference value :  1.91090e-07
 Reference value :  1.91357e-07
 Reference value :  1.91644e-07
 Reference value :  1.91899e-07
 Reference value :  1.92199e-07
 Reference value :  1.92262e-07
 Reference value :  1.92473e-07
 Reference value :  1.92748e-07
 Reference value :  1.93088e-07
 Reference value :  1.93302e-07
 Reference value :  1.93600e-07
 Reference value :  1.93797e-07
 Reference value :  1.93997e-07
 Reference value :  1.94087e-07
 Reference value :  1.94251e-07
 Reference value :  1.94509e-07
 Reference value :  1.94763e-07
 Reference value :  1.94996e-07
 Reference value :  1.95280e-07
 Reference value :  1.95475e-07
 Reference value :  1.95775e-07
 Reference value :  1.95902e-07
 Reference value :  1.95929e-07
 Reference value :  1.96269e-07
 Reference value :  1.96444e-07
 Reference value :  1.96781e-07
 Reference value :  1.96978e-07
 Reference value :  1.97178e-07
 Reference value :  1.97393e-07
 Reference value :  1.97653e-07
 Reference value :  1.97707e-07
 Reference value :  1.97907e-07
 Reference value :  1.98188e-07
 Reference value :  1.98502e-07
 Reference value :  1.98716e-07
 Reference value :  1.99016e-07
 Reference value :  1.99191e-07
 Reference value :  1.99331e-07
 Reference value :  1.99529e-07
 Reference value :  1.99685e-07
 Reference value :  1.99988e-07
 Reference value :  2.00280e-07
 Reference value :  2.00474e-07
 Reference value :  2.00774e-07
 Reference value :  2.00908e-07
 Reference value :  2.01089e-07
 Reference value :  2.01352e-07
 Reference value :  2.01583e-07
 Reference value :  2.01858e-07
 Reference value :  2.02178e-07
 Reference value :  2.02392e-07
 Reference value :  2.02632e-07
 Reference value :  2.02711e-07
 Reference value :  2.02733e-07
 Reference value :  2.03027e-07
 Reference value :  2.03221e-07
 Reference value :  2.03561e-07
 Reference value :  2.03776e-07
 Reference value :  2.04072e-07
 Reference value :  2.04250e-07
 Reference value :  2.04508e-07
 Reference value :  2.04625e-07
 Reference value :  2.04945e-07
 Reference value :  2.05119e-07
 Reference value :  2.05446e-07
 Reference value :  2.05714e-07
 Reference value :  2.05897e-07
 Reference value :  2.05907e-07
 Reference value :  2.06028e-07
 Reference value :  2.06326e-07
 Reference value :  2.06523e-07
 Reference value :  2.06806e-07
 Reference value :  2.06917e-07
 Reference value :  2.07137e-07
 Reference value :  2.07352e-07
 Reference value :  2.07689e-07
 Reference value :  2.07866e-07
 Reference value :  2.08162e-07
 Reference value :  2.08401e-07
 Reference value :  2.08628e-07
 Reference value :  2.08795e-07
 Reference value :  2.09070e-07
 Reference value :  2.09310e-07
 Reference value :  2.09538e-07
 Reference value :  2.09844e-07
 Reference value :  2.10003e-07
 Reference value :  2.10216e-07
 Reference value :  2.10356e-07
 Reference value :  2.10553e-07
 Reference value :  2.10896e-07
 Reference value :  2.11148e-07
 Reference value :  2.11361e-07
 Reference value :  2.11622e-07
 Reference value :  2.11780e-07
 Reference value :  2.11857e-07
 Reference value :  2.12177e-07
 Reference value :  2.12391e-07
 Reference value :  2.12710e-07
 Reference value :  2.12906e-07
 Reference value :  2.13026e-07
 Reference value :  2.13174e-07
 Reference value :  2.13440e-07
 Reference value :  2.13655e-07
 Reference value :  2.13975e-07
 Reference value :  2.14189e-07
 Reference value :  2.14507e-07
 Reference value :  2.14684e-07
 Reference value :  2.14982e-07
 Reference value :  2.15138e-07
 Reference value :  2.15258e-07
 Reference value :  2.15473e-07
 Reference value :  2.15793e-07
 Reference value :  2.15967e-07
 Reference value :  2.16247e-07
 Reference value :  2.16442e-07
 Reference value :  2.16682e-07
 Reference value :  2.16822e-07
 Reference value :  2.17036e-07
 Reference value :  2.17311e-07
 Reference value :  2.17651e-07
 Reference value :  2.17825e-07
 Reference value :  2.17985e-07
 Reference value :  2.18164e-07
 Reference value :  2.18400e-07
 Reference value :  2.18627e-07
 Reference value :  2.18914e-07
 Reference value :  2.19095e-07
 Reference value :  2.19169e-07
 Reference value :  2.19506e-07
 Reference value :  2.19703e-07
 Reference value :  2.19979e-07
 Reference value :  2.20198e-07
 Reference value :  2.20415e-07
 Reference value :  2.20448e-07
 Reference value :  2.20772e-07
 Reference value :  2.21007e-07
 Reference value :  2.21324e-07
 Reference value :  2.21481e-07
 Reference value :  2.21741e-07
 Reference value :  2.21836e-07
 Reference value :  2.22036e-07
 Reference value :  2.22266e-07
 Reference value :  2.22570e-07
 Reference value :  2.22825e-07
 Reference value :  2.23161e-07
 Reference value :  2.23279e-07
 Reference value :  2.23419e-07
 Reference value :  2.23629e-07
 Reference value :  2.23934e-07
 Reference value :  2.24128e-07
 Reference value :  2.24506e-07
 Reference value :  2.24663e-07
 Reference value :  2.24883e-07
 Reference value :  2.25057e-07
 Reference value :  2.25357e-07
 Reference value :  2.25569e-07
 Reference value :  2.25849e-07
 Reference value :  2.26066e-07
 Reference value :  2.26306e-07
 Reference value :  2.26501e-07
 Reference value :  2.26721e-07
 Reference value :  2.26814e-07
 Reference value :  2.27075e-07
 Reference value :  2.27269e-07
 Reference value :  2.27570e-07
 Reference value :  2.27717e-07
 Reference value :  2.27904e-07
 Reference value :  2.28142e-07
 Reference value :  2.28379e-07
 Reference value :  2.28626e-07
 Reference value :  2.28893e-07
 Reference value :  2.29094e-07
 Reference value :  2.29428e-07
 Reference value :  2.29602e-07
 Reference value :  2.29842e-07
 Reference value :  2.30003e-07
 Reference value :  2.30317e-07
 Reference value :  2.30445e-07
 Reference value :  2.30457e-07
 Reference value :  2.30491e-07
 Reference value :  2.30531e-07
 Reference value :  2.30571e-07
 Reference value :  2.30611e-07
 Reference value :  2.30671e-07
 Reference value :  2.30751e-07
 Reference value :  2.30771e-07
 Reference value :  2.30831e-07
 Reference value :  2.30869e-07
 Reference value :  2.30890e-07
 Reference value :  2.30899e-07
 Reference value :  2.30905e-07
 Reference value :  2.30926e-07
 Reference value :  2.31086e-07
 Reference value :  2.31126e-07
 Reference value :  2.31286e-07
 Reference value :  2.31480e-07
 Reference value :  2.31803e-07
 Reference value :  2.32035e-07
 Reference value :  2.32249e-07
 Reference value :  2.32263e-07
 Reference value :  2.32409e-07
 Reference value :  2.32629e-07
 Reference value :  2.32784e-07
 Reference value :  2.33064e-07
 Reference value :  2.33238e-07
 Reference value :  2.33578e-07
 Reference value :  2.33673e-07
 Reference value :  2.33773e-07
 Reference value :  2.34076e-07
 Reference value :  2.34187e-07
 Reference value :  2.34487e-07
 Reference value :  2.34602e-07
 Reference value :  2.34762e-07
 Reference value :  2.34985e-07
 Reference value :  2.35256e-07
 Reference value :  2.35511e-07
 Reference value :  2.35751e-07
 Reference value :  2.35899e-07
 Reference value :  2.36125e-07
 Reference value :  2.36344e-07
 Reference value :  2.36560e-07
 Reference value :  2.36813e-07
 Reference value :  2.37094e-07
 Reference value :  2.37329e-07
 Reference value :  2.37649e-07
 Reference value :  2.37743e-07
 Reference value :  2.37963e-07
 Reference value :  2.38170e-07
 Reference value :  2.38478e-07
 Reference value :  2.38672e-07
 Reference value :  2.38972e-07
 Reference value :  2.39080e-07
 Reference value :  2.39187e-07
 Reference value :  2.39367e-07
 Reference value :  2.39534e-07
 Reference value :  2.39821e-07
 Reference value :  2.40036e-07
 Reference value :  2.40396e-07
 Reference value :  2.40449e-07
 Reference value :  2.40650e-07
 Reference value :  2.40897e-07
 Reference value :  2.40945e-07
 Reference value :  2.41265e-07
 Reference value :  2.41355e-07
 Reference value :  2.41559e-07
 Reference value :  2.41813e-07
 Reference value :  2.42154e-07
 Reference value :  2.42348e-07
 Reference value :  2.42568e-07
 Reference value :  2.42686e-07
 Reference value :  2.42763e-07
 Reference value :  2.43103e-07
 Reference value :  2.43257e-07
 Reference value :  2.43577e-07
 Reference value :  2.43732e-07
 Reference value :  2.44049e-07
 Reference value :  2.44146e-07
 Reference value :  2.44366e-07
 Reference value :  2.44547e-07
 Reference value :  2.44841e-07
 Reference value :  2.45055e-07
 Reference value :  2.45335e-07
 Reference value :  2.45449e-07
 Reference value :  2.45670e-07
 Reference value :  2.45900e-07
 Reference value :  2.46144e-07
 Reference value :  2.46354e-07
 Reference value :  2.46659e-07
 Reference value :  2.46853e-07
 Reference value :  2.47193e-07
 Reference value :  2.47388e-07
 Reference value :  2.47704e-07
 Reference value :  2.47942e-07
 Reference value :  2.48158e-07
 Reference value :  2.48397e-07
 Reference value :  2.48557e-07
 Reference value :  2.48731e-07
 Reference value :  2.49049e-07
 Reference value :  2.49286e-07
 Reference value :  2.49524e-07
 Reference value :  2.49660e-07
 Reference value :  2.49940e-07
 Reference value :  2.50135e-07
 Reference value :  2.50431e-07
 Reference value :  2.50649e-07
 Reference value :  2.50924e-07
 Reference value :  2.51184e-07
 Reference value :  2.51352e-07
 Reference value :  2.51478e-07
 Reference value :  2.51793e-07
 Reference value :  2.52033e-07
 Reference value :  2.52261e-07
 Reference value :  2.52447e-07
 Reference value :  2.52715e-07
 Reference value :  2.52902e-07
 Reference value :  2.53160e-07
 Reference value :  2.53336e-07
 Reference value :  2.53615e-07
 Reference value :  2.53831e-07
 Reference value :  2.54079e-07
 Reference value :  2.54245e-07
 Reference value :  2.54385e-07
 Reference value :  2.54600e-07
 Reference value :  2.54940e-07
 Reference value :  2.55134e-07
 Reference value :  2.55429e-07
 Reference value :  2.55589e-07
 Reference value :  2.55729e-07
 Reference value :  2.55923e-07
 Reference value :  2.56263e-07
 Reference value :  2.56498e-07
 Reference value :  2.56775e-07
 Reference value :  2.56912e-07
 Reference value :  2.57032e-07
 Reference value :  2.57262e-07
 Reference value :  2.57547e-07
 Reference value :  2.57715e-07
 Reference value :  2.57841e-07
 Reference value :  2.58121e-07
 Reference value :  2.58316e-07
 Reference value :  2.58614e-07
 Reference value :  2.58850e-07
 Reference value :  2.59078e-07
 Reference value :  2.59265e-07
 Reference value :  2.59528e-07
 Reference value :  2.59779e-07
 Reference value :  2.60034e-07
 Reference value :  2.60354e-07
 Reference value :  2.60548e-07
 Reference value :  2.60887e-07
 Reference value :  2.61123e-07
 Reference value :  2.61356e-07
 Reference value :  2.61637e-07
 Reference value :  2.61852e-07
 Reference value :  2.62172e-07
 Reference value :  2.62386e-07
 Reference value :  2.62709e-07
 Reference value :  2.62981e-07
 Reference value :  2.63181e-07
 Reference value :  2.63495e-07
 Reference value :  2.63687e-07
 Reference value :  2.63967e-07
 Reference value :  2.64164e-07
 Reference value :  2.64444e-07
 Reference value :  2.64676e-07
 Reference value :  2.64982e-07
 Reference value :  2.65193e-07
 Reference value :  2.65440e-07
 Reference value :  2.65708e-07
 Reference value :  2.65922e-07
 Reference value :  2.66242e-07
 Reference value :  2.66457e-07
 Reference value :  2.66792e-07
 Reference value :  2.66871e-07
 Reference value :  2.67151e-07
 Reference value :  2.67326e-07
 Reference value :  2.67666e-07
 Reference value :  2.67840e-07
 Reference value :  2.68167e-07
 Reference value :  2.68455e-07
 Reference value :  2.68635e-07
 Reference value :  2.68909e-07
 Reference value :  2.69079e-07
 Reference value :  2.69384e-07
 Reference value :  2.69578e-07
 Reference value :  2.69956e-07
 Reference value :  2.70173e-07
 Reference value :  2.70436e-07
 Reference value :  2.70707e-07
 Reference value :  2.70894e-07
 Reference value :  2.71162e-07
 Reference value :  2.71352e-07
 Reference value :  2.71556e-07
 Reference value :  2.71817e-07
 Reference value :  2.72151e-07
 Reference value :  2.72365e-07
 Reference value :  2.72605e-07
 Reference value :  2.72820e-07
 Reference value :  2.73137e-07
 Reference value :  2.73314e-07
 Reference value :  2.73621e-07
 Reference value :  2.73909e-07
 Reference value :  2.74143e-07
 Reference value :  2.74443e-07
 Reference value :  2.74638e-07
 Reference value :  2.74938e-07
 Reference value :  2.75152e-07
 Reference value :  2.75440e-07
 Reference value :  2.75747e-07
 Reference value :  2.75961e-07
 Reference value :  2.76241e-07
 Reference value :  2.76456e-07
 Reference value :  2.76756e-07
 Reference value :  2.76950e-07
 Reference value :  2.77258e-07
 Reference value :  2.77565e-07
 Reference value :  2.77779e-07
 Reference value :  2.78099e-07
 Reference value :  2.78294e-07
 Reference value :  2.78554e-07
 Reference value :  2.78748e-07
 Reference value :  2.79067e-07
 Reference value :  2.79343e-07
 Reference value :  2.79533e-07
 Reference value :  2.79817e-07
 Reference value :  2.80032e-07
 Reference value :  2.80332e-07
 Reference value :  2.80526e-07
 Reference value :  2.80864e-07
 Reference value :  2.81081e-07
 Reference value :  2.81348e-07
 Reference value :  2.81615e-07
 Reference value :  2.81809e-07
 Reference value :  2.82090e-07
 Reference value :  2.82284e-07
 Reference value :  2.82604e-07
 Reference value :  2.82839e-07
 Reference value :  2.83119e-07
 Reference value :  2.83333e-07
 Reference value :  2.83621e-07
 Reference value :  2.83908e-07
 Reference value :  2.84122e-07
 Reference value :  2.84382e-07
 Reference value :  2.84577e-07
 Reference value :  2.84897e-07
 Reference value :  2.85111e-07
 Reference value :  2.85434e-07
 Reference value :  2.85726e-07
 Reference value :  2.85940e-07
 Reference value :  2.86240e-07
 Reference value :  2.86415e-07
 Reference value :  2.86715e-07
 Reference value :  2.86929e-07
 Reference value :  2.87248e-07
 Reference value :  2.87504e-07
 Reference value :  2.87724e-07
 Reference value :  2.87978e-07
 Reference value :  2.88193e-07
 Reference value :  2.88493e-07
 Reference value :  2.88707e-07
 Reference value :  2.89007e-07
 Reference value :  2.89242e-07
 Reference value :  2.89525e-07
 Reference value :  2.89756e-07
 Reference value :  2.89986e-07
 Reference value :  2.90151e-07
 Reference value :  2.90434e-07
 Reference value :  2.90645e-07
 Reference value :  2.90893e-07
 Reference value :  2.91180e-07
 Reference value :  2.91374e-07
 Reference value :  2.91654e-07
 Reference value :  2.91815e-07
 Reference value :  2.92109e-07
 Reference value :  2.92269e-07
 Reference value :  2.92623e-07
 Reference value :  2.92838e-07
 Reference value :  2.93156e-07
 Reference value :  2.93392e-07
 Reference value :  2.93615e-07
 Reference value :  2.93887e-07
 Reference value :  2.94077e-07
 Reference value :  2.94381e-07
 Reference value :  2.94613e-07
 Reference value :  2.94952e-07
 Reference value :  2.94996e-07
 Reference value :  2.95270e-07
 Reference value :  2.95482e-07
 Reference value :  2.95782e-07
 Reference value :  2.95959e-07
 Reference value :  2.96317e-07
 Reference value :  2.96514e-07
 Reference value :  2.96790e-07
 Reference value :  2.97028e-07
 Reference value :  2.97258e-07
 Reference value :  2.97543e-07
 Reference value :  2.97737e-07
 Reference value :  2.98077e-07
 Reference value :  2.98312e-07
 Reference value :  2.98610e-07
 Reference value :  2.98846e-07
 Reference value :  2.99076e-07
 Reference value :  2.99361e-07
 Reference value :  2.99575e-07
 Reference value :  2.99895e-07
No. of Data Rows : 19790
sim/harness: analysis complete
Note: Simulation executed from .control section 
