
Note: Compatibility modes selected: hs a


Circuit: ** sch_path: /home/ubuntu/loom-workspaces/sky130-pll/.loom/worktrees/issue-129/sim/divider/testbench/tb_divider.sch

option SCALE: Scale is set to 1e-06 for instance and model parameters
option SCALE: Scale is set to 1e-06 for instance and model parameters
option SCALE: Scale is set to 1e-06 for instance and model parameters
option SCALE: Scale is set to 1e-06 for instance and model parameters
Doing analysis at TEMP = -40.000000 and TNOM = 27.000000

Using KLU as Direct Linear Solver
 Reference value :  0.00000e+00
 Reference value :  3.73000e-11
 Reference value :  1.57300e-10
 Reference value :  4.17300e-10
 Reference value :  5.34125e-10
 Reference value :  6.54125e-10
 Reference value :  8.74125e-10
 Reference value :  9.09000e-10
 Reference value :  9.12750e-10
 Reference value :  9.22375e-10
 Reference value :  9.27625e-10
 Reference value :  9.48625e-10
 Reference value :  9.88625e-10
 Reference value :  1.06862e-09
 Reference value :  1.12862e-09
 Reference value :  1.20862e-09
 Reference value :  1.30862e-09
 Reference value :  1.38212e-09
 Reference value :  1.48312e-09
 Reference value :  1.52312e-09
 Reference value :  1.54312e-09
 Reference value :  1.58312e-09
 Reference value :  1.64312e-09
 Reference value :  1.70312e-09
 Reference value :  1.76312e-09
 Reference value :  1.81800e-09
 Reference value :  1.82612e-09
 Reference value :  1.83312e-09
 Reference value :  1.87762e-09
 Reference value :  1.93762e-09
 Reference value :  1.97762e-09
 Reference value :  2.01762e-09
 Reference value :  2.27375e-09
 Reference value :  2.31213e-09
 Reference value :  2.49212e-09
 Reference value :  2.73512e-09
 Reference value :  2.76663e-09
 Reference value :  3.08662e-09
 Reference value :  3.18962e-09
 Reference value :  3.30112e-09
 Reference value :  3.42112e-09
 Reference value :  3.67563e-09
 Reference value :  3.97563e-09
 Reference value :  4.21013e-09
 Reference value :  4.52756e-09
 Reference value :  4.74463e-09
 Reference value :  4.98206e-09
 Reference value :  5.07542e-09
 Reference value :  5.41542e-09
 Reference value :  5.65363e-09
 Reference value :  5.92187e-09
 Reference value :  6.09000e-09
 Reference value :  6.37637e-09
 Reference value :  6.66263e-09
 Reference value :  6.87713e-09
 Reference value :  7.09713e-09
 Reference value :  7.29063e-09
 Reference value :  7.47163e-09
 Reference value :  7.69162e-09
 Reference value :  7.86612e-09
 Reference value :  8.00612e-09
 Reference value :  8.26062e-09
 Reference value :  8.50062e-09
 Reference value :  8.73513e-09
 Reference value :  8.97512e-09
 Reference value :  9.18962e-09
 Reference value :  9.32962e-09
 Reference value :  9.55262e-09
 Reference value :  9.82412e-09
 Reference value :  1.00176e-08
 Reference value :  1.03386e-08
 Reference value :  1.04931e-08
 Reference value :  1.07931e-08
 Reference value :  1.09676e-08
 Reference value :  1.12876e-08
 Reference value :  1.14621e-08
 Reference value :  1.17421e-08
 Reference value :  1.19366e-08
 Reference value :  1.22541e-08
 Reference value :  1.24511e-08
 Reference value :  1.27385e-08
 Reference value :  1.30256e-08
 Reference value :  1.31842e-08
 Reference value :  1.34001e-08
 Reference value :  1.36362e-08
 Reference value :  1.37346e-08
 Reference value :  1.37746e-08
 Reference value :  1.40546e-08
 Reference value :  1.42491e-08
 Reference value :  1.45477e-08
 Reference value :  1.48036e-08
 Reference value :  1.50066e-08
 Reference value :  1.51181e-08
 Reference value :  1.53381e-08
 Reference value :  1.55326e-08
 Reference value :  1.58726e-08
 Reference value :  1.60071e-08
 Reference value :  1.62271e-08
 Reference value :  1.63876e-08
 Reference value :  1.66216e-08
 Reference value :  1.67816e-08
 Reference value :  1.69161e-08
 Reference value :  1.70761e-08
 Reference value :  1.72730e-08
 Reference value :  1.74283e-08
 Reference value :  1.75883e-08
 Reference value :  1.77651e-08
 Reference value :  1.80651e-08
 Reference value :  1.81986e-08
 Reference value :  1.84996e-08
 Reference value :  1.86941e-08
 Reference value :  1.89741e-08
 Reference value :  1.91863e-08
 Reference value :  1.95063e-08
 Reference value :  1.96031e-08
 Reference value :  1.99031e-08
 Reference value :  2.00017e-08
 Reference value :  2.01176e-08
 Reference value :  2.03176e-08
 Reference value :  2.04606e-08
 Reference value :  2.05721e-08
 Reference value :  2.07721e-08
 Reference value :  2.08896e-08
 Reference value :  2.09443e-08
 Reference value :  2.11243e-08
 Reference value :  2.13628e-08
 Reference value :  2.15611e-08
 Reference value :  2.18241e-08
 Reference value :  2.20756e-08
 Reference value :  2.22839e-08
 Reference value :  2.25301e-08
 Reference value :  2.27399e-08
 Reference value :  2.30423e-08
 Reference value :  2.32051e-08
 Reference value :  2.32591e-08
 Reference value :  2.36166e-08
 Reference value :  2.37736e-08
 Reference value :  2.40711e-08
 Reference value :  2.42281e-08
 Reference value :  2.45081e-08
 Reference value :  2.47403e-08
 Reference value :  2.49403e-08
 Reference value :  2.51171e-08
 Reference value :  2.53771e-08
 Reference value :  2.55316e-08
 Reference value :  2.56916e-08
 Reference value :  2.57916e-08
 Reference value :  2.59146e-08
 Reference value :  2.60061e-08
 Reference value :  2.60861e-08
 Reference value :  2.62461e-08
 Reference value :  2.63436e-08
 Reference value :  2.63735e-08
 Reference value :  2.63791e-08
 Reference value :  2.63983e-08
 Reference value :  2.64383e-08
 Reference value :  2.64783e-08
 Reference value :  2.65383e-08
 Reference value :  2.65783e-08
 Reference value :  2.66183e-08
 Reference value :  2.66583e-08
 Reference value :  2.66983e-08
 Reference value :  2.67583e-08
 Reference value :  2.67783e-08
 Reference value :  2.68155e-08
 Reference value :  2.68236e-08
 Reference value :  2.68306e-08
 Reference value :  2.68551e-08
 Reference value :  2.68751e-08
 Reference value :  2.70751e-08
 Reference value :  2.72700e-08
 Reference value :  2.73496e-08
 Reference value :  2.76296e-08
 Reference value :  2.77841e-08
 Reference value :  2.80641e-08
 Reference value :  2.82563e-08
 Reference value :  2.85163e-08
 Reference value :  2.86348e-08
 Reference value :  2.87931e-08
 Reference value :  2.91005e-08
 Reference value :  2.93676e-08
 Reference value :  2.94276e-08
 Reference value :  2.95506e-08
 Reference value :  2.96421e-08
 Reference value :  2.97621e-08
 Reference value :  2.99621e-08
 Reference value :  3.00566e-08
 Reference value :  3.02366e-08
 Reference value :  3.04166e-08
 Reference value :  3.05111e-08
 Reference value :  3.07111e-08
 Reference value :  3.08511e-08
 Reference value :  3.09060e-08
 Reference value :  3.11056e-08
 Reference value :  3.13643e-08
 Reference value :  3.15801e-08
 Reference value :  3.18162e-08
 Reference value :  3.20346e-08
 Reference value :  3.21746e-08
 Reference value :  3.23891e-08
 Reference value :  3.27278e-08
 Reference value :  3.29436e-08
 Reference value :  3.31866e-08
 Reference value :  3.33381e-08
 Reference value :  3.36390e-08
 Reference value :  3.38703e-08
 Reference value :  3.41009e-08
 Reference value :  3.43671e-08
 Reference value :  3.45606e-08
 Reference value :  3.48816e-08
 Reference value :  3.50561e-08
 Reference value :  3.53961e-08
 Reference value :  3.55906e-08
 Reference value :  3.59055e-08
 Reference value :  3.61251e-08
 Reference value :  3.63638e-08
 Reference value :  3.65596e-08
 Reference value :  3.67971e-08
 Reference value :  3.69741e-08
 Reference value :  3.72750e-08
 Reference value :  3.75463e-08
 Reference value :  3.77491e-08
 Reference value :  3.79631e-08
 Reference value :  3.81905e-08
 Reference value :  3.84176e-08
 Reference value :  3.85376e-08
 Reference value :  3.87121e-08
 Reference value :  3.90521e-08
 Reference value :  3.92466e-08
 Reference value :  3.95066e-08
 Reference value :  3.96211e-08
 Reference value :  3.99211e-08
 Reference value :  4.01556e-08
 Reference value :  4.04331e-08
 Reference value :  4.06301e-08
 Reference value :  4.08876e-08
 Reference value :  4.10423e-08
 Reference value :  4.13223e-08
 Reference value :  4.15391e-08
 Reference value :  4.18153e-08
 Reference value :  4.20536e-08
 Reference value :  4.22819e-08
 Reference value :  4.25281e-08
 Reference value :  4.27826e-08
 Reference value :  4.30626e-08
 Reference value :  4.32771e-08
 Reference value :  4.35571e-08
 Reference value :  4.36916e-08
 Reference value :  4.40116e-08
 Reference value :  4.41461e-08
 Reference value :  4.44261e-08
 Reference value :  4.46406e-08
 Reference value :  4.49606e-08
 Reference value :  4.51351e-08
 Reference value :  4.53951e-08
 Reference value :  4.56073e-08
 Reference value :  4.58673e-08
 Reference value :  4.59196e-08
 Reference value :  4.61641e-08
 Reference value :  4.64186e-08
 Reference value :  4.66986e-08
 Reference value :  4.69131e-08
 Reference value :  4.71931e-08
 Reference value :  4.74276e-08
 Reference value :  4.77051e-08
 Reference value :  4.78421e-08
 Reference value :  4.81596e-08
 Reference value :  4.83166e-08
 Reference value :  4.86315e-08
 Reference value :  4.88111e-08
 Reference value :  4.90920e-08
 Reference value :  4.93433e-08
 Reference value :  4.95486e-08
 Reference value :  4.97201e-08
 Reference value :  5.00075e-08
 Reference value :  5.02746e-08
 Reference value :  5.04681e-08
 Reference value :  5.07691e-08
 Reference value :  5.09436e-08
 Reference value :  5.11836e-08
 Reference value :  5.13719e-08
 Reference value :  5.16181e-08
 Reference value :  5.18526e-08
 Reference value :  5.21526e-08
 Reference value :  5.23671e-08
 Reference value :  5.24471e-08
 Reference value :  5.26871e-08
 Reference value :  5.28793e-08
 Reference value :  5.31193e-08
 Reference value :  5.32761e-08
 Reference value :  5.35561e-08
 Reference value :  5.37306e-08
 Reference value :  5.40306e-08
 Reference value :  5.42051e-08
 Reference value :  5.44451e-08
 Reference value :  5.45996e-08
 Reference value :  5.47196e-08
 Reference value :  5.49771e-08
 Reference value :  5.51941e-08
 Reference value :  5.54641e-08
 Reference value :  5.57686e-08
 Reference value :  5.59291e-08
 Reference value :  5.62431e-08
 Reference value :  5.64753e-08
 Reference value :  5.67553e-08
 Reference value :  5.69721e-08
 Reference value :  5.72496e-08
 Reference value :  5.74866e-08
 Reference value :  5.77296e-08
 Reference value :  5.79611e-08
 Reference value :  5.81946e-08
 Reference value :  5.84956e-08
 Reference value :  5.87101e-08
 Reference value :  5.89901e-08
 Reference value :  5.91646e-08
 Reference value :  5.94446e-08
 Reference value :  5.96191e-08
 Reference value :  5.99191e-08
 Reference value :  6.01336e-08
 Reference value :  6.04311e-08
 Reference value :  6.05881e-08
 Reference value :  6.06681e-08
 Reference value :  6.09030e-08
 Reference value :  6.09164e-08
 Reference value :  6.10826e-08
 Reference value :  6.13226e-08
 Reference value :  6.14171e-08
 Reference value :  6.15771e-08
 Reference value :  6.16371e-08
 Reference value :  6.18254e-08
 Reference value :  6.19116e-08
 Reference value :  6.19516e-08
 Reference value :  6.19916e-08
 Reference value :  6.20316e-08
 Reference value :  6.20716e-08
 Reference value :  6.21116e-08
 Reference value :  6.21516e-08
 Reference value :  6.22116e-08
 Reference value :  6.22665e-08
 Reference value :  6.22790e-08
 Reference value :  6.22851e-08
 Reference value :  6.23061e-08
 Reference value :  6.23461e-08
 Reference value :  6.24061e-08
 Reference value :  6.24461e-08
 Reference value :  6.24861e-08
 Reference value :  6.25661e-08
 Reference value :  6.27247e-08
 Reference value :  6.29806e-08
 Reference value :  6.31880e-08
 Reference value :  6.33951e-08
 Reference value :  6.36451e-08
 Reference value :  6.37896e-08
 Reference value :  6.40671e-08
 Reference value :  6.42441e-08
 Reference value :  6.45041e-08
 Reference value :  6.47186e-08
 Reference value :  6.49947e-08
 Reference value :  6.51731e-08
 Reference value :  6.54517e-08
 Reference value :  6.56476e-08
 Reference value :  6.59106e-08
 Reference value :  6.61421e-08
 Reference value :  6.63590e-08
 Reference value :  6.63943e-08
 Reference value :  6.66343e-08
 Reference value :  6.68266e-08
 Reference value :  6.70711e-08
 Reference value :  6.73056e-08
 Reference value :  6.75856e-08
 Reference value :  6.77801e-08
 Reference value :  6.80401e-08
 Reference value :  6.82006e-08
 Reference value :  6.84946e-08
 Reference value :  6.86551e-08
 Reference value :  6.89491e-08
 Reference value :  6.91636e-08
 Reference value :  6.94436e-08
 Reference value :  6.96581e-08
 Reference value :  6.99181e-08
 Reference value :  7.01126e-08
 Reference value :  7.04126e-08
 Reference value :  7.06071e-08
 Reference value :  7.09057e-08
 Reference value :  7.11616e-08
 Reference value :  7.13716e-08
 Reference value :  7.16161e-08
 Reference value :  7.18366e-08
 Reference value :  7.21306e-08
 Reference value :  7.22806e-08
 Reference value :  7.25251e-08
 Reference value :  7.27596e-08
 Reference value :  7.30796e-08
 Reference value :  7.32341e-08
 Reference value :  7.35541e-08
 Reference value :  7.37263e-08
 Reference value :  7.39863e-08
 Reference value :  7.41091e-08
 Reference value :  7.44431e-08
 Reference value :  7.46753e-08
 Reference value :  7.49739e-08
 Reference value :  7.51721e-08
 Reference value :  7.54121e-08
 Reference value :  7.55866e-08
 Reference value :  7.58266e-08
 Reference value :  7.59611e-08
 Reference value :  7.62611e-08
 Reference value :  7.64756e-08
 Reference value :  7.67931e-08
 Reference value :  7.69701e-08
 Reference value :  7.72101e-08
 Reference value :  7.73846e-08
 Reference value :  7.77021e-08
 Reference value :  7.78791e-08
 Reference value :  7.81874e-08
 Reference value :  7.84936e-08
 Reference value :  7.86681e-08
 Reference value :  7.89881e-08
 Reference value :  7.92026e-08
 Reference value :  7.95026e-08
 Reference value :  7.96771e-08
 Reference value :  7.99746e-08
 Reference value :  8.02116e-08
 Reference value :  8.04477e-08
 Reference value :  8.06661e-08
 Reference value :  8.09161e-08
 Reference value :  8.12206e-08
 Reference value :  8.13206e-08
 Reference value :  8.15351e-08
 Reference value :  8.18120e-08
 Reference value :  8.20473e-08
 Reference value :  8.22770e-08
 Reference value :  8.25041e-08
 Reference value :  8.27376e-08
 Reference value :  8.30186e-08
 Reference value :  8.32131e-08
 Reference value :  8.34531e-08
 Reference value :  8.36466e-08
 Reference value :  8.39676e-08
 Reference value :  8.41421e-08
 Reference value :  8.44821e-08
 Reference value :  8.46966e-08
 Reference value :  8.49915e-08
 Reference value :  8.51911e-08
 Reference value :  8.54541e-08
 Reference value :  8.57256e-08
 Reference value :  8.59086e-08
 Reference value :  8.61401e-08
 Reference value :  8.63806e-08
 Reference value :  8.66946e-08
 Reference value :  8.68891e-08
 Reference value :  8.71691e-08
 Reference value :  8.73836e-08
 Reference value :  8.76836e-08
 Reference value :  8.78781e-08
 Reference value :  8.81767e-08
 Reference value :  8.83526e-08
 Reference value :  8.86101e-08
 Reference value :  8.88271e-08
 Reference value :  8.90820e-08
 Reference value :  8.92616e-08
 Reference value :  8.95377e-08
 Reference value :  8.97361e-08
 Reference value :  9.00059e-08
 Reference value :  9.02883e-08
 Reference value :  9.05051e-08
 Reference value :  9.07451e-08
 Reference value :  9.09256e-08
 Reference value :  9.12196e-08
 Reference value :  9.13941e-08
 Reference value :  9.17141e-08
 Reference value :  9.19086e-08
 Reference value :  9.22286e-08
 Reference value :  9.24231e-08
 Reference value :  9.27180e-08
 Reference value :  9.28976e-08
 Reference value :  9.31737e-08
 Reference value :  9.33521e-08
 Reference value :  9.36351e-08
 Reference value :  9.38866e-08
 Reference value :  9.40949e-08
 Reference value :  9.43611e-08
 Reference value :  9.45546e-08
 Reference value :  9.48756e-08
 Reference value :  9.50301e-08
 Reference value :  9.53501e-08
 Reference value :  9.55646e-08
 Reference value :  9.58446e-08
 Reference value :  9.60591e-08
 Reference value :  9.63191e-08
 Reference value :  9.64936e-08
 Reference value :  9.67336e-08
 Reference value :  9.68341e-08
 Reference value :  9.71281e-08
 Reference value :  9.73603e-08
 Reference value :  9.76803e-08
 Reference value :  9.78771e-08
 Reference value :  9.81171e-08
 Reference value :  9.82916e-08
 Reference value :  9.85116e-08
 Reference value :  9.86861e-08
 Reference value :  9.90061e-08
 Reference value :  9.92206e-08
 Reference value :  9.95181e-08
 Reference value :  9.97151e-08
 Reference value :  9.99726e-08
 Reference value :  1.00150e-07
 Reference value :  1.00270e-07
 Reference value :  1.00484e-07
 Reference value :  1.00844e-07
 Reference value :  1.01039e-07
 Reference value :  1.01279e-07
 Reference value :  1.01413e-07
 Reference value :  1.01693e-07
 Reference value :  1.01908e-07
 Reference value :  1.02188e-07
 Reference value :  1.02362e-07
 Reference value :  1.02642e-07
 Reference value :  1.02857e-07
 Reference value :  1.03137e-07
 Reference value :  1.03331e-07
 Reference value :  1.03634e-07
 Reference value :  1.03886e-07
 Reference value :  1.04096e-07
 Reference value :  1.04360e-07
 Reference value :  1.04550e-07
 Reference value :  1.04675e-07
 Reference value :  1.04972e-07
 Reference value :  1.05129e-07
 Reference value :  1.05457e-07
 Reference value :  1.05741e-07
 Reference value :  1.05924e-07
 Reference value :  1.06178e-07
 Reference value :  1.06368e-07
 Reference value :  1.06673e-07
 Reference value :  1.06847e-07
 Reference value :  1.07167e-07
 Reference value :  1.07402e-07
 Reference value :  1.07699e-07
 Reference value :  1.07896e-07
 Reference value :  1.08171e-07
 Reference value :  1.08391e-07
 Reference value :  1.08629e-07
 Reference value :  1.08865e-07
 Reference value :  1.09120e-07
 Reference value :  1.09400e-07
 Reference value :  1.09517e-07
 Reference value :  1.09694e-07
 Reference value :  1.09989e-07
 Reference value :  1.10189e-07
 Reference value :  1.10452e-07
 Reference value :  1.10683e-07
 Reference value :  1.10917e-07
 Reference value :  1.11238e-07
 Reference value :  1.11432e-07
 Reference value :  1.11732e-07
 Reference value :  1.11822e-07
 Reference value :  1.12107e-07
 Reference value :  1.12277e-07
 Reference value :  1.12501e-07
 Reference value :  1.12773e-07
 Reference value :  1.13073e-07
 Reference value :  1.13290e-07
 Reference value :  1.13550e-07
 Reference value :  1.13745e-07
 Reference value :  1.14045e-07
 Reference value :  1.14239e-07
 Reference value :  1.14542e-07
 Reference value :  1.14794e-07
 Reference value :  1.15004e-07
 Reference value :  1.15268e-07
 Reference value :  1.15469e-07
 Reference value :  1.15763e-07
 Reference value :  1.15910e-07
 Reference value :  1.16017e-07
 Reference value :  1.16353e-07
 Reference value :  1.16512e-07
 Reference value :  1.16806e-07
 Reference value :  1.17006e-07
 Reference value :  1.17265e-07
 Reference value :  1.17481e-07
 Reference value :  1.17724e-07
 Reference value :  1.17955e-07
 Reference value :  1.18196e-07
 Reference value :  1.18470e-07
 Reference value :  1.18664e-07
 Reference value :  1.18844e-07
 Reference value :  1.18884e-07
 Reference value :  1.19079e-07
 Reference value :  1.19259e-07
 Reference value :  1.19379e-07
 Reference value :  1.19552e-07
 Reference value :  1.19793e-07
 Reference value :  1.20028e-07
 Reference value :  1.20348e-07
 Reference value :  1.20482e-07
 Reference value :  1.20722e-07
 Reference value :  1.20912e-07
 Reference value :  1.21157e-07
 Reference value :  1.21365e-07
 Reference value :  1.21611e-07
 Reference value :  1.21825e-07
 Reference value :  1.22066e-07
 Reference value :  1.22279e-07
 Reference value :  1.22480e-07
 Reference value :  1.22716e-07
 Reference value :  1.22955e-07
 Reference value :  1.23171e-07
 Reference value :  1.23389e-07
 Reference value :  1.23650e-07
 Reference value :  1.23964e-07
 Reference value :  1.24138e-07
 Reference value :  1.24478e-07
 Reference value :  1.24693e-07
 Reference value :  1.24853e-07
 Reference value :  1.25067e-07
 Reference value :  1.25327e-07
 Reference value :  1.25542e-07
 Reference value :  1.25862e-07
 Reference value :  1.26016e-07
 Reference value :  1.26352e-07
 Reference value :  1.26591e-07
 Reference value :  1.26818e-07
 Reference value :  1.27065e-07
 Reference value :  1.27275e-07
 Reference value :  1.27540e-07
 Reference value :  1.27730e-07
 Reference value :  1.27974e-07
 Reference value :  1.28229e-07
 Reference value :  1.28549e-07
 Reference value :  1.28723e-07
 Reference value :  1.28923e-07
 Reference value :  1.29104e-07
 Reference value :  1.29418e-07
 Reference value :  1.29572e-07
 Reference value :  1.29892e-07
 Reference value :  1.30127e-07
 Reference value :  1.30424e-07
 Reference value :  1.30601e-07
 Reference value :  1.30879e-07
 Reference value :  1.31116e-07
 Reference value :  1.31354e-07
 Reference value :  1.31590e-07
 Reference value :  1.31862e-07
 Reference value :  1.32162e-07
 Reference value :  1.32319e-07
 Reference value :  1.32599e-07
 Reference value :  1.32831e-07
 Reference value :  1.33131e-07
 Reference value :  1.33328e-07
 Reference value :  1.33636e-07
 Reference value :  1.33783e-07
 Reference value :  1.34060e-07
 Reference value :  1.34257e-07
 Reference value :  1.34515e-07
 Reference value :  1.34692e-07
 Reference value :  1.34987e-07
 Reference value :  1.35206e-07
 Reference value :  1.35456e-07
 Reference value :  1.35741e-07
 Reference value :  1.35921e-07
 Reference value :  1.36195e-07
 Reference value :  1.36369e-07
 Reference value :  1.36690e-07
 Reference value :  1.36884e-07
 Reference value :  1.37224e-07
 Reference value :  1.37459e-07
 Reference value :  1.37717e-07
 Reference value :  1.37953e-07
 Reference value :  1.38181e-07
 Reference value :  1.38488e-07
 Reference value :  1.38662e-07
 Reference value :  1.38982e-07
 Reference value :  1.39217e-07
 Reference value :  1.39497e-07
 Reference value :  1.39711e-07
 Reference value :  1.39987e-07
 Reference value :  1.40226e-07
 Reference value :  1.40453e-07
 Reference value :  1.40700e-07
 Reference value :  1.40955e-07
 Reference value :  1.41255e-07
 Reference value :  1.41469e-07
 Reference value :  1.41749e-07
 Reference value :  1.41904e-07
 Reference value :  1.42124e-07
 Reference value :  1.42298e-07
 Reference value :  1.42518e-07
 Reference value :  1.42773e-07
 Reference value :  1.43093e-07
 Reference value :  1.43287e-07
 Reference value :  1.43527e-07
 Reference value :  1.43662e-07
 Reference value :  1.43922e-07
 Reference value :  1.44092e-07
 Reference value :  1.44356e-07
 Reference value :  1.44476e-07
 Reference value :  1.44691e-07
 Reference value :  1.44968e-07
 Reference value :  1.45165e-07
 Reference value :  1.45365e-07
 Reference value :  1.45466e-07
 Reference value :  1.45740e-07
 Reference value :  1.45934e-07
 Reference value :  1.46214e-07
 Reference value :  1.46449e-07
 Reference value :  1.46729e-07
 Reference value :  1.46883e-07
 Reference value :  1.47183e-07
 Reference value :  1.47435e-07
 Reference value :  1.47714e-07
 Reference value :  1.47932e-07
 Reference value :  1.48182e-07
 Reference value :  1.48464e-07
 Reference value :  1.48647e-07
 Reference value :  1.48961e-07
 Reference value :  1.49216e-07
 Reference value :  1.49476e-07
 Reference value :  1.49690e-07
 Reference value :  1.49985e-07
 Reference value :  1.50185e-07
 Reference value :  1.50448e-07
 Reference value :  1.50659e-07
 Reference value :  1.50909e-07
 Reference value :  1.51194e-07
 Reference value :  1.51408e-07
 Reference value :  1.51628e-07
 Reference value :  1.51829e-07
 Reference value :  1.52143e-07
 Reference value :  1.52317e-07
 Reference value :  1.52657e-07
 Reference value :  1.52852e-07
 Reference value :  1.53132e-07
 Reference value :  1.53286e-07
 Reference value :  1.53586e-07
 Reference value :  1.53781e-07
 Reference value :  1.53901e-07
 Reference value :  1.54101e-07
 Reference value :  1.54315e-07
 Reference value :  1.54570e-07
 Reference value :  1.54870e-07
 Reference value :  1.55084e-07
 Reference value :  1.55344e-07
 Reference value :  1.55579e-07
 Reference value :  1.55859e-07
 Reference value :  1.56013e-07
 Reference value :  1.56348e-07
 Reference value :  1.56528e-07
 Reference value :  1.56768e-07
 Reference value :  1.56962e-07
 Reference value :  1.57240e-07
 Reference value :  1.57457e-07
 Reference value :  1.57713e-07
 Reference value :  1.57931e-07
 Reference value :  1.58179e-07
 Reference value :  1.58486e-07
 Reference value :  1.58646e-07
 Reference value :  1.58920e-07
 Reference value :  1.59115e-07
 Reference value :  1.59375e-07
 Reference value :  1.59569e-07
 Reference value :  1.59849e-07
 Reference value :  1.60104e-07
 Reference value :  1.60404e-07
 Reference value :  1.60618e-07
 Reference value :  1.60897e-07
 Reference value :  1.60993e-07
 Reference value :  1.61113e-07
 Reference value :  1.61273e-07
 Reference value :  1.61447e-07
 Reference value :  1.61767e-07
 Reference value :  1.61982e-07
 Reference value :  1.62256e-07
 Reference value :  1.62456e-07
 Reference value :  1.62656e-07
 Reference value :  1.62888e-07
 Reference value :  1.63167e-07
 Reference value :  1.63365e-07
 Reference value :  1.63638e-07
 Reference value :  1.63917e-07
 Reference value :  1.64134e-07
 Reference value :  1.64414e-07
 Reference value :  1.64589e-07
 Reference value :  1.64829e-07
 Reference value :  1.64987e-07
 Reference value :  1.65243e-07
 Reference value :  1.65442e-07
 Reference value :  1.65678e-07
 Reference value :  1.65905e-07
 Reference value :  1.66092e-07
 Reference value :  1.66330e-07
 Reference value :  1.66487e-07
 Reference value :  1.66747e-07
 Reference value :  1.66901e-07
 Reference value :  1.67181e-07
 Reference value :  1.67396e-07
 Reference value :  1.67710e-07
 Reference value :  1.67910e-07
 Reference value :  1.68165e-07
 Reference value :  1.68365e-07
 Reference value :  1.68623e-07
 Reference value :  1.68819e-07
 Reference value :  1.69057e-07
 Reference value :  1.69274e-07
 Reference value :  1.69530e-07
 Reference value :  1.69748e-07
 Reference value :  1.69996e-07
 Reference value :  1.70203e-07
 Reference value :  1.70441e-07
 Reference value :  1.70637e-07
 Reference value :  1.70900e-07
 Reference value :  1.71152e-07
 Reference value :  1.71365e-07
 Reference value :  1.71646e-07
 Reference value :  1.71881e-07
 Reference value :  1.72201e-07
 Reference value :  1.72395e-07
 Reference value :  1.72693e-07
 Reference value :  1.72850e-07
 Reference value :  1.73147e-07
 Reference value :  1.73324e-07
 Reference value :  1.73631e-07
 Reference value :  1.73919e-07
 Reference value :  1.74099e-07
 Reference value :  1.74353e-07
 Reference value :  1.74543e-07
 Reference value :  1.74808e-07
 Reference value :  1.74998e-07
 Reference value :  1.75282e-07
 Reference value :  1.75382e-07
 Reference value :  1.75557e-07
 Reference value :  1.75857e-07
 Reference value :  1.76051e-07
 Reference value :  1.76347e-07
 Reference value :  1.76566e-07
 Reference value :  1.76813e-07
 Reference value :  1.77020e-07
 Reference value :  1.77268e-07
 Reference value :  1.77535e-07
 Reference value :  1.77725e-07
 Reference value :  1.77989e-07
 Reference value :  1.78190e-07
 Reference value :  1.78504e-07
 Reference value :  1.78698e-07
 Reference value :  1.79018e-07
 Reference value :  1.79210e-07
 Reference value :  1.79490e-07
 Reference value :  1.79707e-07
 Reference value :  1.79965e-07
 Reference value :  1.80182e-07
 Reference value :  1.80440e-07
 Reference value :  1.80676e-07
 Reference value :  1.80951e-07
 Reference value :  1.81251e-07
 Reference value :  1.81465e-07
 Reference value :  1.81685e-07
 Reference value :  1.81783e-07
 Reference value :  1.81980e-07
 Reference value :  1.82258e-07
 Reference value :  1.82494e-07
 Reference value :  1.82735e-07
 Reference value :  1.83049e-07
 Reference value :  1.83223e-07
 Reference value :  1.83503e-07
 Reference value :  1.83698e-07
 Reference value :  1.84038e-07
 Reference value :  1.84232e-07
 Reference value :  1.84539e-07
 Reference value :  1.84807e-07
 Reference value :  1.84997e-07
 Reference value :  1.85281e-07
 Reference value :  1.85496e-07
 Reference value :  1.85816e-07
 Reference value :  1.85990e-07
 Reference value :  1.86345e-07
 Reference value :  1.86565e-07
 Reference value :  1.86803e-07
 Reference value :  1.87039e-07
 Reference value :  1.87262e-07
 Reference value :  1.87474e-07
 Reference value :  1.87674e-07
 Reference value :  1.87808e-07
 Reference value :  1.88163e-07
 Reference value :  1.88343e-07
 Reference value :  1.88626e-07
 Reference value :  1.88817e-07
 Reference value :  1.89055e-07
 Reference value :  1.89192e-07
 Reference value :  1.89452e-07
 Reference value :  1.89626e-07
 Reference value :  1.89964e-07
 Reference value :  1.90181e-07
 Reference value :  1.90439e-07
 Reference value :  1.90655e-07
 Reference value :  1.90898e-07
 Reference value :  1.91150e-07
 Reference value :  1.91358e-07
 Reference value :  1.91664e-07
 Reference value :  1.91919e-07
 Reference value :  1.92159e-07
 Reference value :  1.92333e-07
 Reference value :  1.92653e-07
 Reference value :  1.92828e-07
 Reference value :  1.93028e-07
 Reference value :  1.93188e-07
 Reference value :  1.93462e-07
 Reference value :  1.93677e-07
 Reference value :  1.93937e-07
 Reference value :  1.94111e-07
 Reference value :  1.94431e-07
 Reference value :  1.94663e-07
 Reference value :  1.94962e-07
 Reference value :  1.95160e-07
 Reference value :  1.95435e-07
 Reference value :  1.95635e-07
 Reference value :  1.95891e-07
 Reference value :  1.96089e-07
 Reference value :  1.96357e-07
 Reference value :  1.96664e-07
 Reference value :  1.96838e-07
 Reference value :  1.97058e-07
 Reference value :  1.97266e-07
 Reference value :  1.97553e-07
 Reference value :  1.97747e-07
 Reference value :  1.98027e-07
 Reference value :  1.98262e-07
 Reference value :  1.98542e-07
 Reference value :  1.98756e-07
 Reference value :  1.99054e-07
 Reference value :  1.99271e-07
 Reference value :  1.99534e-07
 Reference value :  1.99745e-07
 Reference value :  1.99988e-07
 Reference value :  2.00180e-07
 Reference value :  2.00443e-07
 Reference value :  2.00654e-07
 Reference value :  2.00902e-07
 Reference value :  2.01189e-07
 Reference value :  2.01383e-07
 Reference value :  2.01703e-07
 Reference value :  2.01918e-07
 Reference value :  2.02218e-07
 Reference value :  2.02412e-07
 Reference value :  2.02672e-07
 Reference value :  2.02867e-07
 Reference value :  2.03161e-07
 Reference value :  2.03381e-07
 Reference value :  2.03635e-07
 Reference value :  2.03936e-07
 Reference value :  2.04110e-07
 Reference value :  2.04390e-07
 Reference value :  2.04551e-07
 Reference value :  2.04845e-07
 Reference value :  2.05039e-07
 Reference value :  2.05359e-07
 Reference value :  2.05554e-07
 Reference value :  2.05871e-07
 Reference value :  2.06088e-07
 Reference value :  2.06347e-07
 Reference value :  2.06623e-07
 Reference value :  2.06813e-07
 Reference value :  2.07097e-07
 Reference value :  2.07312e-07
 Reference value :  2.07632e-07
 Reference value :  2.07846e-07
 Reference value :  2.08126e-07
 Reference value :  2.08361e-07
 Reference value :  2.08619e-07
 Reference value :  2.08815e-07
 Reference value :  2.09078e-07
 Reference value :  2.09330e-07
 Reference value :  2.09533e-07
 Reference value :  2.09764e-07
 Reference value :  2.09992e-07
 Reference value :  2.10216e-07
 Reference value :  2.10396e-07
 Reference value :  2.10493e-07
 Reference value :  2.10853e-07
 Reference value :  2.11048e-07
 Reference value :  2.11344e-07
 Reference value :  2.11542e-07
 Reference value :  2.11780e-07
 Reference value :  2.11957e-07
 Reference value :  2.12177e-07
 Reference value :  2.12351e-07
 Reference value :  2.12671e-07
 Reference value :  2.12846e-07
 Reference value :  2.13160e-07
 Reference value :  2.13340e-07
 Reference value :  2.13616e-07
 Reference value :  2.13835e-07
 Reference value :  2.14083e-07
 Reference value :  2.14389e-07
 Reference value :  2.14644e-07
 Reference value :  2.14961e-07
 Reference value :  2.15158e-07
 Reference value :  2.15298e-07
 Reference value :  2.15448e-07
 Reference value :  2.15753e-07
 Reference value :  2.15927e-07
 Reference value :  2.16227e-07
 Reference value :  2.16422e-07
 Reference value :  2.16762e-07
 Reference value :  2.16916e-07
 Reference value :  2.17255e-07
 Reference value :  2.17511e-07
 Reference value :  2.17721e-07
 Reference value :  2.18005e-07
 Reference value :  2.18175e-07
 Reference value :  2.18460e-07
 Reference value :  2.18633e-07
 Reference value :  2.18934e-07
 Reference value :  2.19189e-07
 Reference value :  2.19469e-07
 Reference value :  2.19643e-07
 Reference value :  2.19763e-07
 Reference value :  2.19990e-07
 Reference value :  2.20238e-07
 Reference value :  2.20446e-07
 Reference value :  2.20712e-07
 Reference value :  2.20967e-07
 Reference value :  2.21227e-07
 Reference value :  2.21360e-07
 Reference value :  2.21641e-07
 Reference value :  2.21836e-07
 Reference value :  2.22156e-07
 Reference value :  2.22266e-07
 Reference value :  2.22550e-07
 Reference value :  2.22731e-07
 Reference value :  2.23025e-07
 Reference value :  2.23219e-07
 Reference value :  2.23479e-07
 Reference value :  2.23694e-07
 Reference value :  2.23994e-07
 Reference value :  2.24188e-07
 Reference value :  2.24524e-07
 Reference value :  2.24723e-07
 Reference value :  2.24986e-07
 Reference value :  2.25217e-07
 Reference value :  2.25445e-07
 Reference value :  2.25689e-07
 Reference value :  2.25900e-07
 Reference value :  2.26166e-07
 Reference value :  2.26401e-07
 Reference value :  2.26701e-07
 Reference value :  2.26915e-07
 Reference value :  2.27055e-07
 Reference value :  2.27263e-07
 Reference value :  2.27530e-07
 Reference value :  2.27730e-07
 Reference value :  2.28024e-07
 Reference value :  2.28259e-07
 Reference value :  2.28559e-07
 Reference value :  2.28693e-07
 Reference value :  2.28933e-07
 Reference value :  2.29094e-07
 Reference value :  2.29428e-07
 Reference value :  2.29622e-07
 Reference value :  2.29922e-07
 Reference value :  2.30117e-07
 Reference value :  2.30397e-07
 Reference value :  2.30571e-07
 Reference value :  2.30869e-07
 Reference value :  2.31086e-07
 Reference value :  2.31344e-07
 Reference value :  2.31580e-07
 Reference value :  2.31821e-07
 Reference value :  2.32135e-07
 Reference value :  2.32309e-07
 Reference value :  2.32609e-07
 Reference value :  2.32764e-07
 Reference value :  2.33024e-07
 Reference value :  2.33177e-07
 Reference value :  2.33498e-07
 Reference value :  2.33733e-07
 Reference value :  2.34033e-07
 Reference value :  2.34227e-07
 Reference value :  2.34387e-07
 Reference value :  2.34582e-07
 Reference value :  2.34842e-07
 Reference value :  2.34992e-07
 Reference value :  2.35256e-07
 Reference value :  2.35511e-07
 Reference value :  2.35831e-07
 Reference value :  2.35925e-07
 Reference value :  2.36185e-07
 Reference value :  2.36366e-07
 Reference value :  2.36680e-07
 Reference value :  2.36894e-07
 Reference value :  2.37250e-07
 Reference value :  2.37489e-07
 Reference value :  2.37707e-07
 Reference value :  2.37923e-07
 Reference value :  2.38173e-07
 Reference value :  2.38478e-07
 Reference value :  2.38652e-07
 Reference value :  2.38952e-07
 Reference value :  2.39167e-07
 Reference value :  2.39447e-07
 Reference value :  2.39641e-07
 Reference value :  2.39976e-07
 Reference value :  2.40196e-07
 Reference value :  2.40432e-07
 Reference value :  2.40530e-07
 Reference value :  2.40630e-07
 Reference value :  2.40830e-07
 Reference value :  2.40911e-07
 Reference value :  2.40945e-07
 Reference value :  2.40985e-07
 Reference value :  2.41005e-07
 Reference value :  2.41065e-07
 Reference value :  2.41245e-07
 Reference value :  2.41343e-07
 Reference value :  2.41358e-07
 Reference value :  2.41399e-07
 Reference value :  2.41739e-07
 Reference value :  2.41934e-07
 Reference value :  2.42249e-07
 Reference value :  2.42448e-07
 Reference value :  2.42608e-07
 Reference value :  2.42648e-07
 Reference value :  2.42823e-07
 Reference value :  2.43140e-07
 Reference value :  2.43317e-07
 Reference value :  2.43624e-07
 Reference value :  2.43892e-07
 Reference value :  2.44070e-07
 Reference value :  2.44146e-07
 Reference value :  2.44446e-07
 Reference value :  2.44661e-07
 Reference value :  2.44941e-07
 Reference value :  2.45115e-07
 Reference value :  2.45395e-07
 Reference value :  2.45590e-07
 Reference value :  2.45884e-07
 Reference value :  2.46104e-07
 Reference value :  2.46351e-07
 Reference value :  2.46399e-07
 Reference value :  2.46599e-07
 Reference value :  2.46759e-07
 Reference value :  2.46853e-07
 Reference value :  2.46993e-07
 Reference value :  2.47193e-07
 Reference value :  2.47308e-07
 Reference value :  2.47588e-07
 Reference value :  2.47762e-07
 Reference value :  2.48022e-07
 Reference value :  2.48176e-07
 Reference value :  2.48497e-07
 Reference value :  2.48691e-07
 Reference value :  2.49011e-07
 Reference value :  2.49146e-07
 Reference value :  2.49446e-07
 Reference value :  2.49640e-07
 Reference value :  2.49900e-07
 Reference value :  2.50075e-07
 Reference value :  2.50395e-07
 Reference value :  2.50609e-07
 Reference value :  2.50892e-07
 Reference value :  2.51144e-07
 Reference value :  2.51354e-07
 Reference value :  2.51638e-07
 Reference value :  2.51853e-07
 Reference value :  2.52153e-07
 Reference value :  2.52347e-07
 Reference value :  2.52702e-07
 Reference value :  2.52902e-07
 Reference value :  2.53156e-07
 Reference value :  2.53356e-07
 Reference value :  2.53619e-07
 Reference value :  2.53831e-07
 Reference value :  2.53931e-07
 Reference value :  2.54125e-07
 Reference value :  2.54425e-07
 Reference value :  2.54660e-07
 Reference value :  2.54920e-07
 Reference value :  2.55114e-07
 Reference value :  2.55394e-07
 Reference value :  2.55549e-07
 Reference value :  2.55789e-07
 Reference value :  2.55963e-07
 Reference value :  2.56303e-07
 Reference value :  2.56498e-07
 Reference value :  2.56794e-07
 Reference value :  2.56932e-07
 Reference value :  2.56992e-07
 Reference value :  2.57172e-07
 Reference value :  2.57262e-07
 Reference value :  2.57447e-07
 Reference value :  2.57567e-07
 Reference value :  2.57701e-07
 Reference value :  2.57727e-07
 Reference value :  2.57881e-07
 Reference value :  2.58169e-07
 Reference value :  2.58456e-07
 Reference value :  2.58650e-07
 Reference value :  2.58930e-07
 Reference value :  2.59125e-07
 Reference value :  2.59425e-07
 Reference value :  2.59533e-07
 Reference value :  2.59819e-07
 Reference value :  2.60054e-07
 Reference value :  2.60354e-07
 Reference value :  2.60468e-07
 Reference value :  2.60588e-07
 Reference value :  2.60808e-07
 Reference value :  2.60923e-07
 Reference value :  2.61163e-07
 Reference value :  2.61339e-07
 Reference value :  2.61477e-07
 Reference value :  2.61557e-07
 Reference value :  2.61637e-07
 Reference value :  2.61792e-07
 Reference value :  2.62032e-07
 Reference value :  2.62259e-07
 Reference value :  2.62466e-07
 Reference value :  2.62666e-07
 Reference value :  2.62841e-07
 Reference value :  2.63155e-07
 Reference value :  2.63335e-07
 Reference value :  2.63612e-07
 Reference value :  2.63807e-07
 Reference value :  2.64064e-07
 Reference value :  2.64244e-07
 Reference value :  2.64484e-07
 Reference value :  2.64537e-07
 Reference value :  2.64796e-07
 Reference value :  2.64999e-07
 Reference value :  2.65233e-07
 Reference value :  2.65443e-07
 Reference value :  2.65728e-07
 Reference value :  2.65884e-07
 Reference value :  2.66062e-07
 Reference value :  2.66345e-07
 Reference value :  2.66577e-07
 Reference value :  2.66805e-07
 Reference value :  2.67091e-07
 Reference value :  2.67254e-07
 Reference value :  2.67346e-07
 Reference value :  2.67606e-07
 Reference value :  2.67800e-07
 Reference value :  2.68120e-07
 Reference value :  2.68335e-07
 Reference value :  2.68592e-07
 Reference value :  2.68635e-07
 Reference value :  2.68789e-07
 Reference value :  2.69068e-07
 Reference value :  2.69324e-07
 Reference value :  2.69532e-07
 Reference value :  2.69778e-07
 Reference value :  2.69988e-07
 Reference value :  2.70073e-07
 Reference value :  2.70233e-07
 Reference value :  2.70333e-07
 Reference value :  2.70527e-07
 Reference value :  2.70807e-07
 Reference value :  2.71002e-07
 Reference value :  2.71302e-07
 Reference value :  2.71340e-07
 Reference value :  2.71556e-07
 Reference value :  2.71817e-07
 Reference value :  2.72111e-07
 Reference value :  2.72305e-07
 Reference value :  2.72525e-07
 Reference value :  2.72712e-07
 Reference value :  2.72980e-07
 Reference value :  2.73180e-07
 Reference value :  2.73454e-07
 Reference value :  2.73669e-07
 Reference value :  2.73989e-07
 Reference value :  2.74163e-07
 Reference value :  2.74443e-07
 Reference value :  2.74638e-07
 Reference value :  2.74955e-07
 Reference value :  2.75152e-07
 Reference value :  2.75439e-07
 Reference value :  2.75707e-07
 Reference value :  2.75897e-07
 Reference value :  2.76161e-07
 Reference value :  2.76362e-07
 Reference value :  2.76676e-07
 Reference value :  2.76870e-07
 Reference value :  2.77190e-07
 Reference value :  2.77345e-07
 Reference value :  2.77625e-07
 Reference value :  2.77839e-07
 Reference value :  2.78039e-07
 Reference value :  2.78180e-07
 Reference value :  2.78434e-07
 Reference value :  2.78610e-07
 Reference value :  2.78788e-07
 Reference value :  2.79067e-07
 Reference value :  2.79303e-07
 Reference value :  2.79530e-07
 Reference value :  2.79737e-07
 Reference value :  2.79980e-07
 Reference value :  2.80152e-07
 Reference value :  2.80332e-07
 Reference value :  2.80506e-07
 Reference value :  2.80846e-07
 Reference value :  2.81041e-07
 Reference value :  2.81337e-07
 Reference value :  2.81395e-07
 Reference value :  2.81575e-07
 Reference value :  2.81755e-07
 Reference value :  2.81798e-07
 Reference value :  2.81930e-07
 Reference value :  2.81990e-07
 Reference value :  2.82190e-07
 Reference value :  2.82270e-07
 Reference value :  2.82624e-07
 Reference value :  2.82839e-07
 Reference value :  2.83119e-07
 Reference value :  2.83293e-07
 Reference value :  2.83612e-07
 Reference value :  2.83788e-07
 Reference value :  2.84062e-07
 Reference value :  2.84262e-07
 Reference value :  2.84518e-07
 Reference value :  2.84777e-07
 Reference value :  2.84987e-07
 Reference value :  2.85251e-07
 Reference value :  2.85486e-07
 Reference value :  2.85766e-07
 Reference value :  2.85980e-07
 Reference value :  2.86260e-07
 Reference value :  2.86395e-07
 Reference value :  2.86495e-07
 Reference value :  2.86772e-07
 Reference value :  2.86969e-07
 Reference value :  2.87256e-07
 Reference value :  2.87544e-07
 Reference value :  2.87717e-07
 Reference value :  2.87938e-07
 Reference value :  2.88157e-07
 Reference value :  2.88373e-07
 Reference value :  2.88607e-07
 Reference value :  2.88787e-07
 Reference value :  2.89075e-07
 Reference value :  2.89322e-07
 Reference value :  2.89535e-07
 Reference value :  2.89816e-07
 Reference value :  2.90031e-07
 Reference value :  2.90371e-07
 Reference value :  2.90525e-07
 Reference value :  2.90880e-07
 Reference value :  2.91080e-07
 Reference value :  2.91343e-07
 Reference value :  2.91574e-07
 Reference value :  2.91808e-07
 Reference value :  2.92109e-07
 Reference value :  2.92303e-07
 Reference value :  2.92663e-07
 Reference value :  2.92858e-07
 Reference value :  2.93154e-07
 Reference value :  2.93352e-07
 Reference value :  2.93611e-07
 Reference value :  2.93807e-07
 Reference value :  2.94070e-07
 Reference value :  2.94281e-07
 Reference value :  2.94529e-07
 Reference value :  2.94813e-07
 Reference value :  2.94996e-07
 Reference value :  2.95270e-07
 Reference value :  2.95438e-07
 Reference value :  2.95742e-07
 Reference value :  2.95939e-07
 Reference value :  2.96139e-07
 Reference value :  2.96394e-07
 Reference value :  2.96694e-07
 Reference value :  2.96888e-07
 Reference value :  2.97168e-07
 Reference value :  2.97323e-07
 Reference value :  2.97603e-07
 Reference value :  2.97777e-07
 Reference value :  2.98117e-07
 Reference value :  2.98312e-07
 Reference value :  2.98608e-07
 Reference value :  2.98806e-07
 Reference value :  2.99065e-07
 Reference value :  2.99321e-07
 Reference value :  2.99531e-07
 Reference value :  2.99755e-07
 Reference value :  2.99982e-07
No. of Data Rows : 19790
sim/harness: analysis complete
Note: Simulation executed from .control section 
Note: Starting dynamic gmin stepping
Note: Dynamic gmin stepping completed
