
Note: Compatibility modes selected: hs a


Circuit: ** sch_path: /home/ubuntu/loom-workspaces/sky130-pll/.loom/worktrees/issue-129/sim/divider/testbench/tb_divider.sch

option SCALE: Scale is set to 1e-06 for instance and model parameters
option SCALE: Scale is set to 1e-06 for instance and model parameters
option SCALE: Scale is set to 1e-06 for instance and model parameters
option SCALE: Scale is set to 1e-06 for instance and model parameters
Doing analysis at TEMP = -40.000000 and TNOM = 27.000000

Using KLU as Direct Linear Solver
 Reference value :  0.00000e+00
 Reference value :  3.73000e-11
 Reference value :  2.77300e-10
 Reference value :  4.17300e-10
 Reference value :  5.54125e-10
 Reference value :  7.54125e-10
 Reference value :  9.88625e-10
 Reference value :  1.26862e-09
 Reference value :  1.38212e-09
 Reference value :  1.48312e-09
 Reference value :  1.81925e-09
 Reference value :  2.07762e-09
 Reference value :  2.28500e-09
 Reference value :  2.45212e-09
 Reference value :  2.69212e-09
 Reference value :  2.90662e-09
 Reference value :  3.18275e-09
 Reference value :  3.36112e-09
 Reference value :  3.56112e-09
 Reference value :  3.79563e-09
 Reference value :  4.09862e-09
 Reference value :  4.29013e-09
 Reference value :  4.47013e-09
 Reference value :  4.55312e-09
 Reference value :  4.82463e-09
 Reference value :  5.00052e-09
 Reference value :  5.03542e-09
 Reference value :  5.09542e-09
 Reference value :  5.35542e-09
 Reference value :  5.49362e-09
 Reference value :  5.67363e-09
 Reference value :  5.83363e-09
 Reference value :  5.91225e-09
 Reference value :  6.01400e-09
 Reference value :  6.17000e-09
 Reference value :  6.23000e-09
 Reference value :  6.36675e-09
 Reference value :  6.37813e-09
 Reference value :  6.44263e-09
 Reference value :  6.58263e-09
 Reference value :  6.70263e-09
 Reference value :  6.78263e-09
 Reference value :  6.99713e-09
 Reference value :  7.27575e-09
 Reference value :  7.43163e-09
 Reference value :  7.51163e-09
 Reference value :  7.65162e-09
 Reference value :  7.86612e-09
 Reference value :  8.16356e-09
 Reference value :  8.28062e-09
 Reference value :  8.42062e-09
 Reference value :  8.65413e-09
 Reference value :  8.95512e-09
 Reference value :  9.11562e-09
 Reference value :  9.30962e-09
 Reference value :  9.46962e-09
 Reference value :  9.68413e-09
 Reference value :  1.00002e-08
 Reference value :  1.01386e-08
 Reference value :  1.03586e-08
 Reference value :  1.05531e-08
 Reference value :  1.08331e-08
 Reference value :  1.10476e-08
 Reference value :  1.13276e-08
 Reference value :  1.13811e-08
 Reference value :  1.17021e-08
 Reference value :  1.19166e-08
 Reference value :  1.22366e-08
 Reference value :  1.22840e-08
 Reference value :  1.24711e-08
 Reference value :  1.26311e-08
 Reference value :  1.27656e-08
 Reference value :  1.29656e-08
 Reference value :  1.31842e-08
 Reference value :  1.34401e-08
 Reference value :  1.36536e-08
 Reference value :  1.38546e-08
 Reference value :  1.39346e-08
 Reference value :  1.41491e-08
 Reference value :  1.44291e-08
 Reference value :  1.45591e-08
 Reference value :  1.47436e-08
 Reference value :  1.49985e-08
 Reference value :  1.52381e-08
 Reference value :  1.54681e-08
 Reference value :  1.56126e-08
 Reference value :  1.58526e-08
 Reference value :  1.59871e-08
 Reference value :  1.61071e-08
 Reference value :  1.63806e-08
 Reference value :  1.66016e-08
 Reference value :  1.68316e-08
 Reference value :  1.71361e-08
 Reference value :  1.72859e-08
 Reference value :  1.74883e-08
 Reference value :  1.76083e-08
 Reference value :  1.77406e-08
 Reference value :  1.78051e-08
 Reference value :  1.81251e-08
 Reference value :  1.83196e-08
 Reference value :  1.86345e-08
 Reference value :  1.88541e-08
 Reference value :  1.91039e-08
 Reference value :  1.92863e-08
 Reference value :  1.95063e-08
 Reference value :  1.97031e-08
 Reference value :  2.00017e-08
 Reference value :  2.02376e-08
 Reference value :  2.04537e-08
 Reference value :  2.06721e-08
 Reference value :  2.09219e-08
 Reference value :  2.11643e-08
 Reference value :  2.13653e-08
 Reference value :  2.15011e-08
 Reference value :  2.18172e-08
 Reference value :  2.20156e-08
 Reference value :  2.22830e-08
 Reference value :  2.24901e-08
 Reference value :  2.26701e-08
 Reference value :  2.27495e-08
 Reference value :  2.29023e-08
 Reference value :  2.31808e-08
 Reference value :  2.33591e-08
 Reference value :  2.35791e-08
 Reference value :  2.36377e-08
 Reference value :  2.39136e-08
 Reference value :  2.41281e-08
 Reference value :  2.43881e-08
 Reference value :  2.45490e-08
 Reference value :  2.48003e-08
 Reference value :  2.50100e-08
 Reference value :  2.52171e-08
 Reference value :  2.53971e-08
 Reference value :  2.55116e-08
 Reference value :  2.58891e-08
 Reference value :  2.60861e-08
 Reference value :  2.63261e-08
 Reference value :  2.64183e-08
 Reference value :  2.66983e-08
 Reference value :  2.69151e-08
 Reference value :  2.72526e-08
 Reference value :  2.73696e-08
 Reference value :  2.76296e-08
 Reference value :  2.78641e-08
 Reference value :  2.80641e-08
 Reference value :  2.83163e-08
 Reference value :  2.85563e-08
 Reference value :  2.86521e-08
 Reference value :  2.88131e-08
 Reference value :  2.90531e-08
 Reference value :  2.92476e-08
 Reference value :  2.94876e-08
 Reference value :  2.96221e-08
 Reference value :  2.98221e-08
 Reference value :  3.00366e-08
 Reference value :  3.02966e-08
 Reference value :  3.04596e-08
 Reference value :  3.06111e-08
 Reference value :  3.08311e-08
 Reference value :  3.10256e-08
 Reference value :  3.13431e-08
 Reference value :  3.13686e-08
 Reference value :  3.15601e-08
 Reference value :  3.18231e-08
 Reference value :  3.20146e-08
 Reference value :  3.21746e-08
 Reference value :  3.23491e-08
 Reference value :  3.26891e-08
 Reference value :  3.28036e-08
 Reference value :  3.29436e-08
 Reference value :  3.31919e-08
 Reference value :  3.34381e-08
 Reference value :  3.36903e-08
 Reference value :  3.40503e-08
 Reference value :  3.42671e-08
 Reference value :  3.45246e-08
 Reference value :  3.45816e-08
 Reference value :  3.46416e-08
 Reference value :  3.46816e-08
 Reference value :  3.47216e-08
 Reference value :  3.47616e-08
 Reference value :  3.48016e-08
 Reference value :  3.48416e-08
 Reference value :  3.49965e-08
 Reference value :  3.50961e-08
 Reference value :  3.53361e-08
 Reference value :  3.54696e-08
 Reference value :  3.57306e-08
 Reference value :  3.59189e-08
 Reference value :  3.59311e-08
 Reference value :  3.59851e-08
 Reference value :  3.62251e-08
 Reference value :  3.63725e-08
 Reference value :  3.65196e-08
 Reference value :  3.66196e-08
 Reference value :  3.67396e-08
 Reference value :  3.68741e-08
 Reference value :  3.70341e-08
 Reference value :  3.71141e-08
 Reference value :  3.72815e-08
 Reference value :  3.74063e-08
 Reference value :  3.76463e-08
 Reference value :  3.78031e-08
 Reference value :  3.79831e-08
 Reference value :  3.81780e-08
 Reference value :  3.82776e-08
 Reference value :  3.84576e-08
 Reference value :  3.86450e-08
 Reference value :  3.88121e-08
 Reference value :  3.90521e-08
 Reference value :  3.91666e-08
 Reference value :  3.92266e-08
 Reference value :  3.94866e-08
 Reference value :  3.96411e-08
 Reference value :  3.98411e-08
 Reference value :  4.00085e-08
 Reference value :  4.01156e-08
 Reference value :  4.03756e-08
 Reference value :  4.05901e-08
 Reference value :  4.09050e-08
 Reference value :  4.10823e-08
 Reference value :  4.12623e-08
 Reference value :  4.14191e-08
 Reference value :  4.17391e-08
 Reference value :  4.19136e-08
 Reference value :  4.22136e-08
 Reference value :  4.23681e-08
 Reference value :  4.26481e-08
 Reference value :  4.27826e-08
 Reference value :  4.31226e-08
 Reference value :  4.33571e-08
 Reference value :  4.36445e-08
 Reference value :  4.38716e-08
 Reference value :  4.40999e-08
 Reference value :  4.43261e-08
 Reference value :  4.45561e-08
 Reference value :  4.48806e-08
 Reference value :  4.51151e-08
 Reference value :  4.54151e-08
 Reference value :  4.56273e-08
 Reference value :  4.59058e-08
 Reference value :  4.61641e-08
 Reference value :  4.63846e-08
 Reference value :  4.67586e-08
 Reference value :  4.69531e-08
 Reference value :  4.72692e-08
 Reference value :  4.75076e-08
 Reference value :  4.77350e-08
 Reference value :  4.79621e-08
 Reference value :  4.81904e-08
 Reference value :  4.85166e-08
 Reference value :  4.87311e-08
 Reference value :  4.88911e-08
 Reference value :  4.90880e-08
 Reference value :  4.92833e-08
 Reference value :  4.95539e-08
 Reference value :  4.98401e-08
 Reference value :  5.00746e-08
 Reference value :  5.04146e-08
 Reference value :  5.05891e-08
 Reference value :  5.09078e-08
 Reference value :  5.11236e-08
 Reference value :  5.13719e-08
 Reference value :  5.16181e-08
 Reference value :  5.18281e-08
 Reference value :  5.20726e-08
 Reference value :  5.22931e-08
 Reference value :  5.26271e-08
 Reference value :  5.28193e-08
 Reference value :  5.30993e-08
 Reference value :  5.32761e-08
 Reference value :  5.35961e-08
 Reference value :  5.37506e-08
 Reference value :  5.40867e-08
 Reference value :  5.43051e-08
 Reference value :  5.45481e-08
 Reference value :  5.48196e-08
 Reference value :  5.50131e-08
 Reference value :  5.53341e-08
 Reference value :  5.55486e-08
 Reference value :  5.59035e-08
 Reference value :  5.61231e-08
 Reference value :  5.63713e-08
 Reference value :  5.66953e-08
 Reference value :  5.68721e-08
 Reference value :  5.72121e-08
 Reference value :  5.74266e-08
 Reference value :  5.77227e-08
 Reference value :  5.79611e-08
 Reference value :  5.81911e-08
 Reference value :  5.85156e-08
 Reference value :  5.87301e-08
 Reference value :  5.90850e-08
 Reference value :  5.92846e-08
 Reference value :  5.95520e-08
 Reference value :  5.97991e-08
 Reference value :  6.00126e-08
 Reference value :  6.03336e-08
 Reference value :  6.05481e-08
 Reference value :  6.08681e-08
 Reference value :  6.10226e-08
 Reference value :  6.13401e-08
 Reference value :  6.15171e-08
 Reference value :  6.18201e-08
 Reference value :  6.20716e-08
 Reference value :  6.22921e-08
 Reference value :  6.26461e-08
 Reference value :  6.28406e-08
 Reference value :  6.29606e-08
 Reference value :  6.31880e-08
 Reference value :  6.34751e-08
 Reference value :  6.37096e-08
 Reference value :  6.39896e-08
 Reference value :  6.42241e-08
 Reference value :  6.45402e-08
 Reference value :  6.47586e-08
 Reference value :  6.50060e-08
 Reference value :  6.52931e-08
 Reference value :  6.55276e-08
 Reference value :  6.58676e-08
 Reference value :  6.60821e-08
 Reference value :  6.63590e-08
 Reference value :  6.65943e-08
 Reference value :  6.68249e-08
 Reference value :  6.70911e-08
 Reference value :  6.73256e-08
 Reference value :  6.76656e-08
 Reference value :  6.79001e-08
 Reference value :  6.81787e-08
 Reference value :  6.84146e-08
 Reference value :  6.86446e-08
 Reference value :  6.89691e-08
 Reference value :  6.91436e-08
 Reference value :  6.95211e-08
 Reference value :  6.97581e-08
 Reference value :  7.00081e-08
 Reference value :  7.02926e-08
 Reference value :  7.04731e-08
 Reference value :  7.08071e-08
 Reference value :  7.10016e-08
 Reference value :  7.13577e-08
 Reference value :  7.15961e-08
 Reference value :  7.18261e-08
 Reference value :  7.20306e-08
 Reference value :  7.22306e-08
 Reference value :  7.24251e-08
 Reference value :  7.27237e-08
 Reference value :  7.29996e-08
 Reference value :  7.32141e-08
 Reference value :  7.35341e-08
 Reference value :  7.37463e-08
 Reference value :  7.40649e-08
 Reference value :  7.42631e-08
 Reference value :  7.45380e-08
 Reference value :  7.47553e-08
 Reference value :  7.50111e-08
 Reference value :  7.53321e-08
 Reference value :  7.55466e-08
 Reference value :  7.58466e-08
 Reference value :  7.60611e-08
 Reference value :  7.63560e-08
 Reference value :  7.65756e-08
 Reference value :  7.68256e-08
 Reference value :  7.71501e-08
 Reference value :  7.73646e-08
 Reference value :  7.76246e-08
 Reference value :  7.77991e-08
 Reference value :  7.81191e-08
 Reference value :  7.83536e-08
 Reference value :  7.86366e-08
 Reference value :  7.89081e-08
 Reference value :  7.91426e-08
 Reference value :  7.95026e-08
 Reference value :  7.97371e-08
 Reference value :  8.00054e-08
 Reference value :  8.02916e-08
 Reference value :  8.04861e-08
 Reference value :  8.08261e-08
 Reference value :  8.10606e-08
 Reference value :  8.13636e-08
 Reference value :  8.16351e-08
 Reference value :  8.18673e-08
 Reference value :  8.22073e-08
 Reference value :  8.22796e-08
 Reference value :  8.25641e-08
 Reference value :  8.27986e-08
 Reference value :  8.31561e-08
 Reference value :  8.33731e-08
 Reference value :  8.36361e-08
 Reference value :  8.38076e-08
 Reference value :  8.40837e-08
 Reference value :  8.43221e-08
 Reference value :  8.45556e-08
 Reference value :  8.49166e-08
 Reference value :  8.51511e-08
 Reference value :  8.54541e-08
 Reference value :  8.57256e-08
 Reference value :  8.59191e-08
 Reference value :  8.62401e-08
 Reference value :  8.64546e-08
 Reference value :  8.68107e-08
 Reference value :  8.70291e-08
 Reference value :  8.72765e-08
 Reference value :  8.74836e-08
 Reference value :  8.77310e-08
 Reference value :  8.80181e-08
 Reference value :  8.82126e-08
 Reference value :  8.83726e-08
 Reference value :  8.86400e-08
 Reference value :  8.89071e-08
 Reference value :  8.91616e-08
 Reference value :  8.94616e-08
 Reference value :  8.96561e-08
 Reference value :  8.99561e-08
 Reference value :  9.01083e-08
 Reference value :  9.04083e-08
 Reference value :  9.06251e-08
 Reference value :  9.09134e-08
 Reference value :  9.11396e-08
 Reference value :  9.13731e-08
 Reference value :  9.16741e-08
 Reference value :  9.19086e-08
 Reference value :  9.22635e-08
 Reference value :  9.25031e-08
 Reference value :  9.27576e-08
 Reference value :  9.30776e-08
 Reference value :  9.32921e-08
 Reference value :  9.34321e-08
 Reference value :  9.36666e-08
 Reference value :  9.40066e-08
 Reference value :  9.42411e-08
 Reference value :  9.45397e-08
 Reference value :  9.47956e-08
 Reference value :  9.50039e-08
 Reference value :  9.52901e-08
 Reference value :  9.55046e-08
 Reference value :  9.58446e-08
 Reference value :  9.60791e-08
 Reference value :  9.63621e-08
 Reference value :  9.66336e-08
 Reference value :  9.68271e-08
 Reference value :  9.71081e-08
 Reference value :  9.73003e-08
 Reference value :  9.76003e-08
 Reference value :  9.78371e-08
 Reference value :  9.81546e-08
 Reference value :  9.83316e-08
 Reference value :  9.86091e-08
 Reference value :  9.88261e-08
 Reference value :  9.90944e-08
 Reference value :  9.93606e-08
 Reference value :  9.96151e-08
 Reference value :  9.99351e-08
 Reference value :  1.00130e-07
 Reference value :  1.00444e-07
 Reference value :  1.00664e-07
 Reference value :  1.00925e-07
 Reference value :  1.01259e-07
 Reference value :  1.01453e-07
 Reference value :  1.01693e-07
 Reference value :  1.01888e-07
 Reference value :  1.02245e-07
 Reference value :  1.02362e-07
 Reference value :  1.02662e-07
 Reference value :  1.02897e-07
 Reference value :  1.03180e-07
 Reference value :  1.03411e-07
 Reference value :  1.03634e-07
 Reference value :  1.03906e-07
 Reference value :  1.04160e-07
 Reference value :  1.04500e-07
 Reference value :  1.04715e-07
 Reference value :  1.04998e-07
 Reference value :  1.05069e-07
 Reference value :  1.05089e-07
 Reference value :  1.05349e-07
 Reference value :  1.05541e-07
 Reference value :  1.05899e-07
 Reference value :  1.06118e-07
 Reference value :  1.06357e-07
 Reference value :  1.06433e-07
 Reference value :  1.06693e-07
 Reference value :  1.06887e-07
 Reference value :  1.07207e-07
 Reference value :  1.07462e-07
 Reference value :  1.07735e-07
 Reference value :  1.08016e-07
 Reference value :  1.08251e-07
 Reference value :  1.08571e-07
 Reference value :  1.08785e-07
 Reference value :  1.09080e-07
 Reference value :  1.09320e-07
 Reference value :  1.09550e-07
 Reference value :  1.09854e-07
 Reference value :  1.10089e-07
 Reference value :  1.10389e-07
 Reference value :  1.10603e-07
 Reference value :  1.10902e-07
 Reference value :  1.11178e-07
 Reference value :  1.11432e-07
 Reference value :  1.11732e-07
 Reference value :  1.11967e-07
 Reference value :  1.12263e-07
 Reference value :  1.12461e-07
 Reference value :  1.12729e-07
 Reference value :  1.12773e-07
 Reference value :  1.13113e-07
 Reference value :  1.13330e-07
 Reference value :  1.13633e-07
 Reference value :  1.13865e-07
 Reference value :  1.14098e-07
 Reference value :  1.14419e-07
 Reference value :  1.14634e-07
 Reference value :  1.14988e-07
 Reference value :  1.15228e-07
 Reference value :  1.15469e-07
 Reference value :  1.15783e-07
 Reference value :  1.15997e-07
 Reference value :  1.16297e-07
 Reference value :  1.16532e-07
 Reference value :  1.16815e-07
 Reference value :  1.17086e-07
 Reference value :  1.17341e-07
 Reference value :  1.17641e-07
 Reference value :  1.17855e-07
 Reference value :  1.18170e-07
 Reference value :  1.18410e-07
 Reference value :  1.18650e-07
 Reference value :  1.18984e-07
 Reference value :  1.19219e-07
 Reference value :  1.19535e-07
 Reference value :  1.19753e-07
 Reference value :  1.19893e-07
 Reference value :  1.20048e-07
 Reference value :  1.20288e-07
 Reference value :  1.20482e-07
 Reference value :  1.20802e-07
 Reference value :  1.20977e-07
 Reference value :  1.21277e-07
 Reference value :  1.21367e-07
 Reference value :  1.21551e-07
 Reference value :  1.21818e-07
 Reference value :  1.22106e-07
 Reference value :  1.22320e-07
 Reference value :  1.22660e-07
 Reference value :  1.22855e-07
 Reference value :  1.23152e-07
 Reference value :  1.23369e-07
 Reference value :  1.23636e-07
 Reference value :  1.23924e-07
 Reference value :  1.24118e-07
 Reference value :  1.24418e-07
 Reference value :  1.24593e-07
 Reference value :  1.24970e-07
 Reference value :  1.25167e-07
 Reference value :  1.25450e-07
 Reference value :  1.25682e-07
 Reference value :  1.25910e-07
 Reference value :  1.26176e-07
 Reference value :  1.26363e-07
 Reference value :  1.26691e-07
 Reference value :  1.26925e-07
 Reference value :  1.27260e-07
 Reference value :  1.27480e-07
 Reference value :  1.27718e-07
 Reference value :  1.27894e-07
 Reference value :  1.28170e-07
 Reference value :  1.28409e-07
 Reference value :  1.28649e-07
 Reference value :  1.28983e-07
 Reference value :  1.29198e-07
 Reference value :  1.29478e-07
 Reference value :  1.29672e-07
 Reference value :  1.29988e-07
 Reference value :  1.30067e-07
 Reference value :  1.30407e-07
 Reference value :  1.30641e-07
 Reference value :  1.30909e-07
 Reference value :  1.31176e-07
 Reference value :  1.31390e-07
 Reference value :  1.31710e-07
 Reference value :  1.31902e-07
 Reference value :  1.32259e-07
 Reference value :  1.32479e-07
 Reference value :  1.32729e-07
 Reference value :  1.33011e-07
 Reference value :  1.33248e-07
 Reference value :  1.33568e-07
 Reference value :  1.33803e-07
 Reference value :  1.34086e-07
 Reference value :  1.34357e-07
 Reference value :  1.34592e-07
 Reference value :  1.34932e-07
 Reference value :  1.35126e-07
 Reference value :  1.35366e-07
 Reference value :  1.35581e-07
 Reference value :  1.35899e-07
 Reference value :  1.36155e-07
 Reference value :  1.36376e-07
 Reference value :  1.36690e-07
 Reference value :  1.36904e-07
 Reference value :  1.37242e-07
 Reference value :  1.37479e-07
 Reference value :  1.37732e-07
 Reference value :  1.37833e-07
 Reference value :  1.38151e-07
 Reference value :  1.38368e-07
 Reference value :  1.38626e-07
 Reference value :  1.38882e-07
 Reference value :  1.39117e-07
 Reference value :  1.39437e-07
 Reference value :  1.39671e-07
 Reference value :  1.39987e-07
 Reference value :  1.40226e-07
 Reference value :  1.40454e-07
 Reference value :  1.40740e-07
 Reference value :  1.40975e-07
 Reference value :  1.41332e-07
 Reference value :  1.41509e-07
 Reference value :  1.41804e-07
 Reference value :  1.42024e-07
 Reference value :  1.42267e-07
 Reference value :  1.42498e-07
 Reference value :  1.42725e-07
 Reference value :  1.42933e-07
 Reference value :  1.43183e-07
 Reference value :  1.43467e-07
 Reference value :  1.43682e-07
 Reference value :  1.43942e-07
 Reference value :  1.44176e-07
 Reference value :  1.44496e-07
 Reference value :  1.44671e-07
 Reference value :  1.44987e-07
 Reference value :  1.45205e-07
 Reference value :  1.45453e-07
 Reference value :  1.45720e-07
 Reference value :  1.45934e-07
 Reference value :  1.46254e-07
 Reference value :  1.46469e-07
 Reference value :  1.46805e-07
 Reference value :  1.47023e-07
 Reference value :  1.47271e-07
 Reference value :  1.47555e-07
 Reference value :  1.47772e-07
 Reference value :  1.47892e-07
 Reference value :  1.48180e-07
 Reference value :  1.48424e-07
 Reference value :  1.48647e-07
 Reference value :  1.48981e-07
 Reference value :  1.49136e-07
 Reference value :  1.49496e-07
 Reference value :  1.49730e-07
 Reference value :  1.49986e-07
 Reference value :  1.50225e-07
 Reference value :  1.50452e-07
 Reference value :  1.50699e-07
 Reference value :  1.50907e-07
 Reference value :  1.51234e-07
 Reference value :  1.51408e-07
 Reference value :  1.51748e-07
 Reference value :  1.51923e-07
 Reference value :  1.52223e-07
 Reference value :  1.52437e-07
 Reference value :  1.52724e-07
 Reference value :  1.53012e-07
 Reference value :  1.53226e-07
 Reference value :  1.53526e-07
 Reference value :  1.53761e-07
 Reference value :  1.54058e-07
 Reference value :  1.54275e-07
 Reference value :  1.54542e-07
 Reference value :  1.54850e-07
 Reference value :  1.55024e-07
 Reference value :  1.55364e-07
 Reference value :  1.55599e-07
 Reference value :  1.55893e-07
 Reference value :  1.56113e-07
 Reference value :  1.56361e-07
 Reference value :  1.56688e-07
 Reference value :  1.56902e-07
 Reference value :  1.57257e-07
 Reference value :  1.57477e-07
 Reference value :  1.57725e-07
 Reference value :  1.57991e-07
 Reference value :  1.58192e-07
 Reference value :  1.58546e-07
 Reference value :  1.58740e-07
 Reference value :  1.59058e-07
 Reference value :  1.59235e-07
 Reference value :  1.59531e-07
 Reference value :  1.59729e-07
 Reference value :  1.59997e-07
 Reference value :  1.60344e-07
 Reference value :  1.60558e-07
 Reference value :  1.60894e-07
 Reference value :  1.61093e-07
 Reference value :  1.61356e-07
 Reference value :  1.61547e-07
 Reference value :  1.61806e-07
 Reference value :  1.62082e-07
 Reference value :  1.62296e-07
 Reference value :  1.62636e-07
 Reference value :  1.62848e-07
 Reference value :  1.63167e-07
 Reference value :  1.63405e-07
 Reference value :  1.63638e-07
 Reference value :  1.63977e-07
 Reference value :  1.64194e-07
 Reference value :  1.64530e-07
 Reference value :  1.64709e-07
 Reference value :  1.64984e-07
 Reference value :  1.65143e-07
 Reference value :  1.65421e-07
 Reference value :  1.65598e-07
 Reference value :  1.65894e-07
 Reference value :  1.66092e-07
 Reference value :  1.66347e-07
 Reference value :  1.66527e-07
 Reference value :  1.66805e-07
 Reference value :  1.67041e-07
 Reference value :  1.67269e-07
 Reference value :  1.67536e-07
 Reference value :  1.67790e-07
 Reference value :  1.68090e-07
 Reference value :  1.68285e-07
 Reference value :  1.68585e-07
 Reference value :  1.68799e-07
 Reference value :  1.69082e-07
 Reference value :  1.69374e-07
 Reference value :  1.69588e-07
 Reference value :  1.69888e-07
 Reference value :  1.70123e-07
 Reference value :  1.70439e-07
 Reference value :  1.70677e-07
 Reference value :  1.70911e-07
 Reference value :  1.71192e-07
 Reference value :  1.71372e-07
 Reference value :  1.71706e-07
 Reference value :  1.71941e-07
 Reference value :  1.72259e-07
 Reference value :  1.72515e-07
 Reference value :  1.72729e-07
 Reference value :  1.73050e-07
 Reference value :  1.73224e-07
 Reference value :  1.73504e-07
 Reference value :  1.73719e-07
 Reference value :  1.74056e-07
 Reference value :  1.74273e-07
 Reference value :  1.74493e-07
 Reference value :  1.74648e-07
 Reference value :  1.74928e-07
 Reference value :  1.75122e-07
 Reference value :  1.75441e-07
 Reference value :  1.75657e-07
 Reference value :  1.75905e-07
 Reference value :  1.76171e-07
 Reference value :  1.76386e-07
 Reference value :  1.76666e-07
 Reference value :  1.76800e-07
 Reference value :  1.77020e-07
 Reference value :  1.77267e-07
 Reference value :  1.77575e-07
 Reference value :  1.77789e-07
 Reference value :  1.78089e-07
 Reference value :  1.78304e-07
 Reference value :  1.78618e-07
 Reference value :  1.78818e-07
 Reference value :  1.79086e-07
 Reference value :  1.79410e-07
 Reference value :  1.79627e-07
 Reference value :  1.79965e-07
 Reference value :  1.80162e-07
 Reference value :  1.80445e-07
 Reference value :  1.80696e-07
 Reference value :  1.80891e-07
 Reference value :  1.81131e-07
 Reference value :  1.81361e-07
 Reference value :  1.81665e-07
 Reference value :  1.81840e-07
 Reference value :  1.82100e-07
 Reference value :  1.82294e-07
 Reference value :  1.82594e-07
 Reference value :  1.82789e-07
 Reference value :  1.83109e-07
 Reference value :  1.83343e-07
 Reference value :  1.83626e-07
 Reference value :  1.83898e-07
 Reference value :  1.84091e-07
 Reference value :  1.84412e-07
 Reference value :  1.84647e-07
 Reference value :  1.84983e-07
 Reference value :  1.85221e-07
 Reference value :  1.85455e-07
 Reference value :  1.85776e-07
 Reference value :  1.85930e-07
 Reference value :  1.86270e-07
 Reference value :  1.86505e-07
 Reference value :  1.86799e-07
 Reference value :  1.87019e-07
 Reference value :  1.87269e-07
 Reference value :  1.87574e-07
 Reference value :  1.87768e-07
 Reference value :  1.88028e-07
 Reference value :  1.88203e-07
 Reference value :  1.88483e-07
 Reference value :  1.88657e-07
 Reference value :  1.88937e-07
 Reference value :  1.89152e-07
 Reference value :  1.89412e-07
 Reference value :  1.89586e-07
 Reference value :  1.89846e-07
 Reference value :  1.90061e-07
 Reference value :  1.90401e-07
 Reference value :  1.90655e-07
 Reference value :  1.90903e-07
 Reference value :  1.91170e-07
 Reference value :  1.91384e-07
 Reference value :  1.91684e-07
 Reference value :  1.91939e-07
 Reference value :  1.92255e-07
 Reference value :  1.92493e-07
 Reference value :  1.92734e-07
 Reference value :  1.93068e-07
 Reference value :  1.93322e-07
 Reference value :  1.93600e-07
 Reference value :  1.93797e-07
 Reference value :  1.94073e-07
 Reference value :  1.94311e-07
 Reference value :  1.94563e-07
 Reference value :  1.94923e-07
 Reference value :  1.95100e-07
 Reference value :  1.95436e-07
 Reference value :  1.95675e-07
 Reference value :  1.95903e-07
 Reference value :  1.96169e-07
 Reference value :  1.96363e-07
 Reference value :  1.96704e-07
 Reference value :  1.96898e-07
 Reference value :  1.97218e-07
 Reference value :  1.97393e-07
 Reference value :  1.97673e-07
 Reference value :  1.97887e-07
 Reference value :  1.98170e-07
 Reference value :  1.98462e-07
 Reference value :  1.98696e-07
 Reference value :  1.99016e-07
 Reference value :  1.99251e-07
 Reference value :  1.99529e-07
 Reference value :  1.99765e-07
 Reference value :  1.99995e-07
 Reference value :  2.00160e-07
 Reference value :  2.00438e-07
 Reference value :  2.00694e-07
 Reference value :  2.00949e-07
 Reference value :  2.01289e-07
 Reference value :  2.01503e-07
 Reference value :  2.01802e-07
 Reference value :  2.02078e-07
 Reference value :  2.02312e-07
 Reference value :  2.02672e-07
 Reference value :  2.02867e-07
 Reference value :  2.03161e-07
 Reference value :  2.03281e-07
 Reference value :  2.03599e-07
 Reference value :  2.03836e-07
 Reference value :  2.04086e-07
 Reference value :  2.04390e-07
 Reference value :  2.04605e-07
 Reference value :  2.04925e-07
 Reference value :  2.05119e-07
 Reference value :  2.05435e-07
 Reference value :  2.05694e-07
 Reference value :  2.05914e-07
 Reference value :  2.06268e-07
 Reference value :  2.06483e-07
 Reference value :  2.06799e-07
 Reference value :  2.06977e-07
 Reference value :  2.07264e-07
 Reference value :  2.07572e-07
 Reference value :  2.07806e-07
 Reference value :  2.08144e-07
 Reference value :  2.08341e-07
 Reference value :  2.08624e-07
 Reference value :  2.08875e-07
 Reference value :  2.09110e-07
 Reference value :  2.09490e-07
 Reference value :  2.09704e-07
 Reference value :  2.09994e-07
 Reference value :  2.10196e-07
 Reference value :  2.10442e-07
 Reference value :  2.10673e-07
 Reference value :  2.10896e-07
 Reference value :  2.11128e-07
 Reference value :  2.11358e-07
 Reference value :  2.11642e-07
 Reference value :  2.11857e-07
 Reference value :  2.12097e-07
 Reference value :  2.12277e-07
 Reference value :  2.12591e-07
 Reference value :  2.12806e-07
 Reference value :  2.13126e-07
 Reference value :  2.13380e-07
 Reference value :  2.13616e-07
 Reference value :  2.13855e-07
 Reference value :  2.14083e-07
 Reference value :  2.14369e-07
 Reference value :  2.14584e-07
 Reference value :  2.14944e-07
 Reference value :  2.15178e-07
 Reference value :  2.15441e-07
 Reference value :  2.15753e-07
 Reference value :  2.15967e-07
 Reference value :  2.16287e-07
 Reference value :  2.16522e-07
 Reference value :  2.16805e-07
 Reference value :  2.17076e-07
 Reference value :  2.17270e-07
 Reference value :  2.17591e-07
 Reference value :  2.17745e-07
 Reference value :  2.18065e-07
 Reference value :  2.18260e-07
 Reference value :  2.18597e-07
 Reference value :  2.18794e-07
 Reference value :  2.19070e-07
 Reference value :  2.19249e-07
 Reference value :  2.19469e-07
 Reference value :  2.19703e-07
 Reference value :  2.19986e-07
 Reference value :  2.20198e-07
 Reference value :  2.20446e-07
 Reference value :  2.20732e-07
 Reference value :  2.20967e-07
 Reference value :  2.21307e-07
 Reference value :  2.21541e-07
 Reference value :  2.21809e-07
 Reference value :  2.22096e-07
 Reference value :  2.22310e-07
 Reference value :  2.22630e-07
 Reference value :  2.22865e-07
 Reference value :  2.23163e-07
 Reference value :  2.23399e-07
 Reference value :  2.23633e-07
 Reference value :  2.23954e-07
 Reference value :  2.24148e-07
 Reference value :  2.24468e-07
 Reference value :  2.24703e-07
 Reference value :  2.24990e-07
 Reference value :  2.25277e-07
 Reference value :  2.25469e-07
 Reference value :  2.25809e-07
 Reference value :  2.26006e-07
 Reference value :  2.26306e-07
 Reference value :  2.26501e-07
 Reference value :  2.26804e-07
 Reference value :  2.27075e-07
 Reference value :  2.27276e-07
 Reference value :  2.27590e-07
 Reference value :  2.27804e-07
 Reference value :  2.27884e-07
 Reference value :  2.28172e-07
 Reference value :  2.28459e-07
 Reference value :  2.28713e-07
 Reference value :  2.29051e-07
 Reference value :  2.29248e-07
 Reference value :  2.29524e-07
 Reference value :  2.29762e-07
 Reference value :  2.30003e-07
 Reference value :  2.30377e-07
 Reference value :  2.30611e-07
 Reference value :  2.30894e-07
 Reference value :  2.31166e-07
 Reference value :  2.31366e-07
 Reference value :  2.31700e-07
 Reference value :  2.31935e-07
 Reference value :  2.32262e-07
 Reference value :  2.32549e-07
 Reference value :  2.32764e-07
 Reference value :  2.33104e-07
 Reference value :  2.33278e-07
 Reference value :  2.33578e-07
 Reference value :  2.33753e-07
 Reference value :  2.34069e-07
 Reference value :  2.34307e-07
 Reference value :  2.34541e-07
 Reference value :  2.34822e-07
 Reference value :  2.35016e-07
 Reference value :  2.35296e-07
 Reference value :  2.35491e-07
 Reference value :  2.35851e-07
 Reference value :  2.36045e-07
 Reference value :  2.36145e-07
 Reference value :  2.36359e-07
 Reference value :  2.36660e-07
 Reference value :  2.36874e-07
 Reference value :  2.37214e-07
 Reference value :  2.37449e-07
 Reference value :  2.37716e-07
 Reference value :  2.37983e-07
 Reference value :  2.38218e-07
 Reference value :  2.38578e-07
 Reference value :  2.38792e-07
 Reference value :  2.39075e-07
 Reference value :  2.39347e-07
 Reference value :  2.39540e-07
 Reference value :  2.39881e-07
 Reference value :  2.40116e-07
 Reference value :  2.40434e-07
 Reference value :  2.40690e-07
 Reference value :  2.40911e-07
 Reference value :  2.41225e-07
 Reference value :  2.41399e-07
 Reference value :  2.41699e-07
 Reference value :  2.41894e-07
 Reference value :  2.42231e-07
 Reference value :  2.42468e-07
 Reference value :  2.42711e-07
 Reference value :  2.42923e-07
 Reference value :  2.43166e-07
 Reference value :  2.43297e-07
 Reference value :  2.43616e-07
 Reference value :  2.43872e-07
 Reference value :  2.44126e-07
 Reference value :  2.44446e-07
 Reference value :  2.44681e-07
 Reference value :  2.44975e-07
 Reference value :  2.45215e-07
 Reference value :  2.45445e-07
 Reference value :  2.45790e-07
 Reference value :  2.46024e-07
 Reference value :  2.46339e-07
 Reference value :  2.46559e-07
 Reference value :  2.46806e-07
 Reference value :  2.47073e-07
 Reference value :  2.47288e-07
 Reference value :  2.47668e-07
 Reference value :  2.47902e-07
 Reference value :  2.48172e-07
 Reference value :  2.48477e-07
 Reference value :  2.48671e-07
 Reference value :  2.48931e-07
 Reference value :  2.49146e-07
 Reference value :  2.49520e-07
 Reference value :  2.49720e-07
 Reference value :  2.49988e-07
 Reference value :  2.50275e-07
 Reference value :  2.50469e-07
 Reference value :  2.50809e-07
 Reference value :  2.51024e-07
 Reference value :  2.51351e-07
 Reference value :  2.51618e-07
 Reference value :  2.51819e-07
 Reference value :  2.52153e-07
 Reference value :  2.52347e-07
 Reference value :  2.52685e-07
 Reference value :  2.52902e-07
 Reference value :  2.53170e-07
 Reference value :  2.53396e-07
 Reference value :  2.53651e-07
 Reference value :  2.53991e-07
 Reference value :  2.54185e-07
 Reference value :  2.54520e-07
 Reference value :  2.54740e-07
 Reference value :  2.54993e-07
 Reference value :  2.55294e-07
 Reference value :  2.55529e-07
 Reference value :  2.55866e-07
 Reference value :  2.56043e-07
 Reference value :  2.56338e-07
 Reference value :  2.56518e-07
 Reference value :  2.56801e-07
 Reference value :  2.57032e-07
 Reference value :  2.57266e-07
 Reference value :  2.57547e-07
 Reference value :  2.57741e-07
 Reference value :  2.58061e-07
 Reference value :  2.58256e-07
 Reference value :  2.58610e-07
 Reference value :  2.58830e-07
 Reference value :  2.59077e-07
 Reference value :  2.59345e-07
 Reference value :  2.59559e-07
 Reference value :  2.59899e-07
 Reference value :  2.60000e-07
 Reference value :  2.60354e-07
 Reference value :  2.60508e-07
 Reference value :  2.60748e-07
 Reference value :  2.60902e-07
 Reference value :  2.61163e-07
 Reference value :  2.61350e-07
 Reference value :  2.61537e-07
 Reference value :  2.61793e-07
 Reference value :  2.61992e-07
 Reference value :  2.62259e-07
 Reference value :  2.62526e-07
 Reference value :  2.62761e-07
 Reference value :  2.63155e-07
 Reference value :  2.63355e-07
 Reference value :  2.63628e-07
 Reference value :  2.63907e-07
 Reference value :  2.64124e-07
 Reference value :  2.64424e-07
 Reference value :  2.64636e-07
 Reference value :  2.64975e-07
 Reference value :  2.65193e-07
 Reference value :  2.65447e-07
 Reference value :  2.65688e-07
 Reference value :  2.65908e-07
 Reference value :  2.66202e-07
 Reference value :  2.66417e-07
 Reference value :  2.66597e-07
 Reference value :  2.66851e-07
 Reference value :  2.67191e-07
 Reference value :  2.67386e-07
 Reference value :  2.67701e-07
 Reference value :  2.67900e-07
 Reference value :  2.68168e-07
 Reference value :  2.68495e-07
 Reference value :  2.68749e-07
 Reference value :  2.69064e-07
 Reference value :  2.69264e-07
 Reference value :  2.69532e-07
 Reference value :  2.69818e-07
 Reference value :  2.70053e-07
 Reference value :  2.70410e-07
 Reference value :  2.70647e-07
 Reference value :  2.70897e-07
 Reference value :  2.71162e-07
 Reference value :  2.71376e-07
 Reference value :  2.71616e-07
 Reference value :  2.71851e-07
 Reference value :  2.72211e-07
 Reference value :  2.72445e-07
 Reference value :  2.72545e-07
 Reference value :  2.72760e-07
 Reference value :  2.73080e-07
 Reference value :  2.73274e-07
 Reference value :  2.73610e-07
 Reference value :  2.73849e-07
 Reference value :  2.74082e-07
 Reference value :  2.74403e-07
 Reference value :  2.74638e-07
 Reference value :  2.74972e-07
 Reference value :  2.75152e-07
 Reference value :  2.75439e-07
 Reference value :  2.75707e-07
 Reference value :  2.75961e-07
 Reference value :  2.76281e-07
 Reference value :  2.76516e-07
 Reference value :  2.76794e-07
 Reference value :  2.76990e-07
 Reference value :  2.77260e-07
 Reference value :  2.77585e-07
 Reference value :  2.77839e-07
 Reference value :  2.78155e-07
 Reference value :  2.78394e-07
 Reference value :  2.78622e-07
 Reference value :  2.78868e-07
 Reference value :  2.79063e-07
 Reference value :  2.79223e-07
 Reference value :  2.79521e-07
 Reference value :  2.79757e-07
 Reference value :  2.79991e-07
 Reference value :  2.80272e-07
 Reference value :  2.80466e-07
 Reference value :  2.80786e-07
 Reference value :  2.80981e-07
 Reference value :  2.81318e-07
 Reference value :  2.81535e-07
 Reference value :  2.81798e-07
 Reference value :  2.82070e-07
 Reference value :  2.82270e-07
 Reference value :  2.82564e-07
 Reference value :  2.82779e-07
 Reference value :  2.83136e-07
 Reference value :  2.83333e-07
 Reference value :  2.83620e-07
 Reference value :  2.83908e-07
 Reference value :  2.84162e-07
 Reference value :  2.84500e-07
 Reference value :  2.84697e-07
 Reference value :  2.84980e-07
 Reference value :  2.85211e-07
 Reference value :  2.85452e-07
 Reference value :  2.85806e-07
 Reference value :  2.86040e-07
 Reference value :  2.86343e-07
 Reference value :  2.86595e-07
 Reference value :  2.86802e-07
 Reference value :  2.87009e-07
 Reference value :  2.87257e-07
 Reference value :  2.87524e-07
 Reference value :  2.87778e-07
 Reference value :  2.88118e-07
 Reference value :  2.88293e-07
 Reference value :  2.88590e-07
 Reference value :  2.88787e-07
 Reference value :  2.89075e-07
 Reference value :  2.89382e-07
 Reference value :  2.89636e-07
 Reference value :  2.89972e-07
 Reference value :  2.90191e-07
 Reference value :  2.90439e-07
 Reference value :  2.90705e-07
 Reference value :  2.90940e-07
 Reference value :  2.91300e-07
 Reference value :  2.91514e-07
 Reference value :  2.91802e-07
 Reference value :  2.92069e-07
 Reference value :  2.92283e-07
 Reference value :  2.92583e-07
 Reference value :  2.92818e-07
 Reference value :  2.93152e-07
 Reference value :  2.93392e-07
 Reference value :  2.93647e-07
 Reference value :  2.93947e-07
 Reference value :  2.94121e-07
 Reference value :  2.94441e-07
 Reference value :  2.94573e-07
 Reference value :  2.94893e-07
 Reference value :  2.95130e-07
 Reference value :  2.95427e-07
 Reference value :  2.95662e-07
 Reference value :  2.95895e-07
 Reference value :  2.96219e-07
 Reference value :  2.96434e-07
 Reference value :  2.96754e-07
 Reference value :  2.96968e-07
 Reference value :  2.97255e-07
 Reference value :  2.97503e-07
 Reference value :  2.97711e-07
 Reference value :  2.97977e-07
 Reference value :  2.98212e-07
 Reference value :  2.98572e-07
 Reference value :  2.98806e-07
 Reference value :  2.99074e-07
 Reference value :  2.99361e-07
 Reference value :  2.99575e-07
 Reference value :  2.99915e-07
No. of Data Rows : 19790
sim/harness: analysis complete
Note: Simulation executed from .control section 
Note: Starting dynamic gmin stepping
Note: Dynamic gmin stepping completed
