
Note: Compatibility modes selected: hs a


Circuit: ** sch_path: /home/ubuntu/loom-workspaces/sky130-pll/.loom/worktrees/issue-129/sim/divider/testbench/tb_divider.sch

option SCALE: Scale is set to 1e-06 for instance and model parameters
option SCALE: Scale is set to 1e-06 for instance and model parameters
option SCALE: Scale is set to 1e-06 for instance and model parameters
option SCALE: Scale is set to 1e-06 for instance and model parameters
Doing analysis at TEMP = 125.000000 and TNOM = 27.000000

Using KLU as Direct Linear Solver
 Reference value :  0.00000e+00
 Reference value :  1.37300e-10
 Reference value :  4.58250e-10
 Reference value :  7.14125e-10
 Reference value :  9.34625e-10
 Reference value :  1.26862e-09
 Reference value :  1.48312e-09
 Reference value :  1.82612e-09
 Reference value :  2.11762e-09
 Reference value :  2.35212e-09
 Reference value :  2.72700e-09
 Reference value :  2.94662e-09
 Reference value :  3.20712e-09
 Reference value :  3.34112e-09
 Reference value :  3.63975e-09
 Reference value :  3.67563e-09
 Reference value :  4.03563e-09
 Reference value :  4.29013e-09
 Reference value :  4.55837e-09
 Reference value :  4.88463e-09
 Reference value :  5.01276e-09
 Reference value :  5.31542e-09
 Reference value :  5.51363e-09
 Reference value :  5.85363e-09
 Reference value :  6.05000e-09
 Reference value :  6.36300e-09
 Reference value :  6.62263e-09
 Reference value :  6.83000e-09
 Reference value :  7.11713e-09
 Reference value :  7.33163e-09
 Reference value :  7.65162e-09
 Reference value :  7.86612e-09
 Reference value :  8.08612e-09
 Reference value :  8.32062e-09
 Reference value :  8.63675e-09
 Reference value :  8.89512e-09
 Reference value :  9.12962e-09
 Reference value :  9.44962e-09
 Reference value :  9.68413e-09
 Reference value :  1.00071e-08
 Reference value :  1.02986e-08
 Reference value :  1.05131e-08
 Reference value :  1.08531e-08
 Reference value :  1.10876e-08
 Reference value :  1.13750e-08
 Reference value :  1.16621e-08
 Reference value :  1.18566e-08
 Reference value :  1.21566e-08
 Reference value :  1.23511e-08
 Reference value :  1.27086e-08
 Reference value :  1.29456e-08
 Reference value :  1.31939e-08
 Reference value :  1.35001e-08
 Reference value :  1.36484e-08
 Reference value :  1.39546e-08
 Reference value :  1.41491e-08
 Reference value :  1.44691e-08
 Reference value :  1.47036e-08
 Reference value :  1.50023e-08
 Reference value :  1.52781e-08
 Reference value :  1.54786e-08
 Reference value :  1.58126e-08
 Reference value :  1.60071e-08
 Reference value :  1.63632e-08
 Reference value :  1.66216e-08
 Reference value :  1.68421e-08
 Reference value :  1.71961e-08
 Reference value :  1.74283e-08
 Reference value :  1.77380e-08
 Reference value :  1.79851e-08
 Reference value :  1.82196e-08
 Reference value :  1.85996e-08
 Reference value :  1.88141e-08
 Reference value :  1.91039e-08
 Reference value :  1.93863e-08
 Reference value :  1.96231e-08
 Reference value :  1.99431e-08
 Reference value :  2.01776e-08
 Reference value :  2.04650e-08
 Reference value :  2.07521e-08
 Reference value :  2.10043e-08
 Reference value :  2.12843e-08
 Reference value :  2.15011e-08
 Reference value :  2.17811e-08
 Reference value :  2.20156e-08
 Reference value :  2.22839e-08
 Reference value :  2.25901e-08
 Reference value :  2.28223e-08
 Reference value :  2.30223e-08
 Reference value :  2.32591e-08
 Reference value :  2.35391e-08
 Reference value :  2.37736e-08
 Reference value :  2.40966e-08
 Reference value :  2.43681e-08
 Reference value :  2.46003e-08
 Reference value :  2.49603e-08
 Reference value :  2.51571e-08
 Reference value :  2.54532e-08
 Reference value :  2.57116e-08
 Reference value :  2.59251e-08
 Reference value :  2.62661e-08
 Reference value :  2.64783e-08
 Reference value :  2.68155e-08
 Reference value :  2.70151e-08
 Reference value :  2.72825e-08
 Reference value :  2.76096e-08
 Reference value :  2.78041e-08
 Reference value :  2.81441e-08
 Reference value :  2.83563e-08
 Reference value :  2.86373e-08
 Reference value :  2.88731e-08
 Reference value :  2.91005e-08
 Reference value :  2.93876e-08
 Reference value :  2.95681e-08
 Reference value :  2.97221e-08
 Reference value :  3.00008e-08
 Reference value :  3.02566e-08
 Reference value :  3.04911e-08
 Reference value :  3.07911e-08
 Reference value :  3.10056e-08
 Reference value :  3.13256e-08
 Reference value :  3.15401e-08
 Reference value :  3.18231e-08
 Reference value :  3.20946e-08
 Reference value :  3.23291e-08
 Reference value :  3.26491e-08
 Reference value :  3.28836e-08
 Reference value :  3.31910e-08
 Reference value :  3.34781e-08
 Reference value :  3.37103e-08
 Reference value :  3.40689e-08
 Reference value :  3.42871e-08
 Reference value :  3.45571e-08
 Reference value :  3.48616e-08
 Reference value :  3.50761e-08
 Reference value :  3.54336e-08
 Reference value :  3.56506e-08
 Reference value :  3.59241e-08
 Reference value :  3.62251e-08
 Reference value :  3.64596e-08
 Reference value :  3.67796e-08
 Reference value :  3.69741e-08
 Reference value :  3.72690e-08
 Reference value :  3.74863e-08
 Reference value :  3.77421e-08
 Reference value :  3.80631e-08
 Reference value :  3.82776e-08
 Reference value :  3.86151e-08
 Reference value :  3.87721e-08
 Reference value :  3.90521e-08
 Reference value :  3.91266e-08
 Reference value :  3.95066e-08
 Reference value :  3.97211e-08
 Reference value :  4.00094e-08
 Reference value :  4.03156e-08
 Reference value :  4.05301e-08
 Reference value :  4.08301e-08
 Reference value :  4.10823e-08
 Reference value :  4.13729e-08
 Reference value :  4.16391e-08
 Reference value :  4.18936e-08
 Reference value :  4.22336e-08
 Reference value :  4.24481e-08
 Reference value :  4.27364e-08
 Reference value :  4.30426e-08
 Reference value :  4.32571e-08
 Reference value :  4.35571e-08
 Reference value :  4.37716e-08
 Reference value :  4.40877e-08
 Reference value :  4.43061e-08
 Reference value :  4.45544e-08
 Reference value :  4.48606e-08
 Reference value :  4.50951e-08
 Reference value :  4.54326e-08
 Reference value :  4.56673e-08
 Reference value :  4.59196e-08
 Reference value :  4.62441e-08
 Reference value :  4.64786e-08
 Reference value :  4.68173e-08
 Reference value :  4.70731e-08
 Reference value :  4.72331e-08
 Reference value :  4.74676e-08
 Reference value :  4.77225e-08
 Reference value :  4.79421e-08
 Reference value :  4.81956e-08
 Reference value :  4.85366e-08
 Reference value :  4.87711e-08
 Reference value :  4.90860e-08
 Reference value :  4.92833e-08
 Reference value :  4.95418e-08
 Reference value :  4.98001e-08
 Reference value :  5.00346e-08
 Reference value :  5.04146e-08
 Reference value :  5.06291e-08
 Reference value :  5.09165e-08
 Reference value :  5.12036e-08
 Reference value :  5.13981e-08
 Reference value :  5.17181e-08
 Reference value :  5.19126e-08
 Reference value :  5.22675e-08
 Reference value :  5.25071e-08
 Reference value :  5.27369e-08
 Reference value :  5.30393e-08
 Reference value :  5.32361e-08
 Reference value :  5.35561e-08
 Reference value :  5.37506e-08
 Reference value :  5.40936e-08
 Reference value :  5.43651e-08
 Reference value :  5.45586e-08
 Reference value :  5.48996e-08
 Reference value :  5.50941e-08
 Reference value :  5.54490e-08
 Reference value :  5.56286e-08
 Reference value :  5.59169e-08
 Reference value :  5.62031e-08
 Reference value :  5.64153e-08
 Reference value :  5.67939e-08
 Reference value :  5.69921e-08
 Reference value :  5.72795e-08
 Reference value :  5.75066e-08
 Reference value :  5.76266e-08
 Reference value :  5.78411e-08
 Reference value :  5.81586e-08
 Reference value :  5.83756e-08
 Reference value :  5.86439e-08
 Reference value :  5.89501e-08
 Reference value :  5.91646e-08
 Reference value :  5.94846e-08
 Reference value :  5.97191e-08
 Reference value :  6.00021e-08
 Reference value :  6.03136e-08
 Reference value :  6.05081e-08
 Reference value :  6.08481e-08
 Reference value :  6.10426e-08
 Reference value :  6.13575e-08
 Reference value :  6.15971e-08
 Reference value :  6.18271e-08
 Reference value :  6.21916e-08
 Reference value :  6.24061e-08
 Reference value :  6.27291e-08
 Reference value :  6.29806e-08
 Reference value :  6.31906e-08
 Reference value :  6.34751e-08
 Reference value :  6.36434e-08
 Reference value :  6.38696e-08
 Reference value :  6.40996e-08
 Reference value :  6.44041e-08
 Reference value :  6.45786e-08
 Reference value :  6.49186e-08
 Reference value :  6.51331e-08
 Reference value :  6.54492e-08
 Reference value :  6.57276e-08
 Reference value :  6.59421e-08
 Reference value :  6.62421e-08
 Reference value :  6.64743e-08
 Reference value :  6.67743e-08
 Reference value :  6.69711e-08
 Reference value :  6.72672e-08
 Reference value :  6.75256e-08
 Reference value :  6.77601e-08
 Reference value :  6.81201e-08
 Reference value :  6.83146e-08
 Reference value :  6.86307e-08
 Reference value :  6.88691e-08
 Reference value :  6.91096e-08
 Reference value :  6.94836e-08
 Reference value :  6.97181e-08
 Reference value :  7.00064e-08
 Reference value :  7.02926e-08
 Reference value :  7.05271e-08
 Reference value :  7.08271e-08
 Reference value :  7.10616e-08
 Reference value :  7.13646e-08
 Reference value :  7.15761e-08
 Reference value :  7.18244e-08
 Reference value :  7.18906e-08
 Reference value :  7.22306e-08
 Reference value :  7.24451e-08
 Reference value :  7.27325e-08
 Reference value :  7.30396e-08
 Reference value :  7.32541e-08
 Reference value :  7.35941e-08
 Reference value :  7.37263e-08
 Reference value :  7.39463e-08
 Reference value :  7.40960e-08
 Reference value :  7.43631e-08
 Reference value :  7.45625e-08
 Reference value :  7.48953e-08
 Reference value :  7.51321e-08
 Reference value :  7.54482e-08
 Reference value :  7.56666e-08
 Reference value :  7.59140e-08
 Reference value :  7.61811e-08
 Reference value :  7.63816e-08
 Reference value :  7.67556e-08
 Reference value :  7.69901e-08
 Reference value :  7.72775e-08
 Reference value :  7.75646e-08
 Reference value :  7.77591e-08
 Reference value :  7.81391e-08
 Reference value :  7.83536e-08
 Reference value :  7.86419e-08
 Reference value :  7.89081e-08
 Reference value :  7.91426e-08
 Reference value :  7.95201e-08
 Reference value :  7.97171e-08
 Reference value :  8.00054e-08
 Reference value :  8.02916e-08
 Reference value :  8.05261e-08
 Reference value :  8.08461e-08
 Reference value :  8.11006e-08
 Reference value :  8.13706e-08
 Reference value :  8.16751e-08
 Reference value :  8.19273e-08
 Reference value :  8.22459e-08
 Reference value :  8.24641e-08
 Reference value :  8.27227e-08
 Reference value :  8.27586e-08
 Reference value :  8.31386e-08
 Reference value :  8.33531e-08
 Reference value :  8.36405e-08
 Reference value :  8.38876e-08
 Reference value :  8.41221e-08
 Reference value :  8.44421e-08
 Reference value :  8.46766e-08
 Reference value :  8.49927e-08
 Reference value :  8.52311e-08
 Reference value :  8.54856e-08
 Reference value :  8.58056e-08
 Reference value :  8.59601e-08
 Reference value :  8.62601e-08
 Reference value :  8.64946e-08
 Reference value :  8.68176e-08
 Reference value :  8.70891e-08
 Reference value :  8.73236e-08
 Reference value :  8.76036e-08
 Reference value :  8.77781e-08
 Reference value :  8.81381e-08
 Reference value :  8.83726e-08
 Reference value :  8.86409e-08
 Reference value :  8.89471e-08
 Reference value :  8.91616e-08
 Reference value :  8.95016e-08
 Reference value :  8.96761e-08
 Reference value :  8.99910e-08
 Reference value :  9.02483e-08
 Reference value :  9.04641e-08
 Reference value :  9.08051e-08
 Reference value :  9.09996e-08
 Reference value :  9.13371e-08
 Reference value :  9.15341e-08
 Reference value :  9.18224e-08
 Reference value :  9.21686e-08
 Reference value :  9.23831e-08
 Reference value :  9.27217e-08
 Reference value :  9.29776e-08
 Reference value :  9.31981e-08
 Reference value :  9.34921e-08
 Reference value :  9.37266e-08
 Reference value :  9.40827e-08
 Reference value :  9.43011e-08
 Reference value :  9.45546e-08
 Reference value :  9.48556e-08
 Reference value :  9.50901e-08
 Reference value :  9.54276e-08
 Reference value :  9.56646e-08
 Reference value :  9.59251e-08
 Reference value :  9.62791e-08
 Reference value :  9.65136e-08
 Reference value :  9.66736e-08
 Reference value :  9.68341e-08
 Reference value :  9.71281e-08
 Reference value :  9.73403e-08
 Reference value :  9.76989e-08
 Reference value :  9.79371e-08
 Reference value :  9.81871e-08
 Reference value :  9.84716e-08
 Reference value :  9.87061e-08
 Reference value :  9.88861e-08
 Reference value :  9.90935e-08
 Reference value :  9.93206e-08
 Reference value :  9.95436e-08
 Reference value :  9.97151e-08
 Reference value :  9.99551e-08
 Reference value :  1.00070e-07
 Reference value :  1.00310e-07
 Reference value :  1.00504e-07
 Reference value :  1.00844e-07
 Reference value :  1.01099e-07
 Reference value :  1.01369e-07
 Reference value :  1.01673e-07
 Reference value :  1.01908e-07
 Reference value :  1.02262e-07
 Reference value :  1.02482e-07
 Reference value :  1.02732e-07
 Reference value :  1.03057e-07
 Reference value :  1.03271e-07
 Reference value :  1.03626e-07
 Reference value :  1.03866e-07
 Reference value :  1.04099e-07
 Reference value :  1.04440e-07
 Reference value :  1.04655e-07
 Reference value :  1.04989e-07
 Reference value :  1.05189e-07
 Reference value :  1.05459e-07
 Reference value :  1.05801e-07
 Reference value :  1.05998e-07
 Reference value :  1.06353e-07
 Reference value :  1.06553e-07
 Reference value :  1.06821e-07
 Reference value :  1.07107e-07
 Reference value :  1.07362e-07
 Reference value :  1.07718e-07
 Reference value :  1.07956e-07
 Reference value :  1.08211e-07
 Reference value :  1.08551e-07
 Reference value :  1.08725e-07
 Reference value :  1.08845e-07
 Reference value :  1.09099e-07
 Reference value :  1.09460e-07
 Reference value :  1.09654e-07
 Reference value :  1.09993e-07
 Reference value :  1.10209e-07
 Reference value :  1.10459e-07
 Reference value :  1.10763e-07
 Reference value :  1.11018e-07
 Reference value :  1.11354e-07
 Reference value :  1.11592e-07
 Reference value :  1.11847e-07
 Reference value :  1.12167e-07
 Reference value :  1.12401e-07
 Reference value :  1.12699e-07
 Reference value :  1.12953e-07
 Reference value :  1.13196e-07
 Reference value :  1.13530e-07
 Reference value :  1.13705e-07
 Reference value :  1.14005e-07
 Reference value :  1.14239e-07
 Reference value :  1.14538e-07
 Reference value :  1.14814e-07
 Reference value :  1.15048e-07
 Reference value :  1.15388e-07
 Reference value :  1.15623e-07
 Reference value :  1.15901e-07
 Reference value :  1.16157e-07
 Reference value :  1.16392e-07
 Reference value :  1.16772e-07
 Reference value :  1.17006e-07
 Reference value :  1.17262e-07
 Reference value :  1.17501e-07
 Reference value :  1.17731e-07
 Reference value :  1.18035e-07
 Reference value :  1.18250e-07
 Reference value :  1.18624e-07
 Reference value :  1.18844e-07
 Reference value :  1.19105e-07
 Reference value :  1.19399e-07
 Reference value :  1.19593e-07
 Reference value :  1.19913e-07
 Reference value :  1.20108e-07
 Reference value :  1.20444e-07
 Reference value :  1.20682e-07
 Reference value :  1.20916e-07
 Reference value :  1.21237e-07
 Reference value :  1.21391e-07
 Reference value :  1.21691e-07
 Reference value :  1.21886e-07
 Reference value :  1.22260e-07
 Reference value :  1.22460e-07
 Reference value :  1.22728e-07
 Reference value :  1.23035e-07
 Reference value :  1.23229e-07
 Reference value :  1.23589e-07
 Reference value :  1.23804e-07
 Reference value :  1.24094e-07
 Reference value :  1.24378e-07
 Reference value :  1.24546e-07
 Reference value :  1.24559e-07
 Reference value :  1.24593e-07
 Reference value :  1.24633e-07
 Reference value :  1.24673e-07
 Reference value :  1.24813e-07
 Reference value :  1.25047e-07
 Reference value :  1.25407e-07
 Reference value :  1.25502e-07
 Reference value :  1.25842e-07
 Reference value :  1.25910e-07
 Reference value :  1.26216e-07
 Reference value :  1.26411e-07
 Reference value :  1.26788e-07
 Reference value :  1.27025e-07
 Reference value :  1.27279e-07
 Reference value :  1.27540e-07
 Reference value :  1.27740e-07
 Reference value :  1.28054e-07
 Reference value :  1.28269e-07
 Reference value :  1.28625e-07
 Reference value :  1.28863e-07
 Reference value :  1.29097e-07
 Reference value :  1.29418e-07
 Reference value :  1.29652e-07
 Reference value :  1.29988e-07
 Reference value :  1.30207e-07
 Reference value :  1.30467e-07
 Reference value :  1.30781e-07
 Reference value :  1.31036e-07
 Reference value :  1.31333e-07
 Reference value :  1.31570e-07
 Reference value :  1.31823e-07
 Reference value :  1.32142e-07
 Reference value :  1.32359e-07
 Reference value :  1.32519e-07
 Reference value :  1.32771e-07
 Reference value :  1.33071e-07
 Reference value :  1.33308e-07
 Reference value :  1.33631e-07
 Reference value :  1.33863e-07
 Reference value :  1.34103e-07
 Reference value :  1.34437e-07
 Reference value :  1.34672e-07
 Reference value :  1.34987e-07
 Reference value :  1.35206e-07
 Reference value :  1.35449e-07
 Reference value :  1.35721e-07
 Reference value :  1.35955e-07
 Reference value :  1.36275e-07
 Reference value :  1.36510e-07
 Reference value :  1.36806e-07
 Reference value :  1.37064e-07
 Reference value :  1.37299e-07
 Reference value :  1.37659e-07
 Reference value :  1.37873e-07
 Reference value :  1.38053e-07
 Reference value :  1.38208e-07
 Reference value :  1.38528e-07
 Reference value :  1.38742e-07
 Reference value :  1.39078e-07
 Reference value :  1.39317e-07
 Reference value :  1.39571e-07
 Reference value :  1.39871e-07
 Reference value :  1.40106e-07
 Reference value :  1.40406e-07
 Reference value :  1.40640e-07
 Reference value :  1.40908e-07
 Reference value :  1.41235e-07
 Reference value :  1.41449e-07
 Reference value :  1.41787e-07
 Reference value :  1.42024e-07
 Reference value :  1.42271e-07
 Reference value :  1.42538e-07
 Reference value :  1.42732e-07
 Reference value :  1.43073e-07
 Reference value :  1.43287e-07
 Reference value :  1.43605e-07
 Reference value :  1.43822e-07
 Reference value :  1.44085e-07
 Reference value :  1.44336e-07
 Reference value :  1.44550e-07
 Reference value :  1.44911e-07
 Reference value :  1.45145e-07
 Reference value :  1.45441e-07
 Reference value :  1.45620e-07
 Reference value :  1.45898e-07
 Reference value :  1.46174e-07
 Reference value :  1.46389e-07
 Reference value :  1.46749e-07
 Reference value :  1.46983e-07
 Reference value :  1.47270e-07
 Reference value :  1.47335e-07
 Reference value :  1.47675e-07
 Reference value :  1.47892e-07
 Reference value :  1.48180e-07
 Reference value :  1.48464e-07
 Reference value :  1.48681e-07
 Reference value :  1.49001e-07
 Reference value :  1.49256e-07
 Reference value :  1.49543e-07
 Reference value :  1.49830e-07
 Reference value :  1.50065e-07
 Reference value :  1.50405e-07
 Reference value :  1.50619e-07
 Reference value :  1.50898e-07
 Reference value :  1.51174e-07
 Reference value :  1.51388e-07
 Reference value :  1.51748e-07
 Reference value :  1.51923e-07
 Reference value :  1.52257e-07
 Reference value :  1.52477e-07
 Reference value :  1.52738e-07
 Reference value :  1.53112e-07
 Reference value :  1.53266e-07
 Reference value :  1.53622e-07
 Reference value :  1.53801e-07
 Reference value :  1.54084e-07
 Reference value :  1.54215e-07
 Reference value :  1.54530e-07
 Reference value :  1.54730e-07
 Reference value :  1.55003e-07
 Reference value :  1.55344e-07
 Reference value :  1.55539e-07
 Reference value :  1.55876e-07
 Reference value :  1.56073e-07
 Reference value :  1.56356e-07
 Reference value :  1.56588e-07
 Reference value :  1.56818e-07
 Reference value :  1.57142e-07
 Reference value :  1.57377e-07
 Reference value :  1.57694e-07
 Reference value :  1.57911e-07
 Reference value :  1.58178e-07
 Reference value :  1.58406e-07
 Reference value :  1.58646e-07
 Reference value :  1.58980e-07
 Reference value :  1.59175e-07
 Reference value :  1.59512e-07
 Reference value :  1.59709e-07
 Reference value :  1.59996e-07
 Reference value :  1.60284e-07
 Reference value :  1.60518e-07
 Reference value :  1.60858e-07
 Reference value :  1.61093e-07
 Reference value :  1.61347e-07
 Reference value :  1.61567e-07
 Reference value :  1.61817e-07
 Reference value :  1.62122e-07
 Reference value :  1.62356e-07
 Reference value :  1.62676e-07
 Reference value :  1.62868e-07
 Reference value :  1.63167e-07
 Reference value :  1.63385e-07
 Reference value :  1.63644e-07
 Reference value :  1.63977e-07
 Reference value :  1.64214e-07
 Reference value :  1.64530e-07
 Reference value :  1.64789e-07
 Reference value :  1.65002e-07
 Reference value :  1.65283e-07
 Reference value :  1.65498e-07
 Reference value :  1.65818e-07
 Reference value :  1.65906e-07
 Reference value :  1.66192e-07
 Reference value :  1.66407e-07
 Reference value :  1.66727e-07
 Reference value :  1.66941e-07
 Reference value :  1.67257e-07
 Reference value :  1.67496e-07
 Reference value :  1.67750e-07
 Reference value :  1.68070e-07
 Reference value :  1.68205e-07
 Reference value :  1.68525e-07
 Reference value :  1.68659e-07
 Reference value :  1.68919e-07
 Reference value :  1.69134e-07
 Reference value :  1.69511e-07
 Reference value :  1.69708e-07
 Reference value :  1.69995e-07
 Reference value :  1.70263e-07
 Reference value :  1.70477e-07
 Reference value :  1.70857e-07
 Reference value :  1.71052e-07
 Reference value :  1.71355e-07
 Reference value :  1.71606e-07
 Reference value :  1.71841e-07
 Reference value :  1.72181e-07
 Reference value :  1.72415e-07
 Reference value :  1.72722e-07
 Reference value :  1.72990e-07
 Reference value :  1.73224e-07
 Reference value :  1.73524e-07
 Reference value :  1.73759e-07
 Reference value :  1.74077e-07
 Reference value :  1.74333e-07
 Reference value :  1.74568e-07
 Reference value :  1.74808e-07
 Reference value :  1.75008e-07
 Reference value :  1.75182e-07
 Reference value :  1.75445e-07
 Reference value :  1.75697e-07
 Reference value :  1.75931e-07
 Reference value :  1.76291e-07
 Reference value :  1.76486e-07
 Reference value :  1.76783e-07
 Reference value :  1.76980e-07
 Reference value :  1.77267e-07
 Reference value :  1.77555e-07
 Reference value :  1.77769e-07
 Reference value :  1.78129e-07
 Reference value :  1.78324e-07
 Reference value :  1.78627e-07
 Reference value :  1.78898e-07
 Reference value :  1.79150e-07
 Reference value :  1.79410e-07
 Reference value :  1.79627e-07
 Reference value :  1.79965e-07
 Reference value :  1.80202e-07
 Reference value :  1.80445e-07
 Reference value :  1.80676e-07
 Reference value :  1.80906e-07
 Reference value :  1.81231e-07
 Reference value :  1.81445e-07
 Reference value :  1.81783e-07
 Reference value :  1.82020e-07
 Reference value :  1.82256e-07
 Reference value :  1.82514e-07
 Reference value :  1.82749e-07
 Reference value :  1.83089e-07
 Reference value :  1.83303e-07
 Reference value :  1.83619e-07
 Reference value :  1.83878e-07
 Reference value :  1.84088e-07
 Reference value :  1.84372e-07
 Reference value :  1.84542e-07
 Reference value :  1.84727e-07
 Reference value :  1.84990e-07
 Reference value :  1.85121e-07
 Reference value :  1.85440e-07
 Reference value :  1.85676e-07
 Reference value :  1.85916e-07
 Reference value :  1.86270e-07
 Reference value :  1.86505e-07
 Reference value :  1.86803e-07
 Reference value :  1.86859e-07
 Reference value :  1.87219e-07
 Reference value :  1.87354e-07
 Reference value :  1.87654e-07
 Reference value :  1.87724e-07
 Reference value :  1.87888e-07
 Reference value :  1.88163e-07
 Reference value :  1.88383e-07
 Reference value :  1.88633e-07
 Reference value :  1.88957e-07
 Reference value :  1.89172e-07
 Reference value :  1.89392e-07
 Reference value :  1.89526e-07
 Reference value :  1.89746e-07
 Reference value :  1.89996e-07
 Reference value :  1.90321e-07
 Reference value :  1.90555e-07
 Reference value :  1.90873e-07
 Reference value :  1.91010e-07
 Reference value :  1.91210e-07
 Reference value :  1.91384e-07
 Reference value :  1.91744e-07
 Reference value :  1.91959e-07
 Reference value :  1.92267e-07
 Reference value :  1.92533e-07
 Reference value :  1.92788e-07
 Reference value :  1.92948e-07
 Reference value :  1.93171e-07
 Reference value :  1.93422e-07
 Reference value :  1.93657e-07
 Reference value :  1.93997e-07
 Reference value :  1.94191e-07
 Reference value :  1.94528e-07
 Reference value :  1.94723e-07
 Reference value :  1.94883e-07
 Reference value :  1.94982e-07
 Reference value :  1.95220e-07
 Reference value :  1.95454e-07
 Reference value :  1.95515e-07
 Reference value :  1.95655e-07
 Reference value :  1.95902e-07
 Reference value :  1.96169e-07
 Reference value :  1.96370e-07
 Reference value :  1.96744e-07
 Reference value :  1.96918e-07
 Reference value :  1.97158e-07
 Reference value :  1.97257e-07
 Reference value :  1.97453e-07
 Reference value :  1.97720e-07
 Reference value :  1.98007e-07
 Reference value :  1.98242e-07
 Reference value :  1.98599e-07
 Reference value :  1.98635e-07
 Reference value :  1.98656e-07
 Reference value :  1.98836e-07
 Reference value :  1.99086e-07
 Reference value :  1.99411e-07
 Reference value :  1.99645e-07
 Reference value :  1.99865e-07
 Reference value :  1.99999e-07
 Reference value :  2.00260e-07
 Reference value :  2.00474e-07
 Reference value :  2.00794e-07
 Reference value :  2.01029e-07
 Reference value :  2.01289e-07
 Reference value :  2.01403e-07
 Reference value :  2.01743e-07
 Reference value :  2.01958e-07
 Reference value :  2.02138e-07
 Reference value :  2.02235e-07
 Reference value :  2.02266e-07
 Reference value :  2.02392e-07
 Reference value :  2.02652e-07
 Reference value :  2.02747e-07
 Reference value :  2.03027e-07
 Reference value :  2.03177e-07
 Reference value :  2.03381e-07
 Reference value :  2.03541e-07
 Reference value :  2.03676e-07
 Reference value :  2.03916e-07
 Reference value :  2.03956e-07
 Reference value :  2.04072e-07
 Reference value :  2.04084e-07
 Reference value :  2.04290e-07
 Reference value :  2.04544e-07
 Reference value :  2.04805e-07
 Reference value :  2.05019e-07
 Reference value :  2.05359e-07
 Reference value :  2.05494e-07
 Reference value :  2.05714e-07
 Reference value :  2.05928e-07
 Reference value :  2.06288e-07
 Reference value :  2.06383e-07
 Reference value :  2.06723e-07
 Reference value :  2.06937e-07
 Reference value :  2.07117e-07
 Reference value :  2.07265e-07
 Reference value :  2.07532e-07
 Reference value :  2.07766e-07
 Reference value :  2.08086e-07
 Reference value :  2.08281e-07
 Reference value :  2.08598e-07
 Reference value :  2.08795e-07
 Reference value :  2.08915e-07
 Reference value :  2.09110e-07
 Reference value :  2.09450e-07
 Reference value :  2.09604e-07
 Reference value :  2.09924e-07
 Reference value :  2.10096e-07
 Reference value :  2.10415e-07
 Reference value :  2.10613e-07
 Reference value :  2.10813e-07
 Reference value :  2.10892e-07
 Reference value :  2.10948e-07
 Reference value :  2.11168e-07
 Reference value :  2.11351e-07
 Reference value :  2.11522e-07
 Reference value :  2.11762e-07
 Reference value :  2.11805e-07
 Reference value :  2.11877e-07
 Reference value :  2.12217e-07
 Reference value :  2.12391e-07
 Reference value :  2.12571e-07
 Reference value :  2.12714e-07
 Reference value :  2.12766e-07
 Reference value :  2.13143e-07
 Reference value :  2.13340e-07
 Reference value :  2.13627e-07
 Reference value :  2.13915e-07
 Reference value :  2.14129e-07
 Reference value :  2.14469e-07
 Reference value :  2.14604e-07
 Reference value :  2.14704e-07
 Reference value :  2.14764e-07
 Reference value :  2.14824e-07
 Reference value :  2.14961e-07
 Reference value :  2.15004e-07
 Reference value :  2.15058e-07
 Reference value :  2.15178e-07
 Reference value :  2.15378e-07
 Reference value :  2.15452e-07
 Reference value :  2.15793e-07
 Reference value :  2.15906e-07
 Reference value :  2.16247e-07
 Reference value :  2.16350e-07
 Reference value :  2.16502e-07
 Reference value :  2.16805e-07
 Reference value :  2.17076e-07
 Reference value :  2.17311e-07
 Reference value :  2.17671e-07
 Reference value :  2.17845e-07
 Reference value :  2.17985e-07
 Reference value :  2.18168e-07
 Reference value :  2.18440e-07
 Reference value :  2.18654e-07
 Reference value :  2.18974e-07
 Reference value :  2.19189e-07
 Reference value :  2.19527e-07
 Reference value :  2.19583e-07
 Reference value :  2.19943e-07
 Reference value :  2.20098e-07
 Reference value :  2.20415e-07
 Reference value :  2.20652e-07
 Reference value :  2.20900e-07
 Reference value :  2.21227e-07
 Reference value :  2.21343e-07
 Reference value :  2.21541e-07
 Reference value :  2.21809e-07
 Reference value :  2.22116e-07
 Reference value :  2.22350e-07
 Reference value :  2.22650e-07
 Reference value :  2.22785e-07
 Reference value :  2.22945e-07
 Reference value :  2.23185e-07
 Reference value :  2.23479e-07
 Reference value :  2.23714e-07
 Reference value :  2.24051e-07
 Reference value :  2.24188e-07
 Reference value :  2.24288e-07
 Reference value :  2.24524e-07
 Reference value :  2.24783e-07
 Reference value :  2.25003e-07
 Reference value :  2.25357e-07
 Reference value :  2.25549e-07
 Reference value :  2.25749e-07
 Reference value :  2.25912e-07
 Reference value :  2.25986e-07
 Reference value :  2.26106e-07
 Reference value :  2.26166e-07
 Reference value :  2.26226e-07
 Reference value :  2.26324e-07
 Reference value :  2.26354e-07
 Reference value :  2.26461e-07
 Reference value :  2.26721e-07
 Reference value :  2.26799e-07
 Reference value :  2.26915e-07
 Reference value :  2.27175e-07
 Reference value :  2.27269e-07
 Reference value :  2.27390e-07
 Reference value :  2.27570e-07
 Reference value :  2.27804e-07
 Reference value :  2.28024e-07
 Reference value :  2.28160e-07
 Reference value :  2.28259e-07
 Reference value :  2.28479e-07
 Reference value :  2.28713e-07
 Reference value :  2.29033e-07
 Reference value :  2.29128e-07
 Reference value :  2.29248e-07
 Reference value :  2.29428e-07
 Reference value :  2.29524e-07
 Reference value :  2.29722e-07
 Reference value :  2.29989e-07
 Reference value :  2.30157e-07
 Reference value :  2.30414e-07
 Reference value :  2.30471e-07
 Reference value :  2.30611e-07
 Reference value :  2.30890e-07
 Reference value :  2.30926e-07
 Reference value :  2.31226e-07
 Reference value :  2.31440e-07
 Reference value :  2.31700e-07
 Reference value :  2.31778e-07
 Reference value :  2.31814e-07
 Reference value :  2.32015e-07
 Reference value :  2.32268e-07
 Reference value :  2.32609e-07
 Reference value :  2.32844e-07
 Reference value :  2.33124e-07
 Reference value :  2.33338e-07
 Reference value :  2.33498e-07
 Reference value :  2.33653e-07
 Reference value :  2.33973e-07
 Reference value :  2.34207e-07
 Reference value :  2.34487e-07
 Reference value :  2.34682e-07
 Reference value :  2.34862e-07
 Reference value :  2.35076e-07
 Reference value :  2.35414e-07
 Reference value :  2.35631e-07
 Reference value :  2.35904e-07
 Reference value :  2.36165e-07
 Reference value :  2.36380e-07
 Reference value :  2.36700e-07
 Reference value :  2.36934e-07
 Reference value :  2.37054e-07
 Reference value :  2.37257e-07
 Reference value :  2.37529e-07
 Reference value :  2.37743e-07
 Reference value :  2.38063e-07
 Reference value :  2.38278e-07
 Reference value :  2.38538e-07
 Reference value :  2.38616e-07
 Reference value :  2.38872e-07
 Reference value :  2.39127e-07
 Reference value :  2.39427e-07
 Reference value :  2.39601e-07
 Reference value :  2.39941e-07
 Reference value :  2.40176e-07
 Reference value :  2.40434e-07
 Reference value :  2.40630e-07
 Reference value :  2.40898e-07
 Reference value :  2.41205e-07
 Reference value :  2.41399e-07
 Reference value :  2.41639e-07
 Reference value :  2.41809e-07
 Reference value :  2.42014e-07
 Reference value :  2.42267e-07
 Reference value :  2.42588e-07
 Reference value :  2.42803e-07
 Reference value :  2.43123e-07
 Reference value :  2.43176e-07
 Reference value :  2.43377e-07
 Reference value :  2.43627e-07
 Reference value :  2.43952e-07
 Reference value :  2.44126e-07
 Reference value :  2.44346e-07
 Reference value :  2.44522e-07
 Reference value :  2.44781e-07
 Reference value :  2.45001e-07
 Reference value :  2.45315e-07
 Reference value :  2.45570e-07
 Reference value :  2.45770e-07
 Reference value :  2.45867e-07
 Reference value :  2.45888e-07
 Reference value :  2.46084e-07
 Reference value :  2.46354e-07
 Reference value :  2.46659e-07
 Reference value :  2.46793e-07
 Reference value :  2.46913e-07
 Reference value :  2.47249e-07
 Reference value :  2.47488e-07
 Reference value :  2.47742e-07
 Reference value :  2.48062e-07
 Reference value :  2.48277e-07
 Reference value :  2.48357e-07
 Reference value :  2.48594e-07
 Reference value :  2.48831e-07
 Reference value :  2.49070e-07
 Reference value :  2.49186e-07
 Reference value :  2.49386e-07
 Reference value :  2.49620e-07
 Reference value :  2.49958e-07
 Reference value :  2.50195e-07
 Reference value :  2.50445e-07
 Reference value :  2.50709e-07
 Reference value :  2.50897e-07
 Reference value :  2.50944e-07
 Reference value :  2.51321e-07
 Reference value :  2.51538e-07
 Reference value :  2.51808e-07
 Reference value :  2.51993e-07
 Reference value :  2.52113e-07
 Reference value :  2.52347e-07
 Reference value :  2.52685e-07
 Reference value :  2.52922e-07
 Reference value :  2.53170e-07
 Reference value :  2.53296e-07
 Reference value :  2.53619e-07
 Reference value :  2.53871e-07
 Reference value :  2.54105e-07
 Reference value :  2.54325e-07
 Reference value :  2.54425e-07
 Reference value :  2.54524e-07
 Reference value :  2.54800e-07
 Reference value :  2.55034e-07
 Reference value :  2.55214e-07
 Reference value :  2.55469e-07
 Reference value :  2.55709e-07
 Reference value :  2.55829e-07
 Reference value :  2.56023e-07
 Reference value :  2.56338e-07
 Reference value :  2.56518e-07
 Reference value :  2.56698e-07
 Reference value :  2.56912e-07
 Reference value :  2.57230e-07
 Reference value :  2.57447e-07
 Reference value :  2.57703e-07
 Reference value :  2.57801e-07
 Reference value :  2.57861e-07
 Reference value :  2.58061e-07
 Reference value :  2.58256e-07
 Reference value :  2.58593e-07
 Reference value :  2.58750e-07
 Reference value :  2.58970e-07
 Reference value :  2.59185e-07
 Reference value :  2.59502e-07
 Reference value :  2.59719e-07
 Reference value :  2.59986e-07
 Reference value :  2.60314e-07
 Reference value :  2.60444e-07
 Reference value :  2.60648e-07
 Reference value :  2.60902e-07
 Reference value :  2.61243e-07
 Reference value :  2.61397e-07
 Reference value :  2.61577e-07
 Reference value :  2.61811e-07
 Reference value :  2.62092e-07
 Reference value :  2.62326e-07
 Reference value :  2.62646e-07
 Reference value :  2.62761e-07
 Reference value :  2.62981e-07
 Reference value :  2.63195e-07
 Reference value :  2.63555e-07
 Reference value :  2.63687e-07
 Reference value :  2.63967e-07
 Reference value :  2.64144e-07
 Reference value :  2.64464e-07
 Reference value :  2.64696e-07
 Reference value :  2.64975e-07
 Reference value :  2.64987e-07
 Reference value :  2.65213e-07
 Reference value :  2.65454e-07
 Reference value :  2.65768e-07
 Reference value :  2.65908e-07
 Reference value :  2.66082e-07
 Reference value :  2.66352e-07
 Reference value :  2.66697e-07
 Reference value :  2.66891e-07
 Reference value :  2.67246e-07
 Reference value :  2.67386e-07
 Reference value :  2.67626e-07
 Reference value :  2.67840e-07
 Reference value :  2.68159e-07
 Reference value :  2.68395e-07
 Reference value :  2.68575e-07
 Reference value :  2.68729e-07
 Reference value :  2.69068e-07
 Reference value :  2.69324e-07
 Reference value :  2.69532e-07
 Reference value :  2.69798e-07
 Reference value :  2.69898e-07
 Reference value :  2.70153e-07
 Reference value :  2.70431e-07
 Reference value :  2.70647e-07
 Reference value :  2.70807e-07
 Reference value :  2.71002e-07
 Reference value :  2.71337e-07
 Reference value :  2.71536e-07
 Reference value :  2.71803e-07
 Reference value :  2.72011e-07
 Reference value :  2.72246e-07
 Reference value :  2.72325e-07
 Reference value :  2.72625e-07
 Reference value :  2.72840e-07
 Reference value :  2.73120e-07
 Reference value :  2.73254e-07
 Reference value :  2.73454e-07
 Reference value :  2.73609e-07
 Reference value :  2.73769e-07
 Reference value :  2.74046e-07
 Reference value :  2.74243e-07
 Reference value :  2.74526e-07
 Reference value :  2.74618e-07
 Reference value :  2.74918e-07
 Reference value :  2.75072e-07
 Reference value :  2.75410e-07
 Reference value :  2.75647e-07
 Reference value :  2.75847e-07
 Reference value :  2.76061e-07
 Reference value :  2.76344e-07
 Reference value :  2.76616e-07
 Reference value :  2.76809e-07
 Reference value :  2.76970e-07
 Reference value :  2.77090e-07
 Reference value :  2.77325e-07
 Reference value :  2.77699e-07
 Reference value :  2.77879e-07
 Reference value :  2.78155e-07
 Reference value :  2.78254e-07
 Reference value :  2.78591e-07
 Reference value :  2.78788e-07
 Reference value :  2.79063e-07
 Reference value :  2.79263e-07
 Reference value :  2.79519e-07
 Reference value :  2.79637e-07
 Reference value :  2.79817e-07
 Reference value :  2.80032e-07
 Reference value :  2.80292e-07
 Reference value :  2.80526e-07
 Reference value :  2.80766e-07
 Reference value :  2.80846e-07
 Reference value :  2.81061e-07
 Reference value :  2.81349e-07
 Reference value :  2.81655e-07
 Reference value :  2.81809e-07
 Reference value :  2.82010e-07
 Reference value :  2.82227e-07
 Reference value :  2.82424e-07
 Reference value :  2.82707e-07
 Reference value :  2.82939e-07
 Reference value :  2.83099e-07
 Reference value :  2.83333e-07
 Reference value :  2.83620e-07
 Reference value :  2.83908e-07
 Reference value :  2.84102e-07
 Reference value :  2.84362e-07
 Reference value :  2.84529e-07
 Reference value :  2.84657e-07
 Reference value :  2.84973e-07
 Reference value :  2.85231e-07
 Reference value :  2.85452e-07
 Reference value :  2.85826e-07
 Reference value :  2.86020e-07
 Reference value :  2.86200e-07
 Reference value :  2.86347e-07
 Reference value :  2.86635e-07
 Reference value :  2.86869e-07
 Reference value :  2.87149e-07
 Reference value :  2.87384e-07
 Reference value :  2.87681e-07
 Reference value :  2.87898e-07
 Reference value :  2.88165e-07
 Reference value :  2.88453e-07
 Reference value :  2.88633e-07
 Reference value :  2.88847e-07
 Reference value :  2.88927e-07
 Reference value :  2.89102e-07
 Reference value :  2.89442e-07
 Reference value :  2.89676e-07
 Reference value :  2.89979e-07
 Reference value :  2.90071e-07
 Reference value :  2.90251e-07
 Reference value :  2.90485e-07
 Reference value :  2.90805e-07
 Reference value :  2.91000e-07
 Reference value :  2.91140e-07
 Reference value :  2.91343e-07
 Reference value :  2.91394e-07
 Reference value :  2.91734e-07
 Reference value :  2.91949e-07
 Reference value :  2.92252e-07
 Reference value :  2.92443e-07
 Reference value :  2.92698e-07
 Reference value :  2.92717e-07
 Reference value :  2.93058e-07
 Reference value :  2.93252e-07
 Reference value :  2.93590e-07
 Reference value :  2.93767e-07
 Reference value :  2.94027e-07
 Reference value :  2.94161e-07
 Reference value :  2.94481e-07
 Reference value :  2.94713e-07
 Reference value :  2.94983e-07
 Reference value :  2.95270e-07
 Reference value :  2.95502e-07
 Reference value :  2.95782e-07
 Reference value :  2.95883e-07
 Reference value :  2.96119e-07
 Reference value :  2.96360e-07
 Reference value :  2.96694e-07
 Reference value :  2.96848e-07
 Reference value :  2.97028e-07
 Reference value :  2.97256e-07
 Reference value :  2.97503e-07
 Reference value :  2.97711e-07
 Reference value :  2.97917e-07
 Reference value :  2.98097e-07
 Reference value :  2.98332e-07
 Reference value :  2.98620e-07
 Reference value :  2.98926e-07
 Reference value :  2.99087e-07
 Reference value :  2.99121e-07
 Reference value :  2.99221e-07
 Reference value :  2.99519e-07
 Reference value :  2.99775e-07
 Reference value :  2.99994e-07
No. of Data Rows : 19790
sim/harness: analysis complete
Note: Simulation executed from .control section 
Note: Starting dynamic gmin stepping
Note: Dynamic gmin stepping completed
