
Note: Compatibility modes selected: hs a


Circuit: ** sch_path: /home/ubuntu/loom-workspaces/sky130-pll/.loom/worktrees/issue-129/sim/divider/testbench/tb_divider.sch

option SCALE: Scale is set to 1e-06 for instance and model parameters
option SCALE: Scale is set to 1e-06 for instance and model parameters
option SCALE: Scale is set to 1e-06 for instance and model parameters
option SCALE: Scale is set to 1e-06 for instance and model parameters
Doing analysis at TEMP = 125.000000 and TNOM = 27.000000

Using KLU as Direct Linear Solver
 Reference value :  0.00000e+00
 Reference value :  1.57300e-10
 Reference value :  4.67000e-10
 Reference value :  7.54125e-10
 Reference value :  1.00862e-09
 Reference value :  1.34606e-09
 Reference value :  1.58312e-09
 Reference value :  1.83312e-09
 Reference value :  2.13762e-09
 Reference value :  2.37212e-09
 Reference value :  2.72700e-09
 Reference value :  2.94662e-09
 Reference value :  3.20712e-09
 Reference value :  3.56112e-09
 Reference value :  3.77563e-09
 Reference value :  4.09862e-09
 Reference value :  4.33013e-09
 Reference value :  4.60463e-09
 Reference value :  4.84463e-09
 Reference value :  5.00052e-09
 Reference value :  5.21542e-09
 Reference value :  5.47263e-09
 Reference value :  5.85363e-09
 Reference value :  6.00600e-09
 Reference value :  6.36300e-09
 Reference value :  6.58263e-09
 Reference value :  6.83000e-09
 Reference value :  7.09713e-09
 Reference value :  7.29063e-09
 Reference value :  7.59162e-09
 Reference value :  7.73987e-09
 Reference value :  8.00612e-09
 Reference value :  8.22062e-09
 Reference value :  8.58062e-09
 Reference value :  8.73513e-09
 Reference value :  9.05512e-09
 Reference value :  9.26962e-09
 Reference value :  9.54575e-09
 Reference value :  9.78412e-09
 Reference value :  1.00246e-08
 Reference value :  1.03586e-08
 Reference value :  1.05531e-08
 Reference value :  1.09092e-08
 Reference value :  1.11676e-08
 Reference value :  1.13759e-08
 Reference value :  1.16221e-08
 Reference value :  1.18321e-08
 Reference value :  1.21566e-08
 Reference value :  1.23111e-08
 Reference value :  1.26511e-08
 Reference value :  1.27656e-08
 Reference value :  1.31056e-08
 Reference value :  1.33001e-08
 Reference value :  1.36350e-08
 Reference value :  1.38346e-08
 Reference value :  1.40895e-08
 Reference value :  1.42891e-08
 Reference value :  1.45521e-08
 Reference value :  1.48436e-08
 Reference value :  1.50241e-08
 Reference value :  1.52981e-08
 Reference value :  1.55126e-08
 Reference value :  1.58326e-08
 Reference value :  1.60471e-08
 Reference value :  1.63632e-08
 Reference value :  1.66216e-08
 Reference value :  1.68290e-08
 Reference value :  1.70961e-08
 Reference value :  1.73083e-08
 Reference value :  1.76283e-08
 Reference value :  1.78251e-08
 Reference value :  1.81051e-08
 Reference value :  1.82996e-08
 Reference value :  1.85796e-08
 Reference value :  1.87941e-08
 Reference value :  1.90716e-08
 Reference value :  1.93063e-08
 Reference value :  1.95569e-08
 Reference value :  1.98431e-08
 Reference value :  2.00576e-08
 Reference value :  2.03776e-08
 Reference value :  2.05921e-08
 Reference value :  2.08896e-08
 Reference value :  2.10843e-08
 Reference value :  2.13628e-08
 Reference value :  2.16011e-08
 Reference value :  2.18556e-08
 Reference value :  2.21756e-08
 Reference value :  2.23901e-08
 Reference value :  2.26901e-08
 Reference value :  2.28823e-08
 Reference value :  2.30423e-08
 Reference value :  2.32391e-08
 Reference value :  2.35991e-08
 Reference value :  2.37936e-08
 Reference value :  2.40897e-08
 Reference value :  2.42881e-08
 Reference value :  2.45555e-08
 Reference value :  2.48403e-08
 Reference value :  2.50371e-08
 Reference value :  2.53571e-08
 Reference value :  2.55716e-08
 Reference value :  2.59065e-08
 Reference value :  2.60861e-08
 Reference value :  2.63670e-08
 Reference value :  2.65783e-08
 Reference value :  2.66183e-08
 Reference value :  2.66783e-08
 Reference value :  2.68280e-08
 Reference value :  2.70551e-08
 Reference value :  2.72834e-08
 Reference value :  2.75896e-08
 Reference value :  2.77501e-08
 Reference value :  2.80041e-08
 Reference value :  2.81939e-08
 Reference value :  2.84763e-08
 Reference value :  2.85563e-08
 Reference value :  2.86731e-08
 Reference value :  2.90131e-08
 Reference value :  2.91876e-08
 Reference value :  2.95251e-08
 Reference value :  2.96021e-08
 Reference value :  2.97821e-08
 Reference value :  3.00121e-08
 Reference value :  3.02766e-08
 Reference value :  3.04771e-08
 Reference value :  3.07711e-08
 Reference value :  3.10056e-08
 Reference value :  3.13256e-08
 Reference value :  3.14201e-08
 Reference value :  3.17001e-08
 Reference value :  3.18406e-08
 Reference value :  3.21746e-08
 Reference value :  3.23491e-08
 Reference value :  3.27240e-08
 Reference value :  3.29436e-08
 Reference value :  3.31236e-08
 Reference value :  3.32041e-08
 Reference value :  3.35381e-08
 Reference value :  3.37903e-08
 Reference value :  3.40875e-08
 Reference value :  3.42871e-08
 Reference value :  3.44871e-08
 Reference value :  3.47016e-08
 Reference value :  3.49216e-08
 Reference value :  3.50221e-08
 Reference value :  3.53161e-08
 Reference value :  3.55306e-08
 Reference value :  3.57906e-08
 Reference value :  3.59851e-08
 Reference value :  3.63251e-08
 Reference value :  3.63996e-08
 Reference value :  3.66796e-08
 Reference value :  3.67971e-08
 Reference value :  3.70141e-08
 Reference value :  3.72823e-08
 Reference value :  3.75863e-08
 Reference value :  3.77421e-08
 Reference value :  3.79031e-08
 Reference value :  3.81793e-08
 Reference value :  3.83976e-08
 Reference value :  3.86476e-08
 Reference value :  3.89321e-08
 Reference value :  3.90995e-08
 Reference value :  3.92266e-08
 Reference value :  3.95427e-08
 Reference value :  3.97811e-08
 Reference value :  4.00085e-08
 Reference value :  4.03156e-08
 Reference value :  4.04901e-08
 Reference value :  4.08301e-08
 Reference value :  4.09823e-08
 Reference value :  4.11023e-08
 Reference value :  4.12423e-08
 Reference value :  4.14391e-08
 Reference value :  4.15991e-08
 Reference value :  4.17591e-08
 Reference value :  4.18291e-08
 Reference value :  4.20336e-08
 Reference value :  4.21536e-08
 Reference value :  4.22819e-08
 Reference value :  4.25681e-08
 Reference value :  4.27826e-08
 Reference value :  4.30226e-08
 Reference value :  4.31601e-08
 Reference value :  4.33571e-08
 Reference value :  4.36358e-08
 Reference value :  4.38116e-08
 Reference value :  4.39116e-08
 Reference value :  4.40903e-08
 Reference value :  4.43461e-08
 Reference value :  4.45561e-08
 Reference value :  4.48606e-08
 Reference value :  4.50551e-08
 Reference value :  4.53551e-08
 Reference value :  4.55873e-08
 Reference value :  4.57873e-08
 Reference value :  4.59058e-08
 Reference value :  4.61241e-08
 Reference value :  4.63846e-08
 Reference value :  4.67186e-08
 Reference value :  4.69331e-08
 Reference value :  4.72331e-08
 Reference value :  4.72718e-08
 Reference value :  4.73276e-08
 Reference value :  4.76676e-08
 Reference value :  4.78821e-08
 Reference value :  4.81851e-08
 Reference value :  4.84766e-08
 Reference value :  4.86352e-08
 Reference value :  4.87111e-08
 Reference value :  4.88711e-08
 Reference value :  4.90920e-08
 Reference value :  4.93233e-08
 Reference value :  4.95556e-08
 Reference value :  4.98601e-08
 Reference value :  5.00136e-08
 Reference value :  5.02146e-08
 Reference value :  5.04146e-08
 Reference value :  5.06291e-08
 Reference value :  5.09040e-08
 Reference value :  5.11036e-08
 Reference value :  5.13411e-08
 Reference value :  5.13981e-08
 Reference value :  5.17581e-08
 Reference value :  5.19726e-08
 Reference value :  5.22675e-08
 Reference value :  5.24271e-08
 Reference value :  5.27240e-08
 Reference value :  5.29593e-08
 Reference value :  5.30593e-08
 Reference value :  5.31765e-08
 Reference value :  5.32561e-08
 Reference value :  5.34761e-08
 Reference value :  5.36496e-08
 Reference value :  5.38306e-08
 Reference value :  5.39506e-08
 Reference value :  5.40855e-08
 Reference value :  5.40893e-08
 Reference value :  5.42251e-08
 Reference value :  5.45226e-08
 Reference value :  5.47396e-08
 Reference value :  5.49983e-08
 Reference value :  5.51541e-08
 Reference value :  5.52541e-08
 Reference value :  5.54641e-08
 Reference value :  5.57886e-08
 Reference value :  5.59831e-08
 Reference value :  5.63406e-08
 Reference value :  5.65753e-08
 Reference value :  5.68259e-08
 Reference value :  5.70921e-08
 Reference value :  5.72751e-08
 Reference value :  5.75466e-08
 Reference value :  5.77227e-08
 Reference value :  5.79611e-08
 Reference value :  5.82016e-08
 Reference value :  5.85356e-08
 Reference value :  5.87101e-08
 Reference value :  5.88701e-08
 Reference value :  5.90888e-08
 Reference value :  5.93046e-08
 Reference value :  5.95546e-08
 Reference value :  5.98391e-08
 Reference value :  6.00736e-08
 Reference value :  6.03536e-08
 Reference value :  6.04311e-08
 Reference value :  6.05081e-08
 Reference value :  6.07681e-08
 Reference value :  6.09426e-08
 Reference value :  6.12426e-08
 Reference value :  6.14571e-08
 Reference value :  6.17771e-08
 Reference value :  6.18132e-08
 Reference value :  6.19716e-08
 Reference value :  6.22665e-08
 Reference value :  6.24461e-08
 Reference value :  6.27247e-08
 Reference value :  6.30006e-08
 Reference value :  6.32151e-08
 Reference value :  6.33951e-08
 Reference value :  6.36556e-08
 Reference value :  6.39696e-08
 Reference value :  6.41841e-08
 Reference value :  6.44641e-08
 Reference value :  6.46986e-08
 Reference value :  6.49761e-08
 Reference value :  6.50731e-08
 Reference value :  6.53931e-08
 Reference value :  6.56276e-08
 Reference value :  6.59106e-08
 Reference value :  6.61421e-08
 Reference value :  6.63396e-08
 Reference value :  6.63943e-08
 Reference value :  6.67143e-08
 Reference value :  6.68911e-08
 Reference value :  6.72311e-08
 Reference value :  6.74456e-08
 Reference value :  6.77031e-08
 Reference value :  6.78801e-08
 Reference value :  6.79801e-08
 Reference value :  6.81875e-08
 Reference value :  6.84546e-08
 Reference value :  6.86691e-08
 Reference value :  6.90291e-08
 Reference value :  6.90877e-08
 Reference value :  6.90991e-08
 Reference value :  6.93436e-08
 Reference value :  6.95571e-08
 Reference value :  6.98181e-08
 Reference value :  6.99181e-08
 Reference value :  7.00064e-08
 Reference value :  7.03126e-08
 Reference value :  7.04600e-08
 Reference value :  7.04661e-08
 Reference value :  7.08071e-08
 Reference value :  7.10216e-08
 Reference value :  7.11616e-08
 Reference value :  7.13565e-08
 Reference value :  7.13751e-08
 Reference value :  7.14761e-08
 Reference value :  7.17936e-08
 Reference value :  7.20106e-08
 Reference value :  7.21906e-08
 Reference value :  7.23451e-08
 Reference value :  7.25851e-08
 Reference value :  7.27596e-08
 Reference value :  7.29196e-08
 Reference value :  7.31826e-08
 Reference value :  7.34541e-08
 Reference value :  7.36423e-08
 Reference value :  7.39063e-08
 Reference value :  7.40649e-08
 Reference value :  7.41631e-08
 Reference value :  7.44431e-08
 Reference value :  7.46953e-08
 Reference value :  7.49937e-08
 Reference value :  7.51921e-08
 Reference value :  7.52721e-08
 Reference value :  7.53721e-08
 Reference value :  7.55466e-08
 Reference value :  7.58466e-08
 Reference value :  7.60411e-08
 Reference value :  7.63572e-08
 Reference value :  7.63746e-08
 Reference value :  7.64556e-08
 Reference value :  7.67756e-08
 Reference value :  7.69901e-08
 Reference value :  7.72650e-08
 Reference value :  7.74846e-08
 Reference value :  7.77021e-08
 Reference value :  7.79191e-08
 Reference value :  7.81926e-08
 Reference value :  7.83136e-08
 Reference value :  7.85336e-08
 Reference value :  7.87081e-08
 Reference value :  7.90481e-08
 Reference value :  7.92426e-08
 Reference value :  7.95412e-08
 Reference value :  7.96571e-08
 Reference value :  7.99371e-08
 Reference value :  8.01116e-08
 Reference value :  8.04465e-08
 Reference value :  8.05661e-08
 Reference value :  8.09022e-08
 Reference value :  8.11606e-08
 Reference value :  8.13689e-08
 Reference value :  8.15151e-08
 Reference value :  8.17151e-08
 Reference value :  8.18673e-08
 Reference value :  8.21873e-08
 Reference value :  8.23841e-08
 Reference value :  8.27227e-08
 Reference value :  8.29786e-08
 Reference value :  8.30986e-08
 Reference value :  8.32131e-08
 Reference value :  8.35131e-08
 Reference value :  8.36876e-08
 Reference value :  8.40276e-08
 Reference value :  8.42221e-08
 Reference value :  8.45196e-08
 Reference value :  8.45966e-08
 Reference value :  8.48566e-08
 Reference value :  8.50711e-08
 Reference value :  8.53911e-08
 Reference value :  8.55656e-08
 Reference value :  8.57056e-08
 Reference value :  8.59156e-08
 Reference value :  8.60201e-08
 Reference value :  8.62801e-08
 Reference value :  8.64346e-08
 Reference value :  8.65946e-08
 Reference value :  8.68246e-08
 Reference value :  8.70891e-08
 Reference value :  8.72826e-08
 Reference value :  8.76236e-08
 Reference value :  8.77222e-08
 Reference value :  8.77981e-08
 Reference value :  8.81381e-08
 Reference value :  8.83726e-08
 Reference value :  8.85526e-08
 Reference value :  8.87671e-08
 Reference value :  8.89871e-08
 Reference value :  8.91006e-08
 Reference value :  8.94216e-08
 Reference value :  8.96361e-08
 Reference value :  8.99561e-08
 Reference value :  9.01683e-08
 Reference value :  9.04269e-08
 Reference value :  9.05051e-08
 Reference value :  9.08251e-08
 Reference value :  9.09996e-08
 Reference value :  9.13545e-08
 Reference value :  9.14141e-08
 Reference value :  9.15541e-08
 Reference value :  9.18276e-08
 Reference value :  9.21686e-08
 Reference value :  9.23631e-08
 Reference value :  9.26631e-08
 Reference value :  9.27217e-08
 Reference value :  9.27976e-08
 Reference value :  9.30176e-08
 Reference value :  9.31981e-08
 Reference value :  9.35521e-08
 Reference value :  9.37466e-08
 Reference value :  9.39466e-08
 Reference value :  9.40852e-08
 Reference value :  9.42811e-08
 Reference value :  9.45485e-08
 Reference value :  9.48356e-08
 Reference value :  9.50056e-08
 Reference value :  9.52301e-08
 Reference value :  9.54575e-08
 Reference value :  9.57646e-08
 Reference value :  9.59791e-08
 Reference value :  9.63191e-08
 Reference value :  9.64536e-08
 Reference value :  9.66936e-08
 Reference value :  9.68881e-08
 Reference value :  9.72456e-08
 Reference value :  9.74603e-08
 Reference value :  9.77256e-08
 Reference value :  9.79371e-08
 Reference value :  9.80371e-08
 Reference value :  9.81906e-08
 Reference value :  9.84516e-08
 Reference value :  9.85516e-08
 Reference value :  9.87061e-08
 Reference value :  9.89661e-08
 Reference value :  9.91206e-08
 Reference value :  9.94806e-08
 Reference value :  9.96351e-08
 Reference value :  9.99551e-08
 Reference value :  1.00130e-07
 Reference value :  1.00330e-07
 Reference value :  1.00390e-07
 Reference value :  1.00564e-07
 Reference value :  1.00882e-07
 Reference value :  1.01019e-07
 Reference value :  1.01336e-07
 Reference value :  1.01473e-07
 Reference value :  1.01513e-07
 Reference value :  1.01653e-07
 Reference value :  1.01821e-07
 Reference value :  1.02048e-07
 Reference value :  1.02148e-07
 Reference value :  1.02228e-07
 Reference value :  1.02278e-07
 Reference value :  1.02302e-07
 Reference value :  1.02342e-07
 Reference value :  1.02482e-07
 Reference value :  1.02522e-07
 Reference value :  1.02542e-07
 Reference value :  1.02582e-07
 Reference value :  1.02622e-07
 Reference value :  1.02662e-07
 Reference value :  1.02700e-07
 Reference value :  1.02718e-07
 Reference value :  1.02729e-07
 Reference value :  1.02736e-07
 Reference value :  1.02757e-07
 Reference value :  1.02797e-07
 Reference value :  1.02837e-07
 Reference value :  1.02877e-07
 Reference value :  1.02917e-07
 Reference value :  1.03017e-07
 Reference value :  1.03097e-07
 Reference value :  1.03291e-07
 Reference value :  1.03531e-07
 Reference value :  1.03766e-07
 Reference value :  1.04046e-07
 Reference value :  1.04080e-07
 Reference value :  1.04180e-07
 Reference value :  1.04420e-07
 Reference value :  1.04635e-07
 Reference value :  1.04935e-07
 Reference value :  1.05149e-07
 Reference value :  1.05450e-07
 Reference value :  1.05561e-07
 Reference value :  1.05761e-07
 Reference value :  1.05978e-07
 Reference value :  1.06258e-07
 Reference value :  1.06453e-07
 Reference value :  1.06807e-07
 Reference value :  1.06887e-07
 Reference value :  1.06947e-07
 Reference value :  1.07245e-07
 Reference value :  1.07462e-07
 Reference value :  1.07720e-07
 Reference value :  1.07956e-07
 Reference value :  1.08171e-07
 Reference value :  1.08251e-07
 Reference value :  1.08471e-07
 Reference value :  1.08685e-07
 Reference value :  1.09025e-07
 Reference value :  1.09240e-07
 Reference value :  1.09536e-07
 Reference value :  1.09674e-07
 Reference value :  1.09814e-07
 Reference value :  1.10002e-07
 Reference value :  1.10309e-07
 Reference value :  1.10483e-07
 Reference value :  1.10623e-07
 Reference value :  1.10763e-07
 Reference value :  1.10958e-07
 Reference value :  1.11298e-07
 Reference value :  1.11492e-07
 Reference value :  1.11808e-07
 Reference value :  1.12027e-07
 Reference value :  1.12244e-07
 Reference value :  1.12301e-07
 Reference value :  1.12621e-07
 Reference value :  1.12853e-07
 Reference value :  1.13152e-07
 Reference value :  1.13370e-07
 Reference value :  1.13629e-07
 Reference value :  1.13665e-07
 Reference value :  1.13865e-07
 Reference value :  1.14098e-07
 Reference value :  1.14419e-07
 Reference value :  1.14654e-07
 Reference value :  1.14988e-07
 Reference value :  1.15068e-07
 Reference value :  1.15128e-07
 Reference value :  1.15188e-07
 Reference value :  1.15228e-07
 Reference value :  1.15408e-07
 Reference value :  1.15503e-07
 Reference value :  1.15603e-07
 Reference value :  1.15863e-07
 Reference value :  1.16037e-07
 Reference value :  1.16360e-07
 Reference value :  1.16632e-07
 Reference value :  1.16822e-07
 Reference value :  1.16906e-07
 Reference value :  1.17146e-07
 Reference value :  1.17361e-07
 Reference value :  1.17698e-07
 Reference value :  1.17835e-07
 Reference value :  1.18055e-07
 Reference value :  1.18230e-07
 Reference value :  1.18410e-07
 Reference value :  1.18640e-07
 Reference value :  1.18964e-07
 Reference value :  1.19105e-07
 Reference value :  1.19399e-07
 Reference value :  1.19549e-07
 Reference value :  1.19733e-07
 Reference value :  1.20003e-07
 Reference value :  1.20268e-07
 Reference value :  1.20444e-07
 Reference value :  1.20482e-07
 Reference value :  1.20802e-07
 Reference value :  1.20997e-07
 Reference value :  1.21317e-07
 Reference value :  1.21511e-07
 Reference value :  1.21789e-07
 Reference value :  1.21966e-07
 Reference value :  1.22086e-07
 Reference value :  1.22279e-07
 Reference value :  1.22560e-07
 Reference value :  1.22719e-07
 Reference value :  1.22875e-07
 Reference value :  1.23173e-07
 Reference value :  1.23389e-07
 Reference value :  1.23650e-07
 Reference value :  1.23984e-07
 Reference value :  1.24104e-07
 Reference value :  1.24318e-07
 Reference value :  1.24545e-07
 Reference value :  1.24833e-07
 Reference value :  1.25013e-07
 Reference value :  1.25287e-07
 Reference value :  1.25454e-07
 Reference value :  1.25662e-07
 Reference value :  1.25898e-07
 Reference value :  1.26096e-07
 Reference value :  1.26370e-07
 Reference value :  1.26691e-07
 Reference value :  1.26824e-07
 Reference value :  1.27045e-07
 Reference value :  1.27268e-07
 Reference value :  1.27500e-07
 Reference value :  1.27730e-07
 Reference value :  1.28014e-07
 Reference value :  1.28177e-07
 Reference value :  1.28389e-07
 Reference value :  1.28632e-07
 Reference value :  1.28883e-07
 Reference value :  1.29097e-07
 Reference value :  1.29398e-07
 Reference value :  1.29536e-07
 Reference value :  1.29672e-07
 Reference value :  1.29995e-07
 Reference value :  1.30267e-07
 Reference value :  1.30424e-07
 Reference value :  1.30467e-07
 Reference value :  1.30641e-07
 Reference value :  1.30879e-07
 Reference value :  1.31096e-07
 Reference value :  1.31364e-07
 Reference value :  1.31630e-07
 Reference value :  1.31862e-07
 Reference value :  1.32082e-07
 Reference value :  1.32278e-07
 Reference value :  1.32579e-07
 Reference value :  1.32791e-07
 Reference value :  1.33111e-07
 Reference value :  1.33288e-07
 Reference value :  1.33627e-07
 Reference value :  1.33883e-07
 Reference value :  1.34093e-07
 Reference value :  1.34397e-07
 Reference value :  1.34592e-07
 Reference value :  1.34932e-07
 Reference value :  1.35126e-07
 Reference value :  1.35454e-07
 Reference value :  1.35741e-07
 Reference value :  1.35935e-07
 Reference value :  1.36215e-07
 Reference value :  1.36430e-07
 Reference value :  1.36787e-07
 Reference value :  1.36964e-07
 Reference value :  1.37272e-07
 Reference value :  1.37579e-07
 Reference value :  1.37727e-07
 Reference value :  1.37953e-07
 Reference value :  1.38183e-07
 Reference value :  1.38488e-07
 Reference value :  1.38702e-07
 Reference value :  1.39077e-07
 Reference value :  1.39297e-07
 Reference value :  1.39545e-07
 Reference value :  1.39791e-07
 Reference value :  1.40012e-07
 Reference value :  1.40346e-07
 Reference value :  1.40540e-07
 Reference value :  1.40878e-07
 Reference value :  1.41115e-07
 Reference value :  1.41362e-07
 Reference value :  1.41629e-07
 Reference value :  1.41819e-07
 Reference value :  1.42004e-07
 Reference value :  1.42258e-07
 Reference value :  1.42458e-07
 Reference value :  1.42726e-07
 Reference value :  1.43033e-07
 Reference value :  1.43207e-07
 Reference value :  1.43527e-07
 Reference value :  1.43637e-07
 Reference value :  1.43882e-07
 Reference value :  1.44089e-07
 Reference value :  1.44276e-07
 Reference value :  1.44546e-07
 Reference value :  1.44591e-07
 Reference value :  1.44791e-07
 Reference value :  1.44998e-07
 Reference value :  1.45265e-07
 Reference value :  1.45459e-07
 Reference value :  1.45780e-07
 Reference value :  1.45934e-07
 Reference value :  1.46274e-07
 Reference value :  1.46509e-07
 Reference value :  1.46807e-07
 Reference value :  1.47063e-07
 Reference value :  1.47315e-07
 Reference value :  1.47655e-07
 Reference value :  1.47832e-07
 Reference value :  1.48132e-07
 Reference value :  1.48344e-07
 Reference value :  1.48623e-07
 Reference value :  1.48861e-07
 Reference value :  1.49091e-07
 Reference value :  1.49276e-07
 Reference value :  1.49532e-07
 Reference value :  1.49570e-07
 Reference value :  1.49770e-07
 Reference value :  1.49810e-07
 Reference value :  1.49850e-07
 Reference value :  1.49890e-07
 Reference value :  1.50000e-07
 Reference value :  1.50305e-07
 Reference value :  1.50519e-07
 Reference value :  1.50819e-07
 Reference value :  1.51014e-07
 Reference value :  1.51314e-07
 Reference value :  1.51528e-07
 Reference value :  1.51804e-07
 Reference value :  1.51903e-07
 Reference value :  1.52043e-07
 Reference value :  1.52271e-07
 Reference value :  1.52537e-07
 Reference value :  1.52772e-07
 Reference value :  1.53112e-07
 Reference value :  1.53326e-07
 Reference value :  1.53622e-07
 Reference value :  1.53881e-07
 Reference value :  1.54091e-07
 Reference value :  1.54415e-07
 Reference value :  1.54650e-07
 Reference value :  1.54984e-07
 Reference value :  1.55164e-07
 Reference value :  1.55447e-07
 Reference value :  1.55719e-07
 Reference value :  1.55912e-07
 Reference value :  1.56233e-07
 Reference value :  1.56468e-07
 Reference value :  1.56802e-07
 Reference value :  1.56982e-07
 Reference value :  1.57269e-07
 Reference value :  1.57557e-07
 Reference value :  1.57737e-07
 Reference value :  1.58091e-07
 Reference value :  1.58306e-07
 Reference value :  1.58622e-07
 Reference value :  1.58820e-07
 Reference value :  1.59087e-07
 Reference value :  1.59395e-07
 Reference value :  1.59569e-07
 Reference value :  1.59909e-07
 Reference value :  1.60024e-07
 Reference value :  1.60344e-07
 Reference value :  1.60498e-07
 Reference value :  1.60818e-07
 Reference value :  1.61033e-07
 Reference value :  1.61347e-07
 Reference value :  1.61547e-07
 Reference value :  1.61803e-07
 Reference value :  1.62062e-07
 Reference value :  1.62270e-07
 Reference value :  1.62536e-07
 Reference value :  1.62748e-07
 Reference value :  1.63108e-07
 Reference value :  1.63305e-07
 Reference value :  1.63622e-07
 Reference value :  1.63897e-07
 Reference value :  1.64093e-07
 Reference value :  1.64414e-07
 Reference value :  1.64589e-07
 Reference value :  1.64709e-07
 Reference value :  1.64984e-07
 Reference value :  1.65203e-07
 Reference value :  1.65453e-07
 Reference value :  1.65778e-07
 Reference value :  1.65992e-07
 Reference value :  1.66252e-07
 Reference value :  1.66447e-07
 Reference value :  1.66727e-07
 Reference value :  1.66921e-07
 Reference value :  1.67257e-07
 Reference value :  1.67496e-07
 Reference value :  1.67726e-07
 Reference value :  1.67990e-07
 Reference value :  1.68205e-07
 Reference value :  1.68525e-07
 Reference value :  1.68739e-07
 Reference value :  1.68959e-07
 Reference value :  1.69194e-07
 Reference value :  1.69530e-07
 Reference value :  1.69748e-07
 Reference value :  1.70002e-07
 Reference value :  1.70323e-07
 Reference value :  1.70517e-07
 Reference value :  1.70777e-07
 Reference value :  1.70992e-07
 Reference value :  1.71292e-07
 Reference value :  1.71466e-07
 Reference value :  1.71802e-07
 Reference value :  1.72041e-07
 Reference value :  1.72269e-07
 Reference value :  1.72535e-07
 Reference value :  1.72750e-07
 Reference value :  1.73070e-07
 Reference value :  1.73284e-07
 Reference value :  1.73620e-07
 Reference value :  1.73839e-07
 Reference value :  1.74087e-07
 Reference value :  1.74333e-07
 Reference value :  1.74547e-07
 Reference value :  1.74868e-07
 Reference value :  1.75082e-07
 Reference value :  1.75438e-07
 Reference value :  1.75677e-07
 Reference value :  1.75905e-07
 Reference value :  1.76171e-07
 Reference value :  1.76386e-07
 Reference value :  1.76706e-07
 Reference value :  1.76880e-07
 Reference value :  1.77238e-07
 Reference value :  1.77475e-07
 Reference value :  1.77723e-07
 Reference value :  1.77969e-07
 Reference value :  1.78183e-07
 Reference value :  1.78504e-07
 Reference value :  1.78718e-07
 Reference value :  1.79073e-07
 Reference value :  1.79330e-07
 Reference value :  1.79543e-07
 Reference value :  1.79647e-07
 Reference value :  1.79927e-07
 Reference value :  1.80102e-07
 Reference value :  1.80419e-07
 Reference value :  1.80616e-07
 Reference value :  1.80904e-07
 Reference value :  1.81191e-07
 Reference value :  1.81371e-07
 Reference value :  1.81685e-07
 Reference value :  1.81860e-07
 Reference value :  1.82200e-07
 Reference value :  1.82354e-07
 Reference value :  1.82710e-07
 Reference value :  1.82969e-07
 Reference value :  1.83179e-07
 Reference value :  1.83443e-07
 Reference value :  1.83637e-07
 Reference value :  1.83978e-07
 Reference value :  1.84172e-07
 Reference value :  1.84528e-07
 Reference value :  1.84787e-07
 Reference value :  1.84997e-07
 Reference value :  1.85281e-07
 Reference value :  1.85476e-07
 Reference value :  1.85836e-07
 Reference value :  1.86030e-07
 Reference value :  1.86353e-07
 Reference value :  1.86625e-07
 Reference value :  1.86825e-07
 Reference value :  1.87159e-07
 Reference value :  1.87269e-07
 Reference value :  1.87554e-07
 Reference value :  1.87734e-07
 Reference value :  1.88068e-07
 Reference value :  1.88189e-07
 Reference value :  1.88283e-07
 Reference value :  1.88600e-07
 Reference value :  1.88777e-07
 Reference value :  1.89072e-07
 Reference value :  1.89252e-07
 Reference value :  1.89530e-07
 Reference value :  1.89746e-07
 Reference value :  1.90007e-07
 Reference value :  1.90341e-07
 Reference value :  1.90515e-07
 Reference value :  1.90835e-07
 Reference value :  1.90990e-07
 Reference value :  1.91327e-07
 Reference value :  1.91424e-07
 Reference value :  1.91782e-07
 Reference value :  1.92019e-07
 Reference value :  1.92266e-07
 Reference value :  1.92533e-07
 Reference value :  1.92748e-07
 Reference value :  1.93068e-07
 Reference value :  1.93242e-07
 Reference value :  1.93542e-07
 Reference value :  1.93757e-07
 Reference value :  1.93997e-07
 Reference value :  1.94084e-07
 Reference value :  1.94331e-07
 Reference value :  1.94603e-07
 Reference value :  1.94903e-07
 Reference value :  1.95100e-07
 Reference value :  1.95418e-07
 Reference value :  1.95615e-07
 Reference value :  1.95893e-07
 Reference value :  1.96109e-07
 Reference value :  1.96370e-07
 Reference value :  1.96704e-07
 Reference value :  1.96918e-07
 Reference value :  1.97198e-07
 Reference value :  1.97413e-07
 Reference value :  1.97711e-07
 Reference value :  1.97927e-07
 Reference value :  1.98181e-07
 Reference value :  1.98482e-07
 Reference value :  1.98676e-07
 Reference value :  1.98976e-07
 Reference value :  1.99171e-07
 Reference value :  1.99525e-07
 Reference value :  1.99685e-07
 Reference value :  1.99988e-07
 Reference value :  2.00260e-07
 Reference value :  2.00460e-07
 Reference value :  2.00754e-07
 Reference value :  2.00969e-07
 Reference value :  2.01326e-07
 Reference value :  2.01503e-07
 Reference value :  2.01781e-07
 Reference value :  2.01998e-07
 Reference value :  2.02265e-07
 Reference value :  2.02512e-07
 Reference value :  2.02733e-07
 Reference value :  2.03047e-07
 Reference value :  2.03261e-07
 Reference value :  2.03616e-07
 Reference value :  2.03836e-07
 Reference value :  2.04083e-07
 Reference value :  2.04310e-07
 Reference value :  2.04540e-07
 Reference value :  2.04865e-07
 Reference value :  2.05079e-07
 Reference value :  2.05434e-07
 Reference value :  2.05554e-07
 Reference value :  2.05888e-07
 Reference value :  2.06048e-07
 Reference value :  2.06326e-07
 Reference value :  2.06483e-07
 Reference value :  2.06799e-07
 Reference value :  2.07037e-07
 Reference value :  2.07278e-07
 Reference value :  2.07592e-07
 Reference value :  2.07766e-07
 Reference value :  2.08066e-07
 Reference value :  2.08201e-07
 Reference value :  2.08561e-07
 Reference value :  2.08735e-07
 Reference value :  2.09035e-07
 Reference value :  2.09270e-07
 Reference value :  2.09528e-07
 Reference value :  2.09784e-07
 Reference value :  2.09994e-07
 Reference value :  2.10276e-07
 Reference value :  2.10473e-07
 Reference value :  2.10813e-07
 Reference value :  2.11048e-07
 Reference value :  2.11308e-07
 Reference value :  2.11522e-07
 Reference value :  2.11798e-07
 Reference value :  2.12037e-07
 Reference value :  2.12264e-07
 Reference value :  2.12411e-07
 Reference value :  2.12714e-07
 Reference value :  2.12966e-07
 Reference value :  2.13186e-07
 Reference value :  2.13500e-07
 Reference value :  2.13655e-07
 Reference value :  2.13935e-07
 Reference value :  2.14109e-07
 Reference value :  2.14429e-07
 Reference value :  2.14664e-07
 Reference value :  2.14961e-07
 Reference value :  2.15178e-07
 Reference value :  2.15448e-07
 Reference value :  2.15733e-07
 Reference value :  2.15927e-07
 Reference value :  2.16207e-07
 Reference value :  2.16422e-07
 Reference value :  2.16762e-07
 Reference value :  2.16956e-07
 Reference value :  2.17264e-07
 Reference value :  2.17551e-07
 Reference value :  2.17745e-07
 Reference value :  2.18025e-07
 Reference value :  2.18220e-07
 Reference value :  2.18520e-07
 Reference value :  2.18734e-07
 Reference value :  2.19070e-07
 Reference value :  2.19309e-07
 Reference value :  2.19537e-07
 Reference value :  2.19783e-07
 Reference value :  2.19997e-07
 Reference value :  2.20318e-07
 Reference value :  2.20512e-07
 Reference value :  2.20832e-07
 Reference value :  2.20900e-07
 Reference value :  2.21207e-07
 Reference value :  2.21381e-07
 Reference value :  2.21721e-07
 Reference value :  2.21896e-07
 Reference value :  2.22250e-07
 Reference value :  2.22470e-07
 Reference value :  2.22713e-07
 Reference value :  2.23005e-07
 Reference value :  2.23178e-07
 Reference value :  2.23459e-07
 Reference value :  2.23654e-07
 Reference value :  2.24014e-07
 Reference value :  2.24208e-07
 Reference value :  2.24531e-07
 Reference value :  2.24823e-07
 Reference value :  2.24993e-07
 Reference value :  2.25297e-07
 Reference value :  2.25469e-07
 Reference value :  2.25789e-07
 Reference value :  2.25986e-07
 Reference value :  2.26341e-07
 Reference value :  2.26581e-07
 Reference value :  2.26804e-07
 Reference value :  2.27035e-07
 Reference value :  2.27263e-07
 Reference value :  2.27550e-07
 Reference value :  2.27744e-07
 Reference value :  2.28104e-07
 Reference value :  2.28339e-07
 Reference value :  2.28615e-07
 Reference value :  2.28813e-07
 Reference value :  2.29072e-07
 Reference value :  2.29328e-07
 Reference value :  2.29535e-07
 Reference value :  2.29822e-07
 Reference value :  2.30003e-07
 Reference value :  2.30357e-07
 Reference value :  2.30511e-07
 Reference value :  2.30751e-07
 Reference value :  2.30966e-07
 Reference value :  2.31286e-07
 Reference value :  2.31500e-07
 Reference value :  2.31803e-07
 Reference value :  2.32095e-07
 Reference value :  2.32289e-07
 Reference value :  2.32549e-07
 Reference value :  2.32744e-07
 Reference value :  2.33024e-07
 Reference value :  2.33238e-07
 Reference value :  2.33558e-07
 Reference value :  2.33813e-07
 Reference value :  2.34080e-07
 Reference value :  2.34287e-07
 Reference value :  2.34535e-07
 Reference value :  2.34782e-07
 Reference value :  2.34992e-07
 Reference value :  2.35256e-07
 Reference value :  2.35491e-07
 Reference value :  2.35811e-07
 Reference value :  2.36005e-07
 Reference value :  2.36323e-07
 Reference value :  2.36520e-07
 Reference value :  2.36807e-07
 Reference value :  2.37074e-07
 Reference value :  2.37309e-07
 Reference value :  2.37569e-07
 Reference value :  2.37783e-07
 Reference value :  2.38141e-07
 Reference value :  2.38338e-07
 Reference value :  2.38621e-07
 Reference value :  2.38852e-07
 Reference value :  2.39080e-07
 Reference value :  2.39367e-07
 Reference value :  2.39581e-07
 Reference value :  2.39941e-07
 Reference value :  2.40136e-07
 Reference value :  2.40434e-07
 Reference value :  2.40670e-07
 Reference value :  2.40904e-07
 Reference value :  2.41205e-07
 Reference value :  2.41419e-07
 Reference value :  2.41794e-07
 Reference value :  2.42014e-07
 Reference value :  2.42262e-07
 Reference value :  2.42508e-07
 Reference value :  2.42722e-07
 Reference value :  2.43043e-07
 Reference value :  2.43257e-07
 Reference value :  2.43613e-07
 Reference value :  2.43852e-07
 Reference value :  2.44082e-07
 Reference value :  2.44366e-07
 Reference value :  2.44581e-07
 Reference value :  2.44901e-07
 Reference value :  2.45075e-07
 Reference value :  2.45431e-07
 Reference value :  2.45670e-07
 Reference value :  2.45900e-07
 Reference value :  2.46064e-07
 Reference value :  2.46343e-07
 Reference value :  2.46599e-07
 Reference value :  2.46819e-07
 Reference value :  2.47093e-07
 Reference value :  2.47328e-07
 Reference value :  2.47668e-07
 Reference value :  2.47882e-07
 Reference value :  2.48169e-07
 Reference value :  2.48397e-07
 Reference value :  2.48630e-07
 Reference value :  2.48911e-07
 Reference value :  2.49166e-07
 Reference value :  2.49486e-07
 Reference value :  2.49700e-07
 Reference value :  2.49979e-07
 Reference value :  2.50215e-07
 Reference value :  2.50448e-07
 Reference value :  2.50749e-07
 Reference value :  2.51004e-07
 Reference value :  2.51304e-07
 Reference value :  2.51518e-07
 Reference value :  2.51801e-07
 Reference value :  2.52033e-07
 Reference value :  2.52260e-07
 Reference value :  2.52527e-07
 Reference value :  2.52782e-07
 Reference value :  2.53102e-07
 Reference value :  2.53316e-07
 Reference value :  2.53612e-07
 Reference value :  2.53851e-07
 Reference value :  2.54084e-07
 Reference value :  2.54385e-07
 Reference value :  2.54600e-07
 Reference value :  2.54900e-07
 Reference value :  2.55114e-07
 Reference value :  2.55430e-07
 Reference value :  2.55589e-07
 Reference value :  2.55829e-07
 Reference value :  2.56043e-07
 Reference value :  2.56350e-07
 Reference value :  2.56618e-07
 Reference value :  2.56811e-07
 Reference value :  2.57072e-07
 Reference value :  2.57287e-07
 Reference value :  2.57587e-07
 Reference value :  2.57761e-07
 Reference value :  2.58121e-07
 Reference value :  2.58316e-07
 Reference value :  2.58619e-07
 Reference value :  2.58850e-07
 Reference value :  2.59080e-07
 Reference value :  2.59365e-07
 Reference value :  2.59559e-07
 Reference value :  2.59939e-07
 Reference value :  2.60134e-07
 Reference value :  2.60437e-07
 Reference value :  2.60648e-07
 Reference value :  2.60909e-07
 Reference value :  2.61223e-07
 Reference value :  2.61417e-07
 Reference value :  2.61717e-07
 Reference value :  2.61872e-07
 Reference value :  2.62212e-07
 Reference value :  2.62286e-07
 Reference value :  2.62646e-07
 Reference value :  2.62861e-07
 Reference value :  2.63157e-07
 Reference value :  2.63395e-07
 Reference value :  2.63616e-07
 Reference value :  2.63867e-07
 Reference value :  2.64080e-07
 Reference value :  2.64344e-07
 Reference value :  2.64576e-07
 Reference value :  2.64916e-07
 Reference value :  2.65133e-07
 Reference value :  2.65411e-07
 Reference value :  2.65648e-07
 Reference value :  2.65895e-07
 Reference value :  2.66162e-07
 Reference value :  2.66397e-07
 Reference value :  2.66737e-07
 Reference value :  2.66911e-07
 Reference value :  2.67229e-07
 Reference value :  2.67426e-07
 Reference value :  2.67704e-07
 Reference value :  2.67960e-07
 Reference value :  2.68195e-07
 Reference value :  2.68535e-07
 Reference value :  2.68729e-07
 Reference value :  2.69029e-07
 Reference value :  2.69264e-07
 Reference value :  2.69444e-07
 Reference value :  2.69638e-07
 Reference value :  2.69974e-07
 Reference value :  2.70253e-07
 Reference value :  2.70446e-07
 Reference value :  2.70767e-07
 Reference value :  2.70962e-07
 Reference value :  2.71282e-07
 Reference value :  2.71496e-07
 Reference value :  2.71799e-07
 Reference value :  2.72091e-07
 Reference value :  2.72264e-07
 Reference value :  2.72565e-07
 Reference value :  2.72780e-07
 Reference value :  2.73020e-07
 Reference value :  2.73168e-07
 Reference value :  2.73434e-07
 Reference value :  2.73689e-07
 Reference value :  2.74009e-07
 Reference value :  2.74143e-07
 Reference value :  2.74383e-07
 Reference value :  2.74578e-07
 Reference value :  2.74938e-07
 Reference value :  2.75112e-07
 Reference value :  2.75439e-07
 Reference value :  2.75727e-07
 Reference value :  2.75941e-07
 Reference value :  2.76221e-07
 Reference value :  2.76456e-07
 Reference value :  2.76696e-07
 Reference value :  2.76910e-07
 Reference value :  2.77249e-07
 Reference value :  2.77505e-07
 Reference value :  2.77718e-07
 Reference value :  2.78019e-07
 Reference value :  2.78194e-07
 Reference value :  2.78474e-07
 Reference value :  2.78688e-07
 Reference value :  2.79046e-07
 Reference value :  2.79243e-07
 Reference value :  2.79521e-07
 Reference value :  2.79737e-07
 Reference value :  2.79985e-07
 Reference value :  2.80252e-07
 Reference value :  2.80452e-07
 Reference value :  2.80786e-07
 Reference value :  2.80981e-07
 Reference value :  2.81318e-07
 Reference value :  2.81495e-07
 Reference value :  2.81791e-07
 Reference value :  2.81950e-07
 Reference value :  2.82248e-07
 Reference value :  2.82524e-07
 Reference value :  2.82759e-07
 Reference value :  2.83099e-07
 Reference value :  2.83273e-07
 Reference value :  2.83609e-07
 Reference value :  2.83828e-07
 Reference value :  2.84076e-07
 Reference value :  2.84342e-07
 Reference value :  2.84543e-07
 Reference value :  2.84877e-07
 Reference value :  2.85051e-07
 Reference value :  2.85391e-07
 Reference value :  2.85606e-07
 Reference value :  2.85889e-07
 Reference value :  2.86160e-07
 Reference value :  2.86354e-07
 Reference value :  2.86675e-07
 Reference value :  2.86869e-07
 Reference value :  2.87244e-07
 Reference value :  2.87464e-07
 Reference value :  2.87712e-07
 Reference value :  2.87978e-07
 Reference value :  2.88179e-07
 Reference value :  2.88533e-07
 Reference value :  2.88707e-07
 Reference value :  2.89063e-07
 Reference value :  2.89322e-07
 Reference value :  2.89535e-07
 Reference value :  2.89776e-07
 Reference value :  2.89990e-07
 Reference value :  2.90171e-07
 Reference value :  2.90438e-07
 Reference value :  2.90725e-07
 Reference value :  2.90940e-07
 Reference value :  2.91280e-07
 Reference value :  2.91474e-07
 Reference value :  2.91789e-07
 Reference value :  2.92009e-07
 Reference value :  2.92259e-07
 Reference value :  2.92523e-07
 Reference value :  2.92758e-07
 Reference value :  2.93098e-07
 Reference value :  2.93272e-07
 Reference value :  2.93590e-07
 Reference value :  2.93787e-07
 Reference value :  2.94070e-07
 Reference value :  2.94341e-07
 Reference value :  2.94593e-07
 Reference value :  2.94933e-07
 Reference value :  2.95130e-07
 Reference value :  2.95427e-07
 Reference value :  2.95682e-07
 Reference value :  2.95905e-07
 Reference value :  2.96259e-07
 Reference value :  2.96454e-07
 Reference value :  2.96789e-07
 Reference value :  2.96968e-07
 Reference value :  2.97243e-07
 Reference value :  2.97443e-07
 Reference value :  2.97710e-07
 Reference value :  2.97997e-07
 Reference value :  2.98212e-07
 Reference value :  2.98552e-07
 Reference value :  2.98746e-07
 Reference value :  2.99026e-07
 Reference value :  2.99080e-07
 Reference value :  2.99401e-07
 Reference value :  2.99595e-07
 Reference value :  2.99953e-07
No. of Data Rows : 19790
sim/harness: analysis complete
Note: Simulation executed from .control section 
Note: Starting dynamic gmin stepping
Note: Dynamic gmin stepping completed
