
Note: Compatibility modes selected: hs a


Circuit: ** sch_path: /home/ubuntu/loom-workspaces/sky130-pll/.loom/worktrees/issue-129/sim/divider/testbench/tb_divider.sch

option SCALE: Scale is set to 1e-06 for instance and model parameters
option SCALE: Scale is set to 1e-06 for instance and model parameters
option SCALE: Scale is set to 1e-06 for instance and model parameters
option SCALE: Scale is set to 1e-06 for instance and model parameters
Doing analysis at TEMP = 27.000000 and TNOM = 27.000000

Using KLU as Direct Linear Solver
 Reference value :  0.00000e+00
 Reference value :  1.57300e-10
 Reference value :  4.67875e-10
 Reference value :  7.14125e-10
 Reference value :  9.68625e-10
 Reference value :  1.30862e-09
 Reference value :  1.52312e-09
 Reference value :  1.83050e-09
 Reference value :  2.09762e-09
 Reference value :  2.35212e-09
 Reference value :  2.69212e-09
 Reference value :  2.92662e-09
 Reference value :  3.20012e-09
 Reference value :  3.54112e-09
 Reference value :  3.79563e-09
 Reference value :  4.09175e-09
 Reference value :  4.31013e-09
 Reference value :  4.49013e-09
 Reference value :  4.72463e-09
 Reference value :  5.00010e-09
 Reference value :  5.17542e-09
 Reference value :  5.47263e-09
 Reference value :  5.81363e-09
 Reference value :  6.00600e-09
 Reference value :  6.31000e-09
 Reference value :  6.54263e-09
 Reference value :  6.83087e-09
 Reference value :  7.07713e-09
 Reference value :  7.31162e-09
 Reference value :  7.59162e-09
 Reference value :  7.80612e-09
 Reference value :  8.10612e-09
 Reference value :  8.34062e-09
 Reference value :  8.64800e-09
 Reference value :  8.91512e-09
 Reference value :  9.12962e-09
 Reference value :  9.44962e-09
 Reference value :  9.66413e-09
 Reference value :  9.96412e-09
 Reference value :  1.02186e-08
 Reference value :  1.04791e-08
 Reference value :  1.07931e-08
 Reference value :  1.10276e-08
 Reference value :  1.13625e-08
 Reference value :  1.15621e-08
 Reference value :  1.18207e-08
 Reference value :  1.19966e-08
 Reference value :  1.22796e-08
 Reference value :  1.25311e-08
 Reference value :  1.27656e-08
 Reference value :  1.31056e-08
 Reference value :  1.33201e-08
 Reference value :  1.36350e-08
 Reference value :  1.38746e-08
 Reference value :  1.41046e-08
 Reference value :  1.43891e-08
 Reference value :  1.46236e-08
 Reference value :  1.49436e-08
 Reference value :  1.51781e-08
 Reference value :  1.54655e-08
 Reference value :  1.57126e-08
 Reference value :  1.59331e-08
 Reference value :  1.62871e-08
 Reference value :  1.65216e-08
 Reference value :  1.68202e-08
 Reference value :  1.70761e-08
 Reference value :  1.73083e-08
 Reference value :  1.76483e-08
 Reference value :  1.78451e-08
 Reference value :  1.81800e-08
 Reference value :  1.83996e-08
 Reference value :  1.86496e-08
 Reference value :  1.89741e-08
 Reference value :  1.91663e-08
 Reference value :  1.94863e-08
 Reference value :  1.96831e-08
 Reference value :  2.00017e-08
 Reference value :  2.02376e-08
 Reference value :  2.04781e-08
 Reference value :  2.07921e-08
 Reference value :  2.10443e-08
 Reference value :  2.13628e-08
 Reference value :  2.15811e-08
 Reference value :  2.18311e-08
 Reference value :  2.21556e-08
 Reference value :  2.23701e-08
 Reference value :  2.26901e-08
 Reference value :  2.29223e-08
 Reference value :  2.31929e-08
 Reference value :  2.34391e-08
 Reference value :  2.36736e-08
 Reference value :  2.40136e-08
 Reference value :  2.42281e-08
 Reference value :  2.45256e-08
 Reference value :  2.47803e-08
 Reference value :  2.50161e-08
 Reference value :  2.52971e-08
 Reference value :  2.55116e-08
 Reference value :  2.58516e-08
 Reference value :  2.60661e-08
 Reference value :  2.63735e-08
 Reference value :  2.66183e-08
 Reference value :  2.68341e-08
 Reference value :  2.71751e-08
 Reference value :  2.73896e-08
 Reference value :  2.77245e-08
 Reference value :  2.79641e-08
 Reference value :  2.82035e-08
 Reference value :  2.85163e-08
 Reference value :  2.86335e-08
 Reference value :  2.88531e-08
 Reference value :  2.91014e-08
 Reference value :  2.94076e-08
 Reference value :  2.96421e-08
 Reference value :  2.99421e-08
 Reference value :  3.01166e-08
 Reference value :  3.04166e-08
 Reference value :  3.06311e-08
 Reference value :  3.09141e-08
 Reference value :  3.11856e-08
 Reference value :  3.14201e-08
 Reference value :  3.16001e-08
 Reference value :  3.18301e-08
 Reference value :  3.21146e-08
 Reference value :  3.23291e-08
 Reference value :  3.26491e-08
 Reference value :  3.29036e-08
 Reference value :  3.31919e-08
 Reference value :  3.34981e-08
 Reference value :  3.37503e-08
 Reference value :  3.40875e-08
 Reference value :  3.43071e-08
 Reference value :  3.45554e-08
 Reference value :  3.48416e-08
 Reference value :  3.50116e-08
 Reference value :  3.51561e-08
 Reference value :  3.53761e-08
 Reference value :  3.56106e-08
 Reference value :  3.59093e-08
 Reference value :  3.61451e-08
 Reference value :  3.63996e-08
 Reference value :  3.67196e-08
 Reference value :  3.69541e-08
 Reference value :  3.72516e-08
 Reference value :  3.74663e-08
 Reference value :  3.77386e-08
 Reference value :  3.79431e-08
 Reference value :  3.81905e-08
 Reference value :  3.82976e-08
 Reference value :  3.86325e-08
 Reference value :  3.88521e-08
 Reference value :  3.91056e-08
 Reference value :  3.94466e-08
 Reference value :  3.96411e-08
 Reference value :  3.99960e-08
 Reference value :  4.01756e-08
 Reference value :  4.04586e-08
 Reference value :  4.06901e-08
 Reference value :  4.09423e-08
 Reference value :  4.13023e-08
 Reference value :  4.15191e-08
 Reference value :  4.18265e-08
 Reference value :  4.20536e-08
 Reference value :  4.22941e-08
 Reference value :  4.26081e-08
 Reference value :  4.28426e-08
 Reference value :  4.31775e-08
 Reference value :  4.33971e-08
 Reference value :  4.36506e-08
 Reference value :  4.39316e-08
 Reference value :  4.41461e-08
 Reference value :  4.44461e-08
 Reference value :  4.46806e-08
 Reference value :  4.49967e-08
 Reference value :  4.52351e-08
 Reference value :  4.54873e-08
 Reference value :  4.56073e-08
 Reference value :  4.59083e-08
 Reference value :  4.61241e-08
 Reference value :  4.63776e-08
 Reference value :  4.66986e-08
 Reference value :  4.68391e-08
 Reference value :  4.71531e-08
 Reference value :  4.73876e-08
 Reference value :  4.77225e-08
 Reference value :  4.79221e-08
 Reference value :  4.81904e-08
 Reference value :  4.84966e-08
 Reference value :  4.87311e-08
 Reference value :  4.90311e-08
 Reference value :  4.92633e-08
 Reference value :  4.95530e-08
 Reference value :  4.97801e-08
 Reference value :  5.00206e-08
 Reference value :  5.03546e-08
 Reference value :  5.05691e-08
 Reference value :  5.08866e-08
 Reference value :  5.11236e-08
 Reference value :  5.13719e-08
 Reference value :  5.16181e-08
 Reference value :  5.18386e-08
 Reference value :  5.21726e-08
 Reference value :  5.23871e-08
 Reference value :  5.27046e-08
 Reference value :  5.28993e-08
 Reference value :  5.31846e-08
 Reference value :  5.34161e-08
 Reference value :  5.36566e-08
 Reference value :  5.38106e-08
 Reference value :  5.40989e-08
 Reference value :  5.43851e-08
 Reference value :  5.45996e-08
 Reference value :  5.48996e-08
 Reference value :  5.49596e-08
 Reference value :  5.50541e-08
 Reference value :  5.52941e-08
 Reference value :  5.54676e-08
 Reference value :  5.56686e-08
 Reference value :  5.59035e-08
 Reference value :  5.60031e-08
 Reference value :  5.63231e-08
 Reference value :  5.65753e-08
 Reference value :  5.68276e-08
 Reference value :  5.71121e-08
 Reference value :  5.73266e-08
 Reference value :  5.76666e-08
 Reference value :  5.78611e-08
 Reference value :  5.81841e-08
 Reference value :  5.84556e-08
 Reference value :  5.86901e-08
 Reference value :  5.90501e-08
 Reference value :  5.92646e-08
 Reference value :  5.95476e-08
 Reference value :  5.97791e-08
 Reference value :  6.00336e-08
 Reference value :  6.03136e-08
 Reference value :  6.05081e-08
 Reference value :  6.08481e-08
 Reference value :  6.10026e-08
 Reference value :  6.13226e-08
 Reference value :  6.15171e-08
 Reference value :  6.18201e-08
 Reference value :  6.20716e-08
 Reference value :  6.23061e-08
 Reference value :  6.26661e-08
 Reference value :  6.29006e-08
 Reference value :  6.31880e-08
 Reference value :  6.34351e-08
 Reference value :  6.36434e-08
 Reference value :  6.39296e-08
 Reference value :  6.41641e-08
 Reference value :  6.44841e-08
 Reference value :  6.46986e-08
 Reference value :  6.49935e-08
 Reference value :  6.52131e-08
 Reference value :  6.54666e-08
 Reference value :  6.57876e-08
 Reference value :  6.60021e-08
 Reference value :  6.63221e-08
 Reference value :  6.65143e-08
 Reference value :  6.68115e-08
 Reference value :  6.70311e-08
 Reference value :  6.72811e-08
 Reference value :  6.75856e-08
 Reference value :  6.78201e-08
 Reference value :  6.81201e-08
 Reference value :  6.83146e-08
 Reference value :  6.85946e-08
 Reference value :  6.88091e-08
 Reference value :  6.90921e-08
 Reference value :  6.93236e-08
 Reference value :  6.95036e-08
 Reference value :  6.96981e-08
 Reference value :  7.00055e-08
 Reference value :  7.02726e-08
 Reference value :  7.04871e-08
 Reference value :  7.08071e-08
 Reference value :  7.10216e-08
 Reference value :  7.13391e-08
 Reference value :  7.15361e-08
 Reference value :  7.18191e-08
 Reference value :  7.20306e-08
 Reference value :  7.22806e-08
 Reference value :  7.25651e-08
 Reference value :  7.27796e-08
 Reference value :  7.31396e-08
 Reference value :  7.33341e-08
 Reference value :  7.36423e-08
 Reference value :  7.39463e-08
 Reference value :  7.41631e-08
 Reference value :  7.44631e-08
 Reference value :  7.45440e-08
 Reference value :  7.46153e-08
 Reference value :  7.48553e-08
 Reference value :  7.50059e-08
 Reference value :  7.51721e-08
 Reference value :  7.54296e-08
 Reference value :  7.55266e-08
 Reference value :  7.57466e-08
 Reference value :  7.58841e-08
 Reference value :  7.60811e-08
 Reference value :  7.63694e-08
 Reference value :  7.66556e-08
 Reference value :  7.68901e-08
 Reference value :  7.69501e-08
 Reference value :  7.72476e-08
 Reference value :  7.74446e-08
 Reference value :  7.77276e-08
 Reference value :  7.79591e-08
 Reference value :  7.81926e-08
 Reference value :  7.83536e-08
 Reference value :  7.86410e-08
 Reference value :  7.89081e-08
 Reference value :  7.91086e-08
 Reference value :  7.94626e-08
 Reference value :  7.96571e-08
 Reference value :  7.99932e-08
 Reference value :  8.02116e-08
 Reference value :  8.04599e-08
 Reference value :  8.07661e-08
 Reference value :  8.09606e-08
 Reference value :  8.13006e-08
 Reference value :  8.14951e-08
 Reference value :  8.18225e-08
 Reference value :  8.20873e-08
 Reference value :  8.23041e-08
 Reference value :  8.26241e-08
 Reference value :  8.27315e-08
 Reference value :  8.29386e-08
 Reference value :  8.31860e-08
 Reference value :  8.34331e-08
 Reference value :  8.36466e-08
 Reference value :  8.39276e-08
 Reference value :  8.41221e-08
 Reference value :  8.44421e-08
 Reference value :  8.46766e-08
 Reference value :  8.49741e-08
 Reference value :  8.51911e-08
 Reference value :  8.54111e-08
 Reference value :  8.56456e-08
 Reference value :  8.59139e-08
 Reference value :  8.61801e-08
 Reference value :  8.63946e-08
 Reference value :  8.65946e-08
 Reference value :  8.68132e-08
 Reference value :  8.70491e-08
 Reference value :  8.72826e-08
 Reference value :  8.74636e-08
 Reference value :  8.77222e-08
 Reference value :  8.77981e-08
 Reference value :  8.80981e-08
 Reference value :  8.83126e-08
 Reference value :  8.86287e-08
 Reference value :  8.88671e-08
 Reference value :  8.91076e-08
 Reference value :  8.94416e-08
 Reference value :  8.95621e-08
 Reference value :  8.97561e-08
 Reference value :  8.99361e-08
 Reference value :  9.00483e-08
 Reference value :  9.02883e-08
 Reference value :  9.04589e-08
 Reference value :  9.05651e-08
 Reference value :  9.07851e-08
 Reference value :  9.09000e-08
 Reference value :  9.11196e-08
 Reference value :  9.13679e-08
 Reference value :  9.16741e-08
 Reference value :  9.18224e-08
 Reference value :  9.20086e-08
 Reference value :  9.22769e-08
 Reference value :  9.25631e-08
 Reference value :  9.27976e-08
 Reference value :  9.30376e-08
 Reference value :  9.31876e-08
 Reference value :  9.33321e-08
 Reference value :  9.36351e-08
 Reference value :  9.38866e-08
 Reference value :  9.41411e-08
 Reference value :  9.45011e-08
 Reference value :  9.46956e-08
 Reference value :  9.49917e-08
 Reference value :  9.51301e-08
 Reference value :  9.54487e-08
 Reference value :  9.56846e-08
 Reference value :  9.59251e-08
 Reference value :  9.62391e-08
 Reference value :  9.64736e-08
 Reference value :  9.68085e-08
 Reference value :  9.69881e-08
 Reference value :  9.72650e-08
 Reference value :  9.74803e-08
 Reference value :  9.77326e-08
 Reference value :  9.80571e-08
 Reference value :  9.82316e-08
 Reference value :  9.85516e-08
 Reference value :  9.87261e-08
 Reference value :  9.89661e-08
 Reference value :  9.90944e-08
 Reference value :  9.93206e-08
 Reference value :  9.95436e-08
 Reference value :  9.96951e-08
 Reference value :  9.99151e-08
 Reference value :  9.99726e-08
 Reference value :  9.99937e-08
 Reference value :  1.00070e-07
 Reference value :  1.00290e-07
 Reference value :  1.00457e-07
 Reference value :  1.00504e-07
 Reference value :  1.00564e-07
 Reference value :  1.00624e-07
 Reference value :  1.00844e-07
 Reference value :  1.00918e-07
 Reference value :  1.01279e-07
 Reference value :  1.01453e-07
 Reference value :  1.01493e-07
 Reference value :  1.01553e-07
 Reference value :  1.01816e-07
 Reference value :  1.02088e-07
 Reference value :  1.02288e-07
 Reference value :  1.02622e-07
 Reference value :  1.02817e-07
 Reference value :  1.03117e-07
 Reference value :  1.03251e-07
 Reference value :  1.03391e-07
 Reference value :  1.03627e-07
 Reference value :  1.03826e-07
 Reference value :  1.04099e-07
 Reference value :  1.04400e-07
 Reference value :  1.04655e-07
 Reference value :  1.04972e-07
 Reference value :  1.05189e-07
 Reference value :  1.05459e-07
 Reference value :  1.05761e-07
 Reference value :  1.05998e-07
 Reference value :  1.06318e-07
 Reference value :  1.06513e-07
 Reference value :  1.06807e-07
 Reference value :  1.07047e-07
 Reference value :  1.07167e-07
 Reference value :  1.07270e-07
 Reference value :  1.07542e-07
 Reference value :  1.07742e-07
 Reference value :  1.08076e-07
 Reference value :  1.08291e-07
 Reference value :  1.08625e-07
 Reference value :  1.08805e-07
 Reference value :  1.08965e-07
 Reference value :  1.09045e-07
 Reference value :  1.09160e-07
 Reference value :  1.09420e-07
 Reference value :  1.09553e-07
 Reference value :  1.09774e-07
 Reference value :  1.09990e-07
 Reference value :  1.10069e-07
 Reference value :  1.10229e-07
 Reference value :  1.10469e-07
 Reference value :  1.10803e-07
 Reference value :  1.11018e-07
 Reference value :  1.11356e-07
 Reference value :  1.11572e-07
 Reference value :  1.11712e-07
 Reference value :  1.11927e-07
 Reference value :  1.12227e-07
 Reference value :  1.12421e-07
 Reference value :  1.12722e-07
 Reference value :  1.13013e-07
 Reference value :  1.13230e-07
 Reference value :  1.13570e-07
 Reference value :  1.13785e-07
 Reference value :  1.14088e-07
 Reference value :  1.14359e-07
 Reference value :  1.14574e-07
 Reference value :  1.14934e-07
 Reference value :  1.15128e-07
 Reference value :  1.15443e-07
 Reference value :  1.15623e-07
 Reference value :  1.15803e-07
 Reference value :  1.15880e-07
 Reference value :  1.16077e-07
 Reference value :  1.16364e-07
 Reference value :  1.16592e-07
 Reference value :  1.16832e-07
 Reference value :  1.17026e-07
 Reference value :  1.17273e-07
 Reference value :  1.17461e-07
 Reference value :  1.17729e-07
 Reference value :  1.17975e-07
 Reference value :  1.18210e-07
 Reference value :  1.18570e-07
 Reference value :  1.18744e-07
 Reference value :  1.19083e-07
 Reference value :  1.19319e-07
 Reference value :  1.19552e-07
 Reference value :  1.19833e-07
 Reference value :  1.20014e-07
 Reference value :  1.20148e-07
 Reference value :  1.20444e-07
 Reference value :  1.20682e-07
 Reference value :  1.20912e-07
 Reference value :  1.21217e-07
 Reference value :  1.21411e-07
 Reference value :  1.21731e-07
 Reference value :  1.21946e-07
 Reference value :  1.22264e-07
 Reference value :  1.22520e-07
 Reference value :  1.22730e-07
 Reference value :  1.23035e-07
 Reference value :  1.23209e-07
 Reference value :  1.23509e-07
 Reference value :  1.23724e-07
 Reference value :  1.23864e-07
 Reference value :  1.24104e-07
 Reference value :  1.24418e-07
 Reference value :  1.24653e-07
 Reference value :  1.24987e-07
 Reference value :  1.25227e-07
 Reference value :  1.25455e-07
 Reference value :  1.25742e-07
 Reference value :  1.25922e-07
 Reference value :  1.26236e-07
 Reference value :  1.26471e-07
 Reference value :  1.26807e-07
 Reference value :  1.27045e-07
 Reference value :  1.27279e-07
 Reference value :  1.27580e-07
 Reference value :  1.27794e-07
 Reference value :  1.28094e-07
 Reference value :  1.28329e-07
 Reference value :  1.28627e-07
 Reference value :  1.28903e-07
 Reference value :  1.29104e-07
 Reference value :  1.29418e-07
 Reference value :  1.29612e-07
 Reference value :  1.29970e-07
 Reference value :  1.30002e-07
 Reference value :  1.30247e-07
 Reference value :  1.30481e-07
 Reference value :  1.30661e-07
 Reference value :  1.30922e-07
 Reference value :  1.31236e-07
 Reference value :  1.31430e-07
 Reference value :  1.31770e-07
 Reference value :  1.31842e-07
 Reference value :  1.32202e-07
 Reference value :  1.32419e-07
 Reference value :  1.32619e-07
 Reference value :  1.32831e-07
 Reference value :  1.33131e-07
 Reference value :  1.33348e-07
 Reference value :  1.33636e-07
 Reference value :  1.33923e-07
 Reference value :  1.34157e-07
 Reference value :  1.34497e-07
 Reference value :  1.34712e-07
 Reference value :  1.34987e-07
 Reference value :  1.35186e-07
 Reference value :  1.35454e-07
 Reference value :  1.35741e-07
 Reference value :  1.35975e-07
 Reference value :  1.36333e-07
 Reference value :  1.36530e-07
 Reference value :  1.36817e-07
 Reference value :  1.37084e-07
 Reference value :  1.37319e-07
 Reference value :  1.37659e-07
 Reference value :  1.37893e-07
 Reference value :  1.38183e-07
 Reference value :  1.38448e-07
 Reference value :  1.38648e-07
 Reference value :  1.38802e-07
 Reference value :  1.38902e-07
 Reference value :  1.39103e-07
 Reference value :  1.39457e-07
 Reference value :  1.39691e-07
 Reference value :  1.39994e-07
 Reference value :  1.40226e-07
 Reference value :  1.40453e-07
 Reference value :  1.40760e-07
 Reference value :  1.40975e-07
 Reference value :  1.41332e-07
 Reference value :  1.41549e-07
 Reference value :  1.41823e-07
 Reference value :  1.42144e-07
 Reference value :  1.42318e-07
 Reference value :  1.42638e-07
 Reference value :  1.42833e-07
 Reference value :  1.43167e-07
 Reference value :  1.43367e-07
 Reference value :  1.43635e-07
 Reference value :  1.43922e-07
 Reference value :  1.44116e-07
 Reference value :  1.44456e-07
 Reference value :  1.44671e-07
 Reference value :  1.44871e-07
 Reference value :  1.45085e-07
 Reference value :  1.45405e-07
 Reference value :  1.45500e-07
 Reference value :  1.45600e-07
 Reference value :  1.45896e-07
 Reference value :  1.46054e-07
 Reference value :  1.46361e-07
 Reference value :  1.46629e-07
 Reference value :  1.46883e-07
 Reference value :  1.47203e-07
 Reference value :  1.47435e-07
 Reference value :  1.47725e-07
 Reference value :  1.47972e-07
 Reference value :  1.48244e-07
 Reference value :  1.48544e-07
 Reference value :  1.48761e-07
 Reference value :  1.49077e-07
 Reference value :  1.49336e-07
 Reference value :  1.49556e-07
 Reference value :  1.49910e-07
 Reference value :  1.50145e-07
 Reference value :  1.50441e-07
 Reference value :  1.50679e-07
 Reference value :  1.50920e-07
 Reference value :  1.51274e-07
 Reference value :  1.51367e-07
 Reference value :  1.51708e-07
 Reference value :  1.51903e-07
 Reference value :  1.52223e-07
 Reference value :  1.52437e-07
 Reference value :  1.52557e-07
 Reference value :  1.52597e-07
 Reference value :  1.52637e-07
 Reference value :  1.52677e-07
 Reference value :  1.52713e-07
 Reference value :  1.52872e-07
 Reference value :  1.53132e-07
 Reference value :  1.53266e-07
 Reference value :  1.53466e-07
 Reference value :  1.53604e-07
 Reference value :  1.53761e-07
 Reference value :  1.53901e-07
 Reference value :  1.53961e-07
 Reference value :  1.54001e-07
 Reference value :  1.54088e-07
 Reference value :  1.54094e-07
 Reference value :  1.54135e-07
 Reference value :  1.54175e-07
 Reference value :  1.54215e-07
 Reference value :  1.54255e-07
 Reference value :  1.54315e-07
 Reference value :  1.54355e-07
 Reference value :  1.54395e-07
 Reference value :  1.54435e-07
 Reference value :  1.54495e-07
 Reference value :  1.54531e-07
 Reference value :  1.54542e-07
 Reference value :  1.54750e-07
 Reference value :  1.54810e-07
 Reference value :  1.55044e-07
 Reference value :  1.55364e-07
 Reference value :  1.55499e-07
 Reference value :  1.55839e-07
 Reference value :  1.55953e-07
 Reference value :  1.56293e-07
 Reference value :  1.56508e-07
 Reference value :  1.56815e-07
 Reference value :  1.57082e-07
 Reference value :  1.57317e-07
 Reference value :  1.57657e-07
 Reference value :  1.57851e-07
 Reference value :  1.58170e-07
 Reference value :  1.58386e-07
 Reference value :  1.58639e-07
 Reference value :  1.58980e-07
 Reference value :  1.59195e-07
 Reference value :  1.59475e-07
 Reference value :  1.59669e-07
 Reference value :  1.59992e-07
 Reference value :  1.60244e-07
 Reference value :  1.60478e-07
 Reference value :  1.60838e-07
 Reference value :  1.61053e-07
 Reference value :  1.61273e-07
 Reference value :  1.61467e-07
 Reference value :  1.61802e-07
 Reference value :  1.61982e-07
 Reference value :  1.62265e-07
 Reference value :  1.62516e-07
 Reference value :  1.62711e-07
 Reference value :  1.62888e-07
 Reference value :  1.63178e-07
 Reference value :  1.63445e-07
 Reference value :  1.63657e-07
 Reference value :  1.64037e-07
 Reference value :  1.64194e-07
 Reference value :  1.64474e-07
 Reference value :  1.64609e-07
 Reference value :  1.64949e-07
 Reference value :  1.65143e-07
 Reference value :  1.65403e-07
 Reference value :  1.65498e-07
 Reference value :  1.65818e-07
 Reference value :  1.66012e-07
 Reference value :  1.66312e-07
 Reference value :  1.66527e-07
 Reference value :  1.66805e-07
 Reference value :  1.67021e-07
 Reference value :  1.67271e-07
 Reference value :  1.67556e-07
 Reference value :  1.67790e-07
 Reference value :  1.68090e-07
 Reference value :  1.68305e-07
 Reference value :  1.68602e-07
 Reference value :  1.68799e-07
 Reference value :  1.69089e-07
 Reference value :  1.69374e-07
 Reference value :  1.69628e-07
 Reference value :  1.69928e-07
 Reference value :  1.70143e-07
 Reference value :  1.70450e-07
 Reference value :  1.70697e-07
 Reference value :  1.70952e-07
 Reference value :  1.71252e-07
 Reference value :  1.71486e-07
 Reference value :  1.71784e-07
 Reference value :  1.71981e-07
 Reference value :  1.72269e-07
 Reference value :  1.72535e-07
 Reference value :  1.72725e-07
 Reference value :  1.72950e-07
 Reference value :  1.73180e-07
 Reference value :  1.73424e-07
 Reference value :  1.73659e-07
 Reference value :  1.73999e-07
 Reference value :  1.74193e-07
 Reference value :  1.74528e-07
 Reference value :  1.74708e-07
 Reference value :  1.74995e-07
 Reference value :  1.75242e-07
 Reference value :  1.75477e-07
 Reference value :  1.75797e-07
 Reference value :  1.76011e-07
 Reference value :  1.76350e-07
 Reference value :  1.76586e-07
 Reference value :  1.76819e-07
 Reference value :  1.77100e-07
 Reference value :  1.77335e-07
 Reference value :  1.77655e-07
 Reference value :  1.77769e-07
 Reference value :  1.78129e-07
 Reference value :  1.78324e-07
 Reference value :  1.78627e-07
 Reference value :  1.78858e-07
 Reference value :  1.79110e-07
 Reference value :  1.79410e-07
 Reference value :  1.79627e-07
 Reference value :  1.79983e-07
 Reference value :  1.80182e-07
 Reference value :  1.80445e-07
 Reference value :  1.80676e-07
 Reference value :  1.80917e-07
 Reference value :  1.81251e-07
 Reference value :  1.81485e-07
 Reference value :  1.81804e-07
 Reference value :  1.82040e-07
 Reference value :  1.82280e-07
 Reference value :  1.82614e-07
 Reference value :  1.82849e-07
 Reference value :  1.83167e-07
 Reference value :  1.83383e-07
 Reference value :  1.83644e-07
 Reference value :  1.83958e-07
 Reference value :  1.84172e-07
 Reference value :  1.84472e-07
 Reference value :  1.84707e-07
 Reference value :  1.84985e-07
 Reference value :  1.85241e-07
 Reference value :  1.85476e-07
 Reference value :  1.85796e-07
 Reference value :  1.86010e-07
 Reference value :  1.86345e-07
 Reference value :  1.86585e-07
 Reference value :  1.86815e-07
 Reference value :  1.86919e-07
 Reference value :  1.87255e-07
 Reference value :  1.87494e-07
 Reference value :  1.87727e-07
 Reference value :  1.88008e-07
 Reference value :  1.88223e-07
 Reference value :  1.88543e-07
 Reference value :  1.88777e-07
 Reference value :  1.89080e-07
 Reference value :  1.89312e-07
 Reference value :  1.89545e-07
 Reference value :  1.89846e-07
 Reference value :  1.90081e-07
 Reference value :  1.90418e-07
 Reference value :  1.90655e-07
 Reference value :  1.90902e-07
 Reference value :  1.91190e-07
 Reference value :  1.91404e-07
 Reference value :  1.91744e-07
 Reference value :  1.91979e-07
 Reference value :  1.92266e-07
 Reference value :  1.92553e-07
 Reference value :  1.92748e-07
 Reference value :  1.93108e-07
 Reference value :  1.93342e-07
 Reference value :  1.93629e-07
 Reference value :  1.93897e-07
 Reference value :  1.94097e-07
 Reference value :  1.94431e-07
 Reference value :  1.94663e-07
 Reference value :  1.94989e-07
 Reference value :  1.95260e-07
 Reference value :  1.95454e-07
 Reference value :  1.95775e-07
 Reference value :  1.95929e-07
 Reference value :  1.96269e-07
 Reference value :  1.96484e-07
 Reference value :  1.96807e-07
 Reference value :  1.97078e-07
 Reference value :  1.97293e-07
 Reference value :  1.97573e-07
 Reference value :  1.97787e-07
 Reference value :  1.98145e-07
 Reference value :  1.98362e-07
 Reference value :  1.98632e-07
 Reference value :  1.98936e-07
 Reference value :  1.99171e-07
 Reference value :  1.99491e-07
 Reference value :  1.99685e-07
 Reference value :  1.99992e-07
 Reference value :  2.00260e-07
 Reference value :  2.00494e-07
 Reference value :  2.00834e-07
 Reference value :  2.01049e-07
 Reference value :  2.01352e-07
 Reference value :  2.01603e-07
 Reference value :  2.01838e-07
 Reference value :  2.02078e-07
 Reference value :  2.02312e-07
 Reference value :  2.02632e-07
 Reference value :  2.02867e-07
 Reference value :  2.03165e-07
 Reference value :  2.03401e-07
 Reference value :  2.03642e-07
 Reference value :  2.03976e-07
 Reference value :  2.04190e-07
 Reference value :  2.04525e-07
 Reference value :  2.04745e-07
 Reference value :  2.04992e-07
 Reference value :  2.05259e-07
 Reference value :  2.05494e-07
 Reference value :  2.05834e-07
 Reference value :  2.06048e-07
 Reference value :  2.06347e-07
 Reference value :  2.06603e-07
 Reference value :  2.06823e-07
 Reference value :  2.07117e-07
 Reference value :  2.07352e-07
 Reference value :  2.07689e-07
 Reference value :  2.07906e-07
 Reference value :  2.08173e-07
 Reference value :  2.08441e-07
 Reference value :  2.08675e-07
 Reference value :  2.08995e-07
 Reference value :  2.09230e-07
 Reference value :  2.09528e-07
 Reference value :  2.09784e-07
 Reference value :  2.10003e-07
 Reference value :  2.10336e-07
 Reference value :  2.10553e-07
 Reference value :  2.10693e-07
 Reference value :  2.10901e-07
 Reference value :  2.11128e-07
 Reference value :  2.11368e-07
 Reference value :  2.11662e-07
 Reference value :  2.11797e-07
 Reference value :  2.11997e-07
 Reference value :  2.12264e-07
 Reference value :  2.12551e-07
 Reference value :  2.12746e-07
 Reference value :  2.13106e-07
 Reference value :  2.13300e-07
 Reference value :  2.13615e-07
 Reference value :  2.13815e-07
 Reference value :  2.14082e-07
 Reference value :  2.14349e-07
 Reference value :  2.14584e-07
 Reference value :  2.14961e-07
 Reference value :  2.15158e-07
 Reference value :  2.15441e-07
 Reference value :  2.15573e-07
 Reference value :  2.15891e-07
 Reference value :  2.16147e-07
 Reference value :  2.16368e-07
 Reference value :  2.16682e-07
 Reference value :  2.16876e-07
 Reference value :  2.17234e-07
 Reference value :  2.17431e-07
 Reference value :  2.17719e-07
 Reference value :  2.18005e-07
 Reference value :  2.18200e-07
 Reference value :  2.18520e-07
 Reference value :  2.18714e-07
 Reference value :  2.19069e-07
 Reference value :  2.19269e-07
 Reference value :  2.19539e-07
 Reference value :  2.19843e-07
 Reference value :  2.20078e-07
 Reference value :  2.20398e-07
 Reference value :  2.20572e-07
 Reference value :  2.20852e-07
 Reference value :  2.21067e-07
 Reference value :  2.21355e-07
 Reference value :  2.21501e-07
 Reference value :  2.21808e-07
 Reference value :  2.22096e-07
 Reference value :  2.22290e-07
 Reference value :  2.22610e-07
 Reference value :  2.22765e-07
 Reference value :  2.23085e-07
 Reference value :  2.23279e-07
 Reference value :  2.23615e-07
 Reference value :  2.23834e-07
 Reference value :  2.24082e-07
 Reference value :  2.24388e-07
 Reference value :  2.24603e-07
 Reference value :  2.24960e-07
 Reference value :  2.25157e-07
 Reference value :  2.25447e-07
 Reference value :  2.25749e-07
 Reference value :  2.25966e-07
 Reference value :  2.26286e-07
 Reference value :  2.26501e-07
 Reference value :  2.26804e-07
 Reference value :  2.27035e-07
 Reference value :  2.27276e-07
 Reference value :  2.27590e-07
 Reference value :  2.27804e-07
 Reference value :  2.28142e-07
 Reference value :  2.28339e-07
 Reference value :  2.28622e-07
 Reference value :  2.28813e-07
 Reference value :  2.29083e-07
 Reference value :  2.29368e-07
 Reference value :  2.29582e-07
 Reference value :  2.29922e-07
 Reference value :  2.30117e-07
 Reference value :  2.30440e-07
 Reference value :  2.30671e-07
 Reference value :  2.30926e-07
 Reference value :  2.31226e-07
 Reference value :  2.31440e-07
 Reference value :  2.31778e-07
 Reference value :  2.31935e-07
 Reference value :  2.32251e-07
 Reference value :  2.32449e-07
 Reference value :  2.32609e-07
 Reference value :  2.32804e-07
 Reference value :  2.33141e-07
 Reference value :  2.33338e-07
 Reference value :  2.33617e-07
 Reference value :  2.33873e-07
 Reference value :  2.34086e-07
 Reference value :  2.34427e-07
 Reference value :  2.34602e-07
 Reference value :  2.34942e-07
 Reference value :  2.35116e-07
 Reference value :  2.35435e-07
 Reference value :  2.35671e-07
 Reference value :  2.35904e-07
 Reference value :  2.36245e-07
 Reference value :  2.36420e-07
 Reference value :  2.36760e-07
 Reference value :  2.36954e-07
 Reference value :  2.37261e-07
 Reference value :  2.37589e-07
 Reference value :  2.37823e-07
 Reference value :  2.38159e-07
 Reference value :  2.38358e-07
 Reference value :  2.38628e-07
 Reference value :  2.38932e-07
 Reference value :  2.39167e-07
 Reference value :  2.39467e-07
 Reference value :  2.39581e-07
 Reference value :  2.39881e-07
 Reference value :  2.40116e-07
 Reference value :  2.40431e-07
 Reference value :  2.40630e-07
 Reference value :  2.40904e-07
 Reference value :  2.41205e-07
 Reference value :  2.41419e-07
 Reference value :  2.41719e-07
 Reference value :  2.41934e-07
 Reference value :  2.42257e-07
 Reference value :  2.42488e-07
 Reference value :  2.42743e-07
 Reference value :  2.43023e-07
 Reference value :  2.43257e-07
 Reference value :  2.43595e-07
 Reference value :  2.43812e-07
 Reference value :  2.44082e-07
 Reference value :  2.44366e-07
 Reference value :  2.44641e-07
 Reference value :  2.44958e-07
 Reference value :  2.45175e-07
 Reference value :  2.45442e-07
 Reference value :  2.45750e-07
 Reference value :  2.45964e-07
 Reference value :  2.46304e-07
 Reference value :  2.46519e-07
 Reference value :  2.46759e-07
 Reference value :  2.46806e-07
 Reference value :  2.46833e-07
 Reference value :  2.47133e-07
 Reference value :  2.47328e-07
 Reference value :  2.47628e-07
 Reference value :  2.47862e-07
 Reference value :  2.48161e-07
 Reference value :  2.48437e-07
 Reference value :  2.48630e-07
 Reference value :  2.48951e-07
 Reference value :  2.49166e-07
 Reference value :  2.49426e-07
 Reference value :  2.49529e-07
 Reference value :  2.49660e-07
 Reference value :  2.49760e-07
 Reference value :  2.49994e-07
 Reference value :  2.50315e-07
 Reference value :  2.50445e-07
 Reference value :  2.50609e-07
 Reference value :  2.50896e-07
 Reference value :  2.51164e-07
 Reference value :  2.51378e-07
 Reference value :  2.51678e-07
 Reference value :  2.51933e-07
 Reference value :  2.52193e-07
 Reference value :  2.52266e-07
 Reference value :  2.52467e-07
 Reference value :  2.52721e-07
 Reference value :  2.53062e-07
 Reference value :  2.53256e-07
 Reference value :  2.53456e-07
 Reference value :  2.53611e-07
 Reference value :  2.53831e-07
 Reference value :  2.54081e-07
 Reference value :  2.54405e-07
 Reference value :  2.54620e-07
 Reference value :  2.54940e-07
 Reference value :  2.55094e-07
 Reference value :  2.55254e-07
 Reference value :  2.55509e-07
 Reference value :  2.55829e-07
 Reference value :  2.56043e-07
 Reference value :  2.56338e-07
 Reference value :  2.56558e-07
 Reference value :  2.56808e-07
 Reference value :  2.57112e-07
 Reference value :  2.57287e-07
 Reference value :  2.57567e-07
 Reference value :  2.57781e-07
 Reference value :  2.58101e-07
 Reference value :  2.58316e-07
 Reference value :  2.58623e-07
 Reference value :  2.58910e-07
 Reference value :  2.59125e-07
 Reference value :  2.59445e-07
 Reference value :  2.59659e-07
 Reference value :  2.59978e-07
 Reference value :  2.60234e-07
 Reference value :  2.60454e-07
 Reference value :  2.60768e-07
 Reference value :  2.61003e-07
 Reference value :  2.61339e-07
 Reference value :  2.61577e-07
 Reference value :  2.61818e-07
 Reference value :  2.62152e-07
 Reference value :  2.62326e-07
 Reference value :  2.62684e-07
 Reference value :  2.62901e-07
 Reference value :  2.63169e-07
 Reference value :  2.63395e-07
 Reference value :  2.63610e-07
 Reference value :  2.63767e-07
 Reference value :  2.64064e-07
 Reference value :  2.64284e-07
 Reference value :  2.64521e-07
 Reference value :  2.64556e-07
 Reference value :  2.64896e-07
 Reference value :  2.65113e-07
 Reference value :  2.65432e-07
 Reference value :  2.65441e-07
 Reference value :  2.65528e-07
 Reference value :  2.65828e-07
 Reference value :  2.66042e-07
 Reference value :  2.66341e-07
 Reference value :  2.66597e-07
 Reference value :  2.66792e-07
 Reference value :  2.66991e-07
 Reference value :  2.67259e-07
 Reference value :  2.67566e-07
 Reference value :  2.67719e-07
 Reference value :  2.68000e-07
 Reference value :  2.68174e-07
 Reference value :  2.68355e-07
 Reference value :  2.68623e-07
 Reference value :  2.68889e-07
 Reference value :  2.69144e-07
 Reference value :  2.69384e-07
 Reference value :  2.69531e-07
 Reference value :  2.69818e-07
 Reference value :  2.70013e-07
 Reference value :  2.70353e-07
 Reference value :  2.70567e-07
 Reference value :  2.70747e-07
 Reference value :  2.70882e-07
 Reference value :  2.70922e-07
 Reference value :  2.71202e-07
 Reference value :  2.71352e-07
 Reference value :  2.71456e-07
 Reference value :  2.71736e-07
 Reference value :  2.71951e-07
 Reference value :  2.72249e-07
 Reference value :  2.72505e-07
 Reference value :  2.72645e-07
 Reference value :  2.72840e-07
 Reference value :  2.73156e-07
 Reference value :  2.73374e-07
 Reference value :  2.73628e-07
 Reference value :  2.73949e-07
 Reference value :  2.74163e-07
 Reference value :  2.74501e-07
 Reference value :  2.74738e-07
 Reference value :  2.74986e-07
 Reference value :  2.75252e-07
 Reference value :  2.75487e-07
 Reference value :  2.75827e-07
 Reference value :  2.76061e-07
 Reference value :  2.76348e-07
 Reference value :  2.76616e-07
 Reference value :  2.76850e-07
 Reference value :  2.77170e-07
 Reference value :  2.77385e-07
 Reference value :  2.77682e-07
 Reference value :  2.77879e-07
 Reference value :  2.78154e-07
 Reference value :  2.78374e-07
 Reference value :  2.78621e-07
 Reference value :  2.78828e-07
 Reference value :  2.79071e-07
 Reference value :  2.79303e-07
 Reference value :  2.79543e-07
 Reference value :  2.79857e-07
 Reference value :  2.80052e-07
 Reference value :  2.80392e-07
 Reference value :  2.80566e-07
 Reference value :  2.80846e-07
 Reference value :  2.81021e-07
 Reference value :  2.81344e-07
 Reference value :  2.81575e-07
 Reference value :  2.81805e-07
 Reference value :  2.82130e-07
 Reference value :  2.82324e-07
 Reference value :  2.82682e-07
 Reference value :  2.82879e-07
 Reference value :  2.83167e-07
 Reference value :  2.83433e-07
 Reference value :  2.83668e-07
 Reference value :  2.84028e-07
 Reference value :  2.84222e-07
 Reference value :  2.84518e-07
 Reference value :  2.84697e-07
 Reference value :  2.84980e-07
 Reference value :  2.85231e-07
 Reference value :  2.85466e-07
 Reference value :  2.85826e-07
 Reference value :  2.86040e-07
 Reference value :  2.86347e-07
 Reference value :  2.86635e-07
 Reference value :  2.86849e-07
 Reference value :  2.87169e-07
 Reference value :  2.87344e-07
 Reference value :  2.87664e-07
 Reference value :  2.87878e-07
 Reference value :  2.88161e-07
 Reference value :  2.88373e-07
 Reference value :  2.88623e-07
 Reference value :  2.88887e-07
 Reference value :  2.89122e-07
 Reference value :  2.89442e-07
 Reference value :  2.89636e-07
 Reference value :  2.89972e-07
 Reference value :  2.90191e-07
 Reference value :  2.90441e-07
 Reference value :  2.90705e-07
 Reference value :  2.90825e-07
 Reference value :  2.91000e-07
 Reference value :  2.91336e-07
 Reference value :  2.91574e-07
 Reference value :  2.91804e-07
 Reference value :  2.92109e-07
 Reference value :  2.92323e-07
 Reference value :  2.92643e-07
 Reference value :  2.92858e-07
 Reference value :  2.93161e-07
 Reference value :  2.93432e-07
 Reference value :  2.93647e-07
 Reference value :  2.93987e-07
 Reference value :  2.94201e-07
 Reference value :  2.94518e-07
 Reference value :  2.94773e-07
 Reference value :  2.95010e-07
 Reference value :  2.95350e-07
 Reference value :  2.95542e-07
 Reference value :  2.95861e-07
 Reference value :  2.96079e-07
 Reference value :  2.96349e-07
 Reference value :  2.96614e-07
 Reference value :  2.96848e-07
 Reference value :  2.97208e-07
 Reference value :  2.97423e-07
 Reference value :  2.97710e-07
 Reference value :  2.97957e-07
 Reference value :  2.98192e-07
 Reference value :  2.98512e-07
 Reference value :  2.98646e-07
 Reference value :  2.98986e-07
 Reference value :  2.99044e-07
 Reference value :  2.99261e-07
 Reference value :  2.99524e-07
 Reference value :  2.99815e-07
 Reference value :  3.00000e-07
No. of Data Rows : 19790
sim/harness: analysis complete
Note: Simulation executed from .control section 
Note: Starting dynamic gmin stepping
Note: Dynamic gmin stepping completed
