
Note: Compatibility modes selected: hs a


Circuit: ** sch_path: /home/ubuntu/loom-workspaces/sky130-pll/.loom/worktrees/issue-129/sim/divider/testbench/tb_divider.sch

option SCALE: Scale is set to 1e-06 for instance and model parameters
option SCALE: Scale is set to 1e-06 for instance and model parameters
option SCALE: Scale is set to 1e-06 for instance and model parameters
option SCALE: Scale is set to 1e-06 for instance and model parameters
Doing analysis at TEMP = -40.000000 and TNOM = 27.000000

Using KLU as Direct Linear Solver
 Reference value :  0.00000e+00
 Reference value :  1.57300e-10
 Reference value :  4.67000e-10
 Reference value :  7.54125e-10
 Reference value :  9.68625e-10
 Reference value :  1.20862e-09
 Reference value :  1.36350e-09
 Reference value :  1.48312e-09
 Reference value :  1.72312e-09
 Reference value :  1.83312e-09
 Reference value :  1.89762e-09
 Reference value :  2.01762e-09
 Reference value :  2.27250e-09
 Reference value :  2.28762e-09
 Reference value :  2.61212e-09
 Reference value :  2.80662e-09
 Reference value :  3.18150e-09
 Reference value :  3.40112e-09
 Reference value :  3.65462e-09
 Reference value :  3.71562e-09
 Reference value :  3.77563e-09
 Reference value :  4.09175e-09
 Reference value :  4.19013e-09
 Reference value :  4.54500e-09
 Reference value :  4.72463e-09
 Reference value :  4.82463e-09
 Reference value :  4.88463e-09
 Reference value :  5.01729e-09
 Reference value :  5.35542e-09
 Reference value :  5.57363e-09
 Reference value :  5.87363e-09
 Reference value :  6.01400e-09
 Reference value :  6.09000e-09
 Reference value :  6.29000e-09
 Reference value :  6.50263e-09
 Reference value :  6.78263e-09
 Reference value :  6.95713e-09
 Reference value :  7.19713e-09
 Reference value :  7.29762e-09
 Reference value :  7.39163e-09
 Reference value :  7.53163e-09
 Reference value :  7.73987e-09
 Reference value :  7.96612e-09
 Reference value :  8.22062e-09
 Reference value :  8.52062e-09
 Reference value :  8.63550e-09
 Reference value :  8.67513e-09
 Reference value :  8.91512e-09
 Reference value :  9.12962e-09
 Reference value :  9.40962e-09
 Reference value :  9.60413e-09
 Reference value :  9.80412e-09
 Reference value :  1.00027e-08
 Reference value :  1.01986e-08
 Reference value :  1.04547e-08
 Reference value :  1.06731e-08
 Reference value :  1.09336e-08
 Reference value :  1.11076e-08
 Reference value :  1.13625e-08
 Reference value :  1.15421e-08
 Reference value :  1.18170e-08
 Reference value :  1.20366e-08
 Reference value :  1.22840e-08
 Reference value :  1.25311e-08
 Reference value :  1.27856e-08
 Reference value :  1.30656e-08
 Reference value :  1.32801e-08
 Reference value :  1.35401e-08
 Reference value :  1.36946e-08
 Reference value :  1.39746e-08
 Reference value :  1.41491e-08
 Reference value :  1.45091e-08
 Reference value :  1.46636e-08
 Reference value :  1.49811e-08
 Reference value :  1.51181e-08
 Reference value :  1.52381e-08
 Reference value :  1.53381e-08
 Reference value :  1.54716e-08
 Reference value :  1.56326e-08
 Reference value :  1.57926e-08
 Reference value :  1.59112e-08
 Reference value :  1.60271e-08
 Reference value :  1.61871e-08
 Reference value :  1.62271e-08
 Reference value :  1.63806e-08
 Reference value :  1.65616e-08
 Reference value :  1.67816e-08
 Reference value :  1.69361e-08
 Reference value :  1.72161e-08
 Reference value :  1.74083e-08
 Reference value :  1.76883e-08
 Reference value :  1.78251e-08
 Reference value :  1.79051e-08
 Reference value :  1.81881e-08
 Reference value :  1.84196e-08
 Reference value :  1.86479e-08
 Reference value :  1.88741e-08
 Reference value :  1.91071e-08
 Reference value :  1.93863e-08
 Reference value :  1.95831e-08
 Reference value :  1.99231e-08
 Reference value :  2.01176e-08
 Reference value :  2.02576e-08
 Reference value :  2.04525e-08
 Reference value :  2.05921e-08
 Reference value :  2.07721e-08
 Reference value :  2.09203e-08
 Reference value :  2.10243e-08
 Reference value :  2.12043e-08
 Reference value :  2.13243e-08
 Reference value :  2.13749e-08
 Reference value :  2.15811e-08
 Reference value :  2.18416e-08
 Reference value :  2.21356e-08
 Reference value :  2.23101e-08
 Reference value :  2.25901e-08
 Reference value :  2.27823e-08
 Reference value :  2.29023e-08
 Reference value :  2.31023e-08
 Reference value :  2.33191e-08
 Reference value :  2.36352e-08
 Reference value :  2.38736e-08
 Reference value :  2.40885e-08
 Reference value :  2.42081e-08
 Reference value :  2.44881e-08
 Reference value :  2.46203e-08
 Reference value :  2.49203e-08
 Reference value :  2.50771e-08
 Reference value :  2.52571e-08
 Reference value :  2.54532e-08
 Reference value :  2.56716e-08
 Reference value :  2.57516e-08
 Reference value :  2.59251e-08
 Reference value :  2.61461e-08
 Reference value :  2.63743e-08
 Reference value :  2.66383e-08
 Reference value :  2.68341e-08
 Reference value :  2.71551e-08
 Reference value :  2.73496e-08
 Reference value :  2.74296e-08
 Reference value :  2.77071e-08
 Reference value :  2.78841e-08
 Reference value :  2.81616e-08
 Reference value :  2.83163e-08
 Reference value :  2.84563e-08
 Reference value :  2.86348e-08
 Reference value :  2.88531e-08
 Reference value :  2.91031e-08
 Reference value :  2.93876e-08
 Reference value :  2.95681e-08
 Reference value :  2.97621e-08
 Reference value :  3.00051e-08
 Reference value :  3.02166e-08
 Reference value :  3.04515e-08
 Reference value :  3.04771e-08
 Reference value :  3.07311e-08
 Reference value :  3.09246e-08
 Reference value :  3.12056e-08
 Reference value :  3.13791e-08
 Reference value :  3.16401e-08
 Reference value :  3.18231e-08
 Reference value :  3.19346e-08
 Reference value :  3.22521e-08
 Reference value :  3.24291e-08
 Reference value :  3.27374e-08
 Reference value :  3.29836e-08
 Reference value :  3.31936e-08
 Reference value :  3.34981e-08
 Reference value :  3.36575e-08
 Reference value :  3.38303e-08
 Reference value :  3.39503e-08
 Reference value :  3.40689e-08
 Reference value :  3.42071e-08
 Reference value :  3.44071e-08
 Reference value :  3.45545e-08
 Reference value :  3.47416e-08
 Reference value :  3.49416e-08
 Reference value :  3.50761e-08
 Reference value :  3.53161e-08
 Reference value :  3.54661e-08
 Reference value :  3.55706e-08
 Reference value :  3.57906e-08
 Reference value :  3.59451e-08
 Reference value :  3.62251e-08
 Reference value :  3.63996e-08
 Reference value :  3.66796e-08
 Reference value :  3.68741e-08
 Reference value :  3.72141e-08
 Reference value :  3.74663e-08
 Reference value :  3.77049e-08
 Reference value :  3.77631e-08
 Reference value :  3.78831e-08
 Reference value :  3.80431e-08
 Reference value :  3.81861e-08
 Reference value :  3.83176e-08
 Reference value :  3.85176e-08
 Reference value :  3.86151e-08
 Reference value :  3.87721e-08
 Reference value :  3.88521e-08
 Reference value :  3.91266e-08
 Reference value :  3.94066e-08
 Reference value :  3.96211e-08
 Reference value :  3.98811e-08
 Reference value :  4.00756e-08
 Reference value :  4.03956e-08
 Reference value :  4.05701e-08
 Reference value :  4.09110e-08
 Reference value :  4.09623e-08
 Reference value :  4.12023e-08
 Reference value :  4.13023e-08
 Reference value :  4.14391e-08
 Reference value :  4.16191e-08
 Reference value :  4.18178e-08
 Reference value :  4.19536e-08
 Reference value :  4.21536e-08
 Reference value :  4.21936e-08
 Reference value :  4.22723e-08
 Reference value :  4.23281e-08
 Reference value :  4.26481e-08
 Reference value :  4.28626e-08
 Reference value :  4.31426e-08
 Reference value :  4.33171e-08
 Reference value :  4.33771e-08
 Reference value :  4.35971e-08
 Reference value :  4.37916e-08
 Reference value :  4.40691e-08
 Reference value :  4.42861e-08
 Reference value :  4.45447e-08
 Reference value :  4.45806e-08
 Reference value :  4.46406e-08
 Reference value :  4.49206e-08
 Reference value :  4.50951e-08
 Reference value :  4.53751e-08
 Reference value :  4.56073e-08
 Reference value :  4.58859e-08
 Reference value :  4.61041e-08
 Reference value :  4.63724e-08
 Reference value :  4.66186e-08
 Reference value :  4.68286e-08
 Reference value :  4.70931e-08
 Reference value :  4.73076e-08
 Reference value :  4.76076e-08
 Reference value :  4.78021e-08
 Reference value :  4.81421e-08
 Reference value :  4.83566e-08
 Reference value :  4.86327e-08
 Reference value :  4.88311e-08
 Reference value :  4.90920e-08
 Reference value :  4.93233e-08
 Reference value :  4.95530e-08
 Reference value :  4.97201e-08
 Reference value :  4.99001e-08
 Reference value :  5.00946e-08
 Reference value :  5.04146e-08
 Reference value :  5.06091e-08
 Reference value :  5.08866e-08
 Reference value :  5.10436e-08
 Reference value :  5.13036e-08
 Reference value :  5.14981e-08
 Reference value :  5.18167e-08
 Reference value :  5.20726e-08
 Reference value :  5.22756e-08
 Reference value :  5.24471e-08
 Reference value :  5.26871e-08
 Reference value :  5.28793e-08
 Reference value :  5.31765e-08
 Reference value :  5.33561e-08
 Reference value :  5.36444e-08
 Reference value :  5.38306e-08
 Reference value :  5.40867e-08
 Reference value :  5.42651e-08
 Reference value :  5.45400e-08
 Reference value :  5.45796e-08
 Reference value :  5.48796e-08
 Reference value :  5.50741e-08
 Reference value :  5.53741e-08
 Reference value :  5.55086e-08
 Reference value :  5.56686e-08
 Reference value :  5.58686e-08
 Reference value :  5.59291e-08
 Reference value :  5.60431e-08
 Reference value :  5.63031e-08
 Reference value :  5.64353e-08
 Reference value :  5.65153e-08
 Reference value :  5.65753e-08
 Reference value :  5.67153e-08
 Reference value :  5.68125e-08
 Reference value :  5.69521e-08
 Reference value :  5.72496e-08
 Reference value :  5.74066e-08
 Reference value :  5.75866e-08
 Reference value :  5.76666e-08
 Reference value :  5.78611e-08
 Reference value :  5.81841e-08
 Reference value :  5.83956e-08
 Reference value :  5.86305e-08
 Reference value :  5.87501e-08
 Reference value :  5.88901e-08
 Reference value :  5.89901e-08
 Reference value :  5.91646e-08
 Reference value :  5.94646e-08
 Reference value :  5.96591e-08
 Reference value :  5.99952e-08
 Reference value :  6.02136e-08
 Reference value :  6.04311e-08
 Reference value :  6.05881e-08
 Reference value :  6.07681e-08
 Reference value :  6.09626e-08
 Reference value :  6.12626e-08
 Reference value :  6.13575e-08
 Reference value :  6.14571e-08
 Reference value :  6.16571e-08
 Reference value :  6.18245e-08
 Reference value :  6.19716e-08
 Reference value :  6.20716e-08
 Reference value :  6.22491e-08
 Reference value :  6.22921e-08
 Reference value :  6.25461e-08
 Reference value :  6.27606e-08
 Reference value :  6.30806e-08
 Reference value :  6.32351e-08
 Reference value :  6.34551e-08
 Reference value :  6.36126e-08
 Reference value :  6.38296e-08
 Reference value :  6.40857e-08
 Reference value :  6.42841e-08
 Reference value :  6.45471e-08
 Reference value :  6.47786e-08
 Reference value :  6.49186e-08
 Reference value :  6.51131e-08
 Reference value :  6.54492e-08
 Reference value :  6.56476e-08
 Reference value :  6.59062e-08
 Reference value :  6.61421e-08
 Reference value :  6.63630e-08
 Reference value :  6.64343e-08
 Reference value :  6.66743e-08
 Reference value :  6.68711e-08
 Reference value :  6.71911e-08
 Reference value :  6.74056e-08
 Reference value :  6.76856e-08
 Reference value :  6.78601e-08
 Reference value :  6.81001e-08
 Reference value :  6.82946e-08
 Reference value :  6.86121e-08
 Reference value :  6.87891e-08
 Reference value :  6.90965e-08
 Reference value :  6.91636e-08
 Reference value :  6.92036e-08
 Reference value :  6.93836e-08
 Reference value :  6.95519e-08
 Reference value :  6.97181e-08
 Reference value :  6.97981e-08
 Reference value :  6.99942e-08
 Reference value :  7.00726e-08
 Reference value :  7.01126e-08
 Reference value :  7.02526e-08
 Reference value :  7.03126e-08
 Reference value :  7.04475e-08
 Reference value :  7.06271e-08
 Reference value :  7.07271e-08
 Reference value :  7.07871e-08
 Reference value :  7.10016e-08
 Reference value :  7.13016e-08
 Reference value :  7.14961e-08
 Reference value :  7.17561e-08
 Reference value :  7.19306e-08
 Reference value :  7.22481e-08
 Reference value :  7.24451e-08
 Reference value :  7.27334e-08
 Reference value :  7.30196e-08
 Reference value :  7.32001e-08
 Reference value :  7.34541e-08
 Reference value :  7.36471e-08
 Reference value :  7.38863e-08
 Reference value :  7.40960e-08
 Reference value :  7.43831e-08
 Reference value :  7.46153e-08
 Reference value :  7.49353e-08
 Reference value :  7.51321e-08
 Reference value :  7.53521e-08
 Reference value :  7.55066e-08
 Reference value :  7.57666e-08
 Reference value :  7.59611e-08
 Reference value :  7.60611e-08
 Reference value :  7.63641e-08
 Reference value :  7.65956e-08
 Reference value :  7.68230e-08
 Reference value :  7.70501e-08
 Reference value :  7.72731e-08
 Reference value :  7.75046e-08
 Reference value :  7.77346e-08
 Reference value :  7.80391e-08
 Reference value :  7.82736e-08
 Reference value :  7.85536e-08
 Reference value :  7.87481e-08
 Reference value :  7.90656e-08
 Reference value :  7.92826e-08
 Reference value :  7.95412e-08
 Reference value :  7.97571e-08
 Reference value :  8.00054e-08
 Reference value :  8.02716e-08
 Reference value :  8.04861e-08
 Reference value :  8.07861e-08
 Reference value :  8.10006e-08
 Reference value :  8.12806e-08
 Reference value :  8.14951e-08
 Reference value :  8.17551e-08
 Reference value :  8.18673e-08
 Reference value :  8.20673e-08
 Reference value :  8.22073e-08
 Reference value :  8.22901e-08
 Reference value :  8.25041e-08
 Reference value :  8.27271e-08
 Reference value :  8.28386e-08
 Reference value :  8.28986e-08
 Reference value :  8.31735e-08
 Reference value :  8.33531e-08
 Reference value :  8.35731e-08
 Reference value :  8.37476e-08
 Reference value :  8.40476e-08
 Reference value :  8.42421e-08
 Reference value :  8.45407e-08
 Reference value :  8.47566e-08
 Reference value :  8.50040e-08
 Reference value :  8.52311e-08
 Reference value :  8.54594e-08
 Reference value :  8.57256e-08
 Reference value :  8.59191e-08
 Reference value :  8.62401e-08
 Reference value :  8.64346e-08
 Reference value :  8.67546e-08
 Reference value :  8.69491e-08
 Reference value :  8.72091e-08
 Reference value :  8.74036e-08
 Reference value :  8.77185e-08
 Reference value :  8.79381e-08
 Reference value :  8.81916e-08
 Reference value :  8.83326e-08
 Reference value :  8.84526e-08
 Reference value :  8.86312e-08
 Reference value :  8.86671e-08
 Reference value :  8.87071e-08
 Reference value :  8.87871e-08
 Reference value :  8.88871e-08
 Reference value :  8.90271e-08
 Reference value :  8.90857e-08
 Reference value :  8.92216e-08
 Reference value :  8.95016e-08
 Reference value :  8.97161e-08
 Reference value :  9.00043e-08
 Reference value :  9.02883e-08
 Reference value :  9.04711e-08
 Reference value :  9.07251e-08
 Reference value :  9.09256e-08
 Reference value :  9.12396e-08
 Reference value :  9.13371e-08
 Reference value :  9.14741e-08
 Reference value :  9.18127e-08
 Reference value :  9.20286e-08
 Reference value :  9.22769e-08
 Reference value :  9.24631e-08
 Reference value :  9.25831e-08
 Reference value :  9.27776e-08
 Reference value :  9.30976e-08
 Reference value :  9.32921e-08
 Reference value :  9.33921e-08
 Reference value :  9.35521e-08
 Reference value :  9.37666e-08
 Reference value :  9.40815e-08
 Reference value :  9.42411e-08
 Reference value :  9.45360e-08
 Reference value :  9.47156e-08
 Reference value :  9.49942e-08
 Reference value :  9.52101e-08
 Reference value :  9.54846e-08
 Reference value :  9.57846e-08
 Reference value :  9.59991e-08
 Reference value :  9.62791e-08
 Reference value :  9.64336e-08
 Reference value :  9.67136e-08
 Reference value :  9.68681e-08
 Reference value :  9.72281e-08
 Reference value :  9.74203e-08
 Reference value :  9.77187e-08
 Reference value :  9.78971e-08
 Reference value :  9.81546e-08
 Reference value :  9.83316e-08
 Reference value :  9.85716e-08
 Reference value :  9.87861e-08
 Reference value :  9.90822e-08
 Reference value :  9.92806e-08
 Reference value :  9.95355e-08
 Reference value :  9.96551e-08
 Reference value :  9.97351e-08
 Reference value :  9.99551e-08
 Reference value :  1.00050e-07
 Reference value :  1.00190e-07
 Reference value :  1.00444e-07
 Reference value :  1.00544e-07
 Reference value :  1.00624e-07
 Reference value :  1.00844e-07
 Reference value :  1.00912e-07
 Reference value :  1.01159e-07
 Reference value :  1.01369e-07
 Reference value :  1.01673e-07
 Reference value :  1.01868e-07
 Reference value :  1.02148e-07
 Reference value :  1.02302e-07
 Reference value :  1.02582e-07
 Reference value :  1.02757e-07
 Reference value :  1.03077e-07
 Reference value :  1.03291e-07
 Reference value :  1.03627e-07
 Reference value :  1.03846e-07
 Reference value :  1.04089e-07
 Reference value :  1.04300e-07
 Reference value :  1.04535e-07
 Reference value :  1.04695e-07
 Reference value :  1.04989e-07
 Reference value :  1.05189e-07
 Reference value :  1.05469e-07
 Reference value :  1.05761e-07
 Reference value :  1.05958e-07
 Reference value :  1.06178e-07
 Reference value :  1.06393e-07
 Reference value :  1.06693e-07
 Reference value :  1.06867e-07
 Reference value :  1.07227e-07
 Reference value :  1.07402e-07
 Reference value :  1.07502e-07
 Reference value :  1.07622e-07
 Reference value :  1.07720e-07
 Reference value :  1.07732e-07
 Reference value :  1.07996e-07
 Reference value :  1.08190e-07
 Reference value :  1.08471e-07
 Reference value :  1.08665e-07
 Reference value :  1.08985e-07
 Reference value :  1.09160e-07
 Reference value :  1.09380e-07
 Reference value :  1.09550e-07
 Reference value :  1.09814e-07
 Reference value :  1.10004e-07
 Reference value :  1.10189e-07
 Reference value :  1.10445e-07
 Reference value :  1.10683e-07
 Reference value :  1.10938e-07
 Reference value :  1.11238e-07
 Reference value :  1.11452e-07
 Reference value :  1.11712e-07
 Reference value :  1.11887e-07
 Reference value :  1.12187e-07
 Reference value :  1.12381e-07
 Reference value :  1.12716e-07
 Reference value :  1.12913e-07
 Reference value :  1.13179e-07
 Reference value :  1.13390e-07
 Reference value :  1.13490e-07
 Reference value :  1.13685e-07
 Reference value :  1.14005e-07
 Reference value :  1.14139e-07
 Reference value :  1.14459e-07
 Reference value :  1.14654e-07
 Reference value :  1.14971e-07
 Reference value :  1.15168e-07
 Reference value :  1.15443e-07
 Reference value :  1.15603e-07
 Reference value :  1.15863e-07
 Reference value :  1.16077e-07
 Reference value :  1.16365e-07
 Reference value :  1.16652e-07
 Reference value :  1.16866e-07
 Reference value :  1.17126e-07
 Reference value :  1.17321e-07
 Reference value :  1.17641e-07
 Reference value :  1.17855e-07
 Reference value :  1.18174e-07
 Reference value :  1.18430e-07
 Reference value :  1.18530e-07
 Reference value :  1.18744e-07
 Reference value :  1.19024e-07
 Reference value :  1.19119e-07
 Reference value :  1.19299e-07
 Reference value :  1.19516e-07
 Reference value :  1.19693e-07
 Reference value :  1.19996e-07
 Reference value :  1.20248e-07
 Reference value :  1.20458e-07
 Reference value :  1.20682e-07
 Reference value :  1.20910e-07
 Reference value :  1.21137e-07
 Reference value :  1.21355e-07
 Reference value :  1.21551e-07
 Reference value :  1.21825e-07
 Reference value :  1.22066e-07
 Reference value :  1.22276e-07
 Reference value :  1.22520e-07
 Reference value :  1.22728e-07
 Reference value :  1.23015e-07
 Reference value :  1.23229e-07
 Reference value :  1.23569e-07
 Reference value :  1.23764e-07
 Reference value :  1.24061e-07
 Reference value :  1.24258e-07
 Reference value :  1.24378e-07
 Reference value :  1.24613e-07
 Reference value :  1.24793e-07
 Reference value :  1.25003e-07
 Reference value :  1.25247e-07
 Reference value :  1.25455e-07
 Reference value :  1.25702e-07
 Reference value :  1.25915e-07
 Reference value :  1.26176e-07
 Reference value :  1.26411e-07
 Reference value :  1.26731e-07
 Reference value :  1.26925e-07
 Reference value :  1.27205e-07
 Reference value :  1.27340e-07
 Reference value :  1.27640e-07
 Reference value :  1.27794e-07
 Reference value :  1.28152e-07
 Reference value :  1.28369e-07
 Reference value :  1.28625e-07
 Reference value :  1.28803e-07
 Reference value :  1.28963e-07
 Reference value :  1.29178e-07
 Reference value :  1.29458e-07
 Reference value :  1.29592e-07
 Reference value :  1.29872e-07
 Reference value :  1.30067e-07
 Reference value :  1.30387e-07
 Reference value :  1.30601e-07
 Reference value :  1.30896e-07
 Reference value :  1.31076e-07
 Reference value :  1.31352e-07
 Reference value :  1.31530e-07
 Reference value :  1.31820e-07
 Reference value :  1.32082e-07
 Reference value :  1.32272e-07
 Reference value :  1.32419e-07
 Reference value :  1.32619e-07
 Reference value :  1.32751e-07
 Reference value :  1.32911e-07
 Reference value :  1.33111e-07
 Reference value :  1.33172e-07
 Reference value :  1.33182e-07
 Reference value :  1.33268e-07
 Reference value :  1.33388e-07
 Reference value :  1.33448e-07
 Reference value :  1.33508e-07
 Reference value :  1.33568e-07
 Reference value :  1.33623e-07
 Reference value :  1.33627e-07
 Reference value :  1.33636e-07
 Reference value :  1.33642e-07
 Reference value :  1.33663e-07
 Reference value :  1.33703e-07
 Reference value :  1.33743e-07
 Reference value :  1.33863e-07
 Reference value :  1.33903e-07
 Reference value :  1.34023e-07
 Reference value :  1.34086e-07
 Reference value :  1.34277e-07
 Reference value :  1.34477e-07
 Reference value :  1.34547e-07
 Reference value :  1.34792e-07
 Reference value :  1.34995e-07
 Reference value :  1.35226e-07
 Reference value :  1.35481e-07
 Reference value :  1.35801e-07
 Reference value :  1.35995e-07
 Reference value :  1.36255e-07
 Reference value :  1.36410e-07
 Reference value :  1.36670e-07
 Reference value :  1.36864e-07
 Reference value :  1.37224e-07
 Reference value :  1.37399e-07
 Reference value :  1.37679e-07
 Reference value :  1.37873e-07
 Reference value :  1.38013e-07
 Reference value :  1.38168e-07
 Reference value :  1.38348e-07
 Reference value :  1.38624e-07
 Reference value :  1.38802e-07
 Reference value :  1.39090e-07
 Reference value :  1.39357e-07
 Reference value :  1.39557e-07
 Reference value :  1.39831e-07
 Reference value :  1.39999e-07
 Reference value :  1.40286e-07
 Reference value :  1.40456e-07
 Reference value :  1.40780e-07
 Reference value :  1.40975e-07
 Reference value :  1.41275e-07
 Reference value :  1.41489e-07
 Reference value :  1.41749e-07
 Reference value :  1.41904e-07
 Reference value :  1.42164e-07
 Reference value :  1.42338e-07
 Reference value :  1.42678e-07
 Reference value :  1.42873e-07
 Reference value :  1.43169e-07
 Reference value :  1.43327e-07
 Reference value :  1.43587e-07
 Reference value :  1.43742e-07
 Reference value :  1.44022e-07
 Reference value :  1.44216e-07
 Reference value :  1.44532e-07
 Reference value :  1.44751e-07
 Reference value :  1.44911e-07
 Reference value :  1.44989e-07
 Reference value :  1.45185e-07
 Reference value :  1.45448e-07
 Reference value :  1.45640e-07
 Reference value :  1.45908e-07
 Reference value :  1.46134e-07
 Reference value :  1.46389e-07
 Reference value :  1.46689e-07
 Reference value :  1.46863e-07
 Reference value :  1.47123e-07
 Reference value :  1.47273e-07
 Reference value :  1.47395e-07
 Reference value :  1.47495e-07
 Reference value :  1.47635e-07
 Reference value :  1.47726e-07
 Reference value :  1.47852e-07
 Reference value :  1.47932e-07
 Reference value :  1.48012e-07
 Reference value :  1.48052e-07
 Reference value :  1.48092e-07
 Reference value :  1.48150e-07
 Reference value :  1.48224e-07
 Reference value :  1.48264e-07
 Reference value :  1.48304e-07
 Reference value :  1.48344e-07
 Reference value :  1.48384e-07
 Reference value :  1.48424e-07
 Reference value :  1.48464e-07
 Reference value :  1.48504e-07
 Reference value :  1.48544e-07
 Reference value :  1.48584e-07
 Reference value :  1.48622e-07
 Reference value :  1.48630e-07
 Reference value :  1.48637e-07
 Reference value :  1.48647e-07
 Reference value :  1.48921e-07
 Reference value :  1.49136e-07
 Reference value :  1.49456e-07
 Reference value :  1.49650e-07
 Reference value :  1.49930e-07
 Reference value :  1.50065e-07
 Reference value :  1.50325e-07
 Reference value :  1.50519e-07
 Reference value :  1.50779e-07
 Reference value :  1.51014e-07
 Reference value :  1.51314e-07
 Reference value :  1.51361e-07
 Reference value :  1.51468e-07
 Reference value :  1.51708e-07
 Reference value :  1.51923e-07
 Reference value :  1.52203e-07
 Reference value :  1.52417e-07
 Reference value :  1.52713e-07
 Reference value :  1.52892e-07
 Reference value :  1.53166e-07
 Reference value :  1.53226e-07
 Reference value :  1.53506e-07
 Reference value :  1.53681e-07
 Reference value :  1.53901e-07
 Reference value :  1.54091e-07
 Reference value :  1.54355e-07
 Reference value :  1.54590e-07
 Reference value :  1.54890e-07
 Reference value :  1.55104e-07
 Reference value :  1.55364e-07
 Reference value :  1.55559e-07
 Reference value :  1.55839e-07
 Reference value :  1.56053e-07
 Reference value :  1.56352e-07
 Reference value :  1.56568e-07
 Reference value :  1.56708e-07
 Reference value :  1.56902e-07
 Reference value :  1.57182e-07
 Reference value :  1.57337e-07
 Reference value :  1.57537e-07
 Reference value :  1.57677e-07
 Reference value :  1.57811e-07
 Reference value :  1.57931e-07
 Reference value :  1.58170e-07
 Reference value :  1.58266e-07
 Reference value :  1.58486e-07
 Reference value :  1.58566e-07
 Reference value :  1.58680e-07
 Reference value :  1.58860e-07
 Reference value :  1.59075e-07
 Reference value :  1.59175e-07
 Reference value :  1.59455e-07
 Reference value :  1.59669e-07
 Reference value :  1.59988e-07
 Reference value :  1.60224e-07
 Reference value :  1.60452e-07
 Reference value :  1.60678e-07
 Reference value :  1.60906e-07
 Reference value :  1.61173e-07
 Reference value :  1.61366e-07
 Reference value :  1.61447e-07
 Reference value :  1.61687e-07
 Reference value :  1.61814e-07
 Reference value :  1.62002e-07
 Reference value :  1.62202e-07
 Reference value :  1.62275e-07
 Reference value :  1.62456e-07
 Reference value :  1.62636e-07
 Reference value :  1.62768e-07
 Reference value :  1.62888e-07
 Reference value :  1.63174e-07
 Reference value :  1.63405e-07
 Reference value :  1.63677e-07
 Reference value :  1.63997e-07
 Reference value :  1.64194e-07
 Reference value :  1.64414e-07
 Reference value :  1.64569e-07
 Reference value :  1.64829e-07
 Reference value :  1.64997e-07
 Reference value :  1.65243e-07
 Reference value :  1.65498e-07
 Reference value :  1.65798e-07
 Reference value :  1.66012e-07
 Reference value :  1.66232e-07
 Reference value :  1.66427e-07
 Reference value :  1.66547e-07
 Reference value :  1.66687e-07
 Reference value :  1.66803e-07
 Reference value :  1.66861e-07
 Reference value :  1.66921e-07
 Reference value :  1.67161e-07
 Reference value :  1.67264e-07
 Reference value :  1.67416e-07
 Reference value :  1.67616e-07
 Reference value :  1.67710e-07
 Reference value :  1.67736e-07
 Reference value :  1.67970e-07
 Reference value :  1.68180e-07
 Reference value :  1.68465e-07
 Reference value :  1.68699e-07
 Reference value :  1.68999e-07
 Reference value :  1.69174e-07
 Reference value :  1.69454e-07
 Reference value :  1.69628e-07
 Reference value :  1.69928e-07
 Reference value :  1.70083e-07
 Reference value :  1.70403e-07
 Reference value :  1.70577e-07
 Reference value :  1.70837e-07
 Reference value :  1.71012e-07
 Reference value :  1.71329e-07
 Reference value :  1.71526e-07
 Reference value :  1.71814e-07
 Reference value :  1.72081e-07
 Reference value :  1.72281e-07
 Reference value :  1.72555e-07
 Reference value :  1.72729e-07
 Reference value :  1.72830e-07
 Reference value :  1.73110e-07
 Reference value :  1.73304e-07
 Reference value :  1.73619e-07
 Reference value :  1.73839e-07
 Reference value :  1.74082e-07
 Reference value :  1.74253e-07
 Reference value :  1.74529e-07
 Reference value :  1.74748e-07
 Reference value :  1.74991e-07
 Reference value :  1.75222e-07
 Reference value :  1.75497e-07
 Reference value :  1.75777e-07
 Reference value :  1.75904e-07
 Reference value :  1.76151e-07
 Reference value :  1.76291e-07
 Reference value :  1.76361e-07
 Reference value :  1.76526e-07
 Reference value :  1.76726e-07
 Reference value :  1.76814e-07
 Reference value :  1.76960e-07
 Reference value :  1.77200e-07
 Reference value :  1.77315e-07
 Reference value :  1.77475e-07
 Reference value :  1.77635e-07
 Reference value :  1.77789e-07
 Reference value :  1.77929e-07
 Reference value :  1.78172e-07
 Reference value :  1.78224e-07
 Reference value :  1.78544e-07
 Reference value :  1.78738e-07
 Reference value :  1.79079e-07
 Reference value :  1.79310e-07
 Reference value :  1.79543e-07
 Reference value :  1.79767e-07
 Reference value :  1.79947e-07
 Reference value :  1.80022e-07
 Reference value :  1.80222e-07
 Reference value :  1.80402e-07
 Reference value :  1.80516e-07
 Reference value :  1.80756e-07
 Reference value :  1.80904e-07
 Reference value :  1.81071e-07
 Reference value :  1.81211e-07
 Reference value :  1.81405e-07
 Reference value :  1.81645e-07
 Reference value :  1.81860e-07
 Reference value :  1.82140e-07
 Reference value :  1.82334e-07
 Reference value :  1.82692e-07
 Reference value :  1.82869e-07
 Reference value :  1.83146e-07
 Reference value :  1.83323e-07
 Reference value :  1.83601e-07
 Reference value :  1.83798e-07
 Reference value :  1.84074e-07
 Reference value :  1.84292e-07
 Reference value :  1.84546e-07
 Reference value :  1.84827e-07
 Reference value :  1.85007e-07
 Reference value :  1.85241e-07
 Reference value :  1.85448e-07
 Reference value :  1.85716e-07
 Reference value :  1.85909e-07
 Reference value :  1.86230e-07
 Reference value :  1.86425e-07
 Reference value :  1.86705e-07
 Reference value :  1.86919e-07
 Reference value :  1.87159e-07
 Reference value :  1.87334e-07
 Reference value :  1.87574e-07
 Reference value :  1.87748e-07
 Reference value :  1.88068e-07
 Reference value :  1.88283e-07
 Reference value :  1.88600e-07
 Reference value :  1.88777e-07
 Reference value :  1.89017e-07
 Reference value :  1.89172e-07
 Reference value :  1.89432e-07
 Reference value :  1.89606e-07
 Reference value :  1.89906e-07
 Reference value :  1.90021e-07
 Reference value :  1.90321e-07
 Reference value :  1.90475e-07
 Reference value :  1.90735e-07
 Reference value :  1.90950e-07
 Reference value :  1.91250e-07
 Reference value :  1.91484e-07
 Reference value :  1.91799e-07
 Reference value :  1.91999e-07
 Reference value :  1.92257e-07
 Reference value :  1.92453e-07
 Reference value :  1.92720e-07
 Reference value :  1.92948e-07
 Reference value :  1.93175e-07
 Reference value :  1.93382e-07
 Reference value :  1.93629e-07
 Reference value :  1.93877e-07
 Reference value :  1.94087e-07
 Reference value :  1.94371e-07
 Reference value :  1.94603e-07
 Reference value :  1.94923e-07
 Reference value :  1.95100e-07
 Reference value :  1.95340e-07
 Reference value :  1.95495e-07
 Reference value :  1.95755e-07
 Reference value :  1.95949e-07
 Reference value :  1.96269e-07
 Reference value :  1.96484e-07
 Reference value :  1.96764e-07
 Reference value :  1.96958e-07
 Reference value :  1.97236e-07
 Reference value :  1.97313e-07
 Reference value :  1.97613e-07
 Reference value :  1.97807e-07
 Reference value :  1.98162e-07
 Reference value :  1.98362e-07
 Reference value :  1.98625e-07
 Reference value :  1.98736e-07
 Reference value :  1.98896e-07
 Reference value :  1.99072e-07
 Reference value :  1.99171e-07
 Reference value :  1.99371e-07
 Reference value :  1.99529e-07
 Reference value :  1.99685e-07
 Reference value :  1.99905e-07
 Reference value :  1.99981e-07
 Reference value :  2.00180e-07
 Reference value :  2.00434e-07
 Reference value :  2.00574e-07
 Reference value :  2.00834e-07
 Reference value :  2.01009e-07
 Reference value :  2.01326e-07
 Reference value :  2.01369e-07
 Reference value :  2.01563e-07
 Reference value :  2.01806e-07
 Reference value :  2.01918e-07
 Reference value :  2.02138e-07
 Reference value :  2.02268e-07
 Reference value :  2.02372e-07
 Reference value :  2.02492e-07
 Reference value :  2.02707e-07
 Reference value :  2.02867e-07
 Reference value :  2.03144e-07
 Reference value :  2.03341e-07
 Reference value :  2.03628e-07
 Reference value :  2.03896e-07
 Reference value :  2.04089e-07
 Reference value :  2.04350e-07
 Reference value :  2.04551e-07
 Reference value :  2.04785e-07
 Reference value :  2.04925e-07
 Reference value :  2.05059e-07
 Reference value :  2.05259e-07
 Reference value :  2.05438e-07
 Reference value :  2.05554e-07
 Reference value :  2.05674e-07
 Reference value :  2.05794e-07
 Reference value :  2.05901e-07
 Reference value :  2.06108e-07
 Reference value :  2.06343e-07
 Reference value :  2.06523e-07
 Reference value :  2.06799e-07
 Reference value :  2.06957e-07
 Reference value :  2.07264e-07
 Reference value :  2.07532e-07
 Reference value :  2.07725e-07
 Reference value :  2.07966e-07
 Reference value :  2.08176e-07
 Reference value :  2.08461e-07
 Reference value :  2.08675e-07
 Reference value :  2.09035e-07
 Reference value :  2.09150e-07
 Reference value :  2.09310e-07
 Reference value :  2.09537e-07
 Reference value :  2.09784e-07
 Reference value :  2.09994e-07
 Reference value :  2.10216e-07
 Reference value :  2.10442e-07
 Reference value :  2.10673e-07
 Reference value :  2.10948e-07
 Reference value :  2.11228e-07
 Reference value :  2.11422e-07
 Reference value :  2.11642e-07
 Reference value :  2.11837e-07
 Reference value :  2.12097e-07
 Reference value :  2.12291e-07
 Reference value :  2.12571e-07
 Reference value :  2.12766e-07
 Reference value :  2.13086e-07
 Reference value :  2.13220e-07
 Reference value :  2.13500e-07
 Reference value :  2.13675e-07
 Reference value :  2.13975e-07
 Reference value :  2.14209e-07
 Reference value :  2.14524e-07
 Reference value :  2.14744e-07
 Reference value :  2.14982e-07
 Reference value :  2.15218e-07
 Reference value :  2.15473e-07
 Reference value :  2.15773e-07
 Reference value :  2.15987e-07
 Reference value :  2.16247e-07
 Reference value :  2.16442e-07
 Reference value :  2.16742e-07
 Reference value :  2.16976e-07
 Reference value :  2.17255e-07
 Reference value :  2.17491e-07
 Reference value :  2.17631e-07
 Reference value :  2.17845e-07
 Reference value :  2.18125e-07
 Reference value :  2.18280e-07
 Reference value :  2.18580e-07
 Reference value :  2.18754e-07
 Reference value :  2.19073e-07
 Reference value :  2.19289e-07
 Reference value :  2.19536e-07
 Reference value :  2.19743e-07
 Reference value :  2.19979e-07
 Reference value :  2.20138e-07
 Reference value :  2.20398e-07
 Reference value :  2.20612e-07
 Reference value :  2.20899e-07
 Reference value :  2.21167e-07
 Reference value :  2.21367e-07
 Reference value :  2.21621e-07
 Reference value :  2.21836e-07
 Reference value :  2.22136e-07
 Reference value :  2.22330e-07
 Reference value :  2.22590e-07
 Reference value :  2.22717e-07
 Reference value :  2.22845e-07
 Reference value :  2.22985e-07
 Reference value :  2.23065e-07
 Reference value :  2.23161e-07
 Reference value :  2.23279e-07
 Reference value :  2.23339e-07
 Reference value :  2.23479e-07
 Reference value :  2.23539e-07
 Reference value :  2.23597e-07
 Reference value :  2.23626e-07
 Reference value :  2.23874e-07
 Reference value :  2.24087e-07
 Reference value :  2.24368e-07
 Reference value :  2.24603e-07
 Reference value :  2.24923e-07
 Reference value :  2.25097e-07
 Reference value :  2.25377e-07
 Reference value :  2.25569e-07
 Reference value :  2.25868e-07
 Reference value :  2.26046e-07
 Reference value :  2.26354e-07
 Reference value :  2.26641e-07
 Reference value :  2.26855e-07
 Reference value :  2.27135e-07
 Reference value :  2.27330e-07
 Reference value :  2.27650e-07
 Reference value :  2.27844e-07
 Reference value :  2.28167e-07
 Reference value :  2.28399e-07
 Reference value :  2.28629e-07
 Reference value :  2.28893e-07
 Reference value :  2.29083e-07
 Reference value :  2.29328e-07
 Reference value :  2.29526e-07
 Reference value :  2.29762e-07
 Reference value :  2.30017e-07
 Reference value :  2.30317e-07
 Reference value :  2.30491e-07
 Reference value :  2.30791e-07
 Reference value :  2.30986e-07
 Reference value :  2.31286e-07
 Reference value :  2.31500e-07
 Reference value :  2.31803e-07
 Reference value :  2.32055e-07
 Reference value :  2.32263e-07
 Reference value :  2.32509e-07
 Reference value :  2.32719e-07
 Reference value :  2.32944e-07
 Reference value :  2.33167e-07
 Reference value :  2.33418e-07
 Reference value :  2.33673e-07
 Reference value :  2.33973e-07
 Reference value :  2.34187e-07
 Reference value :  2.34427e-07
 Reference value :  2.34602e-07
 Reference value :  2.34882e-07
 Reference value :  2.35056e-07
 Reference value :  2.35376e-07
 Reference value :  2.35571e-07
 Reference value :  2.35885e-07
 Reference value :  2.36085e-07
 Reference value :  2.36348e-07
 Reference value :  2.36600e-07
 Reference value :  2.36813e-07
 Reference value :  2.37134e-07
 Reference value :  2.37349e-07
 Reference value :  2.37669e-07
 Reference value :  2.37843e-07
 Reference value :  2.38162e-07
 Reference value :  2.38398e-07
 Reference value :  2.38626e-07
 Reference value :  2.38872e-07
 Reference value :  2.39080e-07
 Reference value :  2.39367e-07
 Reference value :  2.39547e-07
 Reference value :  2.39881e-07
 Reference value :  2.40116e-07
 Reference value :  2.40431e-07
 Reference value :  2.40630e-07
 Reference value :  2.40885e-07
 Reference value :  2.41065e-07
 Reference value :  2.41340e-07
 Reference value :  2.41539e-07
 Reference value :  2.41809e-07
 Reference value :  2.42114e-07
 Reference value :  2.42328e-07
 Reference value :  2.42548e-07
 Reference value :  2.42763e-07
 Reference value :  2.43063e-07
 Reference value :  2.43277e-07
 Reference value :  2.43612e-07
 Reference value :  2.43832e-07
 Reference value :  2.44049e-07
 Reference value :  2.44126e-07
 Reference value :  2.44366e-07
 Reference value :  2.44426e-07
 Reference value :  2.44466e-07
 Reference value :  2.44504e-07
 Reference value :  2.44522e-07
 Reference value :  2.44721e-07
 Reference value :  2.44979e-07
 Reference value :  2.45195e-07
 Reference value :  2.45456e-07
 Reference value :  2.45750e-07
 Reference value :  2.45944e-07
 Reference value :  2.46244e-07
 Reference value :  2.46399e-07
 Reference value :  2.46719e-07
 Reference value :  2.46893e-07
 Reference value :  2.47248e-07
 Reference value :  2.47428e-07
 Reference value :  2.47706e-07
 Reference value :  2.47942e-07
 Reference value :  2.48158e-07
 Reference value :  2.48337e-07
 Reference value :  2.48611e-07
 Reference value :  2.48791e-07
 Reference value :  2.49078e-07
 Reference value :  2.49346e-07
 Reference value :  2.49546e-07
 Reference value :  2.49800e-07
 Reference value :  2.49994e-07
 Reference value :  2.50255e-07
 Reference value :  2.50455e-07
 Reference value :  2.50769e-07
 Reference value :  2.50984e-07
 Reference value :  2.51244e-07
 Reference value :  2.51347e-07
 Reference value :  2.51398e-07
 Reference value :  2.51578e-07
 Reference value :  2.51776e-07
 Reference value :  2.51853e-07
 Reference value :  2.52093e-07
 Reference value :  2.52247e-07
 Reference value :  2.52307e-07
 Reference value :  2.52407e-07
 Reference value :  2.52714e-07
 Reference value :  2.52922e-07
 Reference value :  2.53042e-07
 Reference value :  2.53156e-07
 Reference value :  2.53276e-07
 Reference value :  2.53456e-07
 Reference value :  2.53612e-07
 Reference value :  2.53711e-07
 Reference value :  2.53911e-07
 Reference value :  2.53991e-07
 Reference value :  2.54084e-07
 Reference value :  2.54425e-07
 Reference value :  2.54640e-07
 Reference value :  2.54780e-07
 Reference value :  2.54990e-07
 Reference value :  2.55234e-07
 Reference value :  2.55444e-07
 Reference value :  2.55669e-07
 Reference value :  2.55892e-07
 Reference value :  2.56123e-07
 Reference value :  2.56398e-07
 Reference value :  2.56658e-07
 Reference value :  2.56852e-07
 Reference value :  2.57092e-07
 Reference value :  2.57273e-07
 Reference value :  2.57527e-07
 Reference value :  2.57717e-07
 Reference value :  2.57981e-07
 Reference value :  2.58216e-07
 Reference value :  2.58516e-07
 Reference value :  2.58650e-07
 Reference value :  2.58810e-07
 Reference value :  2.59065e-07
 Reference value :  2.59205e-07
 Reference value :  2.59445e-07
 Reference value :  2.59639e-07
 Reference value :  2.59975e-07
 Reference value :  2.60194e-07
 Reference value :  2.60437e-07
 Reference value :  2.60688e-07
 Reference value :  2.60923e-07
 Reference value :  2.61223e-07
 Reference value :  2.61397e-07
 Reference value :  2.61657e-07
 Reference value :  2.61832e-07
 Reference value :  2.62132e-07
 Reference value :  2.62346e-07
 Reference value :  2.62684e-07
 Reference value :  2.62841e-07
 Reference value :  2.63121e-07
 Reference value :  2.63315e-07
 Reference value :  2.63575e-07
 Reference value :  2.63727e-07
 Reference value :  2.64027e-07
 Reference value :  2.64144e-07
 Reference value :  2.64444e-07
 Reference value :  2.64656e-07
 Reference value :  2.64974e-07
 Reference value :  2.65153e-07
 Reference value :  2.65429e-07
 Reference value :  2.65628e-07
 Reference value :  2.65884e-07
 Reference value :  2.66102e-07
 Reference value :  2.66356e-07
 Reference value :  2.66657e-07
 Reference value :  2.66831e-07
 Reference value :  2.67111e-07
 Reference value :  2.67306e-07
 Reference value :  2.67626e-07
 Reference value :  2.67820e-07
 Reference value :  2.68155e-07
 Reference value :  2.68355e-07
 Reference value :  2.68611e-07
 Reference value :  2.68809e-07
 Reference value :  2.69068e-07
 Reference value :  2.69304e-07
 Reference value :  2.69534e-07
 Reference value :  2.69758e-07
 Reference value :  2.70013e-07
 Reference value :  2.70293e-07
 Reference value :  2.70467e-07
 Reference value :  2.70687e-07
 Reference value :  2.70895e-07
 Reference value :  2.70982e-07
 Reference value :  2.71242e-07
 Reference value :  2.71436e-07
 Reference value :  2.71736e-07
 Reference value :  2.71951e-07
 Reference value :  2.72246e-07
 Reference value :  2.72425e-07
 Reference value :  2.72704e-07
 Reference value :  2.72960e-07
 Reference value :  2.73170e-07
 Reference value :  2.73434e-07
 Reference value :  2.73669e-07
 Reference value :  2.73949e-07
 Reference value :  2.74163e-07
 Reference value :  2.74403e-07
 Reference value :  2.74578e-07
 Reference value :  2.74898e-07
 Reference value :  2.74974e-07
 Reference value :  2.75012e-07
 Reference value :  2.75172e-07
 Reference value :  2.75428e-07
 Reference value :  2.75507e-07
 Reference value :  2.75747e-07
 Reference value :  2.75894e-07
 Reference value :  2.76021e-07
 Reference value :  2.76041e-07
 Reference value :  2.76261e-07
 Reference value :  2.76476e-07
 Reference value :  2.76756e-07
 Reference value :  2.76970e-07
 Reference value :  2.77130e-07
 Reference value :  2.77365e-07
 Reference value :  2.77645e-07
 Reference value :  2.77819e-07
 Reference value :  2.78079e-07
 Reference value :  2.78234e-07
 Reference value :  2.78514e-07
 Reference value :  2.78668e-07
 Reference value :  2.79028e-07
 Reference value :  2.79243e-07
 Reference value :  2.79517e-07
 Reference value :  2.79657e-07
 Reference value :  2.79857e-07
 Reference value :  2.80032e-07
 Reference value :  2.80272e-07
 Reference value :  2.80442e-07
 Reference value :  2.80706e-07
 Reference value :  2.80907e-07
 Reference value :  2.81221e-07
 Reference value :  2.81375e-07
 Reference value :  2.81635e-07
 Reference value :  2.81850e-07
 Reference value :  2.82070e-07
 Reference value :  2.82190e-07
 Reference value :  2.82404e-07
 Reference value :  2.82711e-07
 Reference value :  2.82839e-07
 Reference value :  2.82979e-07
 Reference value :  2.83136e-07
 Reference value :  2.83253e-07
 Reference value :  2.83433e-07
 Reference value :  2.83623e-07
 Reference value :  2.83808e-07
 Reference value :  2.83948e-07
 Reference value :  2.84008e-07
 Reference value :  2.84222e-07
 Reference value :  2.84500e-07
 Reference value :  2.84697e-07
 Reference value :  2.84975e-07
 Reference value :  2.85171e-07
 Reference value :  2.85331e-07
 Reference value :  2.85526e-07
 Reference value :  2.85826e-07
 Reference value :  2.86040e-07
 Reference value :  2.86300e-07
 Reference value :  2.86455e-07
 Reference value :  2.86735e-07
 Reference value :  2.86929e-07
 Reference value :  2.87248e-07
 Reference value :  2.87444e-07
 Reference value :  2.87702e-07
 Reference value :  2.87898e-07
 Reference value :  2.88058e-07
 Reference value :  2.88253e-07
 Reference value :  2.88573e-07
 Reference value :  2.88767e-07
 Reference value :  2.89027e-07
 Reference value :  2.89102e-07
 Reference value :  2.89322e-07
 Reference value :  2.89499e-07
 Reference value :  2.89616e-07
 Reference value :  2.89676e-07
 Reference value :  2.89856e-07
 Reference value :  2.89997e-07
 Reference value :  2.90131e-07
 Reference value :  2.90425e-07
 Reference value :  2.90605e-07
 Reference value :  2.90892e-07
 Reference value :  2.91140e-07
 Reference value :  2.91353e-07
 Reference value :  2.91634e-07
 Reference value :  2.91772e-07
 Reference value :  2.91989e-07
 Reference value :  2.92247e-07
 Reference value :  2.92483e-07
 Reference value :  2.92724e-07
 Reference value :  2.93038e-07
 Reference value :  2.93212e-07
 Reference value :  2.93492e-07
 Reference value :  2.93667e-07
 Reference value :  2.93967e-07
 Reference value :  2.94161e-07
 Reference value :  2.94499e-07
 Reference value :  2.94713e-07
 Reference value :  2.94974e-07
 Reference value :  2.95170e-07
 Reference value :  2.95438e-07
 Reference value :  2.95682e-07
 Reference value :  2.95898e-07
 Reference value :  2.96179e-07
 Reference value :  2.96335e-07
 Reference value :  2.96534e-07
 Reference value :  2.96792e-07
 Reference value :  2.96968e-07
 Reference value :  2.97244e-07
 Reference value :  2.97463e-07
 Reference value :  2.97701e-07
 Reference value :  2.97937e-07
 Reference value :  2.98192e-07
 Reference value :  2.98472e-07
 Reference value :  2.98646e-07
 Reference value :  2.98926e-07
 Reference value :  2.99121e-07
 Reference value :  2.99441e-07
 Reference value :  2.99655e-07
 Reference value :  2.99935e-07
No. of Data Rows : 19790
sim/harness: analysis complete
Note: Simulation executed from .control section 
Note: Starting dynamic gmin stepping
Note: Dynamic gmin stepping completed
