
Note: Compatibility modes selected: hs a


Circuit: ** sch_path: /home/ubuntu/loom-workspaces/sky130-pll/.loom/worktrees/issue-129/sim/divider/testbench/tb_divider.sch

option SCALE: Scale is set to 1e-06 for instance and model parameters
option SCALE: Scale is set to 1e-06 for instance and model parameters
option SCALE: Scale is set to 1e-06 for instance and model parameters
option SCALE: Scale is set to 1e-06 for instance and model parameters
Doing analysis at TEMP = -40.000000 and TNOM = 27.000000

Using KLU as Direct Linear Solver
 Reference value :  0.00000e+00
 Reference value :  1.17300e-10
 Reference value :  4.62625e-10
 Reference value :  6.94125e-10
 Reference value :  9.68625e-10
 Reference value :  1.30862e-09
 Reference value :  1.44312e-09
 Reference value :  1.74312e-09
 Reference value :  1.91762e-09
 Reference value :  2.27250e-09
 Reference value :  2.47212e-09
 Reference value :  2.75262e-09
 Reference value :  3.04662e-09
 Reference value :  3.30112e-09
 Reference value :  3.61856e-09
 Reference value :  3.81563e-09
 Reference value :  4.10300e-09
 Reference value :  4.39013e-09
 Reference value :  4.62463e-09
 Reference value :  4.94463e-09
 Reference value :  5.07542e-09
 Reference value :  5.39542e-09
 Reference value :  5.63363e-09
 Reference value :  5.91225e-09
 Reference value :  6.09000e-09
 Reference value :  6.38163e-09
 Reference value :  6.64263e-09
 Reference value :  6.84312e-09
 Reference value :  7.03713e-09
 Reference value :  7.27575e-09
 Reference value :  7.47163e-09
 Reference value :  7.70906e-09
 Reference value :  7.86612e-09
 Reference value :  8.10612e-09
 Reference value :  8.30062e-09
 Reference value :  8.56062e-09
 Reference value :  8.75513e-09
 Reference value :  8.97512e-09
 Reference value :  9.18962e-09
 Reference value :  9.46962e-09
 Reference value :  9.52706e-09
 Reference value :  9.72413e-09
 Reference value :  1.00141e-08
 Reference value :  1.00586e-08
 Reference value :  1.02186e-08
 Reference value :  1.03986e-08
 Reference value :  1.04931e-08
 Reference value :  1.06731e-08
 Reference value :  1.09161e-08
 Reference value :  1.10276e-08
 Reference value :  1.12276e-08
 Reference value :  1.13625e-08
 Reference value :  1.15421e-08
 Reference value :  1.18295e-08
 Reference value :  1.20766e-08
 Reference value :  1.22866e-08
 Reference value :  1.25511e-08
 Reference value :  1.27656e-08
 Reference value :  1.29256e-08
 Reference value :  1.31886e-08
 Reference value :  1.33401e-08
 Reference value :  1.35801e-08
 Reference value :  1.37346e-08
 Reference value :  1.40146e-08
 Reference value :  1.40932e-08
 Reference value :  1.42091e-08
 Reference value :  1.44691e-08
 Reference value :  1.45836e-08
 Reference value :  1.47836e-08
 Reference value :  1.49811e-08
 Reference value :  1.50981e-08
 Reference value :  1.51381e-08
 Reference value :  1.51581e-08
 Reference value :  1.51981e-08
 Reference value :  1.52381e-08
 Reference value :  1.52781e-08
 Reference value :  1.53381e-08
 Reference value :  1.53781e-08
 Reference value :  1.54543e-08
 Reference value :  1.54611e-08
 Reference value :  1.54681e-08
 Reference value :  1.54926e-08
 Reference value :  1.55326e-08
 Reference value :  1.55726e-08
 Reference value :  1.56326e-08
 Reference value :  1.57126e-08
 Reference value :  1.57926e-08
 Reference value :  1.59209e-08
 Reference value :  1.61471e-08
 Reference value :  1.64016e-08
 Reference value :  1.66816e-08
 Reference value :  1.68561e-08
 Reference value :  1.71361e-08
 Reference value :  1.73683e-08
 Reference value :  1.76683e-08
 Reference value :  1.78451e-08
 Reference value :  1.81812e-08
 Reference value :  1.83796e-08
 Reference value :  1.86382e-08
 Reference value :  1.88141e-08
 Reference value :  1.91015e-08
 Reference value :  1.92463e-08
 Reference value :  1.94463e-08
 Reference value :  1.96431e-08
 Reference value :  1.99431e-08
 Reference value :  2.01176e-08
 Reference value :  2.04176e-08
 Reference value :  2.05921e-08
 Reference value :  2.08721e-08
 Reference value :  2.10643e-08
 Reference value :  2.13243e-08
 Reference value :  2.13766e-08
 Reference value :  2.13871e-08
 Reference value :  2.14811e-08
 Reference value :  2.18172e-08
 Reference value :  2.20156e-08
 Reference value :  2.22531e-08
 Reference value :  2.24301e-08
 Reference value :  2.27310e-08
 Reference value :  2.29823e-08
 Reference value :  2.31920e-08
 Reference value :  2.34391e-08
 Reference value :  2.36936e-08
 Reference value :  2.39536e-08
 Reference value :  2.41141e-08
 Reference value :  2.43481e-08
 Reference value :  2.46003e-08
 Reference value :  2.48803e-08
 Reference value :  2.50371e-08
 Reference value :  2.53371e-08
 Reference value :  2.55516e-08
 Reference value :  2.58116e-08
 Reference value :  2.59661e-08
 Reference value :  2.62461e-08
 Reference value :  2.64783e-08
 Reference value :  2.67783e-08
 Reference value :  2.69551e-08
 Reference value :  2.72737e-08
 Reference value :  2.74896e-08
 Reference value :  2.77282e-08
 Reference value :  2.79441e-08
 Reference value :  2.81616e-08
 Reference value :  2.83363e-08
 Reference value :  2.85763e-08
 Reference value :  2.87931e-08
 Reference value :  2.89331e-08
 Reference value :  2.91014e-08
 Reference value :  2.93676e-08
 Reference value :  2.95576e-08
 Reference value :  2.97621e-08
 Reference value :  2.98821e-08
 Reference value :  3.00566e-08
 Reference value :  3.02966e-08
 Reference value :  3.04701e-08
 Reference value :  3.07111e-08
 Reference value :  3.09194e-08
 Reference value :  3.11656e-08
 Reference value :  3.13686e-08
 Reference value :  3.15801e-08
 Reference value :  3.18231e-08
 Reference value :  3.20346e-08
 Reference value :  3.22829e-08
 Reference value :  3.25291e-08
 Reference value :  3.27836e-08
 Reference value :  3.30636e-08
 Reference value :  3.32381e-08
 Reference value :  3.34981e-08
 Reference value :  3.37303e-08
 Reference value :  3.39903e-08
 Reference value :  3.42071e-08
 Reference value :  3.43271e-08
 Reference value :  3.45606e-08
 Reference value :  3.48416e-08
 Reference value :  3.50116e-08
 Reference value :  3.52361e-08
 Reference value :  3.54906e-08
 Reference value :  3.57706e-08
 Reference value :  3.59651e-08
 Reference value :  3.62051e-08
 Reference value :  3.63996e-08
 Reference value :  3.66796e-08
 Reference value :  3.68541e-08
 Reference value :  3.71141e-08
 Reference value :  3.73663e-08
 Reference value :  3.74263e-08
 Reference value :  3.77235e-08
 Reference value :  3.78631e-08
 Reference value :  3.81606e-08
 Reference value :  3.82376e-08
 Reference value :  3.85176e-08
 Reference value :  3.87121e-08
 Reference value :  3.90321e-08
 Reference value :  3.92066e-08
 Reference value :  3.94866e-08
 Reference value :  3.96811e-08
 Reference value :  3.99611e-08
 Reference value :  4.01356e-08
 Reference value :  4.04156e-08
 Reference value :  4.05901e-08
 Reference value :  4.09110e-08
 Reference value :  4.09623e-08
 Reference value :  4.12623e-08
 Reference value :  4.14591e-08
 Reference value :  4.17391e-08
 Reference value :  4.19536e-08
 Reference value :  4.22336e-08
 Reference value :  4.24281e-08
 Reference value :  4.27268e-08
 Reference value :  4.29026e-08
 Reference value :  4.31787e-08
 Reference value :  4.33771e-08
 Reference value :  4.36358e-08
 Reference value :  4.38516e-08
 Reference value :  4.40903e-08
 Reference value :  4.42861e-08
 Reference value :  4.45666e-08
 Reference value :  4.48006e-08
 Reference value :  4.50089e-08
 Reference value :  4.52151e-08
 Reference value :  4.54681e-08
 Reference value :  4.57673e-08
 Reference value :  4.59301e-08
 Reference value :  4.62441e-08
 Reference value :  4.64386e-08
 Reference value :  4.67186e-08
 Reference value :  4.69331e-08
 Reference value :  4.71531e-08
 Reference value :  4.73676e-08
 Reference value :  4.76476e-08
 Reference value :  4.78221e-08
 Reference value :  4.81421e-08
 Reference value :  4.83366e-08
 Reference value :  4.86315e-08
 Reference value :  4.87711e-08
 Reference value :  4.90920e-08
 Reference value :  4.93233e-08
 Reference value :  4.95539e-08
 Reference value :  4.97001e-08
 Reference value :  4.99963e-08
 Reference value :  5.00084e-08
 Reference value :  5.02546e-08
 Reference value :  5.04576e-08
 Reference value :  5.06691e-08
 Reference value :  5.09052e-08
 Reference value :  5.10836e-08
 Reference value :  5.13585e-08
 Reference value :  5.15381e-08
 Reference value :  5.18281e-08
 Reference value :  5.20526e-08
 Reference value :  5.22826e-08
 Reference value :  5.24071e-08
 Reference value :  5.26671e-08
 Reference value :  5.28593e-08
 Reference value :  5.31193e-08
 Reference value :  5.32961e-08
 Reference value :  5.35961e-08
 Reference value :  5.37506e-08
 Reference value :  5.40306e-08
 Reference value :  5.42451e-08
 Reference value :  5.45226e-08
 Reference value :  5.46996e-08
 Reference value :  5.50026e-08
 Reference value :  5.52341e-08
 Reference value :  5.54886e-08
 Reference value :  5.57486e-08
 Reference value :  5.59221e-08
 Reference value :  5.61831e-08
 Reference value :  5.64353e-08
 Reference value :  5.67353e-08
 Reference value :  5.68250e-08
 Reference value :  5.68721e-08
 Reference value :  5.70521e-08
 Reference value :  5.72708e-08
 Reference value :  5.73066e-08
 Reference value :  5.73266e-08
 Reference value :  5.73666e-08
 Reference value :  5.75666e-08
 Reference value :  5.76866e-08
 Reference value :  5.77811e-08
 Reference value :  5.80411e-08
 Reference value :  5.82756e-08
 Reference value :  5.85156e-08
 Reference value :  5.86131e-08
 Reference value :  5.86456e-08
 Reference value :  5.88901e-08
 Reference value :  5.90975e-08
 Reference value :  5.93446e-08
 Reference value :  5.95529e-08
 Reference value :  5.97991e-08
 Reference value :  6.00536e-08
 Reference value :  6.03536e-08
 Reference value :  6.05281e-08
 Reference value :  6.06681e-08
 Reference value :  6.06881e-08
 Reference value :  6.07281e-08
 Reference value :  6.09626e-08
 Reference value :  6.11826e-08
 Reference value :  6.13726e-08
 Reference value :  6.15771e-08
 Reference value :  6.18376e-08
 Reference value :  6.20916e-08
 Reference value :  6.22816e-08
 Reference value :  6.25261e-08
 Reference value :  6.27361e-08
 Reference value :  6.30206e-08
 Reference value :  6.31906e-08
 Reference value :  6.34751e-08
 Reference value :  6.36896e-08
 Reference value :  6.39696e-08
 Reference value :  6.41641e-08
 Reference value :  6.44441e-08
 Reference value :  6.46386e-08
 Reference value :  6.48586e-08
 Reference value :  6.50331e-08
 Reference value :  6.53531e-08
 Reference value :  6.55276e-08
 Reference value :  6.58276e-08
 Reference value :  6.60221e-08
 Reference value :  6.62621e-08
 Reference value :  6.64343e-08
 Reference value :  6.67343e-08
 Reference value :  6.69111e-08
 Reference value :  6.72486e-08
 Reference value :  6.74256e-08
 Reference value :  6.77031e-08
 Reference value :  6.78601e-08
 Reference value :  6.80801e-08
 Reference value :  6.82546e-08
 Reference value :  6.85746e-08
 Reference value :  6.87691e-08
 Reference value :  6.90852e-08
 Reference value :  6.92436e-08
 Reference value :  6.95385e-08
 Reference value :  6.96781e-08
 Reference value :  6.99756e-08
 Reference value :  7.01526e-08
 Reference value :  7.04126e-08
 Reference value :  7.06071e-08
 Reference value :  7.09032e-08
 Reference value :  7.10816e-08
 Reference value :  7.13391e-08
 Reference value :  7.14961e-08
 Reference value :  7.18122e-08
 Reference value :  7.20506e-08
 Reference value :  7.22736e-08
 Reference value :  7.24651e-08
 Reference value :  7.27386e-08
 Reference value :  7.29996e-08
 Reference value :  7.32001e-08
 Reference value :  7.34341e-08
 Reference value :  7.36350e-08
 Reference value :  7.38463e-08
 Reference value :  7.40847e-08
 Reference value :  7.42831e-08
 Reference value :  7.45529e-08
 Reference value :  7.48353e-08
 Reference value :  7.50050e-08
 Reference value :  7.51921e-08
 Reference value :  7.54470e-08
 Reference value :  7.56266e-08
 Reference value :  7.58666e-08
 Reference value :  7.60211e-08
 Reference value :  7.63560e-08
 Reference value :  7.65156e-08
 Reference value :  7.68105e-08
 Reference value :  7.69901e-08
 Reference value :  7.72662e-08
 Reference value :  7.74646e-08
 Reference value :  7.77329e-08
 Reference value :  7.79991e-08
 Reference value :  7.82136e-08
 Reference value :  7.85136e-08
 Reference value :  7.86681e-08
 Reference value :  7.89481e-08
 Reference value :  7.91626e-08
 Reference value :  7.94226e-08
 Reference value :  7.95971e-08
 Reference value :  7.98171e-08
 Reference value :  8.00516e-08
 Reference value :  8.03316e-08
 Reference value :  8.05261e-08
 Reference value :  8.08661e-08
 Reference value :  8.10206e-08
 Reference value :  8.13206e-08
 Reference value :  8.14951e-08
 Reference value :  8.17551e-08
 Reference value :  8.18249e-08
 Reference value :  8.20273e-08
 Reference value :  8.21873e-08
 Reference value :  8.22831e-08
 Reference value :  8.23841e-08
 Reference value :  8.26641e-08
 Reference value :  8.27202e-08
 Reference value :  8.28786e-08
 Reference value :  8.31561e-08
 Reference value :  8.32731e-08
 Reference value :  8.35131e-08
 Reference value :  8.37076e-08
 Reference value :  8.39676e-08
 Reference value :  8.41011e-08
 Reference value :  8.43621e-08
 Reference value :  8.45626e-08
 Reference value :  8.48366e-08
 Reference value :  8.50311e-08
 Reference value :  8.52711e-08
 Reference value :  8.55056e-08
 Reference value :  8.58056e-08
 Reference value :  8.59801e-08
 Reference value :  8.62801e-08
 Reference value :  8.63675e-08
 Reference value :  8.65946e-08
 Reference value :  8.68176e-08
 Reference value :  8.70291e-08
 Reference value :  8.72774e-08
 Reference value :  8.75236e-08
 Reference value :  8.77310e-08
 Reference value :  8.79781e-08
 Reference value :  8.81916e-08
 Reference value :  8.84326e-08
 Reference value :  8.86426e-08
 Reference value :  8.88671e-08
 Reference value :  8.90857e-08
 Reference value :  8.92616e-08
 Reference value :  8.95016e-08
 Reference value :  8.96361e-08
 Reference value :  8.99561e-08
 Reference value :  9.01683e-08
 Reference value :  9.04083e-08
 Reference value :  9.05651e-08
 Reference value :  9.08051e-08
 Reference value :  9.09996e-08
 Reference value :  9.12996e-08
 Reference value :  9.14941e-08
 Reference value :  9.18127e-08
 Reference value :  9.20086e-08
 Reference value :  9.22672e-08
 Reference value :  9.24231e-08
 Reference value :  9.27192e-08
 Reference value :  9.29176e-08
 Reference value :  9.31725e-08
 Reference value :  9.33321e-08
 Reference value :  9.36307e-08
 Reference value :  9.38466e-08
 Reference value :  9.40827e-08
 Reference value :  9.42611e-08
 Reference value :  9.45441e-08
 Reference value :  9.47956e-08
 Reference value :  9.50091e-08
 Reference value :  9.50901e-08
 Reference value :  9.52301e-08
 Reference value :  9.54462e-08
 Reference value :  9.55446e-08
 Reference value :  9.57446e-08
 Reference value :  9.59032e-08
 Reference value :  9.60391e-08
 Reference value :  9.62191e-08
 Reference value :  9.63726e-08
 Reference value :  9.66136e-08
 Reference value :  9.68210e-08
 Reference value :  9.70681e-08
 Reference value :  9.73203e-08
 Reference value :  9.76003e-08
 Reference value :  9.77971e-08
 Reference value :  9.79771e-08
 Reference value :  9.81757e-08
 Reference value :  9.83716e-08
 Reference value :  9.84316e-08
 Reference value :  9.86265e-08
 Reference value :  9.87661e-08
 Reference value :  9.90847e-08
 Reference value :  9.92406e-08
 Reference value :  9.95355e-08
 Reference value :  9.96951e-08
 Reference value :  9.99726e-08
 Reference value :  1.00150e-07
 Reference value :  1.00444e-07
 Reference value :  1.00644e-07
 Reference value :  1.00914e-07
 Reference value :  1.01179e-07
 Reference value :  1.01366e-07
 Reference value :  1.01613e-07
 Reference value :  1.01868e-07
 Reference value :  1.02148e-07
 Reference value :  1.02322e-07
 Reference value :  1.02582e-07
 Reference value :  1.02817e-07
 Reference value :  1.03097e-07
 Reference value :  1.03271e-07
 Reference value :  1.03609e-07
 Reference value :  1.03746e-07
 Reference value :  1.04063e-07
 Reference value :  1.04220e-07
 Reference value :  1.04480e-07
 Reference value :  1.04635e-07
 Reference value :  1.04935e-07
 Reference value :  1.05109e-07
 Reference value :  1.05446e-07
 Reference value :  1.05661e-07
 Reference value :  1.05907e-07
 Reference value :  1.06018e-07
 Reference value :  1.06278e-07
 Reference value :  1.06493e-07
 Reference value :  1.06773e-07
 Reference value :  1.06987e-07
 Reference value :  1.07275e-07
 Reference value :  1.07502e-07
 Reference value :  1.07730e-07
 Reference value :  1.07916e-07
 Reference value :  1.08183e-07
 Reference value :  1.08411e-07
 Reference value :  1.08629e-07
 Reference value :  1.08805e-07
 Reference value :  1.09099e-07
 Reference value :  1.09360e-07
 Reference value :  1.09553e-07
 Reference value :  1.09814e-07
 Reference value :  1.10049e-07
 Reference value :  1.10369e-07
 Reference value :  1.10543e-07
 Reference value :  1.10881e-07
 Reference value :  1.10978e-07
 Reference value :  1.11278e-07
 Reference value :  1.11412e-07
 Reference value :  1.11652e-07
 Reference value :  1.11847e-07
 Reference value :  1.12127e-07
 Reference value :  1.12301e-07
 Reference value :  1.12461e-07
 Reference value :  1.12718e-07
 Reference value :  1.12833e-07
 Reference value :  1.13053e-07
 Reference value :  1.13179e-07
 Reference value :  1.13310e-07
 Reference value :  1.13470e-07
 Reference value :  1.13590e-07
 Reference value :  1.13765e-07
 Reference value :  1.14045e-07
 Reference value :  1.14239e-07
 Reference value :  1.14538e-07
 Reference value :  1.14654e-07
 Reference value :  1.14934e-07
 Reference value :  1.15128e-07
 Reference value :  1.15426e-07
 Reference value :  1.15483e-07
 Reference value :  1.15703e-07
 Reference value :  1.15906e-07
 Reference value :  1.16137e-07
 Reference value :  1.16378e-07
 Reference value :  1.16652e-07
 Reference value :  1.16832e-07
 Reference value :  1.17086e-07
 Reference value :  1.17321e-07
 Reference value :  1.17621e-07
 Reference value :  1.17815e-07
 Reference value :  1.18095e-07
 Reference value :  1.18290e-07
 Reference value :  1.18510e-07
 Reference value :  1.18626e-07
 Reference value :  1.18744e-07
 Reference value :  1.18904e-07
 Reference value :  1.19062e-07
 Reference value :  1.19080e-07
 Reference value :  1.19199e-07
 Reference value :  1.19279e-07
 Reference value :  1.19359e-07
 Reference value :  1.19499e-07
 Reference value :  1.19549e-07
 Reference value :  1.19653e-07
 Reference value :  1.19793e-07
 Reference value :  1.20028e-07
 Reference value :  1.20308e-07
 Reference value :  1.20458e-07
 Reference value :  1.20622e-07
 Reference value :  1.20862e-07
 Reference value :  1.21037e-07
 Reference value :  1.21317e-07
 Reference value :  1.21471e-07
 Reference value :  1.21789e-07
 Reference value :  1.21926e-07
 Reference value :  1.22226e-07
 Reference value :  1.22400e-07
 Reference value :  1.22640e-07
 Reference value :  1.22835e-07
 Reference value :  1.23152e-07
 Reference value :  1.23349e-07
 Reference value :  1.23637e-07
 Reference value :  1.23904e-07
 Reference value :  1.24092e-07
 Reference value :  1.24378e-07
 Reference value :  1.24593e-07
 Reference value :  1.24893e-07
 Reference value :  1.25087e-07
 Reference value :  1.25387e-07
 Reference value :  1.25542e-07
 Reference value :  1.25702e-07
 Reference value :  1.25912e-07
 Reference value :  1.26156e-07
 Reference value :  1.26411e-07
 Reference value :  1.26711e-07
 Reference value :  1.26885e-07
 Reference value :  1.27145e-07
 Reference value :  1.27286e-07
 Reference value :  1.27580e-07
 Reference value :  1.27730e-07
 Reference value :  1.28014e-07
 Reference value :  1.28229e-07
 Reference value :  1.28529e-07
 Reference value :  1.28703e-07
 Reference value :  1.28923e-07
 Reference value :  1.29138e-07
 Reference value :  1.29438e-07
 Reference value :  1.29632e-07
 Reference value :  1.29952e-07
 Reference value :  1.30107e-07
 Reference value :  1.30407e-07
 Reference value :  1.30581e-07
 Reference value :  1.30861e-07
 Reference value :  1.31036e-07
 Reference value :  1.31296e-07
 Reference value :  1.31430e-07
 Reference value :  1.31730e-07
 Reference value :  1.31942e-07
 Reference value :  1.32241e-07
 Reference value :  1.32419e-07
 Reference value :  1.32720e-07
 Reference value :  1.32971e-07
 Reference value :  1.33150e-07
 Reference value :  1.33348e-07
 Reference value :  1.33636e-07
 Reference value :  1.33863e-07
 Reference value :  1.34091e-07
 Reference value :  1.34317e-07
 Reference value :  1.34533e-07
 Reference value :  1.34732e-07
 Reference value :  1.34988e-07
 Reference value :  1.35166e-07
 Reference value :  1.35424e-07
 Reference value :  1.35541e-07
 Reference value :  1.35701e-07
 Reference value :  1.35821e-07
 Reference value :  1.35935e-07
 Reference value :  1.35995e-07
 Reference value :  1.36235e-07
 Reference value :  1.36410e-07
 Reference value :  1.36690e-07
 Reference value :  1.36864e-07
 Reference value :  1.36984e-07
 Reference value :  1.37259e-07
 Reference value :  1.37299e-07
 Reference value :  1.37479e-07
 Reference value :  1.37696e-07
 Reference value :  1.37853e-07
 Reference value :  1.38133e-07
 Reference value :  1.38328e-07
 Reference value :  1.38588e-07
 Reference value :  1.38802e-07
 Reference value :  1.39077e-07
 Reference value :  1.39257e-07
 Reference value :  1.39533e-07
 Reference value :  1.39691e-07
 Reference value :  1.39998e-07
 Reference value :  1.40226e-07
 Reference value :  1.40454e-07
 Reference value :  1.40680e-07
 Reference value :  1.40921e-07
 Reference value :  1.41195e-07
 Reference value :  1.41389e-07
 Reference value :  1.41649e-07
 Reference value :  1.41819e-07
 Reference value :  1.42004e-07
 Reference value :  1.42204e-07
 Reference value :  1.42318e-07
 Reference value :  1.42458e-07
 Reference value :  1.42721e-07
 Reference value :  1.42833e-07
 Reference value :  1.43053e-07
 Reference value :  1.43247e-07
 Reference value :  1.43447e-07
 Reference value :  1.43637e-07
 Reference value :  1.43862e-07
 Reference value :  1.44080e-07
 Reference value :  1.44256e-07
 Reference value :  1.44544e-07
 Reference value :  1.44791e-07
 Reference value :  1.44998e-07
 Reference value :  1.45205e-07
 Reference value :  1.45452e-07
 Reference value :  1.45500e-07
 Reference value :  1.45820e-07
 Reference value :  1.46034e-07
 Reference value :  1.46357e-07
 Reference value :  1.46549e-07
 Reference value :  1.46805e-07
 Reference value :  1.46983e-07
 Reference value :  1.47276e-07
 Reference value :  1.47535e-07
 Reference value :  1.47738e-07
 Reference value :  1.48012e-07
 Reference value :  1.48244e-07
 Reference value :  1.48524e-07
 Reference value :  1.48701e-07
 Reference value :  1.49041e-07
 Reference value :  1.49196e-07
 Reference value :  1.49456e-07
 Reference value :  1.49650e-07
 Reference value :  1.49890e-07
 Reference value :  1.50065e-07
 Reference value :  1.50365e-07
 Reference value :  1.50559e-07
 Reference value :  1.50877e-07
 Reference value :  1.50974e-07
 Reference value :  1.51214e-07
 Reference value :  1.51388e-07
 Reference value :  1.51588e-07
 Reference value :  1.51843e-07
 Reference value :  1.52143e-07
 Reference value :  1.52297e-07
 Reference value :  1.52577e-07
 Reference value :  1.52727e-07
 Reference value :  1.52872e-07
 Reference value :  1.53072e-07
 Reference value :  1.53192e-07
 Reference value :  1.53346e-07
 Reference value :  1.53486e-07
 Reference value :  1.53633e-07
 Reference value :  1.53721e-07
 Reference value :  1.54021e-07
 Reference value :  1.54175e-07
 Reference value :  1.54530e-07
 Reference value :  1.54710e-07
 Reference value :  1.54986e-07
 Reference value :  1.55164e-07
 Reference value :  1.55404e-07
 Reference value :  1.55579e-07
 Reference value :  1.55859e-07
 Reference value :  1.56053e-07
 Reference value :  1.56349e-07
 Reference value :  1.56548e-07
 Reference value :  1.56802e-07
 Reference value :  1.57002e-07
 Reference value :  1.57258e-07
 Reference value :  1.57317e-07
 Reference value :  1.57457e-07
 Reference value :  1.57577e-07
 Reference value :  1.57677e-07
 Reference value :  1.57771e-07
 Reference value :  1.57891e-07
 Reference value :  1.58131e-07
 Reference value :  1.58306e-07
 Reference value :  1.58603e-07
 Reference value :  1.58740e-07
 Reference value :  1.58980e-07
 Reference value :  1.59175e-07
 Reference value :  1.59495e-07
 Reference value :  1.59669e-07
 Reference value :  1.59992e-07
 Reference value :  1.60224e-07
 Reference value :  1.60447e-07
 Reference value :  1.60658e-07
 Reference value :  1.60901e-07
 Reference value :  1.61053e-07
 Reference value :  1.61293e-07
 Reference value :  1.61467e-07
 Reference value :  1.61803e-07
 Reference value :  1.61982e-07
 Reference value :  1.62258e-07
 Reference value :  1.62396e-07
 Reference value :  1.62717e-07
 Reference value :  1.62948e-07
 Reference value :  1.63179e-07
 Reference value :  1.63445e-07
 Reference value :  1.63677e-07
 Reference value :  1.63977e-07
 Reference value :  1.64174e-07
 Reference value :  1.64414e-07
 Reference value :  1.64569e-07
 Reference value :  1.64829e-07
 Reference value :  1.65023e-07
 Reference value :  1.65283e-07
 Reference value :  1.65518e-07
 Reference value :  1.65798e-07
 Reference value :  1.65972e-07
 Reference value :  1.66132e-07
 Reference value :  1.66347e-07
 Reference value :  1.66507e-07
 Reference value :  1.66767e-07
 Reference value :  1.66941e-07
 Reference value :  1.67260e-07
 Reference value :  1.67436e-07
 Reference value :  1.67693e-07
 Reference value :  1.67870e-07
 Reference value :  1.68090e-07
 Reference value :  1.68285e-07
 Reference value :  1.68585e-07
 Reference value :  1.68759e-07
 Reference value :  1.69086e-07
 Reference value :  1.69314e-07
 Reference value :  1.69537e-07
 Reference value :  1.69708e-07
 Reference value :  1.69998e-07
 Reference value :  1.70223e-07
 Reference value :  1.70343e-07
 Reference value :  1.70383e-07
 Reference value :  1.70497e-07
 Reference value :  1.70657e-07
 Reference value :  1.70892e-07
 Reference value :  1.70952e-07
 Reference value :  1.71052e-07
 Reference value :  1.71346e-07
 Reference value :  1.71526e-07
 Reference value :  1.71816e-07
 Reference value :  1.72061e-07
 Reference value :  1.72271e-07
 Reference value :  1.72475e-07
 Reference value :  1.72714e-07
 Reference value :  1.72729e-07
 Reference value :  1.73010e-07
 Reference value :  1.73183e-07
 Reference value :  1.73444e-07
 Reference value :  1.73679e-07
 Reference value :  1.73959e-07
 Reference value :  1.74133e-07
 Reference value :  1.74333e-07
 Reference value :  1.74568e-07
 Reference value :  1.74868e-07
 Reference value :  1.75042e-07
 Reference value :  1.75382e-07
 Reference value :  1.75557e-07
 Reference value :  1.75737e-07
 Reference value :  1.75910e-07
 Reference value :  1.76151e-07
 Reference value :  1.76372e-07
 Reference value :  1.76666e-07
 Reference value :  1.76826e-07
 Reference value :  1.77040e-07
 Reference value :  1.77295e-07
 Reference value :  1.77555e-07
 Reference value :  1.77735e-07
 Reference value :  1.77989e-07
 Reference value :  1.78224e-07
 Reference value :  1.78544e-07
 Reference value :  1.78631e-07
 Reference value :  1.78798e-07
 Reference value :  1.79086e-07
 Reference value :  1.79330e-07
 Reference value :  1.79541e-07
 Reference value :  1.79767e-07
 Reference value :  1.79986e-07
 Reference value :  1.80222e-07
 Reference value :  1.80449e-07
 Reference value :  1.80676e-07
 Reference value :  1.80931e-07
 Reference value :  1.81171e-07
 Reference value :  1.81364e-07
 Reference value :  1.81565e-07
 Reference value :  1.81815e-07
 Reference value :  1.82080e-07
 Reference value :  1.82273e-07
 Reference value :  1.82554e-07
 Reference value :  1.82769e-07
 Reference value :  1.83069e-07
 Reference value :  1.83223e-07
 Reference value :  1.83483e-07
 Reference value :  1.83678e-07
 Reference value :  1.83958e-07
 Reference value :  1.84085e-07
 Reference value :  1.84132e-07
 Reference value :  1.84192e-07
 Reference value :  1.84292e-07
 Reference value :  1.84352e-07
 Reference value :  1.84510e-07
 Reference value :  1.84687e-07
 Reference value :  1.84981e-07
 Reference value :  1.85121e-07
 Reference value :  1.85437e-07
 Reference value :  1.85596e-07
 Reference value :  1.85890e-07
 Reference value :  1.86050e-07
 Reference value :  1.86328e-07
 Reference value :  1.86485e-07
 Reference value :  1.86745e-07
 Reference value :  1.86939e-07
 Reference value :  1.87179e-07
 Reference value :  1.87262e-07
 Reference value :  1.87454e-07
 Reference value :  1.87712e-07
 Reference value :  1.87888e-07
 Reference value :  1.88182e-07
 Reference value :  1.88463e-07
 Reference value :  1.88631e-07
 Reference value :  1.88817e-07
 Reference value :  1.89055e-07
 Reference value :  1.89272e-07
 Reference value :  1.89472e-07
 Reference value :  1.89552e-07
 Reference value :  1.89706e-07
 Reference value :  1.89964e-07
 Reference value :  1.90021e-07
 Reference value :  1.90221e-07
 Reference value :  1.90321e-07
 Reference value :  1.90448e-07
 Reference value :  1.90575e-07
 Reference value :  1.90795e-07
 Reference value :  1.91010e-07
 Reference value :  1.91327e-07
 Reference value :  1.91504e-07
 Reference value :  1.91811e-07
 Reference value :  1.92059e-07
 Reference value :  1.92267e-07
 Reference value :  1.92493e-07
 Reference value :  1.92748e-07
 Reference value :  1.92988e-07
 Reference value :  1.93162e-07
 Reference value :  1.93222e-07
 Reference value :  1.93342e-07
 Reference value :  1.93621e-07
 Reference value :  1.93817e-07
 Reference value :  1.94073e-07
 Reference value :  1.94097e-07
 Reference value :  1.94391e-07
 Reference value :  1.94603e-07
 Reference value :  1.94903e-07
 Reference value :  1.95080e-07
 Reference value :  1.95340e-07
 Reference value :  1.95495e-07
 Reference value :  1.95775e-07
 Reference value :  1.95949e-07
 Reference value :  1.96249e-07
 Reference value :  1.96464e-07
 Reference value :  1.96744e-07
 Reference value :  1.96898e-07
 Reference value :  1.97198e-07
 Reference value :  1.97413e-07
 Reference value :  1.97709e-07
 Reference value :  1.97887e-07
 Reference value :  1.98177e-07
 Reference value :  1.98422e-07
 Reference value :  1.98632e-07
 Reference value :  1.98856e-07
 Reference value :  1.99097e-07
 Reference value :  1.99391e-07
 Reference value :  1.99544e-07
 Reference value :  1.99845e-07
 Reference value :  2.00040e-07
 Reference value :  2.00340e-07
 Reference value :  2.00474e-07
 Reference value :  2.00754e-07
 Reference value :  2.00969e-07
 Reference value :  2.01209e-07
 Reference value :  2.01403e-07
 Reference value :  2.01683e-07
 Reference value :  2.01898e-07
 Reference value :  2.02178e-07
 Reference value :  2.02392e-07
 Reference value :  2.02652e-07
 Reference value :  2.02807e-07
 Reference value :  2.03107e-07
 Reference value :  2.03281e-07
 Reference value :  2.03617e-07
 Reference value :  2.03796e-07
 Reference value :  2.04072e-07
 Reference value :  2.04230e-07
 Reference value :  2.04526e-07
 Reference value :  2.04765e-07
 Reference value :  2.04981e-07
 Reference value :  2.05159e-07
 Reference value :  2.05435e-07
 Reference value :  2.05554e-07
 Reference value :  2.05774e-07
 Reference value :  2.05904e-07
 Reference value :  2.06048e-07
 Reference value :  2.06248e-07
 Reference value :  2.06383e-07
 Reference value :  2.06483e-07
 Reference value :  2.06763e-07
 Reference value :  2.06957e-07
 Reference value :  2.07264e-07
 Reference value :  2.07492e-07
 Reference value :  2.07720e-07
 Reference value :  2.07946e-07
 Reference value :  2.08180e-07
 Reference value :  2.08481e-07
 Reference value :  2.08634e-07
 Reference value :  2.08715e-07
 Reference value :  2.09015e-07
 Reference value :  2.09190e-07
 Reference value :  2.09470e-07
 Reference value :  2.09664e-07
 Reference value :  2.09904e-07
 Reference value :  2.10036e-07
 Reference value :  2.10296e-07
 Reference value :  2.10459e-07
 Reference value :  2.10773e-07
 Reference value :  2.10988e-07
 Reference value :  2.11288e-07
 Reference value :  2.11346e-07
 Reference value :  2.11482e-07
 Reference value :  2.11742e-07
 Reference value :  2.11897e-07
 Reference value :  2.12177e-07
 Reference value :  2.12331e-07
 Reference value :  2.12631e-07
 Reference value :  2.12826e-07
 Reference value :  2.13106e-07
 Reference value :  2.13300e-07
 Reference value :  2.13500e-07
 Reference value :  2.13715e-07
 Reference value :  2.14015e-07
 Reference value :  2.14209e-07
 Reference value :  2.14536e-07
 Reference value :  2.14764e-07
 Reference value :  2.14991e-07
 Reference value :  2.15198e-07
 Reference value :  2.15473e-07
 Reference value :  2.15733e-07
 Reference value :  2.15927e-07
 Reference value :  2.16207e-07
 Reference value :  2.16422e-07
 Reference value :  2.16742e-07
 Reference value :  2.16916e-07
 Reference value :  2.17252e-07
 Reference value :  2.17277e-07
 Reference value :  2.17551e-07
 Reference value :  2.17745e-07
 Reference value :  2.18005e-07
 Reference value :  2.18186e-07
 Reference value :  2.18480e-07
 Reference value :  2.18654e-07
 Reference value :  2.18954e-07
 Reference value :  2.19169e-07
 Reference value :  2.19449e-07
 Reference value :  2.19603e-07
 Reference value :  2.19823e-07
 Reference value :  2.20058e-07
 Reference value :  2.20378e-07
 Reference value :  2.20532e-07
 Reference value :  2.20887e-07
 Reference value :  2.21007e-07
 Reference value :  2.21324e-07
 Reference value :  2.21501e-07
 Reference value :  2.21797e-07
 Reference value :  2.22016e-07
 Reference value :  2.22252e-07
 Reference value :  2.22450e-07
 Reference value :  2.22724e-07
 Reference value :  2.23005e-07
 Reference value :  2.23161e-07
 Reference value :  2.23359e-07
 Reference value :  2.23629e-07
 Reference value :  2.23894e-07
 Reference value :  2.24082e-07
 Reference value :  2.24308e-07
 Reference value :  2.24583e-07
 Reference value :  2.24863e-07
 Reference value :  2.25057e-07
 Reference value :  2.25277e-07
 Reference value :  2.25469e-07
 Reference value :  2.25789e-07
 Reference value :  2.25912e-07
 Reference value :  2.26226e-07
 Reference value :  2.26441e-07
 Reference value :  2.26741e-07
 Reference value :  2.26895e-07
 Reference value :  2.27175e-07
 Reference value :  2.27390e-07
 Reference value :  2.27670e-07
 Reference value :  2.27884e-07
 Reference value :  2.28172e-07
 Reference value :  2.28419e-07
 Reference value :  2.28627e-07
 Reference value :  2.28853e-07
 Reference value :  2.29087e-07
 Reference value :  2.29388e-07
 Reference value :  2.29562e-07
 Reference value :  2.29862e-07
 Reference value :  2.30077e-07
 Reference value :  2.30357e-07
 Reference value :  2.30531e-07
 Reference value :  2.30751e-07
 Reference value :  2.30869e-07
 Reference value :  2.31006e-07
 Reference value :  2.31286e-07
 Reference value :  2.31480e-07
 Reference value :  2.31795e-07
 Reference value :  2.31935e-07
 Reference value :  2.32215e-07
 Reference value :  2.32409e-07
 Reference value :  2.32629e-07
 Reference value :  2.32784e-07
 Reference value :  2.33064e-07
 Reference value :  2.33258e-07
 Reference value :  2.33613e-07
 Reference value :  2.33733e-07
 Reference value :  2.33933e-07
 Reference value :  2.34069e-07
 Reference value :  2.34107e-07
 Reference value :  2.34307e-07
 Reference value :  2.34523e-07
 Reference value :  2.34742e-07
 Reference value :  2.34882e-07
 Reference value :  2.34980e-07
 Reference value :  2.34992e-07
 Reference value :  2.35216e-07
 Reference value :  2.35450e-07
 Reference value :  2.35671e-07
 Reference value :  2.35889e-07
 Reference value :  2.36065e-07
 Reference value :  2.36341e-07
 Reference value :  2.36540e-07
 Reference value :  2.36808e-07
 Reference value :  2.37054e-07
 Reference value :  2.37194e-07
 Reference value :  2.37369e-07
 Reference value :  2.37649e-07
 Reference value :  2.37803e-07
 Reference value :  2.38158e-07
 Reference value :  2.38338e-07
 Reference value :  2.38595e-07
 Reference value :  2.38772e-07
 Reference value :  2.39075e-07
 Reference value :  2.39327e-07
 Reference value :  2.39535e-07
 Reference value :  2.39801e-07
 Reference value :  2.39976e-07
 Reference value :  2.40136e-07
 Reference value :  2.40431e-07
 Reference value :  2.40590e-07
 Reference value :  2.40868e-07
 Reference value :  2.41025e-07
 Reference value :  2.41305e-07
 Reference value :  2.41499e-07
 Reference value :  2.41806e-07
 Reference value :  2.42054e-07
 Reference value :  2.42261e-07
 Reference value :  2.42428e-07
 Reference value :  2.42668e-07
 Reference value :  2.42843e-07
 Reference value :  2.43103e-07
 Reference value :  2.43297e-07
 Reference value :  2.43613e-07
 Reference value :  2.43772e-07
 Reference value :  2.44049e-07
 Reference value :  2.44226e-07
 Reference value :  2.44522e-07
 Reference value :  2.44721e-07
 Reference value :  2.44975e-07
 Reference value :  2.45155e-07
 Reference value :  2.45445e-07
 Reference value :  2.45710e-07
 Reference value :  2.45898e-07
 Reference value :  2.46064e-07
 Reference value :  2.46339e-07
 Reference value :  2.46439e-07
 Reference value :  2.46639e-07
 Reference value :  2.46802e-07
 Reference value :  2.46933e-07
 Reference value :  2.46973e-07
 Reference value :  2.47133e-07
 Reference value :  2.47348e-07
 Reference value :  2.47648e-07
 Reference value :  2.47842e-07
 Reference value :  2.48122e-07
 Reference value :  2.48297e-07
 Reference value :  2.48557e-07
 Reference value :  2.48630e-07
 Reference value :  2.48931e-07
 Reference value :  2.49126e-07
 Reference value :  2.49426e-07
 Reference value :  2.49600e-07
 Reference value :  2.49840e-07
 Reference value :  2.50075e-07
 Reference value :  2.50355e-07
 Reference value :  2.50429e-07
 Reference value :  2.50589e-07
 Reference value :  2.50896e-07
 Reference value :  2.51104e-07
 Reference value :  2.51351e-07
 Reference value :  2.51558e-07
 Reference value :  2.51808e-07
 Reference value :  2.52093e-07
 Reference value :  2.52261e-07
 Reference value :  2.52467e-07
 Reference value :  2.52721e-07
 Reference value :  2.53002e-07
 Reference value :  2.53182e-07
 Reference value :  2.53356e-07
 Reference value :  2.53626e-07
 Reference value :  2.53891e-07
 Reference value :  2.54091e-07
 Reference value :  2.54385e-07
 Reference value :  2.54620e-07
 Reference value :  2.54880e-07
 Reference value :  2.55074e-07
 Reference value :  2.55314e-07
 Reference value :  2.55469e-07
 Reference value :  2.55729e-07
 Reference value :  2.55902e-07
 Reference value :  2.56063e-07
 Reference value :  2.56338e-07
 Reference value :  2.56458e-07
 Reference value :  2.56578e-07
 Reference value :  2.56758e-07
 Reference value :  2.56818e-07
 Reference value :  2.56992e-07
 Reference value :  2.57072e-07
 Reference value :  2.57172e-07
 Reference value :  2.57212e-07
 Reference value :  2.57230e-07
 Reference value :  2.57248e-07
 Reference value :  2.57259e-07
 Reference value :  2.57262e-07
 Reference value :  2.57287e-07
 Reference value :  2.57327e-07
 Reference value :  2.57367e-07
 Reference value :  2.57407e-07
 Reference value :  2.57447e-07
 Reference value :  2.57487e-07
 Reference value :  2.57527e-07
 Reference value :  2.57567e-07
 Reference value :  2.57705e-07
 Reference value :  2.57881e-07
 Reference value :  2.58168e-07
 Reference value :  2.58396e-07
 Reference value :  2.58619e-07
 Reference value :  2.58830e-07
 Reference value :  2.59077e-07
 Reference value :  2.59305e-07
 Reference value :  2.59545e-07
 Reference value :  2.59839e-07
 Reference value :  2.60074e-07
 Reference value :  2.60354e-07
 Reference value :  2.60548e-07
 Reference value :  2.60866e-07
 Reference value :  2.61043e-07
 Reference value :  2.61337e-07
 Reference value :  2.61477e-07
 Reference value :  2.61796e-07
 Reference value :  2.61992e-07
 Reference value :  2.62246e-07
 Reference value :  2.62272e-07
 Reference value :  2.62486e-07
 Reference value :  2.62701e-07
 Reference value :  2.62881e-07
 Reference value :  2.63138e-07
 Reference value :  2.63295e-07
 Reference value :  2.63555e-07
 Reference value :  2.63747e-07
 Reference value :  2.64027e-07
 Reference value :  2.64204e-07
 Reference value :  2.64525e-07
 Reference value :  2.64596e-07
 Reference value :  2.64816e-07
 Reference value :  2.65013e-07
 Reference value :  2.65193e-07
 Reference value :  2.65454e-07
 Reference value :  2.65728e-07
 Reference value :  2.65922e-07
 Reference value :  2.66202e-07
 Reference value :  2.66417e-07
 Reference value :  2.66717e-07
 Reference value :  2.66807e-07
 Reference value :  2.67031e-07
 Reference value :  2.67265e-07
 Reference value :  2.67566e-07
 Reference value :  2.67719e-07
 Reference value :  2.68020e-07
 Reference value :  2.68215e-07
 Reference value :  2.68495e-07
 Reference value :  2.68689e-07
 Reference value :  2.68989e-07
 Reference value :  2.69204e-07
 Reference value :  2.69484e-07
 Reference value :  2.69678e-07
 Reference value :  2.69985e-07
 Reference value :  2.70213e-07
 Reference value :  2.70441e-07
 Reference value :  2.70667e-07
 Reference value :  2.70895e-07
 Reference value :  2.71142e-07
 Reference value :  2.71302e-07
 Reference value :  2.71436e-07
 Reference value :  2.71791e-07
 Reference value :  2.71931e-07
 Reference value :  2.72211e-07
 Reference value :  2.72385e-07
 Reference value :  2.72645e-07
 Reference value :  2.72860e-07
 Reference value :  2.73120e-07
 Reference value :  2.73334e-07
 Reference value :  2.73621e-07
 Reference value :  2.73849e-07
 Reference value :  2.74077e-07
 Reference value :  2.74303e-07
 Reference value :  2.74544e-07
 Reference value :  2.74818e-07
 Reference value :  2.74988e-07
 Reference value :  2.75232e-07
 Reference value :  2.75487e-07
 Reference value :  2.75767e-07
 Reference value :  2.75895e-07
 Reference value :  2.76021e-07
 Reference value :  2.76301e-07
 Reference value :  2.76516e-07
 Reference value :  2.76790e-07
 Reference value :  2.76990e-07
 Reference value :  2.77258e-07
 Reference value :  2.77465e-07
 Reference value :  2.77712e-07
 Reference value :  2.77919e-07
 Reference value :  2.78155e-07
 Reference value :  2.78314e-07
 Reference value :  2.78534e-07
 Reference value :  2.78648e-07
 Reference value :  2.78968e-07
 Reference value :  2.79143e-07
 Reference value :  2.79443e-07
 Reference value :  2.79617e-07
 Reference value :  2.79817e-07
 Reference value :  2.79991e-07
 Reference value :  2.80192e-07
 Reference value :  2.80409e-07
 Reference value :  2.80526e-07
 Reference value :  2.80846e-07
 Reference value :  2.81021e-07
 Reference value :  2.81318e-07
 Reference value :  2.81495e-07
 Reference value :  2.81715e-07
 Reference value :  2.81910e-07
 Reference value :  2.82227e-07
 Reference value :  2.82404e-07
 Reference value :  2.82711e-07
 Reference value :  2.82959e-07
 Reference value :  2.83167e-07
 Reference value :  2.83413e-07
 Reference value :  2.83612e-07
 Reference value :  2.83788e-07
 Reference value :  2.83968e-07
 Reference value :  2.84066e-07
 Reference value :  2.84162e-07
 Reference value :  2.84322e-07
 Reference value :  2.84521e-07
 Reference value :  2.84617e-07
 Reference value :  2.84817e-07
 Reference value :  2.84971e-07
 Reference value :  2.84984e-07
 Reference value :  2.85111e-07
 Reference value :  2.85371e-07
 Reference value :  2.85427e-07
 Reference value :  2.85441e-07
 Reference value :  2.85546e-07
 Reference value :  2.85746e-07
 Reference value :  2.85960e-07
 Reference value :  2.86140e-07
 Reference value :  2.86348e-07
 Reference value :  2.86555e-07
 Reference value :  2.86793e-07
 Reference value :  2.86989e-07
 Reference value :  2.87259e-07
 Reference value :  2.87344e-07
 Reference value :  2.87604e-07
 Reference value :  2.87681e-07
 Reference value :  2.87724e-07
 Reference value :  2.87938e-07
 Reference value :  2.88172e-07
 Reference value :  2.88433e-07
 Reference value :  2.88623e-07
 Reference value :  2.88847e-07
 Reference value :  2.89077e-07
 Reference value :  2.89302e-07
 Reference value :  2.89530e-07
 Reference value :  2.89736e-07
 Reference value :  2.89986e-07
 Reference value :  2.90251e-07
 Reference value :  2.90427e-07
 Reference value :  2.90585e-07
 Reference value :  2.90765e-07
 Reference value :  2.90920e-07
 Reference value :  2.91120e-07
 Reference value :  2.91334e-07
 Reference value :  2.91353e-07
 Reference value :  2.91414e-07
 Reference value :  2.91534e-07
 Reference value :  2.91574e-07
 Reference value :  2.91614e-07
 Reference value :  2.91674e-07
 Reference value :  2.91734e-07
 Reference value :  2.91789e-07
 Reference value :  2.91793e-07
 Reference value :  2.91801e-07
 Reference value :  2.91808e-07
 Reference value :  2.91829e-07
 Reference value :  2.91849e-07
 Reference value :  2.91889e-07
 Reference value :  2.91929e-07
 Reference value :  2.91969e-07
 Reference value :  2.92049e-07
 Reference value :  2.92109e-07
 Reference value :  2.92149e-07
 Reference value :  2.92189e-07
 Reference value :  2.92209e-07
 Reference value :  2.92283e-07
 Reference value :  2.92343e-07
 Reference value :  2.92383e-07
 Reference value :  2.92423e-07
 Reference value :  2.92463e-07
 Reference value :  2.92543e-07
 Reference value :  2.92623e-07
 Reference value :  2.92698e-07
 Reference value :  2.92738e-07
 Reference value :  2.92998e-07
 Reference value :  2.93192e-07
 Reference value :  2.93272e-07
 Reference value :  2.93472e-07
 Reference value :  2.93667e-07
 Reference value :  2.93947e-07
 Reference value :  2.94121e-07
 Reference value :  2.94421e-07
 Reference value :  2.94633e-07
 Reference value :  2.94913e-07
 Reference value :  2.94974e-07
 Reference value :  2.95130e-07
 Reference value :  2.95427e-07
 Reference value :  2.95542e-07
 Reference value :  2.95822e-07
 Reference value :  2.95979e-07
 Reference value :  2.96079e-07
 Reference value :  2.96353e-07
 Reference value :  2.96594e-07
 Reference value :  2.96804e-07
 Reference value :  2.97048e-07
 Reference value :  2.97269e-07
 Reference value :  2.97543e-07
 Reference value :  2.97643e-07
 Reference value :  2.97837e-07
 Reference value :  2.98117e-07
 Reference value :  2.98312e-07
 Reference value :  2.98589e-07
 Reference value :  2.98746e-07
 Reference value :  2.98846e-07
 Reference value :  2.99074e-07
 Reference value :  2.99321e-07
 Reference value :  2.99528e-07
 Reference value :  2.99775e-07
 Reference value :  2.99994e-07
No. of Data Rows : 19790
sim/harness: analysis complete
Note: Simulation executed from .control section 
Note: Starting dynamic gmin stepping
Note: Dynamic gmin stepping completed
