
Note: Compatibility modes selected: hs a


Circuit: ** sch_path: /home/ubuntu/loom-workspaces/sky130-pll/.loom/worktrees/issue-129/sim/divider/testbench/tb_divider.sch

option SCALE: Scale is set to 1e-06 for instance and model parameters
option SCALE: Scale is set to 1e-06 for instance and model parameters
option SCALE: Scale is set to 1e-06 for instance and model parameters
option SCALE: Scale is set to 1e-06 for instance and model parameters
Doing analysis at TEMP = 125.000000 and TNOM = 27.000000

Using KLU as Direct Linear Solver
 Reference value :  0.00000e+00
 Reference value :  9.73000e-11
 Reference value :  3.57300e-10
 Reference value :  5.94125e-10
 Reference value :  7.34125e-10
 Reference value :  8.34125e-10
 Reference value :  9.24125e-10
 Reference value :  1.10862e-09
 Reference value :  1.36350e-09
 Reference value :  1.38912e-09
 Reference value :  1.48312e-09
 Reference value :  1.66312e-09
 Reference value :  1.81925e-09
 Reference value :  2.03762e-09
 Reference value :  2.28762e-09
 Reference value :  2.53212e-09
 Reference value :  2.61212e-09
 Reference value :  2.73950e-09
 Reference value :  2.94662e-09
 Reference value :  3.19662e-09
 Reference value :  3.48112e-09
 Reference value :  3.67563e-09
 Reference value :  3.75563e-09
 Reference value :  3.81563e-09
 Reference value :  3.85563e-09
 Reference value :  4.10300e-09
 Reference value :  4.37013e-09
 Reference value :  4.55312e-09
 Reference value :  4.66463e-09
 Reference value :  4.99983e-09
 Reference value :  5.09542e-09
 Reference value :  5.45775e-09
 Reference value :  5.65363e-09
 Reference value :  5.89106e-09
 Reference value :  5.94812e-09
 Reference value :  6.05000e-09
 Reference value :  6.23000e-09
 Reference value :  6.33000e-09
 Reference value :  6.36425e-09
 Reference value :  6.46263e-09
 Reference value :  6.66263e-09
 Reference value :  6.83087e-09
 Reference value :  6.89713e-09
 Reference value :  6.93713e-09
 Reference value :  7.09713e-09
 Reference value :  7.28450e-09
 Reference value :  7.53163e-09
 Reference value :  7.72775e-09
 Reference value :  7.92612e-09
 Reference value :  8.19350e-09
 Reference value :  8.46062e-09
 Reference value :  8.65413e-09
 Reference value :  8.91512e-09
 Reference value :  9.11562e-09
 Reference value :  9.14962e-09
 Reference value :  9.44962e-09
 Reference value :  9.55962e-09
 Reference value :  9.72413e-09
 Reference value :  9.92412e-09
 Reference value :  1.00386e-08
 Reference value :  1.02586e-08
 Reference value :  1.04721e-08
 Reference value :  1.08131e-08
 Reference value :  1.09476e-08
 Reference value :  1.12276e-08
 Reference value :  1.13881e-08
 Reference value :  1.17021e-08
 Reference value :  1.19166e-08
 Reference value :  1.22541e-08
 Reference value :  1.24111e-08
 Reference value :  1.27260e-08
 Reference value :  1.29256e-08
 Reference value :  1.31805e-08
 Reference value :  1.32601e-08
 Reference value :  1.34201e-08
 Reference value :  1.36350e-08
 Reference value :  1.37546e-08
 Reference value :  1.39946e-08
 Reference value :  1.41029e-08
 Reference value :  1.42891e-08
 Reference value :  1.45266e-08
 Reference value :  1.45626e-08
 Reference value :  1.46636e-08
 Reference value :  1.48236e-08
 Reference value :  1.50066e-08
 Reference value :  1.50381e-08
 Reference value :  1.51581e-08
 Reference value :  1.52181e-08
 Reference value :  1.53181e-08
 Reference value :  1.53981e-08
 Reference value :  1.54356e-08
 Reference value :  1.54926e-08
 Reference value :  1.55926e-08
 Reference value :  1.58126e-08
 Reference value :  1.59331e-08
 Reference value :  1.60071e-08
 Reference value :  1.60471e-08
 Reference value :  1.60871e-08
 Reference value :  1.62471e-08
 Reference value :  1.63632e-08
 Reference value :  1.66016e-08
 Reference value :  1.68299e-08
 Reference value :  1.70561e-08
 Reference value :  1.72955e-08
 Reference value :  1.74883e-08
 Reference value :  1.76683e-08
 Reference value :  1.78451e-08
 Reference value :  1.81837e-08
 Reference value :  1.83996e-08
 Reference value :  1.84796e-08
 Reference value :  1.86741e-08
 Reference value :  1.89541e-08
 Reference value :  1.92063e-08
 Reference value :  1.94263e-08
 Reference value :  1.95831e-08
 Reference value :  1.99031e-08
 Reference value :  2.01176e-08
 Reference value :  2.03976e-08
 Reference value :  2.06121e-08
 Reference value :  2.09090e-08
 Reference value :  2.11643e-08
 Reference value :  2.13740e-08
 Reference value :  2.16011e-08
 Reference value :  2.18556e-08
 Reference value :  2.21356e-08
 Reference value :  2.23501e-08
 Reference value :  2.26501e-08
 Reference value :  2.28623e-08
 Reference value :  2.29623e-08
 Reference value :  2.31423e-08
 Reference value :  2.32591e-08
 Reference value :  2.34791e-08
 Reference value :  2.36474e-08
 Reference value :  2.37736e-08
 Reference value :  2.38736e-08
 Reference value :  2.40536e-08
 Reference value :  2.42281e-08
 Reference value :  2.45256e-08
 Reference value :  2.47603e-08
 Reference value :  2.50100e-08
 Reference value :  2.52571e-08
 Reference value :  2.54916e-08
 Reference value :  2.57916e-08
 Reference value :  2.59861e-08
 Reference value :  2.62861e-08
 Reference value :  2.65183e-08
 Reference value :  2.68168e-08
 Reference value :  2.69951e-08
 Reference value :  2.72851e-08
 Reference value :  2.75496e-08
 Reference value :  2.76696e-08
 Reference value :  2.78641e-08
 Reference value :  2.81241e-08
 Reference value :  2.82963e-08
 Reference value :  2.85963e-08
 Reference value :  2.87931e-08
 Reference value :  2.90961e-08
 Reference value :  2.93676e-08
 Reference value :  2.95611e-08
 Reference value :  2.98221e-08
 Reference value :  3.00008e-08
 Reference value :  3.02366e-08
 Reference value :  3.04640e-08
 Reference value :  3.07111e-08
 Reference value :  3.09656e-08
 Reference value :  3.12856e-08
 Reference value :  3.15001e-08
 Reference value :  3.17601e-08
 Reference value :  3.19746e-08
 Reference value :  3.22733e-08
 Reference value :  3.23691e-08
 Reference value :  3.24091e-08
 Reference value :  3.24691e-08
 Reference value :  3.26291e-08
 Reference value :  3.27391e-08
 Reference value :  3.28636e-08
 Reference value :  3.30036e-08
 Reference value :  3.31036e-08
 Reference value :  3.31822e-08
 Reference value :  3.32781e-08
 Reference value :  3.36156e-08
 Reference value :  3.38303e-08
 Reference value :  3.40888e-08
 Reference value :  3.42871e-08
 Reference value :  3.43671e-08
 Reference value :  3.46016e-08
 Reference value :  3.49016e-08
 Reference value :  3.50761e-08
 Reference value :  3.54336e-08
 Reference value :  3.55906e-08
 Reference value :  3.57306e-08
 Reference value :  3.59206e-08
 Reference value :  3.59851e-08
 Reference value :  3.62451e-08
 Reference value :  3.64396e-08
 Reference value :  3.67396e-08
 Reference value :  3.69341e-08
 Reference value :  3.72710e-08
 Reference value :  3.74663e-08
 Reference value :  3.77360e-08
 Reference value :  3.79631e-08
 Reference value :  3.81966e-08
 Reference value :  3.84376e-08
 Reference value :  3.85976e-08
 Reference value :  3.86921e-08
 Reference value :  3.89321e-08
 Reference value :  3.91004e-08
 Reference value :  3.92866e-08
 Reference value :  3.94866e-08
 Reference value :  3.95671e-08
 Reference value :  3.98611e-08
 Reference value :  4.00756e-08
 Reference value :  4.03756e-08
 Reference value :  4.05701e-08
 Reference value :  4.09070e-08
 Reference value :  4.11423e-08
 Reference value :  4.13720e-08
 Reference value :  4.16391e-08
 Reference value :  4.18536e-08
 Reference value :  4.21736e-08
 Reference value :  4.22871e-08
 Reference value :  4.25681e-08
 Reference value :  4.27056e-08
 Reference value :  4.28826e-08
 Reference value :  4.31787e-08
 Reference value :  4.33571e-08
 Reference value :  4.36320e-08
 Reference value :  4.38316e-08
 Reference value :  4.40877e-08
 Reference value :  4.43061e-08
 Reference value :  4.45410e-08
 Reference value :  4.47606e-08
 Reference value :  4.50036e-08
 Reference value :  4.52351e-08
 Reference value :  4.54745e-08
 Reference value :  4.56473e-08
 Reference value :  4.59126e-08
 Reference value :  4.61041e-08
 Reference value :  4.63724e-08
 Reference value :  4.66386e-08
 Reference value :  4.68531e-08
 Reference value :  4.71731e-08
 Reference value :  4.73876e-08
 Reference value :  4.77051e-08
 Reference value :  4.78621e-08
 Reference value :  4.81851e-08
 Reference value :  4.83766e-08
 Reference value :  4.85166e-08
 Reference value :  4.86501e-08
 Reference value :  4.88111e-08
 Reference value :  4.89911e-08
 Reference value :  4.92033e-08
 Reference value :  4.94833e-08
 Reference value :  4.95219e-08
 Reference value :  4.96801e-08
 Reference value :  4.99401e-08
 Reference value :  5.00075e-08
 Reference value :  5.01346e-08
 Reference value :  5.04146e-08
 Reference value :  5.05291e-08
 Reference value :  5.08091e-08
 Reference value :  5.09636e-08
 Reference value :  5.12636e-08
 Reference value :  5.13411e-08
 Reference value :  5.14581e-08
 Reference value :  5.17181e-08
 Reference value :  5.18142e-08
 Reference value :  5.18255e-08
 Reference value :  5.18316e-08
 Reference value :  5.18526e-08
 Reference value :  5.18926e-08
 Reference value :  5.19326e-08
 Reference value :  5.19726e-08
 Reference value :  5.20126e-08
 Reference value :  5.20526e-08
 Reference value :  5.20926e-08
 Reference value :  5.21326e-08
 Reference value :  5.21726e-08
 Reference value :  5.22501e-08
 Reference value :  5.22687e-08
 Reference value :  5.22800e-08
 Reference value :  5.23071e-08
 Reference value :  5.23471e-08
 Reference value :  5.25471e-08
 Reference value :  5.27401e-08
 Reference value :  5.29793e-08
 Reference value :  5.31916e-08
 Reference value :  5.34761e-08
 Reference value :  5.37306e-08
 Reference value :  5.40681e-08
 Reference value :  5.41851e-08
 Reference value :  5.44851e-08
 Reference value :  5.46596e-08
 Reference value :  5.49983e-08
 Reference value :  5.52141e-08
 Reference value :  5.54676e-08
 Reference value :  5.56686e-08
 Reference value :  5.57686e-08
 Reference value :  5.59160e-08
 Reference value :  5.59831e-08
 Reference value :  5.62231e-08
 Reference value :  5.63761e-08
 Reference value :  5.66353e-08
 Reference value :  5.67553e-08
 Reference value :  5.69521e-08
 Reference value :  5.72683e-08
 Reference value :  5.75066e-08
 Reference value :  5.77349e-08
 Reference value :  5.79811e-08
 Reference value :  5.82356e-08
 Reference value :  5.84956e-08
 Reference value :  5.86901e-08
 Reference value :  5.89901e-08
 Reference value :  5.91646e-08
 Reference value :  5.94246e-08
 Reference value :  5.95520e-08
 Reference value :  5.95581e-08
 Reference value :  5.95991e-08
 Reference value :  5.96591e-08
 Reference value :  5.97991e-08
 Reference value :  5.99766e-08
 Reference value :  6.00736e-08
 Reference value :  6.03936e-08
 Reference value :  6.05681e-08
 Reference value :  6.08681e-08
 Reference value :  6.10626e-08
 Reference value :  6.13575e-08
 Reference value :  6.15571e-08
 Reference value :  6.18254e-08
 Reference value :  6.19116e-08
 Reference value :  6.21916e-08
 Reference value :  6.24061e-08
 Reference value :  6.27222e-08
 Reference value :  6.29606e-08
 Reference value :  6.31889e-08
 Reference value :  6.33951e-08
 Reference value :  6.36486e-08
 Reference value :  6.39296e-08
 Reference value :  6.41031e-08
 Reference value :  6.43641e-08
 Reference value :  6.45576e-08
 Reference value :  6.46986e-08
 Reference value :  6.49186e-08
 Reference value :  6.49947e-08
 Reference value :  6.50731e-08
 Reference value :  6.51331e-08
 Reference value :  6.53131e-08
 Reference value :  6.54876e-08
 Reference value :  6.55676e-08
 Reference value :  6.58851e-08
 Reference value :  6.60621e-08
 Reference value :  6.63570e-08
 Reference value :  6.64943e-08
 Reference value :  6.66743e-08
 Reference value :  6.68511e-08
 Reference value :  6.71711e-08
 Reference value :  6.73856e-08
 Reference value :  6.76656e-08
 Reference value :  6.77339e-08
 Reference value :  6.78201e-08
 Reference value :  6.78801e-08
 Reference value :  6.81401e-08
 Reference value :  6.81750e-08
 Reference value :  6.81831e-08
 Reference value :  6.81901e-08
 Reference value :  6.83146e-08
 Reference value :  6.85946e-08
 Reference value :  6.86332e-08
 Reference value :  6.86429e-08
 Reference value :  6.87491e-08
 Reference value :  6.90852e-08
 Reference value :  6.93236e-08
 Reference value :  6.95466e-08
 Reference value :  6.97781e-08
 Reference value :  7.00081e-08
 Reference value :  7.03126e-08
 Reference value :  7.04301e-08
 Reference value :  7.04626e-08
 Reference value :  7.07671e-08
 Reference value :  7.09816e-08
 Reference value :  7.12616e-08
 Reference value :  7.14161e-08
 Reference value :  7.17561e-08
 Reference value :  7.19506e-08
 Reference value :  7.20306e-08
 Reference value :  7.22106e-08
 Reference value :  7.23851e-08
 Reference value :  7.27212e-08
 Reference value :  7.29196e-08
 Reference value :  7.31870e-08
 Reference value :  7.34141e-08
 Reference value :  7.36415e-08
 Reference value :  7.38263e-08
 Reference value :  7.39863e-08
 Reference value :  7.41831e-08
 Reference value :  7.45380e-08
 Reference value :  7.47753e-08
 Reference value :  7.50006e-08
 Reference value :  7.51921e-08
 Reference value :  7.53121e-08
 Reference value :  7.55066e-08
 Reference value :  7.58066e-08
 Reference value :  7.59096e-08
 Reference value :  7.61811e-08
 Reference value :  7.63211e-08
 Reference value :  7.65156e-08
 Reference value :  7.67556e-08
 Reference value :  7.68501e-08
 Reference value :  7.70101e-08
 Reference value :  7.72784e-08
 Reference value :  7.75246e-08
 Reference value :  7.77346e-08
 Reference value :  7.79591e-08
 Reference value :  7.81191e-08
 Reference value :  7.81821e-08
 Reference value :  7.81926e-08
 Reference value :  7.82136e-08
 Reference value :  7.82536e-08
 Reference value :  7.82936e-08
 Reference value :  7.83536e-08
 Reference value :  7.84136e-08
 Reference value :  7.84736e-08
 Reference value :  7.85936e-08
 Reference value :  7.87281e-08
 Reference value :  7.90830e-08
 Reference value :  7.92426e-08
 Reference value :  7.95201e-08
 Reference value :  7.97171e-08
 Reference value :  8.00001e-08
 Reference value :  8.02316e-08
 Reference value :  8.04291e-08
 Reference value :  8.05061e-08
 Reference value :  8.06461e-08
 Reference value :  8.09047e-08
 Reference value :  8.09266e-08
 Reference value :  8.11606e-08
 Reference value :  8.12806e-08
 Reference value :  8.13741e-08
 Reference value :  8.16551e-08
 Reference value :  8.18345e-08
 Reference value :  8.21673e-08
 Reference value :  8.23641e-08
 Reference value :  8.25441e-08
 Reference value :  8.26441e-08
 Reference value :  8.28586e-08
 Reference value :  8.31747e-08
 Reference value :  8.32331e-08
 Reference value :  8.35531e-08
 Reference value :  8.37276e-08
 Reference value :  8.39676e-08
 Reference value :  8.40976e-08
 Reference value :  8.44221e-08
 Reference value :  8.46166e-08
 Reference value :  8.49366e-08
 Reference value :  8.51511e-08
 Reference value :  8.54111e-08
 Reference value :  8.54646e-08
 Reference value :  8.57056e-08
 Reference value :  8.59156e-08
 Reference value :  8.62001e-08
 Reference value :  8.64346e-08
 Reference value :  8.67346e-08
 Reference value :  8.68220e-08
 Reference value :  8.68491e-08
 Reference value :  8.71091e-08
 Reference value :  8.73636e-08
 Reference value :  8.76836e-08
 Reference value :  8.78781e-08
 Reference value :  8.81855e-08
 Reference value :  8.84126e-08
 Reference value :  8.86426e-08
 Reference value :  8.88671e-08
 Reference value :  8.90471e-08
 Reference value :  8.92216e-08
 Reference value :  8.95191e-08
 Reference value :  8.97161e-08
 Reference value :  9.00091e-08
 Reference value :  9.03083e-08
 Reference value :  9.05051e-08
 Reference value :  9.08451e-08
 Reference value :  9.09256e-08
 Reference value :  9.10196e-08
 Reference value :  9.12996e-08
 Reference value :  9.14941e-08
 Reference value :  9.17541e-08
 Reference value :  9.18090e-08
 Reference value :  9.18486e-08
 Reference value :  9.20886e-08
 Reference value :  9.21886e-08
 Reference value :  9.22769e-08
 Reference value :  9.23631e-08
 Reference value :  9.26231e-08
 Reference value :  9.28176e-08
 Reference value :  9.29776e-08
 Reference value :  9.30376e-08
 Reference value :  9.31176e-08
 Reference value :  9.32521e-08
 Reference value :  9.35921e-08
 Reference value :  9.37866e-08
 Reference value :  9.40827e-08
 Reference value :  9.42611e-08
 Reference value :  9.45494e-08
 Reference value :  9.47956e-08
 Reference value :  9.50056e-08
 Reference value :  9.52701e-08
 Reference value :  9.54101e-08
 Reference value :  9.55046e-08
 Reference value :  9.58246e-08
 Reference value :  9.60391e-08
 Reference value :  9.62791e-08
 Reference value :  9.64536e-08
 Reference value :  9.66936e-08
 Reference value :  9.68122e-08
 Reference value :  9.69481e-08
 Reference value :  9.72690e-08
 Reference value :  9.75203e-08
 Reference value :  9.77361e-08
 Reference value :  9.80171e-08
 Reference value :  9.81906e-08
 Reference value :  9.84916e-08
 Reference value :  9.86661e-08
 Reference value :  9.87861e-08
 Reference value :  9.89261e-08
 Reference value :  9.91606e-08
 Reference value :  9.94606e-08
 Reference value :  9.95392e-08
 Reference value :  9.97151e-08
 Reference value :  9.99351e-08
 Reference value :  9.99900e-08
 Reference value :  1.00016e-07
 Reference value :  1.00090e-07
 Reference value :  1.00150e-07
 Reference value :  1.00190e-07
 Reference value :  1.00330e-07
 Reference value :  1.00390e-07
 Reference value :  1.00427e-07
 Reference value :  1.00448e-07
 Reference value :  1.00584e-07
 Reference value :  1.00864e-07
 Reference value :  1.00914e-07
 Reference value :  1.00959e-07
 Reference value :  1.01159e-07
 Reference value :  1.01279e-07
 Reference value :  1.01453e-07
 Reference value :  1.01673e-07
 Reference value :  1.01816e-07
 Reference value :  1.01868e-07
 Reference value :  1.02168e-07
 Reference value :  1.02275e-07
 Reference value :  1.02522e-07
 Reference value :  1.02732e-07
 Reference value :  1.02937e-07
 Reference value :  1.03057e-07
 Reference value :  1.03097e-07
 Reference value :  1.03137e-07
 Reference value :  1.03171e-07
 Reference value :  1.03184e-07
 Reference value :  1.03351e-07
 Reference value :  1.03471e-07
 Reference value :  1.03641e-07
 Reference value :  1.03906e-07
 Reference value :  1.04099e-07
 Reference value :  1.04360e-07
 Reference value :  1.04550e-07
 Reference value :  1.04835e-07
 Reference value :  1.05015e-07
 Reference value :  1.05369e-07
 Reference value :  1.05561e-07
 Reference value :  1.05721e-07
 Reference value :  1.05900e-07
 Reference value :  1.06118e-07
 Reference value :  1.06366e-07
 Reference value :  1.06653e-07
 Reference value :  1.06847e-07
 Reference value :  1.06947e-07
 Reference value :  1.07167e-07
 Reference value :  1.07262e-07
 Reference value :  1.07302e-07
 Reference value :  1.07602e-07
 Reference value :  1.07816e-07
 Reference value :  1.08136e-07
 Reference value :  1.08331e-07
 Reference value :  1.08627e-07
 Reference value :  1.08665e-07
 Reference value :  1.08805e-07
 Reference value :  1.09092e-07
 Reference value :  1.09360e-07
 Reference value :  1.09460e-07
 Reference value :  1.09654e-07
 Reference value :  1.09989e-07
 Reference value :  1.10189e-07
 Reference value :  1.10452e-07
 Reference value :  1.10523e-07
 Reference value :  1.10563e-07
 Reference value :  1.10783e-07
 Reference value :  1.10881e-07
 Reference value :  1.10978e-07
 Reference value :  1.11098e-07
 Reference value :  1.11298e-07
 Reference value :  1.11354e-07
 Reference value :  1.11492e-07
 Reference value :  1.11752e-07
 Reference value :  1.11907e-07
 Reference value :  1.12187e-07
 Reference value :  1.12274e-07
 Reference value :  1.12541e-07
 Reference value :  1.12773e-07
 Reference value :  1.12973e-07
 Reference value :  1.13189e-07
 Reference value :  1.13430e-07
 Reference value :  1.13644e-07
 Reference value :  1.13925e-07
 Reference value :  1.14119e-07
 Reference value :  1.14299e-07
 Reference value :  1.14538e-07
 Reference value :  1.14774e-07
 Reference value :  1.15004e-07
 Reference value :  1.15288e-07
 Reference value :  1.15503e-07
 Reference value :  1.15803e-07
 Reference value :  1.15910e-07
 Reference value :  1.16037e-07
 Reference value :  1.16353e-07
 Reference value :  1.16592e-07
 Reference value :  1.16820e-07
 Reference value :  1.17046e-07
 Reference value :  1.17274e-07
 Reference value :  1.17321e-07
 Reference value :  1.17601e-07
 Reference value :  1.17775e-07
 Reference value :  1.18115e-07
 Reference value :  1.18310e-07
 Reference value :  1.18550e-07
 Reference value :  1.18607e-07
 Reference value :  1.18637e-07
 Reference value :  1.18724e-07
 Reference value :  1.18784e-07
 Reference value :  1.18964e-07
 Reference value :  1.19079e-07
 Reference value :  1.19087e-07
 Reference value :  1.19094e-07
 Reference value :  1.19119e-07
 Reference value :  1.19199e-07
 Reference value :  1.19319e-07
 Reference value :  1.19359e-07
 Reference value :  1.19439e-07
 Reference value :  1.19479e-07
 Reference value :  1.19516e-07
 Reference value :  1.19537e-07
 Reference value :  1.19546e-07
 Reference value :  1.19552e-07
 Reference value :  1.19573e-07
 Reference value :  1.19613e-07
 Reference value :  1.19653e-07
 Reference value :  1.19693e-07
 Reference value :  1.19733e-07
 Reference value :  1.19793e-07
 Reference value :  1.19853e-07
 Reference value :  1.19913e-07
 Reference value :  1.19971e-07
 Reference value :  1.19989e-07
 Reference value :  1.20048e-07
 Reference value :  1.20108e-07
 Reference value :  1.20168e-07
 Reference value :  1.20408e-07
 Reference value :  1.20562e-07
 Reference value :  1.20862e-07
 Reference value :  1.20910e-07
 Reference value :  1.21097e-07
 Reference value :  1.21237e-07
 Reference value :  1.21431e-07
 Reference value :  1.21731e-07
 Reference value :  1.21946e-07
 Reference value :  1.22226e-07
 Reference value :  1.22320e-07
 Reference value :  1.22420e-07
 Reference value :  1.22600e-07
 Reference value :  1.22815e-07
 Reference value :  1.23152e-07
 Reference value :  1.23349e-07
 Reference value :  1.23636e-07
 Reference value :  1.23924e-07
 Reference value :  1.24094e-07
 Reference value :  1.24178e-07
 Reference value :  1.24534e-07
 Reference value :  1.24733e-07
 Reference value :  1.24991e-07
 Reference value :  1.25167e-07
 Reference value :  1.25367e-07
 Reference value :  1.25454e-07
 Reference value :  1.25722e-07
 Reference value :  1.25936e-07
 Reference value :  1.26256e-07
 Reference value :  1.26471e-07
 Reference value :  1.26711e-07
 Reference value :  1.26809e-07
 Reference value :  1.27025e-07
 Reference value :  1.27268e-07
 Reference value :  1.27520e-07
 Reference value :  1.27730e-07
 Reference value :  1.28054e-07
 Reference value :  1.28209e-07
 Reference value :  1.28529e-07
 Reference value :  1.28703e-07
 Reference value :  1.29043e-07
 Reference value :  1.29238e-07
 Reference value :  1.29378e-07
 Reference value :  1.29532e-07
 Reference value :  1.29712e-07
 Reference value :  1.30000e-07
 Reference value :  1.30247e-07
 Reference value :  1.30460e-07
 Reference value :  1.30661e-07
 Reference value :  1.30879e-07
 Reference value :  1.30976e-07
 Reference value :  1.31156e-07
 Reference value :  1.31316e-07
 Reference value :  1.31390e-07
 Reference value :  1.31650e-07
 Reference value :  1.31817e-07
 Reference value :  1.32062e-07
 Reference value :  1.32275e-07
 Reference value :  1.32559e-07
 Reference value :  1.32732e-07
 Reference value :  1.33051e-07
 Reference value :  1.33177e-07
 Reference value :  1.33428e-07
 Reference value :  1.33642e-07
 Reference value :  1.33823e-07
 Reference value :  1.34023e-07
 Reference value :  1.34117e-07
 Reference value :  1.34337e-07
 Reference value :  1.34497e-07
 Reference value :  1.34592e-07
 Reference value :  1.34692e-07
 Reference value :  1.34932e-07
 Reference value :  1.35106e-07
 Reference value :  1.35442e-07
 Reference value :  1.35661e-07
 Reference value :  1.35899e-07
 Reference value :  1.36115e-07
 Reference value :  1.36354e-07
 Reference value :  1.36610e-07
 Reference value :  1.36817e-07
 Reference value :  1.37064e-07
 Reference value :  1.37319e-07
 Reference value :  1.37579e-07
 Reference value :  1.37793e-07
 Reference value :  1.38093e-07
 Reference value :  1.38308e-07
 Reference value :  1.38605e-07
 Reference value :  1.38762e-07
 Reference value :  1.39085e-07
 Reference value :  1.39317e-07
 Reference value :  1.39545e-07
 Reference value :  1.39791e-07
 Reference value :  1.40026e-07
 Reference value :  1.40346e-07
 Reference value :  1.40459e-07
 Reference value :  1.40780e-07
 Reference value :  1.40975e-07
 Reference value :  1.41295e-07
 Reference value :  1.41469e-07
 Reference value :  1.41589e-07
 Reference value :  1.41749e-07
 Reference value :  1.41817e-07
 Reference value :  1.41964e-07
 Reference value :  1.42144e-07
 Reference value :  1.42277e-07
 Reference value :  1.42438e-07
 Reference value :  1.42478e-07
 Reference value :  1.42721e-07
 Reference value :  1.42732e-07
 Reference value :  1.42773e-07
 Reference value :  1.42933e-07
 Reference value :  1.43150e-07
 Reference value :  1.43247e-07
 Reference value :  1.43427e-07
 Reference value :  1.43622e-07
 Reference value :  1.43742e-07
 Reference value :  1.43942e-07
 Reference value :  1.44089e-07
 Reference value :  1.44236e-07
 Reference value :  1.44436e-07
 Reference value :  1.44651e-07
 Reference value :  1.44985e-07
 Reference value :  1.45025e-07
 Reference value :  1.45325e-07
 Reference value :  1.45500e-07
 Reference value :  1.45860e-07
 Reference value :  1.46074e-07
 Reference value :  1.46364e-07
 Reference value :  1.46669e-07
 Reference value :  1.46843e-07
 Reference value :  1.47163e-07
 Reference value :  1.47335e-07
 Reference value :  1.47615e-07
 Reference value :  1.47812e-07
 Reference value :  1.48150e-07
 Reference value :  1.48344e-07
 Reference value :  1.48622e-07
 Reference value :  1.48821e-07
 Reference value :  1.49089e-07
 Reference value :  1.49316e-07
 Reference value :  1.49543e-07
 Reference value :  1.49710e-07
 Reference value :  1.49968e-07
 Reference value :  1.50145e-07
 Reference value :  1.50440e-07
 Reference value :  1.50619e-07
 Reference value :  1.50909e-07
 Reference value :  1.50994e-07
 Reference value :  1.51214e-07
 Reference value :  1.51361e-07
 Reference value :  1.51508e-07
 Reference value :  1.51728e-07
 Reference value :  1.51829e-07
 Reference value :  1.52003e-07
 Reference value :  1.52123e-07
 Reference value :  1.52163e-07
 Reference value :  1.52203e-07
 Reference value :  1.52240e-07
 Reference value :  1.52283e-07
 Reference value :  1.52417e-07
 Reference value :  1.52657e-07
 Reference value :  1.52832e-07
 Reference value :  1.53112e-07
 Reference value :  1.53286e-07
 Reference value :  1.53604e-07
 Reference value :  1.53781e-07
 Reference value :  1.53981e-07
 Reference value :  1.54155e-07
 Reference value :  1.54530e-07
 Reference value :  1.54710e-07
 Reference value :  1.54986e-07
 Reference value :  1.55164e-07
 Reference value :  1.55452e-07
 Reference value :  1.55699e-07
 Reference value :  1.55739e-07
 Reference value :  1.55876e-07
 Reference value :  1.55953e-07
 Reference value :  1.56153e-07
 Reference value :  1.56356e-07
 Reference value :  1.56488e-07
 Reference value :  1.56688e-07
 Reference value :  1.56821e-07
 Reference value :  1.56962e-07
 Reference value :  1.57257e-07
 Reference value :  1.57477e-07
 Reference value :  1.57694e-07
 Reference value :  1.57811e-07
 Reference value :  1.58166e-07
 Reference value :  1.58366e-07
 Reference value :  1.58603e-07
 Reference value :  1.58800e-07
 Reference value :  1.59075e-07
 Reference value :  1.59235e-07
 Reference value :  1.59355e-07
 Reference value :  1.59531e-07
 Reference value :  1.59669e-07
 Reference value :  1.59769e-07
 Reference value :  1.59992e-07
 Reference value :  1.60044e-07
 Reference value :  1.60244e-07
 Reference value :  1.60304e-07
 Reference value :  1.60518e-07
 Reference value :  1.60838e-07
 Reference value :  1.61053e-07
 Reference value :  1.61349e-07
 Reference value :  1.61467e-07
 Reference value :  1.61747e-07
 Reference value :  1.61942e-07
 Reference value :  1.62256e-07
 Reference value :  1.62416e-07
 Reference value :  1.62723e-07
 Reference value :  1.62988e-07
 Reference value :  1.63147e-07
 Reference value :  1.63191e-07
 Reference value :  1.63325e-07
 Reference value :  1.63405e-07
 Reference value :  1.63633e-07
 Reference value :  1.63817e-07
 Reference value :  1.63977e-07
 Reference value :  1.64134e-07
 Reference value :  1.64354e-07
 Reference value :  1.64414e-07
 Reference value :  1.64454e-07
 Reference value :  1.64542e-07
 Reference value :  1.64569e-07
 Reference value :  1.64609e-07
 Reference value :  1.64629e-07
 Reference value :  1.64669e-07
 Reference value :  1.64709e-07
 Reference value :  1.64749e-07
 Reference value :  1.64789e-07
 Reference value :  1.64829e-07
 Reference value :  1.64869e-07
 Reference value :  1.64909e-07
 Reference value :  1.64985e-07
 Reference value :  1.65123e-07
 Reference value :  1.65303e-07
 Reference value :  1.65438e-07
 Reference value :  1.65558e-07
 Reference value :  1.65838e-07
 Reference value :  1.65875e-07
 Reference value :  1.65894e-07
 Reference value :  1.65901e-07
 Reference value :  1.65908e-07
 Reference value :  1.66012e-07
 Reference value :  1.66312e-07
 Reference value :  1.66487e-07
 Reference value :  1.66784e-07
 Reference value :  1.66961e-07
 Reference value :  1.67268e-07
 Reference value :  1.67516e-07
 Reference value :  1.67714e-07
 Reference value :  1.67950e-07
 Reference value :  1.68178e-07
 Reference value :  1.68285e-07
 Reference value :  1.68545e-07
 Reference value :  1.68779e-07
 Reference value :  1.69087e-07
 Reference value :  1.69374e-07
 Reference value :  1.69568e-07
 Reference value :  1.69868e-07
 Reference value :  1.70103e-07
 Reference value :  1.70363e-07
 Reference value :  1.70557e-07
 Reference value :  1.70857e-07
 Reference value :  1.71092e-07
 Reference value :  1.71355e-07
 Reference value :  1.71466e-07
 Reference value :  1.71626e-07
 Reference value :  1.71813e-07
 Reference value :  1.71921e-07
 Reference value :  1.72101e-07
 Reference value :  1.72264e-07
 Reference value :  1.72395e-07
 Reference value :  1.72495e-07
 Reference value :  1.72535e-07
 Reference value :  1.72595e-07
 Reference value :  1.72635e-07
 Reference value :  1.72710e-07
 Reference value :  1.72930e-07
 Reference value :  1.73173e-07
 Reference value :  1.73444e-07
 Reference value :  1.73623e-07
 Reference value :  1.73859e-07
 Reference value :  1.74087e-07
 Reference value :  1.74333e-07
 Reference value :  1.74554e-07
 Reference value :  1.74888e-07
 Reference value :  1.75082e-07
 Reference value :  1.75282e-07
 Reference value :  1.75450e-07
 Reference value :  1.75717e-07
 Reference value :  1.75910e-07
 Reference value :  1.76171e-07
 Reference value :  1.76372e-07
 Reference value :  1.76666e-07
 Reference value :  1.76819e-07
 Reference value :  1.77140e-07
 Reference value :  1.77335e-07
 Reference value :  1.77635e-07
 Reference value :  1.77809e-07
 Reference value :  1.78147e-07
 Reference value :  1.78364e-07
 Reference value :  1.78622e-07
 Reference value :  1.78878e-07
 Reference value :  1.79097e-07
 Reference value :  1.79430e-07
 Reference value :  1.79607e-07
 Reference value :  1.79907e-07
 Reference value :  1.80062e-07
 Reference value :  1.80402e-07
 Reference value :  1.80596e-07
 Reference value :  1.80856e-07
 Reference value :  1.81071e-07
 Reference value :  1.81328e-07
 Reference value :  1.81505e-07
 Reference value :  1.81645e-07
 Reference value :  1.81900e-07
 Reference value :  1.82220e-07
 Reference value :  1.82273e-07
 Reference value :  1.82474e-07
 Reference value :  1.82710e-07
 Reference value :  1.82829e-07
 Reference value :  1.82969e-07
 Reference value :  1.83089e-07
 Reference value :  1.83203e-07
 Reference value :  1.83343e-07
 Reference value :  1.83619e-07
 Reference value :  1.83838e-07
 Reference value :  1.83938e-07
 Reference value :  1.84074e-07
 Reference value :  1.84132e-07
 Reference value :  1.84232e-07
 Reference value :  1.84510e-07
 Reference value :  1.84546e-07
 Reference value :  1.84767e-07
 Reference value :  1.84827e-07
 Reference value :  1.84867e-07
 Reference value :  1.84907e-07
 Reference value :  1.84947e-07
 Reference value :  1.84983e-07
 Reference value :  1.84990e-07
 Reference value :  1.84995e-07
 Reference value :  1.85000e-07
 Reference value :  1.85021e-07
 Reference value :  1.85261e-07
 Reference value :  1.85516e-07
 Reference value :  1.85816e-07
 Reference value :  1.86010e-07
 Reference value :  1.86345e-07
 Reference value :  1.86545e-07
 Reference value :  1.86812e-07
 Reference value :  1.87039e-07
 Reference value :  1.87266e-07
 Reference value :  1.87494e-07
 Reference value :  1.87724e-07
 Reference value :  1.87948e-07
 Reference value :  1.88068e-07
 Reference value :  1.88263e-07
 Reference value :  1.88600e-07
 Reference value :  1.88797e-07
 Reference value :  1.89072e-07
 Reference value :  1.89252e-07
 Reference value :  1.89509e-07
 Reference value :  1.89706e-07
 Reference value :  1.89993e-07
 Reference value :  1.90261e-07
 Reference value :  1.90475e-07
 Reference value :  1.90795e-07
 Reference value :  1.91010e-07
 Reference value :  1.91327e-07
 Reference value :  1.91544e-07
 Reference value :  1.91807e-07
 Reference value :  1.92079e-07
 Reference value :  1.92269e-07
 Reference value :  1.92533e-07
 Reference value :  1.92768e-07
 Reference value :  1.93068e-07
 Reference value :  1.93262e-07
 Reference value :  1.93582e-07
 Reference value :  1.93817e-07
 Reference value :  1.94073e-07
 Reference value :  1.94311e-07
 Reference value :  1.94526e-07
 Reference value :  1.94723e-07
 Reference value :  1.94989e-07
 Reference value :  1.95220e-07
 Reference value :  1.95448e-07
 Reference value :  1.95695e-07
 Reference value :  1.95890e-07
 Reference value :  1.96089e-07
 Reference value :  1.96363e-07
 Reference value :  1.96664e-07
 Reference value :  1.96858e-07
 Reference value :  1.97178e-07
 Reference value :  1.97373e-07
 Reference value :  1.97707e-07
 Reference value :  1.97887e-07
 Reference value :  1.98177e-07
 Reference value :  1.98462e-07
 Reference value :  1.98642e-07
 Reference value :  1.98956e-07
 Reference value :  1.99171e-07
 Reference value :  1.99451e-07
 Reference value :  1.99625e-07
 Reference value :  1.99981e-07
 Reference value :  2.00220e-07
 Reference value :  2.00447e-07
 Reference value :  2.00694e-07
 Reference value :  2.00908e-07
 Reference value :  2.01209e-07
 Reference value :  2.01383e-07
 Reference value :  2.01743e-07
 Reference value :  2.01898e-07
 Reference value :  2.02178e-07
 Reference value :  2.02392e-07
 Reference value :  2.02672e-07
 Reference value :  2.02907e-07
 Reference value :  2.03163e-07
 Reference value :  2.03361e-07
 Reference value :  2.03628e-07
 Reference value :  2.03816e-07
 Reference value :  2.04053e-07
 Reference value :  2.04210e-07
 Reference value :  2.04525e-07
 Reference value :  2.04725e-07
 Reference value :  2.04825e-07
 Reference value :  2.04925e-07
 Reference value :  2.04998e-07
 Reference value :  2.05119e-07
 Reference value :  2.05319e-07
 Reference value :  2.05417e-07
 Reference value :  2.05474e-07
 Reference value :  2.05634e-07
 Reference value :  2.05674e-07
 Reference value :  2.05714e-07
 Reference value :  2.05834e-07
 Reference value :  2.05914e-07
 Reference value :  2.06108e-07
 Reference value :  2.06344e-07
 Reference value :  2.06403e-07
 Reference value :  2.06723e-07
 Reference value :  2.06897e-07
 Reference value :  2.07252e-07
 Reference value :  2.07278e-07
 Reference value :  2.07472e-07
 Reference value :  2.07652e-07
 Reference value :  2.07722e-07
 Reference value :  2.07746e-07
 Reference value :  2.07786e-07
 Reference value :  2.07826e-07
 Reference value :  2.07866e-07
 Reference value :  2.07906e-07
 Reference value :  2.07946e-07
 Reference value :  2.07986e-07
 Reference value :  2.08086e-07
 Reference value :  2.08144e-07
 Reference value :  2.08162e-07
 Reference value :  2.08169e-07
 Reference value :  2.08174e-07
 Reference value :  2.08187e-07
 Reference value :  2.08221e-07
 Reference value :  2.08281e-07
 Reference value :  2.08321e-07
 Reference value :  2.08581e-07
 Reference value :  2.08755e-07
 Reference value :  2.09074e-07
 Reference value :  2.09290e-07
 Reference value :  2.09524e-07
 Reference value :  2.09550e-07
 Reference value :  2.09844e-07
 Reference value :  2.10016e-07
 Reference value :  2.10196e-07
 Reference value :  2.10415e-07
 Reference value :  2.10459e-07
 Reference value :  2.10693e-07
 Reference value :  2.10793e-07
 Reference value :  2.10948e-07
 Reference value :  2.11128e-07
 Reference value :  2.11346e-07
 Reference value :  2.11356e-07
 Reference value :  2.11482e-07
 Reference value :  2.11682e-07
 Reference value :  2.11897e-07
 Reference value :  2.12177e-07
 Reference value :  2.12371e-07
 Reference value :  2.12707e-07
 Reference value :  2.12766e-07
 Reference value :  2.13106e-07
 Reference value :  2.13260e-07
 Reference value :  2.13380e-07
 Reference value :  2.13560e-07
 Reference value :  2.13627e-07
 Reference value :  2.13855e-07
 Reference value :  2.14095e-07
 Reference value :  2.14429e-07
 Reference value :  2.14564e-07
 Reference value :  2.14864e-07
 Reference value :  2.14982e-07
 Reference value :  2.15078e-07
 Reference value :  2.15434e-07
 Reference value :  2.15653e-07
 Reference value :  2.15896e-07
 Reference value :  2.16107e-07
 Reference value :  2.16227e-07
 Reference value :  2.16462e-07
 Reference value :  2.16762e-07
 Reference value :  2.16956e-07
 Reference value :  2.17259e-07
 Reference value :  2.17491e-07
 Reference value :  2.17631e-07
 Reference value :  2.17721e-07
 Reference value :  2.17945e-07
 Reference value :  2.18125e-07
 Reference value :  2.18186e-07
 Reference value :  2.18340e-07
 Reference value :  2.18520e-07
 Reference value :  2.18630e-07
 Reference value :  2.18734e-07
 Reference value :  2.18814e-07
 Reference value :  2.19069e-07
 Reference value :  2.19081e-07
 Reference value :  2.19349e-07
 Reference value :  2.19542e-07
 Reference value :  2.19763e-07
 Reference value :  2.19961e-07
 Reference value :  2.20038e-07
 Reference value :  2.20238e-07
 Reference value :  2.20448e-07
 Reference value :  2.20752e-07
 Reference value :  2.20947e-07
 Reference value :  2.21087e-07
 Reference value :  2.21227e-07
 Reference value :  2.21401e-07
 Reference value :  2.21701e-07
 Reference value :  2.21896e-07
 Reference value :  2.22216e-07
 Reference value :  2.22310e-07
 Reference value :  2.22450e-07
 Reference value :  2.22718e-07
 Reference value :  2.23005e-07
 Reference value :  2.23172e-07
 Reference value :  2.23199e-07
 Reference value :  2.23339e-07
 Reference value :  2.23419e-07
 Reference value :  2.23459e-07
 Reference value :  2.23622e-07
 Reference value :  2.23654e-07
 Reference value :  2.23794e-07
 Reference value :  2.23834e-07
 Reference value :  2.23874e-07
 Reference value :  2.23914e-07
 Reference value :  2.23954e-07
 Reference value :  2.23994e-07
 Reference value :  2.24051e-07
 Reference value :  2.24070e-07
 Reference value :  2.24128e-07
 Reference value :  2.24468e-07
 Reference value :  2.24623e-07
 Reference value :  2.24923e-07
 Reference value :  2.25037e-07
 Reference value :  2.25097e-07
 Reference value :  2.25237e-07
 Reference value :  2.25297e-07
 Reference value :  2.25445e-07
 Reference value :  2.25729e-07
 Reference value :  2.25912e-07
 Reference value :  2.26266e-07
 Reference value :  2.26481e-07
 Reference value :  2.26661e-07
 Reference value :  2.26761e-07
 Reference value :  2.26809e-07
 Reference value :  2.26895e-07
 Reference value :  2.27115e-07
 Reference value :  2.27265e-07
 Reference value :  2.27430e-07
 Reference value :  2.27470e-07
 Reference value :  2.27510e-07
 Reference value :  2.27550e-07
 Reference value :  2.27706e-07
 Reference value :  2.27924e-07
 Reference value :  2.28199e-07
 Reference value :  2.28479e-07
 Reference value :  2.28693e-07
 Reference value :  2.28853e-07
 Reference value :  2.28953e-07
 Reference value :  2.29083e-07
 Reference value :  2.29408e-07
 Reference value :  2.29582e-07
 Reference value :  2.29942e-07
 Reference value :  2.30137e-07
 Reference value :  2.30337e-07
 Reference value :  2.30450e-07
 Reference value :  2.30571e-07
 Reference value :  2.30887e-07
 Reference value :  2.31046e-07
 Reference value :  2.31323e-07
 Reference value :  2.31460e-07
 Reference value :  2.31600e-07
 Reference value :  2.31795e-07
 Reference value :  2.31995e-07
 Reference value :  2.32258e-07
 Reference value :  2.32489e-07
 Reference value :  2.32629e-07
 Reference value :  2.32712e-07
 Reference value :  2.32804e-07
 Reference value :  2.33084e-07
 Reference value :  2.33298e-07
 Reference value :  2.33625e-07
 Reference value :  2.33913e-07
 Reference value :  2.34080e-07
 Reference value :  2.34227e-07
 Reference value :  2.34523e-07
 Reference value :  2.34722e-07
 Reference value :  2.34976e-07
 Reference value :  2.35096e-07
 Reference value :  2.35296e-07
 Reference value :  2.35511e-07
 Reference value :  2.35791e-07
 Reference value :  2.35985e-07
 Reference value :  2.36225e-07
 Reference value :  2.36341e-07
 Reference value :  2.36480e-07
 Reference value :  2.36803e-07
 Reference value :  2.37014e-07
 Reference value :  2.37214e-07
 Reference value :  2.37275e-07
 Reference value :  2.37349e-07
 Reference value :  2.37429e-07
 Reference value :  2.37489e-07
 Reference value :  2.37609e-07
 Reference value :  2.37669e-07
 Reference value :  2.37722e-07
 Reference value :  2.37783e-07
 Reference value :  2.37843e-07
 Reference value :  2.37983e-07
 Reference value :  2.38166e-07
 Reference value :  2.38278e-07
 Reference value :  2.38578e-07
 Reference value :  2.38672e-07
 Reference value :  2.38792e-07
 Reference value :  2.39012e-07
 Reference value :  2.39082e-07
 Reference value :  2.39367e-07
 Reference value :  2.39522e-07
 Reference value :  2.39530e-07
 Reference value :  2.39701e-07
 Reference value :  2.39984e-07
 Reference value :  2.40196e-07
 Reference value :  2.40443e-07
 Reference value :  2.40590e-07
 Reference value :  2.40730e-07
 Reference value :  2.40868e-07
 Reference value :  2.41065e-07
 Reference value :  2.41340e-07
 Reference value :  2.41499e-07
 Reference value :  2.41798e-07
 Reference value :  2.41820e-07
 Reference value :  2.41894e-07
 Reference value :  2.41934e-07
 Reference value :  2.41994e-07
 Reference value :  2.42034e-07
 Reference value :  2.42074e-07
 Reference value :  2.42250e-07
 Reference value :  2.42328e-07
 Reference value :  2.42368e-07
 Reference value :  2.42408e-07
 Reference value :  2.42488e-07
 Reference value :  2.42668e-07
 Reference value :  2.42716e-07
 Reference value :  2.42803e-07
 Reference value :  2.43103e-07
 Reference value :  2.43197e-07
 Reference value :  2.43577e-07
 Reference value :  2.43672e-07
 Reference value :  2.43712e-07
 Reference value :  2.43752e-07
 Reference value :  2.43972e-07
 Reference value :  2.44082e-07
 Reference value :  2.44266e-07
 Reference value :  2.44529e-07
 Reference value :  2.44741e-07
 Reference value :  2.44941e-07
 Reference value :  2.45055e-07
 Reference value :  2.45175e-07
 Reference value :  2.45443e-07
 Reference value :  2.45730e-07
 Reference value :  2.45903e-07
 Reference value :  2.46184e-07
 Reference value :  2.46340e-07
 Reference value :  2.46399e-07
 Reference value :  2.46619e-07
 Reference value :  2.46819e-07
 Reference value :  2.47133e-07
 Reference value :  2.47368e-07
 Reference value :  2.47685e-07
 Reference value :  2.47802e-07
 Reference value :  2.47902e-07
 Reference value :  2.48062e-07
 Reference value :  2.48277e-07
 Reference value :  2.48557e-07
 Reference value :  2.48731e-07
 Reference value :  2.49067e-07
 Reference value :  2.49146e-07
 Reference value :  2.49286e-07
 Reference value :  2.49426e-07
 Reference value :  2.49539e-07
 Reference value :  2.49700e-07
 Reference value :  2.49920e-07
 Reference value :  2.49975e-07
 Reference value :  2.49979e-07
 Reference value :  2.50001e-07
 Reference value :  2.50135e-07
 Reference value :  2.50431e-07
 Reference value :  2.50629e-07
 Reference value :  2.50892e-07
 Reference value :  2.51044e-07
 Reference value :  2.51144e-07
 Reference value :  2.51244e-07
 Reference value :  2.51458e-07
 Reference value :  2.51738e-07
 Reference value :  2.51893e-07
 Reference value :  2.52053e-07
 Reference value :  2.52093e-07
 Reference value :  2.52251e-07
 Reference value :  2.52387e-07
 Reference value :  2.52607e-07
 Reference value :  2.52742e-07
 Reference value :  2.52942e-07
 Reference value :  2.53002e-07
 Reference value :  2.53196e-07
 Reference value :  2.53476e-07
 Reference value :  2.53671e-07
 Reference value :  2.53771e-07
 Reference value :  2.54065e-07
 Reference value :  2.54245e-07
 Reference value :  2.54532e-07
 Reference value :  2.54800e-07
 Reference value :  2.54993e-07
 Reference value :  2.55254e-07
 Reference value :  2.55448e-07
 Reference value :  2.55709e-07
 Reference value :  2.55923e-07
 Reference value :  2.56243e-07
 Reference value :  2.56478e-07
 Reference value :  2.56775e-07
 Reference value :  2.56972e-07
 Reference value :  2.57248e-07
 Reference value :  2.57467e-07
 Reference value :  2.57701e-07
 Reference value :  2.57841e-07
 Reference value :  2.58021e-07
 Reference value :  2.58164e-07
 Reference value :  2.58296e-07
 Reference value :  2.58516e-07
 Reference value :  2.58629e-07
 Reference value :  2.58810e-07
 Reference value :  2.58990e-07
 Reference value :  2.59069e-07
 Reference value :  2.59145e-07
 Reference value :  2.59502e-07
 Reference value :  2.59679e-07
 Reference value :  2.59987e-07
 Reference value :  2.60254e-07
 Reference value :  2.60444e-07
 Reference value :  2.60708e-07
 Reference value :  2.60884e-07
 Reference value :  2.61123e-07
 Reference value :  2.61350e-07
 Reference value :  2.61597e-07
 Reference value :  2.61832e-07
 Reference value :  2.62152e-07
 Reference value :  2.62326e-07
 Reference value :  2.62666e-07
 Reference value :  2.62861e-07
 Reference value :  2.63138e-07
 Reference value :  2.63355e-07
 Reference value :  2.63610e-07
 Reference value :  2.63827e-07
 Reference value :  2.64068e-07
 Reference value :  2.64264e-07
 Reference value :  2.64537e-07
 Reference value :  2.64576e-07
 Reference value :  2.64816e-07
 Reference value :  2.64977e-07
 Reference value :  2.65053e-07
 Reference value :  2.65193e-07
 Reference value :  2.65428e-07
 Reference value :  2.65528e-07
 Reference value :  2.65728e-07
 Reference value :  2.65865e-07
 Reference value :  2.65901e-07
 Reference value :  2.66202e-07
 Reference value :  2.66338e-07
 Reference value :  2.66537e-07
 Reference value :  2.66793e-07
 Reference value :  2.66991e-07
 Reference value :  2.67254e-07
 Reference value :  2.67486e-07
 Reference value :  2.67683e-07
 Reference value :  2.67714e-07
 Reference value :  2.67840e-07
 Reference value :  2.68100e-07
 Reference value :  2.68195e-07
 Reference value :  2.68395e-07
 Reference value :  2.68610e-07
 Reference value :  2.68635e-07
 Reference value :  2.68809e-07
 Reference value :  2.68929e-07
 Reference value :  2.69076e-07
 Reference value :  2.69364e-07
 Reference value :  2.69534e-07
 Reference value :  2.69858e-07
 Reference value :  2.70013e-07
 Reference value :  2.70153e-07
 Reference value :  2.70428e-07
 Reference value :  2.70647e-07
 Reference value :  2.70890e-07
 Reference value :  2.71142e-07
 Reference value :  2.71350e-07
 Reference value :  2.71536e-07
 Reference value :  2.71696e-07
 Reference value :  2.71791e-07
 Reference value :  2.71806e-07
 Reference value :  2.71991e-07
 Reference value :  2.72211e-07
 Reference value :  2.72325e-07
 Reference value :  2.72405e-07
 Reference value :  2.72465e-07
 Reference value :  2.72605e-07
 Reference value :  2.72683e-07
 Reference value :  2.72860e-07
 Reference value :  2.73156e-07
 Reference value :  2.73354e-07
 Reference value :  2.73628e-07
 Reference value :  2.73809e-07
 Reference value :  2.73929e-07
 Reference value :  2.74123e-07
 Reference value :  2.74403e-07
 Reference value :  2.74598e-07
 Reference value :  2.74898e-07
 Reference value :  2.75072e-07
 Reference value :  2.75427e-07
 Reference value :  2.75647e-07
 Reference value :  2.75885e-07
 Reference value :  2.76061e-07
 Reference value :  2.76349e-07
 Reference value :  2.76596e-07
 Reference value :  2.76790e-07
 Reference value :  2.76970e-07
 Reference value :  2.77260e-07
 Reference value :  2.77545e-07
 Reference value :  2.77708e-07
 Reference value :  2.77839e-07
 Reference value :  2.78039e-07
 Reference value :  2.78234e-07
 Reference value :  2.78494e-07
 Reference value :  2.78688e-07
 Reference value :  2.78988e-07
 Reference value :  2.79203e-07
 Reference value :  2.79519e-07
 Reference value :  2.79717e-07
 Reference value :  2.79976e-07
 Reference value :  2.80092e-07
 Reference value :  2.80409e-07
 Reference value :  2.80586e-07
 Reference value :  2.80893e-07
 Reference value :  2.80981e-07
 Reference value :  2.81201e-07
 Reference value :  2.81344e-07
 Reference value :  2.81475e-07
 Reference value :  2.81595e-07
 Reference value :  2.81635e-07
 Reference value :  2.81802e-07
 Reference value :  2.81870e-07
 Reference value :  2.82090e-07
 Reference value :  2.82304e-07
 Reference value :  2.82682e-07
 Reference value :  2.82819e-07
 Reference value :  2.82979e-07
 Reference value :  2.83169e-07
 Reference value :  2.83373e-07
 Reference value :  2.83473e-07
 Reference value :  2.83668e-07
 Reference value :  2.83968e-07
 Reference value :  2.84064e-07
 Reference value :  2.84242e-07
 Reference value :  2.84525e-07
 Reference value :  2.84757e-07
 Reference value :  2.84897e-07
 Reference value :  2.84985e-07
 Reference value :  2.85131e-07
 Reference value :  2.85371e-07
 Reference value :  2.85434e-07
 Reference value :  2.85439e-07
 Reference value :  2.85452e-07
 Reference value :  2.85526e-07
 Reference value :  2.85846e-07
 Reference value :  2.86040e-07
 Reference value :  2.86220e-07
 Reference value :  2.86335e-07
 Reference value :  2.86475e-07
 Reference value :  2.86789e-07
 Reference value :  2.86949e-07
 Reference value :  2.87256e-07
 Reference value :  2.87384e-07
 Reference value :  2.87700e-07
 Reference value :  2.87898e-07
 Reference value :  2.88157e-07
 Reference value :  2.88373e-07
 Reference value :  2.88616e-07
 Reference value :  2.88827e-07
 Reference value :  2.89075e-07
 Reference value :  2.89362e-07
 Reference value :  2.89520e-07
 Reference value :  2.89716e-07
 Reference value :  2.89983e-07
 Reference value :  2.90231e-07
 Reference value :  2.90441e-07
 Reference value :  2.90705e-07
 Reference value :  2.90940e-07
 Reference value :  2.91260e-07
 Reference value :  2.91347e-07
 Reference value :  2.91434e-07
 Reference value :  2.91634e-07
 Reference value :  2.91802e-07
 Reference value :  2.91989e-07
 Reference value :  2.92209e-07
 Reference value :  2.92303e-07
 Reference value :  2.92423e-07
 Reference value :  2.92699e-07
 Reference value :  2.92717e-07
 Reference value :  2.93018e-07
 Reference value :  2.93212e-07
 Reference value :  2.93492e-07
 Reference value :  2.93687e-07
 Reference value :  2.94007e-07
 Reference value :  2.94161e-07
 Reference value :  2.94499e-07
 Reference value :  2.94713e-07
 Reference value :  2.94983e-07
 Reference value :  2.95230e-07
 Reference value :  2.95462e-07
 Reference value :  2.95782e-07
 Reference value :  2.95959e-07
 Reference value :  2.96334e-07
 Reference value :  2.96534e-07
 Reference value :  2.96790e-07
 Reference value :  2.97028e-07
 Reference value :  2.97256e-07
 Reference value :  2.97543e-07
 Reference value :  2.97699e-07
 Reference value :  2.97877e-07
 Reference value :  2.98164e-07
 Reference value :  2.98412e-07
 Reference value :  2.98622e-07
 Reference value :  2.98886e-07
 Reference value :  2.99101e-07
 Reference value :  2.99321e-07
 Reference value :  2.99531e-07
 Reference value :  2.99775e-07
 Reference value :  3.00000e-07
No. of Data Rows : 19790
sim/harness: analysis complete
Note: Simulation executed from .control section 
Note: Starting dynamic gmin stepping
Note: Dynamic gmin stepping completed
