
Note: Compatibility modes selected: hs a


Circuit: ** sch_path: /home/ubuntu/loom-workspaces/sky130-pll/.loom/worktrees/issue-129/sim/divider/testbench/tb_divider.sch

option SCALE: Scale is set to 1e-06 for instance and model parameters
option SCALE: Scale is set to 1e-06 for instance and model parameters
option SCALE: Scale is set to 1e-06 for instance and model parameters
option SCALE: Scale is set to 1e-06 for instance and model parameters
Doing analysis at TEMP = 125.000000 and TNOM = 27.000000

Using KLU as Direct Linear Solver
 Reference value :  0.00000e+00
 Reference value :  1.37300e-10
 Reference value :  4.58250e-10
 Reference value :  6.94125e-10
 Reference value :  9.17125e-10
 Reference value :  9.48625e-10
 Reference value :  1.30862e-09
 Reference value :  1.42312e-09
 Reference value :  1.74312e-09
 Reference value :  1.95762e-09
 Reference value :  2.27625e-09
 Reference value :  2.55212e-09
 Reference value :  2.73950e-09
 Reference value :  2.90662e-09
 Reference value :  3.02662e-09
 Reference value :  3.18275e-09
 Reference value :  3.30112e-09
 Reference value :  3.48112e-09
 Reference value :  3.63725e-09
 Reference value :  3.65462e-09
 Reference value :  3.67563e-09
 Reference value :  3.71562e-09
 Reference value :  3.75563e-09
 Reference value :  4.05563e-09
 Reference value :  4.29013e-09
 Reference value :  4.54500e-09
 Reference value :  4.68463e-09
 Reference value :  4.80463e-09
 Reference value :  4.99955e-09
 Reference value :  5.01729e-09
 Reference value :  5.31542e-09
 Reference value :  5.57363e-09
 Reference value :  5.89106e-09
 Reference value :  6.00000e-09
 Reference value :  6.19000e-09
 Reference value :  6.33000e-09
 Reference value :  6.48263e-09
 Reference value :  6.81750e-09
 Reference value :  7.01713e-09
 Reference value :  7.27325e-09
 Reference value :  7.47163e-09
 Reference value :  7.69162e-09
 Reference value :  7.72650e-09
 Reference value :  7.73025e-09
 Reference value :  7.73987e-09
 Reference value :  7.75212e-09
 Reference value :  7.78612e-09
 Reference value :  7.82612e-09
 Reference value :  7.86612e-09
 Reference value :  7.90612e-09
 Reference value :  7.94612e-09
 Reference value :  8.00612e-09
 Reference value :  8.06612e-09
 Reference value :  8.12612e-09
 Reference value :  8.18100e-09
 Reference value :  8.18912e-09
 Reference value :  8.19437e-09
 Reference value :  8.20662e-09
 Reference value :  8.24062e-09
 Reference value :  8.30062e-09
 Reference value :  8.36062e-09
 Reference value :  8.42062e-09
 Reference value :  8.46062e-09
 Reference value :  8.50062e-09
 Reference value :  8.54062e-09
 Reference value :  8.67513e-09
 Reference value :  8.93512e-09
 Reference value :  9.10862e-09
 Reference value :  9.38962e-09
 Reference value :  9.55962e-09
 Reference value :  9.64413e-09
 Reference value :  9.88412e-09
 Reference value :  1.00386e-08
 Reference value :  1.02986e-08
 Reference value :  1.03986e-08
 Reference value :  1.04791e-08
 Reference value :  1.05731e-08
 Reference value :  1.06931e-08
 Reference value :  1.09117e-08
 Reference value :  1.10476e-08
 Reference value :  1.11676e-08
 Reference value :  1.13662e-08
 Reference value :  1.13776e-08
 Reference value :  1.14421e-08
 Reference value :  1.15421e-08
 Reference value :  1.15821e-08
 Reference value :  1.16621e-08
 Reference value :  1.18207e-08
 Reference value :  1.18295e-08
 Reference value :  1.18356e-08
 Reference value :  1.18566e-08
 Reference value :  1.18966e-08
 Reference value :  1.19366e-08
 Reference value :  1.19966e-08
 Reference value :  1.20366e-08
 Reference value :  1.20766e-08
 Reference value :  1.21366e-08
 Reference value :  1.22901e-08
 Reference value :  1.26111e-08
 Reference value :  1.28256e-08
 Reference value :  1.31456e-08
 Reference value :  1.31991e-08
 Reference value :  1.32401e-08
 Reference value :  1.32801e-08
 Reference value :  1.33201e-08
 Reference value :  1.33601e-08
 Reference value :  1.34001e-08
 Reference value :  1.34401e-08
 Reference value :  1.34801e-08
 Reference value :  1.35201e-08
 Reference value :  1.36431e-08
 Reference value :  1.38546e-08
 Reference value :  1.40895e-08
 Reference value :  1.42091e-08
 Reference value :  1.44491e-08
 Reference value :  1.45521e-08
 Reference value :  1.45591e-08
 Reference value :  1.45836e-08
 Reference value :  1.46236e-08
 Reference value :  1.46636e-08
 Reference value :  1.47036e-08
 Reference value :  1.47636e-08
 Reference value :  1.48636e-08
 Reference value :  1.49636e-08
 Reference value :  1.50241e-08
 Reference value :  1.52781e-08
 Reference value :  1.55126e-08
 Reference value :  1.58126e-08
 Reference value :  1.59112e-08
 Reference value :  1.59209e-08
 Reference value :  1.59331e-08
 Reference value :  1.59671e-08
 Reference value :  1.60071e-08
 Reference value :  1.60471e-08
 Reference value :  1.60871e-08
 Reference value :  1.61271e-08
 Reference value :  1.62071e-08
 Reference value :  1.64416e-08
 Reference value :  1.67616e-08
 Reference value :  1.69561e-08
 Reference value :  1.70961e-08
 Reference value :  1.72361e-08
 Reference value :  1.73283e-08
 Reference value :  1.75683e-08
 Reference value :  1.77441e-08
 Reference value :  1.80651e-08
 Reference value :  1.82596e-08
 Reference value :  1.84396e-08
 Reference value :  1.86171e-08
 Reference value :  1.86601e-08
 Reference value :  1.88141e-08
 Reference value :  1.91015e-08
 Reference value :  1.93863e-08
 Reference value :  1.94663e-08
 Reference value :  1.95516e-08
 Reference value :  1.96631e-08
 Reference value :  1.97631e-08
 Reference value :  1.99031e-08
 Reference value :  2.00236e-08
 Reference value :  2.02176e-08
 Reference value :  2.03176e-08
 Reference value :  2.03576e-08
 Reference value :  2.04176e-08
 Reference value :  2.04525e-08
 Reference value :  2.04606e-08
 Reference value :  2.04676e-08
 Reference value :  2.04921e-08
 Reference value :  2.05321e-08
 Reference value :  2.05721e-08
 Reference value :  2.06121e-08
 Reference value :  2.06521e-08
 Reference value :  2.07121e-08
 Reference value :  2.07521e-08
 Reference value :  2.07921e-08
 Reference value :  2.08321e-08
 Reference value :  2.08896e-08
 Reference value :  2.09195e-08
 Reference value :  2.09251e-08
 Reference value :  2.09643e-08
 Reference value :  2.10043e-08
 Reference value :  2.10443e-08
 Reference value :  2.11043e-08
 Reference value :  2.11643e-08
 Reference value :  2.12043e-08
 Reference value :  2.12443e-08
 Reference value :  2.13043e-08
 Reference value :  2.13429e-08
 Reference value :  2.13628e-08
 Reference value :  2.13740e-08
 Reference value :  2.13871e-08
 Reference value :  2.14211e-08
 Reference value :  2.14611e-08
 Reference value :  2.17011e-08
 Reference value :  2.17811e-08
 Reference value :  2.18160e-08
 Reference value :  2.18241e-08
 Reference value :  2.18756e-08
 Reference value :  2.21956e-08
 Reference value :  2.22356e-08
 Reference value :  2.22839e-08
 Reference value :  2.22961e-08
 Reference value :  2.23301e-08
 Reference value :  2.23901e-08
 Reference value :  2.24301e-08
 Reference value :  2.24701e-08
 Reference value :  2.25101e-08
 Reference value :  2.25701e-08
 Reference value :  2.26101e-08
 Reference value :  2.26501e-08
 Reference value :  2.27076e-08
 Reference value :  2.28623e-08
 Reference value :  2.30423e-08
 Reference value :  2.30823e-08
 Reference value :  2.32191e-08
 Reference value :  2.35791e-08
 Reference value :  2.37736e-08
 Reference value :  2.40136e-08
 Reference value :  2.40966e-08
 Reference value :  2.41881e-08
 Reference value :  2.43881e-08
 Reference value :  2.45563e-08
 Reference value :  2.48403e-08
 Reference value :  2.50231e-08
 Reference value :  2.52771e-08
 Reference value :  2.54346e-08
 Reference value :  2.54671e-08
 Reference value :  2.56116e-08
 Reference value :  2.59077e-08
 Reference value :  2.61061e-08
 Reference value :  2.63743e-08
 Reference value :  2.65383e-08
 Reference value :  2.66583e-08
 Reference value :  2.66983e-08
 Reference value :  2.67383e-08
 Reference value :  2.67783e-08
 Reference value :  2.68155e-08
 Reference value :  2.68193e-08
 Reference value :  2.68289e-08
 Reference value :  2.69351e-08
 Reference value :  2.72700e-08
 Reference value :  2.74696e-08
 Reference value :  2.77326e-08
 Reference value :  2.79441e-08
 Reference value :  2.81915e-08
 Reference value :  2.83963e-08
 Reference value :  2.84363e-08
 Reference value :  2.84763e-08
 Reference value :  2.85163e-08
 Reference value :  2.85563e-08
 Reference value :  2.85963e-08
 Reference value :  2.86335e-08
 Reference value :  2.86469e-08
 Reference value :  2.87931e-08
 Reference value :  2.90961e-08
 Reference value :  2.93476e-08
 Reference value :  2.95611e-08
 Reference value :  2.97821e-08
 Reference value :  2.98621e-08
 Reference value :  2.99021e-08
 Reference value :  2.99621e-08
 Reference value :  2.99970e-08
 Reference value :  3.00051e-08
 Reference value :  3.00104e-08
 Reference value :  3.00226e-08
 Reference value :  3.00766e-08
 Reference value :  3.02366e-08
 Reference value :  3.03166e-08
 Reference value :  3.04640e-08
 Reference value :  3.06311e-08
 Reference value :  3.06911e-08
 Reference value :  3.07511e-08
 Reference value :  3.08111e-08
 Reference value :  3.08711e-08
 Reference value :  3.09073e-08
 Reference value :  3.09141e-08
 Reference value :  3.09211e-08
 Reference value :  3.09856e-08
 Reference value :  3.10856e-08
 Reference value :  3.13056e-08
 Reference value :  3.13791e-08
 Reference value :  3.14001e-08
 Reference value :  3.14401e-08
 Reference value :  3.15401e-08
 Reference value :  3.16601e-08
 Reference value :  3.18336e-08
 Reference value :  3.19746e-08
 Reference value :  3.21146e-08
 Reference value :  3.22829e-08
 Reference value :  3.24091e-08
 Reference value :  3.26691e-08
 Reference value :  3.28836e-08
 Reference value :  3.31822e-08
 Reference value :  3.33981e-08
 Reference value :  3.36463e-08
 Reference value :  3.36575e-08
 Reference value :  3.36903e-08
 Reference value :  3.37303e-08
 Reference value :  3.37703e-08
 Reference value :  3.38103e-08
 Reference value :  3.38703e-08
 Reference value :  3.39303e-08
 Reference value :  3.40913e-08
 Reference value :  3.43271e-08
 Reference value :  3.45676e-08
 Reference value :  3.47016e-08
 Reference value :  3.49216e-08
 Reference value :  3.49977e-08
 Reference value :  3.50090e-08
 Reference value :  3.50151e-08
 Reference value :  3.50561e-08
 Reference value :  3.50961e-08
 Reference value :  3.51361e-08
 Reference value :  3.51761e-08
 Reference value :  3.52161e-08
 Reference value :  3.52561e-08
 Reference value :  3.53561e-08
 Reference value :  3.55306e-08
 Reference value :  3.58506e-08
 Reference value :  3.60451e-08
 Reference value :  3.62051e-08
 Reference value :  3.63681e-08
 Reference value :  3.65596e-08
 Reference value :  3.68157e-08
 Reference value :  3.70341e-08
 Reference value :  3.72815e-08
 Reference value :  3.73463e-08
 Reference value :  3.75463e-08
 Reference value :  3.77631e-08
 Reference value :  3.80431e-08
 Reference value :  3.82376e-08
 Reference value :  3.85776e-08
 Reference value :  3.87121e-08
 Reference value :  3.88321e-08
 Reference value :  3.89721e-08
 Reference value :  3.91466e-08
 Reference value :  3.94666e-08
 Reference value :  3.96611e-08
 Reference value :  3.99786e-08
 Reference value :  4.01156e-08
 Reference value :  4.02956e-08
 Reference value :  4.04901e-08
 Reference value :  4.08101e-08
 Reference value :  4.09295e-08
 Reference value :  4.11423e-08
 Reference value :  4.13023e-08
 Reference value :  4.13409e-08
 Reference value :  4.14191e-08
 Reference value :  4.15991e-08
 Reference value :  4.17391e-08
 Reference value :  4.17966e-08
 Reference value :  4.18178e-08
 Reference value :  4.18274e-08
 Reference value :  4.18396e-08
 Reference value :  4.18736e-08
 Reference value :  4.19136e-08
 Reference value :  4.19936e-08
 Reference value :  4.20536e-08
 Reference value :  4.20936e-08
 Reference value :  4.21336e-08
 Reference value :  4.21936e-08
 Reference value :  4.22336e-08
 Reference value :  4.22698e-08
 Reference value :  4.22810e-08
 Reference value :  4.22941e-08
 Reference value :  4.25881e-08
 Reference value :  4.28026e-08
 Reference value :  4.31026e-08
 Reference value :  4.32771e-08
 Reference value :  4.33571e-08
 Reference value :  4.33971e-08
 Reference value :  4.34371e-08
 Reference value :  4.34771e-08
 Reference value :  4.35171e-08
 Reference value :  4.35571e-08
 Reference value :  4.35971e-08
 Reference value :  4.36445e-08
 Reference value :  4.37916e-08
 Reference value :  4.40691e-08
 Reference value :  4.42461e-08
 Reference value :  4.45535e-08
 Reference value :  4.47606e-08
 Reference value :  4.48806e-08
 Reference value :  4.49206e-08
 Reference value :  4.49606e-08
 Reference value :  4.49955e-08
 Reference value :  4.50036e-08
 Reference value :  4.50106e-08
 Reference value :  4.50351e-08
 Reference value :  4.50751e-08
 Reference value :  4.51351e-08
 Reference value :  4.52951e-08
 Reference value :  4.54633e-08
 Reference value :  4.56673e-08
 Reference value :  4.58473e-08
 Reference value :  4.59301e-08
 Reference value :  4.62641e-08
 Reference value :  4.64586e-08
 Reference value :  4.67586e-08
 Reference value :  4.69731e-08
 Reference value :  4.72506e-08
 Reference value :  4.73476e-08
 Reference value :  4.75076e-08
 Reference value :  4.75476e-08
 Reference value :  4.75876e-08
 Reference value :  4.76276e-08
 Reference value :  4.76676e-08
 Reference value :  4.77051e-08
 Reference value :  4.77411e-08
 Reference value :  4.78821e-08
 Reference value :  4.79821e-08
 Reference value :  4.82366e-08
 Reference value :  4.84766e-08
 Reference value :  4.86911e-08
 Reference value :  4.89511e-08
 Reference value :  4.90111e-08
 Reference value :  4.90511e-08
 Reference value :  4.90860e-08
 Reference value :  4.90920e-08
 Reference value :  4.90993e-08
 Reference value :  4.91105e-08
 Reference value :  4.91433e-08
 Reference value :  4.91833e-08
 Reference value :  4.92433e-08
 Reference value :  4.94033e-08
 Reference value :  4.95443e-08
 Reference value :  4.96201e-08
 Reference value :  4.98201e-08
 Reference value :  5.00101e-08
 Reference value :  5.01346e-08
 Reference value :  5.02746e-08
 Reference value :  5.04146e-08
 Reference value :  5.05091e-08
 Reference value :  5.05491e-08
 Reference value :  5.05891e-08
 Reference value :  5.06291e-08
 Reference value :  5.06691e-08
 Reference value :  5.07091e-08
 Reference value :  5.07491e-08
 Reference value :  5.08491e-08
 Reference value :  5.09174e-08
 Reference value :  5.11236e-08
 Reference value :  5.12836e-08
 Reference value :  5.13736e-08
 Reference value :  5.16981e-08
 Reference value :  5.18926e-08
 Reference value :  5.21726e-08
 Reference value :  5.23671e-08
 Reference value :  5.26071e-08
 Reference value :  5.27240e-08
 Reference value :  5.28393e-08
 Reference value :  5.29393e-08
 Reference value :  5.31890e-08
 Reference value :  5.34561e-08
 Reference value :  5.36906e-08
 Reference value :  5.39506e-08
 Reference value :  5.40681e-08
 Reference value :  5.40867e-08
 Reference value :  5.40980e-08
 Reference value :  5.41251e-08
 Reference value :  5.43051e-08
 Reference value :  5.43451e-08
 Reference value :  5.44051e-08
 Reference value :  5.45525e-08
 Reference value :  5.48196e-08
 Reference value :  5.50201e-08
 Reference value :  5.53741e-08
 Reference value :  5.55286e-08
 Reference value :  5.57686e-08
 Reference value :  5.59169e-08
 Reference value :  5.60431e-08
 Reference value :  5.63640e-08
 Reference value :  5.65953e-08
 Reference value :  5.68276e-08
 Reference value :  5.70521e-08
 Reference value :  5.72321e-08
 Reference value :  5.72804e-08
 Reference value :  5.73666e-08
 Reference value :  5.75666e-08
 Reference value :  5.77227e-08
 Reference value :  5.78811e-08
 Reference value :  5.80611e-08
 Reference value :  5.81586e-08
 Reference value :  5.81885e-08
 Reference value :  5.82016e-08
 Reference value :  5.82356e-08
 Reference value :  5.82756e-08
 Reference value :  5.84556e-08
 Reference value :  5.84956e-08
 Reference value :  5.85356e-08
 Reference value :  5.85756e-08
 Reference value :  5.86131e-08
 Reference value :  5.86317e-08
 Reference value :  5.86430e-08
 Reference value :  5.86491e-08
 Reference value :  5.86901e-08
 Reference value :  5.87701e-08
 Reference value :  5.90301e-08
 Reference value :  5.91106e-08
 Reference value :  5.92046e-08
 Reference value :  5.92446e-08
 Reference value :  5.92846e-08
 Reference value :  5.93246e-08
 Reference value :  5.93646e-08
 Reference value :  5.94046e-08
 Reference value :  5.94446e-08
 Reference value :  5.94846e-08
 Reference value :  5.95221e-08
 Reference value :  5.95432e-08
 Reference value :  5.95520e-08
 Reference value :  5.95581e-08
 Reference value :  5.96191e-08
 Reference value :  5.96991e-08
 Reference value :  5.97391e-08
 Reference value :  5.97791e-08
 Reference value :  5.98591e-08
 Reference value :  6.00736e-08
 Reference value :  6.03936e-08
 Reference value :  6.05881e-08
 Reference value :  6.08281e-08
 Reference value :  6.09155e-08
 Reference value :  6.12026e-08
 Reference value :  6.13971e-08
 Reference value :  6.16771e-08
 Reference value :  6.19116e-08
 Reference value :  6.21516e-08
 Reference value :  6.23061e-08
 Reference value :  6.26061e-08
 Reference value :  6.28006e-08
 Reference value :  6.30806e-08
 Reference value :  6.32751e-08
 Reference value :  6.36300e-08
 Reference value :  6.38296e-08
 Reference value :  6.40926e-08
 Reference value :  6.42441e-08
 Reference value :  6.44441e-08
 Reference value :  6.46186e-08
 Reference value :  6.49586e-08
 Reference value :  6.51131e-08
 Reference value :  6.52931e-08
 Reference value :  6.54736e-08
 Reference value :  6.55476e-08
 Reference value :  6.55876e-08
 Reference value :  6.56476e-08
 Reference value :  6.56876e-08
 Reference value :  6.57276e-08
 Reference value :  6.57676e-08
 Reference value :  6.58076e-08
 Reference value :  6.58476e-08
 Reference value :  6.58851e-08
 Reference value :  6.59106e-08
 Reference value :  6.59176e-08
 Reference value :  6.59821e-08
 Reference value :  6.60421e-08
 Reference value :  6.62421e-08
 Reference value :  6.62821e-08
 Reference value :  6.63221e-08
 Reference value :  6.63590e-08
 Reference value :  6.63695e-08
 Reference value :  6.63751e-08
 Reference value :  6.64143e-08
 Reference value :  6.64543e-08
 Reference value :  6.64943e-08
 Reference value :  6.67543e-08
 Reference value :  6.69111e-08
 Reference value :  6.72486e-08
 Reference value :  6.74656e-08
 Reference value :  6.75456e-08
 Reference value :  6.75856e-08
 Reference value :  6.76256e-08
 Reference value :  6.76656e-08
 Reference value :  6.77031e-08
 Reference value :  6.77242e-08
 Reference value :  6.77339e-08
 Reference value :  6.77461e-08
 Reference value :  6.78201e-08
 Reference value :  6.79401e-08
 Reference value :  6.81901e-08
 Reference value :  6.82946e-08
 Reference value :  6.86121e-08
 Reference value :  6.87691e-08
 Reference value :  6.88491e-08
 Reference value :  6.88891e-08
 Reference value :  6.89291e-08
 Reference value :  6.89891e-08
 Reference value :  6.90491e-08
 Reference value :  6.90852e-08
 Reference value :  6.90921e-08
 Reference value :  6.90991e-08
 Reference value :  6.91236e-08
 Reference value :  6.93036e-08
 Reference value :  6.95422e-08
 Reference value :  6.97781e-08
 Reference value :  6.99381e-08
 Reference value :  7.00186e-08
 Reference value :  7.01726e-08
 Reference value :  7.02126e-08
 Reference value :  7.02526e-08
 Reference value :  7.02926e-08
 Reference value :  7.03326e-08
 Reference value :  7.03726e-08
 Reference value :  7.04126e-08
 Reference value :  7.04475e-08
 Reference value :  7.04512e-08
 Reference value :  7.04626e-08
 Reference value :  7.06071e-08
 Reference value :  7.07671e-08
 Reference value :  7.09171e-08
 Reference value :  7.10816e-08
 Reference value :  7.12616e-08
 Reference value :  7.13961e-08
 Reference value :  7.16761e-08
 Reference value :  7.18706e-08
 Reference value :  7.21906e-08
 Reference value :  7.23851e-08
 Reference value :  7.25651e-08
 Reference value :  7.26251e-08
 Reference value :  7.26851e-08
 Reference value :  7.27212e-08
 Reference value :  7.27281e-08
 Reference value :  7.27334e-08
 Reference value :  7.27456e-08
 Reference value :  7.27796e-08
 Reference value :  7.28596e-08
 Reference value :  7.31745e-08
 Reference value :  7.33541e-08
 Reference value :  7.36310e-08
 Reference value :  7.38063e-08
 Reference value :  7.40872e-08
 Reference value :  7.43031e-08
 Reference value :  7.45561e-08
 Reference value :  7.48753e-08
 Reference value :  7.49962e-08
 Reference value :  7.52121e-08
 Reference value :  7.54551e-08
 Reference value :  7.57266e-08
 Reference value :  7.59015e-08
 Reference value :  7.59052e-08
 Reference value :  7.59149e-08
 Reference value :  7.59271e-08
 Reference value :  7.59611e-08
 Reference value :  7.60011e-08
 Reference value :  7.60411e-08
 Reference value :  7.61011e-08
 Reference value :  7.62211e-08
 Reference value :  7.63746e-08
 Reference value :  7.64556e-08
 Reference value :  7.65356e-08
 Reference value :  7.66956e-08
 Reference value :  7.68142e-08
 Reference value :  7.68239e-08
 Reference value :  7.68361e-08
 Reference value :  7.68701e-08
 Reference value :  7.69101e-08
 Reference value :  7.69501e-08
 Reference value :  7.69901e-08
 Reference value :  7.70301e-08
 Reference value :  7.70701e-08
 Reference value :  7.71101e-08
 Reference value :  7.71501e-08
 Reference value :  7.72101e-08
 Reference value :  7.72476e-08
 Reference value :  7.72662e-08
 Reference value :  7.73446e-08
 Reference value :  7.73846e-08
 Reference value :  7.74246e-08
 Reference value :  7.74846e-08
 Reference value :  7.76646e-08
 Reference value :  7.77381e-08
 Reference value :  7.78591e-08
 Reference value :  7.79591e-08
 Reference value :  7.81191e-08
 Reference value :  7.81740e-08
 Reference value :  7.81821e-08
 Reference value :  7.81891e-08
 Reference value :  7.81996e-08
 Reference value :  7.82336e-08
 Reference value :  7.82736e-08
 Reference value :  7.83136e-08
 Reference value :  7.84536e-08
 Reference value :  7.85536e-08
 Reference value :  7.86471e-08
 Reference value :  7.88681e-08
 Reference value :  7.90867e-08
 Reference value :  7.93226e-08
 Reference value :  7.95456e-08
 Reference value :  7.97971e-08
 Reference value :  8.00316e-08
 Reference value :  8.02516e-08
 Reference value :  8.04465e-08
 Reference value :  8.05661e-08
 Reference value :  8.07261e-08
 Reference value :  8.07861e-08
 Reference value :  8.08461e-08
 Reference value :  8.09010e-08
 Reference value :  8.09047e-08
 Reference value :  8.09144e-08
 Reference value :  8.09196e-08
 Reference value :  8.09406e-08
 Reference value :  8.09806e-08
 Reference value :  8.11806e-08
 Reference value :  8.13811e-08
 Reference value :  8.16751e-08
 Reference value :  8.19073e-08
 Reference value :  8.22273e-08
 Reference value :  8.22726e-08
 Reference value :  8.22796e-08
 Reference value :  8.23041e-08
 Reference value :  8.23441e-08
 Reference value :  8.23841e-08
 Reference value :  8.24241e-08
 Reference value :  8.24841e-08
 Reference value :  8.27190e-08
 Reference value :  8.28986e-08
 Reference value :  8.31561e-08
 Reference value :  8.31991e-08
 Reference value :  8.34931e-08
 Reference value :  8.36414e-08
 Reference value :  8.36536e-08
 Reference value :  8.36876e-08
 Reference value :  8.37476e-08
 Reference value :  8.38076e-08
 Reference value :  8.38476e-08
 Reference value :  8.38876e-08
 Reference value :  8.39276e-08
 Reference value :  8.40476e-08
 Reference value :  8.42221e-08
 Reference value :  8.43221e-08
 Reference value :  8.45556e-08
 Reference value :  8.48766e-08
 Reference value :  8.50511e-08
 Reference value :  8.51711e-08
 Reference value :  8.52111e-08
 Reference value :  8.52511e-08
 Reference value :  8.52911e-08
 Reference value :  8.53311e-08
 Reference value :  8.53711e-08
 Reference value :  8.54111e-08
 Reference value :  8.54460e-08
 Reference value :  8.54594e-08
 Reference value :  8.57456e-08
 Reference value :  8.59261e-08
 Reference value :  8.62201e-08
 Reference value :  8.63806e-08
 Reference value :  8.66746e-08
 Reference value :  8.68246e-08
 Reference value :  8.70691e-08
 Reference value :  8.71891e-08
 Reference value :  8.72466e-08
 Reference value :  8.72677e-08
 Reference value :  8.72765e-08
 Reference value :  8.72826e-08
 Reference value :  8.73236e-08
 Reference value :  8.73636e-08
 Reference value :  8.74236e-08
 Reference value :  8.74636e-08
 Reference value :  8.75036e-08
 Reference value :  8.75436e-08
 Reference value :  8.75836e-08
 Reference value :  8.76236e-08
 Reference value :  8.76636e-08
 Reference value :  8.77011e-08
 Reference value :  8.77197e-08
 Reference value :  8.77310e-08
 Reference value :  8.77371e-08
 Reference value :  8.77781e-08
 Reference value :  8.78181e-08
 Reference value :  8.78581e-08
 Reference value :  8.78981e-08
 Reference value :  8.79381e-08
 Reference value :  8.79981e-08
 Reference value :  8.80581e-08
 Reference value :  8.81181e-08
 Reference value :  8.81730e-08
 Reference value :  8.81811e-08
 Reference value :  8.81881e-08
 Reference value :  8.82126e-08
 Reference value :  8.82526e-08
 Reference value :  8.83126e-08
 Reference value :  8.83726e-08
 Reference value :  8.84126e-08
 Reference value :  8.84526e-08
 Reference value :  8.84926e-08
 Reference value :  8.85326e-08
 Reference value :  8.85726e-08
 Reference value :  8.86312e-08
 Reference value :  8.86409e-08
 Reference value :  8.87271e-08
 Reference value :  8.89471e-08
 Reference value :  8.90646e-08
 Reference value :  8.90901e-08
 Reference value :  8.93616e-08
 Reference value :  8.94816e-08
 Reference value :  8.95499e-08
 Reference value :  8.96761e-08
 Reference value :  8.99361e-08
 Reference value :  9.01683e-08
 Reference value :  9.04467e-08
 Reference value :  9.05851e-08
 Reference value :  9.07851e-08
 Reference value :  9.08251e-08
 Reference value :  9.09081e-08
 Reference value :  9.11596e-08
 Reference value :  9.13371e-08
 Reference value :  9.15541e-08
 Reference value :  9.17916e-08
 Reference value :  9.18241e-08
 Reference value :  9.19286e-08
 Reference value :  9.22461e-08
 Reference value :  9.24431e-08
 Reference value :  9.26031e-08
 Reference value :  9.27217e-08
 Reference value :  9.27776e-08
 Reference value :  9.28776e-08
 Reference value :  9.31725e-08
 Reference value :  9.32321e-08
 Reference value :  9.33921e-08
 Reference value :  9.36404e-08
 Reference value :  9.38866e-08
 Reference value :  9.40066e-08
 Reference value :  9.41811e-08
 Reference value :  9.44611e-08
 Reference value :  9.46956e-08
 Reference value :  9.48356e-08
 Reference value :  9.50501e-08
 Reference value :  9.51301e-08
 Reference value :  9.52901e-08
 Reference value :  9.54846e-08
 Reference value :  9.56246e-08
 Reference value :  9.57646e-08
 Reference value :  9.59391e-08
 Reference value :  9.62191e-08
 Reference value :  9.63621e-08
 Reference value :  9.64136e-08
 Reference value :  9.66136e-08
 Reference value :  9.67136e-08
 Reference value :  9.68219e-08
 Reference value :  9.68481e-08
 Reference value :  9.69281e-08
 Reference value :  9.69881e-08
 Reference value :  9.70481e-08
 Reference value :  9.72650e-08
 Reference value :  9.74003e-08
 Reference value :  9.76203e-08
 Reference value :  9.76803e-08
 Reference value :  9.77309e-08
 Reference value :  9.77771e-08
 Reference value :  9.78371e-08
 Reference value :  9.78971e-08
 Reference value :  9.79571e-08
 Reference value :  9.80371e-08
 Reference value :  9.81546e-08
 Reference value :  9.83316e-08
 Reference value :  9.86277e-08
 Reference value :  9.88061e-08
 Reference value :  9.88861e-08
 Reference value :  9.89461e-08
 Reference value :  9.90061e-08
 Reference value :  9.90891e-08
 Reference value :  9.93606e-08
 Reference value :  9.95751e-08
 Reference value :  9.97151e-08
 Reference value :  9.97551e-08
 Reference value :  9.98351e-08
 Reference value :  1.00016e-07
 Reference value :  1.00290e-07
 Reference value :  1.00470e-07
 Reference value :  1.00684e-07
 Reference value :  1.00864e-07
 Reference value :  1.00911e-07
 Reference value :  1.01179e-07
 Reference value :  1.01379e-07
 Reference value :  1.01673e-07
 Reference value :  1.01868e-07
 Reference value :  1.01948e-07
 Reference value :  1.02008e-07
 Reference value :  1.02048e-07
 Reference value :  1.02228e-07
 Reference value :  1.02322e-07
 Reference value :  1.02522e-07
 Reference value :  1.02721e-07
 Reference value :  1.02730e-07
 Reference value :  1.02743e-07
 Reference value :  1.02997e-07
 Reference value :  1.03190e-07
 Reference value :  1.03291e-07
 Reference value :  1.03431e-07
 Reference value :  1.03666e-07
 Reference value :  1.03986e-07
 Reference value :  1.04140e-07
 Reference value :  1.04260e-07
 Reference value :  1.04440e-07
 Reference value :  1.04615e-07
 Reference value :  1.04695e-07
 Reference value :  1.04989e-07
 Reference value :  1.05029e-07
 Reference value :  1.05209e-07
 Reference value :  1.05389e-07
 Reference value :  1.05469e-07
 Reference value :  1.05781e-07
 Reference value :  1.05978e-07
 Reference value :  1.06278e-07
 Reference value :  1.06493e-07
 Reference value :  1.06790e-07
 Reference value :  1.06967e-07
 Reference value :  1.07087e-07
 Reference value :  1.07187e-07
 Reference value :  1.07262e-07
 Reference value :  1.07422e-07
 Reference value :  1.07699e-07
 Reference value :  1.07836e-07
 Reference value :  1.08136e-07
 Reference value :  1.08190e-07
 Reference value :  1.08331e-07
 Reference value :  1.08629e-07
 Reference value :  1.08825e-07
 Reference value :  1.09099e-07
 Reference value :  1.09400e-07
 Reference value :  1.09594e-07
 Reference value :  1.09854e-07
 Reference value :  1.09997e-07
 Reference value :  1.10069e-07
 Reference value :  1.10369e-07
 Reference value :  1.10583e-07
 Reference value :  1.10881e-07
 Reference value :  1.11098e-07
 Reference value :  1.11198e-07
 Reference value :  1.11378e-07
 Reference value :  1.11712e-07
 Reference value :  1.11847e-07
 Reference value :  1.11947e-07
 Reference value :  1.12244e-07
 Reference value :  1.12275e-07
 Reference value :  1.12421e-07
 Reference value :  1.12661e-07
 Reference value :  1.12753e-07
 Reference value :  1.12893e-07
 Reference value :  1.12993e-07
 Reference value :  1.13152e-07
 Reference value :  1.13230e-07
 Reference value :  1.13370e-07
 Reference value :  1.13570e-07
 Reference value :  1.13638e-07
 Reference value :  1.13925e-07
 Reference value :  1.14105e-07
 Reference value :  1.14179e-07
 Reference value :  1.14259e-07
 Reference value :  1.14399e-07
 Reference value :  1.14546e-07
 Reference value :  1.14674e-07
 Reference value :  1.14874e-07
 Reference value :  1.15004e-07
 Reference value :  1.15088e-07
 Reference value :  1.15128e-07
 Reference value :  1.15208e-07
 Reference value :  1.15328e-07
 Reference value :  1.15368e-07
 Reference value :  1.15444e-07
 Reference value :  1.15458e-07
 Reference value :  1.15563e-07
 Reference value :  1.15723e-07
 Reference value :  1.15899e-07
 Reference value :  1.15911e-07
 Reference value :  1.16197e-07
 Reference value :  1.16378e-07
 Reference value :  1.16472e-07
 Reference value :  1.16572e-07
 Reference value :  1.16820e-07
 Reference value :  1.16986e-07
 Reference value :  1.17066e-07
 Reference value :  1.17226e-07
 Reference value :  1.17341e-07
 Reference value :  1.17641e-07
 Reference value :  1.17835e-07
 Reference value :  1.18135e-07
 Reference value :  1.18210e-07
 Reference value :  1.18550e-07
 Reference value :  1.18724e-07
 Reference value :  1.19044e-07
 Reference value :  1.19179e-07
 Reference value :  1.19459e-07
 Reference value :  1.19633e-07
 Reference value :  1.19933e-07
 Reference value :  1.20007e-07
 Reference value :  1.20208e-07
 Reference value :  1.20456e-07
 Reference value :  1.20722e-07
 Reference value :  1.20923e-07
 Reference value :  1.21077e-07
 Reference value :  1.21317e-07
 Reference value :  1.21511e-07
 Reference value :  1.21810e-07
 Reference value :  1.22066e-07
 Reference value :  1.22226e-07
 Reference value :  1.22400e-07
 Reference value :  1.22680e-07
 Reference value :  1.22895e-07
 Reference value :  1.23171e-07
 Reference value :  1.23195e-07
 Reference value :  1.23269e-07
 Reference value :  1.23409e-07
 Reference value :  1.23632e-07
 Reference value :  1.23804e-07
 Reference value :  1.23944e-07
 Reference value :  1.24061e-07
 Reference value :  1.24158e-07
 Reference value :  1.24318e-07
 Reference value :  1.24438e-07
 Reference value :  1.24633e-07
 Reference value :  1.24933e-07
 Reference value :  1.25001e-07
 Reference value :  1.25267e-07
 Reference value :  1.25442e-07
 Reference value :  1.25662e-07
 Reference value :  1.25879e-07
 Reference value :  1.25956e-07
 Reference value :  1.26296e-07
 Reference value :  1.26491e-07
 Reference value :  1.26771e-07
 Reference value :  1.26819e-07
 Reference value :  1.27065e-07
 Reference value :  1.27145e-07
 Reference value :  1.27243e-07
 Reference value :  1.27340e-07
 Reference value :  1.27540e-07
 Reference value :  1.27640e-07
 Reference value :  1.27727e-07
 Reference value :  1.27733e-07
 Reference value :  1.27834e-07
 Reference value :  1.28054e-07
 Reference value :  1.28184e-07
 Reference value :  1.28489e-07
 Reference value :  1.28683e-07
 Reference value :  1.28963e-07
 Reference value :  1.29090e-07
 Reference value :  1.29238e-07
 Reference value :  1.29298e-07
 Reference value :  1.29546e-07
 Reference value :  1.29832e-07
 Reference value :  1.29991e-07
 Reference value :  1.30067e-07
 Reference value :  1.30247e-07
 Reference value :  1.30347e-07
 Reference value :  1.30460e-07
 Reference value :  1.30681e-07
 Reference value :  1.30741e-07
 Reference value :  1.30781e-07
 Reference value :  1.30821e-07
 Reference value :  1.30861e-07
 Reference value :  1.30911e-07
 Reference value :  1.31096e-07
 Reference value :  1.31256e-07
 Reference value :  1.31296e-07
 Reference value :  1.31350e-07
 Reference value :  1.31410e-07
 Reference value :  1.31570e-07
 Reference value :  1.31807e-07
 Reference value :  1.31882e-07
 Reference value :  1.31942e-07
 Reference value :  1.32122e-07
 Reference value :  1.32162e-07
 Reference value :  1.32222e-07
 Reference value :  1.32278e-07
 Reference value :  1.32319e-07
 Reference value :  1.32579e-07
 Reference value :  1.32831e-07
 Reference value :  1.33111e-07
 Reference value :  1.33228e-07
 Reference value :  1.33388e-07
 Reference value :  1.33568e-07
 Reference value :  1.33624e-07
 Reference value :  1.33649e-07
 Reference value :  1.33703e-07
 Reference value :  1.33843e-07
 Reference value :  1.33943e-07
 Reference value :  1.34023e-07
 Reference value :  1.34086e-07
 Reference value :  1.34357e-07
 Reference value :  1.34497e-07
 Reference value :  1.34551e-07
 Reference value :  1.34872e-07
 Reference value :  1.34952e-07
 Reference value :  1.34999e-07
 Reference value :  1.35226e-07
 Reference value :  1.35445e-07
 Reference value :  1.35521e-07
 Reference value :  1.35761e-07
 Reference value :  1.35909e-07
 Reference value :  1.36035e-07
 Reference value :  1.36255e-07
 Reference value :  1.36369e-07
 Reference value :  1.36590e-07
 Reference value :  1.36817e-07
 Reference value :  1.37084e-07
 Reference value :  1.37319e-07
 Reference value :  1.37479e-07
 Reference value :  1.37679e-07
 Reference value :  1.37873e-07
 Reference value :  1.38172e-07
 Reference value :  1.38428e-07
 Reference value :  1.38641e-07
 Reference value :  1.38942e-07
 Reference value :  1.39117e-07
 Reference value :  1.39297e-07
 Reference value :  1.39497e-07
 Reference value :  1.39611e-07
 Reference value :  1.39791e-07
 Reference value :  1.39990e-07
 Reference value :  1.40066e-07
 Reference value :  1.40326e-07
 Reference value :  1.40453e-07
 Reference value :  1.40540e-07
 Reference value :  1.40740e-07
 Reference value :  1.40907e-07
 Reference value :  1.41075e-07
 Reference value :  1.41295e-07
 Reference value :  1.41429e-07
 Reference value :  1.41529e-07
 Reference value :  1.41808e-07
 Reference value :  1.42024e-07
 Reference value :  1.42267e-07
 Reference value :  1.42498e-07
 Reference value :  1.42638e-07
 Reference value :  1.42833e-07
 Reference value :  1.43113e-07
 Reference value :  1.43247e-07
 Reference value :  1.43527e-07
 Reference value :  1.43742e-07
 Reference value :  1.44042e-07
 Reference value :  1.44216e-07
 Reference value :  1.44539e-07
 Reference value :  1.44731e-07
 Reference value :  1.44931e-07
 Reference value :  1.45004e-07
 Reference value :  1.45205e-07
 Reference value :  1.45444e-07
 Reference value :  1.45680e-07
 Reference value :  1.45910e-07
 Reference value :  1.46194e-07
 Reference value :  1.46449e-07
 Reference value :  1.46729e-07
 Reference value :  1.46863e-07
 Reference value :  1.47223e-07
 Reference value :  1.47455e-07
 Reference value :  1.47725e-07
 Reference value :  1.47972e-07
 Reference value :  1.48224e-07
 Reference value :  1.48544e-07
 Reference value :  1.48741e-07
 Reference value :  1.49001e-07
 Reference value :  1.49156e-07
 Reference value :  1.49456e-07
 Reference value :  1.49630e-07
 Reference value :  1.49930e-07
 Reference value :  1.50065e-07
 Reference value :  1.50205e-07
 Reference value :  1.50405e-07
 Reference value :  1.50479e-07
 Reference value :  1.50659e-07
 Reference value :  1.50895e-07
 Reference value :  1.50994e-07
 Reference value :  1.51214e-07
 Reference value :  1.51294e-07
 Reference value :  1.51349e-07
 Reference value :  1.51468e-07
 Reference value :  1.51768e-07
 Reference value :  1.51963e-07
 Reference value :  1.52223e-07
 Reference value :  1.52397e-07
 Reference value :  1.52677e-07
 Reference value :  1.52720e-07
 Reference value :  1.52872e-07
 Reference value :  1.53092e-07
 Reference value :  1.53192e-07
 Reference value :  1.53386e-07
 Reference value :  1.53586e-07
 Reference value :  1.53640e-07
 Reference value :  1.53741e-07
 Reference value :  1.54041e-07
 Reference value :  1.54215e-07
 Reference value :  1.54531e-07
 Reference value :  1.54730e-07
 Reference value :  1.54984e-07
 Reference value :  1.55144e-07
 Reference value :  1.55422e-07
 Reference value :  1.55619e-07
 Reference value :  1.55897e-07
 Reference value :  1.55973e-07
 Reference value :  1.56173e-07
 Reference value :  1.56356e-07
 Reference value :  1.56508e-07
 Reference value :  1.56728e-07
 Reference value :  1.56828e-07
 Reference value :  1.56982e-07
 Reference value :  1.57022e-07
 Reference value :  1.57082e-07
 Reference value :  1.57122e-07
 Reference value :  1.57162e-07
 Reference value :  1.57258e-07
 Reference value :  1.57283e-07
 Reference value :  1.57397e-07
 Reference value :  1.57517e-07
 Reference value :  1.57713e-07
 Reference value :  1.57891e-07
 Reference value :  1.58178e-07
 Reference value :  1.58446e-07
 Reference value :  1.58634e-07
 Reference value :  1.58700e-07
 Reference value :  1.58740e-07
 Reference value :  1.58900e-07
 Reference value :  1.59079e-07
 Reference value :  1.59195e-07
 Reference value :  1.59415e-07
 Reference value :  1.59555e-07
 Reference value :  1.59649e-07
 Reference value :  1.59709e-07
 Reference value :  1.59992e-07
 Reference value :  1.60264e-07
 Reference value :  1.60478e-07
 Reference value :  1.60658e-07
 Reference value :  1.60698e-07
 Reference value :  1.60908e-07
 Reference value :  1.61213e-07
 Reference value :  1.61366e-07
 Reference value :  1.61607e-07
 Reference value :  1.61828e-07
 Reference value :  1.62162e-07
 Reference value :  1.62376e-07
 Reference value :  1.62676e-07
 Reference value :  1.62928e-07
 Reference value :  1.63174e-07
 Reference value :  1.63425e-07
 Reference value :  1.63644e-07
 Reference value :  1.63857e-07
 Reference value :  1.64078e-07
 Reference value :  1.64154e-07
 Reference value :  1.64414e-07
 Reference value :  1.64589e-07
 Reference value :  1.64809e-07
 Reference value :  1.64985e-07
 Reference value :  1.65203e-07
 Reference value :  1.65453e-07
 Reference value :  1.65758e-07
 Reference value :  1.65894e-07
 Reference value :  1.65918e-07
 Reference value :  1.66212e-07
 Reference value :  1.66407e-07
 Reference value :  1.66667e-07
 Reference value :  1.66817e-07
 Reference value :  1.67121e-07
 Reference value :  1.67316e-07
 Reference value :  1.67616e-07
 Reference value :  1.67790e-07
 Reference value :  1.68090e-07
 Reference value :  1.68285e-07
 Reference value :  1.68585e-07
 Reference value :  1.68799e-07
 Reference value :  1.69075e-07
 Reference value :  1.69114e-07
 Reference value :  1.69294e-07
 Reference value :  1.69494e-07
 Reference value :  1.69541e-07
 Reference value :  1.69608e-07
 Reference value :  1.69688e-07
 Reference value :  1.69928e-07
 Reference value :  1.69987e-07
 Reference value :  1.70183e-07
 Reference value :  1.70446e-07
 Reference value :  1.70657e-07
 Reference value :  1.70896e-07
 Reference value :  1.70918e-07
 Reference value :  1.71012e-07
 Reference value :  1.71312e-07
 Reference value :  1.71486e-07
 Reference value :  1.71546e-07
 Reference value :  1.71809e-07
 Reference value :  1.72061e-07
 Reference value :  1.72268e-07
 Reference value :  1.72535e-07
 Reference value :  1.72714e-07
 Reference value :  1.72850e-07
 Reference value :  1.73130e-07
 Reference value :  1.73324e-07
 Reference value :  1.73384e-07
 Reference value :  1.73631e-07
 Reference value :  1.73919e-07
 Reference value :  1.74113e-07
 Reference value :  1.74393e-07
 Reference value :  1.74541e-07
 Reference value :  1.74808e-07
 Reference value :  1.74998e-07
 Reference value :  1.75302e-07
 Reference value :  1.75537e-07
 Reference value :  1.75857e-07
 Reference value :  1.76071e-07
 Reference value :  1.76350e-07
 Reference value :  1.76506e-07
 Reference value :  1.76666e-07
 Reference value :  1.76766e-07
 Reference value :  1.76840e-07
 Reference value :  1.77000e-07
 Reference value :  1.77256e-07
 Reference value :  1.77375e-07
 Reference value :  1.77615e-07
 Reference value :  1.77711e-07
 Reference value :  1.77723e-07
 Reference value :  1.77849e-07
 Reference value :  1.78147e-07
 Reference value :  1.78324e-07
 Reference value :  1.78601e-07
 Reference value :  1.78678e-07
 Reference value :  1.78718e-07
 Reference value :  1.78758e-07
 Reference value :  1.78798e-07
 Reference value :  1.79079e-07
 Reference value :  1.79350e-07
 Reference value :  1.79543e-07
 Reference value :  1.79847e-07
 Reference value :  1.79995e-07
 Reference value :  1.80102e-07
 Reference value :  1.80282e-07
 Reference value :  1.80445e-07
 Reference value :  1.80452e-07
 Reference value :  1.80636e-07
 Reference value :  1.80892e-07
 Reference value :  1.81011e-07
 Reference value :  1.81131e-07
 Reference value :  1.81231e-07
 Reference value :  1.81425e-07
 Reference value :  1.81705e-07
 Reference value :  1.81920e-07
 Reference value :  1.82220e-07
 Reference value :  1.82394e-07
 Reference value :  1.82594e-07
 Reference value :  1.82769e-07
 Reference value :  1.83069e-07
 Reference value :  1.83203e-07
 Reference value :  1.83363e-07
 Reference value :  1.83626e-07
 Reference value :  1.83898e-07
 Reference value :  1.84086e-07
 Reference value :  1.84352e-07
 Reference value :  1.84567e-07
 Reference value :  1.84867e-07
 Reference value :  1.85081e-07
 Reference value :  1.85321e-07
 Reference value :  1.85401e-07
 Reference value :  1.85440e-07
 Reference value :  1.85449e-07
 Reference value :  1.85596e-07
 Reference value :  1.85796e-07
 Reference value :  1.85894e-07
 Reference value :  1.85930e-07
 Reference value :  1.86130e-07
 Reference value :  1.86290e-07
 Reference value :  1.86385e-07
 Reference value :  1.86565e-07
 Reference value :  1.86685e-07
 Reference value :  1.86825e-07
 Reference value :  1.86919e-07
 Reference value :  1.87039e-07
 Reference value :  1.87237e-07
 Reference value :  1.87334e-07
 Reference value :  1.87534e-07
 Reference value :  1.87710e-07
 Reference value :  1.87717e-07
 Reference value :  1.87788e-07
 Reference value :  1.87968e-07
 Reference value :  1.88108e-07
 Reference value :  1.88343e-07
 Reference value :  1.88621e-07
 Reference value :  1.88837e-07
 Reference value :  1.88937e-07
 Reference value :  1.89112e-07
 Reference value :  1.89292e-07
 Reference value :  1.89352e-07
 Reference value :  1.89545e-07
 Reference value :  1.89866e-07
 Reference value :  1.89996e-07
 Reference value :  1.90121e-07
 Reference value :  1.90437e-07
 Reference value :  1.90555e-07
 Reference value :  1.90715e-07
 Reference value :  1.90890e-07
 Reference value :  1.90970e-07
 Reference value :  1.91130e-07
 Reference value :  1.91346e-07
 Reference value :  1.91424e-07
 Reference value :  1.91564e-07
 Reference value :  1.91803e-07
 Reference value :  1.91959e-07
 Reference value :  1.92179e-07
 Reference value :  1.92269e-07
 Reference value :  1.92393e-07
 Reference value :  1.92513e-07
 Reference value :  1.92709e-07
 Reference value :  1.92848e-07
 Reference value :  1.93088e-07
 Reference value :  1.93181e-07
 Reference value :  1.93322e-07
 Reference value :  1.93542e-07
 Reference value :  1.93777e-07
 Reference value :  1.93877e-07
 Reference value :  1.94071e-07
 Reference value :  1.94087e-07
 Reference value :  1.94111e-07
 Reference value :  1.94151e-07
 Reference value :  1.94191e-07
 Reference value :  1.94231e-07
 Reference value :  1.94271e-07
 Reference value :  1.94311e-07
 Reference value :  1.94351e-07
 Reference value :  1.94411e-07
 Reference value :  1.94528e-07
 Reference value :  1.94539e-07
 Reference value :  1.94550e-07
 Reference value :  1.94583e-07
 Reference value :  1.94623e-07
 Reference value :  1.94663e-07
 Reference value :  1.94723e-07
 Reference value :  1.94803e-07
 Reference value :  1.94883e-07
 Reference value :  1.94989e-07
 Reference value :  1.95220e-07
 Reference value :  1.95448e-07
 Reference value :  1.95695e-07
 Reference value :  1.95908e-07
 Reference value :  1.96229e-07
 Reference value :  1.96444e-07
 Reference value :  1.96744e-07
 Reference value :  1.96958e-07
 Reference value :  1.97254e-07
 Reference value :  1.97493e-07
 Reference value :  1.97723e-07
 Reference value :  1.97987e-07
 Reference value :  1.98202e-07
 Reference value :  1.98522e-07
 Reference value :  1.98736e-07
 Reference value :  1.98896e-07
 Reference value :  1.99075e-07
 Reference value :  1.99331e-07
 Reference value :  1.99539e-07
 Reference value :  1.99825e-07
 Reference value :  2.00040e-07
 Reference value :  2.00380e-07
 Reference value :  2.00594e-07
 Reference value :  2.00872e-07
 Reference value :  2.01109e-07
 Reference value :  2.01352e-07
 Reference value :  2.01623e-07
 Reference value :  2.01817e-07
 Reference value :  2.02138e-07
 Reference value :  2.02352e-07
 Reference value :  2.02652e-07
 Reference value :  2.02887e-07
 Reference value :  2.03163e-07
 Reference value :  2.03401e-07
 Reference value :  2.03642e-07
 Reference value :  2.03956e-07
 Reference value :  2.04150e-07
 Reference value :  2.04430e-07
 Reference value :  2.04625e-07
 Reference value :  2.04945e-07
 Reference value :  2.05059e-07
 Reference value :  2.05399e-07
 Reference value :  2.05594e-07
 Reference value :  2.05888e-07
 Reference value :  2.05968e-07
 Reference value :  2.06048e-07
 Reference value :  2.06248e-07
 Reference value :  2.06369e-07
 Reference value :  2.06583e-07
 Reference value :  2.06797e-07
 Reference value :  2.06816e-07
 Reference value :  2.07037e-07
 Reference value :  2.07137e-07
 Reference value :  2.07372e-07
 Reference value :  2.07689e-07
 Reference value :  2.07906e-07
 Reference value :  2.08126e-07
 Reference value :  2.08221e-07
 Reference value :  2.08501e-07
 Reference value :  2.08695e-07
 Reference value :  2.09053e-07
 Reference value :  2.09190e-07
 Reference value :  2.09470e-07
 Reference value :  2.09664e-07
 Reference value :  2.09924e-07
 Reference value :  2.10116e-07
 Reference value :  2.10415e-07
 Reference value :  2.10593e-07
 Reference value :  2.10892e-07
 Reference value :  2.11108e-07
 Reference value :  2.11351e-07
 Reference value :  2.11602e-07
 Reference value :  2.11810e-07
 Reference value :  2.12097e-07
 Reference value :  2.12291e-07
 Reference value :  2.12591e-07
 Reference value :  2.12826e-07
 Reference value :  2.13126e-07
 Reference value :  2.13320e-07
 Reference value :  2.13615e-07
 Reference value :  2.13795e-07
 Reference value :  2.13955e-07
 Reference value :  2.14095e-07
 Reference value :  2.14309e-07
 Reference value :  2.14525e-07
 Reference value :  2.14644e-07
 Reference value :  2.14884e-07
 Reference value :  2.15018e-07
 Reference value :  2.15218e-07
 Reference value :  2.15459e-07
 Reference value :  2.15753e-07
 Reference value :  2.15903e-07
 Reference value :  2.16147e-07
 Reference value :  2.16361e-07
 Reference value :  2.16662e-07
 Reference value :  2.16779e-07
 Reference value :  2.16996e-07
 Reference value :  2.17264e-07
 Reference value :  2.17531e-07
 Reference value :  2.17724e-07
 Reference value :  2.17945e-07
 Reference value :  2.18143e-07
 Reference value :  2.18240e-07
 Reference value :  2.18380e-07
 Reference value :  2.18480e-07
 Reference value :  2.18560e-07
 Reference value :  2.18597e-07
 Reference value :  2.18616e-07
 Reference value :  2.18627e-07
 Reference value :  2.18633e-07
 Reference value :  2.18654e-07
 Reference value :  2.18694e-07
 Reference value :  2.18754e-07
 Reference value :  2.18794e-07
 Reference value :  2.18834e-07
 Reference value :  2.18894e-07
 Reference value :  2.18954e-07
 Reference value :  2.18994e-07
 Reference value :  2.19052e-07
 Reference value :  2.19073e-07
 Reference value :  2.19082e-07
 Reference value :  2.19109e-07
 Reference value :  2.19349e-07
 Reference value :  2.19542e-07
 Reference value :  2.19603e-07
 Reference value :  2.19903e-07
 Reference value :  2.20038e-07
 Reference value :  2.20218e-07
 Reference value :  2.20298e-07
 Reference value :  2.20446e-07
 Reference value :  2.20732e-07
 Reference value :  2.20947e-07
 Reference value :  2.21267e-07
 Reference value :  2.21481e-07
 Reference value :  2.21721e-07
 Reference value :  2.21856e-07
 Reference value :  2.22036e-07
 Reference value :  2.22076e-07
 Reference value :  2.22264e-07
 Reference value :  2.22550e-07
 Reference value :  2.22765e-07
 Reference value :  2.23105e-07
 Reference value :  2.23299e-07
 Reference value :  2.23597e-07
 Reference value :  2.23694e-07
 Reference value :  2.23974e-07
 Reference value :  2.24094e-07
 Reference value :  2.24388e-07
 Reference value :  2.24603e-07
 Reference value :  2.24903e-07
 Reference value :  2.25097e-07
 Reference value :  2.25397e-07
 Reference value :  2.25629e-07
 Reference value :  2.25895e-07
 Reference value :  2.26126e-07
 Reference value :  2.26360e-07
 Reference value :  2.26661e-07
 Reference value :  2.26875e-07
 Reference value :  2.27175e-07
 Reference value :  2.27410e-07
 Reference value :  2.27706e-07
 Reference value :  2.27904e-07
 Reference value :  2.28174e-07
 Reference value :  2.28479e-07
 Reference value :  2.28653e-07
 Reference value :  2.28953e-07
 Reference value :  2.29076e-07
 Reference value :  2.29168e-07
 Reference value :  2.29388e-07
 Reference value :  2.29526e-07
 Reference value :  2.29562e-07
 Reference value :  2.29602e-07
 Reference value :  2.29662e-07
 Reference value :  2.29722e-07
 Reference value :  2.29985e-07
 Reference value :  2.30257e-07
 Reference value :  2.30450e-07
 Reference value :  2.30731e-07
 Reference value :  2.30946e-07
 Reference value :  2.31246e-07
 Reference value :  2.31420e-07
 Reference value :  2.31500e-07
 Reference value :  2.31807e-07
 Reference value :  2.32055e-07
 Reference value :  2.32268e-07
 Reference value :  2.32569e-07
 Reference value :  2.32730e-07
 Reference value :  2.33024e-07
 Reference value :  2.33158e-07
 Reference value :  2.33358e-07
 Reference value :  2.33626e-07
 Reference value :  2.33933e-07
 Reference value :  2.34107e-07
 Reference value :  2.34267e-07
 Reference value :  2.34347e-07
 Reference value :  2.34467e-07
 Reference value :  2.34505e-07
 Reference value :  2.34662e-07
 Reference value :  2.34976e-07
 Reference value :  2.34995e-07
 Reference value :  2.35176e-07
 Reference value :  2.35414e-07
 Reference value :  2.35591e-07
 Reference value :  2.35868e-07
 Reference value :  2.36025e-07
 Reference value :  2.36305e-07
 Reference value :  2.36500e-07
 Reference value :  2.36796e-07
 Reference value :  2.36974e-07
 Reference value :  2.37264e-07
 Reference value :  2.37529e-07
 Reference value :  2.37729e-07
 Reference value :  2.38043e-07
 Reference value :  2.38278e-07
 Reference value :  2.38595e-07
 Reference value :  2.38752e-07
 Reference value :  2.39050e-07
 Reference value :  2.39227e-07
 Reference value :  2.39523e-07
 Reference value :  2.39721e-07
 Reference value :  2.39995e-07
 Reference value :  2.40276e-07
 Reference value :  2.40413e-07
 Reference value :  2.40530e-07
 Reference value :  2.40750e-07
 Reference value :  2.40897e-07
 Reference value :  2.40945e-07
 Reference value :  2.41005e-07
 Reference value :  2.41165e-07
 Reference value :  2.41322e-07
 Reference value :  2.41519e-07
 Reference value :  2.41807e-07
 Reference value :  2.42094e-07
 Reference value :  2.42308e-07
 Reference value :  2.42468e-07
 Reference value :  2.42707e-07
 Reference value :  2.42722e-07
 Reference value :  2.42763e-07
 Reference value :  2.42983e-07
 Reference value :  2.43161e-07
 Reference value :  2.43173e-07
 Reference value :  2.43197e-07
 Reference value :  2.43357e-07
 Reference value :  2.43397e-07
 Reference value :  2.43457e-07
 Reference value :  2.43557e-07
 Reference value :  2.43620e-07
 Reference value :  2.43692e-07
 Reference value :  2.43932e-07
 Reference value :  2.44146e-07
 Reference value :  2.44346e-07
 Reference value :  2.44525e-07
 Reference value :  2.44761e-07
 Reference value :  2.44989e-07
 Reference value :  2.45275e-07
 Reference value :  2.45470e-07
 Reference value :  2.45790e-07
 Reference value :  2.45898e-07
 Reference value :  2.45964e-07
 Reference value :  2.46044e-07
 Reference value :  2.46244e-07
 Reference value :  2.46379e-07
 Reference value :  2.46599e-07
 Reference value :  2.46797e-07
 Reference value :  2.46953e-07
 Reference value :  2.46993e-07
 Reference value :  2.47033e-07
 Reference value :  2.47093e-07
 Reference value :  2.47133e-07
 Reference value :  2.47193e-07
 Reference value :  2.47248e-07
 Reference value :  2.47256e-07
 Reference value :  2.47267e-07
 Reference value :  2.47288e-07
 Reference value :  2.47328e-07
 Reference value :  2.47368e-07
 Reference value :  2.47408e-07
 Reference value :  2.47448e-07
 Reference value :  2.47488e-07
 Reference value :  2.47548e-07
 Reference value :  2.47706e-07
 Reference value :  2.47942e-07
 Reference value :  2.48161e-07
 Reference value :  2.48357e-07
 Reference value :  2.48615e-07
 Reference value :  2.48871e-07
 Reference value :  2.49092e-07
 Reference value :  2.49426e-07
 Reference value :  2.49534e-07
 Reference value :  2.49800e-07
 Reference value :  2.50035e-07
 Reference value :  2.50355e-07
 Reference value :  2.50569e-07
 Reference value :  2.50884e-07
 Reference value :  2.51064e-07
 Reference value :  2.51342e-07
 Reference value :  2.51598e-07
 Reference value :  2.51808e-07
 Reference value :  2.52093e-07
 Reference value :  2.52307e-07
 Reference value :  2.52607e-07
 Reference value :  2.52842e-07
 Reference value :  2.53122e-07
 Reference value :  2.53336e-07
 Reference value :  2.53612e-07
 Reference value :  2.53831e-07
 Reference value :  2.54079e-07
 Reference value :  2.54345e-07
 Reference value :  2.54539e-07
 Reference value :  2.54760e-07
 Reference value :  2.54988e-07
 Reference value :  2.55274e-07
 Reference value :  2.55455e-07
 Reference value :  2.55729e-07
 Reference value :  2.55923e-07
 Reference value :  2.56223e-07
 Reference value :  2.56398e-07
 Reference value :  2.56718e-07
 Reference value :  2.56932e-07
 Reference value :  2.57230e-07
 Reference value :  2.57427e-07
 Reference value :  2.57684e-07
 Reference value :  2.57881e-07
 Reference value :  2.58168e-07
 Reference value :  2.58436e-07
 Reference value :  2.58629e-07
 Reference value :  2.58890e-07
 Reference value :  2.59091e-07
 Reference value :  2.59385e-07
 Reference value :  2.59619e-07
 Reference value :  2.59957e-07
 Reference value :  2.60194e-07
 Reference value :  2.60442e-07
 Reference value :  2.60688e-07
 Reference value :  2.60943e-07
 Reference value :  2.61183e-07
 Reference value :  2.61283e-07
 Reference value :  2.61356e-07
 Reference value :  2.61497e-07
 Reference value :  2.61597e-07
 Reference value :  2.61697e-07
 Reference value :  2.61804e-07
 Reference value :  2.61852e-07
 Reference value :  2.61932e-07
 Reference value :  2.61992e-07
 Reference value :  2.62072e-07
 Reference value :  2.62192e-07
 Reference value :  2.62272e-07
 Reference value :  2.62566e-07
 Reference value :  2.62801e-07
 Reference value :  2.63101e-07
 Reference value :  2.63315e-07
 Reference value :  2.63435e-07
 Reference value :  2.63647e-07
 Reference value :  2.63947e-07
 Reference value :  2.64144e-07
 Reference value :  2.64502e-07
 Reference value :  2.64676e-07
 Reference value :  2.64955e-07
 Reference value :  2.65153e-07
 Reference value :  2.65436e-07
 Reference value :  2.65668e-07
 Reference value :  2.65898e-07
 Reference value :  2.66202e-07
 Reference value :  2.66417e-07
 Reference value :  2.66757e-07
 Reference value :  2.66911e-07
 Reference value :  2.67229e-07
 Reference value :  2.67426e-07
 Reference value :  2.67704e-07
 Reference value :  2.67940e-07
 Reference value :  2.68100e-07
 Reference value :  2.68168e-07
 Reference value :  2.68355e-07
 Reference value :  2.68555e-07
 Reference value :  2.68649e-07
 Reference value :  2.68809e-07
 Reference value :  2.68989e-07
 Reference value :  2.69079e-07
 Reference value :  2.69164e-07
 Reference value :  2.69424e-07
 Reference value :  2.69522e-07
 Reference value :  2.69544e-07
 Reference value :  2.69738e-07
 Reference value :  2.69974e-07
 Reference value :  2.70053e-07
 Reference value :  2.70273e-07
 Reference value :  2.70428e-07
 Reference value :  2.70547e-07
 Reference value :  2.70747e-07
 Reference value :  2.70922e-07
 Reference value :  2.71262e-07
 Reference value :  2.71340e-07
 Reference value :  2.71496e-07
 Reference value :  2.71799e-07
 Reference value :  2.72031e-07
 Reference value :  2.72261e-07
 Reference value :  2.72545e-07
 Reference value :  2.72760e-07
 Reference value :  2.73000e-07
 Reference value :  2.73120e-07
 Reference value :  2.73334e-07
 Reference value :  2.73621e-07
 Reference value :  2.73889e-07
 Reference value :  2.74082e-07
 Reference value :  2.74403e-07
 Reference value :  2.74598e-07
 Reference value :  2.74938e-07
 Reference value :  2.75152e-07
 Reference value :  2.75442e-07
 Reference value :  2.75707e-07
 Reference value :  2.75900e-07
 Reference value :  2.76181e-07
 Reference value :  2.76362e-07
 Reference value :  2.76696e-07
 Reference value :  2.76850e-07
 Reference value :  2.77170e-07
 Reference value :  2.77253e-07
 Reference value :  2.77405e-07
 Reference value :  2.77605e-07
 Reference value :  2.77718e-07
 Reference value :  2.77899e-07
 Reference value :  2.78059e-07
 Reference value :  2.78154e-07
 Reference value :  2.78234e-07
 Reference value :  2.78454e-07
 Reference value :  2.78608e-07
 Reference value :  2.78622e-07
 Reference value :  2.78908e-07
 Reference value :  2.79123e-07
 Reference value :  2.79443e-07
 Reference value :  2.79597e-07
 Reference value :  2.79917e-07
 Reference value :  2.80092e-07
 Reference value :  2.80409e-07
 Reference value :  2.80606e-07
 Reference value :  2.80786e-07
 Reference value :  2.80889e-07
 Reference value :  2.80921e-07
 Reference value :  2.81121e-07
 Reference value :  2.81301e-07
 Reference value :  2.81361e-07
 Reference value :  2.81495e-07
 Reference value :  2.81615e-07
 Reference value :  2.81695e-07
 Reference value :  2.81773e-07
 Reference value :  2.81890e-07
 Reference value :  2.82210e-07
 Reference value :  2.82404e-07
 Reference value :  2.82711e-07
 Reference value :  2.82879e-07
 Reference value :  2.82959e-07
 Reference value :  2.83172e-07
 Reference value :  2.83453e-07
 Reference value :  2.83621e-07
 Reference value :  2.83728e-07
 Reference value :  2.83848e-07
 Reference value :  2.83988e-07
 Reference value :  2.84182e-07
 Reference value :  2.84500e-07
 Reference value :  2.84597e-07
 Reference value :  2.84917e-07
 Reference value :  2.85031e-07
 Reference value :  2.85111e-07
 Reference value :  2.85231e-07
 Reference value :  2.85466e-07
 Reference value :  2.85766e-07
 Reference value :  2.85940e-07
 Reference value :  2.86260e-07
 Reference value :  2.86435e-07
 Reference value :  2.86735e-07
 Reference value :  2.86929e-07
 Reference value :  2.87252e-07
 Reference value :  2.87524e-07
 Reference value :  2.87738e-07
 Reference value :  2.87978e-07
 Reference value :  2.88179e-07
 Reference value :  2.88513e-07
 Reference value :  2.88707e-07
 Reference value :  2.89063e-07
 Reference value :  2.89282e-07
 Reference value :  2.89529e-07
 Reference value :  2.89816e-07
 Reference value :  2.90011e-07
 Reference value :  2.90331e-07
 Reference value :  2.90505e-07
 Reference value :  2.90863e-07
 Reference value :  2.91060e-07
 Reference value :  2.91343e-07
 Reference value :  2.91594e-07
 Reference value :  2.91808e-07
 Reference value :  2.92069e-07
 Reference value :  2.92262e-07
 Reference value :  2.92583e-07
 Reference value :  2.92738e-07
 Reference value :  2.92918e-07
 Reference value :  2.93018e-07
 Reference value :  2.93058e-07
 Reference value :  2.93098e-07
 Reference value :  2.93135e-07
 Reference value :  2.93332e-07
 Reference value :  2.93607e-07
 Reference value :  2.93747e-07
 Reference value :  2.94061e-07
 Reference value :  2.94281e-07
 Reference value :  2.94540e-07
 Reference value :  2.94853e-07
 Reference value :  2.95050e-07
 Reference value :  2.95330e-07
 Reference value :  2.95562e-07
 Reference value :  2.95880e-07
 Reference value :  2.96079e-07
 Reference value :  2.96349e-07
 Reference value :  2.96654e-07
 Reference value :  2.96828e-07
 Reference value :  2.97148e-07
 Reference value :  2.97343e-07
 Reference value :  2.97680e-07
 Reference value :  2.97877e-07
 Reference value :  2.98164e-07
 Reference value :  2.98432e-07
 Reference value :  2.98625e-07
 Reference value :  2.98926e-07
 Reference value :  2.99101e-07
 Reference value :  2.99441e-07
 Reference value :  2.99635e-07
 Reference value :  2.99815e-07
 Reference value :  2.99970e-07
No. of Data Rows : 19790
sim/harness: analysis complete
Note: Simulation executed from .control section 
Note: Starting dynamic gmin stepping
Note: Dynamic gmin stepping completed
