
Note: Compatibility modes selected: hs a


Circuit: ** sch_path: /home/ubuntu/loom-workspaces/sky130-pll/.loom/worktrees/issue-129/sim/divider/testbench/tb_divider.sch

option SCALE: Scale is set to 1e-06 for instance and model parameters
option SCALE: Scale is set to 1e-06 for instance and model parameters
option SCALE: Scale is set to 1e-06 for instance and model parameters
option SCALE: Scale is set to 1e-06 for instance and model parameters
Doing analysis at TEMP = 125.000000 and TNOM = 27.000000

Using KLU as Direct Linear Solver
 Reference value :  0.00000e+00
 Reference value :  1.37300e-10
 Reference value :  4.67000e-10
 Reference value :  7.34125e-10
 Reference value :  9.88625e-10
 Reference value :  1.32862e-09
 Reference value :  1.54312e-09
 Reference value :  1.83312e-09
 Reference value :  2.13762e-09
 Reference value :  2.39212e-09
 Reference value :  2.72825e-09
 Reference value :  2.98662e-09
 Reference value :  3.22112e-09
 Reference value :  3.60112e-09
 Reference value :  3.83563e-09
 Reference value :  4.09050e-09
 Reference value :  4.33013e-09
 Reference value :  4.58462e-09
 Reference value :  4.96463e-09
 Reference value :  5.03542e-09
 Reference value :  5.39542e-09
 Reference value :  5.65363e-09
 Reference value :  5.92187e-09
 Reference value :  6.15000e-09
 Reference value :  6.38163e-09
 Reference value :  6.72263e-09
 Reference value :  6.91713e-09
 Reference value :  7.23713e-09
 Reference value :  7.45163e-09
 Reference value :  7.72650e-09
 Reference value :  7.94612e-09
 Reference value :  8.19962e-09
 Reference value :  8.54062e-09
 Reference value :  8.75513e-09
 Reference value :  9.09000e-09
 Reference value :  9.32962e-09
 Reference value :  9.57013e-09
 Reference value :  9.92412e-09
 Reference value :  1.01586e-08
 Reference value :  1.04572e-08
 Reference value :  1.06931e-08
 Reference value :  1.09476e-08
 Reference value :  1.12676e-08
 Reference value :  1.14821e-08
 Reference value :  1.18170e-08
 Reference value :  1.19766e-08
 Reference value :  1.22796e-08
 Reference value :  1.24911e-08
 Reference value :  1.27516e-08
 Reference value :  1.30856e-08
 Reference value :  1.33001e-08
 Reference value :  1.36350e-08
 Reference value :  1.38346e-08
 Reference value :  1.40976e-08
 Reference value :  1.42691e-08
 Reference value :  1.45565e-08
 Reference value :  1.48236e-08
 Reference value :  1.50581e-08
 Reference value :  1.53781e-08
 Reference value :  1.55926e-08
 Reference value :  1.59112e-08
 Reference value :  1.61271e-08
 Reference value :  1.63876e-08
 Reference value :  1.67216e-08
 Reference value :  1.69561e-08
 Reference value :  1.72730e-08
 Reference value :  1.74883e-08
 Reference value :  1.76283e-08
 Reference value :  1.78451e-08
 Reference value :  1.81837e-08
 Reference value :  1.83796e-08
 Reference value :  1.86479e-08
 Reference value :  1.89141e-08
 Reference value :  1.91463e-08
 Reference value :  1.94663e-08
 Reference value :  1.95586e-08
 Reference value :  1.96031e-08
 Reference value :  1.99431e-08
 Reference value :  2.01776e-08
 Reference value :  2.04606e-08
 Reference value :  2.07321e-08
 Reference value :  2.09195e-08
 Reference value :  2.10843e-08
 Reference value :  2.13696e-08
 Reference value :  2.16011e-08
 Reference value :  2.18556e-08
 Reference value :  2.21756e-08
 Reference value :  2.23901e-08
 Reference value :  2.26901e-08
 Reference value :  2.28223e-08
 Reference value :  2.30623e-08
 Reference value :  2.32391e-08
 Reference value :  2.35791e-08
 Reference value :  2.37936e-08
 Reference value :  2.40966e-08
 Reference value :  2.43681e-08
 Reference value :  2.45611e-08
 Reference value :  2.47003e-08
 Reference value :  2.49789e-08
 Reference value :  2.51371e-08
 Reference value :  2.54532e-08
 Reference value :  2.56916e-08
 Reference value :  2.59216e-08
 Reference value :  2.62261e-08
 Reference value :  2.64383e-08
 Reference value :  2.66383e-08
 Reference value :  2.68236e-08
 Reference value :  2.70751e-08
 Reference value :  2.73296e-08
 Reference value :  2.75896e-08
 Reference value :  2.78041e-08
 Reference value :  2.81241e-08
 Reference value :  2.83563e-08
 Reference value :  2.85763e-08
 Reference value :  2.87331e-08
 Reference value :  2.90880e-08
 Reference value :  2.93076e-08
 Reference value :  2.95559e-08
 Reference value :  2.97021e-08
 Reference value :  2.98421e-08
 Reference value :  3.00095e-08
 Reference value :  3.01966e-08
 Reference value :  3.03566e-08
 Reference value :  3.04666e-08
 Reference value :  3.06511e-08
 Reference value :  3.07511e-08
 Reference value :  3.08511e-08
 Reference value :  3.09073e-08
 Reference value :  3.09194e-08
 Reference value :  3.11856e-08
 Reference value :  3.14201e-08
 Reference value :  3.16201e-08
 Reference value :  3.17001e-08
 Reference value :  3.17601e-08
 Reference value :  3.19746e-08
 Reference value :  3.22820e-08
 Reference value :  3.25291e-08
 Reference value :  3.27636e-08
 Reference value :  3.28636e-08
 Reference value :  3.31797e-08
 Reference value :  3.33981e-08
 Reference value :  3.36575e-08
 Reference value :  3.39703e-08
 Reference value :  3.40913e-08
 Reference value :  3.42871e-08
 Reference value :  3.45458e-08
 Reference value :  3.48416e-08
 Reference value :  3.50361e-08
 Reference value :  3.53761e-08
 Reference value :  3.55106e-08
 Reference value :  3.56906e-08
 Reference value :  3.59241e-08
 Reference value :  3.61851e-08
 Reference value :  3.63856e-08
 Reference value :  3.66796e-08
 Reference value :  3.68941e-08
 Reference value :  3.71941e-08
 Reference value :  3.73263e-08
 Reference value :  3.75463e-08
 Reference value :  3.77386e-08
 Reference value :  3.80431e-08
 Reference value :  3.82176e-08
 Reference value :  3.84976e-08
 Reference value :  3.86459e-08
 Reference value :  3.86721e-08
 Reference value :  3.88521e-08
 Reference value :  3.91021e-08
 Reference value :  3.93666e-08
 Reference value :  3.95671e-08
 Reference value :  3.98211e-08
 Reference value :  3.99411e-08
 Reference value :  4.01156e-08
 Reference value :  4.03956e-08
 Reference value :  4.06101e-08
 Reference value :  4.09175e-08
 Reference value :  4.11823e-08
 Reference value :  4.13720e-08
 Reference value :  4.15391e-08
 Reference value :  4.18221e-08
 Reference value :  4.20936e-08
 Reference value :  4.22871e-08
 Reference value :  4.25881e-08
 Reference value :  4.27381e-08
 Reference value :  4.28826e-08
 Reference value :  4.31856e-08
 Reference value :  4.34571e-08
 Reference value :  4.36716e-08
 Reference value :  4.40116e-08
 Reference value :  4.42061e-08
 Reference value :  4.44661e-08
 Reference value :  4.46006e-08
 Reference value :  4.47606e-08
 Reference value :  4.50089e-08
 Reference value :  4.52951e-08
 Reference value :  4.55273e-08
 Reference value :  4.58673e-08
 Reference value :  4.60041e-08
 Reference value :  4.61641e-08
 Reference value :  4.64186e-08
 Reference value :  4.66986e-08
 Reference value :  4.69331e-08
 Reference value :  4.72680e-08
 Reference value :  4.74876e-08
 Reference value :  4.77237e-08
 Reference value :  4.78421e-08
 Reference value :  4.81221e-08
 Reference value :  4.82026e-08
 Reference value :  4.84366e-08
 Reference value :  4.86449e-08
 Reference value :  4.89111e-08
 Reference value :  4.90880e-08
 Reference value :  4.91633e-08
 Reference value :  4.94633e-08
 Reference value :  4.96001e-08
 Reference value :  4.99201e-08
 Reference value :  5.01346e-08
 Reference value :  5.04146e-08
 Reference value :  5.04891e-08
 Reference value :  5.08491e-08
 Reference value :  5.10436e-08
 Reference value :  5.13411e-08
 Reference value :  5.15381e-08
 Reference value :  5.18264e-08
 Reference value :  5.21326e-08
 Reference value :  5.21926e-08
 Reference value :  5.24071e-08
 Reference value :  5.26671e-08
 Reference value :  5.28993e-08
 Reference value :  5.31778e-08
 Reference value :  5.33961e-08
 Reference value :  5.36323e-08
 Reference value :  5.36435e-08
 Reference value :  5.39506e-08
 Reference value :  5.41651e-08
 Reference value :  5.44651e-08
 Reference value :  5.46596e-08
 Reference value :  5.49983e-08
 Reference value :  5.52341e-08
 Reference value :  5.54571e-08
 Reference value :  5.56686e-08
 Reference value :  5.59169e-08
 Reference value :  5.62031e-08
 Reference value :  5.64353e-08
 Reference value :  5.67553e-08
 Reference value :  5.67939e-08
 Reference value :  5.70321e-08
 Reference value :  5.72821e-08
 Reference value :  5.75866e-08
 Reference value :  5.78211e-08
 Reference value :  5.80011e-08
 Reference value :  5.81011e-08
 Reference value :  5.82756e-08
 Reference value :  5.86305e-08
 Reference value :  5.88501e-08
 Reference value :  5.91001e-08
 Reference value :  5.94046e-08
 Reference value :  5.95221e-08
 Reference value :  5.95529e-08
 Reference value :  5.98391e-08
 Reference value :  6.00936e-08
 Reference value :  6.04311e-08
 Reference value :  6.06481e-08
 Reference value :  6.07881e-08
 Reference value :  6.10026e-08
 Reference value :  6.13401e-08
 Reference value :  6.15571e-08
 Reference value :  6.18271e-08
 Reference value :  6.21516e-08
 Reference value :  6.22702e-08
 Reference value :  6.24661e-08
 Reference value :  6.27344e-08
 Reference value :  6.30206e-08
 Reference value :  6.32351e-08
 Reference value :  6.35351e-08
 Reference value :  6.36556e-08
 Reference value :  6.38296e-08
 Reference value :  6.40970e-08
 Reference value :  6.43841e-08
 Reference value :  6.45786e-08
 Reference value :  6.49386e-08
 Reference value :  6.51131e-08
 Reference value :  6.53131e-08
 Reference value :  6.55276e-08
 Reference value :  6.58851e-08
 Reference value :  6.61021e-08
 Reference value :  6.63570e-08
 Reference value :  6.63695e-08
 Reference value :  6.64543e-08
 Reference value :  6.66343e-08
 Reference value :  6.68127e-08
 Reference value :  6.69111e-08
 Reference value :  6.70311e-08
 Reference value :  6.72660e-08
 Reference value :  6.72846e-08
 Reference value :  6.73656e-08
 Reference value :  6.77205e-08
 Reference value :  6.79401e-08
 Reference value :  6.81831e-08
 Reference value :  6.82746e-08
 Reference value :  6.86295e-08
 Reference value :  6.88291e-08
 Reference value :  6.90921e-08
 Reference value :  6.92236e-08
 Reference value :  6.95422e-08
 Reference value :  6.97181e-08
 Reference value :  7.00055e-08
 Reference value :  7.01126e-08
 Reference value :  7.01526e-08
 Reference value :  7.03926e-08
 Reference value :  7.05471e-08
 Reference value :  7.07471e-08
 Reference value :  7.09206e-08
 Reference value :  7.11816e-08
 Reference value :  7.13821e-08
 Reference value :  7.17161e-08
 Reference value :  7.18706e-08
 Reference value :  7.22306e-08
 Reference value :  7.24251e-08
 Reference value :  7.27212e-08
 Reference value :  7.29796e-08
 Reference value :  7.31782e-08
 Reference value :  7.33541e-08
 Reference value :  7.34941e-08
 Reference value :  7.37263e-08
 Reference value :  7.39063e-08
 Reference value :  7.41021e-08
 Reference value :  7.42431e-08
 Reference value :  7.44831e-08
 Reference value :  7.47353e-08
 Reference value :  7.50006e-08
 Reference value :  7.52721e-08
 Reference value :  7.54726e-08
 Reference value :  7.57866e-08
 Reference value :  7.59166e-08
 Reference value :  7.60811e-08
 Reference value :  7.63694e-08
 Reference value :  7.66556e-08
 Reference value :  7.68701e-08
 Reference value :  7.70701e-08
 Reference value :  7.72775e-08
 Reference value :  7.75246e-08
 Reference value :  7.77591e-08
 Reference value :  7.81191e-08
 Reference value :  7.82136e-08
 Reference value :  7.84136e-08
 Reference value :  7.86285e-08
 Reference value :  7.88481e-08
 Reference value :  7.90981e-08
 Reference value :  7.93426e-08
 Reference value :  7.94426e-08
 Reference value :  7.95375e-08
 Reference value :  7.97571e-08
 Reference value :  8.00045e-08
 Reference value :  8.03116e-08
 Reference value :  8.05061e-08
 Reference value :  8.07461e-08
 Reference value :  8.09266e-08
 Reference value :  8.11006e-08
 Reference value :  8.13689e-08
 Reference value :  8.16351e-08
 Reference value :  8.18873e-08
 Reference value :  8.21673e-08
 Reference value :  8.22726e-08
 Reference value :  8.24841e-08
 Reference value :  8.27341e-08
 Reference value :  8.30786e-08
 Reference value :  8.31921e-08
 Reference value :  8.33331e-08
 Reference value :  8.36106e-08
 Reference value :  8.38676e-08
 Reference value :  8.40959e-08
 Reference value :  8.42821e-08
 Reference value :  8.45021e-08
 Reference value :  8.46966e-08
 Reference value :  8.49996e-08
 Reference value :  8.52511e-08
 Reference value :  8.54856e-08
 Reference value :  8.57856e-08
 Reference value :  8.58656e-08
 Reference value :  8.60601e-08
 Reference value :  8.63684e-08
 Reference value :  8.66746e-08
 Reference value :  8.69091e-08
 Reference value :  8.71091e-08
 Reference value :  8.72466e-08
 Reference value :  8.74436e-08
 Reference value :  8.77266e-08
 Reference value :  8.79981e-08
 Reference value :  8.82326e-08
 Reference value :  8.84326e-08
 Reference value :  8.85326e-08
 Reference value :  8.87471e-08
 Reference value :  8.90471e-08
 Reference value :  8.92816e-08
 Reference value :  8.95191e-08
 Reference value :  8.96161e-08
 Reference value :  8.97361e-08
 Reference value :  9.00091e-08
 Reference value :  9.03483e-08
 Reference value :  9.05451e-08
 Reference value :  9.08651e-08
 Reference value :  9.10196e-08
 Reference value :  9.12596e-08
 Reference value :  9.14741e-08
 Reference value :  9.17741e-08
 Reference value :  9.20086e-08
 Reference value :  9.21486e-08
 Reference value :  9.23231e-08
 Reference value :  9.26431e-08
 Reference value :  9.28576e-08
 Reference value :  9.31737e-08
 Reference value :  9.33321e-08
 Reference value :  9.35321e-08
 Reference value :  9.36351e-08
 Reference value :  9.39066e-08
 Reference value :  9.40896e-08
 Reference value :  9.43411e-08
 Reference value :  9.45441e-08
 Reference value :  9.45616e-08
 Reference value :  9.48556e-08
 Reference value :  9.50501e-08
 Reference value :  9.53501e-08
 Reference value :  9.55846e-08
 Reference value :  9.58446e-08
 Reference value :  9.60191e-08
 Reference value :  9.62391e-08
 Reference value :  9.64536e-08
 Reference value :  9.67336e-08
 Reference value :  9.69281e-08
 Reference value :  9.72281e-08
 Reference value :  9.73403e-08
 Reference value :  9.75203e-08
 Reference value :  9.77326e-08
 Reference value :  9.80371e-08
 Reference value :  9.82116e-08
 Reference value :  9.85316e-08
 Reference value :  9.87061e-08
 Reference value :  9.90461e-08
 Reference value :  9.92406e-08
 Reference value :  9.95367e-08
 Reference value :  9.96951e-08
 Reference value :  9.98751e-08
 Reference value :  1.00090e-07
 Reference value :  1.00427e-07
 Reference value :  1.00644e-07
 Reference value :  1.00882e-07
 Reference value :  1.00999e-07
 Reference value :  1.01319e-07
 Reference value :  1.01473e-07
 Reference value :  1.01809e-07
 Reference value :  1.01908e-07
 Reference value :  1.02048e-07
 Reference value :  1.02168e-07
 Reference value :  1.02382e-07
 Reference value :  1.02602e-07
 Reference value :  1.02797e-07
 Reference value :  1.03171e-07
 Reference value :  1.03291e-07
 Reference value :  1.03531e-07
 Reference value :  1.03686e-07
 Reference value :  1.04006e-07
 Reference value :  1.04180e-07
 Reference value :  1.04518e-07
 Reference value :  1.04735e-07
 Reference value :  1.04795e-07
 Reference value :  1.04915e-07
 Reference value :  1.05109e-07
 Reference value :  1.05450e-07
 Reference value :  1.05701e-07
 Reference value :  1.05924e-07
 Reference value :  1.06238e-07
 Reference value :  1.06393e-07
 Reference value :  1.06653e-07
 Reference value :  1.06820e-07
 Reference value :  1.07067e-07
 Reference value :  1.07302e-07
 Reference value :  1.07622e-07
 Reference value :  1.07816e-07
 Reference value :  1.07996e-07
 Reference value :  1.08154e-07
 Reference value :  1.08391e-07
 Reference value :  1.08644e-07
 Reference value :  1.08905e-07
 Reference value :  1.09099e-07
 Reference value :  1.09240e-07
 Reference value :  1.09543e-07
 Reference value :  1.09754e-07
 Reference value :  1.10002e-07
 Reference value :  1.10329e-07
 Reference value :  1.10445e-07
 Reference value :  1.10483e-07
 Reference value :  1.10803e-07
 Reference value :  1.11058e-07
 Reference value :  1.11335e-07
 Reference value :  1.11512e-07
 Reference value :  1.11712e-07
 Reference value :  1.11927e-07
 Reference value :  1.12263e-07
 Reference value :  1.12461e-07
 Reference value :  1.12734e-07
 Reference value :  1.12973e-07
 Reference value :  1.13093e-07
 Reference value :  1.13186e-07
 Reference value :  1.13470e-07
 Reference value :  1.13685e-07
 Reference value :  1.14025e-07
 Reference value :  1.14098e-07
 Reference value :  1.14399e-07
 Reference value :  1.14634e-07
 Reference value :  1.14954e-07
 Reference value :  1.15168e-07
 Reference value :  1.15443e-07
 Reference value :  1.15503e-07
 Reference value :  1.15803e-07
 Reference value :  1.16017e-07
 Reference value :  1.16352e-07
 Reference value :  1.16492e-07
 Reference value :  1.16652e-07
 Reference value :  1.16825e-07
 Reference value :  1.17106e-07
 Reference value :  1.17280e-07
 Reference value :  1.17621e-07
 Reference value :  1.17835e-07
 Reference value :  1.17975e-07
 Reference value :  1.18075e-07
 Reference value :  1.18230e-07
 Reference value :  1.18570e-07
 Reference value :  1.18684e-07
 Reference value :  1.18944e-07
 Reference value :  1.19079e-07
 Reference value :  1.19299e-07
 Reference value :  1.19535e-07
 Reference value :  1.19653e-07
 Reference value :  1.19989e-07
 Reference value :  1.20248e-07
 Reference value :  1.20451e-07
 Reference value :  1.20582e-07
 Reference value :  1.20897e-07
 Reference value :  1.21097e-07
 Reference value :  1.21360e-07
 Reference value :  1.21591e-07
 Reference value :  1.21846e-07
 Reference value :  1.22166e-07
 Reference value :  1.22300e-07
 Reference value :  1.22480e-07
 Reference value :  1.22728e-07
 Reference value :  1.23015e-07
 Reference value :  1.23229e-07
 Reference value :  1.23607e-07
 Reference value :  1.23884e-07
 Reference value :  1.23964e-07
 Reference value :  1.24080e-07
 Reference value :  1.24198e-07
 Reference value :  1.24418e-07
 Reference value :  1.24559e-07
 Reference value :  1.24673e-07
 Reference value :  1.24793e-07
 Reference value :  1.24970e-07
 Reference value :  1.25047e-07
 Reference value :  1.25227e-07
 Reference value :  1.25446e-07
 Reference value :  1.25502e-07
 Reference value :  1.25622e-07
 Reference value :  1.25898e-07
 Reference value :  1.26136e-07
 Reference value :  1.26363e-07
 Reference value :  1.26591e-07
 Reference value :  1.26771e-07
 Reference value :  1.26985e-07
 Reference value :  1.27272e-07
 Reference value :  1.27520e-07
 Reference value :  1.27730e-07
 Reference value :  1.27934e-07
 Reference value :  1.27974e-07
 Reference value :  1.28209e-07
 Reference value :  1.28569e-07
 Reference value :  1.28743e-07
 Reference value :  1.28963e-07
 Reference value :  1.29091e-07
 Reference value :  1.29438e-07
 Reference value :  1.29632e-07
 Reference value :  1.29988e-07
 Reference value :  1.30247e-07
 Reference value :  1.30467e-07
 Reference value :  1.30821e-07
 Reference value :  1.30976e-07
 Reference value :  1.31316e-07
 Reference value :  1.31364e-07
 Reference value :  1.31590e-07
 Reference value :  1.31817e-07
 Reference value :  1.31922e-07
 Reference value :  1.32241e-07
 Reference value :  1.32439e-07
 Reference value :  1.32720e-07
 Reference value :  1.33011e-07
 Reference value :  1.33208e-07
 Reference value :  1.33448e-07
 Reference value :  1.33638e-07
 Reference value :  1.33943e-07
 Reference value :  1.34177e-07
 Reference value :  1.34477e-07
 Reference value :  1.34572e-07
 Reference value :  1.34632e-07
 Reference value :  1.34852e-07
 Reference value :  1.35066e-07
 Reference value :  1.35406e-07
 Reference value :  1.35641e-07
 Reference value :  1.35878e-07
 Reference value :  1.36035e-07
 Reference value :  1.36350e-07
 Reference value :  1.36590e-07
 Reference value :  1.36804e-07
 Reference value :  1.36904e-07
 Reference value :  1.37259e-07
 Reference value :  1.37459e-07
 Reference value :  1.37727e-07
 Reference value :  1.38013e-07
 Reference value :  1.38228e-07
 Reference value :  1.38468e-07
 Reference value :  1.38568e-07
 Reference value :  1.38762e-07
 Reference value :  1.39060e-07
 Reference value :  1.39297e-07
 Reference value :  1.39544e-07
 Reference value :  1.39831e-07
 Reference value :  1.40005e-07
 Reference value :  1.40326e-07
 Reference value :  1.40520e-07
 Reference value :  1.40840e-07
 Reference value :  1.41095e-07
 Reference value :  1.41351e-07
 Reference value :  1.41549e-07
 Reference value :  1.41812e-07
 Reference value :  1.41944e-07
 Reference value :  1.42104e-07
 Reference value :  1.42284e-07
 Reference value :  1.42598e-07
 Reference value :  1.42728e-07
 Reference value :  1.43053e-07
 Reference value :  1.43181e-07
 Reference value :  1.43467e-07
 Reference value :  1.43662e-07
 Reference value :  1.43982e-07
 Reference value :  1.44176e-07
 Reference value :  1.44396e-07
 Reference value :  1.44539e-07
 Reference value :  1.44731e-07
 Reference value :  1.44831e-07
 Reference value :  1.45025e-07
 Reference value :  1.45225e-07
 Reference value :  1.45448e-07
 Reference value :  1.45720e-07
 Reference value :  1.45974e-07
 Reference value :  1.46274e-07
 Reference value :  1.46357e-07
 Reference value :  1.46549e-07
 Reference value :  1.46816e-07
 Reference value :  1.47043e-07
 Reference value :  1.47143e-07
 Reference value :  1.47241e-07
 Reference value :  1.47495e-07
 Reference value :  1.47731e-07
 Reference value :  1.48032e-07
 Reference value :  1.48244e-07
 Reference value :  1.48444e-07
 Reference value :  1.48603e-07
 Reference value :  1.48661e-07
 Reference value :  1.48881e-07
 Reference value :  1.49077e-07
 Reference value :  1.49102e-07
 Reference value :  1.49316e-07
 Reference value :  1.49396e-07
 Reference value :  1.49436e-07
 Reference value :  1.49476e-07
 Reference value :  1.49539e-07
 Reference value :  1.49790e-07
 Reference value :  1.50011e-07
 Reference value :  1.50285e-07
 Reference value :  1.50448e-07
 Reference value :  1.50639e-07
 Reference value :  1.50909e-07
 Reference value :  1.51234e-07
 Reference value :  1.51448e-07
 Reference value :  1.51768e-07
 Reference value :  1.51903e-07
 Reference value :  1.52123e-07
 Reference value :  1.52270e-07
 Reference value :  1.52557e-07
 Reference value :  1.52772e-07
 Reference value :  1.53132e-07
 Reference value :  1.53246e-07
 Reference value :  1.53506e-07
 Reference value :  1.53741e-07
 Reference value :  1.54041e-07
 Reference value :  1.54255e-07
 Reference value :  1.54455e-07
 Reference value :  1.54534e-07
 Reference value :  1.54770e-07
 Reference value :  1.55003e-07
 Reference value :  1.55264e-07
 Reference value :  1.55443e-07
 Reference value :  1.55739e-07
 Reference value :  1.55912e-07
 Reference value :  1.56233e-07
 Reference value :  1.56448e-07
 Reference value :  1.56648e-07
 Reference value :  1.56748e-07
 Reference value :  1.56962e-07
 Reference value :  1.57261e-07
 Reference value :  1.57457e-07
 Reference value :  1.57711e-07
 Reference value :  1.57791e-07
 Reference value :  1.58149e-07
 Reference value :  1.58386e-07
 Reference value :  1.58546e-07
 Reference value :  1.58639e-07
 Reference value :  1.58940e-07
 Reference value :  1.59155e-07
 Reference value :  1.59512e-07
 Reference value :  1.59649e-07
 Reference value :  1.59869e-07
 Reference value :  1.60124e-07
 Reference value :  1.60438e-07
 Reference value :  1.60658e-07
 Reference value :  1.60894e-07
 Reference value :  1.61033e-07
 Reference value :  1.61133e-07
 Reference value :  1.61347e-07
 Reference value :  1.61487e-07
 Reference value :  1.61647e-07
 Reference value :  1.61821e-07
 Reference value :  1.62122e-07
 Reference value :  1.62356e-07
 Reference value :  1.62676e-07
 Reference value :  1.62928e-07
 Reference value :  1.63179e-07
 Reference value :  1.63445e-07
 Reference value :  1.63697e-07
 Reference value :  1.64037e-07
 Reference value :  1.64254e-07
 Reference value :  1.64533e-07
 Reference value :  1.64769e-07
 Reference value :  1.64997e-07
 Reference value :  1.65263e-07
 Reference value :  1.65478e-07
 Reference value :  1.65818e-07
 Reference value :  1.66012e-07
 Reference value :  1.66112e-07
 Reference value :  1.66360e-07
 Reference value :  1.66647e-07
 Reference value :  1.66827e-07
 Reference value :  1.67161e-07
 Reference value :  1.67396e-07
 Reference value :  1.67676e-07
 Reference value :  1.67850e-07
 Reference value :  1.68030e-07
 Reference value :  1.68169e-07
 Reference value :  1.68405e-07
 Reference value :  1.68645e-07
 Reference value :  1.68959e-07
 Reference value :  1.69134e-07
 Reference value :  1.69474e-07
 Reference value :  1.69688e-07
 Reference value :  1.69995e-07
 Reference value :  1.70303e-07
 Reference value :  1.70537e-07
 Reference value :  1.70837e-07
 Reference value :  1.71092e-07
 Reference value :  1.71359e-07
 Reference value :  1.71606e-07
 Reference value :  1.71820e-07
 Reference value :  1.72061e-07
 Reference value :  1.72281e-07
 Reference value :  1.72635e-07
 Reference value :  1.72850e-07
 Reference value :  1.73070e-07
 Reference value :  1.73168e-07
 Reference value :  1.73404e-07
 Reference value :  1.73659e-07
 Reference value :  1.73979e-07
 Reference value :  1.74213e-07
 Reference value :  1.74373e-07
 Reference value :  1.74588e-07
 Reference value :  1.74928e-07
 Reference value :  1.75142e-07
 Reference value :  1.75438e-07
 Reference value :  1.75697e-07
 Reference value :  1.75931e-07
 Reference value :  1.76231e-07
 Reference value :  1.76446e-07
 Reference value :  1.76783e-07
 Reference value :  1.77000e-07
 Reference value :  1.77270e-07
 Reference value :  1.77415e-07
 Reference value :  1.77718e-07
 Reference value :  1.77969e-07
 Reference value :  1.78177e-07
 Reference value :  1.78264e-07
 Reference value :  1.78618e-07
 Reference value :  1.78818e-07
 Reference value :  1.79091e-07
 Reference value :  1.79430e-07
 Reference value :  1.79587e-07
 Reference value :  1.79927e-07
 Reference value :  1.80102e-07
 Reference value :  1.80437e-07
 Reference value :  1.80576e-07
 Reference value :  1.80899e-07
 Reference value :  1.81191e-07
 Reference value :  1.81371e-07
 Reference value :  1.81705e-07
 Reference value :  1.81900e-07
 Reference value :  1.82254e-07
 Reference value :  1.82454e-07
 Reference value :  1.82724e-07
 Reference value :  1.82849e-07
 Reference value :  1.83129e-07
 Reference value :  1.83323e-07
 Reference value :  1.83601e-07
 Reference value :  1.83658e-07
 Reference value :  1.83778e-07
 Reference value :  1.84076e-07
 Reference value :  1.84312e-07
 Reference value :  1.84492e-07
 Reference value :  1.84727e-07
 Reference value :  1.84887e-07
 Reference value :  1.85101e-07
 Reference value :  1.85401e-07
 Reference value :  1.85636e-07
 Reference value :  1.85899e-07
 Reference value :  1.86150e-07
 Reference value :  1.86405e-07
 Reference value :  1.86685e-07
 Reference value :  1.86899e-07
 Reference value :  1.87219e-07
 Reference value :  1.87434e-07
 Reference value :  1.87708e-07
 Reference value :  1.87788e-07
 Reference value :  1.87968e-07
 Reference value :  1.88189e-07
 Reference value :  1.88523e-07
 Reference value :  1.88717e-07
 Reference value :  1.88997e-07
 Reference value :  1.89098e-07
 Reference value :  1.89332e-07
 Reference value :  1.89542e-07
 Reference value :  1.89806e-07
 Reference value :  1.90061e-07
 Reference value :  1.90361e-07
 Reference value :  1.90495e-07
 Reference value :  1.90695e-07
 Reference value :  1.90894e-07
 Reference value :  1.90990e-07
 Reference value :  1.91210e-07
 Reference value :  1.91353e-07
 Reference value :  1.91424e-07
 Reference value :  1.91564e-07
 Reference value :  1.91624e-07
 Reference value :  1.91807e-07
 Reference value :  1.92079e-07
 Reference value :  1.92272e-07
 Reference value :  1.92453e-07
 Reference value :  1.92720e-07
 Reference value :  1.93008e-07
 Reference value :  1.93202e-07
 Reference value :  1.93522e-07
 Reference value :  1.93697e-07
 Reference value :  1.94017e-07
 Reference value :  1.94191e-07
 Reference value :  1.94532e-07
 Reference value :  1.94803e-07
 Reference value :  1.94999e-07
 Reference value :  1.95320e-07
 Reference value :  1.95515e-07
 Reference value :  1.95815e-07
 Reference value :  1.96009e-07
 Reference value :  1.96352e-07
 Reference value :  1.96624e-07
 Reference value :  1.96824e-07
 Reference value :  1.97138e-07
 Reference value :  1.97333e-07
 Reference value :  1.97690e-07
 Reference value :  1.97887e-07
 Reference value :  1.98175e-07
 Reference value :  1.98482e-07
 Reference value :  1.98642e-07
 Reference value :  1.98876e-07
 Reference value :  1.99083e-07
 Reference value :  1.99331e-07
 Reference value :  1.99529e-07
 Reference value :  1.99765e-07
 Reference value :  1.99988e-07
 Reference value :  2.00240e-07
 Reference value :  2.00448e-07
 Reference value :  2.00734e-07
 Reference value :  2.00949e-07
 Reference value :  2.01289e-07
 Reference value :  2.01483e-07
 Reference value :  2.01799e-07
 Reference value :  2.02058e-07
 Reference value :  2.02271e-07
 Reference value :  2.02592e-07
 Reference value :  2.02807e-07
 Reference value :  2.03127e-07
 Reference value :  2.03341e-07
 Reference value :  2.03628e-07
 Reference value :  2.03936e-07
 Reference value :  2.04130e-07
 Reference value :  2.04430e-07
 Reference value :  2.04551e-07
 Reference value :  2.04905e-07
 Reference value :  2.05119e-07
 Reference value :  2.05438e-07
 Reference value :  2.05614e-07
 Reference value :  2.05892e-07
 Reference value :  2.06148e-07
 Reference value :  2.06326e-07
 Reference value :  2.06543e-07
 Reference value :  2.06811e-07
 Reference value :  2.07077e-07
 Reference value :  2.07332e-07
 Reference value :  2.07672e-07
 Reference value :  2.07886e-07
 Reference value :  2.08162e-07
 Reference value :  2.08441e-07
 Reference value :  2.08655e-07
 Reference value :  2.08815e-07
 Reference value :  2.09089e-07
 Reference value :  2.09390e-07
 Reference value :  2.09584e-07
 Reference value :  2.09904e-07
 Reference value :  2.10116e-07
 Reference value :  2.10396e-07
 Reference value :  2.10613e-07
 Reference value :  2.10901e-07
 Reference value :  2.11228e-07
 Reference value :  2.11442e-07
 Reference value :  2.11702e-07
 Reference value :  2.11917e-07
 Reference value :  2.12217e-07
 Reference value :  2.12431e-07
 Reference value :  2.12714e-07
 Reference value :  2.12946e-07
 Reference value :  2.13186e-07
 Reference value :  2.13480e-07
 Reference value :  2.13715e-07
 Reference value :  2.14035e-07
 Reference value :  2.14269e-07
 Reference value :  2.14543e-07
 Reference value :  2.14884e-07
 Reference value :  2.15078e-07
 Reference value :  2.15434e-07
 Reference value :  2.15693e-07
 Reference value :  2.15903e-07
 Reference value :  2.16207e-07
 Reference value :  2.16402e-07
 Reference value :  2.16762e-07
 Reference value :  2.16936e-07
 Reference value :  2.17259e-07
 Reference value :  2.17551e-07
 Reference value :  2.17745e-07
 Reference value :  2.18085e-07
 Reference value :  2.18280e-07
 Reference value :  2.18597e-07
 Reference value :  2.18694e-07
 Reference value :  2.18914e-07
 Reference value :  2.19169e-07
 Reference value :  2.19489e-07
 Reference value :  2.19643e-07
 Reference value :  2.19823e-07
 Reference value :  2.19978e-07
 Reference value :  2.20198e-07
 Reference value :  2.20448e-07
 Reference value :  2.20692e-07
 Reference value :  2.20913e-07
 Reference value :  2.21047e-07
 Reference value :  2.21341e-07
 Reference value :  2.21561e-07
 Reference value :  2.21809e-07
 Reference value :  2.22076e-07
 Reference value :  2.22252e-07
 Reference value :  2.22390e-07
 Reference value :  2.22717e-07
 Reference value :  2.23005e-07
 Reference value :  2.23239e-07
 Reference value :  2.23519e-07
 Reference value :  2.23734e-07
 Reference value :  2.23954e-07
 Reference value :  2.24128e-07
 Reference value :  2.24468e-07
 Reference value :  2.24643e-07
 Reference value :  2.24843e-07
 Reference value :  2.25077e-07
 Reference value :  2.25415e-07
 Reference value :  2.25629e-07
 Reference value :  2.25890e-07
 Reference value :  2.26086e-07
 Reference value :  2.26324e-07
 Reference value :  2.26441e-07
 Reference value :  2.26661e-07
 Reference value :  2.26799e-07
 Reference value :  2.26975e-07
 Reference value :  2.27135e-07
 Reference value :  2.27350e-07
 Reference value :  2.27630e-07
 Reference value :  2.27804e-07
 Reference value :  2.28124e-07
 Reference value :  2.28219e-07
 Reference value :  2.28579e-07
 Reference value :  2.28773e-07
 Reference value :  2.29072e-07
 Reference value :  2.29268e-07
 Reference value :  2.29368e-07
 Reference value :  2.29562e-07
 Reference value :  2.29922e-07
 Reference value :  2.30177e-07
 Reference value :  2.30435e-07
 Reference value :  2.30671e-07
 Reference value :  2.30869e-07
 Reference value :  2.31106e-07
 Reference value :  2.31353e-07
 Reference value :  2.31620e-07
 Reference value :  2.31799e-07
 Reference value :  2.32075e-07
 Reference value :  2.32289e-07
 Reference value :  2.32429e-07
 Reference value :  2.32469e-07
 Reference value :  2.32629e-07
 Reference value :  2.32824e-07
 Reference value :  2.33064e-07
 Reference value :  2.33218e-07
 Reference value :  2.33378e-07
 Reference value :  2.33458e-07
 Reference value :  2.33614e-07
 Reference value :  2.33853e-07
 Reference value :  2.34083e-07
 Reference value :  2.34207e-07
 Reference value :  2.34447e-07
 Reference value :  2.34523e-07
 Reference value :  2.34530e-07
 Reference value :  2.34535e-07
 Reference value :  2.34562e-07
 Reference value :  2.34602e-07
 Reference value :  2.34642e-07
 Reference value :  2.34682e-07
 Reference value :  2.34722e-07
 Reference value :  2.34902e-07
 Reference value :  2.35002e-07
 Reference value :  2.35296e-07
 Reference value :  2.35446e-07
 Reference value :  2.35671e-07
 Reference value :  2.35904e-07
 Reference value :  2.36145e-07
 Reference value :  2.36305e-07
 Reference value :  2.36520e-07
 Reference value :  2.36660e-07
 Reference value :  2.36777e-07
 Reference value :  2.36810e-07
 Reference value :  2.36834e-07
 Reference value :  2.36874e-07
 Reference value :  2.36914e-07
 Reference value :  2.36954e-07
 Reference value :  2.36994e-07
 Reference value :  2.37054e-07
 Reference value :  2.37114e-07
 Reference value :  2.37261e-07
 Reference value :  2.37469e-07
 Reference value :  2.37716e-07
 Reference value :  2.37983e-07
 Reference value :  2.38166e-07
 Reference value :  2.38418e-07
 Reference value :  2.38613e-07
 Reference value :  2.38616e-07
 Reference value :  2.38626e-07
 Reference value :  2.38638e-07
 Reference value :  2.38672e-07
 Reference value :  2.38712e-07
 Reference value :  2.38752e-07
 Reference value :  2.38792e-07
 Reference value :  2.38832e-07
 Reference value :  2.38872e-07
 Reference value :  2.38932e-07
 Reference value :  2.39080e-07
 Reference value :  2.39267e-07
 Reference value :  2.39407e-07
 Reference value :  2.39561e-07
 Reference value :  2.39641e-07
 Reference value :  2.39681e-07
 Reference value :  2.39721e-07
 Reference value :  2.39761e-07
 Reference value :  2.39801e-07
 Reference value :  2.39861e-07
 Reference value :  2.39921e-07
 Reference value :  2.39976e-07
 Reference value :  2.39984e-07
 Reference value :  2.39995e-07
 Reference value :  2.40016e-07
 Reference value :  2.40056e-07
 Reference value :  2.40116e-07
 Reference value :  2.40176e-07
 Reference value :  2.40236e-07
 Reference value :  2.40296e-07
 Reference value :  2.40336e-07
 Reference value :  2.40376e-07
 Reference value :  2.40413e-07
 Reference value :  2.40432e-07
 Reference value :  2.40443e-07
 Reference value :  2.40570e-07
 Reference value :  2.40810e-07
 Reference value :  2.41025e-07
 Reference value :  2.41125e-07
 Reference value :  2.41165e-07
 Reference value :  2.41205e-07
 Reference value :  2.41245e-07
 Reference value :  2.41285e-07
 Reference value :  2.41322e-07
 Reference value :  2.41341e-07
 Reference value :  2.41358e-07
 Reference value :  2.41499e-07
 Reference value :  2.41802e-07
 Reference value :  2.42094e-07
 Reference value :  2.42274e-07
 Reference value :  2.42528e-07
 Reference value :  2.42588e-07
 Reference value :  2.42648e-07
 Reference value :  2.42686e-07
 Reference value :  2.42704e-07
 Reference value :  2.42715e-07
 Reference value :  2.42718e-07
 Reference value :  2.42743e-07
 Reference value :  2.42803e-07
 Reference value :  2.42963e-07
 Reference value :  2.43123e-07
 Reference value :  2.43317e-07
 Reference value :  2.43624e-07
 Reference value :  2.43792e-07
 Reference value :  2.43832e-07
 Reference value :  2.43872e-07
 Reference value :  2.43912e-07
 Reference value :  2.43952e-07
 Reference value :  2.43992e-07
 Reference value :  2.44032e-07
 Reference value :  2.44066e-07
 Reference value :  2.44075e-07
 Reference value :  2.44106e-07
 Reference value :  2.44226e-07
 Reference value :  2.44466e-07
 Reference value :  2.44581e-07
 Reference value :  2.44801e-07
 Reference value :  2.44841e-07
 Reference value :  2.44881e-07
 Reference value :  2.44921e-07
 Reference value :  2.44958e-07
 Reference value :  2.44977e-07
 Reference value :  2.44984e-07
 Reference value :  2.44991e-07
 Reference value :  2.45075e-07
 Reference value :  2.45255e-07
 Reference value :  2.45449e-07
 Reference value :  2.45690e-07
 Reference value :  2.45893e-07
 Reference value :  2.46064e-07
 Reference value :  2.46284e-07
 Reference value :  2.46419e-07
 Reference value :  2.46579e-07
 Reference value :  2.46639e-07
 Reference value :  2.46679e-07
 Reference value :  2.46719e-07
 Reference value :  2.46759e-07
 Reference value :  2.46793e-07
 Reference value :  2.46797e-07
 Reference value :  2.46807e-07
 Reference value :  2.46893e-07
 Reference value :  2.47231e-07
 Reference value :  2.47448e-07
 Reference value :  2.47715e-07
 Reference value :  2.48002e-07
 Reference value :  2.48183e-07
 Reference value :  2.48357e-07
 Reference value :  2.48624e-07
 Reference value :  2.48851e-07
 Reference value :  2.49092e-07
 Reference value :  2.49186e-07
 Reference value :  2.49226e-07
 Reference value :  2.49266e-07
 Reference value :  2.49306e-07
 Reference value :  2.49346e-07
 Reference value :  2.49386e-07
 Reference value :  2.49446e-07
 Reference value :  2.49522e-07
 Reference value :  2.49680e-07
 Reference value :  2.49979e-07
 Reference value :  2.50215e-07
 Reference value :  2.50448e-07
 Reference value :  2.50789e-07
 Reference value :  2.50884e-07
 Reference value :  2.50892e-07
 Reference value :  2.50897e-07
 Reference value :  2.50910e-07
 Reference value :  2.50944e-07
 Reference value :  2.50984e-07
 Reference value :  2.51024e-07
 Reference value :  2.51204e-07
 Reference value :  2.51418e-07
 Reference value :  2.51738e-07
 Reference value :  2.51953e-07
 Reference value :  2.52251e-07
 Reference value :  2.52287e-07
 Reference value :  2.52327e-07
 Reference value :  2.52367e-07
 Reference value :  2.52407e-07
 Reference value :  2.52507e-07
 Reference value :  2.52567e-07
 Reference value :  2.52607e-07
 Reference value :  2.52710e-07
 Reference value :  2.52842e-07
 Reference value :  2.53160e-07
 Reference value :  2.53356e-07
 Reference value :  2.53623e-07
 Reference value :  2.53851e-07
 Reference value :  2.53891e-07
 Reference value :  2.53931e-07
 Reference value :  2.53971e-07
 Reference value :  2.54011e-07
 Reference value :  2.54048e-07
 Reference value :  2.54067e-07
 Reference value :  2.54078e-07
 Reference value :  2.54205e-07
 Reference value :  2.54445e-07
 Reference value :  2.54660e-07
 Reference value :  2.54978e-07
 Reference value :  2.55214e-07
 Reference value :  2.55455e-07
 Reference value :  2.55529e-07
 Reference value :  2.55569e-07
 Reference value :  2.55609e-07
 Reference value :  2.55649e-07
 Reference value :  2.55689e-07
 Reference value :  2.55729e-07
 Reference value :  2.55769e-07
 Reference value :  2.55896e-07
 Reference value :  2.56123e-07
 Reference value :  2.56350e-07
 Reference value :  2.56518e-07
 Reference value :  2.56805e-07
 Reference value :  2.57052e-07
 Reference value :  2.57255e-07
 Reference value :  2.57266e-07
 Reference value :  2.57587e-07
 Reference value :  2.57715e-07
 Reference value :  2.57727e-07
 Reference value :  2.57761e-07
 Reference value :  2.57801e-07
 Reference value :  2.57861e-07
 Reference value :  2.57901e-07
 Reference value :  2.57941e-07
 Reference value :  2.57981e-07
 Reference value :  2.58061e-07
 Reference value :  2.58121e-07
 Reference value :  2.58316e-07
 Reference value :  2.58619e-07
 Reference value :  2.58790e-07
 Reference value :  2.58910e-07
 Reference value :  2.58970e-07
 Reference value :  2.59010e-07
 Reference value :  2.59048e-07
 Reference value :  2.59069e-07
 Reference value :  2.59078e-07
 Reference value :  2.59091e-07
 Reference value :  2.59125e-07
 Reference value :  2.59165e-07
 Reference value :  2.59485e-07
 Reference value :  2.59545e-07
 Reference value :  2.59579e-07
 Reference value :  2.59899e-07
 Reference value :  2.60114e-07
 Reference value :  2.60394e-07
 Reference value :  2.60430e-07
 Reference value :  2.60441e-07
 Reference value :  2.60447e-07
 Reference value :  2.60468e-07
 Reference value :  2.60508e-07
 Reference value :  2.60548e-07
 Reference value :  2.60588e-07
 Reference value :  2.60648e-07
 Reference value :  2.60688e-07
 Reference value :  2.60866e-07
 Reference value :  2.60983e-07
 Reference value :  2.61183e-07
 Reference value :  2.61303e-07
 Reference value :  2.61377e-07
 Reference value :  2.61437e-07
 Reference value :  2.61477e-07
 Reference value :  2.61757e-07
 Reference value :  2.61832e-07
 Reference value :  2.61952e-07
 Reference value :  2.62246e-07
 Reference value :  2.62426e-07
 Reference value :  2.62506e-07
 Reference value :  2.62546e-07
 Reference value :  2.62606e-07
 Reference value :  2.62646e-07
 Reference value :  2.62701e-07
 Reference value :  2.62709e-07
 Reference value :  2.62716e-07
 Reference value :  2.62741e-07
 Reference value :  2.62781e-07
 Reference value :  2.62841e-07
 Reference value :  2.62961e-07
 Reference value :  2.63174e-07
 Reference value :  2.63455e-07
 Reference value :  2.63610e-07
 Reference value :  2.63787e-07
 Reference value :  2.64068e-07
 Reference value :  2.64184e-07
 Reference value :  2.64404e-07
 Reference value :  2.64525e-07
 Reference value :  2.64532e-07
 Reference value :  2.64543e-07
 Reference value :  2.64576e-07
 Reference value :  2.64616e-07
 Reference value :  2.64656e-07
 Reference value :  2.64696e-07
 Reference value :  2.64776e-07
 Reference value :  2.64856e-07
 Reference value :  2.64936e-07
 Reference value :  2.65113e-07
 Reference value :  2.65428e-07
 Reference value :  2.65608e-07
 Reference value :  2.65828e-07
 Reference value :  2.66022e-07
 Reference value :  2.66345e-07
 Reference value :  2.66597e-07
 Reference value :  2.66657e-07
 Reference value :  2.66697e-07
 Reference value :  2.66737e-07
 Reference value :  2.66774e-07
 Reference value :  2.66793e-07
 Reference value :  2.66800e-07
 Reference value :  2.66807e-07
 Reference value :  2.66831e-07
 Reference value :  2.66871e-07
 Reference value :  2.66911e-07
 Reference value :  2.66951e-07
 Reference value :  2.66991e-07
 Reference value :  2.67051e-07
 Reference value :  2.67091e-07
 Reference value :  2.67131e-07
 Reference value :  2.67191e-07
 Reference value :  2.67247e-07
 Reference value :  2.67272e-07
 Reference value :  2.67426e-07
 Reference value :  2.67506e-07
 Reference value :  2.67702e-07
 Reference value :  2.67726e-07
 Reference value :  2.67780e-07
 Reference value :  2.67840e-07
 Reference value :  2.67880e-07
 Reference value :  2.67920e-07
 Reference value :  2.67960e-07
 Reference value :  2.68100e-07
 Reference value :  2.68170e-07
 Reference value :  2.68195e-07
 Reference value :  2.68235e-07
 Reference value :  2.68295e-07
 Reference value :  2.68355e-07
 Reference value :  2.68415e-07
 Reference value :  2.68475e-07
 Reference value :  2.68515e-07
 Reference value :  2.68555e-07
 Reference value :  2.68592e-07
 Reference value :  2.68611e-07
 Reference value :  2.68622e-07
 Reference value :  2.68628e-07
 Reference value :  2.68669e-07
 Reference value :  2.68709e-07
 Reference value :  2.68749e-07
 Reference value :  2.68789e-07
 Reference value :  2.68829e-07
 Reference value :  2.68869e-07
 Reference value :  2.68909e-07
 Reference value :  2.68949e-07
 Reference value :  2.68989e-07
 Reference value :  2.69029e-07
 Reference value :  2.69064e-07
 Reference value :  2.69072e-07
 Reference value :  2.69079e-07
 Reference value :  2.69104e-07
 Reference value :  2.69144e-07
 Reference value :  2.69204e-07
 Reference value :  2.69284e-07
 Reference value :  2.69364e-07
 Reference value :  2.69404e-07
 Reference value :  2.69444e-07
 Reference value :  2.69484e-07
 Reference value :  2.69519e-07
 Reference value :  2.69522e-07
 Reference value :  2.69531e-07
 Reference value :  2.69537e-07
 Reference value :  2.69558e-07
 Reference value :  2.69718e-07
 Reference value :  2.69977e-07
 Reference value :  2.70213e-07
 Reference value :  2.70436e-07
 Reference value :  2.70707e-07
 Reference value :  2.70807e-07
 Reference value :  2.70847e-07
 Reference value :  2.70882e-07
 Reference value :  2.70890e-07
 Reference value :  2.70895e-07
 Reference value :  2.70908e-07
 Reference value :  2.70942e-07
 Reference value :  2.70982e-07
 Reference value :  2.71022e-07
 Reference value :  2.71082e-07
 Reference value :  2.71122e-07
 Reference value :  2.71162e-07
 Reference value :  2.71202e-07
 Reference value :  2.71242e-07
 Reference value :  2.71282e-07
 Reference value :  2.71337e-07
 Reference value :  2.71355e-07
 Reference value :  2.71576e-07
 Reference value :  2.71795e-07
 Reference value :  2.71871e-07
 Reference value :  2.71931e-07
 Reference value :  2.71991e-07
 Reference value :  2.72031e-07
 Reference value :  2.72071e-07
 Reference value :  2.72111e-07
 Reference value :  2.72151e-07
 Reference value :  2.72191e-07
 Reference value :  2.72228e-07
 Reference value :  2.72247e-07
 Reference value :  2.72285e-07
 Reference value :  2.72545e-07
 Reference value :  2.72700e-07
 Reference value :  2.72708e-07
 Reference value :  2.72900e-07
 Reference value :  2.73040e-07
 Reference value :  2.73080e-07
 Reference value :  2.73120e-07
 Reference value :  2.73154e-07
 Reference value :  2.73163e-07
 Reference value :  2.73170e-07
 Reference value :  2.73194e-07
 Reference value :  2.73234e-07
 Reference value :  2.73374e-07
 Reference value :  2.73494e-07
 Reference value :  2.73574e-07
 Reference value :  2.73689e-07
 Reference value :  2.73889e-07
 Reference value :  2.73969e-07
 Reference value :  2.74009e-07
 Reference value :  2.74046e-07
 Reference value :  2.74067e-07
 Reference value :  2.74077e-07
 Reference value :  2.74089e-07
 Reference value :  2.74143e-07
 Reference value :  2.74183e-07
 Reference value :  2.74223e-07
 Reference value :  2.74263e-07
 Reference value :  2.74463e-07
 Reference value :  2.74658e-07
 Reference value :  2.74976e-07
 Reference value :  2.75192e-07
 Reference value :  2.75453e-07
 Reference value :  2.75807e-07
 Reference value :  2.75961e-07
 Reference value :  2.76061e-07
 Reference value :  2.76336e-07
 Reference value :  2.76596e-07
 Reference value :  2.76809e-07
 Reference value :  2.77130e-07
 Reference value :  2.77246e-07
 Reference value :  2.77258e-07
 Reference value :  2.77271e-07
 Reference value :  2.77305e-07
 Reference value :  2.77345e-07
 Reference value :  2.77385e-07
 Reference value :  2.77445e-07
 Reference value :  2.77485e-07
 Reference value :  2.77525e-07
 Reference value :  2.77682e-07
 Reference value :  2.77759e-07
 Reference value :  2.78099e-07
 Reference value :  2.78214e-07
 Reference value :  2.78434e-07
 Reference value :  2.78608e-07
 Reference value :  2.78708e-07
 Reference value :  2.78908e-07
 Reference value :  2.78968e-07
 Reference value :  2.79028e-07
 Reference value :  2.79064e-07
 Reference value :  2.79075e-07
 Reference value :  2.79082e-07
 Reference value :  2.79103e-07
 Reference value :  2.79143e-07
 Reference value :  2.79183e-07
 Reference value :  2.79243e-07
 Reference value :  2.79303e-07
 Reference value :  2.79343e-07
 Reference value :  2.79383e-07
 Reference value :  2.79423e-07
 Reference value :  2.79463e-07
 Reference value :  2.79500e-07
 Reference value :  2.79519e-07
 Reference value :  2.79530e-07
 Reference value :  2.79536e-07
 Reference value :  2.79577e-07
 Reference value :  2.79617e-07
 Reference value :  2.79657e-07
 Reference value :  2.79697e-07
 Reference value :  2.79737e-07
 Reference value :  2.79797e-07
 Reference value :  2.79857e-07
 Reference value :  2.79897e-07
 Reference value :  2.79937e-07
 Reference value :  2.79972e-07
 Reference value :  2.79980e-07
 Reference value :  2.79987e-07
 Reference value :  2.80012e-07
 Reference value :  2.80052e-07
 Reference value :  2.80112e-07
 Reference value :  2.80332e-07
 Reference value :  2.80526e-07
 Reference value :  2.80864e-07
 Reference value :  2.81001e-07
 Reference value :  2.81281e-07
 Reference value :  2.81475e-07
 Reference value :  2.81675e-07
 Reference value :  2.81735e-07
 Reference value :  2.81773e-07
 Reference value :  2.81794e-07
 Reference value :  2.81805e-07
 Reference value :  2.81830e-07
 Reference value :  2.81870e-07
 Reference value :  2.81970e-07
 Reference value :  2.82170e-07
 Reference value :  2.82364e-07
 Reference value :  2.82624e-07
 Reference value :  2.82899e-07
 Reference value :  2.83155e-07
 Reference value :  2.83253e-07
 Reference value :  2.83293e-07
 Reference value :  2.83333e-07
 Reference value :  2.83373e-07
 Reference value :  2.83413e-07
 Reference value :  2.83453e-07
 Reference value :  2.83513e-07
 Reference value :  2.83573e-07
 Reference value :  2.83609e-07
 Reference value :  2.83788e-07
 Reference value :  2.84075e-07
 Reference value :  2.84342e-07
 Reference value :  2.84543e-07
 Reference value :  2.84857e-07
 Reference value :  2.84917e-07
 Reference value :  2.84954e-07
 Reference value :  2.84973e-07
 Reference value :  2.84984e-07
 Reference value :  2.84990e-07
 Reference value :  2.85011e-07
 Reference value :  2.85051e-07
 Reference value :  2.85091e-07
 Reference value :  2.85211e-07
 Reference value :  2.85445e-07
 Reference value :  2.85766e-07
 Reference value :  2.85896e-07
 Reference value :  2.86040e-07
 Reference value :  2.86200e-07
 Reference value :  2.86318e-07
 Reference value :  2.86336e-07
 Reference value :  2.86395e-07
 Reference value :  2.86595e-07
 Reference value :  2.86789e-07
 Reference value :  2.86889e-07
 Reference value :  2.86929e-07
 Reference value :  2.87009e-07
 Reference value :  2.87244e-07
 Reference value :  2.87484e-07
 Reference value :  2.87717e-07
 Reference value :  2.87998e-07
 Reference value :  2.88179e-07
 Reference value :  2.88293e-07
 Reference value :  2.88353e-07
 Reference value :  2.88413e-07
 Reference value :  2.88453e-07
 Reference value :  2.88493e-07
 Reference value :  2.88533e-07
 Reference value :  2.88590e-07
 Reference value :  2.88626e-07
 Reference value :  2.88887e-07
 Reference value :  2.89102e-07
 Reference value :  2.89462e-07
 Reference value :  2.89676e-07
 Reference value :  2.89972e-07
 Reference value :  2.90151e-07
 Reference value :  2.90191e-07
 Reference value :  2.90251e-07
 Reference value :  2.90291e-07
 Reference value :  2.90331e-07
 Reference value :  2.90371e-07
 Reference value :  2.90408e-07
 Reference value :  2.90427e-07
 Reference value :  2.90438e-07
 Reference value :  2.90451e-07
 Reference value :  2.90645e-07
 Reference value :  2.90825e-07
 Reference value :  2.90892e-07
 Reference value :  2.90906e-07
 Reference value :  2.90940e-07
 Reference value :  2.91000e-07
 Reference value :  2.91040e-07
 Reference value :  2.91100e-07
 Reference value :  2.91140e-07
 Reference value :  2.91200e-07
 Reference value :  2.91240e-07
 Reference value :  2.91280e-07
 Reference value :  2.91317e-07
 Reference value :  2.91343e-07
 Reference value :  2.91454e-07
 Reference value :  2.91772e-07
 Reference value :  2.92009e-07
 Reference value :  2.92109e-07
 Reference value :  2.92149e-07
 Reference value :  2.92189e-07
 Reference value :  2.92243e-07
 Reference value :  2.92252e-07
 Reference value :  2.92262e-07
 Reference value :  2.92303e-07
 Reference value :  2.92343e-07
 Reference value :  2.92383e-07
 Reference value :  2.92523e-07
 Reference value :  2.92710e-07
 Reference value :  2.92717e-07
 Reference value :  2.92798e-07
 Reference value :  2.93038e-07
 Reference value :  2.93165e-07
 Reference value :  2.93232e-07
 Reference value :  2.93572e-07
 Reference value :  2.93622e-07
 Reference value :  2.93687e-07
 Reference value :  2.93727e-07
 Reference value :  2.93787e-07
 Reference value :  2.93827e-07
 Reference value :  2.93867e-07
 Reference value :  2.93907e-07
 Reference value :  2.93947e-07
 Reference value :  2.93987e-07
 Reference value :  2.94044e-07
 Reference value :  2.94063e-07
 Reference value :  2.94074e-07
 Reference value :  2.94261e-07
 Reference value :  2.94321e-07
 Reference value :  2.94381e-07
 Reference value :  2.94441e-07
 Reference value :  2.94499e-07
 Reference value :  2.94522e-07
 Reference value :  2.94531e-07
 Reference value :  2.94540e-07
 Reference value :  2.94573e-07
 Reference value :  2.94613e-07
 Reference value :  2.94653e-07
 Reference value :  2.94733e-07
 Reference value :  2.94853e-07
 Reference value :  2.95010e-07
 Reference value :  2.95290e-07
 Reference value :  2.95482e-07
 Reference value :  2.95802e-07
 Reference value :  2.95939e-07
 Reference value :  2.95979e-07
 Reference value :  2.96019e-07
 Reference value :  2.96059e-07
 Reference value :  2.96099e-07
 Reference value :  2.96139e-07
 Reference value :  2.96179e-07
 Reference value :  2.96239e-07
 Reference value :  2.96335e-07
 Reference value :  2.96434e-07
 Reference value :  2.96654e-07
 Reference value :  2.96848e-07
 Reference value :  2.97028e-07
 Reference value :  2.97255e-07
 Reference value :  2.97269e-07
 Reference value :  2.97303e-07
 Reference value :  2.97343e-07
 Reference value :  2.97383e-07
 Reference value :  2.97423e-07
 Reference value :  2.97483e-07
 Reference value :  2.97543e-07
 Reference value :  2.97698e-07
 Reference value :  2.97877e-07
 Reference value :  2.98037e-07
 Reference value :  2.98171e-07
 Reference value :  2.98512e-07
 Reference value :  2.98625e-07
 Reference value :  2.98746e-07
 Reference value :  2.98926e-07
 Reference value :  2.99069e-07
 Reference value :  2.99321e-07
 Reference value :  2.99529e-07
 Reference value :  2.99815e-07
 Reference value :  2.99983e-07
No. of Data Rows : 19790
sim/harness: analysis complete
Note: Simulation executed from .control section 
Note: Starting dynamic gmin stepping
Note: Dynamic gmin stepping completed
