
Note: Compatibility modes selected: hs a


Circuit: ** sch_path: /home/ubuntu/loom-workspaces/sky130-pll/.loom/worktrees/issue-129/sim/divider/testbench/tb_divider.sch

option SCALE: Scale is set to 1e-06 for instance and model parameters
option SCALE: Scale is set to 1e-06 for instance and model parameters
option SCALE: Scale is set to 1e-06 for instance and model parameters
option SCALE: Scale is set to 1e-06 for instance and model parameters
Doing analysis at TEMP = 27.000000 and TNOM = 27.000000

Using KLU as Direct Linear Solver
 Reference value :  0.00000e+00
 Reference value :  1.37300e-10
 Reference value :  4.62625e-10
 Reference value :  5.94125e-10
 Reference value :  8.34125e-10
 Reference value :  1.04862e-09
 Reference value :  1.36725e-09
 Reference value :  1.58312e-09
 Reference value :  1.72312e-09
 Reference value :  1.91762e-09
 Reference value :  2.27375e-09
 Reference value :  2.49212e-09
 Reference value :  2.74562e-09
 Reference value :  3.04662e-09
 Reference value :  3.30112e-09
 Reference value :  3.63600e-09
 Reference value :  3.85563e-09
 Reference value :  4.11612e-09
 Reference value :  4.43013e-09
 Reference value :  4.66463e-09
 Reference value :  4.99955e-09
 Reference value :  5.09542e-09
 Reference value :  5.43542e-09
 Reference value :  5.67363e-09
 Reference value :  5.92713e-09
 Reference value :  6.00200e-09
 Reference value :  6.29000e-09
 Reference value :  6.48263e-09
 Reference value :  6.81875e-09
 Reference value :  7.01713e-09
 Reference value :  7.28450e-09
 Reference value :  7.51163e-09
 Reference value :  7.70906e-09
 Reference value :  7.72775e-09
 Reference value :  7.88612e-09
 Reference value :  8.18100e-09
 Reference value :  8.19437e-09
 Reference value :  8.40062e-09
 Reference value :  8.61806e-09
 Reference value :  8.73513e-09
 Reference value :  8.91512e-09
 Reference value :  9.14962e-09
 Reference value :  9.44962e-09
 Reference value :  9.68413e-09
 Reference value :  1.00071e-08
 Reference value :  1.02586e-08
 Reference value :  1.04669e-08
 Reference value :  1.07331e-08
 Reference value :  1.09876e-08
 Reference value :  1.13076e-08
 Reference value :  1.15221e-08
 Reference value :  1.18182e-08
 Reference value :  1.20566e-08
 Reference value :  1.22866e-08
 Reference value :  1.25311e-08
 Reference value :  1.27656e-08
 Reference value :  1.30856e-08
 Reference value :  1.33001e-08
 Reference value :  1.36350e-08
 Reference value :  1.38146e-08
 Reference value :  1.40976e-08
 Reference value :  1.43491e-08
 Reference value :  1.44691e-08
 Reference value :  1.46836e-08
 Reference value :  1.49636e-08
 Reference value :  1.50241e-08
 Reference value :  1.53381e-08
 Reference value :  1.55526e-08
 Reference value :  1.58901e-08
 Reference value :  1.61271e-08
 Reference value :  1.63745e-08
 Reference value :  1.66616e-08
 Reference value :  1.68316e-08
 Reference value :  1.71561e-08
 Reference value :  1.73683e-08
 Reference value :  1.76683e-08
 Reference value :  1.78851e-08
 Reference value :  1.81881e-08
 Reference value :  1.84596e-08
 Reference value :  1.86601e-08
 Reference value :  1.89741e-08
 Reference value :  1.91463e-08
 Reference value :  1.93663e-08
 Reference value :  1.95472e-08
 Reference value :  1.96631e-08
 Reference value :  1.99031e-08
 Reference value :  2.00236e-08
 Reference value :  2.03176e-08
 Reference value :  2.04537e-08
 Reference value :  2.06921e-08
 Reference value :  2.09219e-08
 Reference value :  2.12043e-08
 Reference value :  2.13043e-08
 Reference value :  2.15211e-08
 Reference value :  2.18294e-08
 Reference value :  2.20356e-08
 Reference value :  2.22717e-08
 Reference value :  2.24901e-08
 Reference value :  2.27399e-08
 Reference value :  2.30423e-08
 Reference value :  2.32391e-08
 Reference value :  2.35791e-08
 Reference value :  2.37736e-08
 Reference value :  2.40922e-08
 Reference value :  2.43081e-08
 Reference value :  2.45611e-08
 Reference value :  2.48403e-08
 Reference value :  2.50371e-08
 Reference value :  2.53771e-08
 Reference value :  2.56116e-08
 Reference value :  2.59065e-08
 Reference value :  2.61061e-08
 Reference value :  2.63743e-08
 Reference value :  2.66583e-08
 Reference value :  2.68751e-08
 Reference value :  2.72151e-08
 Reference value :  2.74496e-08
 Reference value :  2.77370e-08
 Reference value :  2.79441e-08
 Reference value :  2.81041e-08
 Reference value :  2.82963e-08
 Reference value :  2.85963e-08
 Reference value :  2.87931e-08
 Reference value :  2.90917e-08
 Reference value :  2.93676e-08
 Reference value :  2.95821e-08
 Reference value :  2.99021e-08
 Reference value :  3.00966e-08
 Reference value :  3.03966e-08
 Reference value :  3.05911e-08
 Reference value :  3.09141e-08
 Reference value :  3.11656e-08
 Reference value :  3.14001e-08
 Reference value :  3.17201e-08
 Reference value :  3.18746e-08
 Reference value :  3.20346e-08
 Reference value :  3.22820e-08
 Reference value :  3.25691e-08
 Reference value :  3.28036e-08
 Reference value :  3.31436e-08
 Reference value :  3.33381e-08
 Reference value :  3.36463e-08
 Reference value :  3.39703e-08
 Reference value :  3.41671e-08
 Reference value :  3.44871e-08
 Reference value :  3.47216e-08
 Reference value :  3.50003e-08
 Reference value :  3.52561e-08
 Reference value :  3.54766e-08
 Reference value :  3.58106e-08
 Reference value :  3.60051e-08
 Reference value :  3.63426e-08
 Reference value :  3.65196e-08
 Reference value :  3.68157e-08
 Reference value :  3.70741e-08
 Reference value :  3.71741e-08
 Reference value :  3.74263e-08
 Reference value :  3.77235e-08
 Reference value :  3.79431e-08
 Reference value :  3.81861e-08
 Reference value :  3.84776e-08
 Reference value :  3.86721e-08
 Reference value :  3.90121e-08
 Reference value :  3.92266e-08
 Reference value :  3.95415e-08
 Reference value :  3.97611e-08
 Reference value :  4.00094e-08
 Reference value :  4.02756e-08
 Reference value :  4.04901e-08
 Reference value :  4.08101e-08
 Reference value :  4.10623e-08
 Reference value :  4.13595e-08
 Reference value :  4.15191e-08
 Reference value :  4.16991e-08
 Reference value :  4.18153e-08
 Reference value :  4.20336e-08
 Reference value :  4.22819e-08
 Reference value :  4.25481e-08
 Reference value :  4.28026e-08
 Reference value :  4.30026e-08
 Reference value :  4.31813e-08
 Reference value :  4.32971e-08
 Reference value :  4.34771e-08
 Reference value :  4.36454e-08
 Reference value :  4.36716e-08
 Reference value :  4.37916e-08
 Reference value :  4.38716e-08
 Reference value :  4.40990e-08
 Reference value :  4.43261e-08
 Reference value :  4.45666e-08
 Reference value :  4.47406e-08
 Reference value :  4.49206e-08
 Reference value :  4.51151e-08
 Reference value :  4.53951e-08
 Reference value :  4.56273e-08
 Reference value :  4.59083e-08
 Reference value :  4.60641e-08
 Reference value :  4.61841e-08
 Reference value :  4.64386e-08
 Reference value :  4.67961e-08
 Reference value :  4.69531e-08
 Reference value :  4.72692e-08
 Reference value :  4.74076e-08
 Reference value :  4.77051e-08
 Reference value :  4.79021e-08
 Reference value :  4.81921e-08
 Reference value :  4.85166e-08
 Reference value :  4.87311e-08
 Reference value :  4.88311e-08
 Reference value :  4.90686e-08
 Reference value :  4.93033e-08
 Reference value :  4.95405e-08
 Reference value :  4.97801e-08
 Reference value :  5.00346e-08
 Reference value :  5.03746e-08
 Reference value :  5.05891e-08
 Reference value :  5.08866e-08
 Reference value :  5.10836e-08
 Reference value :  5.13585e-08
 Reference value :  5.15381e-08
 Reference value :  5.18255e-08
 Reference value :  5.21126e-08
 Reference value :  5.23071e-08
 Reference value :  5.26071e-08
 Reference value :  5.28393e-08
 Reference value :  5.31193e-08
 Reference value :  5.33161e-08
 Reference value :  5.36323e-08
 Reference value :  5.38706e-08
 Reference value :  5.41111e-08
 Reference value :  5.44051e-08
 Reference value :  5.46196e-08
 Reference value :  5.49396e-08
 Reference value :  5.51741e-08
 Reference value :  5.54615e-08
 Reference value :  5.57686e-08
 Reference value :  5.59831e-08
 Reference value :  5.63031e-08
 Reference value :  5.65353e-08
 Reference value :  5.67753e-08
 Reference value :  5.69521e-08
 Reference value :  5.72121e-08
 Reference value :  5.73466e-08
 Reference value :  5.76866e-08
 Reference value :  5.79011e-08
 Reference value :  5.81911e-08
 Reference value :  5.84756e-08
 Reference value :  5.86701e-08
 Reference value :  5.89901e-08
 Reference value :  5.92046e-08
 Reference value :  5.95046e-08
 Reference value :  5.97391e-08
 Reference value :  6.00074e-08
 Reference value :  6.03136e-08
 Reference value :  6.05081e-08
 Reference value :  6.08081e-08
 Reference value :  6.10226e-08
 Reference value :  6.13401e-08
 Reference value :  6.15771e-08
 Reference value :  6.18245e-08
 Reference value :  6.21116e-08
 Reference value :  6.23261e-08
 Reference value :  6.26461e-08
 Reference value :  6.28606e-08
 Reference value :  6.31206e-08
 Reference value :  6.31906e-08
 Reference value :  6.33151e-08
 Reference value :  6.35351e-08
 Reference value :  6.36451e-08
 Reference value :  6.38496e-08
 Reference value :  6.39696e-08
 Reference value :  6.40096e-08
 Reference value :  6.40496e-08
 Reference value :  6.40845e-08
 Reference value :  6.40926e-08
 Reference value :  6.42041e-08
 Reference value :  6.42441e-08
 Reference value :  6.42841e-08
 Reference value :  6.43241e-08
 Reference value :  6.43641e-08
 Reference value :  6.44641e-08
 Reference value :  6.45041e-08
 Reference value :  6.45390e-08
 Reference value :  6.45427e-08
 Reference value :  6.45515e-08
 Reference value :  6.45576e-08
 Reference value :  6.45986e-08
 Reference value :  6.47386e-08
 Reference value :  6.48586e-08
 Reference value :  6.50331e-08
 Reference value :  6.53731e-08
 Reference value :  6.55876e-08
 Reference value :  6.59037e-08
 Reference value :  6.61021e-08
 Reference value :  6.63751e-08
 Reference value :  6.66743e-08
 Reference value :  6.68511e-08
 Reference value :  6.72111e-08
 Reference value :  6.74256e-08
 Reference value :  6.77286e-08
 Reference value :  6.79601e-08
 Reference value :  6.81901e-08
 Reference value :  6.82746e-08
 Reference value :  6.86121e-08
 Reference value :  6.88491e-08
 Reference value :  6.90991e-08
 Reference value :  6.94236e-08
 Reference value :  6.95981e-08
 Reference value :  6.99381e-08
 Reference value :  7.01526e-08
 Reference value :  7.04512e-08
 Reference value :  7.07071e-08
 Reference value :  7.09416e-08
 Reference value :  7.12616e-08
 Reference value :  7.14561e-08
 Reference value :  7.17936e-08
 Reference value :  7.20106e-08
 Reference value :  7.22789e-08
 Reference value :  7.25451e-08
 Reference value :  7.27796e-08
 Reference value :  7.31196e-08
 Reference value :  7.33141e-08
 Reference value :  7.36310e-08
 Reference value :  7.38263e-08
 Reference value :  7.40872e-08
 Reference value :  7.43231e-08
 Reference value :  7.45753e-08
 Reference value :  7.49353e-08
 Reference value :  7.51121e-08
 Reference value :  7.54296e-08
 Reference value :  7.56266e-08
 Reference value :  7.59027e-08
 Reference value :  7.61211e-08
 Reference value :  7.62011e-08
 Reference value :  7.64356e-08
 Reference value :  7.67156e-08
 Reference value :  7.68501e-08
 Reference value :  7.70301e-08
 Reference value :  7.71701e-08
 Reference value :  7.73046e-08
 Reference value :  7.75246e-08
 Reference value :  7.77381e-08
 Reference value :  7.80791e-08
 Reference value :  7.83336e-08
 Reference value :  7.86297e-08
 Reference value :  7.88881e-08
 Reference value :  7.91086e-08
 Reference value :  7.94226e-08
 Reference value :  7.96171e-08
 Reference value :  7.99371e-08
 Reference value :  8.01516e-08
 Reference value :  8.04502e-08
 Reference value :  8.07061e-08
 Reference value :  8.09266e-08
 Reference value :  8.12606e-08
 Reference value :  8.14351e-08
 Reference value :  8.17751e-08
 Reference value :  8.19673e-08
 Reference value :  8.22657e-08
 Reference value :  8.25241e-08
 Reference value :  8.27586e-08
 Reference value :  8.30986e-08
 Reference value :  8.33131e-08
 Reference value :  8.36106e-08
 Reference value :  8.37476e-08
 Reference value :  8.40825e-08
 Reference value :  8.43221e-08
 Reference value :  8.45556e-08
 Reference value :  8.48766e-08
 Reference value :  8.50049e-08
 Reference value :  8.52711e-08
 Reference value :  8.54646e-08
 Reference value :  8.57856e-08
 Reference value :  8.59261e-08
 Reference value :  8.62201e-08
 Reference value :  8.64746e-08
 Reference value :  8.67746e-08
 Reference value :  8.69891e-08
 Reference value :  8.72640e-08
 Reference value :  8.75036e-08
 Reference value :  8.77319e-08
 Reference value :  8.80381e-08
 Reference value :  8.81986e-08
 Reference value :  8.85126e-08
 Reference value :  8.87271e-08
 Reference value :  8.88871e-08
 Reference value :  8.91216e-08
 Reference value :  8.93016e-08
 Reference value :  8.95516e-08
 Reference value :  8.98361e-08
 Reference value :  9.00883e-08
 Reference value :  9.04269e-08
 Reference value :  9.06251e-08
 Reference value :  9.09081e-08
 Reference value :  9.11196e-08
 Reference value :  9.13679e-08
 Reference value :  9.16341e-08
 Reference value :  9.18686e-08
 Reference value :  9.22086e-08
 Reference value :  9.23831e-08
 Reference value :  9.27006e-08
 Reference value :  9.29176e-08
 Reference value :  9.31850e-08
 Reference value :  9.32121e-08
 Reference value :  9.35721e-08
 Reference value :  9.38066e-08
 Reference value :  9.40896e-08
 Reference value :  9.43411e-08
 Reference value :  9.45546e-08
 Reference value :  9.48956e-08
 Reference value :  9.50901e-08
 Reference value :  9.54462e-08
 Reference value :  9.56646e-08
 Reference value :  9.59076e-08
 Reference value :  9.61591e-08
 Reference value :  9.63726e-08
 Reference value :  9.66536e-08
 Reference value :  9.68271e-08
 Reference value :  9.70481e-08
 Reference value :  9.73003e-08
 Reference value :  9.76203e-08
 Reference value :  9.78371e-08
 Reference value :  9.81371e-08
 Reference value :  9.83516e-08
 Reference value :  9.86091e-08
 Reference value :  9.88261e-08
 Reference value :  9.90944e-08
 Reference value :  9.93806e-08
 Reference value :  9.96151e-08
 Reference value :  9.99151e-08
 Reference value :  1.00130e-07
 Reference value :  1.00444e-07
 Reference value :  1.00684e-07
 Reference value :  1.00925e-07
 Reference value :  1.01239e-07
 Reference value :  1.01453e-07
 Reference value :  1.01791e-07
 Reference value :  1.02028e-07
 Reference value :  1.02275e-07
 Reference value :  1.02342e-07
 Reference value :  1.02642e-07
 Reference value :  1.02877e-07
 Reference value :  1.03175e-07
 Reference value :  1.03411e-07
 Reference value :  1.03666e-07
 Reference value :  1.03726e-07
 Reference value :  1.03906e-07
 Reference value :  1.04082e-07
 Reference value :  1.04200e-07
 Reference value :  1.04420e-07
 Reference value :  1.04550e-07
 Reference value :  1.04675e-07
 Reference value :  1.04715e-07
 Reference value :  1.04935e-07
 Reference value :  1.05029e-07
 Reference value :  1.05149e-07
 Reference value :  1.05249e-07
 Reference value :  1.05446e-07
 Reference value :  1.05462e-07
 Reference value :  1.05561e-07
 Reference value :  1.05899e-07
 Reference value :  1.06038e-07
 Reference value :  1.06318e-07
 Reference value :  1.06533e-07
 Reference value :  1.06816e-07
 Reference value :  1.07067e-07
 Reference value :  1.07342e-07
 Reference value :  1.07662e-07
 Reference value :  1.07876e-07
 Reference value :  1.08056e-07
 Reference value :  1.08184e-07
 Reference value :  1.08371e-07
 Reference value :  1.08571e-07
 Reference value :  1.08685e-07
 Reference value :  1.08785e-07
 Reference value :  1.09088e-07
 Reference value :  1.09380e-07
 Reference value :  1.09560e-07
 Reference value :  1.09834e-07
 Reference value :  1.10049e-07
 Reference value :  1.10369e-07
 Reference value :  1.10583e-07
 Reference value :  1.10899e-07
 Reference value :  1.11018e-07
 Reference value :  1.11058e-07
 Reference value :  1.11118e-07
 Reference value :  1.11298e-07
 Reference value :  1.11492e-07
 Reference value :  1.11808e-07
 Reference value :  1.12027e-07
 Reference value :  1.12277e-07
 Reference value :  1.12561e-07
 Reference value :  1.12833e-07
 Reference value :  1.13073e-07
 Reference value :  1.13210e-07
 Reference value :  1.13470e-07
 Reference value :  1.13590e-07
 Reference value :  1.13705e-07
 Reference value :  1.13945e-07
 Reference value :  1.14092e-07
 Reference value :  1.14259e-07
 Reference value :  1.14419e-07
 Reference value :  1.14546e-07
 Reference value :  1.14814e-07
 Reference value :  1.15028e-07
 Reference value :  1.15348e-07
 Reference value :  1.15563e-07
 Reference value :  1.15763e-07
 Reference value :  1.15957e-07
 Reference value :  1.16335e-07
 Reference value :  1.16512e-07
 Reference value :  1.16815e-07
 Reference value :  1.17046e-07
 Reference value :  1.17276e-07
 Reference value :  1.17601e-07
 Reference value :  1.17795e-07
 Reference value :  1.18170e-07
 Reference value :  1.18390e-07
 Reference value :  1.18640e-07
 Reference value :  1.18904e-07
 Reference value :  1.19091e-07
 Reference value :  1.19239e-07
 Reference value :  1.19439e-07
 Reference value :  1.19549e-07
 Reference value :  1.19713e-07
 Reference value :  1.19933e-07
 Reference value :  1.20048e-07
 Reference value :  1.20388e-07
 Reference value :  1.20602e-07
 Reference value :  1.20702e-07
 Reference value :  1.20923e-07
 Reference value :  1.21217e-07
 Reference value :  1.21431e-07
 Reference value :  1.21751e-07
 Reference value :  1.21986e-07
 Reference value :  1.22273e-07
 Reference value :  1.22540e-07
 Reference value :  1.22775e-07
 Reference value :  1.23075e-07
 Reference value :  1.23309e-07
 Reference value :  1.23489e-07
 Reference value :  1.23744e-07
 Reference value :  1.24061e-07
 Reference value :  1.24298e-07
 Reference value :  1.24559e-07
 Reference value :  1.24873e-07
 Reference value :  1.25087e-07
 Reference value :  1.25387e-07
 Reference value :  1.25622e-07
 Reference value :  1.25900e-07
 Reference value :  1.26136e-07
 Reference value :  1.26276e-07
 Reference value :  1.26391e-07
 Reference value :  1.26611e-07
 Reference value :  1.26788e-07
 Reference value :  1.26905e-07
 Reference value :  1.27125e-07
 Reference value :  1.27275e-07
 Reference value :  1.27320e-07
 Reference value :  1.27600e-07
 Reference value :  1.27834e-07
 Reference value :  1.28152e-07
 Reference value :  1.28329e-07
 Reference value :  1.28449e-07
 Reference value :  1.28663e-07
 Reference value :  1.28943e-07
 Reference value :  1.29138e-07
 Reference value :  1.29498e-07
 Reference value :  1.29692e-07
 Reference value :  1.29995e-07
 Reference value :  1.30267e-07
 Reference value :  1.30455e-07
 Reference value :  1.30581e-07
 Reference value :  1.30896e-07
 Reference value :  1.31136e-07
 Reference value :  1.31364e-07
 Reference value :  1.31670e-07
 Reference value :  1.31902e-07
 Reference value :  1.32241e-07
 Reference value :  1.32439e-07
 Reference value :  1.32720e-07
 Reference value :  1.32931e-07
 Reference value :  1.33131e-07
 Reference value :  1.33228e-07
 Reference value :  1.33328e-07
 Reference value :  1.33448e-07
 Reference value :  1.33636e-07
 Reference value :  1.33723e-07
 Reference value :  1.33903e-07
 Reference value :  1.34103e-07
 Reference value :  1.34437e-07
 Reference value :  1.34652e-07
 Reference value :  1.34712e-07
 Reference value :  1.34987e-07
 Reference value :  1.35226e-07
 Reference value :  1.35456e-07
 Reference value :  1.35781e-07
 Reference value :  1.35995e-07
 Reference value :  1.36295e-07
 Reference value :  1.36530e-07
 Reference value :  1.36806e-07
 Reference value :  1.37064e-07
 Reference value :  1.37319e-07
 Reference value :  1.37659e-07
 Reference value :  1.37853e-07
 Reference value :  1.38169e-07
 Reference value :  1.38428e-07
 Reference value :  1.38638e-07
 Reference value :  1.38982e-07
 Reference value :  1.39197e-07
 Reference value :  1.39533e-07
 Reference value :  1.39711e-07
 Reference value :  1.39994e-07
 Reference value :  1.40286e-07
 Reference value :  1.40466e-07
 Reference value :  1.40800e-07
 Reference value :  1.41015e-07
 Reference value :  1.41332e-07
 Reference value :  1.41529e-07
 Reference value :  1.41812e-07
 Reference value :  1.42044e-07
 Reference value :  1.42267e-07
 Reference value :  1.42478e-07
 Reference value :  1.42725e-07
 Reference value :  1.43033e-07
 Reference value :  1.43227e-07
 Reference value :  1.43547e-07
 Reference value :  1.43722e-07
 Reference value :  1.44042e-07
 Reference value :  1.44156e-07
 Reference value :  1.44456e-07
 Reference value :  1.44651e-07
 Reference value :  1.44985e-07
 Reference value :  1.45205e-07
 Reference value :  1.45453e-07
 Reference value :  1.45720e-07
 Reference value :  1.45877e-07
 Reference value :  1.45920e-07
 Reference value :  1.46114e-07
 Reference value :  1.46357e-07
 Reference value :  1.46509e-07
 Reference value :  1.46729e-07
 Reference value :  1.46819e-07
 Reference value :  1.46943e-07
 Reference value :  1.47043e-07
 Reference value :  1.47282e-07
 Reference value :  1.47615e-07
 Reference value :  1.47772e-07
 Reference value :  1.47892e-07
 Reference value :  1.48150e-07
 Reference value :  1.48204e-07
 Reference value :  1.48564e-07
 Reference value :  1.48761e-07
 Reference value :  1.49089e-07
 Reference value :  1.49356e-07
 Reference value :  1.49570e-07
 Reference value :  1.49810e-07
 Reference value :  1.50025e-07
 Reference value :  1.50305e-07
 Reference value :  1.50465e-07
 Reference value :  1.50559e-07
 Reference value :  1.50898e-07
 Reference value :  1.51154e-07
 Reference value :  1.51364e-07
 Reference value :  1.51648e-07
 Reference value :  1.51843e-07
 Reference value :  1.52163e-07
 Reference value :  1.52357e-07
 Reference value :  1.52713e-07
 Reference value :  1.52972e-07
 Reference value :  1.53185e-07
 Reference value :  1.53506e-07
 Reference value :  1.53701e-07
 Reference value :  1.54041e-07
 Reference value :  1.54235e-07
 Reference value :  1.54543e-07
 Reference value :  1.54810e-07
 Reference value :  1.55000e-07
 Reference value :  1.55304e-07
 Reference value :  1.55465e-07
 Reference value :  1.55799e-07
 Reference value :  1.55973e-07
 Reference value :  1.56331e-07
 Reference value :  1.56568e-07
 Reference value :  1.56816e-07
 Reference value :  1.57102e-07
 Reference value :  1.57297e-07
 Reference value :  1.57577e-07
 Reference value :  1.57751e-07
 Reference value :  1.58111e-07
 Reference value :  1.58346e-07
 Reference value :  1.58624e-07
 Reference value :  1.58880e-07
 Reference value :  1.59090e-07
 Reference value :  1.59355e-07
 Reference value :  1.59495e-07
 Reference value :  1.59569e-07
 Reference value :  1.59769e-07
 Reference value :  1.60010e-07
 Reference value :  1.60364e-07
 Reference value :  1.60538e-07
 Reference value :  1.60876e-07
 Reference value :  1.61073e-07
 Reference value :  1.61349e-07
 Reference value :  1.61587e-07
 Reference value :  1.61821e-07
 Reference value :  1.62162e-07
 Reference value :  1.62336e-07
 Reference value :  1.62656e-07
 Reference value :  1.62868e-07
 Reference value :  1.63028e-07
 Reference value :  1.63165e-07
 Reference value :  1.63305e-07
 Reference value :  1.63525e-07
 Reference value :  1.63677e-07
 Reference value :  1.63797e-07
 Reference value :  1.64017e-07
 Reference value :  1.64114e-07
 Reference value :  1.64274e-07
 Reference value :  1.64530e-07
 Reference value :  1.64555e-07
 Reference value :  1.64849e-07
 Reference value :  1.64996e-07
 Reference value :  1.65063e-07
 Reference value :  1.65383e-07
 Reference value :  1.65598e-07
 Reference value :  1.65896e-07
 Reference value :  1.65992e-07
 Reference value :  1.66112e-07
 Reference value :  1.66355e-07
 Reference value :  1.66607e-07
 Reference value :  1.66817e-07
 Reference value :  1.67121e-07
 Reference value :  1.67257e-07
 Reference value :  1.67496e-07
 Reference value :  1.67710e-07
 Reference value :  1.67719e-07
 Reference value :  1.67890e-07
 Reference value :  1.68090e-07
 Reference value :  1.68180e-07
 Reference value :  1.68325e-07
 Reference value :  1.68505e-07
 Reference value :  1.68628e-07
 Reference value :  1.68699e-07
 Reference value :  1.68879e-07
 Reference value :  1.69134e-07
 Reference value :  1.69474e-07
 Reference value :  1.69648e-07
 Reference value :  1.69888e-07
 Reference value :  1.70009e-07
 Reference value :  1.70363e-07
 Reference value :  1.70537e-07
 Reference value :  1.70777e-07
 Reference value :  1.70918e-07
 Reference value :  1.71152e-07
 Reference value :  1.71212e-07
 Reference value :  1.71359e-07
 Reference value :  1.71526e-07
 Reference value :  1.71706e-07
 Reference value :  1.71766e-07
 Reference value :  1.71816e-07
 Reference value :  1.72001e-07
 Reference value :  1.72061e-07
 Reference value :  1.72101e-07
 Reference value :  1.72141e-07
 Reference value :  1.72181e-07
 Reference value :  1.72221e-07
 Reference value :  1.72264e-07
 Reference value :  1.72269e-07
 Reference value :  1.72274e-07
 Reference value :  1.72295e-07
 Reference value :  1.72335e-07
 Reference value :  1.72375e-07
 Reference value :  1.72435e-07
 Reference value :  1.72475e-07
 Reference value :  1.72515e-07
 Reference value :  1.72575e-07
 Reference value :  1.72736e-07
 Reference value :  1.72830e-07
 Reference value :  1.73147e-07
 Reference value :  1.73264e-07
 Reference value :  1.73620e-07
 Reference value :  1.73859e-07
 Reference value :  1.74092e-07
 Reference value :  1.74393e-07
 Reference value :  1.74568e-07
 Reference value :  1.74828e-07
 Reference value :  1.74982e-07
 Reference value :  1.75102e-07
 Reference value :  1.75282e-07
 Reference value :  1.75438e-07
 Reference value :  1.75537e-07
 Reference value :  1.75697e-07
 Reference value :  1.75874e-07
 Reference value :  1.75991e-07
 Reference value :  1.76329e-07
 Reference value :  1.76526e-07
 Reference value :  1.76800e-07
 Reference value :  1.76840e-07
 Reference value :  1.77200e-07
 Reference value :  1.77415e-07
 Reference value :  1.77718e-07
 Reference value :  1.77989e-07
 Reference value :  1.78183e-07
 Reference value :  1.78524e-07
 Reference value :  1.78698e-07
 Reference value :  1.78978e-07
 Reference value :  1.79210e-07
 Reference value :  1.79531e-07
 Reference value :  1.79787e-07
 Reference value :  1.80008e-07
 Reference value :  1.80322e-07
 Reference value :  1.80516e-07
 Reference value :  1.80874e-07
 Reference value :  1.81091e-07
 Reference value :  1.81358e-07
 Reference value :  1.81625e-07
 Reference value :  1.81826e-07
 Reference value :  1.82160e-07
 Reference value :  1.82354e-07
 Reference value :  1.82692e-07
 Reference value :  1.82909e-07
 Reference value :  1.83177e-07
 Reference value :  1.83463e-07
 Reference value :  1.83678e-07
 Reference value :  1.84018e-07
 Reference value :  1.84212e-07
 Reference value :  1.84539e-07
 Reference value :  1.84807e-07
 Reference value :  1.85021e-07
 Reference value :  1.85361e-07
 Reference value :  1.85556e-07
 Reference value :  1.85892e-07
 Reference value :  1.86130e-07
 Reference value :  1.86385e-07
 Reference value :  1.86705e-07
 Reference value :  1.86919e-07
 Reference value :  1.87254e-07
 Reference value :  1.87454e-07
 Reference value :  1.87717e-07
 Reference value :  1.87948e-07
 Reference value :  1.88189e-07
 Reference value :  1.88503e-07
 Reference value :  1.88677e-07
 Reference value :  1.88997e-07
 Reference value :  1.89212e-07
 Reference value :  1.89509e-07
 Reference value :  1.89686e-07
 Reference value :  1.89993e-07
 Reference value :  1.90261e-07
 Reference value :  1.90495e-07
 Reference value :  1.90755e-07
 Reference value :  1.90905e-07
 Reference value :  1.90930e-07
 Reference value :  1.91130e-07
 Reference value :  1.91170e-07
 Reference value :  1.91210e-07
 Reference value :  1.91250e-07
 Reference value :  1.91290e-07
 Reference value :  1.91353e-07
 Reference value :  1.91604e-07
 Reference value :  1.91839e-07
 Reference value :  1.92179e-07
 Reference value :  1.92373e-07
 Reference value :  1.92593e-07
 Reference value :  1.92788e-07
 Reference value :  1.93128e-07
 Reference value :  1.93342e-07
 Reference value :  1.93621e-07
 Reference value :  1.93857e-07
 Reference value :  1.93957e-07
 Reference value :  1.94171e-07
 Reference value :  1.94509e-07
 Reference value :  1.94663e-07
 Reference value :  1.94943e-07
 Reference value :  1.95140e-07
 Reference value :  1.95436e-07
 Reference value :  1.95635e-07
 Reference value :  1.95902e-07
 Reference value :  1.96169e-07
 Reference value :  1.96424e-07
 Reference value :  1.96764e-07
 Reference value :  1.96938e-07
 Reference value :  1.97236e-07
 Reference value :  1.97433e-07
 Reference value :  1.97716e-07
 Reference value :  1.97967e-07
 Reference value :  1.98222e-07
 Reference value :  1.98522e-07
 Reference value :  1.98736e-07
 Reference value :  1.99054e-07
 Reference value :  1.99271e-07
 Reference value :  1.99538e-07
 Reference value :  1.99805e-07
 Reference value :  2.00060e-07
 Reference value :  2.00400e-07
 Reference value :  2.00614e-07
 Reference value :  2.00889e-07
 Reference value :  2.01109e-07
 Reference value :  2.01356e-07
 Reference value :  2.01583e-07
 Reference value :  2.01838e-07
 Reference value :  2.02138e-07
 Reference value :  2.02352e-07
 Reference value :  2.02672e-07
 Reference value :  2.02867e-07
 Reference value :  2.03165e-07
 Reference value :  2.03381e-07
 Reference value :  2.03642e-07
 Reference value :  2.03976e-07
 Reference value :  2.04170e-07
 Reference value :  2.04490e-07
 Reference value :  2.04685e-07
 Reference value :  2.04983e-07
 Reference value :  2.05239e-07
 Reference value :  2.05494e-07
 Reference value :  2.05834e-07
 Reference value :  2.06048e-07
 Reference value :  2.06344e-07
 Reference value :  2.06583e-07
 Reference value :  2.06816e-07
 Reference value :  2.07137e-07
 Reference value :  2.07392e-07
 Reference value :  2.07689e-07
 Reference value :  2.07906e-07
 Reference value :  2.08169e-07
 Reference value :  2.08461e-07
 Reference value :  2.08675e-07
 Reference value :  2.09015e-07
 Reference value :  2.09250e-07
 Reference value :  2.09526e-07
 Reference value :  2.09764e-07
 Reference value :  2.09994e-07
 Reference value :  2.10236e-07
 Reference value :  2.10452e-07
 Reference value :  2.10753e-07
 Reference value :  2.10871e-07
 Reference value :  2.10968e-07
 Reference value :  2.11228e-07
 Reference value :  2.11351e-07
 Reference value :  2.11502e-07
 Reference value :  2.11602e-07
 Reference value :  2.11642e-07
 Reference value :  2.11798e-07
 Reference value :  2.11977e-07
 Reference value :  2.12097e-07
 Reference value :  2.12234e-07
 Reference value :  2.12351e-07
 Reference value :  2.12571e-07
 Reference value :  2.12725e-07
 Reference value :  2.12766e-07
 Reference value :  2.13066e-07
 Reference value :  2.13260e-07
 Reference value :  2.13598e-07
 Reference value :  2.13775e-07
 Reference value :  2.13855e-07
 Reference value :  2.14085e-07
 Reference value :  2.14409e-07
 Reference value :  2.14664e-07
 Reference value :  2.14804e-07
 Reference value :  2.14992e-07
 Reference value :  2.15278e-07
 Reference value :  2.15533e-07
 Reference value :  2.15853e-07
 Reference value :  2.16067e-07
 Reference value :  2.16350e-07
 Reference value :  2.16622e-07
 Reference value :  2.16836e-07
 Reference value :  2.17156e-07
 Reference value :  2.17391e-07
 Reference value :  2.17705e-07
 Reference value :  2.17925e-07
 Reference value :  2.18179e-07
 Reference value :  2.18460e-07
 Reference value :  2.18674e-07
 Reference value :  2.19014e-07
 Reference value :  2.19269e-07
 Reference value :  2.19532e-07
 Reference value :  2.19783e-07
 Reference value :  2.19993e-07
 Reference value :  2.20318e-07
 Reference value :  2.20532e-07
 Reference value :  2.20870e-07
 Reference value :  2.21127e-07
 Reference value :  2.21357e-07
 Reference value :  2.21661e-07
 Reference value :  2.21876e-07
 Reference value :  2.22216e-07
 Reference value :  2.22410e-07
 Reference value :  2.22590e-07
 Reference value :  2.22845e-07
 Reference value :  2.23159e-07
 Reference value :  2.23379e-07
 Reference value :  2.23622e-07
 Reference value :  2.23914e-07
 Reference value :  2.24128e-07
 Reference value :  2.24468e-07
 Reference value :  2.24703e-07
 Reference value :  2.24981e-07
 Reference value :  2.25237e-07
 Reference value :  2.25445e-07
 Reference value :  2.25669e-07
 Reference value :  2.25902e-07
 Reference value :  2.26106e-07
 Reference value :  2.26342e-07
 Reference value :  2.26501e-07
 Reference value :  2.26761e-07
 Reference value :  2.26855e-07
 Reference value :  2.27095e-07
 Reference value :  2.27258e-07
 Reference value :  2.27265e-07
 Reference value :  2.27430e-07
 Reference value :  2.27713e-07
 Reference value :  2.27984e-07
 Reference value :  2.28142e-07
 Reference value :  2.28399e-07
 Reference value :  2.28626e-07
 Reference value :  2.28913e-07
 Reference value :  2.29128e-07
 Reference value :  2.29468e-07
 Reference value :  2.29682e-07
 Reference value :  2.29990e-07
 Reference value :  2.30317e-07
 Reference value :  2.30511e-07
 Reference value :  2.30831e-07
 Reference value :  2.31026e-07
 Reference value :  2.31186e-07
 Reference value :  2.31359e-07
 Reference value :  2.31720e-07
 Reference value :  2.31975e-07
 Reference value :  2.32258e-07
 Reference value :  2.32329e-07
 Reference value :  2.32609e-07
 Reference value :  2.32824e-07
 Reference value :  2.33104e-07
 Reference value :  2.33238e-07
 Reference value :  2.33578e-07
 Reference value :  2.33773e-07
 Reference value :  2.34050e-07
 Reference value :  2.34227e-07
 Reference value :  2.34505e-07
 Reference value :  2.34682e-07
 Reference value :  2.34959e-07
 Reference value :  2.35156e-07
 Reference value :  2.35276e-07
 Reference value :  2.35356e-07
 Reference value :  2.35446e-07
 Reference value :  2.35651e-07
 Reference value :  2.35885e-07
 Reference value :  2.36005e-07
 Reference value :  2.36205e-07
 Reference value :  2.36305e-07
 Reference value :  2.36359e-07
 Reference value :  2.36580e-07
 Reference value :  2.36807e-07
 Reference value :  2.36854e-07
 Reference value :  2.37232e-07
 Reference value :  2.37429e-07
 Reference value :  2.37529e-07
 Reference value :  2.37722e-07
 Reference value :  2.38083e-07
 Reference value :  2.38318e-07
 Reference value :  2.38621e-07
 Reference value :  2.38872e-07
 Reference value :  2.39093e-07
 Reference value :  2.39427e-07
 Reference value :  2.39641e-07
 Reference value :  2.39980e-07
 Reference value :  2.40216e-07
 Reference value :  2.40443e-07
 Reference value :  2.40690e-07
 Reference value :  2.40925e-07
 Reference value :  2.41245e-07
 Reference value :  2.41459e-07
 Reference value :  2.41798e-07
 Reference value :  2.42054e-07
 Reference value :  2.42257e-07
 Reference value :  2.42448e-07
 Reference value :  2.42703e-07
 Reference value :  2.42923e-07
 Reference value :  2.43171e-07
 Reference value :  2.43357e-07
 Reference value :  2.43631e-07
 Reference value :  2.43972e-07
 Reference value :  2.44166e-07
 Reference value :  2.44504e-07
 Reference value :  2.44701e-07
 Reference value :  2.44984e-07
 Reference value :  2.45055e-07
 Reference value :  2.45430e-07
 Reference value :  2.45670e-07
 Reference value :  2.45897e-07
 Reference value :  2.46164e-07
 Reference value :  2.46354e-07
 Reference value :  2.46619e-07
 Reference value :  2.46812e-07
 Reference value :  2.47153e-07
 Reference value :  2.47252e-07
 Reference value :  2.47488e-07
 Reference value :  2.47721e-07
 Reference value :  2.47962e-07
 Reference value :  2.48197e-07
 Reference value :  2.48477e-07
 Reference value :  2.48691e-07
 Reference value :  2.49066e-07
 Reference value :  2.49306e-07
 Reference value :  2.49539e-07
 Reference value :  2.49840e-07
 Reference value :  2.50055e-07
 Reference value :  2.50375e-07
 Reference value :  2.50549e-07
 Reference value :  2.50884e-07
 Reference value :  2.51124e-07
 Reference value :  2.51357e-07
 Reference value :  2.51538e-07
 Reference value :  2.51805e-07
 Reference value :  2.52093e-07
 Reference value :  2.52307e-07
 Reference value :  2.52647e-07
 Reference value :  2.52882e-07
 Reference value :  2.53160e-07
 Reference value :  2.53376e-07
 Reference value :  2.53626e-07
 Reference value :  2.53931e-07
 Reference value :  2.54145e-07
 Reference value :  2.54503e-07
 Reference value :  2.54740e-07
 Reference value :  2.54990e-07
 Reference value :  2.55234e-07
 Reference value :  2.55469e-07
 Reference value :  2.55769e-07
 Reference value :  2.55963e-07
 Reference value :  2.56283e-07
 Reference value :  2.56518e-07
 Reference value :  2.56805e-07
 Reference value :  2.57032e-07
 Reference value :  2.57266e-07
 Reference value :  2.57547e-07
 Reference value :  2.57741e-07
 Reference value :  2.58061e-07
 Reference value :  2.58168e-07
 Reference value :  2.58416e-07
 Reference value :  2.58629e-07
 Reference value :  2.58950e-07
 Reference value :  2.59145e-07
 Reference value :  2.59305e-07
 Reference value :  2.59485e-07
 Reference value :  2.59599e-07
 Reference value :  2.59819e-07
 Reference value :  2.59986e-07
 Reference value :  2.60174e-07
 Reference value :  2.60294e-07
 Reference value :  2.60441e-07
 Reference value :  2.60548e-07
 Reference value :  2.60891e-07
 Reference value :  2.61163e-07
 Reference value :  2.61397e-07
 Reference value :  2.61677e-07
 Reference value :  2.61717e-07
 Reference value :  2.61892e-07
 Reference value :  2.62246e-07
 Reference value :  2.62386e-07
 Reference value :  2.62705e-07
 Reference value :  2.62981e-07
 Reference value :  2.63174e-07
 Reference value :  2.63475e-07
 Reference value :  2.63622e-07
 Reference value :  2.63887e-07
 Reference value :  2.64090e-07
 Reference value :  2.64404e-07
 Reference value :  2.64656e-07
 Reference value :  2.64955e-07
 Reference value :  2.65173e-07
 Reference value :  2.65411e-07
 Reference value :  2.65454e-07
 Reference value :  2.65768e-07
 Reference value :  2.65982e-07
 Reference value :  2.66337e-07
 Reference value :  2.66597e-07
 Reference value :  2.66810e-07
 Reference value :  2.67111e-07
 Reference value :  2.67346e-07
 Reference value :  2.67626e-07
 Reference value :  2.67820e-07
 Reference value :  2.68156e-07
 Reference value :  2.68395e-07
 Reference value :  2.68628e-07
 Reference value :  2.68909e-07
 Reference value :  2.69124e-07
 Reference value :  2.69444e-07
 Reference value :  2.69658e-07
 Reference value :  2.69977e-07
 Reference value :  2.70253e-07
 Reference value :  2.70487e-07
 Reference value :  2.70807e-07
 Reference value :  2.70922e-07
 Reference value :  2.71242e-07
 Reference value :  2.71456e-07
 Reference value :  2.71792e-07
 Reference value :  2.72051e-07
 Reference value :  2.72261e-07
 Reference value :  2.72565e-07
 Reference value :  2.72740e-07
 Reference value :  2.73080e-07
 Reference value :  2.73294e-07
 Reference value :  2.73613e-07
 Reference value :  2.73869e-07
 Reference value :  2.74082e-07
 Reference value :  2.74403e-07
 Reference value :  2.74598e-07
 Reference value :  2.74698e-07
 Reference value :  2.74981e-07
 Reference value :  2.74998e-07
 Reference value :  2.75032e-07
 Reference value :  2.75292e-07
 Reference value :  2.75547e-07
 Reference value :  2.75864e-07
 Reference value :  2.76101e-07
 Reference value :  2.76351e-07
 Reference value :  2.76576e-07
 Reference value :  2.76809e-07
 Reference value :  2.77090e-07
 Reference value :  2.77345e-07
 Reference value :  2.77665e-07
 Reference value :  2.77879e-07
 Reference value :  2.78162e-07
 Reference value :  2.78394e-07
 Reference value :  2.78622e-07
 Reference value :  2.78888e-07
 Reference value :  2.79123e-07
 Reference value :  2.79443e-07
 Reference value :  2.79657e-07
 Reference value :  2.79972e-07
 Reference value :  2.80172e-07
 Reference value :  2.80435e-07
 Reference value :  2.80606e-07
 Reference value :  2.80882e-07
 Reference value :  2.81021e-07
 Reference value :  2.81318e-07
 Reference value :  2.81415e-07
 Reference value :  2.81635e-07
 Reference value :  2.81802e-07
 Reference value :  2.81990e-07
 Reference value :  2.82070e-07
 Reference value :  2.82110e-07
 Reference value :  2.82150e-07
 Reference value :  2.82210e-07
 Reference value :  2.82246e-07
 Reference value :  2.82257e-07
 Reference value :  2.82260e-07
 Reference value :  2.82284e-07
 Reference value :  2.82324e-07
 Reference value :  2.82404e-07
 Reference value :  2.82444e-07
 Reference value :  2.82504e-07
 Reference value :  2.82604e-07
 Reference value :  2.82664e-07
 Reference value :  2.82700e-07
 Reference value :  2.82711e-07
 Reference value :  2.82859e-07
 Reference value :  2.83155e-07
 Reference value :  2.83373e-07
 Reference value :  2.83620e-07
 Reference value :  2.83868e-07
 Reference value :  2.84081e-07
 Reference value :  2.84362e-07
 Reference value :  2.84577e-07
 Reference value :  2.84937e-07
 Reference value :  2.85131e-07
 Reference value :  2.85439e-07
 Reference value :  2.85726e-07
 Reference value :  2.85920e-07
 Reference value :  2.86220e-07
 Reference value :  2.86435e-07
 Reference value :  2.86755e-07
 Reference value :  2.86949e-07
 Reference value :  2.87256e-07
 Reference value :  2.87524e-07
 Reference value :  2.87738e-07
 Reference value :  2.88018e-07
 Reference value :  2.88233e-07
 Reference value :  2.88590e-07
 Reference value :  2.88827e-07
 Reference value :  2.89088e-07
 Reference value :  2.89202e-07
 Reference value :  2.89242e-07
 Reference value :  2.89382e-07
 Reference value :  2.89532e-07
 Reference value :  2.89696e-07
 Reference value :  2.89896e-07
 Reference value :  2.90031e-07
 Reference value :  2.90251e-07
 Reference value :  2.90427e-07
 Reference value :  2.90465e-07
 Reference value :  2.90805e-07
 Reference value :  2.91020e-07
 Reference value :  2.91338e-07
 Reference value :  2.91574e-07
 Reference value :  2.91797e-07
 Reference value :  2.91929e-07
 Reference value :  2.92247e-07
 Reference value :  2.92483e-07
 Reference value :  2.92738e-07
 Reference value :  2.93098e-07
 Reference value :  2.93272e-07
 Reference value :  2.93352e-07
 Reference value :  2.93620e-07
 Reference value :  2.93907e-07
 Reference value :  2.94080e-07
 Reference value :  2.94441e-07
 Reference value :  2.94693e-07
 Reference value :  2.94974e-07
 Reference value :  2.95170e-07
 Reference value :  2.95408e-07
 Reference value :  2.95662e-07
 Reference value :  2.95892e-07
 Reference value :  2.95999e-07
 Reference value :  2.96317e-07
 Reference value :  2.96514e-07
 Reference value :  2.96789e-07
 Reference value :  2.96988e-07
 Reference value :  2.97251e-07
 Reference value :  2.97503e-07
 Reference value :  2.97716e-07
 Reference value :  2.98037e-07
 Reference value :  2.98292e-07
 Reference value :  2.98607e-07
 Reference value :  2.98826e-07
 Reference value :  2.99076e-07
 Reference value :  2.99381e-07
 Reference value :  2.99615e-07
 Reference value :  2.99970e-07
No. of Data Rows : 19790
sim/harness: analysis complete
Note: Simulation executed from .control section 
