
Note: Compatibility modes selected: hs a


Circuit: ** sch_path: /home/ubuntu/loom-workspaces/sky130-pll/.loom/worktrees/issue-129/sim/divider/testbench/tb_divider.sch

option SCALE: Scale is set to 1e-06 for instance and model parameters
option SCALE: Scale is set to 1e-06 for instance and model parameters
option SCALE: Scale is set to 1e-06 for instance and model parameters
option SCALE: Scale is set to 1e-06 for instance and model parameters
Doing analysis at TEMP = 27.000000 and TNOM = 27.000000

Using KLU as Direct Linear Solver
 Reference value :  0.00000e+00
 Reference value :  1.37300e-10
 Reference value :  4.55750e-10
 Reference value :  6.74125e-10
 Reference value :  9.27625e-10
 Reference value :  1.24862e-09
 Reference value :  1.48312e-09
 Reference value :  1.81925e-09
 Reference value :  2.03762e-09
 Reference value :  2.17762e-09
 Reference value :  2.28588e-09
 Reference value :  2.43212e-09
 Reference value :  2.72825e-09
 Reference value :  2.80662e-09
 Reference value :  3.04662e-09
 Reference value :  3.19662e-09
 Reference value :  3.38112e-09
 Reference value :  3.58112e-09
 Reference value :  3.69563e-09
 Reference value :  4.05563e-09
 Reference value :  4.23013e-09
 Reference value :  4.35013e-09
 Reference value :  4.57062e-09
 Reference value :  4.90463e-09
 Reference value :  5.00003e-09
 Reference value :  5.17542e-09
 Reference value :  5.47263e-09
 Reference value :  5.75363e-09
 Reference value :  5.93412e-09
 Reference value :  6.21000e-09
 Reference value :  6.46263e-09
 Reference value :  6.78263e-09
 Reference value :  6.97713e-09
 Reference value :  7.23713e-09
 Reference value :  7.43163e-09
 Reference value :  7.69162e-09
 Reference value :  7.86612e-09
 Reference value :  8.18912e-09
 Reference value :  8.42062e-09
 Reference value :  8.64888e-09
 Reference value :  8.91512e-09
 Reference value :  9.11562e-09
 Reference value :  9.44962e-09
 Reference value :  9.66413e-09
 Reference value :  1.00002e-08
 Reference value :  1.01986e-08
 Reference value :  1.03586e-08
 Reference value :  1.05331e-08
 Reference value :  1.08906e-08
 Reference value :  1.11076e-08
 Reference value :  1.13662e-08
 Reference value :  1.15821e-08
 Reference value :  1.18321e-08
 Reference value :  1.21366e-08
 Reference value :  1.23111e-08
 Reference value :  1.26311e-08
 Reference value :  1.28456e-08
 Reference value :  1.31456e-08
 Reference value :  1.33401e-08
 Reference value :  1.36001e-08
 Reference value :  1.37946e-08
 Reference value :  1.40546e-08
 Reference value :  1.42491e-08
 Reference value :  1.45565e-08
 Reference value :  1.48036e-08
 Reference value :  1.50171e-08
 Reference value :  1.52781e-08
 Reference value :  1.55326e-08
 Reference value :  1.58326e-08
 Reference value :  1.60471e-08
 Reference value :  1.63701e-08
 Reference value :  1.65816e-08
 Reference value :  1.68290e-08
 Reference value :  1.70561e-08
 Reference value :  1.73083e-08
 Reference value :  1.76083e-08
 Reference value :  1.78051e-08
 Reference value :  1.81800e-08
 Reference value :  1.83596e-08
 Reference value :  1.86426e-08
 Reference value :  1.88541e-08
 Reference value :  1.91263e-08
 Reference value :  1.94063e-08
 Reference value :  1.96231e-08
 Reference value :  1.99806e-08
 Reference value :  2.01576e-08
 Reference value :  2.04562e-08
 Reference value :  2.06521e-08
 Reference value :  2.09195e-08
 Reference value :  2.11443e-08
 Reference value :  2.11843e-08
 Reference value :  2.13749e-08
 Reference value :  2.16611e-08
 Reference value :  2.18956e-08
 Reference value :  2.21756e-08
 Reference value :  2.23901e-08
 Reference value :  2.27076e-08
 Reference value :  2.29223e-08
 Reference value :  2.31833e-08
 Reference value :  2.34191e-08
 Reference value :  2.36596e-08
 Reference value :  2.39536e-08
 Reference value :  2.41481e-08
 Reference value :  2.43881e-08
 Reference value :  2.46403e-08
 Reference value :  2.49203e-08
 Reference value :  2.51171e-08
 Reference value :  2.53371e-08
 Reference value :  2.54654e-08
 Reference value :  2.57516e-08
 Reference value :  2.59321e-08
 Reference value :  2.62261e-08
 Reference value :  2.64583e-08
 Reference value :  2.67783e-08
 Reference value :  2.69751e-08
 Reference value :  2.72526e-08
 Reference value :  2.73496e-08
 Reference value :  2.75496e-08
 Reference value :  2.77431e-08
 Reference value :  2.80041e-08
 Reference value :  2.82163e-08
 Reference value :  2.82563e-08
 Reference value :  2.85363e-08
 Reference value :  2.87131e-08
 Reference value :  2.90706e-08
 Reference value :  2.92876e-08
 Reference value :  2.95437e-08
 Reference value :  2.97621e-08
 Reference value :  3.00008e-08
 Reference value :  3.02566e-08
 Reference value :  3.04649e-08
 Reference value :  3.04911e-08
 Reference value :  3.07911e-08
 Reference value :  3.09856e-08
 Reference value :  3.13056e-08
 Reference value :  3.15001e-08
 Reference value :  3.17976e-08
 Reference value :  3.19746e-08
 Reference value :  3.22829e-08
 Reference value :  3.25691e-08
 Reference value :  3.28236e-08
 Reference value :  3.31436e-08
 Reference value :  3.33381e-08
 Reference value :  3.36463e-08
 Reference value :  3.39103e-08
 Reference value :  3.41271e-08
 Reference value :  3.44271e-08
 Reference value :  3.46616e-08
 Reference value :  3.49616e-08
 Reference value :  3.51561e-08
 Reference value :  3.54644e-08
 Reference value :  3.57306e-08
 Reference value :  3.59451e-08
 Reference value :  3.62251e-08
 Reference value :  3.64196e-08
 Reference value :  3.67196e-08
 Reference value :  3.69141e-08
 Reference value :  3.72710e-08
 Reference value :  3.75063e-08
 Reference value :  3.77386e-08
 Reference value :  3.79431e-08
 Reference value :  3.81966e-08
 Reference value :  3.84576e-08
 Reference value :  3.86721e-08
 Reference value :  3.90321e-08
 Reference value :  3.92066e-08
 Reference value :  3.95066e-08
 Reference value :  3.97011e-08
 Reference value :  3.99972e-08
 Reference value :  4.01956e-08
 Reference value :  4.03956e-08
 Reference value :  4.05301e-08
 Reference value :  4.07901e-08
 Reference value :  4.09423e-08
 Reference value :  4.11823e-08
 Reference value :  4.13633e-08
 Reference value :  4.14991e-08
 Reference value :  4.15991e-08
 Reference value :  4.18265e-08
 Reference value :  4.20936e-08
 Reference value :  4.23081e-08
 Reference value :  4.26281e-08
 Reference value :  4.28426e-08
 Reference value :  4.30826e-08
 Reference value :  4.32971e-08
 Reference value :  4.35571e-08
 Reference value :  4.37716e-08
 Reference value :  4.40691e-08
 Reference value :  4.41051e-08
 Reference value :  4.43061e-08
 Reference value :  4.45561e-08
 Reference value :  4.48606e-08
 Reference value :  4.50551e-08
 Reference value :  4.53351e-08
 Reference value :  4.56073e-08
 Reference value :  4.59058e-08
 Reference value :  4.61241e-08
 Reference value :  4.63741e-08
 Reference value :  4.66786e-08
 Reference value :  4.68731e-08
 Reference value :  4.71531e-08
 Reference value :  4.73676e-08
 Reference value :  4.76676e-08
 Reference value :  4.78621e-08
 Reference value :  4.81807e-08
 Reference value :  4.84366e-08
 Reference value :  4.86501e-08
 Reference value :  4.89311e-08
 Reference value :  4.91433e-08
 Reference value :  4.94633e-08
 Reference value :  4.96801e-08
 Reference value :  4.99963e-08
 Reference value :  5.02346e-08
 Reference value :  5.04646e-08
 Reference value :  5.07291e-08
 Reference value :  5.09226e-08
 Reference value :  5.11236e-08
 Reference value :  5.13710e-08
 Reference value :  5.15981e-08
 Reference value :  5.18526e-08
 Reference value :  5.20526e-08
 Reference value :  5.22712e-08
 Reference value :  5.24471e-08
 Reference value :  5.27240e-08
 Reference value :  5.29593e-08
 Reference value :  5.31916e-08
 Reference value :  5.34361e-08
 Reference value :  5.36906e-08
 Reference value :  5.40106e-08
 Reference value :  5.42251e-08
 Reference value :  5.45400e-08
 Reference value :  5.47196e-08
 Reference value :  5.50079e-08
 Reference value :  5.53141e-08
 Reference value :  5.54676e-08
 Reference value :  5.57686e-08
 Reference value :  5.59631e-08
 Reference value :  5.63031e-08
 Reference value :  5.65353e-08
 Reference value :  5.68163e-08
 Reference value :  5.70121e-08
 Reference value :  5.72821e-08
 Reference value :  5.75466e-08
 Reference value :  5.77471e-08
 Reference value :  5.79811e-08
 Reference value :  5.82156e-08
 Reference value :  5.85356e-08
 Reference value :  5.87301e-08
 Reference value :  5.90301e-08
 Reference value :  5.92046e-08
 Reference value :  5.95046e-08
 Reference value :  5.97191e-08
 Reference value :  6.00065e-08
 Reference value :  6.00736e-08
 Reference value :  6.03736e-08
 Reference value :  6.05681e-08
 Reference value :  6.08681e-08
 Reference value :  6.10826e-08
 Reference value :  6.11826e-08
 Reference value :  6.13761e-08
 Reference value :  6.16971e-08
 Reference value :  6.19116e-08
 Reference value :  6.22316e-08
 Reference value :  6.24061e-08
 Reference value :  6.26861e-08
 Reference value :  6.29006e-08
 Reference value :  6.31755e-08
 Reference value :  6.33751e-08
 Reference value :  6.36434e-08
 Reference value :  6.39096e-08
 Reference value :  6.41101e-08
 Reference value :  6.44041e-08
 Reference value :  6.46186e-08
 Reference value :  6.49386e-08
 Reference value :  6.51531e-08
 Reference value :  6.54561e-08
 Reference value :  6.57076e-08
 Reference value :  6.59176e-08
 Reference value :  6.61821e-08
 Reference value :  6.63815e-08
 Reference value :  6.66943e-08
 Reference value :  6.68911e-08
 Reference value :  6.72111e-08
 Reference value :  6.74256e-08
 Reference value :  6.77205e-08
 Reference value :  6.79201e-08
 Reference value :  6.81875e-08
 Reference value :  6.84546e-08
 Reference value :  6.86551e-08
 Reference value :  6.89491e-08
 Reference value :  6.91436e-08
 Reference value :  6.94436e-08
 Reference value :  6.95981e-08
 Reference value :  6.97381e-08
 Reference value :  7.00064e-08
 Reference value :  7.02926e-08
 Reference value :  7.04871e-08
 Reference value :  7.08271e-08
 Reference value :  7.10216e-08
 Reference value :  7.13565e-08
 Reference value :  7.15361e-08
 Reference value :  7.18244e-08
 Reference value :  7.20706e-08
 Reference value :  7.22841e-08
 Reference value :  7.26051e-08
 Reference value :  7.28196e-08
 Reference value :  7.31396e-08
 Reference value :  7.33341e-08
 Reference value :  7.36290e-08
 Reference value :  7.38063e-08
 Reference value :  7.40872e-08
 Reference value :  7.43231e-08
 Reference value :  7.45625e-08
 Reference value :  7.48753e-08
 Reference value :  7.50521e-08
 Reference value :  7.53321e-08
 Reference value :  7.55266e-08
 Reference value :  7.58466e-08
 Reference value :  7.60411e-08
 Reference value :  7.63641e-08
 Reference value :  7.65556e-08
 Reference value :  7.67931e-08
 Reference value :  7.69901e-08
 Reference value :  7.71901e-08
 Reference value :  7.74046e-08
 Reference value :  7.77276e-08
 Reference value :  7.79991e-08
 Reference value :  7.82336e-08
 Reference value :  7.85336e-08
 Reference value :  7.87081e-08
 Reference value :  7.90281e-08
 Reference value :  7.92426e-08
 Reference value :  7.95201e-08
 Reference value :  7.96971e-08
 Reference value :  8.00001e-08
 Reference value :  8.02516e-08
 Reference value :  8.04651e-08
 Reference value :  8.07661e-08
 Reference value :  8.09806e-08
 Reference value :  8.13006e-08
 Reference value :  8.15151e-08
 Reference value :  8.18100e-08
 Reference value :  8.20273e-08
 Reference value :  8.22770e-08
 Reference value :  8.25241e-08
 Reference value :  8.27786e-08
 Reference value :  8.30586e-08
 Reference value :  8.32731e-08
 Reference value :  8.36106e-08
 Reference value :  8.38076e-08
 Reference value :  8.40837e-08
 Reference value :  8.42821e-08
 Reference value :  8.45556e-08
 Reference value :  8.48366e-08
 Reference value :  8.50511e-08
 Reference value :  8.52311e-08
 Reference value :  8.54716e-08
 Reference value :  8.57856e-08
 Reference value :  8.59601e-08
 Reference value :  8.62801e-08
 Reference value :  8.64746e-08
 Reference value :  8.67546e-08
 Reference value :  8.69491e-08
 Reference value :  8.72677e-08
 Reference value :  8.75236e-08
 Reference value :  8.77319e-08
 Reference value :  8.80181e-08
 Reference value :  8.82326e-08
 Reference value :  8.85726e-08
 Reference value :  8.87471e-08
 Reference value :  8.90646e-08
 Reference value :  8.93016e-08
 Reference value :  8.95402e-08
 Reference value :  8.97961e-08
 Reference value :  9.00483e-08
 Reference value :  9.03683e-08
 Reference value :  9.05651e-08
 Reference value :  9.09012e-08
 Reference value :  9.11396e-08
 Reference value :  9.13626e-08
 Reference value :  9.16141e-08
 Reference value :  9.18486e-08
 Reference value :  9.21286e-08
 Reference value :  9.22635e-08
 Reference value :  9.24631e-08
 Reference value :  9.27314e-08
 Reference value :  9.29976e-08
 Reference value :  9.31981e-08
 Reference value :  9.35121e-08
 Reference value :  9.37066e-08
 Reference value :  9.40066e-08
 Reference value :  9.42211e-08
 Reference value :  9.45186e-08
 Reference value :  9.47356e-08
 Reference value :  9.49986e-08
 Reference value :  9.52301e-08
 Reference value :  9.54706e-08
 Reference value :  9.57646e-08
 Reference value :  9.59791e-08
 Reference value :  9.62591e-08
 Reference value :  9.64536e-08
 Reference value :  9.67536e-08
 Reference value :  9.69481e-08
 Reference value :  9.72690e-08
 Reference value :  9.73603e-08
 Reference value :  9.76003e-08
 Reference value :  9.77309e-08
 Reference value :  9.78171e-08
 Reference value :  9.80171e-08
 Reference value :  9.81757e-08
 Reference value :  9.82116e-08
 Reference value :  9.82916e-08
 Reference value :  9.83316e-08
 Reference value :  9.83716e-08
 Reference value :  9.84116e-08
 Reference value :  9.84516e-08
 Reference value :  9.84916e-08
 Reference value :  9.85316e-08
 Reference value :  9.86277e-08
 Reference value :  9.86399e-08
 Reference value :  9.86451e-08
 Reference value :  9.86661e-08
 Reference value :  9.87061e-08
 Reference value :  9.87461e-08
 Reference value :  9.87861e-08
 Reference value :  9.88261e-08
 Reference value :  9.88861e-08
 Reference value :  9.89461e-08
 Reference value :  9.89861e-08
 Reference value :  9.90461e-08
 Reference value :  9.90810e-08
 Reference value :  9.90891e-08
 Reference value :  9.90944e-08
 Reference value :  9.91066e-08
 Reference value :  9.92406e-08
 Reference value :  9.93606e-08
 Reference value :  9.95489e-08
 Reference value :  9.96951e-08
 Reference value :  9.99900e-08
 Reference value :  1.00150e-07
 Reference value :  1.00457e-07
 Reference value :  1.00684e-07
 Reference value :  1.00925e-07
 Reference value :  1.01199e-07
 Reference value :  1.01379e-07
 Reference value :  1.01713e-07
 Reference value :  1.01908e-07
 Reference value :  1.02208e-07
 Reference value :  1.02382e-07
 Reference value :  1.02718e-07
 Reference value :  1.02937e-07
 Reference value :  1.03184e-07
 Reference value :  1.03431e-07
 Reference value :  1.03652e-07
 Reference value :  1.03966e-07
 Reference value :  1.04099e-07
 Reference value :  1.04380e-07
 Reference value :  1.04554e-07
 Reference value :  1.04855e-07
 Reference value :  1.05049e-07
 Reference value :  1.05369e-07
 Reference value :  1.05601e-07
 Reference value :  1.05880e-07
 Reference value :  1.06058e-07
 Reference value :  1.06353e-07
 Reference value :  1.06573e-07
 Reference value :  1.06820e-07
 Reference value :  1.07047e-07
 Reference value :  1.07302e-07
 Reference value :  1.07602e-07
 Reference value :  1.07796e-07
 Reference value :  1.08076e-07
 Reference value :  1.08271e-07
 Reference value :  1.08571e-07
 Reference value :  1.08765e-07
 Reference value :  1.09084e-07
 Reference value :  1.09300e-07
 Reference value :  1.09548e-07
 Reference value :  1.09774e-07
 Reference value :  1.10029e-07
 Reference value :  1.10349e-07
 Reference value :  1.10483e-07
 Reference value :  1.10663e-07
 Reference value :  1.10924e-07
 Reference value :  1.11238e-07
 Reference value :  1.11432e-07
 Reference value :  1.11732e-07
 Reference value :  1.11927e-07
 Reference value :  1.12227e-07
 Reference value :  1.12401e-07
 Reference value :  1.12729e-07
 Reference value :  1.12993e-07
 Reference value :  1.13189e-07
 Reference value :  1.13470e-07
 Reference value :  1.13638e-07
 Reference value :  1.13925e-07
 Reference value :  1.14105e-07
 Reference value :  1.14439e-07
 Reference value :  1.14634e-07
 Reference value :  1.14954e-07
 Reference value :  1.15048e-07
 Reference value :  1.15328e-07
 Reference value :  1.15563e-07
 Reference value :  1.15843e-07
 Reference value :  1.16057e-07
 Reference value :  1.16360e-07
 Reference value :  1.16632e-07
 Reference value :  1.16846e-07
 Reference value :  1.17126e-07
 Reference value :  1.17361e-07
 Reference value :  1.17641e-07
 Reference value :  1.17815e-07
 Reference value :  1.18153e-07
 Reference value :  1.18370e-07
 Reference value :  1.18637e-07
 Reference value :  1.18824e-07
 Reference value :  1.18944e-07
 Reference value :  1.19139e-07
 Reference value :  1.19419e-07
 Reference value :  1.19613e-07
 Reference value :  1.19971e-07
 Reference value :  1.20148e-07
 Reference value :  1.20444e-07
 Reference value :  1.20642e-07
 Reference value :  1.20897e-07
 Reference value :  1.21117e-07
 Reference value :  1.21360e-07
 Reference value :  1.21611e-07
 Reference value :  1.21846e-07
 Reference value :  1.22166e-07
 Reference value :  1.22380e-07
 Reference value :  1.22660e-07
 Reference value :  1.22875e-07
 Reference value :  1.23171e-07
 Reference value :  1.23409e-07
 Reference value :  1.23650e-07
 Reference value :  1.23964e-07
 Reference value :  1.24158e-07
 Reference value :  1.24478e-07
 Reference value :  1.24673e-07
 Reference value :  1.24987e-07
 Reference value :  1.25167e-07
 Reference value :  1.25425e-07
 Reference value :  1.25562e-07
 Reference value :  1.25842e-07
 Reference value :  1.26056e-07
 Reference value :  1.26363e-07
 Reference value :  1.26591e-07
 Reference value :  1.26824e-07
 Reference value :  1.27085e-07
 Reference value :  1.27286e-07
 Reference value :  1.27580e-07
 Reference value :  1.27728e-07
 Reference value :  1.28014e-07
 Reference value :  1.28249e-07
 Reference value :  1.28569e-07
 Reference value :  1.28649e-07
 Reference value :  1.28903e-07
 Reference value :  1.29118e-07
 Reference value :  1.29418e-07
 Reference value :  1.29612e-07
 Reference value :  1.29732e-07
 Reference value :  1.29987e-07
 Reference value :  1.30087e-07
 Reference value :  1.30307e-07
 Reference value :  1.30445e-07
 Reference value :  1.30561e-07
 Reference value :  1.30681e-07
 Reference value :  1.30897e-07
 Reference value :  1.31016e-07
 Reference value :  1.31176e-07
 Reference value :  1.31376e-07
 Reference value :  1.31710e-07
 Reference value :  1.31942e-07
 Reference value :  1.32241e-07
 Reference value :  1.32439e-07
 Reference value :  1.32716e-07
 Reference value :  1.32991e-07
 Reference value :  1.33187e-07
 Reference value :  1.33508e-07
 Reference value :  1.33743e-07
 Reference value :  1.34060e-07
 Reference value :  1.34177e-07
 Reference value :  1.34457e-07
 Reference value :  1.34652e-07
 Reference value :  1.34932e-07
 Reference value :  1.35146e-07
 Reference value :  1.35454e-07
 Reference value :  1.35701e-07
 Reference value :  1.35921e-07
 Reference value :  1.36215e-07
 Reference value :  1.36450e-07
 Reference value :  1.36670e-07
 Reference value :  1.36864e-07
 Reference value :  1.37204e-07
 Reference value :  1.37419e-07
 Reference value :  1.37717e-07
 Reference value :  1.37913e-07
 Reference value :  1.38180e-07
 Reference value :  1.38428e-07
 Reference value :  1.38638e-07
 Reference value :  1.38922e-07
 Reference value :  1.39103e-07
 Reference value :  1.39397e-07
 Reference value :  1.39571e-07
 Reference value :  1.39891e-07
 Reference value :  1.40086e-07
 Reference value :  1.40386e-07
 Reference value :  1.40560e-07
 Reference value :  1.40899e-07
 Reference value :  1.41155e-07
 Reference value :  1.41365e-07
 Reference value :  1.41609e-07
 Reference value :  1.41709e-07
 Reference value :  1.41904e-07
 Reference value :  1.42184e-07
 Reference value :  1.42398e-07
 Reference value :  1.42721e-07
 Reference value :  1.42953e-07
 Reference value :  1.43183e-07
 Reference value :  1.43427e-07
 Reference value :  1.43641e-07
 Reference value :  1.43942e-07
 Reference value :  1.44116e-07
 Reference value :  1.44476e-07
 Reference value :  1.44671e-07
 Reference value :  1.44985e-07
 Reference value :  1.45185e-07
 Reference value :  1.45452e-07
 Reference value :  1.45720e-07
 Reference value :  1.45974e-07
 Reference value :  1.46314e-07
 Reference value :  1.46549e-07
 Reference value :  1.46807e-07
 Reference value :  1.47023e-07
 Reference value :  1.47295e-07
 Reference value :  1.47575e-07
 Reference value :  1.47792e-07
 Reference value :  1.48092e-07
 Reference value :  1.48204e-07
 Reference value :  1.48524e-07
 Reference value :  1.48721e-07
 Reference value :  1.49076e-07
 Reference value :  1.49196e-07
 Reference value :  1.49476e-07
 Reference value :  1.49670e-07
 Reference value :  1.49968e-07
 Reference value :  1.50185e-07
 Reference value :  1.50443e-07
 Reference value :  1.50639e-07
 Reference value :  1.50902e-07
 Reference value :  1.51154e-07
 Reference value :  1.51364e-07
 Reference value :  1.51608e-07
 Reference value :  1.51843e-07
 Reference value :  1.52143e-07
 Reference value :  1.52357e-07
 Reference value :  1.52677e-07
 Reference value :  1.52892e-07
 Reference value :  1.53168e-07
 Reference value :  1.53386e-07
 Reference value :  1.53629e-07
 Reference value :  1.53821e-07
 Reference value :  1.54079e-07
 Reference value :  1.54275e-07
 Reference value :  1.54549e-07
 Reference value :  1.54850e-07
 Reference value :  1.55064e-07
 Reference value :  1.55364e-07
 Reference value :  1.55599e-07
 Reference value :  1.55895e-07
 Reference value :  1.56073e-07
 Reference value :  1.56360e-07
 Reference value :  1.56568e-07
 Reference value :  1.56816e-07
 Reference value :  1.57062e-07
 Reference value :  1.57272e-07
 Reference value :  1.57557e-07
 Reference value :  1.57677e-07
 Reference value :  1.57771e-07
 Reference value :  1.57891e-07
 Reference value :  1.58167e-07
 Reference value :  1.58286e-07
 Reference value :  1.58506e-07
 Reference value :  1.58636e-07
 Reference value :  1.58760e-07
 Reference value :  1.58940e-07
 Reference value :  1.59083e-07
 Reference value :  1.59115e-07
 Reference value :  1.59395e-07
 Reference value :  1.59555e-07
 Reference value :  1.59889e-07
 Reference value :  1.60124e-07
 Reference value :  1.60440e-07
 Reference value :  1.60464e-07
 Reference value :  1.60718e-07
 Reference value :  1.60953e-07
 Reference value :  1.61253e-07
 Reference value :  1.61447e-07
 Reference value :  1.61785e-07
 Reference value :  1.61962e-07
 Reference value :  1.62260e-07
 Reference value :  1.62456e-07
 Reference value :  1.62729e-07
 Reference value :  1.63008e-07
 Reference value :  1.63191e-07
 Reference value :  1.63505e-07
 Reference value :  1.63737e-07
 Reference value :  1.64075e-07
 Reference value :  1.64274e-07
 Reference value :  1.64533e-07
 Reference value :  1.64749e-07
 Reference value :  1.64996e-07
 Reference value :  1.65243e-07
 Reference value :  1.65464e-07
 Reference value :  1.65758e-07
 Reference value :  1.65911e-07
 Reference value :  1.66192e-07
 Reference value :  1.66373e-07
 Reference value :  1.66687e-07
 Reference value :  1.66881e-07
 Reference value :  1.67239e-07
 Reference value :  1.67436e-07
 Reference value :  1.67714e-07
 Reference value :  1.67950e-07
 Reference value :  1.68180e-07
 Reference value :  1.68485e-07
 Reference value :  1.68679e-07
 Reference value :  1.69039e-07
 Reference value :  1.69234e-07
 Reference value :  1.69528e-07
 Reference value :  1.69728e-07
 Reference value :  1.69996e-07
 Reference value :  1.70283e-07
 Reference value :  1.70446e-07
 Reference value :  1.70557e-07
 Reference value :  1.70875e-07
 Reference value :  1.71092e-07
 Reference value :  1.71350e-07
 Reference value :  1.71586e-07
 Reference value :  1.71841e-07
 Reference value :  1.72101e-07
 Reference value :  1.72269e-07
 Reference value :  1.72515e-07
 Reference value :  1.72725e-07
 Reference value :  1.73010e-07
 Reference value :  1.73204e-07
 Reference value :  1.73464e-07
 Reference value :  1.73699e-07
 Reference value :  1.74019e-07
 Reference value :  1.74173e-07
 Reference value :  1.74511e-07
 Reference value :  1.74668e-07
 Reference value :  1.74868e-07
 Reference value :  1.75062e-07
 Reference value :  1.75420e-07
 Reference value :  1.75617e-07
 Reference value :  1.75900e-07
 Reference value :  1.76131e-07
 Reference value :  1.76361e-07
 Reference value :  1.76646e-07
 Reference value :  1.76819e-07
 Reference value :  1.77140e-07
 Reference value :  1.77335e-07
 Reference value :  1.77655e-07
 Reference value :  1.77849e-07
 Reference value :  1.78165e-07
 Reference value :  1.78384e-07
 Reference value :  1.78622e-07
 Reference value :  1.78858e-07
 Reference value :  1.79110e-07
 Reference value :  1.79390e-07
 Reference value :  1.79607e-07
 Reference value :  1.79867e-07
 Reference value :  1.80082e-07
 Reference value :  1.80362e-07
 Reference value :  1.80556e-07
 Reference value :  1.80892e-07
 Reference value :  1.81111e-07
 Reference value :  1.81359e-07
 Reference value :  1.81605e-07
 Reference value :  1.81860e-07
 Reference value :  1.82160e-07
 Reference value :  1.82294e-07
 Reference value :  1.82414e-07
 Reference value :  1.82717e-07
 Reference value :  1.82929e-07
 Reference value :  1.83129e-07
 Reference value :  1.83303e-07
 Reference value :  1.83601e-07
 Reference value :  1.83818e-07
 Reference value :  1.84074e-07
 Reference value :  1.84292e-07
 Reference value :  1.84553e-07
 Reference value :  1.84747e-07
 Reference value :  1.84907e-07
 Reference value :  1.85021e-07
 Reference value :  1.85221e-07
 Reference value :  1.85381e-07
 Reference value :  1.85419e-07
 Reference value :  1.85462e-07
 Reference value :  1.85636e-07
 Reference value :  1.85716e-07
 Reference value :  1.85916e-07
 Reference value :  1.86250e-07
 Reference value :  1.86465e-07
 Reference value :  1.86605e-07
 Reference value :  1.86765e-07
 Reference value :  1.86979e-07
 Reference value :  1.87254e-07
 Reference value :  1.87454e-07
 Reference value :  1.87712e-07
 Reference value :  1.87948e-07
 Reference value :  1.88164e-07
 Reference value :  1.88403e-07
 Reference value :  1.88633e-07
 Reference value :  1.88877e-07
 Reference value :  1.89091e-07
 Reference value :  1.89372e-07
 Reference value :  1.89566e-07
 Reference value :  1.89866e-07
 Reference value :  1.90101e-07
 Reference value :  1.90418e-07
 Reference value :  1.90615e-07
 Reference value :  1.90898e-07
 Reference value :  1.90970e-07
 Reference value :  1.91270e-07
 Reference value :  1.91464e-07
 Reference value :  1.91807e-07
 Reference value :  1.92039e-07
 Reference value :  1.92267e-07
 Reference value :  1.92553e-07
 Reference value :  1.92768e-07
 Reference value :  1.93068e-07
 Reference value :  1.93242e-07
 Reference value :  1.93522e-07
 Reference value :  1.93717e-07
 Reference value :  1.94037e-07
 Reference value :  1.94231e-07
 Reference value :  1.94331e-07
 Reference value :  1.94471e-07
 Reference value :  1.94683e-07
 Reference value :  1.94984e-07
 Reference value :  1.95200e-07
 Reference value :  1.95443e-07
 Reference value :  1.95675e-07
 Reference value :  1.95902e-07
 Reference value :  1.96169e-07
 Reference value :  1.96384e-07
 Reference value :  1.96704e-07
 Reference value :  1.96898e-07
 Reference value :  1.97218e-07
 Reference value :  1.97413e-07
 Reference value :  1.97553e-07
 Reference value :  1.97747e-07
 Reference value :  1.98087e-07
 Reference value :  1.98302e-07
 Reference value :  1.98616e-07
 Reference value :  1.98796e-07
 Reference value :  1.99075e-07
 Reference value :  1.99331e-07
 Reference value :  1.99538e-07
 Reference value :  1.99805e-07
 Reference value :  2.00060e-07
 Reference value :  2.00360e-07
 Reference value :  2.00554e-07
 Reference value :  2.00854e-07
 Reference value :  2.01009e-07
 Reference value :  2.01289e-07
 Reference value :  2.01503e-07
 Reference value :  2.01810e-07
 Reference value :  2.02078e-07
 Reference value :  2.02292e-07
 Reference value :  2.02572e-07
 Reference value :  2.02787e-07
 Reference value :  2.03047e-07
 Reference value :  2.03241e-07
 Reference value :  2.03599e-07
 Reference value :  2.03816e-07
 Reference value :  2.04083e-07
 Reference value :  2.04310e-07
 Reference value :  2.04551e-07
 Reference value :  2.04845e-07
 Reference value :  2.05039e-07
 Reference value :  2.05359e-07
 Reference value :  2.05574e-07
 Reference value :  2.05890e-07
 Reference value :  2.06088e-07
 Reference value :  2.06355e-07
 Reference value :  2.06603e-07
 Reference value :  2.06813e-07
 Reference value :  2.07057e-07
 Reference value :  2.07312e-07
 Reference value :  2.07632e-07
 Reference value :  2.07826e-07
 Reference value :  2.08161e-07
 Reference value :  2.08381e-07
 Reference value :  2.08628e-07
 Reference value :  2.08835e-07
 Reference value :  2.09096e-07
 Reference value :  2.09370e-07
 Reference value :  2.09564e-07
 Reference value :  2.09844e-07
 Reference value :  2.10036e-07
 Reference value :  2.10316e-07
 Reference value :  2.10493e-07
 Reference value :  2.10853e-07
 Reference value :  2.11068e-07
 Reference value :  2.11344e-07
 Reference value :  2.11542e-07
 Reference value :  2.11797e-07
 Reference value :  2.12017e-07
 Reference value :  2.12260e-07
 Reference value :  2.12491e-07
 Reference value :  2.12766e-07
 Reference value :  2.13086e-07
 Reference value :  2.13300e-07
 Reference value :  2.13598e-07
 Reference value :  2.13815e-07
 Reference value :  2.14083e-07
 Reference value :  2.14389e-07
 Reference value :  2.14604e-07
 Reference value :  2.14904e-07
 Reference value :  2.15098e-07
 Reference value :  2.15433e-07
 Reference value :  2.15653e-07
 Reference value :  2.15896e-07
 Reference value :  2.16127e-07
 Reference value :  2.16354e-07
 Reference value :  2.16622e-07
 Reference value :  2.16822e-07
 Reference value :  2.17136e-07
 Reference value :  2.17371e-07
 Reference value :  2.17671e-07
 Reference value :  2.17885e-07
 Reference value :  2.18160e-07
 Reference value :  2.18380e-07
 Reference value :  2.18623e-07
 Reference value :  2.18854e-07
 Reference value :  2.19109e-07
 Reference value :  2.19409e-07
 Reference value :  2.19623e-07
 Reference value :  2.19923e-07
 Reference value :  2.20158e-07
 Reference value :  2.20434e-07
 Reference value :  2.20652e-07
 Reference value :  2.20913e-07
 Reference value :  2.21207e-07
 Reference value :  2.21421e-07
 Reference value :  2.21701e-07
 Reference value :  2.21936e-07
 Reference value :  2.22196e-07
 Reference value :  2.22410e-07
 Reference value :  2.22717e-07
 Reference value :  2.22845e-07
 Reference value :  2.23161e-07
 Reference value :  2.23359e-07
 Reference value :  2.23629e-07
 Reference value :  2.23914e-07
 Reference value :  2.24087e-07
 Reference value :  2.24388e-07
 Reference value :  2.24583e-07
 Reference value :  2.24883e-07
 Reference value :  2.25057e-07
 Reference value :  2.25337e-07
 Reference value :  2.25445e-07
 Reference value :  2.25729e-07
 Reference value :  2.25926e-07
 Reference value :  2.26226e-07
 Reference value :  2.26441e-07
 Reference value :  2.26741e-07
 Reference value :  2.26895e-07
 Reference value :  2.27195e-07
 Reference value :  2.27330e-07
 Reference value :  2.27610e-07
 Reference value :  2.27784e-07
 Reference value :  2.28142e-07
 Reference value :  2.28339e-07
 Reference value :  2.28622e-07
 Reference value :  2.28833e-07
 Reference value :  2.29083e-07
 Reference value :  2.29388e-07
 Reference value :  2.29548e-07
 Reference value :  2.29902e-07
 Reference value :  2.30097e-07
 Reference value :  2.30431e-07
 Reference value :  2.30611e-07
 Reference value :  2.30887e-07
 Reference value :  2.31126e-07
 Reference value :  2.31353e-07
 Reference value :  2.31620e-07
 Reference value :  2.31835e-07
 Reference value :  2.32155e-07
 Reference value :  2.32349e-07
 Reference value :  2.32649e-07
 Reference value :  2.32719e-07
 Reference value :  2.33004e-07
 Reference value :  2.33198e-07
 Reference value :  2.33518e-07
 Reference value :  2.33733e-07
 Reference value :  2.34033e-07
 Reference value :  2.34207e-07
 Reference value :  2.34487e-07
 Reference value :  2.34682e-07
 Reference value :  2.34978e-07
 Reference value :  2.35156e-07
 Reference value :  2.35450e-07
 Reference value :  2.35731e-07
 Reference value :  2.35945e-07
 Reference value :  2.36225e-07
 Reference value :  2.36460e-07
 Reference value :  2.36803e-07
 Reference value :  2.37074e-07
 Reference value :  2.37329e-07
 Reference value :  2.37629e-07
 Reference value :  2.37823e-07
 Reference value :  2.38141e-07
 Reference value :  2.38358e-07
 Reference value :  2.38616e-07
 Reference value :  2.38832e-07
 Reference value :  2.39071e-07
 Reference value :  2.39307e-07
 Reference value :  2.39535e-07
 Reference value :  2.39781e-07
 Reference value :  2.40036e-07
 Reference value :  2.40336e-07
 Reference value :  2.40550e-07
 Reference value :  2.40650e-07
 Reference value :  2.40886e-07
 Reference value :  2.41125e-07
 Reference value :  2.41348e-07
 Reference value :  2.41599e-07
 Reference value :  2.41820e-07
 Reference value :  2.42154e-07
 Reference value :  2.42368e-07
 Reference value :  2.42704e-07
 Reference value :  2.42943e-07
 Reference value :  2.43170e-07
 Reference value :  2.43457e-07
 Reference value :  2.43672e-07
 Reference value :  2.44012e-07
 Reference value :  2.44206e-07
 Reference value :  2.44522e-07
 Reference value :  2.44761e-07
 Reference value :  2.44984e-07
 Reference value :  2.45235e-07
 Reference value :  2.45470e-07
 Reference value :  2.45590e-07
 Reference value :  2.45884e-07
 Reference value :  2.46064e-07
 Reference value :  2.46352e-07
 Reference value :  2.46619e-07
 Reference value :  2.46833e-07
 Reference value :  2.47153e-07
 Reference value :  2.47368e-07
 Reference value :  2.47668e-07
 Reference value :  2.47882e-07
 Reference value :  2.48140e-07
 Reference value :  2.48377e-07
 Reference value :  2.48611e-07
 Reference value :  2.48791e-07
 Reference value :  2.49081e-07
 Reference value :  2.49346e-07
 Reference value :  2.49560e-07
 Reference value :  2.49820e-07
 Reference value :  2.50075e-07
 Reference value :  2.50375e-07
 Reference value :  2.50549e-07
 Reference value :  2.50888e-07
 Reference value :  2.51124e-07
 Reference value :  2.51357e-07
 Reference value :  2.51618e-07
 Reference value :  2.51853e-07
 Reference value :  2.52153e-07
 Reference value :  2.52347e-07
 Reference value :  2.52703e-07
 Reference value :  2.52922e-07
 Reference value :  2.53170e-07
 Reference value :  2.53396e-07
 Reference value :  2.53637e-07
 Reference value :  2.53931e-07
 Reference value :  2.54125e-07
 Reference value :  2.54485e-07
 Reference value :  2.54533e-07
 Reference value :  2.54820e-07
 Reference value :  2.55014e-07
 Reference value :  2.55314e-07
 Reference value :  2.55469e-07
 Reference value :  2.55789e-07
 Reference value :  2.55909e-07
 Reference value :  2.56223e-07
 Reference value :  2.56458e-07
 Reference value :  2.56775e-07
 Reference value :  2.56972e-07
 Reference value :  2.57247e-07
 Reference value :  2.57467e-07
 Reference value :  2.57714e-07
 Reference value :  2.57961e-07
 Reference value :  2.58196e-07
 Reference value :  2.58496e-07
 Reference value :  2.58710e-07
 Reference value :  2.58930e-07
 Reference value :  2.58970e-07
 Reference value :  2.59165e-07
 Reference value :  2.59521e-07
 Reference value :  2.59719e-07
 Reference value :  2.59987e-07
 Reference value :  2.60274e-07
 Reference value :  2.60447e-07
 Reference value :  2.60768e-07
 Reference value :  2.60963e-07
 Reference value :  2.61283e-07
 Reference value :  2.61457e-07
 Reference value :  2.61792e-07
 Reference value :  2.61992e-07
 Reference value :  2.62192e-07
 Reference value :  2.62406e-07
 Reference value :  2.62709e-07
 Reference value :  2.62961e-07
 Reference value :  2.63174e-07
 Reference value :  2.63455e-07
 Reference value :  2.63647e-07
 Reference value :  2.63967e-07
 Reference value :  2.64164e-07
 Reference value :  2.64502e-07
 Reference value :  2.64736e-07
 Reference value :  2.64982e-07
 Reference value :  2.65213e-07
 Reference value :  2.65447e-07
 Reference value :  2.65748e-07
 Reference value :  2.65942e-07
 Reference value :  2.66242e-07
 Reference value :  2.66457e-07
 Reference value :  2.66737e-07
 Reference value :  2.66951e-07
 Reference value :  2.67191e-07
 Reference value :  2.67426e-07
 Reference value :  2.67701e-07
 Reference value :  2.67740e-07
 Reference value :  2.68080e-07
 Reference value :  2.68275e-07
 Reference value :  2.68575e-07
 Reference value :  2.68749e-07
 Reference value :  2.69064e-07
 Reference value :  2.69264e-07
 Reference value :  2.69520e-07
 Reference value :  2.69698e-07
 Reference value :  2.69981e-07
 Reference value :  2.70213e-07
 Reference value :  2.70441e-07
 Reference value :  2.70687e-07
 Reference value :  2.70897e-07
 Reference value :  2.71202e-07
 Reference value :  2.71376e-07
 Reference value :  2.71736e-07
 Reference value :  2.71951e-07
 Reference value :  2.72246e-07
 Reference value :  2.72445e-07
 Reference value :  2.72625e-07
 Reference value :  2.72820e-07
 Reference value :  2.73100e-07
 Reference value :  2.73170e-07
 Reference value :  2.73294e-07
 Reference value :  2.73554e-07
 Reference value :  2.73628e-07
 Reference value :  2.73829e-07
 Reference value :  2.74009e-07
 Reference value :  2.74123e-07
 Reference value :  2.74303e-07
 Reference value :  2.74501e-07
 Reference value :  2.74698e-07
 Reference value :  2.74972e-07
 Reference value :  2.75172e-07
 Reference value :  2.75446e-07
 Reference value :  2.75747e-07
 Reference value :  2.75941e-07
 Reference value :  2.76021e-07
 Reference value :  2.76336e-07
 Reference value :  2.76516e-07
 Reference value :  2.76794e-07
 Reference value :  2.77010e-07
 Reference value :  2.77260e-07
 Reference value :  2.77545e-07
 Reference value :  2.77739e-07
 Reference value :  2.78019e-07
 Reference value :  2.78169e-07
 Reference value :  2.78434e-07
 Reference value :  2.78621e-07
 Reference value :  2.78848e-07
 Reference value :  2.79089e-07
 Reference value :  2.79403e-07
 Reference value :  2.79577e-07
 Reference value :  2.79677e-07
 Reference value :  2.79972e-07
 Reference value :  2.80192e-07
 Reference value :  2.80435e-07
 Reference value :  2.80686e-07
 Reference value :  2.80907e-07
 Reference value :  2.81221e-07
 Reference value :  2.81395e-07
 Reference value :  2.81695e-07
 Reference value :  2.81910e-07
 Reference value :  2.82227e-07
 Reference value :  2.82324e-07
 Reference value :  2.82604e-07
 Reference value :  2.82799e-07
 Reference value :  2.83079e-07
 Reference value :  2.83293e-07
 Reference value :  2.83609e-07
 Reference value :  2.83828e-07
 Reference value :  2.84076e-07
 Reference value :  2.84322e-07
 Reference value :  2.84543e-07
 Reference value :  2.84737e-07
 Reference value :  2.84984e-07
 Reference value :  2.85231e-07
 Reference value :  2.85486e-07
 Reference value :  2.85806e-07
 Reference value :  2.86020e-07
 Reference value :  2.86318e-07
 Reference value :  2.86495e-07
 Reference value :  2.86755e-07
 Reference value :  2.86949e-07
 Reference value :  2.87256e-07
 Reference value :  2.87504e-07
 Reference value :  2.87717e-07
 Reference value :  2.87978e-07
 Reference value :  2.88193e-07
 Reference value :  2.88513e-07
 Reference value :  2.88687e-07
 Reference value :  2.89045e-07
 Reference value :  2.89222e-07
 Reference value :  2.89520e-07
 Reference value :  2.89736e-07
 Reference value :  2.89984e-07
 Reference value :  2.90251e-07
 Reference value :  2.90444e-07
 Reference value :  2.90765e-07
 Reference value :  2.90960e-07
 Reference value :  2.91240e-07
 Reference value :  2.91434e-07
 Reference value :  2.91754e-07
 Reference value :  2.91989e-07
 Reference value :  2.92245e-07
 Reference value :  2.92483e-07
 Reference value :  2.92717e-07
 Reference value :  2.92998e-07
 Reference value :  2.93232e-07
 Reference value :  2.93512e-07
 Reference value :  2.93707e-07
 Reference value :  2.93967e-07
 Reference value :  2.94141e-07
 Reference value :  2.94381e-07
 Reference value :  2.94633e-07
 Reference value :  2.94933e-07
 Reference value :  2.95110e-07
 Reference value :  2.95437e-07
 Reference value :  2.95582e-07
 Reference value :  2.95881e-07
 Reference value :  2.96079e-07
 Reference value :  2.96353e-07
 Reference value :  2.96654e-07
 Reference value :  2.96848e-07
 Reference value :  2.97148e-07
 Reference value :  2.97343e-07
 Reference value :  2.97663e-07
 Reference value :  2.97837e-07
 Reference value :  2.98160e-07
 Reference value :  2.98432e-07
 Reference value :  2.98646e-07
 Reference value :  2.98886e-07
 Reference value :  2.99101e-07
 Reference value :  2.99421e-07
 Reference value :  2.99595e-07
 Reference value :  2.99953e-07
No. of Data Rows : 19790
sim/harness: analysis complete
Note: Simulation executed from .control section 
