
Note: Compatibility modes selected: hs a


Circuit: ** sch_path: /users/rwalters/github/sky130-pll/.loom/worktrees/issue-131/sim/divider-n64/testbench/tb_divider_n64.sch

option SCALE: Scale is set to 1e-06 for instance and model parameters
option SCALE: Scale is set to 1e-06 for instance and model parameters
option SCALE: Scale is set to 1e-06 for instance and model parameters
option SCALE: Scale is set to 1e-06 for instance and model parameters
Doing analysis at TEMP = 27.000000 and TNOM = 27.000000

Using KLU as Direct Linear Solver
 Reference value :  0.00000e+00
 Reference value :  1.46290e-09
 Reference value :  3.06762e-09
 Reference value :  4.66762e-09
 Reference value :  6.26762e-09
 Reference value :  8.02562e-09
 Reference value :  9.66763e-09
 Reference value :  1.11476e-08
 Reference value :  1.25476e-08
 Reference value :  1.40134e-08
 Reference value :  1.58276e-08
 Reference value :  1.71876e-08
 Reference value :  1.87476e-08
 Reference value :  2.03076e-08
 Reference value :  2.19076e-08
 Reference value :  2.35076e-08
 Reference value :  2.48676e-08
 Reference value :  2.63876e-08
 Reference value :  2.80676e-08
 Reference value :  2.95876e-08
 Reference value :  3.11876e-08
 Reference value :  3.25876e-08
 Reference value :  3.41876e-08
 Reference value :  3.60125e-08
 Reference value :  3.72276e-08
 Reference value :  3.88276e-08
 Reference value :  4.03476e-08
 Reference value :  4.20134e-08
 Reference value :  4.37876e-08
 Reference value :  4.48676e-08
 Reference value :  4.64276e-08
 Reference value :  4.81076e-08
 Reference value :  4.98676e-08
 Reference value :  5.13476e-08
 Reference value :  5.27076e-08
 Reference value :  5.41476e-08
 Reference value :  5.60134e-08
 Reference value :  5.76276e-08
 Reference value :  5.91476e-08
 Reference value :  6.05876e-08
 Reference value :  6.20676e-08
 Reference value :  6.40000e-08
 Reference value :  6.54276e-08
 Reference value :  6.69876e-08
 Reference value :  6.84676e-08
 Reference value :  7.00038e-08
 Reference value :  7.17076e-08
 Reference value :  7.30661e-08
 Reference value :  7.45876e-08
 Reference value :  7.61876e-08
 Reference value :  7.76676e-08
 Reference value :  7.92676e-08
 Reference value :  8.06676e-08
 Reference value :  8.21876e-08
 Reference value :  8.40134e-08
 Reference value :  8.53461e-08
 Reference value :  8.69476e-08
 Reference value :  8.84276e-08
 Reference value :  9.00396e-08
 Reference value :  9.19076e-08
 Reference value :  9.30276e-08
 Reference value :  9.46276e-08
 Reference value :  9.62676e-08
 Reference value :  9.80038e-08
 Reference value :  9.95876e-08
 Reference value :  1.00828e-07
 Reference value :  1.02308e-07
 Reference value :  1.04040e-07
 Reference value :  1.05708e-07
 Reference value :  1.07268e-07
 Reference value :  1.08628e-07
 Reference value :  1.10068e-07
 Reference value :  1.11974e-07
 Reference value :  1.13386e-07
 Reference value :  1.14908e-07
 Reference value :  1.16388e-07
 Reference value :  1.18004e-07
 Reference value :  1.19708e-07
 Reference value :  1.21108e-07
 Reference value :  1.22668e-07
 Reference value :  1.24228e-07
 Reference value :  1.25868e-07
 Reference value :  1.27468e-07
 Reference value :  1.28868e-07
 Reference value :  1.30388e-07
 Reference value :  1.32068e-07
 Reference value :  1.33388e-07
 Reference value :  1.34988e-07
 Reference value :  1.36468e-07
 Reference value :  1.38068e-07
 Reference value :  1.39974e-07
 Reference value :  1.41028e-07
 Reference value :  1.42588e-07
 Reference value :  1.44228e-07
 Reference value :  1.46008e-07
 Reference value :  1.47668e-07
 Reference value :  1.48828e-07
 Reference value :  1.50348e-07
 Reference value :  1.52108e-07
 Reference value :  1.53828e-07
 Reference value :  1.55348e-07
 Reference value :  1.56668e-07
 Reference value :  1.58148e-07
 Reference value :  1.60013e-07
 Reference value :  1.61548e-07
 Reference value :  1.63108e-07
 Reference value :  1.64508e-07
 Reference value :  1.66013e-07
 Reference value :  1.67828e-07
 Reference value :  1.69148e-07
 Reference value :  1.70668e-07
 Reference value :  1.72228e-07
 Reference value :  1.73748e-07
 Reference value :  1.75348e-07
 Reference value :  1.76748e-07
 Reference value :  1.78268e-07
 Reference value :  1.80026e-07
 Reference value :  1.81468e-07
 Reference value :  1.83068e-07
 Reference value :  1.84508e-07
 Reference value :  1.86148e-07
 Reference value :  1.88013e-07
 Reference value :  1.89308e-07
 Reference value :  1.90908e-07
 Reference value :  1.92468e-07
 Reference value :  1.94108e-07
 Reference value :  1.96001e-07
 Reference value :  1.97108e-07
 Reference value :  1.98668e-07
 Reference value :  2.00268e-07
 Reference value :  2.02001e-07
 Reference value :  2.03588e-07
 Reference value :  2.04788e-07
 Reference value :  2.06228e-07
 Reference value :  2.08026e-07
 Reference value :  2.09748e-07
 Reference value :  2.11268e-07
 Reference value :  2.12668e-07
 Reference value :  2.14148e-07
 Reference value :  2.16013e-07
 Reference value :  2.17588e-07
 Reference value :  2.19108e-07
 Reference value :  2.20508e-07
 Reference value :  2.22019e-07
 Reference value :  2.23908e-07
 Reference value :  2.25268e-07
 Reference value :  2.26828e-07
 Reference value :  2.28348e-07
 Reference value :  2.29948e-07
 Reference value :  2.31548e-07
 Reference value :  2.32868e-07
 Reference value :  2.34388e-07
 Reference value :  2.36068e-07
 Reference value :  2.37548e-07
 Reference value :  2.39148e-07
 Reference value :  2.40548e-07
 Reference value :  2.42188e-07
 Reference value :  2.44012e-07
 Reference value :  2.45268e-07
 Reference value :  2.46868e-07
 Reference value :  2.48426e-07
 Reference value :  2.50026e-07
 Reference value :  2.51868e-07
 Reference value :  2.53066e-07
 Reference value :  2.54628e-07
 Reference value :  2.56228e-07
 Reference value :  2.58000e-07
 Reference value :  2.59548e-07
 Reference value :  2.60788e-07
 Reference value :  2.62148e-07
 Reference value :  2.64013e-07
 Reference value :  2.65626e-07
 Reference value :  2.67148e-07
 Reference value :  2.68508e-07
 Reference value :  2.70004e-07
 Reference value :  2.71668e-07
 Reference value :  2.73068e-07
 Reference value :  2.74588e-07
 Reference value :  2.76226e-07
 Reference value :  2.77866e-07
 Reference value :  2.79428e-07
 Reference value :  2.80788e-07
 Reference value :  2.82308e-07
 Reference value :  2.84040e-07
 Reference value :  2.85508e-07
 Reference value :  2.87068e-07
 Reference value :  2.88466e-07
 Reference value :  2.90108e-07
 Reference value :  2.92001e-07
 Reference value :  2.93108e-07
 Reference value :  2.94668e-07
 Reference value :  2.96268e-07
 Reference value :  2.98001e-07
 Reference value :  2.99628e-07
 Reference value :  3.00786e-07
 Reference value :  3.02308e-07
 Reference value :  3.04040e-07
 Reference value :  3.05788e-07
 Reference value :  3.07268e-07
 Reference value :  3.08588e-07
 Reference value :  3.10068e-07
 Reference value :  3.11974e-07
 Reference value :  3.13346e-07
 Reference value :  3.14908e-07
 Reference value :  3.16388e-07
 Reference value :  3.18004e-07
 Reference value :  3.19668e-07
 Reference value :  3.21028e-07
 Reference value :  3.22588e-07
 Reference value :  3.24226e-07
 Reference value :  3.25746e-07
 Reference value :  3.27348e-07
 Reference value :  3.28708e-07
 Reference value :  3.30268e-07
 Reference value :  3.32026e-07
 Reference value :  3.33388e-07
 Reference value :  3.34988e-07
 Reference value :  3.36466e-07
 Reference value :  3.38068e-07
 Reference value :  3.39974e-07
 Reference value :  3.41068e-07
 Reference value :  3.42628e-07
 Reference value :  3.44268e-07
 Reference value :  3.46004e-07
 Reference value :  3.47668e-07
 Reference value :  3.48866e-07
 Reference value :  3.50348e-07
 Reference value :  3.52108e-07
 Reference value :  3.53908e-07
 Reference value :  3.55428e-07
 Reference value :  3.56748e-07
 Reference value :  3.58188e-07
 Reference value :  3.60013e-07
 Reference value :  3.61548e-07
 Reference value :  3.63068e-07
 Reference value :  3.64508e-07
 Reference value :  3.66013e-07
 Reference value :  3.67828e-07
 Reference value :  3.69228e-07
 Reference value :  3.70788e-07
 Reference value :  3.72308e-07
 Reference value :  3.73974e-07
 Reference value :  3.75548e-07
 Reference value :  3.76868e-07
 Reference value :  3.78388e-07
 Reference value :  3.80068e-07
 Reference value :  3.81588e-07
 Reference value :  3.83188e-07
 Reference value :  3.84548e-07
 Reference value :  3.86148e-07
 Reference value :  3.88008e-07
 Reference value :  3.89108e-07
 Reference value :  3.90668e-07
 Reference value :  3.92268e-07
 Reference value :  3.94004e-07
 Reference value :  3.95668e-07
 Reference value :  3.96788e-07
 Reference value :  3.98308e-07
 Reference value :  4.00039e-07
 Reference value :  4.01786e-07
 Reference value :  4.03308e-07
 Reference value :  4.04628e-07
 Reference value :  4.06108e-07
 Reference value :  4.08008e-07
 Reference value :  4.09468e-07
 Reference value :  4.11028e-07
 Reference value :  4.12506e-07
 Reference value :  4.14019e-07
 Reference value :  4.15908e-07
 Reference value :  4.17268e-07
 Reference value :  4.18788e-07
 Reference value :  4.20308e-07
 Reference value :  4.21868e-07
 Reference value :  4.23508e-07
 Reference value :  4.24826e-07
 Reference value :  4.26348e-07
 Reference value :  4.28068e-07
 Reference value :  4.29508e-07
 Reference value :  4.31108e-07
 Reference value :  4.32508e-07
 Reference value :  4.34148e-07
 Reference value :  4.36013e-07
 Reference value :  4.37346e-07
 Reference value :  4.38948e-07
 Reference value :  4.40428e-07
 Reference value :  4.42068e-07
 Reference value :  4.43974e-07
 Reference value :  4.45108e-07
 Reference value :  4.46708e-07
 Reference value :  4.48306e-07
 Reference value :  4.50008e-07
 Reference value :  4.51788e-07
 Reference value :  4.52908e-07
 Reference value :  4.54308e-07
 Reference value :  4.56040e-07
 Reference value :  4.57708e-07
 Reference value :  4.59228e-07
 Reference value :  4.60586e-07
 Reference value :  4.62068e-07
 Reference value :  4.64001e-07
 Reference value :  4.65428e-07
 Reference value :  4.66908e-07
 Reference value :  4.68388e-07
 Reference value :  4.70004e-07
 Reference value :  4.71708e-07
 Reference value :  4.73066e-07
 Reference value :  4.74628e-07
 Reference value :  4.76228e-07
 Reference value :  4.77828e-07
 Reference value :  4.79428e-07
 Reference value :  4.80828e-07
 Reference value :  4.82348e-07
 Reference value :  4.84068e-07
 Reference value :  4.85508e-07
 Reference value :  4.87188e-07
 Reference value :  4.88548e-07
 Reference value :  4.90148e-07
 Reference value :  4.92008e-07
 Reference value :  4.93188e-07
 Reference value :  4.94748e-07
 Reference value :  4.96346e-07
 Reference value :  4.98015e-07
 Reference value :  4.99788e-07
 Reference value :  5.00946e-07
 Reference value :  5.02548e-07
 Reference value :  5.04268e-07
 Reference value :  5.06008e-07
 Reference value :  5.07668e-07
 Reference value :  5.08868e-07
 Reference value :  5.10428e-07
 Reference value :  5.12108e-07
 Reference value :  5.13974e-07
 Reference value :  5.15508e-07
 Reference value :  5.16748e-07
 Reference value :  5.18108e-07
 Reference value :  5.20004e-07
 Reference value :  5.21468e-07
 Reference value :  5.23028e-07
 Reference value :  5.24468e-07
 Reference value :  5.26001e-07
 Reference value :  5.27708e-07
 Reference value :  5.29146e-07
 Reference value :  5.30748e-07
 Reference value :  5.32308e-07
 Reference value :  5.33948e-07
 Reference value :  5.35548e-07
 Reference value :  5.36948e-07
 Reference value :  5.38548e-07
 Reference value :  5.40188e-07
 Reference value :  5.41788e-07
 Reference value :  5.43388e-07
 Reference value :  5.44788e-07
 Reference value :  5.46308e-07
 Reference value :  5.48040e-07
 Reference value :  5.49428e-07
 Reference value :  5.51028e-07
 Reference value :  5.52466e-07
 Reference value :  5.54068e-07
 Reference value :  5.56000e-07
 Reference value :  5.57068e-07
 Reference value :  5.58628e-07
 Reference value :  5.60228e-07
 Reference value :  5.62000e-07
 Reference value :  5.63468e-07
 Reference value :  5.64748e-07
 Reference value :  5.66188e-07
 Reference value :  5.68013e-07
 Reference value :  5.69548e-07
 Reference value :  5.70948e-07
 Reference value :  5.72268e-07
 Reference value :  5.73748e-07
 Reference value :  5.75348e-07
 Reference value :  5.76706e-07
 Reference value :  5.78228e-07
 Reference value :  5.80015e-07
 Reference value :  5.81228e-07
 Reference value :  5.82788e-07
 Reference value :  5.84308e-07
 Reference value :  5.86008e-07
 Reference value :  5.87668e-07
 Reference value :  5.88788e-07
 Reference value :  5.90228e-07
 Reference value :  5.92013e-07
 Reference value :  5.93588e-07
 Reference value :  5.95068e-07
 Reference value :  5.96468e-07
 Reference value :  5.98013e-07
 Reference value :  5.99828e-07
 Reference value :  6.01186e-07
 Reference value :  6.02708e-07
 Reference value :  6.04268e-07
 Reference value :  6.05974e-07
 Reference value :  6.07668e-07
 Reference value :  6.09108e-07
 Reference value :  6.10628e-07
 Reference value :  6.12268e-07
 Reference value :  6.13868e-07
 Reference value :  6.15508e-07
 Reference value :  6.16828e-07
 Reference value :  6.18348e-07
 Reference value :  6.20068e-07
 Reference value :  6.21508e-07
 Reference value :  6.23108e-07
 Reference value :  6.24506e-07
 Reference value :  6.26188e-07
 Reference value :  6.28013e-07
 Reference value :  6.29348e-07
 Reference value :  6.30988e-07
 Reference value :  6.32468e-07
 Reference value :  6.34108e-07
 Reference value :  6.36001e-07
 Reference value :  6.37148e-07
 Reference value :  6.38748e-07
 Reference value :  6.40308e-07
 Reference value :  6.42012e-07
 Reference value :  6.43708e-07
 Reference value :  6.44868e-07
 Reference value :  6.46228e-07
 Reference value :  6.48025e-07
 Reference value :  6.49706e-07
 Reference value :  6.51268e-07
 Reference value :  6.52628e-07
 Reference value :  6.54040e-07
 Reference value :  6.55974e-07
 Reference value :  6.57388e-07
 Reference value :  6.58948e-07
 Reference value :  6.60428e-07
 Reference value :  6.62008e-07
 Reference value :  6.63828e-07
 Reference value :  6.65188e-07
 Reference value :  6.66708e-07
 Reference value :  6.68268e-07
 Reference value :  6.69868e-07
 Reference value :  6.71548e-07
 Reference value :  6.72986e-07
 Reference value :  6.74588e-07
 Reference value :  6.76228e-07
 Reference value :  6.77868e-07
 Reference value :  6.79468e-07
 Reference value :  6.80828e-07
 Reference value :  6.82428e-07
 Reference value :  6.84108e-07
 Reference value :  6.85628e-07
 Reference value :  6.87268e-07
 Reference value :  6.88748e-07
 Reference value :  6.90268e-07
 Reference value :  6.92026e-07
 Reference value :  6.93748e-07
 Reference value :  6.95348e-07
 Reference value :  6.96786e-07
 Reference value :  6.98348e-07
 Reference value :  7.00068e-07
 Reference value :  7.01588e-07
 Reference value :  7.03188e-07
 Reference value :  7.04548e-07
 Reference value :  7.06148e-07
 Reference value :  7.08013e-07
 Reference value :  7.09188e-07
 Reference value :  7.10788e-07
 Reference value :  7.12348e-07
 Reference value :  7.14013e-07
 Reference value :  7.15828e-07
 Reference value :  7.16868e-07
 Reference value :  7.18348e-07
 Reference value :  7.20068e-07
 Reference value :  7.21868e-07
 Reference value :  7.23388e-07
 Reference value :  7.24708e-07
 Reference value :  7.26188e-07
 Reference value :  7.28013e-07
 Reference value :  7.29668e-07
 Reference value :  7.31268e-07
 Reference value :  7.32628e-07
 Reference value :  7.34108e-07
 Reference value :  7.36008e-07
 Reference value :  7.37588e-07
 Reference value :  7.39228e-07
 Reference value :  7.40588e-07
 Reference value :  7.42026e-07
 Reference value :  7.43948e-07
 Reference value :  7.45468e-07
 Reference value :  7.47028e-07
 Reference value :  7.48468e-07
 Reference value :  7.50013e-07
 Reference value :  7.51868e-07
 Reference value :  7.53268e-07
 Reference value :  7.54788e-07
 Reference value :  7.56308e-07
 Reference value :  7.57974e-07
 Reference value :  7.59588e-07
 Reference value :  7.60908e-07
 Reference value :  7.62468e-07
 Reference value :  7.64148e-07
 Reference value :  7.65788e-07
 Reference value :  7.67388e-07
 Reference value :  7.68748e-07
 Reference value :  7.70348e-07
 Reference value :  7.72068e-07
 Reference value :  7.73348e-07
 Reference value :  7.74988e-07
 Reference value :  7.76468e-07
 Reference value :  7.78108e-07
 Reference value :  7.80001e-07
 Reference value :  7.81068e-07
 Reference value :  7.82668e-07
 Reference value :  7.84268e-07
 Reference value :  7.86008e-07
 Reference value :  7.87668e-07
 Reference value :  7.88828e-07
 Reference value :  7.90348e-07
 Reference value :  7.92068e-07
 Reference value :  7.93828e-07
 Reference value :  7.95468e-07
 Reference value :  7.96746e-07
 Reference value :  7.98348e-07
 Reference value :  8.00228e-07
 Reference value :  8.02015e-07
 Reference value :  8.03868e-07
 Reference value :  8.05068e-07
 Reference value :  8.06668e-07
 Reference value :  8.08268e-07
 Reference value :  8.10013e-07
 Reference value :  8.11708e-07
 Reference value :  8.12788e-07
 Reference value :  8.14268e-07
 Reference value :  8.16148e-07
 Reference value :  8.17948e-07
 Reference value :  8.19468e-07
 Reference value :  8.20746e-07
 Reference value :  8.22228e-07
 Reference value :  8.24019e-07
 Reference value :  8.25668e-07
 Reference value :  8.27228e-07
 Reference value :  8.28588e-07
 Reference value :  8.30068e-07
 Reference value :  8.32001e-07
 Reference value :  8.33548e-07
 Reference value :  8.35068e-07
 Reference value :  8.36508e-07
 Reference value :  8.38012e-07
 Reference value :  8.39748e-07
 Reference value :  8.41068e-07
 Reference value :  8.42588e-07
 Reference value :  8.44226e-07
 Reference value :  8.45746e-07
 Reference value :  8.47348e-07
 Reference value :  8.48748e-07
 Reference value :  8.50268e-07
 Reference value :  8.52026e-07
 Reference value :  8.53428e-07
 Reference value :  8.55028e-07
 Reference value :  8.56468e-07
 Reference value :  8.58068e-07
 Reference value :  8.59974e-07
 Reference value :  8.61068e-07
 Reference value :  8.62668e-07
 Reference value :  8.64268e-07
 Reference value :  8.66008e-07
 Reference value :  8.67668e-07
 Reference value :  8.68866e-07
 Reference value :  8.70308e-07
 Reference value :  8.72040e-07
 Reference value :  8.73748e-07
 Reference value :  8.75268e-07
 Reference value :  8.76588e-07
 Reference value :  8.78026e-07
 Reference value :  8.79948e-07
 Reference value :  8.81308e-07
 Reference value :  8.82828e-07
 Reference value :  8.84348e-07
 Reference value :  8.86000e-07
 Reference value :  8.87628e-07
 Reference value :  8.88988e-07
 Reference value :  8.90548e-07
 Reference value :  8.92186e-07
 Reference value :  8.93706e-07
 Reference value :  8.95348e-07
 Reference value :  8.96748e-07
 Reference value :  8.98308e-07
 Reference value :  9.00040e-07
 Reference value :  9.01308e-07
 Reference value :  9.02908e-07
 Reference value :  9.04428e-07
 Reference value :  9.06040e-07
 Reference value :  9.07908e-07
 Reference value :  9.08948e-07
 Reference value :  9.10548e-07
 Reference value :  9.12228e-07
 Reference value :  9.14001e-07
 Reference value :  9.15628e-07
 Reference value :  9.16866e-07
 Reference value :  9.18428e-07
 Reference value :  9.20108e-07
 Reference value :  9.21868e-07
 Reference value :  9.23388e-07
 Reference value :  9.24668e-07
 Reference value :  9.26148e-07
 Reference value :  9.28013e-07
 Reference value :  9.29548e-07
 Reference value :  9.31068e-07
 Reference value :  9.32428e-07
 Reference value :  9.34001e-07
 Reference value :  9.35628e-07
 Reference value :  9.37068e-07
 Reference value :  9.38588e-07
 Reference value :  9.40226e-07
 Reference value :  9.41826e-07
 Reference value :  9.43468e-07
 Reference value :  9.44908e-07
 Reference value :  9.46508e-07
 Reference value :  9.48188e-07
 Reference value :  9.49974e-07
 Reference value :  9.51708e-07
 Reference value :  9.52948e-07
 Reference value :  9.54508e-07
 Reference value :  9.56148e-07
 Reference value :  9.57708e-07
 Reference value :  9.59308e-07
 Reference value :  9.60668e-07
 Reference value :  9.62308e-07
 Reference value :  9.64108e-07
 Reference value :  9.65508e-07
 Reference value :  9.67148e-07
 Reference value :  9.68508e-07
 Reference value :  9.70188e-07
 Reference value :  9.72012e-07
 Reference value :  9.73228e-07
 Reference value :  9.74828e-07
 Reference value :  9.76388e-07
 Reference value :  9.78040e-07
 Reference value :  9.79948e-07
 Reference value :  9.81068e-07
 Reference value :  9.82668e-07
 Reference value :  9.84268e-07
 Reference value :  9.86004e-07
 Reference value :  9.87628e-07
 Reference value :  9.88788e-07
 Reference value :  9.90308e-07
 Reference value :  9.92040e-07
 Reference value :  9.93748e-07
 Reference value :  9.95268e-07
 Reference value :  9.96628e-07
 Reference value :  9.98026e-07
 Reference value :  9.99908e-07
 Reference value :  1.00123e-06
 Reference value :  1.00275e-06
 Reference value :  1.00431e-06
 Reference value :  1.00591e-06
 Reference value :  1.00747e-06
 Reference value :  1.00887e-06
 Reference value :  1.01051e-06
 Reference value :  1.01223e-06
 Reference value :  1.01395e-06
 Reference value :  1.01587e-06
 Reference value :  1.01735e-06
 Reference value :  1.01899e-06
 Reference value :  1.02055e-06
 Reference value :  1.02204e-06
 Reference value :  1.02397e-06
 Reference value :  1.02539e-06
 Reference value :  1.02695e-06
 Reference value :  1.02855e-06
 Reference value :  1.03000e-06
 Reference value :  1.03171e-06
 Reference value :  1.03307e-06
 Reference value :  1.03459e-06
 Reference value :  1.03619e-06
 Reference value :  1.03767e-06
 Reference value :  1.03927e-06
 Reference value :  1.04071e-06
 Reference value :  1.04227e-06
 Reference value :  1.04403e-06
 Reference value :  1.04543e-06
 Reference value :  1.04703e-06
 Reference value :  1.04851e-06
 Reference value :  1.05011e-06
 Reference value :  1.05200e-06
 Reference value :  1.05319e-06
 Reference value :  1.05483e-06
 Reference value :  1.05639e-06
 Reference value :  1.05803e-06
 Reference value :  1.05991e-06
 Reference value :  1.06107e-06
 Reference value :  1.06263e-06
 Reference value :  1.06427e-06
 Reference value :  1.06600e-06
 Reference value :  1.06763e-06
 Reference value :  1.06879e-06
 Reference value :  1.07035e-06
 Reference value :  1.07207e-06
 Reference value :  1.07383e-06
 Reference value :  1.07535e-06
 Reference value :  1.07667e-06
 Reference value :  1.07819e-06
 Reference value :  1.08002e-06
 Reference value :  1.08155e-06
 Reference value :  1.08307e-06
 Reference value :  1.08451e-06
 Reference value :  1.08603e-06
 Reference value :  1.08795e-06
 Reference value :  1.08935e-06
 Reference value :  1.09087e-06
 Reference value :  1.09239e-06
 Reference value :  1.09397e-06
 Reference value :  1.09563e-06
 Reference value :  1.09695e-06
 Reference value :  1.09851e-06
 Reference value :  1.10015e-06
 Reference value :  1.10163e-06
 Reference value :  1.10319e-06
 Reference value :  1.10459e-06
 Reference value :  1.10619e-06
 Reference value :  1.10801e-06
 Reference value :  1.10939e-06
 Reference value :  1.11103e-06
 Reference value :  1.11247e-06
 Reference value :  1.11407e-06
 Reference value :  1.11597e-06
 Reference value :  1.11711e-06
 Reference value :  1.11883e-06
 Reference value :  1.12035e-06
 Reference value :  1.12202e-06
 Reference value :  1.12379e-06
 Reference value :  1.12491e-06
 Reference value :  1.12639e-06
 Reference value :  1.12807e-06
 Reference value :  1.12979e-06
 Reference value :  1.13131e-06
 Reference value :  1.13263e-06
 Reference value :  1.13407e-06
 Reference value :  1.13600e-06
 Reference value :  1.13747e-06
 Reference value :  1.13899e-06
 Reference value :  1.14043e-06
 Reference value :  1.14201e-06
 Reference value :  1.14375e-06
 Reference value :  1.14511e-06
 Reference value :  1.14671e-06
 Reference value :  1.14827e-06
 Reference value :  1.14995e-06
 Reference value :  1.15155e-06
 Reference value :  1.15295e-06
 Reference value :  1.15447e-06
 Reference value :  1.15611e-06
 Reference value :  1.15747e-06
 Reference value :  1.15911e-06
 Reference value :  1.16051e-06
 Reference value :  1.16215e-06
 Reference value :  1.16400e-06
 Reference value :  1.16511e-06
 Reference value :  1.16667e-06
 Reference value :  1.16827e-06
 Reference value :  1.17001e-06
 Reference value :  1.17159e-06
 Reference value :  1.17275e-06
 Reference value :  1.17423e-06
 Reference value :  1.17602e-06
 Reference value :  1.17767e-06
 Reference value :  1.17919e-06
 Reference value :  1.18055e-06
 Reference value :  1.18204e-06
 Reference value :  1.18400e-06
 Reference value :  1.18543e-06
 Reference value :  1.18695e-06
 Reference value :  1.18839e-06
 Reference value :  1.19000e-06
 Reference value :  1.19163e-06
 Reference value :  1.19291e-06
 Reference value :  1.19443e-06
 Reference value :  1.19611e-06
 Reference value :  1.19759e-06
 Reference value :  1.19919e-06
 Reference value :  1.20055e-06
 Reference value :  1.20215e-06
 Reference value :  1.20401e-06
 Reference value :  1.20527e-06
 Reference value :  1.20687e-06
 Reference value :  1.20839e-06
 Reference value :  1.21003e-06
 Reference value :  1.21191e-06
 Reference value :  1.21299e-06
 Reference value :  1.21459e-06
 Reference value :  1.21623e-06
 Reference value :  1.21800e-06
 Reference value :  1.21963e-06
 Reference value :  1.22087e-06
 Reference value :  1.22231e-06
 Reference value :  1.22403e-06
 Reference value :  1.22571e-06
 Reference value :  1.22723e-06
 Reference value :  1.22859e-06
 Reference value :  1.23003e-06
 Reference value :  1.23197e-06
 Reference value :  1.23335e-06
 Reference value :  1.23491e-06
 Reference value :  1.23643e-06
 Reference value :  1.23801e-06
 Reference value :  1.23983e-06
 Reference value :  1.24119e-06
 Reference value :  1.24275e-06
 Reference value :  1.24427e-06
 Reference value :  1.24595e-06
 Reference value :  1.24751e-06
 Reference value :  1.24887e-06
 Reference value :  1.25039e-06
 Reference value :  1.25207e-06
 Reference value :  1.25351e-06
 Reference value :  1.25511e-06
 Reference value :  1.25651e-06
 Reference value :  1.25827e-06
 Reference value :  1.26007e-06
 Reference value :  1.26151e-06
 Reference value :  1.26311e-06
 Reference value :  1.26451e-06
 Reference value :  1.26615e-06
 Reference value :  1.26801e-06
 Reference value :  1.26923e-06
 Reference value :  1.27083e-06
 Reference value :  1.27239e-06
 Reference value :  1.27403e-06
 Reference value :  1.27591e-06
 Reference value :  1.27703e-06
 Reference value :  1.27863e-06
 Reference value :  1.28027e-06
 Reference value :  1.28201e-06
 Reference value :  1.28371e-06
 Reference value :  1.28491e-06
 Reference value :  1.28623e-06
 Reference value :  1.28804e-06
 Reference value :  1.28975e-06
 Reference value :  1.29135e-06
 Reference value :  1.29267e-06
 Reference value :  1.29411e-06
 Reference value :  1.29600e-06
 Reference value :  1.29751e-06
 Reference value :  1.29903e-06
 Reference value :  1.30047e-06
 Reference value :  1.30201e-06
 Reference value :  1.30387e-06
 Reference value :  1.30523e-06
 Reference value :  1.30675e-06
 Reference value :  1.30831e-06
 Reference value :  1.30995e-06
 Reference value :  1.31155e-06
 Reference value :  1.31291e-06
 Reference value :  1.31443e-06
 Reference value :  1.31611e-06
 Reference value :  1.31759e-06
 Reference value :  1.31919e-06
 Reference value :  1.32055e-06
 Reference value :  1.32219e-06
 Reference value :  1.32401e-06
 Reference value :  1.32527e-06
 Reference value :  1.32687e-06
 Reference value :  1.32843e-06
 Reference value :  1.33004e-06
 Reference value :  1.33191e-06
 Reference value :  1.33303e-06
 Reference value :  1.33463e-06
 Reference value :  1.33627e-06
 Reference value :  1.33800e-06
 Reference value :  1.33967e-06
 Reference value :  1.34087e-06
 Reference value :  1.34247e-06
 Reference value :  1.34415e-06
 Reference value :  1.34597e-06
 Reference value :  1.34755e-06
 Reference value :  1.34879e-06
 Reference value :  1.35019e-06
 Reference value :  1.35202e-06
 Reference value :  1.35367e-06
 Reference value :  1.35523e-06
 Reference value :  1.35663e-06
 Reference value :  1.35807e-06
 Reference value :  1.36000e-06
 Reference value :  1.36147e-06
 Reference value :  1.36303e-06
 Reference value :  1.36447e-06
 Reference value :  1.36602e-06
 Reference value :  1.36787e-06
 Reference value :  1.36923e-06
 Reference value :  1.37079e-06
 Reference value :  1.37231e-06
 Reference value :  1.37397e-06
 Reference value :  1.37559e-06
 Reference value :  1.37703e-06
 Reference value :  1.37863e-06
 Reference value :  1.38023e-06
 Reference value :  1.38175e-06
 Reference value :  1.38335e-06
 Reference value :  1.38467e-06
 Reference value :  1.38623e-06
 Reference value :  1.38802e-06
 Reference value :  1.38935e-06
 Reference value :  1.39099e-06
 Reference value :  1.39247e-06
 Reference value :  1.39411e-06
 Reference value :  1.39600e-06
 Reference value :  1.39719e-06
 Reference value :  1.39879e-06
 Reference value :  1.40035e-06
 Reference value :  1.40201e-06
 Reference value :  1.40379e-06
 Reference value :  1.40495e-06
 Reference value :  1.40659e-06
 Reference value :  1.40823e-06
 Reference value :  1.41000e-06
 Reference value :  1.41159e-06
 Reference value :  1.41283e-06
 Reference value :  1.41415e-06
 Reference value :  1.41601e-06
 Reference value :  1.41759e-06
 Reference value :  1.41911e-06
 Reference value :  1.42051e-06
 Reference value :  1.42201e-06
 Reference value :  1.42383e-06
 Reference value :  1.42523e-06
 Reference value :  1.42691e-06
 Reference value :  1.42847e-06
 Reference value :  1.43007e-06
 Reference value :  1.43201e-06
 Reference value :  1.43367e-06
 Reference value :  1.43523e-06
 Reference value :  1.43659e-06
 Reference value :  1.43811e-06
 Reference value :  1.44000e-06
 Reference value :  1.44151e-06
 Reference value :  1.44311e-06
 Reference value :  1.44451e-06
 Reference value :  1.44602e-06
 Reference value :  1.44791e-06
 Reference value :  1.44931e-06
 Reference value :  1.45071e-06
 Reference value :  1.45227e-06
 Reference value :  1.45387e-06
 Reference value :  1.45547e-06
 Reference value :  1.45691e-06
 Reference value :  1.45843e-06
 Reference value :  1.46011e-06
 Reference value :  1.46167e-06
 Reference value :  1.46327e-06
 Reference value :  1.46459e-06
 Reference value :  1.46615e-06
 Reference value :  1.46800e-06
 Reference value :  1.46919e-06
 Reference value :  1.47083e-06
 Reference value :  1.47239e-06
 Reference value :  1.47402e-06
 Reference value :  1.47579e-06
 Reference value :  1.47695e-06
 Reference value :  1.47847e-06
 Reference value :  1.48011e-06
 Reference value :  1.48171e-06
 Reference value :  1.48315e-06
 Reference value :  1.48455e-06
 Reference value :  1.48602e-06
 Reference value :  1.48795e-06
 Reference value :  1.48935e-06
 Reference value :  1.49091e-06
 Reference value :  1.49243e-06
 Reference value :  1.49401e-06
 Reference value :  1.49579e-06
 Reference value :  1.49715e-06
 Reference value :  1.49867e-06
 Reference value :  1.50023e-06
 Reference value :  1.50183e-06
 Reference value :  1.50343e-06
 Reference value :  1.50479e-06
 Reference value :  1.50631e-06
 Reference value :  1.50804e-06
 Reference value :  1.50947e-06
 Reference value :  1.51107e-06
 Reference value :  1.51247e-06
 Reference value :  1.51411e-06
 Reference value :  1.51600e-06
 Reference value :  1.51711e-06
 Reference value :  1.51879e-06
 Reference value :  1.52039e-06
 Reference value :  1.52204e-06
 Reference value :  1.52395e-06
 Reference value :  1.52503e-06
 Reference value :  1.52667e-06
 Reference value :  1.52827e-06
 Reference value :  1.53000e-06
 Reference value :  1.53163e-06
 Reference value :  1.53283e-06
 Reference value :  1.53435e-06
 Reference value :  1.53607e-06
 Reference value :  1.53783e-06
 Reference value :  1.53939e-06
 Reference value :  1.54071e-06
 Reference value :  1.54204e-06
 Reference value :  1.54397e-06
 Reference value :  1.54547e-06
 Reference value :  1.54699e-06
 Reference value :  1.54847e-06
 Reference value :  1.55000e-06
 Reference value :  1.55171e-06
 Reference value :  1.55307e-06
 Reference value :  1.55459e-06
 Reference value :  1.55619e-06
 Reference value :  1.55771e-06
 Reference value :  1.55931e-06
 Reference value :  1.56067e-06
 Reference value :  1.56219e-06
 Reference value :  1.56400e-06
 Reference value :  1.56523e-06
 Reference value :  1.56691e-06
 Reference value :  1.56843e-06
 Reference value :  1.57007e-06
 Reference value :  1.57197e-06
 Reference value :  1.57307e-06
 Reference value :  1.57463e-06
 Reference value :  1.57623e-06
 Reference value :  1.57787e-06
 Reference value :  1.57939e-06
 Reference value :  1.58067e-06
 Reference value :  1.58219e-06
 Reference value :  1.58403e-06
 Reference value :  1.58575e-06
 Reference value :  1.58727e-06
 Reference value :  1.58863e-06
 Reference value :  1.59011e-06
 Reference value :  1.59200e-06
 Reference value :  1.59339e-06
 Reference value :  1.59487e-06
 Reference value :  1.59635e-06
 Reference value :  1.59800e-06
 Reference value :  1.59963e-06
 Reference value :  1.60107e-06
 Reference value :  1.60259e-06
 Reference value :  1.60419e-06
 Reference value :  1.60563e-06
 Reference value :  1.60723e-06
 Reference value :  1.60855e-06
 Reference value :  1.61019e-06
 Reference value :  1.61201e-06
 Reference value :  1.61327e-06
 Reference value :  1.61487e-06
 Reference value :  1.61639e-06
 Reference value :  1.61803e-06
 Reference value :  1.61991e-06
 Reference value :  1.62107e-06
 Reference value :  1.62267e-06
 Reference value :  1.62431e-06
 Reference value :  1.62601e-06
 Reference value :  1.62783e-06
 Reference value :  1.62895e-06
 Reference value :  1.63055e-06
 Reference value :  1.63219e-06
 Reference value :  1.63400e-06
 Reference value :  1.63559e-06
 Reference value :  1.63683e-06
 Reference value :  1.63831e-06
 Reference value :  1.64004e-06
 Reference value :  1.64175e-06
 Reference value :  1.64331e-06
 Reference value :  1.64463e-06
 Reference value :  1.64607e-06
 Reference value :  1.64800e-06
 Reference value :  1.64947e-06
 Reference value :  1.65099e-06
 Reference value :  1.65247e-06
 Reference value :  1.65401e-06
 Reference value :  1.65587e-06
 Reference value :  1.65723e-06
 Reference value :  1.65875e-06
 Reference value :  1.66023e-06
 Reference value :  1.66163e-06
 Reference value :  1.66323e-06
 Reference value :  1.66463e-06
 Reference value :  1.66631e-06
 Reference value :  1.66807e-06
 Reference value :  1.66939e-06
 Reference value :  1.67107e-06
 Reference value :  1.67255e-06
 Reference value :  1.67423e-06
 Reference value :  1.67602e-06
 Reference value :  1.67747e-06
 Reference value :  1.67927e-06
 Reference value :  1.68083e-06
 Reference value :  1.68243e-06
 Reference value :  1.68411e-06
 Reference value :  1.68567e-06
 Reference value :  1.68727e-06
 Reference value :  1.68863e-06
 Reference value :  1.69019e-06
 Reference value :  1.69201e-06
 Reference value :  1.69327e-06
 Reference value :  1.69479e-06
 Reference value :  1.69639e-06
 Reference value :  1.69804e-06
 Reference value :  1.70000e-06
 Reference value :  1.70115e-06
 Reference value :  1.70275e-06
 Reference value :  1.70431e-06
 Reference value :  1.70601e-06
 Reference value :  1.70767e-06
 Reference value :  1.70879e-06
 Reference value :  1.71031e-06
 Reference value :  1.71203e-06
 Reference value :  1.71371e-06
 Reference value :  1.71523e-06
 Reference value :  1.71659e-06
 Reference value :  1.71811e-06
 Reference value :  1.72001e-06
 Reference value :  1.72151e-06
 Reference value :  1.72303e-06
 Reference value :  1.72447e-06
 Reference value :  1.72601e-06
 Reference value :  1.72779e-06
 Reference value :  1.72903e-06
 Reference value :  1.73063e-06
 Reference value :  1.73223e-06
 Reference value :  1.73371e-06
 Reference value :  1.73535e-06
 Reference value :  1.73671e-06
 Reference value :  1.73831e-06
 Reference value :  1.74011e-06
 Reference value :  1.74183e-06
 Reference value :  1.74343e-06
 Reference value :  1.74479e-06
 Reference value :  1.74631e-06
 Reference value :  1.74804e-06
 Reference value :  1.74951e-06
 Reference value :  1.75111e-06
 Reference value :  1.75251e-06
 Reference value :  1.75415e-06
 Reference value :  1.75600e-06
 Reference value :  1.75719e-06
 Reference value :  1.75879e-06
 Reference value :  1.76035e-06
 Reference value :  1.76202e-06
 Reference value :  1.76383e-06
 Reference value :  1.76499e-06
 Reference value :  1.76651e-06
 Reference value :  1.76819e-06
 Reference value :  1.77000e-06
 Reference value :  1.77155e-06
 Reference value :  1.77279e-06
 Reference value :  1.77427e-06
 Reference value :  1.77603e-06
 Reference value :  1.77771e-06
 Reference value :  1.77927e-06
 Reference value :  1.78063e-06
 Reference value :  1.78211e-06
 Reference value :  1.78401e-06
 Reference value :  1.78555e-06
 Reference value :  1.78711e-06
 Reference value :  1.78855e-06
 Reference value :  1.79004e-06
 Reference value :  1.79200e-06
 Reference value :  1.79351e-06
 Reference value :  1.79507e-06
 Reference value :  1.79651e-06
 Reference value :  1.79800e-06
 Reference value :  1.79971e-06
 Reference value :  1.80107e-06
 Reference value :  1.80251e-06
 Reference value :  1.80451e-06
 Reference value :  1.80591e-06
 Reference value :  1.80723e-06
 Reference value :  1.80839e-06
 Reference value :  1.80995e-06
 Reference value :  1.81107e-06
 Reference value :  1.81295e-06
 Reference value :  1.81563e-06
 Reference value :  1.81727e-06
 Reference value :  1.81863e-06
 Reference value :  1.82019e-06
 Reference value :  1.82159e-06
 Reference value :  1.82319e-06
 Reference value :  1.82439e-06
 Reference value :  1.82597e-06
 Reference value :  1.82715e-06
 Reference value :  1.82835e-06
 Reference value :  1.82967e-06
 Reference value :  1.83095e-06
 Reference value :  1.83223e-06
 Reference value :  1.83359e-06
 Reference value :  1.83471e-06
 Reference value :  1.83604e-06
 Reference value :  1.83707e-06
 Reference value :  1.83835e-06
 Reference value :  1.84000e-06
 Reference value :  1.84111e-06
 Reference value :  1.84231e-06
 Reference value :  1.84400e-06
 Reference value :  1.84491e-06
 Reference value :  1.84615e-06
 Reference value :  1.84783e-06
 Reference value :  1.84883e-06
 Reference value :  1.85011e-06
 Reference value :  1.85175e-06
 Reference value :  1.85267e-06
 Reference value :  1.85401e-06
 Reference value :  1.85547e-06
 Reference value :  1.85651e-06
 Reference value :  1.85801e-06
 Reference value :  1.85943e-06
 Reference value :  1.86051e-06
 Reference value :  1.86179e-06
 Reference value :  1.86299e-06
 Reference value :  1.86423e-06
 Reference value :  1.86575e-06
 Reference value :  1.86691e-06
 Reference value :  1.86819e-06
 Reference value :  1.86935e-06
 Reference value :  1.87055e-06
 Reference value :  1.87202e-06
 Reference value :  1.87331e-06
 Reference value :  1.87451e-06
 Reference value :  1.87601e-06
 Reference value :  1.87699e-06
 Reference value :  1.87823e-06
 Reference value :  1.87995e-06
 Reference value :  1.88095e-06
 Reference value :  1.88223e-06
 Reference value :  1.88395e-06
 Reference value :  1.88483e-06
 Reference value :  1.88615e-06
 Reference value :  1.88783e-06
 Reference value :  1.88887e-06
 Reference value :  1.89015e-06
 Reference value :  1.89179e-06
 Reference value :  1.89275e-06
 Reference value :  1.89402e-06
 Reference value :  1.89555e-06
 Reference value :  1.89655e-06
 Reference value :  1.89802e-06
 Reference value :  1.89943e-06
 Reference value :  1.90051e-06
 Reference value :  1.90187e-06
 Reference value :  1.90311e-06
 Reference value :  1.90431e-06
 Reference value :  1.90591e-06
 Reference value :  1.90707e-06
 Reference value :  1.90831e-06
 Reference value :  1.90963e-06
 Reference value :  1.91083e-06
 Reference value :  1.91215e-06
 Reference value :  1.91355e-06
 Reference value :  1.91475e-06
 Reference value :  1.91607e-06
 Reference value :  1.91723e-06
 Reference value :  1.91835e-06
 Reference value :  1.92007e-06
 Reference value :  1.92147e-06
 Reference value :  1.92267e-06
 Reference value :  1.92404e-06
 Reference value :  1.92507e-06
 Reference value :  1.92643e-06
 Reference value :  1.92801e-06
 Reference value :  1.92911e-06
 Reference value :  1.93023e-06
 Reference value :  1.93187e-06
 Reference value :  1.93275e-06
 Reference value :  1.93401e-06
 Reference value :  1.93547e-06
 Reference value :  1.93651e-06
 Reference value :  1.93802e-06
 Reference value :  1.93943e-06
 Reference value :  1.94051e-06
 Reference value :  1.94195e-06
 Reference value :  1.94315e-06
 Reference value :  1.94435e-06
 Reference value :  1.94583e-06
 Reference value :  1.94695e-06
 Reference value :  1.94819e-06
 Reference value :  1.94943e-06
 Reference value :  1.95091e-06
 Reference value :  1.95235e-06
 Reference value :  1.95395e-06
 Reference value :  1.95507e-06
 Reference value :  1.95631e-06
 Reference value :  1.95755e-06
 Reference value :  1.95883e-06
 Reference value :  1.96015e-06
 Reference value :  1.96155e-06
 Reference value :  1.96271e-06
 Reference value :  1.96407e-06
 Reference value :  1.96523e-06
 Reference value :  1.96647e-06
 Reference value :  1.96801e-06
 Reference value :  1.96927e-06
 Reference value :  1.97039e-06
 Reference value :  1.97201e-06
 Reference value :  1.97299e-06
 Reference value :  1.97427e-06
 Reference value :  1.97597e-06
 Reference value :  1.97699e-06
 Reference value :  1.97819e-06
 Reference value :  1.98000e-06
 Reference value :  1.98083e-06
 Reference value :  1.98211e-06
 Reference value :  1.98367e-06
 Reference value :  1.98475e-06
 Reference value :  1.98615e-06
 Reference value :  1.98783e-06
 Reference value :  1.98879e-06
 Reference value :  1.99001e-06
 Reference value :  1.99147e-06
 Reference value :  1.99251e-06
 Reference value :  1.99401e-06
 Reference value :  1.99539e-06
 Reference value :  1.99643e-06
 Reference value :  1.99771e-06
 Reference value :  1.99895e-06
 Reference value :  2.00023e-06
 Reference value :  2.00175e-06
 Reference value :  2.00299e-06
 Reference value :  2.00423e-06
 Reference value :  2.00547e-06
 Reference value :  2.00667e-06
 Reference value :  2.00804e-06
 Reference value :  2.00939e-06
 Reference value :  2.01059e-06
 Reference value :  2.01203e-06
 Reference value :  2.01315e-06
 Reference value :  2.01439e-06
 Reference value :  2.01600e-06
 Reference value :  2.01695e-06
 Reference value :  2.01815e-06
 Reference value :  2.01975e-06
 Reference value :  2.02071e-06
 Reference value :  2.02202e-06
 Reference value :  2.02355e-06
 Reference value :  2.02455e-06
 Reference value :  2.02602e-06
 Reference value :  2.02747e-06
 Reference value :  2.02855e-06
 Reference value :  2.02991e-06
 Reference value :  2.03111e-06
 Reference value :  2.03231e-06
 Reference value :  2.03383e-06
 Reference value :  2.03499e-06
 Reference value :  2.03623e-06
 Reference value :  2.03735e-06
 Reference value :  2.03851e-06
 Reference value :  2.04002e-06
 Reference value :  2.04127e-06
 Reference value :  2.04255e-06
 Reference value :  2.04402e-06
 Reference value :  2.04511e-06
 Reference value :  2.04627e-06
 Reference value :  2.04797e-06
 Reference value :  2.04903e-06
 Reference value :  2.05023e-06
 Reference value :  2.05195e-06
 Reference value :  2.05283e-06
 Reference value :  2.05402e-06
 Reference value :  2.05563e-06
 Reference value :  2.05675e-06
 Reference value :  2.05811e-06
 Reference value :  2.05971e-06
 Reference value :  2.06067e-06
 Reference value :  2.06200e-06
 Reference value :  2.06367e-06
 Reference value :  2.06471e-06
 Reference value :  2.06607e-06
 Reference value :  2.06767e-06
 Reference value :  2.06867e-06
 Reference value :  2.07001e-06
 Reference value :  2.07147e-06
 Reference value :  2.07255e-06
 Reference value :  2.07402e-06
 Reference value :  2.07547e-06
 Reference value :  2.07655e-06
 Reference value :  2.07800e-06
 Reference value :  2.07927e-06
 Reference value :  2.08039e-06
 Reference value :  2.08195e-06
 Reference value :  2.08311e-06
 Reference value :  2.08447e-06
 Reference value :  2.08579e-06
 Reference value :  2.08703e-06
 Reference value :  2.08827e-06
 Reference value :  2.08971e-06
 Reference value :  2.09083e-06
 Reference value :  2.09211e-06
 Reference value :  2.09323e-06
 Reference value :  2.09443e-06
 Reference value :  2.09601e-06
 Reference value :  2.09735e-06
 Reference value :  2.09855e-06
 Reference value :  2.10011e-06
 Reference value :  2.10135e-06
 Reference value :  2.10263e-06
 Reference value :  2.10403e-06
 Reference value :  2.10531e-06
 Reference value :  2.10647e-06
 Reference value :  2.10801e-06
 Reference value :  2.10891e-06
 Reference value :  2.11015e-06
 Reference value :  2.11175e-06
 Reference value :  2.11275e-06
 Reference value :  2.11403e-06
 Reference value :  2.11547e-06
 Reference value :  2.11655e-06
 Reference value :  2.11787e-06
 Reference value :  2.11907e-06
 Reference value :  2.12031e-06
 Reference value :  2.12175e-06
 Reference value :  2.12287e-06
 Reference value :  2.12415e-06
 Reference value :  2.12531e-06
 Reference value :  2.12655e-06
 Reference value :  2.12804e-06
 Reference value :  2.12959e-06
 Reference value :  2.13075e-06
 Reference value :  2.13207e-06
 Reference value :  2.13327e-06
 Reference value :  2.13447e-06
 Reference value :  2.13601e-06
 Reference value :  2.13735e-06
 Reference value :  2.13851e-06
 Reference value :  2.14001e-06
 Reference value :  2.14099e-06
 Reference value :  2.14219e-06
 Reference value :  2.14391e-06
 Reference value :  2.14491e-06
 Reference value :  2.14615e-06
 Reference value :  2.14779e-06
 Reference value :  2.14871e-06
 Reference value :  2.15000e-06
 Reference value :  2.15135e-06
 Reference value :  2.15247e-06
 Reference value :  2.15400e-06
 Reference value :  2.15527e-06
 Reference value :  2.15643e-06
 Reference value :  2.15779e-06
 Reference value :  2.15903e-06
 Reference value :  2.16043e-06
 Reference value :  2.16200e-06
 Reference value :  2.16323e-06
 Reference value :  2.16435e-06
 Reference value :  2.16575e-06
 Reference value :  2.16699e-06
 Reference value :  2.16827e-06
 Reference value :  2.16975e-06
 Reference value :  2.17095e-06
 Reference value :  2.17223e-06
 Reference value :  2.17347e-06
 Reference value :  2.17475e-06
 Reference value :  2.17611e-06
 Reference value :  2.17755e-06
 Reference value :  2.17883e-06
 Reference value :  2.18023e-06
 Reference value :  2.18131e-06
 Reference value :  2.18251e-06
 Reference value :  2.18401e-06
 Reference value :  2.18527e-06
 Reference value :  2.18647e-06
 Reference value :  2.18801e-06
 Reference value :  2.18887e-06
 Reference value :  2.19011e-06
 Reference value :  2.19175e-06
 Reference value :  2.19279e-06
 Reference value :  2.19407e-06
 Reference value :  2.19559e-06
 Reference value :  2.19659e-06
 Reference value :  2.19800e-06
 Reference value :  2.19927e-06
 Reference value :  2.20039e-06
 Reference value :  2.20197e-06
 Reference value :  2.20319e-06
 Reference value :  2.20435e-06
 Reference value :  2.20571e-06
 Reference value :  2.20695e-06
 Reference value :  2.20819e-06
 Reference value :  2.20959e-06
 Reference value :  2.21071e-06
 Reference value :  2.21204e-06
 Reference value :  2.21311e-06
 Reference value :  2.21431e-06
 Reference value :  2.21601e-06
 Reference value :  2.21707e-06
 Reference value :  2.21823e-06
 Reference value :  2.21979e-06
 Reference value :  2.22059e-06
 Reference value :  2.22183e-06
 Reference value :  2.22295e-06
 Reference value :  2.22415e-06
 Reference value :  2.22559e-06
 Reference value :  2.22675e-06
 Reference value :  2.22819e-06
 Reference value :  2.22951e-06
 Reference value :  2.23079e-06
 Reference value :  2.23215e-06
 Reference value :  2.23359e-06
 Reference value :  2.23471e-06
 Reference value :  2.23602e-06
 Reference value :  2.23695e-06
 Reference value :  2.23815e-06
 Reference value :  2.23979e-06
 Reference value :  2.24083e-06
 Reference value :  2.24211e-06
 Reference value :  2.24367e-06
 Reference value :  2.24455e-06
 Reference value :  2.24583e-06
 Reference value :  2.24707e-06
 Reference value :  2.24831e-06
 Reference value :  2.24983e-06
 Reference value :  2.25095e-06
 Reference value :  2.25211e-06
 Reference value :  2.25307e-06
 Reference value :  2.25427e-06
 Reference value :  2.25597e-06
 Reference value :  2.25703e-06
 Reference value :  2.25827e-06
 Reference value :  2.25995e-06
 Reference value :  2.26083e-06
 Reference value :  2.26211e-06
 Reference value :  2.26375e-06
 Reference value :  2.26475e-06
 Reference value :  2.26615e-06
 Reference value :  2.26783e-06
 Reference value :  2.26883e-06
 Reference value :  2.27015e-06
 Reference value :  2.27183e-06
 Reference value :  2.27267e-06
 Reference value :  2.27402e-06
 Reference value :  2.27543e-06
 Reference value :  2.27651e-06
 Reference value :  2.27779e-06
 Reference value :  2.27895e-06
 Reference value :  2.28019e-06
 Reference value :  2.28163e-06
 Reference value :  2.28279e-06
 Reference value :  2.28407e-06
 Reference value :  2.28519e-06
 Reference value :  2.28643e-06
 Reference value :  2.28801e-06
 Reference value :  2.28923e-06
 Reference value :  2.29039e-06
 Reference value :  2.29200e-06
 Reference value :  2.29291e-06
 Reference value :  2.29411e-06
 Reference value :  2.29567e-06
 Reference value :  2.29663e-06
 Reference value :  2.29803e-06
 Reference value :  2.29951e-06
 Reference value :  2.30051e-06
 Reference value :  2.30195e-06
 Reference value :  2.30311e-06
 Reference value :  2.30431e-06
 Reference value :  2.30587e-06
 Reference value :  2.30707e-06
 Reference value :  2.30827e-06
 Reference value :  2.30931e-06
 Reference value :  2.31075e-06
 Reference value :  2.31207e-06
 Reference value :  2.31347e-06
 Reference value :  2.31471e-06
 Reference value :  2.31604e-06
 Reference value :  2.31707e-06
 Reference value :  2.31827e-06
 Reference value :  2.31995e-06
 Reference value :  2.32103e-06
 Reference value :  2.32223e-06
 Reference value :  2.32395e-06
 Reference value :  2.32479e-06
 Reference value :  2.32607e-06
 Reference value :  2.32763e-06
 Reference value :  2.32855e-06
 Reference value :  2.33004e-06
 Reference value :  2.33151e-06
 Reference value :  2.33243e-06
 Reference value :  2.33375e-06
 Reference value :  2.33495e-06
 Reference value :  2.33623e-06
 Reference value :  2.33767e-06
 Reference value :  2.33875e-06
 Reference value :  2.34007e-06
 Reference value :  2.34115e-06
 Reference value :  2.34223e-06
 Reference value :  2.34387e-06
 Reference value :  2.34475e-06
 Reference value :  2.34604e-06
 Reference value :  2.34771e-06
 Reference value :  2.34867e-06
 Reference value :  2.35001e-06
 Reference value :  2.35135e-06
 Reference value :  2.35239e-06
 Reference value :  2.35383e-06
 Reference value :  2.35495e-06
 Reference value :  2.35611e-06
 Reference value :  2.35723e-06
 Reference value :  2.35851e-06
 Reference value :  2.36002e-06
 Reference value :  2.36127e-06
 Reference value :  2.36243e-06
 Reference value :  2.36400e-06
 Reference value :  2.36487e-06
 Reference value :  2.36611e-06
 Reference value :  2.36791e-06
 Reference value :  2.36903e-06
 Reference value :  2.37023e-06
 Reference value :  2.37179e-06
 Reference value :  2.37275e-06
 Reference value :  2.37401e-06
 Reference value :  2.37539e-06
 Reference value :  2.37639e-06
 Reference value :  2.37791e-06
 Reference value :  2.37903e-06
 Reference value :  2.38023e-06
 Reference value :  2.38139e-06
 Reference value :  2.38271e-06
 Reference value :  2.38402e-06
 Reference value :  2.38519e-06
 Reference value :  2.38627e-06
 Reference value :  2.38791e-06
 Reference value :  2.38875e-06
 Reference value :  2.39001e-06
 Reference value :  2.39147e-06
 Reference value :  2.39251e-06
 Reference value :  2.39401e-06
 Reference value :  2.39523e-06
 Reference value :  2.39627e-06
 Reference value :  2.39739e-06
 Reference value :  2.39859e-06
 Reference value :  2.40002e-06
 Reference value :  2.40135e-06
 Reference value :  2.40243e-06
 Reference value :  2.40401e-06
 Reference value :  2.40503e-06
 Reference value :  2.40619e-06
 Reference value :  2.40783e-06
 Reference value :  2.40883e-06
 Reference value :  2.41015e-06
 Reference value :  2.41179e-06
 Reference value :  2.41267e-06
 Reference value :  2.41401e-06
 Reference value :  2.41535e-06
 Reference value :  2.41647e-06
 Reference value :  2.41800e-06
 Reference value :  2.41919e-06
 Reference value :  2.42035e-06
 Reference value :  2.42167e-06
 Reference value :  2.42287e-06
 Reference value :  2.42415e-06
 Reference value :  2.42559e-06
 Reference value :  2.42675e-06
 Reference value :  2.42804e-06
 Reference value :  2.42903e-06
 Reference value :  2.43015e-06
 Reference value :  2.43179e-06
 Reference value :  2.43279e-06
 Reference value :  2.43407e-06
 Reference value :  2.43583e-06
 Reference value :  2.43687e-06
 Reference value :  2.43819e-06
 Reference value :  2.44000e-06
 Reference value :  2.44127e-06
 Reference value :  2.44235e-06
 Reference value :  2.44400e-06
 Reference value :  2.44483e-06
 Reference value :  2.44611e-06
 Reference value :  2.44771e-06
 Reference value :  2.44887e-06
 Reference value :  2.45027e-06
 Reference value :  2.45202e-06
 Reference value :  2.45319e-06
 Reference value :  2.45451e-06
 Reference value :  2.45604e-06
 Reference value :  2.45715e-06
 Reference value :  2.45819e-06
 Reference value :  2.45983e-06
 Reference value :  2.46075e-06
 Reference value :  2.46204e-06
 Reference value :  2.46363e-06
 Reference value :  2.46467e-06
 Reference value :  2.46604e-06
 Reference value :  2.46759e-06
 Reference value :  2.46867e-06
 Reference value :  2.47000e-06
 Reference value :  2.47123e-06
 Reference value :  2.47231e-06
 Reference value :  2.47379e-06
 Reference value :  2.47491e-06
 Reference value :  2.47619e-06
 Reference value :  2.47735e-06
 Reference value :  2.47855e-06
 Reference value :  2.48001e-06
 Reference value :  2.48127e-06
 Reference value :  2.48243e-06
 Reference value :  2.48401e-06
 Reference value :  2.48495e-06
 Reference value :  2.48619e-06
 Reference value :  2.48791e-06
 Reference value :  2.48891e-06
 Reference value :  2.49011e-06
 Reference value :  2.49155e-06
 Reference value :  2.49251e-06
 Reference value :  2.49397e-06
 Reference value :  2.49519e-06
 Reference value :  2.49647e-06
 Reference value :  2.49800e-06
 Reference value :  2.49915e-06
 Reference value :  2.50031e-06
 Reference value :  2.50151e-06
 Reference value :  2.50271e-06
 Reference value :  2.50404e-06
 Reference value :  2.50543e-06
 Reference value :  2.50663e-06
 Reference value :  2.50804e-06
 Reference value :  2.50911e-06
 Reference value :  2.51015e-06
 Reference value :  2.51167e-06
 Reference value :  2.51271e-06
 Reference value :  2.51419e-06
 Reference value :  2.51591e-06
 Reference value :  2.51679e-06
 Reference value :  2.51804e-06
 Reference value :  2.51959e-06
 Reference value :  2.52063e-06
 Reference value :  2.52203e-06
 Reference value :  2.52351e-06
 Reference value :  2.52459e-06
 Reference value :  2.52600e-06
 Reference value :  2.52723e-06
 Reference value :  2.52839e-06
 Reference value :  2.52995e-06
 Reference value :  2.53115e-06
 Reference value :  2.53231e-06
 Reference value :  2.53359e-06
 Reference value :  2.53487e-06
 Reference value :  2.53615e-06
 Reference value :  2.53755e-06
 Reference value :  2.53863e-06
 Reference value :  2.54002e-06
 Reference value :  2.54103e-06
 Reference value :  2.54227e-06
 Reference value :  2.54397e-06
 Reference value :  2.54503e-06
 Reference value :  2.54627e-06
 Reference value :  2.54795e-06
 Reference value :  2.54883e-06
 Reference value :  2.55011e-06
 Reference value :  2.55171e-06
 Reference value :  2.55275e-06
 Reference value :  2.55407e-06
 Reference value :  2.55563e-06
 Reference value :  2.55663e-06
 Reference value :  2.55801e-06
 Reference value :  2.55939e-06
 Reference value :  2.56047e-06
 Reference value :  2.56200e-06
 Reference value :  2.56327e-06
 Reference value :  2.56443e-06
 Reference value :  2.56567e-06
 Reference value :  2.56691e-06
 Reference value :  2.56823e-06
 Reference value :  2.56971e-06
 Reference value :  2.57095e-06
 Reference value :  2.57219e-06
 Reference value :  2.57327e-06
 Reference value :  2.57451e-06
 Reference value :  2.57601e-06
 Reference value :  2.57723e-06
 Reference value :  2.57839e-06
 Reference value :  2.58000e-06
 Reference value :  2.58091e-06
 Reference value :  2.58219e-06
 Reference value :  2.58391e-06
 Reference value :  2.58495e-06
 Reference value :  2.58619e-06
 Reference value :  2.58791e-06
 Reference value :  2.58883e-06
 Reference value :  2.59011e-06
 Reference value :  2.59179e-06
 Reference value :  2.59283e-06
 Reference value :  2.59411e-06
 Reference value :  2.59571e-06
 Reference value :  2.59667e-06
 Reference value :  2.59801e-06
 Reference value :  2.59939e-06
 Reference value :  2.60047e-06
 Reference value :  2.60201e-06
 Reference value :  2.60331e-06
 Reference value :  2.60443e-06
 Reference value :  2.60579e-06
 Reference value :  2.60699e-06
 Reference value :  2.60827e-06
 Reference value :  2.60983e-06
 Reference value :  2.61099e-06
 Reference value :  2.61223e-06
 Reference value :  2.61347e-06
 Reference value :  2.61471e-06
 Reference value :  2.61619e-06
 Reference value :  2.61791e-06
 Reference value :  2.61911e-06
 Reference value :  2.62031e-06
 Reference value :  2.62163e-06
 Reference value :  2.62287e-06
 Reference value :  2.62419e-06
 Reference value :  2.62563e-06
 Reference value :  2.62679e-06
 Reference value :  2.62811e-06
 Reference value :  2.62923e-06
 Reference value :  2.63047e-06
 Reference value :  2.63201e-06
 Reference value :  2.63323e-06
 Reference value :  2.63443e-06
 Reference value :  2.63601e-06
 Reference value :  2.63695e-06
 Reference value :  2.63819e-06
 Reference value :  2.63991e-06
 Reference value :  2.64099e-06
 Reference value :  2.64223e-06
 Reference value :  2.64397e-06
 Reference value :  2.64487e-06
 Reference value :  2.64607e-06
 Reference value :  2.64763e-06
 Reference value :  2.64883e-06
 Reference value :  2.65011e-06
 Reference value :  2.65175e-06
 Reference value :  2.65271e-06
 Reference value :  2.65402e-06
 Reference value :  2.65579e-06
 Reference value :  2.65691e-06
 Reference value :  2.65819e-06
 Reference value :  2.65991e-06
 Reference value :  2.66079e-06
 Reference value :  2.66203e-06
 Reference value :  2.66379e-06
 Reference value :  2.66479e-06
 Reference value :  2.66607e-06
 Reference value :  2.66763e-06
 Reference value :  2.66863e-06
 Reference value :  2.67000e-06
 Reference value :  2.67135e-06
 Reference value :  2.67247e-06
 Reference value :  2.67401e-06
 Reference value :  2.67543e-06
 Reference value :  2.67651e-06
 Reference value :  2.67797e-06
 Reference value :  2.67923e-06
 Reference value :  2.68039e-06
 Reference value :  2.68195e-06
 Reference value :  2.68335e-06
 Reference value :  2.68443e-06
 Reference value :  2.68583e-06
 Reference value :  2.68711e-06
 Reference value :  2.68835e-06
 Reference value :  2.68987e-06
 Reference value :  2.69103e-06
 Reference value :  2.69231e-06
 Reference value :  2.69363e-06
 Reference value :  2.69487e-06
 Reference value :  2.69615e-06
 Reference value :  2.69735e-06
 Reference value :  2.69839e-06
 Reference value :  2.70000e-06
 Reference value :  2.70083e-06
 Reference value :  2.70211e-06
 Reference value :  2.70371e-06
 Reference value :  2.70483e-06
 Reference value :  2.70611e-06
 Reference value :  2.70763e-06
 Reference value :  2.70863e-06
 Reference value :  2.71000e-06
 Reference value :  2.71127e-06
 Reference value :  2.71239e-06
 Reference value :  2.71375e-06
 Reference value :  2.71467e-06
 Reference value :  2.71604e-06
 Reference value :  2.71711e-06
 Reference value :  2.71839e-06
 Reference value :  2.72000e-06
 Reference value :  2.72115e-06
 Reference value :  2.72231e-06
 Reference value :  2.72397e-06
 Reference value :  2.72487e-06
 Reference value :  2.72607e-06
 Reference value :  2.72767e-06
 Reference value :  2.72863e-06
 Reference value :  2.73011e-06
 Reference value :  2.73167e-06
 Reference value :  2.73259e-06
 Reference value :  2.73391e-06
 Reference value :  2.73511e-06
 Reference value :  2.73635e-06
 Reference value :  2.73795e-06
 Reference value :  2.73915e-06
 Reference value :  2.74043e-06
 Reference value :  2.74187e-06
 Reference value :  2.74315e-06
 Reference value :  2.74439e-06
 Reference value :  2.74595e-06
 Reference value :  2.74711e-06
 Reference value :  2.74843e-06
 Reference value :  2.74979e-06
 Reference value :  2.75103e-06
 Reference value :  2.75227e-06
 Reference value :  2.75371e-06
 Reference value :  2.75471e-06
 Reference value :  2.75602e-06
 Reference value :  2.75699e-06
 Reference value :  2.75819e-06
 Reference value :  2.75995e-06
 Reference value :  2.76099e-06
 Reference value :  2.76215e-06
 Reference value :  2.76375e-06
 Reference value :  2.76467e-06
 Reference value :  2.76601e-06
 Reference value :  2.76739e-06
 Reference value :  2.76847e-06
 Reference value :  2.77000e-06
 Reference value :  2.77127e-06
 Reference value :  2.77239e-06
 Reference value :  2.77371e-06
 Reference value :  2.77491e-06
 Reference value :  2.77615e-06
 Reference value :  2.77755e-06
 Reference value :  2.77871e-06
 Reference value :  2.78004e-06
 Reference value :  2.78115e-06
 Reference value :  2.78235e-06
 Reference value :  2.78400e-06
 Reference value :  2.78503e-06
 Reference value :  2.78623e-06
 Reference value :  2.78795e-06
 Reference value :  2.78883e-06
 Reference value :  2.79003e-06
 Reference value :  2.79159e-06
 Reference value :  2.79271e-06
 Reference value :  2.79411e-06
 Reference value :  2.79567e-06
 Reference value :  2.79659e-06
 Reference value :  2.79795e-06
 Reference value :  2.79915e-06
 Reference value :  2.80035e-06
 Reference value :  2.80179e-06
 Reference value :  2.80287e-06
 Reference value :  2.80411e-06
 Reference value :  2.80527e-06
 Reference value :  2.80647e-06
 Reference value :  2.80801e-06
 Reference value :  2.80911e-06
 Reference value :  2.81027e-06
 Reference value :  2.81197e-06
 Reference value :  2.81279e-06
 Reference value :  2.81403e-06
 Reference value :  2.81555e-06
 Reference value :  2.81659e-06
 Reference value :  2.81801e-06
 Reference value :  2.81939e-06
 Reference value :  2.82043e-06
 Reference value :  2.82159e-06
 Reference value :  2.82279e-06
 Reference value :  2.82411e-06
 Reference value :  2.82551e-06
 Reference value :  2.82663e-06
 Reference value :  2.82802e-06
 Reference value :  2.82895e-06
 Reference value :  2.83015e-06
 Reference value :  2.83183e-06
 Reference value :  2.83287e-06
 Reference value :  2.83419e-06
 Reference value :  2.83587e-06
 Reference value :  2.83679e-06
 Reference value :  2.83807e-06
 Reference value :  2.83967e-06
 Reference value :  2.84059e-06
 Reference value :  2.84201e-06
 Reference value :  2.84331e-06
 Reference value :  2.84443e-06
 Reference value :  2.84583e-06
 Reference value :  2.84707e-06
 Reference value :  2.84827e-06
 Reference value :  2.84975e-06
 Reference value :  2.85091e-06
 Reference value :  2.85215e-06
 Reference value :  2.85335e-06
 Reference value :  2.85459e-06
 Reference value :  2.85602e-06
 Reference value :  2.85727e-06
 Reference value :  2.85847e-06
 Reference value :  2.86001e-06
 Reference value :  2.86091e-06
 Reference value :  2.86219e-06
 Reference value :  2.86387e-06
 Reference value :  2.86491e-06
 Reference value :  2.86615e-06
 Reference value :  2.86797e-06
 Reference value :  2.86887e-06
 Reference value :  2.87007e-06
 Reference value :  2.87163e-06
 Reference value :  2.87259e-06
 Reference value :  2.87402e-06
 Reference value :  2.87539e-06
 Reference value :  2.87639e-06
 Reference value :  2.87797e-06
 Reference value :  2.87919e-06
 Reference value :  2.88071e-06
 Reference value :  2.88207e-06
 Reference value :  2.88359e-06
 Reference value :  2.88459e-06
 Reference value :  2.88591e-06
 Reference value :  2.88711e-06
 Reference value :  2.88831e-06
 Reference value :  2.88979e-06
 Reference value :  2.89091e-06
 Reference value :  2.89215e-06
 Reference value :  2.89319e-06
 Reference value :  2.89431e-06
 Reference value :  2.89591e-06
 Reference value :  2.89691e-06
 Reference value :  2.89815e-06
 Reference value :  2.89975e-06
 Reference value :  2.90075e-06
 Reference value :  2.90202e-06
 Reference value :  2.90355e-06
 Reference value :  2.90459e-06
 Reference value :  2.90602e-06
 Reference value :  2.90747e-06
 Reference value :  2.90855e-06
 Reference value :  2.90991e-06
 Reference value :  2.91107e-06
 Reference value :  2.91227e-06
 Reference value :  2.91395e-06
 Reference value :  2.91515e-06
 Reference value :  2.91631e-06
 Reference value :  2.91767e-06
 Reference value :  2.91891e-06
 Reference value :  2.92019e-06
 Reference value :  2.92159e-06
 Reference value :  2.92275e-06
 Reference value :  2.92407e-06
 Reference value :  2.92515e-06
 Reference value :  2.92627e-06
 Reference value :  2.92795e-06
 Reference value :  2.92903e-06
 Reference value :  2.93019e-06
 Reference value :  2.93187e-06
 Reference value :  2.93279e-06
 Reference value :  2.93407e-06
 Reference value :  2.93571e-06
 Reference value :  2.93675e-06
 Reference value :  2.93811e-06
 Reference value :  2.93971e-06
 Reference value :  2.94063e-06
 Reference value :  2.94201e-06
 Reference value :  2.94331e-06
 Reference value :  2.94443e-06
 Reference value :  2.94600e-06
 Reference value :  2.94719e-06
 Reference value :  2.94835e-06
 Reference value :  2.94955e-06
 Reference value :  2.95079e-06
 Reference value :  2.95215e-06
 Reference value :  2.95355e-06
 Reference value :  2.95475e-06
 Reference value :  2.95607e-06
 Reference value :  2.95715e-06
 Reference value :  2.95843e-06
 Reference value :  2.96001e-06
 Reference value :  2.96127e-06
 Reference value :  2.96247e-06
 Reference value :  2.96401e-06
 Reference value :  2.96503e-06
 Reference value :  2.96639e-06
 Reference value :  2.96801e-06
 Reference value :  2.96927e-06
 Reference value :  2.97051e-06
 Reference value :  2.97202e-06
 Reference value :  2.97311e-06
 Reference value :  2.97439e-06
 Reference value :  2.97601e-06
 Reference value :  2.97723e-06
 Reference value :  2.97843e-06
 Reference value :  2.98001e-06
 Reference value :  2.98103e-06
 Reference value :  2.98223e-06
 Reference value :  2.98395e-06
 Reference value :  2.98499e-06
 Reference value :  2.98639e-06
 Reference value :  2.98800e-06
 Reference value :  2.98887e-06
 Reference value :  2.99011e-06
 Reference value :  2.99179e-06
 Reference value :  2.99283e-06
 Reference value :  2.99415e-06
 Reference value :  2.99583e-06
 Reference value :  2.99679e-06
 Reference value :  2.99811e-06
 Reference value :  2.99975e-06
 Reference value :  3.00079e-06
 Reference value :  3.00211e-06
 Reference value :  3.00363e-06
 Reference value :  3.00463e-06
 Reference value :  3.00600e-06
 Reference value :  3.00739e-06
 Reference value :  3.00851e-06
 Reference value :  3.01001e-06
 Reference value :  3.01143e-06
 Reference value :  3.01251e-06
 Reference value :  3.01379e-06
 Reference value :  3.01503e-06
 Reference value :  3.01627e-06
 Reference value :  3.01763e-06
 Reference value :  3.01875e-06
 Reference value :  3.02007e-06
 Reference value :  3.02111e-06
 Reference value :  3.02243e-06
 Reference value :  3.02401e-06
 Reference value :  3.02523e-06
 Reference value :  3.02643e-06
 Reference value :  3.02801e-06
 Reference value :  3.02907e-06
 Reference value :  3.03027e-06
 Reference value :  3.03195e-06
 Reference value :  3.03303e-06
 Reference value :  3.03427e-06
 Reference value :  3.03600e-06
 Reference value :  3.03691e-06
 Reference value :  3.03819e-06
 Reference value :  3.03987e-06
 Reference value :  3.04087e-06
 Reference value :  3.04215e-06
 Reference value :  3.04379e-06
 Reference value :  3.04475e-06
 Reference value :  3.04602e-06
 Reference value :  3.04763e-06
 Reference value :  3.04867e-06
 Reference value :  3.05007e-06
 Reference value :  3.05167e-06
 Reference value :  3.05267e-06
 Reference value :  3.05401e-06
 Reference value :  3.05547e-06
 Reference value :  3.05651e-06
 Reference value :  3.05801e-06
 Reference value :  3.05947e-06
 Reference value :  3.06059e-06
 Reference value :  3.06200e-06
 Reference value :  3.06339e-06
 Reference value :  3.06447e-06
 Reference value :  3.06600e-06
 Reference value :  3.06731e-06
 Reference value :  3.06839e-06
 Reference value :  3.06979e-06
 Reference value :  3.07107e-06
 Reference value :  3.07231e-06
 Reference value :  3.07391e-06
 Reference value :  3.07511e-06
 Reference value :  3.07631e-06
 Reference value :  3.07739e-06
 Reference value :  3.07859e-06
 Reference value :  3.08002e-06
 Reference value :  3.08135e-06
 Reference value :  3.08255e-06
 Reference value :  3.08401e-06
 Reference value :  3.08495e-06
 Reference value :  3.08615e-06
 Reference value :  3.08783e-06
 Reference value :  3.08899e-06
 Reference value :  3.09035e-06
 Reference value :  3.09200e-06
 Reference value :  3.09283e-06
 Reference value :  3.09411e-06
 Reference value :  3.09575e-06
 Reference value :  3.09671e-06
 Reference value :  3.09807e-06
 Reference value :  3.09959e-06
 Reference value :  3.10063e-06
 Reference value :  3.10201e-06
 Reference value :  3.10351e-06
 Reference value :  3.10459e-06
 Reference value :  3.10602e-06
 Reference value :  3.10751e-06
 Reference value :  3.10855e-06
 Reference value :  3.10991e-06
 Reference value :  3.11115e-06
 Reference value :  3.11235e-06
 Reference value :  3.11391e-06
 Reference value :  3.11511e-06
 Reference value :  3.11635e-06
 Reference value :  3.11763e-06
 Reference value :  3.11883e-06
 Reference value :  3.12015e-06
 Reference value :  3.12159e-06
 Reference value :  3.12275e-06
 Reference value :  3.12407e-06
 Reference value :  3.12523e-06
 Reference value :  3.12651e-06
 Reference value :  3.12802e-06
 Reference value :  3.12931e-06
 Reference value :  3.13055e-06
 Reference value :  3.13202e-06
 Reference value :  3.13311e-06
 Reference value :  3.13443e-06
 Reference value :  3.13601e-06
 Reference value :  3.13727e-06
 Reference value :  3.13851e-06
 Reference value :  3.14007e-06
 Reference value :  3.14115e-06
 Reference value :  3.14243e-06
 Reference value :  3.14401e-06
 Reference value :  3.14515e-06
 Reference value :  3.14635e-06
 Reference value :  3.14801e-06
 Reference value :  3.14891e-06
 Reference value :  3.15019e-06
 Reference value :  3.15195e-06
 Reference value :  3.15307e-06
 Reference value :  3.15431e-06
 Reference value :  3.15601e-06
 Reference value :  3.15723e-06
 Reference value :  3.15879e-06
 Reference value :  3.16011e-06
 Reference value :  3.16155e-06
 Reference value :  3.16275e-06
 Reference value :  3.16407e-06
 Reference value :  3.16523e-06
 Reference value :  3.16647e-06
 Reference value :  3.16801e-06
 Reference value :  3.16923e-06
 Reference value :  3.17047e-06
 Reference value :  3.17201e-06
 Reference value :  3.17307e-06
 Reference value :  3.17431e-06
 Reference value :  3.17600e-06
 Reference value :  3.17711e-06
 Reference value :  3.17831e-06
 Reference value :  3.18000e-06
 Reference value :  3.18079e-06
 Reference value :  3.18211e-06
 Reference value :  3.18379e-06
 Reference value :  3.18479e-06
 Reference value :  3.18611e-06
 Reference value :  3.18775e-06
 Reference value :  3.18875e-06
 Reference value :  3.19004e-06
 Reference value :  3.19163e-06
 Reference value :  3.19267e-06
 Reference value :  3.19402e-06
 Reference value :  3.19539e-06
 Reference value :  3.19647e-06
 Reference value :  3.19791e-06
 Reference value :  3.19915e-06
No. of Data Rows : 94280
sim/harness: analysis complete
Note: Simulation executed from .control section 
