
Note: Compatibility modes selected: hs a


Circuit: ** sch_path: /home/ubuntu/github/sky130-pll/.loom/worktrees/issue-210/sim/vco-supply-pushing/testbench/tb_vco_pushing.sch

option SCALE: Scale is set to 1e-06 for instance and model parameters
option SCALE: Scale is set to 1e-06 for instance and model parameters
option SCALE: Scale is set to 1e-06 for instance and model parameters
option SCALE: Scale is set to 1e-06 for instance and model parameters
Doing analysis at TEMP = 125.000000 and TNOM = 27.000000

Using KLU as Direct Linear Solver
Operating point simulation skipped by 'uic',
  now using transient initial conditions.
 Reference value :  5.00000e-14
 Reference value :  5.14827e-14
 Reference value :  7.22402e-14
 Reference value :  1.37062e-13
 Reference value :  2.45656e-13
 Reference value :  4.05534e-13
 Reference value :  6.81513e-13
 Reference value :  1.21142e-12
 Reference value :  2.14515e-12
 Reference value :  4.01216e-12
 Reference value :  5.19757e-12
 Reference value :  7.96353e-12
 Reference value :  1.61757e-11
 Reference value :  2.69190e-11
 Reference value :  4.16728e-11
 Reference value :  5.67508e-11
 Reference value :  7.35154e-11
 Reference value :  9.47573e-11
 Reference value :  1.25830e-10
 Reference value :  1.77461e-10
 Reference value :  2.63443e-10
 Reference value :  2.99606e-10
 Reference value :  3.22983e-10
 Reference value :  3.39257e-10
 Reference value :  3.76067e-10
 Reference value :  3.87264e-10
 Reference value :  3.97961e-10
 Reference value :  4.22006e-10
 Reference value :  4.58768e-10
 Reference value :  5.51921e-10
 Reference value :  6.51921e-10
 Reference value :  7.51921e-10
 Reference value :  8.51921e-10
 Reference value :  9.51921e-10
 Reference value :  1.05192e-09
 Reference value :  1.15192e-09
 Reference value :  1.25192e-09
 Reference value :  1.35192e-09
 Reference value :  1.45192e-09
 Reference value :  1.55192e-09
 Reference value :  1.65192e-09
 Reference value :  1.75192e-09
 Reference value :  1.85192e-09
 Reference value :  1.95192e-09
 Reference value :  2.05192e-09
 Reference value :  2.15192e-09
 Reference value :  2.25192e-09
 Reference value :  2.32142e-09
 Reference value :  2.33373e-09
 Reference value :  2.34667e-09
 Reference value :  2.37108e-09
 Reference value :  2.37797e-09
 Reference value :  2.39533e-09
 Reference value :  2.42071e-09
 Reference value :  2.45800e-09
 Reference value :  2.52090e-09
 Reference value :  2.59860e-09
 Reference value :  2.69860e-09
 Reference value :  2.79860e-09
 Reference value :  2.94860e-09
 Reference value :  3.04860e-09
 Reference value :  3.14860e-09
 Reference value :  3.24860e-09
 Reference value :  3.34860e-09
 Reference value :  3.44860e-09
 Reference value :  3.59860e-09
 Reference value :  3.69860e-09
 Reference value :  3.72971e-09
 Reference value :  3.74693e-09
 Reference value :  3.77472e-09
 Reference value :  3.78637e-09
 Reference value :  3.80578e-09
 Reference value :  3.81278e-09
 Reference value :  3.82763e-09
 Reference value :  3.84457e-09
 Reference value :  3.89611e-09
 Reference value :  4.01615e-09
 Reference value :  4.11437e-09
 Reference value :  4.21437e-09
 Reference value :  4.31437e-09
 Reference value :  4.41437e-09
 Reference value :  4.51437e-09
 Reference value :  4.66437e-09
 Reference value :  4.76437e-09
 Reference value :  4.86437e-09
 Reference value :  4.96437e-09
 Reference value :  5.11437e-09
 Reference value :  5.15789e-09
 Reference value :  5.17500e-09
 Reference value :  5.19970e-09
 Reference value :  5.22234e-09
 Reference value :  5.22928e-09
 Reference value :  5.24638e-09
 Reference value :  5.27123e-09
 Reference value :  5.34982e-09
 Reference value :  5.42324e-09
 Reference value :  5.51579e-09
 Reference value :  5.61579e-09
 Reference value :  5.71579e-09
 Reference value :  5.81579e-09
 Reference value :  5.91579e-09
 Reference value :  6.01579e-09
 Reference value :  6.11579e-09
 Reference value :  6.21579e-09
 Reference value :  6.36579e-09
 Reference value :  6.51579e-09
 Reference value :  6.58735e-09
 Reference value :  6.60317e-09
 Reference value :  6.61606e-09
 Reference value :  6.62652e-09
 Reference value :  6.64721e-09
 Reference value :  6.65424e-09
 Reference value :  6.66112e-09
 Reference value :  6.67752e-09
 Reference value :  6.72716e-09
 Reference value :  6.80136e-09
 Reference value :  6.88723e-09
 Reference value :  6.98723e-09
 Reference value :  7.08723e-09
 Reference value :  7.18723e-09
 Reference value :  7.28723e-09
 Reference value :  7.43723e-09
 Reference value :  7.53723e-09
 Reference value :  7.63723e-09
 Reference value :  7.73723e-09
 Reference value :  7.83723e-09
 Reference value :  7.98723e-09
 Reference value :  8.00832e-09
 Reference value :  8.02087e-09
 Reference value :  8.03175e-09
 Reference value :  8.05533e-09
 Reference value :  8.06178e-09
 Reference value :  8.06913e-09
 Reference value :  8.09830e-09
 Reference value :  8.15274e-09
 Reference value :  8.22734e-09
 Reference value :  8.30908e-09
 Reference value :  8.40908e-09
 Reference value :  8.50908e-09
 Reference value :  8.65908e-09
 Reference value :  8.75908e-09
 Reference value :  8.85908e-09
 Reference value :  8.95908e-09
 Reference value :  9.05908e-09
 Reference value :  9.20908e-09
 Reference value :  9.35908e-09
 Reference value :  9.43078e-09
 Reference value :  9.44607e-09
 Reference value :  9.45768e-09
 Reference value :  9.46909e-09
 Reference value :  9.47982e-09
 Reference value :  9.49583e-09
 Reference value :  9.51059e-09
 Reference value :  9.54491e-09
 Reference value :  9.65882e-09
 Reference value :  9.74805e-09
 Reference value :  9.84805e-09
 Reference value :  9.94805e-09
 Reference value :  1.00481e-08
 Reference value :  1.01481e-08
 Reference value :  1.02981e-08
 Reference value :  1.03981e-08
 Reference value :  1.04981e-08
 Reference value :  1.05981e-08
 Reference value :  1.06981e-08
 Reference value :  1.07981e-08
 Reference value :  1.08397e-08
 Reference value :  1.08562e-08
 Reference value :  1.08811e-08
 Reference value :  1.09037e-08
 Reference value :  1.09108e-08
 Reference value :  1.09409e-08
 Reference value :  1.09932e-08
 Reference value :  1.10254e-08
 Reference value :  1.10976e-08
 Reference value :  1.11934e-08
 Reference value :  1.12934e-08
 Reference value :  1.13934e-08
 Reference value :  1.14934e-08
 Reference value :  1.15934e-08
 Reference value :  1.16934e-08
 Reference value :  1.17934e-08
 Reference value :  1.18934e-08
 Reference value :  1.20434e-08
 Reference value :  1.21434e-08
 Reference value :  1.22434e-08
 Reference value :  1.22645e-08
 Reference value :  1.22803e-08
 Reference value :  1.22948e-08
 Reference value :  1.23052e-08
 Reference value :  1.23249e-08
 Reference value :  1.23318e-08
 Reference value :  1.23384e-08
 Reference value :  1.23618e-08
 Reference value :  1.23897e-08
 Reference value :  1.24976e-08
 Reference value :  1.26362e-08
 Reference value :  1.27362e-08
 Reference value :  1.28362e-08
 Reference value :  1.29362e-08
 Reference value :  1.30362e-08
 Reference value :  1.31362e-08
 Reference value :  1.32362e-08
 Reference value :  1.33362e-08
 Reference value :  1.34362e-08
 Reference value :  1.35362e-08
 Reference value :  1.36362e-08
 Reference value :  1.36800e-08
 Reference value :  1.36972e-08
 Reference value :  1.37218e-08
 Reference value :  1.37444e-08
 Reference value :  1.37513e-08
 Reference value :  1.37797e-08
 Reference value :  1.38094e-08
 Reference value :  1.39055e-08
 Reference value :  1.39843e-08
 Reference value :  1.40843e-08
 Reference value :  1.41843e-08
 Reference value :  1.43343e-08
 Reference value :  1.44343e-08
 Reference value :  1.45343e-08
 Reference value :  1.46343e-08
 Reference value :  1.47343e-08
 Reference value :  1.48843e-08
 Reference value :  1.50343e-08
 Reference value :  1.51062e-08
 Reference value :  1.51218e-08
 Reference value :  1.51361e-08
 Reference value :  1.51595e-08
 Reference value :  1.51735e-08
 Reference value :  1.51801e-08
 Reference value :  1.51956e-08
 Reference value :  1.52129e-08
 Reference value :  1.52997e-08
 Reference value :  1.54277e-08
 Reference value :  1.55277e-08
 Reference value :  1.56277e-08
 Reference value :  1.57277e-08
 Reference value :  1.58277e-08
 Reference value :  1.59777e-08
 Reference value :  1.60777e-08
 Reference value :  1.61777e-08
 Reference value :  1.62777e-08
 Reference value :  1.63777e-08
 Reference value :  1.64777e-08
 Reference value :  1.65214e-08
 Reference value :  1.65383e-08
 Reference value :  1.65498e-08
 Reference value :  1.65627e-08
 Reference value :  1.65854e-08
 Reference value :  1.65921e-08
 Reference value :  1.66197e-08
 Reference value :  1.66690e-08
 Reference value :  1.67313e-08
 Reference value :  1.68066e-08
 Reference value :  1.69066e-08
 Reference value :  1.70066e-08
 Reference value :  1.71566e-08
 Reference value :  1.73066e-08
 Reference value :  1.74066e-08
 Reference value :  1.75066e-08
 Reference value :  1.76566e-08
 Reference value :  1.78066e-08
 Reference value :  1.79066e-08
 Reference value :  1.79374e-08
 Reference value :  1.79544e-08
 Reference value :  1.79709e-08
 Reference value :  1.79822e-08
 Reference value :  1.79939e-08
 Reference value :  1.80133e-08
 Reference value :  1.80203e-08
 Reference value :  1.80352e-08
 Reference value :  1.80700e-08
 Reference value :  1.81395e-08
 Reference value :  1.82224e-08
 Reference value :  1.83696e-08
 Reference value :  1.84696e-08
 Reference value :  1.85696e-08
 Reference value :  1.86696e-08
 Reference value :  1.88196e-08
 Reference value :  1.89196e-08
 Reference value :  1.90196e-08
 Reference value :  1.91196e-08
 Reference value :  1.92196e-08
 Reference value :  1.93196e-08
 Reference value :  1.93625e-08
 Reference value :  1.93794e-08
 Reference value :  1.93909e-08
 Reference value :  1.94184e-08
 Reference value :  1.94267e-08
 Reference value :  1.94335e-08
 Reference value :  1.94617e-08
 Reference value :  1.94914e-08
 Reference value :  1.95807e-08
 Reference value :  1.96581e-08
 Reference value :  1.97581e-08
 Reference value :  1.98581e-08
 Reference value :  2.00081e-08
 Reference value :  2.01081e-08
 Reference value :  2.02081e-08
 Reference value :  2.03081e-08
 Reference value :  2.04081e-08
 Reference value :  2.05581e-08
 Reference value :  2.06581e-08
 Reference value :  2.07581e-08
 Reference value :  2.07826e-08
 Reference value :  2.07986e-08
 Reference value :  2.08153e-08
 Reference value :  2.08259e-08
 Reference value :  2.08393e-08
 Reference value :  2.08569e-08
 Reference value :  2.08641e-08
 Reference value :  2.08887e-08
 Reference value :  2.09503e-08
 Reference value :  2.10321e-08
 Reference value :  2.11240e-08
 Reference value :  2.12240e-08
 Reference value :  2.13240e-08
 Reference value :  2.14240e-08
 Reference value :  2.15240e-08
 Reference value :  2.16240e-08
 Reference value :  2.17240e-08
 Reference value :  2.18240e-08
 Reference value :  2.19240e-08
 Reference value :  2.20240e-08
 Reference value :  2.21740e-08
 Reference value :  2.22073e-08
 Reference value :  2.22223e-08
 Reference value :  2.22474e-08
 Reference value :  2.22700e-08
 Reference value :  2.22775e-08
 Reference value :  2.23081e-08
 Reference value :  2.23647e-08
 Reference value :  2.23978e-08
 Reference value :  2.24711e-08
 Reference value :  2.25703e-08
 Reference value :  2.26703e-08
 Reference value :  2.27703e-08
 Reference value :  2.28703e-08
 Reference value :  2.29703e-08
 Reference value :  2.30703e-08
 Reference value :  2.31703e-08
 Reference value :  2.33203e-08
 Reference value :  2.34703e-08
 Reference value :  2.35703e-08
 Reference value :  2.36404e-08
 Reference value :  2.36546e-08
 Reference value :  2.36656e-08
 Reference value :  2.36880e-08
 Reference value :  2.37036e-08
 Reference value :  2.37276e-08
 Reference value :  2.37560e-08
 Reference value :  2.38678e-08
 Reference value :  2.40075e-08
 Reference value :  2.41075e-08
 Reference value :  2.42075e-08
 Reference value :  2.43075e-08
 Reference value :  2.44075e-08
 Reference value :  2.45575e-08
 Reference value :  2.46575e-08
 Reference value :  2.48075e-08
 Reference value :  2.49075e-08
 Reference value :  2.50075e-08
 Reference value :  2.50472e-08
 Reference value :  2.50633e-08
 Reference value :  2.50745e-08
 Reference value :  2.51029e-08
 Reference value :  2.51182e-08
 Reference value :  2.51488e-08
 Reference value :  2.52025e-08
 Reference value :  2.52721e-08
 Reference value :  2.53537e-08
 Reference value :  2.54537e-08
 Reference value :  2.55537e-08
 Reference value :  2.57037e-08
 Reference value :  2.58037e-08
 Reference value :  2.59037e-08
 Reference value :  2.60037e-08
 Reference value :  2.61037e-08
 Reference value :  2.62037e-08
 Reference value :  2.63037e-08
 Reference value :  2.64037e-08
 Reference value :  2.64746e-08
 Reference value :  2.65032e-08
 Reference value :  2.65258e-08
 Reference value :  2.65341e-08
 Reference value :  2.65412e-08
 Reference value :  2.65480e-08
 Reference value :  2.65723e-08
 Reference value :  2.66408e-08
 Reference value :  2.67697e-08
 Reference value :  2.69197e-08
 Reference value :  2.70197e-08
 Reference value :  2.71197e-08
 Reference value :  2.72697e-08
 Reference value :  2.73697e-08
 Reference value :  2.75197e-08
 Reference value :  2.76697e-08
 Reference value :  2.77697e-08
 Reference value :  2.78927e-08
 Reference value :  2.79162e-08
 Reference value :  2.79417e-08
 Reference value :  2.79486e-08
 Reference value :  2.79553e-08
 Reference value :  2.79722e-08
 Reference value :  2.80130e-08
 Reference value :  2.81037e-08
 Reference value :  2.81812e-08
 Reference value :  2.82812e-08
 Reference value :  2.83812e-08
 Reference value :  2.85312e-08
 Reference value :  2.86312e-08
 Reference value :  2.87312e-08
 Reference value :  2.88312e-08
 Reference value :  2.89312e-08
 Reference value :  2.90312e-08
 Reference value :  2.91812e-08
 Reference value :  2.92812e-08
 Reference value :  2.93051e-08
 Reference value :  2.93212e-08
 Reference value :  2.93378e-08
 Reference value :  2.93484e-08
 Reference value :  2.93731e-08
 Reference value :  2.93805e-08
 Reference value :  2.93876e-08
 Reference value :  2.94044e-08
 Reference value :  2.94257e-08
 Reference value :  2.95261e-08
 Reference value :  2.96612e-08
 Reference value :  2.97612e-08
 Reference value :  2.98612e-08
 Reference value :  2.99612e-08
 Reference value :  3.00612e-08
 Reference value :  3.01612e-08
 Reference value :  3.02612e-08
 Reference value :  3.03612e-08
 Reference value :  3.04612e-08
 Reference value :  3.05612e-08
 Reference value :  3.07112e-08
 Reference value :  3.07333e-08
 Reference value :  3.07461e-08
 Reference value :  3.07716e-08
 Reference value :  3.07873e-08
 Reference value :  3.07937e-08
 Reference value :  3.08207e-08
 Reference value :  3.08498e-08
 Reference value :  3.09312e-08
 Reference value :  3.10059e-08
 Reference value :  3.11059e-08
 Reference value :  3.12059e-08
 Reference value :  3.13559e-08
 Reference value :  3.14559e-08
 Reference value :  3.15559e-08
 Reference value :  3.16559e-08
 Reference value :  3.17559e-08
 Reference value :  3.19059e-08
 Reference value :  3.20559e-08
 Reference value :  3.21387e-08
 Reference value :  3.21563e-08
 Reference value :  3.21726e-08
 Reference value :  3.21840e-08
 Reference value :  3.22061e-08
 Reference value :  3.22221e-08
 Reference value :  3.22370e-08
 Reference value :  3.22538e-08
 Reference value :  3.23037e-08
 Reference value :  3.24239e-08
 Reference value :  3.25713e-08
 Reference value :  3.26713e-08
 Reference value :  3.27713e-08
 Reference value :  3.28713e-08
 Reference value :  3.29713e-08
 Reference value :  3.30713e-08
 Reference value :  3.31713e-08
 Reference value :  3.32713e-08
 Reference value :  3.33713e-08
 Reference value :  3.34713e-08
 Reference value :  3.35643e-08
 Reference value :  3.35814e-08
 Reference value :  3.35928e-08
 Reference value :  3.36205e-08
 Reference value :  3.36287e-08
 Reference value :  3.36356e-08
 Reference value :  3.36641e-08
 Reference value :  3.37152e-08
 Reference value :  3.37905e-08
 Reference value :  3.39196e-08
 Reference value :  3.40196e-08
 Reference value :  3.41196e-08
 Reference value :  3.42696e-08
 Reference value :  3.43696e-08
 Reference value :  3.44696e-08
 Reference value :  3.45696e-08
 Reference value :  3.46696e-08
 Reference value :  3.47696e-08
 Reference value :  3.49196e-08
 Reference value :  3.49917e-08
 Reference value :  3.50075e-08
 Reference value :  3.50212e-08
 Reference value :  3.50316e-08
 Reference value :  3.50513e-08
 Reference value :  3.50582e-08
 Reference value :  3.50649e-08
 Reference value :  3.50807e-08
 Reference value :  3.50987e-08
 Reference value :  3.51465e-08
 Reference value :  3.52261e-08
 Reference value :  3.53656e-08
 Reference value :  3.54656e-08
 Reference value :  3.55656e-08
 Reference value :  3.56656e-08
 Reference value :  3.57656e-08
 Reference value :  3.58656e-08
 Reference value :  3.59656e-08
 Reference value :  3.61156e-08
 Reference value :  3.62156e-08
 Reference value :  3.63656e-08
 Reference value :  3.64068e-08
 Reference value :  3.64232e-08
 Reference value :  3.64346e-08
 Reference value :  3.64477e-08
 Reference value :  3.64704e-08
 Reference value :  3.64771e-08
 Reference value :  3.65050e-08
 Reference value :  3.65550e-08
 Reference value :  3.66194e-08
 Reference value :  3.66955e-08
 Reference value :  3.67955e-08
 Reference value :  3.68955e-08
 Reference value :  3.70455e-08
 Reference value :  3.71455e-08
 Reference value :  3.72455e-08
 Reference value :  3.73455e-08
 Reference value :  3.74455e-08
 Reference value :  3.75455e-08
 Reference value :  3.76455e-08
 Reference value :  3.77955e-08
 Reference value :  3.78235e-08
 Reference value :  3.78398e-08
 Reference value :  3.78675e-08
 Reference value :  3.78897e-08
 Reference value :  3.78985e-08
 Reference value :  3.79055e-08
 Reference value :  3.79129e-08
 Reference value :  3.79376e-08
 Reference value :  3.80248e-08
 Reference value :  3.81074e-08
 Reference value :  3.82542e-08
 Reference value :  3.83542e-08
 Reference value :  3.84542e-08
 Reference value :  3.85542e-08
 Reference value :  3.87042e-08
 Reference value :  3.88042e-08
 Reference value :  3.89042e-08
 Reference value :  3.90042e-08
 Reference value :  3.91042e-08
 Reference value :  3.92473e-08
 Reference value :  3.92640e-08
 Reference value :  3.92755e-08
 Reference value :  3.93028e-08
 Reference value :  3.93179e-08
 Reference value :  3.93457e-08
 Reference value :  3.93950e-08
 Reference value :  3.94590e-08
 Reference value :  3.95346e-08
 Reference value :  3.96346e-08
 Reference value :  3.97346e-08
 Reference value :  3.98846e-08
 Reference value :  3.99846e-08
 Reference value :  4.00846e-08
 Reference value :  4.01846e-08
 Reference value :  4.02846e-08
 Reference value :  4.04346e-08
 Reference value :  4.05346e-08
 Reference value :  4.06346e-08
 Reference value :  4.06805e-08
 Reference value :  4.06971e-08
 Reference value :  4.07083e-08
 Reference value :  4.07305e-08
 Reference value :  4.07464e-08
 Reference value :  4.07537e-08
 Reference value :  4.07783e-08
 Reference value :  4.08275e-08
 Reference value :  4.09064e-08
 Reference value :  4.10452e-08
 Reference value :  4.11452e-08
 Reference value :  4.12452e-08
 Reference value :  4.13452e-08
 Reference value :  4.14452e-08
 Reference value :  4.15952e-08
 Reference value :  4.16952e-08
 Reference value :  4.18452e-08
 Reference value :  4.19452e-08
 Reference value :  4.20452e-08
 Reference value :  4.20883e-08
 Reference value :  4.21051e-08
 Reference value :  4.21295e-08
 Reference value :  4.21523e-08
 Reference value :  4.21590e-08
 Reference value :  4.21869e-08
 Reference value :  4.22164e-08
 Reference value :  4.23024e-08
 Reference value :  4.23787e-08
 Reference value :  4.24787e-08
 Reference value :  4.25787e-08
 Reference value :  4.27287e-08
 Reference value :  4.28787e-08
 Reference value :  4.29787e-08
 Reference value :  4.30787e-08
 Reference value :  4.32287e-08
 Reference value :  4.33787e-08
 Reference value :  4.35060e-08
 Reference value :  4.35221e-08
 Reference value :  4.35388e-08
 Reference value :  4.35498e-08
 Reference value :  4.35617e-08
 Reference value :  4.35720e-08
 Reference value :  4.35808e-08
 Reference value :  4.35878e-08
 Reference value :  4.35952e-08
 Reference value :  4.36108e-08
 Reference value :  4.36382e-08
 Reference value :  4.37072e-08
 Reference value :  4.38367e-08
 Reference value :  4.39367e-08
 Reference value :  4.40367e-08
 Reference value :  4.41367e-08
 Reference value :  4.42367e-08
 Reference value :  4.43367e-08
 Reference value :  4.44367e-08
 Reference value :  4.45367e-08
 Reference value :  4.46867e-08
 Reference value :  4.47867e-08
 Reference value :  4.48867e-08
 Reference value :  4.49296e-08
 Reference value :  4.49464e-08
 Reference value :  4.49708e-08
 Reference value :  4.49936e-08
 Reference value :  4.50003e-08
 Reference value :  4.50282e-08
 Reference value :  4.50779e-08
 Reference value :  4.51442e-08
 Reference value :  4.52206e-08
 Reference value :  4.53206e-08
 Reference value :  4.54706e-08
 Reference value :  4.55706e-08
 Reference value :  4.56706e-08
 Reference value :  4.57706e-08
 Reference value :  4.58706e-08
 Reference value :  4.59706e-08
 Reference value :  4.61206e-08
 Reference value :  4.62206e-08
 Reference value :  4.63206e-08
 Reference value :  4.63637e-08
 Reference value :  4.63804e-08
 Reference value :  4.63913e-08
 Reference value :  4.64135e-08
 Reference value :  4.64293e-08
 Reference value :  4.64533e-08
 Reference value :  4.65109e-08
 Reference value :  4.65902e-08
 Reference value :  4.66793e-08
 Reference value :  4.67793e-08
 Reference value :  4.68793e-08
 Reference value :  4.69793e-08
 Reference value :  4.70793e-08
 Reference value :  4.72293e-08
 Reference value :  4.73293e-08
 Reference value :  4.74293e-08
 Reference value :  4.75293e-08
 Reference value :  4.76293e-08
 Reference value :  4.77293e-08
 Reference value :  4.77714e-08
 Reference value :  4.77881e-08
 Reference value :  4.78126e-08
 Reference value :  4.78354e-08
 Reference value :  4.78422e-08
 Reference value :  4.78703e-08
 Reference value :  4.79204e-08
 Reference value :  4.79888e-08
 Reference value :  4.80660e-08
 Reference value :  4.81660e-08
 Reference value :  4.82660e-08
 Reference value :  4.84160e-08
 Reference value :  4.85160e-08
 Reference value :  4.86160e-08
 Reference value :  4.87160e-08
 Reference value :  4.88160e-08
 Reference value :  4.89660e-08
 Reference value :  4.91160e-08
 Reference value :  4.91909e-08
 Reference value :  4.92070e-08
 Reference value :  4.92237e-08
 Reference value :  4.92474e-08
 Reference value :  4.92571e-08
 Reference value :  4.92653e-08
 Reference value :  4.92724e-08
 Reference value :  4.92885e-08
 Reference value :  4.93072e-08
 Reference value :  4.93974e-08
 Reference value :  4.94799e-08
 Reference value :  4.96276e-08
 Reference value :  4.97276e-08
 Reference value :  4.98276e-08
 Reference value :  4.99276e-08
 Reference value :  5.00776e-08
 Reference value :  5.01776e-08
 Reference value :  5.03276e-08
 Reference value :  5.04276e-08
 Reference value :  5.05776e-08
 Reference value :  5.06153e-08
 Reference value :  5.06311e-08
 Reference value :  5.06559e-08
 Reference value :  5.06785e-08
 Reference value :  5.06856e-08
 Reference value :  5.07149e-08
 Reference value :  5.07454e-08
 Reference value :  5.08034e-08
 Reference value :  5.08771e-08
 Reference value :  5.09724e-08
 Reference value :  5.10724e-08
 Reference value :  5.11724e-08
 Reference value :  5.12724e-08
 Reference value :  5.13724e-08
 Reference value :  5.14724e-08
 Reference value :  5.15724e-08
 Reference value :  5.16724e-08
 Reference value :  5.18224e-08
 Reference value :  5.19724e-08
 Reference value :  5.20445e-08
 Reference value :  5.20604e-08
 Reference value :  5.20727e-08
 Reference value :  5.20956e-08
 Reference value :  5.21118e-08
 Reference value :  5.21189e-08
 Reference value :  5.21345e-08
 Reference value :  5.21930e-08
 Reference value :  5.22652e-08
 Reference value :  5.24028e-08
 Reference value :  5.25028e-08
 Reference value :  5.26028e-08
 Reference value :  5.27028e-08
 Reference value :  5.28028e-08
 Reference value :  5.29528e-08
 Reference value :  5.30528e-08
 Reference value :  5.31528e-08
 Reference value :  5.32528e-08
 Reference value :  5.34028e-08
 Reference value :  5.34710e-08
 Reference value :  5.34959e-08
 Reference value :  5.35185e-08
 Reference value :  5.35255e-08
 Reference value :  5.35551e-08
 Reference value :  5.36067e-08
 Reference value :  5.36394e-08
 Reference value :  5.37118e-08
 Reference value :  5.38068e-08
 Reference value :  5.39068e-08
 Reference value :  5.40568e-08
 Reference value :  5.41568e-08
 Reference value :  5.42568e-08
 Reference value :  5.43568e-08
 Reference value :  5.44568e-08
 Reference value :  5.45568e-08
 Reference value :  5.47068e-08
 Reference value :  5.48068e-08
 Reference value :  5.48782e-08
 Reference value :  5.48941e-08
 Reference value :  5.49196e-08
 Reference value :  5.49404e-08
 Reference value :  5.49542e-08
 Reference value :  5.49700e-08
 Reference value :  5.50081e-08
 Reference value :  5.51167e-08
 Reference value :  5.52563e-08
 Reference value :  5.53563e-08
 Reference value :  5.54563e-08
 Reference value :  5.55563e-08
 Reference value :  5.56563e-08
 Reference value :  5.57563e-08
 Reference value :  5.58563e-08
 Reference value :  5.59563e-08
 Reference value :  5.60563e-08
 Reference value :  5.61563e-08
 Reference value :  5.62563e-08
 Reference value :  5.62970e-08
 Reference value :  5.63134e-08
 Reference value :  5.63247e-08
 Reference value :  5.63529e-08
 Reference value :  5.63609e-08
 Reference value :  5.63680e-08
 Reference value :  5.63977e-08
 Reference value :  5.64282e-08
 Reference value :  5.64846e-08
 Reference value :  5.65576e-08
 Reference value :  5.66539e-08
 Reference value :  5.67539e-08
 Reference value :  5.68539e-08
 Reference value :  5.70039e-08
 Reference value :  5.71039e-08
 Reference value :  5.72039e-08
 Reference value :  5.73039e-08
 Reference value :  5.74539e-08
 Reference value :  5.75539e-08
 Reference value :  5.76539e-08
 Reference value :  5.77253e-08
 Reference value :  5.77411e-08
 Reference value :  5.77539e-08
 Reference value :  5.77644e-08
 Reference value :  5.77851e-08
 Reference value :  5.77922e-08
 Reference value :  5.77991e-08
 Reference value :  5.78232e-08
 Reference value :  5.78954e-08
 Reference value :  5.79817e-08
 Reference value :  5.81267e-08
 Reference value :  5.82267e-08
 Reference value :  5.83267e-08
 Reference value :  5.84267e-08
 Reference value :  5.85267e-08
 Reference value :  5.86267e-08
 Reference value :  5.87267e-08
 Reference value :  5.88267e-08
 Reference value :  5.89267e-08
 Reference value :  5.90267e-08
 Reference value :  5.91267e-08
 Reference value :  5.91470e-08
 Reference value :  5.91593e-08
 Reference value :  5.91847e-08
 Reference value :  5.91939e-08
 Reference value :  5.92003e-08
 Reference value :  5.92083e-08
 Reference value :  5.92389e-08
 Reference value :  5.92962e-08
 Reference value :  5.93288e-08
 Reference value :  5.94021e-08
 Reference value :  5.95020e-08
 Reference value :  5.96020e-08
 Reference value :  5.97020e-08
 Reference value :  5.98520e-08
 Reference value :  5.99520e-08
 Reference value :  6.00520e-08
 Reference value :  6.01520e-08
 Reference value :  6.02520e-08
 Reference value :  6.04020e-08
 Reference value :  6.05020e-08
 Reference value :  6.05722e-08
 Reference value :  6.05861e-08
 Reference value :  6.06104e-08
 Reference value :  6.06280e-08
 Reference value :  6.06352e-08
 Reference value :  6.06515e-08
 Reference value :  6.06933e-08
 Reference value :  6.07639e-08
 Reference value :  6.08475e-08
 Reference value :  6.09969e-08
 Reference value :  6.10969e-08
 Reference value :  6.11969e-08
 Reference value :  6.12969e-08
 Reference value :  6.13969e-08
 Reference value :  6.14969e-08
 Reference value :  6.15969e-08
 Reference value :  6.16969e-08
 Reference value :  6.17969e-08
 Reference value :  6.18969e-08
 Reference value :  6.19783e-08
 Reference value :  6.19928e-08
 Reference value :  6.20178e-08
 Reference value :  6.20403e-08
 Reference value :  6.20476e-08
 Reference value :  6.20658e-08
 Reference value :  6.20916e-08
 Reference value :  6.21641e-08
 Reference value :  6.22366e-08
 Reference value :  6.23339e-08
 Reference value :  6.24339e-08
 Reference value :  6.25339e-08
 Reference value :  6.26839e-08
 Reference value :  6.27839e-08
 Reference value :  6.28839e-08
 Reference value :  6.29839e-08
 Reference value :  6.31339e-08
 Reference value :  6.32339e-08
 Reference value :  6.33339e-08
 Reference value :  6.34050e-08
 Reference value :  6.34207e-08
 Reference value :  6.34333e-08
 Reference value :  6.34559e-08
 Reference value :  6.34717e-08
 Reference value :  6.34787e-08
 Reference value :  6.34947e-08
 Reference value :  6.35484e-08
 Reference value :  6.36186e-08
 Reference value :  6.37551e-08
 Reference value :  6.38551e-08
 Reference value :  6.39551e-08
 Reference value :  6.40551e-08
 Reference value :  6.41551e-08
 Reference value :  6.43051e-08
 Reference value :  6.44051e-08
 Reference value :  6.45551e-08
 Reference value :  6.46551e-08
 Reference value :  6.48051e-08
 Reference value :  6.48257e-08
 Reference value :  6.48382e-08
 Reference value :  6.48635e-08
 Reference value :  6.48791e-08
 Reference value :  6.48870e-08
 Reference value :  6.49173e-08
 Reference value :  6.49735e-08
 Reference value :  6.50443e-08
 Reference value :  6.51778e-08
 Reference value :  6.52778e-08
 Reference value :  6.53778e-08
 Reference value :  6.55278e-08
 Reference value :  6.56278e-08
 Reference value :  6.57278e-08
 Reference value :  6.58278e-08
 Reference value :  6.59278e-08
 Reference value :  6.60278e-08
 Reference value :  6.61778e-08
 Reference value :  6.62484e-08
 Reference value :  6.62744e-08
 Reference value :  6.62861e-08
 Reference value :  6.62966e-08
 Reference value :  6.63125e-08
 Reference value :  6.63274e-08
 Reference value :  6.63623e-08
 Reference value :  6.64759e-08
 Reference value :  6.65653e-08
 Reference value :  6.66653e-08
 Reference value :  6.67653e-08
 Reference value :  6.68653e-08
 Reference value :  6.69653e-08
 Reference value :  6.70653e-08
 Reference value :  6.71653e-08
 Reference value :  6.72653e-08
 Reference value :  6.73653e-08
 Reference value :  6.75153e-08
 Reference value :  6.76562e-08
 Reference value :  6.76726e-08
 Reference value :  6.76976e-08
 Reference value :  6.77201e-08
 Reference value :  6.77355e-08
 Reference value :  6.77573e-08
 Reference value :  6.78102e-08
 Reference value :  6.78808e-08
 Reference value :  6.79614e-08
 Reference value :  6.80614e-08
 Reference value :  6.81614e-08
 Reference value :  6.82614e-08
 Reference value :  6.84114e-08
 Reference value :  6.85114e-08
 Reference value :  6.86114e-08
 Reference value :  6.87114e-08
 Reference value :  6.88614e-08
 Reference value :  6.90114e-08
 Reference value :  6.90826e-08
 Reference value :  6.90984e-08
 Reference value :  6.91120e-08
 Reference value :  6.91349e-08
 Reference value :  6.91423e-08
 Reference value :  6.91560e-08
 Reference value :  6.91803e-08
 Reference value :  6.92409e-08
 Reference value :  6.93649e-08
 Reference value :  6.94626e-08
 Reference value :  6.95626e-08
 Reference value :  6.96626e-08
 Reference value :  6.97626e-08
 Reference value :  6.98626e-08
 Reference value :  7.00126e-08
 Reference value :  7.01126e-08
 Reference value :  7.02626e-08
 Reference value :  7.03626e-08
 Reference value :  7.04626e-08
 Reference value :  7.04993e-08
 Reference value :  7.05149e-08
 Reference value :  7.05400e-08
 Reference value :  7.05626e-08
 Reference value :  7.05701e-08
 Reference value :  7.05886e-08
 Reference value :  7.06321e-08
 Reference value :  7.06897e-08
 Reference value :  7.07626e-08
 Reference value :  7.08616e-08
 Reference value :  7.09616e-08
 Reference value :  7.10616e-08
 Reference value :  7.11616e-08
 Reference value :  7.12616e-08
 Reference value :  7.13616e-08
 Reference value :  7.14616e-08
 Reference value :  7.15616e-08
 Reference value :  7.16616e-08
 Reference value :  7.17616e-08
 Reference value :  7.18616e-08
 Reference value :  7.19319e-08
 Reference value :  7.19464e-08
 Reference value :  7.19576e-08
 Reference value :  7.19797e-08
 Reference value :  7.19956e-08
 Reference value :  7.20105e-08
 Reference value :  7.20456e-08
 Reference value :  7.21161e-08
 Reference value :  7.21997e-08
 Reference value :  7.22983e-08
 Reference value :  7.23983e-08
 Reference value :  7.24983e-08
 Reference value :  7.25983e-08
 Reference value :  7.26983e-08
 Reference value :  7.27983e-08
 Reference value :  7.28983e-08
 Reference value :  7.29983e-08
 Reference value :  7.30983e-08
 Reference value :  7.31983e-08
 Reference value :  7.32983e-08
 Reference value :  7.33393e-08
 Reference value :  7.33557e-08
 Reference value :  7.33806e-08
 Reference value :  7.34032e-08
 Reference value :  7.34103e-08
 Reference value :  7.34404e-08
 Reference value :  7.34931e-08
 Reference value :  7.35638e-08
 Reference value :  7.36443e-08
 Reference value :  7.37443e-08
 Reference value :  7.38443e-08
 Reference value :  7.39443e-08
 Reference value :  7.40943e-08
 Reference value :  7.41943e-08
 Reference value :  7.42943e-08
 Reference value :  7.43943e-08
 Reference value :  7.44943e-08
 Reference value :  7.46443e-08
 Reference value :  7.47443e-08
 Reference value :  7.47655e-08
 Reference value :  7.47813e-08
 Reference value :  7.47950e-08
 Reference value :  7.48178e-08
 Reference value :  7.48321e-08
 Reference value :  7.48388e-08
 Reference value :  7.48548e-08
 Reference value :  7.48940e-08
 Reference value :  7.49626e-08
 Reference value :  7.50924e-08
 Reference value :  7.51924e-08
 Reference value :  7.52924e-08
 Reference value :  7.53924e-08
 Reference value :  7.54924e-08
 Reference value :  7.56424e-08
 Reference value :  7.57424e-08
 Reference value :  7.58424e-08
 Reference value :  7.59424e-08
 Reference value :  7.60424e-08
 Reference value :  7.61424e-08
 Reference value :  7.61816e-08
 Reference value :  7.61978e-08
 Reference value :  7.62227e-08
 Reference value :  7.62453e-08
 Reference value :  7.62608e-08
 Reference value :  7.62956e-08
 Reference value :  7.63368e-08
 Reference value :  7.63703e-08
 Reference value :  7.64905e-08
 Reference value :  7.65905e-08
 Reference value :  7.66905e-08
 Reference value :  7.68405e-08
 Reference value :  7.69405e-08
 Reference value :  7.70405e-08
 Reference value :  7.71405e-08
 Reference value :  7.72405e-08
 Reference value :  7.73905e-08
 Reference value :  7.75405e-08
 Reference value :  7.76121e-08
 Reference value :  7.76276e-08
 Reference value :  7.76396e-08
 Reference value :  7.76627e-08
 Reference value :  7.76791e-08
 Reference value :  7.76864e-08
 Reference value :  7.77109e-08
 Reference value :  7.77643e-08
 Reference value :  7.78390e-08
 Reference value :  7.79783e-08
 Reference value :  7.80783e-08
 Reference value :  7.81783e-08
 Reference value :  7.82783e-08
 Reference value :  7.83783e-08
 Reference value :  7.84783e-08
 Reference value :  7.85783e-08
 Reference value :  7.86783e-08
 Reference value :  7.87783e-08
 Reference value :  7.88783e-08
 Reference value :  7.89783e-08
 Reference value :  7.90217e-08
 Reference value :  7.90388e-08
 Reference value :  7.90502e-08
 Reference value :  7.90780e-08
 Reference value :  7.90930e-08
 Reference value :  7.91224e-08
 Reference value :  7.91738e-08
 Reference value :  7.92414e-08
 Reference value :  7.93198e-08
 Reference value :  7.94198e-08
 Reference value :  7.95198e-08
 Reference value :  7.96698e-08
 Reference value :  7.97698e-08
 Reference value :  7.98698e-08
 Reference value :  7.99698e-08
 Reference value :  8.00698e-08
 Reference value :  8.01698e-08
 Reference value :  8.03198e-08
 Reference value :  8.04198e-08
 Reference value :  8.04591e-08
 Reference value :  8.04754e-08
 Reference value :  8.04860e-08
 Reference value :  8.05096e-08
 Reference value :  8.05169e-08
 Reference value :  8.05239e-08
 Reference value :  8.05486e-08
 Reference value :  8.05857e-08
 Reference value :  8.06978e-08
 Reference value :  8.08415e-08
 Reference value :  8.09415e-08
 Reference value :  8.10415e-08
 Reference value :  8.11415e-08
 Reference value :  8.12915e-08
 Reference value :  8.13915e-08
 Reference value :  8.14915e-08
 Reference value :  8.16415e-08
 Reference value :  8.17415e-08
 Reference value :  8.18415e-08
 Reference value :  8.18670e-08
 Reference value :  8.18803e-08
 Reference value :  8.19075e-08
 Reference value :  8.19300e-08
 Reference value :  8.19468e-08
 Reference value :  8.19847e-08
 Reference value :  8.20311e-08
 Reference value :  8.20604e-08
 Reference value :  8.21839e-08
 Reference value :  8.22839e-08
 Reference value :  8.23839e-08
 Reference value :  8.25339e-08
 Reference value :  8.26339e-08
 Reference value :  8.27339e-08
 Reference value :  8.28339e-08
 Reference value :  8.29839e-08
 Reference value :  8.30839e-08
 Reference value :  8.32339e-08
 Reference value :  8.32759e-08
 Reference value :  8.32949e-08
 Reference value :  8.33099e-08
 Reference value :  8.33213e-08
 Reference value :  8.33434e-08
 Reference value :  8.33524e-08
 Reference value :  8.33595e-08
 Reference value :  8.33743e-08
 Reference value :  8.34087e-08
 Reference value :  8.34793e-08
 Reference value :  8.36120e-08
 Reference value :  8.37120e-08
 Reference value :  8.38120e-08
 Reference value :  8.39120e-08
 Reference value :  8.40120e-08
 Reference value :  8.41620e-08
 Reference value :  8.42620e-08
 Reference value :  8.43620e-08
 Reference value :  8.44620e-08
 Reference value :  8.45620e-08
 Reference value :  8.46620e-08
 Reference value :  8.47032e-08
 Reference value :  8.47197e-08
 Reference value :  8.47447e-08
 Reference value :  8.47672e-08
 Reference value :  8.47827e-08
 Reference value :  8.48175e-08
 Reference value :  8.48918e-08
 Reference value :  8.49648e-08
 Reference value :  8.50616e-08
 Reference value :  8.51616e-08
 Reference value :  8.52616e-08
 Reference value :  8.53616e-08
 Reference value :  8.54616e-08
 Reference value :  8.55616e-08
 Reference value :  8.56616e-08
 Reference value :  8.57616e-08
 Reference value :  8.59116e-08
 Reference value :  8.60616e-08
 Reference value :  8.61329e-08
 Reference value :  8.61609e-08
 Reference value :  8.61836e-08
 Reference value :  8.61927e-08
 Reference value :  8.61997e-08
 Reference value :  8.62143e-08
 Reference value :  8.62471e-08
 Reference value :  8.63518e-08
 Reference value :  8.64392e-08
 Reference value :  8.65392e-08
 Reference value :  8.66392e-08
 Reference value :  8.67392e-08
 Reference value :  8.68392e-08
 Reference value :  8.69392e-08
 Reference value :  8.70392e-08
 Reference value :  8.71392e-08
 Reference value :  8.72892e-08
 Reference value :  8.73892e-08
 Reference value :  8.75392e-08
 Reference value :  8.75579e-08
 Reference value :  8.75821e-08
 Reference value :  8.76051e-08
 Reference value :  8.76117e-08
 Reference value :  8.76281e-08
 Reference value :  8.76686e-08
 Reference value :  8.77240e-08
 Reference value :  8.77583e-08
 Reference value :  8.78351e-08
 Reference value :  8.79351e-08
 Reference value :  8.80351e-08
 Reference value :  8.81851e-08
 Reference value :  8.82851e-08
 Reference value :  8.83851e-08
 Reference value :  8.84851e-08
 Reference value :  8.85851e-08
 Reference value :  8.87351e-08
 Reference value :  8.88351e-08
 Reference value :  8.89351e-08
 Reference value :  8.89605e-08
 Reference value :  8.89767e-08
 Reference value :  8.90042e-08
 Reference value :  8.90169e-08
 Reference value :  8.90351e-08
 Reference value :  8.90422e-08
 Reference value :  8.90663e-08
 Reference value :  8.91256e-08
 Reference value :  8.92482e-08
 Reference value :  8.93958e-08
 Reference value :  8.94958e-08
 Reference value :  8.95958e-08
 Reference value :  8.96958e-08
 Reference value :  8.97958e-08
 Reference value :  8.99458e-08
 Reference value :  9.00458e-08
 Reference value :  9.01458e-08
 Reference value :  9.02458e-08
 Reference value :  9.03458e-08
 Reference value :  9.03852e-08
 Reference value :  9.04014e-08
 Reference value :  9.04263e-08
 Reference value :  9.04489e-08
 Reference value :  9.04643e-08
 Reference value :  9.04860e-08
 Reference value :  9.05167e-08
 Reference value :  9.05725e-08
 Reference value :  9.06454e-08
 Reference value :  9.07419e-08
 Reference value :  9.08419e-08
 Reference value :  9.09419e-08
 Reference value :  9.10419e-08
 Reference value :  9.11419e-08
 Reference value :  9.12419e-08
 Reference value :  9.13419e-08
 Reference value :  9.14419e-08
 Reference value :  9.15919e-08
 Reference value :  9.16919e-08
 Reference value :  9.17919e-08
 Reference value :  9.18134e-08
 Reference value :  9.18292e-08
 Reference value :  9.18420e-08
 Reference value :  9.18646e-08
 Reference value :  9.18803e-08
 Reference value :  9.18872e-08
 Reference value :  9.19113e-08
 Reference value :  9.19849e-08
 Reference value :  9.20689e-08
 Reference value :  9.22117e-08
 Reference value :  9.23117e-08
 Reference value :  9.24117e-08
 Reference value :  9.25117e-08
 Reference value :  9.26117e-08
 Reference value :  9.27117e-08
 Reference value :  9.28117e-08
 Reference value :  9.29617e-08
 Reference value :  9.30617e-08
 Reference value :  9.32117e-08
 Reference value :  9.32333e-08
 Reference value :  9.32567e-08
 Reference value :  9.32802e-08
 Reference value :  9.32867e-08
 Reference value :  9.32935e-08
 Reference value :  9.33212e-08
 Reference value :  9.33720e-08
 Reference value :  9.34379e-08
 Reference value :  9.35148e-08
 Reference value :  9.36148e-08
 Reference value :  9.37148e-08
 Reference value :  9.38648e-08
 Reference value :  9.39648e-08
 Reference value :  9.40648e-08
 Reference value :  9.41648e-08
 Reference value :  9.42648e-08
 Reference value :  9.44148e-08
 Reference value :  9.45648e-08
 Reference value :  9.46410e-08
 Reference value :  9.46571e-08
 Reference value :  9.46738e-08
 Reference value :  9.46847e-08
 Reference value :  9.46969e-08
 Reference value :  9.47070e-08
 Reference value :  9.47156e-08
 Reference value :  9.47226e-08
 Reference value :  9.47384e-08
 Reference value :  9.47561e-08
 Reference value :  9.48044e-08
 Reference value :  9.48838e-08
 Reference value :  9.49731e-08
 Reference value :  9.50731e-08
 Reference value :  9.51731e-08
 Reference value :  9.52731e-08
 Reference value :  9.53731e-08
 Reference value :  9.54731e-08
 Reference value :  9.55731e-08
 Reference value :  9.56731e-08
 Reference value :  9.58231e-08
 Reference value :  9.59731e-08
 Reference value :  9.60648e-08
 Reference value :  9.60814e-08
 Reference value :  9.61060e-08
 Reference value :  9.61287e-08
 Reference value :  9.61355e-08
 Reference value :  9.61639e-08
 Reference value :  9.62146e-08
 Reference value :  9.62846e-08
 Reference value :  9.63625e-08
 Reference value :  9.64625e-08
 Reference value :  9.65625e-08
 Reference value :  9.66625e-08
 Reference value :  9.67625e-08
 Reference value :  9.68625e-08
 Reference value :  9.69625e-08
 Reference value :  9.70625e-08
 Reference value :  9.71625e-08
 Reference value :  9.73125e-08
 Reference value :  9.74125e-08
 Reference value :  9.74859e-08
 Reference value :  9.75017e-08
 Reference value :  9.75181e-08
 Reference value :  9.75436e-08
 Reference value :  9.75529e-08
 Reference value :  9.75603e-08
 Reference value :  9.75673e-08
 Reference value :  9.75842e-08
 Reference value :  9.76310e-08
 Reference value :  9.77438e-08
 Reference value :  9.78880e-08
 Reference value :  9.79880e-08
 Reference value :  9.80880e-08
 Reference value :  9.81880e-08
 Reference value :  9.83380e-08
 Reference value :  9.84380e-08
 Reference value :  9.85880e-08
 Reference value :  9.86880e-08
 Reference value :  9.87880e-08
 Reference value :  9.89115e-08
 Reference value :  9.89246e-08
 Reference value :  9.89352e-08
 Reference value :  9.89619e-08
 Reference value :  9.89689e-08
 Reference value :  9.89760e-08
 Reference value :  9.90049e-08
 Reference value :  9.90578e-08
 Reference value :  9.91330e-08
 Reference value :  9.92136e-08
 Reference value :  9.93136e-08
 Reference value :  9.94136e-08
 Reference value :  9.95636e-08
 Reference value :  9.96636e-08
 Reference value :  9.97636e-08
 Reference value :  9.98636e-08
 Reference value :  9.99636e-08
 Reference value :  1.00114e-07
 Reference value :  1.00264e-07
 Reference value :  1.00336e-07
 Reference value :  1.00352e-07
 Reference value :  1.00364e-07
 Reference value :  1.00387e-07
 Reference value :  1.00403e-07
 Reference value :  1.00418e-07
 Reference value :  1.00452e-07
 Reference value :  1.00559e-07
 Reference value :  1.00697e-07
 Reference value :  1.00797e-07
 Reference value :  1.00897e-07
 Reference value :  1.00997e-07
 Reference value :  1.01097e-07
 Reference value :  1.01247e-07
 Reference value :  1.01347e-07
 Reference value :  1.01447e-07
 Reference value :  1.01547e-07
 Reference value :  1.01647e-07
 Reference value :  1.01747e-07
 Reference value :  1.01765e-07
 Reference value :  1.01777e-07
 Reference value :  1.01804e-07
 Reference value :  1.01811e-07
 Reference value :  1.01818e-07
 Reference value :  1.01850e-07
 Reference value :  1.01903e-07
 Reference value :  1.01972e-07
 Reference value :  1.02054e-07
 Reference value :  1.02154e-07
 Reference value :  1.02254e-07
 Reference value :  1.02354e-07
 Reference value :  1.02454e-07
 Reference value :  1.02554e-07
 Reference value :  1.02654e-07
 Reference value :  1.02754e-07
 Reference value :  1.02854e-07
 Reference value :  1.02954e-07
 Reference value :  1.03054e-07
 Reference value :  1.03154e-07
 Reference value :  1.03174e-07
 Reference value :  1.03190e-07
 Reference value :  1.03203e-07
 Reference value :  1.03225e-07
 Reference value :  1.03241e-07
 Reference value :  1.03256e-07
 Reference value :  1.03285e-07
 Reference value :  1.03383e-07
 Reference value :  1.03518e-07
 Reference value :  1.03618e-07
 Reference value :  1.03718e-07
 Reference value :  1.03818e-07
 Reference value :  1.03918e-07
 Reference value :  1.04068e-07
 Reference value :  1.04168e-07
 Reference value :  1.04318e-07
 Reference value :  1.04418e-07
 Reference value :  1.04568e-07
 Reference value :  1.04592e-07
 Reference value :  1.04605e-07
 Reference value :  1.04631e-07
 Reference value :  1.04649e-07
 Reference value :  1.04656e-07
 Reference value :  1.04685e-07
 Reference value :  1.04738e-07
 Reference value :  1.04810e-07
 Reference value :  1.04890e-07
 Reference value :  1.04990e-07
 Reference value :  1.05090e-07
 Reference value :  1.05240e-07
 Reference value :  1.05340e-07
 Reference value :  1.05490e-07
 Reference value :  1.05590e-07
 Reference value :  1.05740e-07
 Reference value :  1.05890e-07
 Reference value :  1.05990e-07
 Reference value :  1.06012e-07
 Reference value :  1.06041e-07
 Reference value :  1.06064e-07
 Reference value :  1.06079e-07
 Reference value :  1.06085e-07
 Reference value :  1.06102e-07
 Reference value :  1.06120e-07
 Reference value :  1.06170e-07
 Reference value :  1.06250e-07
 Reference value :  1.06391e-07
 Reference value :  1.06491e-07
 Reference value :  1.06591e-07
 Reference value :  1.06691e-07
 Reference value :  1.06841e-07
 Reference value :  1.06941e-07
 Reference value :  1.07041e-07
 Reference value :  1.07191e-07
 Reference value :  1.07341e-07
 Reference value :  1.07428e-07
 Reference value :  1.07444e-07
 Reference value :  1.07469e-07
 Reference value :  1.07492e-07
 Reference value :  1.07499e-07
 Reference value :  1.07529e-07
 Reference value :  1.07586e-07
 Reference value :  1.07619e-07
 Reference value :  1.07692e-07
 Reference value :  1.07791e-07
 Reference value :  1.07891e-07
 Reference value :  1.07991e-07
 Reference value :  1.08091e-07
 Reference value :  1.08191e-07
 Reference value :  1.08291e-07
 Reference value :  1.08391e-07
 Reference value :  1.08491e-07
 Reference value :  1.08641e-07
 Reference value :  1.08791e-07
 Reference value :  1.08861e-07
 Reference value :  1.08887e-07
 Reference value :  1.08899e-07
 Reference value :  1.08909e-07
 Reference value :  1.08918e-07
 Reference value :  1.08925e-07
 Reference value :  1.08940e-07
 Reference value :  1.08957e-07
 Reference value :  1.09045e-07
 Reference value :  1.09178e-07
 Reference value :  1.09278e-07
 Reference value :  1.09378e-07
 Reference value :  1.09478e-07
 Reference value :  1.09578e-07
 Reference value :  1.09728e-07
 Reference value :  1.09828e-07
 Reference value :  1.09928e-07
 Reference value :  1.10028e-07
 Reference value :  1.10128e-07
 Reference value :  1.10228e-07
 Reference value :  1.10269e-07
 Reference value :  1.10285e-07
 Reference value :  1.10310e-07
 Reference value :  1.10333e-07
 Reference value :  1.10340e-07
 Reference value :  1.10370e-07
 Reference value :  1.10423e-07
 Reference value :  1.10493e-07
 Reference value :  1.10574e-07
 Reference value :  1.10674e-07
 Reference value :  1.10774e-07
 Reference value :  1.10874e-07
 Reference value :  1.10974e-07
 Reference value :  1.11074e-07
 Reference value :  1.11174e-07
 Reference value :  1.11274e-07
 Reference value :  1.11374e-07
 Reference value :  1.11524e-07
 Reference value :  1.11624e-07
 Reference value :  1.11695e-07
 Reference value :  1.11724e-07
 Reference value :  1.11735e-07
 Reference value :  1.11754e-07
 Reference value :  1.11761e-07
 Reference value :  1.11768e-07
 Reference value :  1.11791e-07
 Reference value :  1.11850e-07
 Reference value :  1.11972e-07
 Reference value :  1.12069e-07
 Reference value :  1.12169e-07
 Reference value :  1.12269e-07
 Reference value :  1.12369e-07
 Reference value :  1.12519e-07
 Reference value :  1.12669e-07
 Reference value :  1.12819e-07
 Reference value :  1.12969e-07
 Reference value :  1.13069e-07
 Reference value :  1.13110e-07
 Reference value :  1.13127e-07
 Reference value :  1.13152e-07
 Reference value :  1.13174e-07
 Reference value :  1.13189e-07
 Reference value :  1.13223e-07
 Reference value :  1.13263e-07
 Reference value :  1.13336e-07
 Reference value :  1.13416e-07
 Reference value :  1.13516e-07
 Reference value :  1.13616e-07
 Reference value :  1.13766e-07
 Reference value :  1.13866e-07
 Reference value :  1.13966e-07
 Reference value :  1.14066e-07
 Reference value :  1.14166e-07
 Reference value :  1.14316e-07
 Reference value :  1.14416e-07
 Reference value :  1.14516e-07
 Reference value :  1.14538e-07
 Reference value :  1.14567e-07
 Reference value :  1.14590e-07
 Reference value :  1.14598e-07
 Reference value :  1.14612e-07
 Reference value :  1.14628e-07
 Reference value :  1.14673e-07
 Reference value :  1.14785e-07
 Reference value :  1.14929e-07
 Reference value :  1.15029e-07
 Reference value :  1.15129e-07
 Reference value :  1.15279e-07
 Reference value :  1.15429e-07
 Reference value :  1.15529e-07
 Reference value :  1.15679e-07
 Reference value :  1.15779e-07
 Reference value :  1.15929e-07
 Reference value :  1.15969e-07
 Reference value :  1.15996e-07
 Reference value :  1.16016e-07
 Reference value :  1.16033e-07
 Reference value :  1.16069e-07
 Reference value :  1.16146e-07
 Reference value :  1.16270e-07
 Reference value :  1.16370e-07
 Reference value :  1.16520e-07
 Reference value :  1.16670e-07
 Reference value :  1.16770e-07
 Reference value :  1.16920e-07
 Reference value :  1.17070e-07
 Reference value :  1.17170e-07
 Reference value :  1.17320e-07
 Reference value :  1.17363e-07
 Reference value :  1.17383e-07
 Reference value :  1.17409e-07
 Reference value :  1.17431e-07
 Reference value :  1.17447e-07
 Reference value :  1.17462e-07
 Reference value :  1.17496e-07
 Reference value :  1.17566e-07
 Reference value :  1.17700e-07
 Reference value :  1.17800e-07
 Reference value :  1.17900e-07
 Reference value :  1.18000e-07
 Reference value :  1.18100e-07
 Reference value :  1.18200e-07
 Reference value :  1.18350e-07
 Reference value :  1.18450e-07
 Reference value :  1.18550e-07
 Reference value :  1.18650e-07
 Reference value :  1.18750e-07
 Reference value :  1.18791e-07
 Reference value :  1.18808e-07
 Reference value :  1.18833e-07
 Reference value :  1.18855e-07
 Reference value :  1.18871e-07
 Reference value :  1.18906e-07
 Reference value :  1.18977e-07
 Reference value :  1.19096e-07
 Reference value :  1.19196e-07
 Reference value :  1.19296e-07
 Reference value :  1.19446e-07
 Reference value :  1.19596e-07
 Reference value :  1.19696e-07
 Reference value :  1.19796e-07
 Reference value :  1.19946e-07
No. of Data Rows : 3311
sim/harness: analysis complete
Note: Simulation executed from .control section 
