
Note: Compatibility modes selected: hs a


Circuit: ** sch_path: /home/ubuntu/github/sky130-pll/.loom/worktrees/issue-210/sim/vco-supply-pushing/testbench/tb_vco_pushing.sch

option SCALE: Scale is set to 1e-06 for instance and model parameters
option SCALE: Scale is set to 1e-06 for instance and model parameters
option SCALE: Scale is set to 1e-06 for instance and model parameters
option SCALE: Scale is set to 1e-06 for instance and model parameters
Doing analysis at TEMP = 125.000000 and TNOM = 27.000000

Using KLU as Direct Linear Solver
Operating point simulation skipped by 'uic',
  now using transient initial conditions.
 Reference value :  5.00000e-14
 Reference value :  5.16367e-14
 Reference value :  7.45501e-14
 Reference value :  1.43263e-13
 Reference value :  2.55962e-13
 Reference value :  4.24138e-13
 Reference value :  7.22775e-13
 Reference value :  1.29805e-12
 Reference value :  2.33082e-12
 Reference value :  5.00000e-12
 Reference value :  6.36099e-12
 Reference value :  1.10272e-11
 Reference value :  1.63530e-11
 Reference value :  2.90338e-11
 Reference value :  4.63175e-11
 Reference value :  6.72429e-11
 Reference value :  7.70640e-11
 Reference value :  1.01187e-10
 Reference value :  1.31181e-10
 Reference value :  1.81562e-10
 Reference value :  2.70100e-10
 Reference value :  3.51771e-10
 Reference value :  3.75900e-10
 Reference value :  4.20985e-10
 Reference value :  4.36471e-10
 Reference value :  4.52136e-10
 Reference value :  4.86700e-10
 Reference value :  5.39179e-10
 Reference value :  6.39179e-10
 Reference value :  7.39179e-10
 Reference value :  8.39179e-10
 Reference value :  9.39179e-10
 Reference value :  1.08918e-09
 Reference value :  1.18918e-09
 Reference value :  1.28918e-09
 Reference value :  1.38918e-09
 Reference value :  1.48918e-09
 Reference value :  1.58918e-09
 Reference value :  1.68918e-09
 Reference value :  1.78918e-09
 Reference value :  1.88918e-09
 Reference value :  1.98918e-09
 Reference value :  2.08918e-09
 Reference value :  2.18918e-09
 Reference value :  2.28918e-09
 Reference value :  2.31106e-09
 Reference value :  2.32447e-09
 Reference value :  2.33847e-09
 Reference value :  2.36481e-09
 Reference value :  2.37230e-09
 Reference value :  2.40350e-09
 Reference value :  2.43358e-09
 Reference value :  2.50156e-09
 Reference value :  2.58164e-09
 Reference value :  2.67780e-09
 Reference value :  2.77780e-09
 Reference value :  2.87780e-09
 Reference value :  2.97780e-09
 Reference value :  3.07780e-09
 Reference value :  3.17780e-09
 Reference value :  3.27780e-09
 Reference value :  3.37780e-09
 Reference value :  3.52780e-09
 Reference value :  3.60148e-09
 Reference value :  3.61597e-09
 Reference value :  3.62912e-09
 Reference value :  3.63994e-09
 Reference value :  3.66177e-09
 Reference value :  3.67007e-09
 Reference value :  3.67737e-09
 Reference value :  3.70319e-09
 Reference value :  3.76472e-09
 Reference value :  3.85402e-09
 Reference value :  3.94904e-09
 Reference value :  4.04904e-09
 Reference value :  4.14904e-09
 Reference value :  4.24904e-09
 Reference value :  4.39904e-09
 Reference value :  4.49904e-09
 Reference value :  4.59904e-09
 Reference value :  4.69904e-09
 Reference value :  4.79904e-09
 Reference value :  4.89904e-09
 Reference value :  4.92149e-09
 Reference value :  4.93464e-09
 Reference value :  4.96222e-09
 Reference value :  4.97249e-09
 Reference value :  4.97955e-09
 Reference value :  4.99726e-09
 Reference value :  5.02071e-09
 Reference value :  5.05436e-09
 Reference value :  5.11638e-09
 Reference value :  5.19211e-09
 Reference value :  5.29211e-09
 Reference value :  5.39211e-09
 Reference value :  5.49211e-09
 Reference value :  5.59211e-09
 Reference value :  5.69211e-09
 Reference value :  5.79211e-09
 Reference value :  5.89211e-09
 Reference value :  6.04211e-09
 Reference value :  6.14211e-09
 Reference value :  6.21286e-09
 Reference value :  6.22687e-09
 Reference value :  6.23878e-09
 Reference value :  6.25078e-09
 Reference value :  6.27445e-09
 Reference value :  6.28238e-09
 Reference value :  6.29049e-09
 Reference value :  6.30777e-09
 Reference value :  6.33760e-09
 Reference value :  6.46216e-09
 Reference value :  6.55680e-09
 Reference value :  6.65680e-09
 Reference value :  6.75680e-09
 Reference value :  6.85680e-09
 Reference value :  7.00680e-09
 Reference value :  7.10680e-09
 Reference value :  7.20680e-09
 Reference value :  7.30680e-09
 Reference value :  7.40680e-09
 Reference value :  7.52715e-09
 Reference value :  7.53998e-09
 Reference value :  7.56870e-09
 Reference value :  7.57831e-09
 Reference value :  7.58546e-09
 Reference value :  7.60325e-09
 Reference value :  7.62784e-09
 Reference value :  7.66600e-09
 Reference value :  7.73933e-09
 Reference value :  7.81924e-09
 Reference value :  7.91924e-09
 Reference value :  8.01924e-09
 Reference value :  8.11924e-09
 Reference value :  8.21924e-09
 Reference value :  8.31924e-09
 Reference value :  8.41924e-09
 Reference value :  8.51924e-09
 Reference value :  8.66924e-09
 Reference value :  8.76924e-09
 Reference value :  8.80614e-09
 Reference value :  8.82300e-09
 Reference value :  8.83615e-09
 Reference value :  8.86249e-09
 Reference value :  8.88141e-09
 Reference value :  8.88935e-09
 Reference value :  8.90744e-09
 Reference value :  8.95359e-09
 Reference value :  9.07711e-09
 Reference value :  9.17482e-09
 Reference value :  9.27482e-09
 Reference value :  9.37482e-09
 Reference value :  9.47482e-09
 Reference value :  9.62482e-09
 Reference value :  9.72482e-09
 Reference value :  9.87482e-09
 Reference value :  9.97482e-09
 Reference value :  1.00748e-08
 Reference value :  1.01425e-08
 Reference value :  1.01551e-08
 Reference value :  1.01832e-08
 Reference value :  1.01901e-08
 Reference value :  1.01984e-08
 Reference value :  1.02321e-08
 Reference value :  1.03073e-08
 Reference value :  1.03813e-08
 Reference value :  1.04712e-08
 Reference value :  1.05712e-08
 Reference value :  1.07212e-08
 Reference value :  1.08212e-08
 Reference value :  1.09212e-08
 Reference value :  1.10212e-08
 Reference value :  1.11712e-08
 Reference value :  1.12712e-08
 Reference value :  1.13712e-08
 Reference value :  1.14145e-08
 Reference value :  1.14317e-08
 Reference value :  1.14444e-08
 Reference value :  1.14556e-08
 Reference value :  1.14780e-08
 Reference value :  1.14862e-08
 Reference value :  1.14935e-08
 Reference value :  1.15103e-08
 Reference value :  1.15293e-08
 Reference value :  1.15813e-08
 Reference value :  1.16711e-08
 Reference value :  1.17669e-08
 Reference value :  1.18669e-08
 Reference value :  1.19669e-08
 Reference value :  1.20669e-08
 Reference value :  1.22169e-08
 Reference value :  1.23169e-08
 Reference value :  1.24169e-08
 Reference value :  1.25169e-08
 Reference value :  1.26169e-08
 Reference value :  1.27169e-08
 Reference value :  1.27376e-08
 Reference value :  1.27505e-08
 Reference value :  1.27790e-08
 Reference value :  1.27961e-08
 Reference value :  1.28045e-08
 Reference value :  1.28248e-08
 Reference value :  1.28529e-08
 Reference value :  1.29167e-08
 Reference value :  1.29922e-08
 Reference value :  1.30855e-08
 Reference value :  1.31855e-08
 Reference value :  1.33355e-08
 Reference value :  1.34355e-08
 Reference value :  1.35355e-08
 Reference value :  1.36355e-08
 Reference value :  1.37355e-08
 Reference value :  1.38855e-08
 Reference value :  1.39855e-08
 Reference value :  1.40178e-08
 Reference value :  1.40340e-08
 Reference value :  1.40474e-08
 Reference value :  1.40585e-08
 Reference value :  1.40843e-08
 Reference value :  1.40930e-08
 Reference value :  1.41010e-08
 Reference value :  1.41193e-08
 Reference value :  1.41410e-08
 Reference value :  1.42457e-08
 Reference value :  1.43895e-08
 Reference value :  1.44895e-08
 Reference value :  1.45895e-08
 Reference value :  1.46895e-08
 Reference value :  1.48395e-08
 Reference value :  1.49395e-08
 Reference value :  1.50395e-08
 Reference value :  1.51395e-08
 Reference value :  1.52395e-08
 Reference value :  1.53344e-08
 Reference value :  1.53513e-08
 Reference value :  1.53824e-08
 Reference value :  1.54004e-08
 Reference value :  1.54088e-08
 Reference value :  1.54291e-08
 Reference value :  1.54768e-08
 Reference value :  1.55447e-08
 Reference value :  1.56213e-08
 Reference value :  1.57213e-08
 Reference value :  1.58213e-08
 Reference value :  1.59213e-08
 Reference value :  1.60213e-08
 Reference value :  1.61213e-08
 Reference value :  1.62213e-08
 Reference value :  1.63713e-08
 Reference value :  1.64713e-08
 Reference value :  1.65713e-08
 Reference value :  1.66403e-08
 Reference value :  1.66535e-08
 Reference value :  1.66799e-08
 Reference value :  1.66891e-08
 Reference value :  1.66975e-08
 Reference value :  1.67052e-08
 Reference value :  1.67318e-08
 Reference value :  1.67979e-08
 Reference value :  1.69374e-08
 Reference value :  1.70374e-08
 Reference value :  1.71374e-08
 Reference value :  1.72374e-08
 Reference value :  1.73374e-08
 Reference value :  1.74874e-08
 Reference value :  1.75874e-08
 Reference value :  1.76874e-08
 Reference value :  1.77874e-08
 Reference value :  1.78874e-08
 Reference value :  1.79554e-08
 Reference value :  1.79679e-08
 Reference value :  1.79989e-08
 Reference value :  1.80062e-08
 Reference value :  1.80146e-08
 Reference value :  1.80477e-08
 Reference value :  1.81156e-08
 Reference value :  1.81865e-08
 Reference value :  1.82731e-08
 Reference value :  1.83731e-08
 Reference value :  1.85231e-08
 Reference value :  1.86231e-08
 Reference value :  1.87231e-08
 Reference value :  1.88231e-08
 Reference value :  1.89731e-08
 Reference value :  1.91231e-08
 Reference value :  1.92231e-08
 Reference value :  1.92431e-08
 Reference value :  1.92567e-08
 Reference value :  1.92681e-08
 Reference value :  1.92945e-08
 Reference value :  1.93030e-08
 Reference value :  1.93109e-08
 Reference value :  1.93379e-08
 Reference value :  1.94095e-08
 Reference value :  1.95518e-08
 Reference value :  1.96518e-08
 Reference value :  1.97518e-08
 Reference value :  1.98518e-08
 Reference value :  1.99518e-08
 Reference value :  2.01018e-08
 Reference value :  2.02018e-08
 Reference value :  2.03518e-08
 Reference value :  2.04518e-08
 Reference value :  2.05444e-08
 Reference value :  2.05609e-08
 Reference value :  2.05917e-08
 Reference value :  2.06025e-08
 Reference value :  2.06097e-08
 Reference value :  2.06183e-08
 Reference value :  2.06384e-08
 Reference value :  2.06651e-08
 Reference value :  2.07209e-08
 Reference value :  2.07534e-08
 Reference value :  2.08298e-08
 Reference value :  2.09298e-08
 Reference value :  2.10298e-08
 Reference value :  2.11298e-08
 Reference value :  2.12298e-08
 Reference value :  2.13298e-08
 Reference value :  2.14298e-08
 Reference value :  2.15798e-08
 Reference value :  2.16798e-08
 Reference value :  2.17798e-08
 Reference value :  2.18492e-08
 Reference value :  2.18625e-08
 Reference value :  2.18739e-08
 Reference value :  2.18991e-08
 Reference value :  2.19076e-08
 Reference value :  2.19154e-08
 Reference value :  2.19336e-08
 Reference value :  2.19803e-08
 Reference value :  2.21035e-08
 Reference value :  2.22022e-08
 Reference value :  2.23022e-08
 Reference value :  2.24022e-08
 Reference value :  2.25022e-08
 Reference value :  2.26022e-08
 Reference value :  2.27022e-08
 Reference value :  2.28022e-08
 Reference value :  2.29022e-08
 Reference value :  2.30022e-08
 Reference value :  2.31022e-08
 Reference value :  2.31699e-08
 Reference value :  2.32007e-08
 Reference value :  2.32104e-08
 Reference value :  2.32174e-08
 Reference value :  2.32345e-08
 Reference value :  2.32735e-08
 Reference value :  2.33298e-08
 Reference value :  2.34011e-08
 Reference value :  2.34894e-08
 Reference value :  2.35894e-08
 Reference value :  2.37394e-08
 Reference value :  2.38394e-08
 Reference value :  2.39394e-08
 Reference value :  2.40394e-08
 Reference value :  2.41894e-08
 Reference value :  2.43394e-08
 Reference value :  2.44394e-08
 Reference value :  2.44575e-08
 Reference value :  2.44703e-08
 Reference value :  2.44955e-08
 Reference value :  2.45030e-08
 Reference value :  2.45109e-08
 Reference value :  2.45181e-08
 Reference value :  2.45437e-08
 Reference value :  2.46052e-08
 Reference value :  2.46942e-08
 Reference value :  2.47890e-08
 Reference value :  2.48890e-08
 Reference value :  2.49890e-08
 Reference value :  2.50890e-08
 Reference value :  2.51890e-08
 Reference value :  2.52890e-08
 Reference value :  2.53890e-08
 Reference value :  2.55390e-08
 Reference value :  2.56890e-08
 Reference value :  2.57609e-08
 Reference value :  2.57740e-08
 Reference value :  2.58018e-08
 Reference value :  2.58120e-08
 Reference value :  2.58191e-08
 Reference value :  2.58275e-08
 Reference value :  2.58604e-08
 Reference value :  2.59271e-08
 Reference value :  2.59976e-08
 Reference value :  2.60840e-08
 Reference value :  2.61840e-08
 Reference value :  2.63340e-08
 Reference value :  2.64340e-08
 Reference value :  2.65340e-08
 Reference value :  2.66340e-08
 Reference value :  2.67340e-08
 Reference value :  2.68840e-08
 Reference value :  2.69840e-08
 Reference value :  2.70547e-08
 Reference value :  2.70686e-08
 Reference value :  2.70940e-08
 Reference value :  2.71047e-08
 Reference value :  2.71219e-08
 Reference value :  2.71484e-08
 Reference value :  2.72120e-08
 Reference value :  2.73496e-08
 Reference value :  2.74496e-08
 Reference value :  2.75496e-08
 Reference value :  2.76496e-08
 Reference value :  2.77996e-08
 Reference value :  2.78996e-08
 Reference value :  2.79996e-08
 Reference value :  2.80996e-08
 Reference value :  2.81996e-08
 Reference value :  2.82996e-08
 Reference value :  2.83688e-08
 Reference value :  2.83963e-08
 Reference value :  2.84210e-08
 Reference value :  2.84384e-08
 Reference value :  2.84750e-08
 Reference value :  2.85628e-08
 Reference value :  2.85987e-08
 Reference value :  2.86863e-08
 Reference value :  2.87863e-08
 Reference value :  2.88863e-08
 Reference value :  2.89863e-08
 Reference value :  2.90863e-08
 Reference value :  2.91863e-08
 Reference value :  2.92863e-08
 Reference value :  2.94363e-08
 Reference value :  2.95363e-08
 Reference value :  2.96363e-08
 Reference value :  2.96567e-08
 Reference value :  2.96706e-08
 Reference value :  2.96823e-08
 Reference value :  2.97063e-08
 Reference value :  2.97164e-08
 Reference value :  2.97242e-08
 Reference value :  2.97322e-08
 Reference value :  2.97495e-08
 Reference value :  2.97789e-08
 Reference value :  2.98559e-08
 Reference value :  2.99985e-08
 Reference value :  3.00985e-08
 Reference value :  3.01985e-08
 Reference value :  3.02985e-08
 Reference value :  3.04485e-08
 Reference value :  3.05485e-08
 Reference value :  3.06485e-08
 Reference value :  3.07485e-08
 Reference value :  3.08485e-08
 Reference value :  3.09690e-08
 Reference value :  3.09818e-08
 Reference value :  3.09950e-08
 Reference value :  3.10202e-08
 Reference value :  3.10274e-08
 Reference value :  3.10451e-08
 Reference value :  3.10859e-08
 Reference value :  3.11450e-08
 Reference value :  3.11795e-08
 Reference value :  3.12591e-08
 Reference value :  3.13591e-08
 Reference value :  3.14591e-08
 Reference value :  3.15591e-08
 Reference value :  3.16591e-08
 Reference value :  3.17591e-08
 Reference value :  3.18591e-08
 Reference value :  3.20091e-08
 Reference value :  3.21591e-08
 Reference value :  3.22485e-08
 Reference value :  3.22655e-08
 Reference value :  3.22785e-08
 Reference value :  3.22896e-08
 Reference value :  3.23142e-08
 Reference value :  3.23228e-08
 Reference value :  3.23305e-08
 Reference value :  3.23482e-08
 Reference value :  3.23919e-08
 Reference value :  3.25152e-08
 Reference value :  3.26622e-08
 Reference value :  3.27622e-08
 Reference value :  3.28622e-08
 Reference value :  3.29622e-08
 Reference value :  3.30622e-08
 Reference value :  3.31622e-08
 Reference value :  3.33122e-08
 Reference value :  3.34122e-08
 Reference value :  3.35622e-08
 Reference value :  3.35803e-08
 Reference value :  3.36127e-08
 Reference value :  3.36242e-08
 Reference value :  3.36399e-08
 Reference value :  3.36742e-08
 Reference value :  3.37094e-08
 Reference value :  3.37803e-08
 Reference value :  3.38579e-08
 Reference value :  3.39579e-08
 Reference value :  3.40579e-08
 Reference value :  3.41579e-08
 Reference value :  3.42579e-08
 Reference value :  3.43579e-08
 Reference value :  3.44579e-08
 Reference value :  3.46079e-08
 Reference value :  3.47579e-08
 Reference value :  3.48579e-08
 Reference value :  3.48754e-08
 Reference value :  3.48878e-08
 Reference value :  3.49126e-08
 Reference value :  3.49220e-08
 Reference value :  3.49299e-08
 Reference value :  3.49376e-08
 Reference value :  3.49645e-08
 Reference value :  3.50079e-08
 Reference value :  3.50822e-08
 Reference value :  3.51770e-08
 Reference value :  3.52770e-08
 Reference value :  3.53770e-08
 Reference value :  3.54770e-08
 Reference value :  3.55770e-08
 Reference value :  3.56770e-08
 Reference value :  3.57770e-08
 Reference value :  3.58770e-08
 Reference value :  3.59770e-08
 Reference value :  3.60770e-08
 Reference value :  3.61701e-08
 Reference value :  3.61868e-08
 Reference value :  3.62176e-08
 Reference value :  3.62359e-08
 Reference value :  3.62444e-08
 Reference value :  3.62644e-08
 Reference value :  3.63124e-08
 Reference value :  3.63744e-08
 Reference value :  3.64503e-08
 Reference value :  3.65503e-08
 Reference value :  3.66503e-08
 Reference value :  3.67503e-08
 Reference value :  3.68503e-08
 Reference value :  3.69503e-08
 Reference value :  3.70503e-08
 Reference value :  3.71503e-08
 Reference value :  3.72503e-08
 Reference value :  3.73503e-08
 Reference value :  3.74503e-08
 Reference value :  3.74711e-08
 Reference value :  3.74851e-08
 Reference value :  3.74968e-08
 Reference value :  3.75095e-08
 Reference value :  3.75209e-08
 Reference value :  3.75310e-08
 Reference value :  3.75388e-08
 Reference value :  3.75468e-08
 Reference value :  3.75640e-08
 Reference value :  3.76282e-08
 Reference value :  3.77182e-08
 Reference value :  3.78123e-08
 Reference value :  3.79123e-08
 Reference value :  3.80123e-08
 Reference value :  3.81123e-08
 Reference value :  3.82623e-08
 Reference value :  3.83623e-08
 Reference value :  3.84623e-08
 Reference value :  3.85623e-08
 Reference value :  3.86623e-08
 Reference value :  3.87623e-08
 Reference value :  3.87831e-08
 Reference value :  3.87961e-08
 Reference value :  3.88091e-08
 Reference value :  3.88344e-08
 Reference value :  3.88415e-08
 Reference value :  3.88499e-08
 Reference value :  3.88833e-08
 Reference value :  3.89538e-08
 Reference value :  3.89858e-08
 Reference value :  3.90633e-08
 Reference value :  3.91633e-08
 Reference value :  3.92633e-08
 Reference value :  3.93633e-08
 Reference value :  3.94633e-08
 Reference value :  3.95633e-08
 Reference value :  3.96633e-08
 Reference value :  3.97633e-08
 Reference value :  3.98633e-08
 Reference value :  3.99633e-08
 Reference value :  4.00633e-08
 Reference value :  4.00940e-08
 Reference value :  4.01191e-08
 Reference value :  4.01344e-08
 Reference value :  4.01415e-08
 Reference value :  4.01581e-08
 Reference value :  4.01953e-08
 Reference value :  4.03170e-08
 Reference value :  4.04116e-08
 Reference value :  4.05116e-08
 Reference value :  4.06116e-08
 Reference value :  4.07116e-08
 Reference value :  4.08616e-08
 Reference value :  4.09616e-08
 Reference value :  4.10616e-08
 Reference value :  4.11616e-08
 Reference value :  4.12616e-08
 Reference value :  4.13616e-08
 Reference value :  4.13840e-08
 Reference value :  4.14093e-08
 Reference value :  4.14349e-08
 Reference value :  4.14420e-08
 Reference value :  4.14597e-08
 Reference value :  4.14831e-08
 Reference value :  4.15477e-08
 Reference value :  4.16180e-08
 Reference value :  4.17038e-08
 Reference value :  4.18038e-08
 Reference value :  4.19538e-08
 Reference value :  4.20538e-08
 Reference value :  4.21538e-08
 Reference value :  4.22538e-08
 Reference value :  4.24038e-08
 Reference value :  4.25538e-08
 Reference value :  4.26538e-08
 Reference value :  4.26748e-08
 Reference value :  4.26888e-08
 Reference value :  4.27008e-08
 Reference value :  4.27126e-08
 Reference value :  4.27361e-08
 Reference value :  4.27440e-08
 Reference value :  4.27519e-08
 Reference value :  4.27786e-08
 Reference value :  4.28744e-08
 Reference value :  4.29637e-08
 Reference value :  4.30637e-08
 Reference value :  4.31637e-08
 Reference value :  4.32637e-08
 Reference value :  4.33637e-08
 Reference value :  4.34637e-08
 Reference value :  4.35637e-08
 Reference value :  4.36637e-08
 Reference value :  4.37637e-08
 Reference value :  4.38637e-08
 Reference value :  4.39637e-08
 Reference value :  4.39861e-08
 Reference value :  4.39993e-08
 Reference value :  4.40268e-08
 Reference value :  4.40440e-08
 Reference value :  4.40525e-08
 Reference value :  4.40722e-08
 Reference value :  4.40850e-08
 Reference value :  4.41184e-08
 Reference value :  4.41787e-08
 Reference value :  4.42143e-08
 Reference value :  4.43016e-08
 Reference value :  4.44016e-08
 Reference value :  4.45016e-08
 Reference value :  4.46016e-08
 Reference value :  4.47016e-08
 Reference value :  4.48016e-08
 Reference value :  4.49016e-08
 Reference value :  4.50516e-08
 Reference value :  4.51516e-08
 Reference value :  4.52516e-08
 Reference value :  4.52736e-08
 Reference value :  4.52879e-08
 Reference value :  4.53006e-08
 Reference value :  4.53248e-08
 Reference value :  4.53415e-08
 Reference value :  4.53491e-08
 Reference value :  4.53670e-08
 Reference value :  4.54120e-08
 Reference value :  4.54902e-08
 Reference value :  4.56337e-08
 Reference value :  4.57337e-08
 Reference value :  4.58337e-08
 Reference value :  4.59337e-08
 Reference value :  4.60337e-08
 Reference value :  4.61337e-08
 Reference value :  4.62337e-08
 Reference value :  4.63337e-08
 Reference value :  4.64337e-08
 Reference value :  4.65837e-08
 Reference value :  4.66015e-08
 Reference value :  4.66139e-08
 Reference value :  4.66421e-08
 Reference value :  4.66490e-08
 Reference value :  4.66573e-08
 Reference value :  4.66769e-08
 Reference value :  4.67034e-08
 Reference value :  4.67522e-08
 Reference value :  4.68180e-08
 Reference value :  4.69052e-08
 Reference value :  4.70052e-08
 Reference value :  4.71052e-08
 Reference value :  4.72052e-08
 Reference value :  4.73052e-08
 Reference value :  4.74052e-08
 Reference value :  4.75052e-08
 Reference value :  4.76552e-08
 Reference value :  4.77552e-08
 Reference value :  4.78552e-08
 Reference value :  4.78780e-08
 Reference value :  4.78923e-08
 Reference value :  4.79053e-08
 Reference value :  4.79164e-08
 Reference value :  4.79372e-08
 Reference value :  4.79451e-08
 Reference value :  4.79523e-08
 Reference value :  4.79780e-08
 Reference value :  4.80392e-08
 Reference value :  4.81735e-08
 Reference value :  4.82735e-08
 Reference value :  4.83735e-08
 Reference value :  4.84735e-08
 Reference value :  4.86235e-08
 Reference value :  4.87235e-08
 Reference value :  4.88235e-08
 Reference value :  4.89235e-08
 Reference value :  4.90235e-08
 Reference value :  4.91735e-08
 Reference value :  4.91951e-08
 Reference value :  4.92080e-08
 Reference value :  4.92359e-08
 Reference value :  4.92461e-08
 Reference value :  4.92532e-08
 Reference value :  4.92616e-08
 Reference value :  4.92956e-08
 Reference value :  4.93690e-08
 Reference value :  4.94038e-08
 Reference value :  4.94818e-08
 Reference value :  4.95818e-08
 Reference value :  4.96818e-08
 Reference value :  4.97818e-08
 Reference value :  4.98818e-08
 Reference value :  4.99818e-08
 Reference value :  5.00818e-08
 Reference value :  5.01818e-08
 Reference value :  5.03318e-08
 Reference value :  5.04318e-08
 Reference value :  5.04995e-08
 Reference value :  5.05119e-08
 Reference value :  5.05375e-08
 Reference value :  5.05480e-08
 Reference value :  5.05559e-08
 Reference value :  5.05640e-08
 Reference value :  5.05912e-08
 Reference value :  5.06889e-08
 Reference value :  5.07330e-08
 Reference value :  5.08295e-08
 Reference value :  5.09295e-08
 Reference value :  5.10295e-08
 Reference value :  5.11295e-08
 Reference value :  5.12795e-08
 Reference value :  5.13795e-08
 Reference value :  5.15295e-08
 Reference value :  5.16295e-08
 Reference value :  5.17795e-08
 Reference value :  5.18002e-08
 Reference value :  5.18132e-08
 Reference value :  5.18263e-08
 Reference value :  5.18515e-08
 Reference value :  5.18671e-08
 Reference value :  5.19004e-08
 Reference value :  5.19368e-08
 Reference value :  5.20038e-08
 Reference value :  5.20816e-08
 Reference value :  5.22316e-08
 Reference value :  5.23816e-08
 Reference value :  5.24816e-08
 Reference value :  5.25816e-08
 Reference value :  5.26816e-08
 Reference value :  5.27816e-08
 Reference value :  5.29316e-08
 Reference value :  5.30316e-08
 Reference value :  5.30993e-08
 Reference value :  5.31118e-08
 Reference value :  5.31232e-08
 Reference value :  5.31450e-08
 Reference value :  5.31604e-08
 Reference value :  5.31866e-08
 Reference value :  5.32507e-08
 Reference value :  5.33887e-08
 Reference value :  5.34887e-08
 Reference value :  5.35887e-08
 Reference value :  5.36887e-08
 Reference value :  5.37887e-08
 Reference value :  5.38887e-08
 Reference value :  5.39887e-08
 Reference value :  5.41387e-08
 Reference value :  5.42387e-08
 Reference value :  5.43887e-08
 Reference value :  5.44078e-08
 Reference value :  5.44204e-08
 Reference value :  5.44519e-08
 Reference value :  5.44605e-08
 Reference value :  5.44693e-08
 Reference value :  5.45034e-08
 Reference value :  5.45802e-08
 Reference value :  5.46981e-08
 Reference value :  5.47981e-08
 Reference value :  5.48981e-08
 Reference value :  5.50481e-08
 Reference value :  5.51481e-08
 Reference value :  5.52481e-08
 Reference value :  5.53481e-08
 Reference value :  5.54981e-08
 Reference value :  5.55981e-08
 Reference value :  5.56846e-08
 Reference value :  5.57145e-08
 Reference value :  5.57408e-08
 Reference value :  5.57508e-08
 Reference value :  5.57594e-08
 Reference value :  5.57673e-08
 Reference value :  5.57942e-08
 Reference value :  5.58626e-08
 Reference value :  5.60035e-08
 Reference value :  5.61035e-08
 Reference value :  5.62035e-08
 Reference value :  5.63035e-08
 Reference value :  5.64035e-08
 Reference value :  5.65035e-08
 Reference value :  5.66035e-08
 Reference value :  5.67535e-08
 Reference value :  5.68535e-08
 Reference value :  5.70035e-08
 Reference value :  5.70212e-08
 Reference value :  5.70521e-08
 Reference value :  5.70687e-08
 Reference value :  5.70770e-08
 Reference value :  5.71110e-08
 Reference value :  5.71797e-08
 Reference value :  5.72113e-08
 Reference value :  5.72882e-08
 Reference value :  5.73882e-08
 Reference value :  5.74882e-08
 Reference value :  5.75882e-08
 Reference value :  5.76882e-08
 Reference value :  5.77882e-08
 Reference value :  5.78882e-08
 Reference value :  5.80382e-08
 Reference value :  5.81882e-08
 Reference value :  5.82882e-08
 Reference value :  5.83071e-08
 Reference value :  5.83203e-08
 Reference value :  5.83464e-08
 Reference value :  5.83557e-08
 Reference value :  5.83640e-08
 Reference value :  5.83717e-08
 Reference value :  5.83982e-08
 Reference value :  5.84636e-08
 Reference value :  5.85556e-08
 Reference value :  5.87026e-08
 Reference value :  5.88026e-08
 Reference value :  5.89026e-08
 Reference value :  5.90026e-08
 Reference value :  5.91026e-08
 Reference value :  5.92026e-08
 Reference value :  5.93526e-08
 Reference value :  5.94526e-08
 Reference value :  5.96026e-08
 Reference value :  5.96209e-08
 Reference value :  5.96505e-08
 Reference value :  5.96634e-08
 Reference value :  5.96711e-08
 Reference value :  5.96888e-08
 Reference value :  5.97264e-08
 Reference value :  5.97825e-08
 Reference value :  5.98152e-08
 Reference value :  5.98916e-08
 Reference value :  5.99916e-08
 Reference value :  6.00916e-08
 Reference value :  6.01916e-08
 Reference value :  6.02916e-08
 Reference value :  6.03916e-08
 Reference value :  6.04916e-08
 Reference value :  6.06416e-08
 Reference value :  6.07916e-08
 Reference value :  6.08916e-08
 Reference value :  6.09109e-08
 Reference value :  6.09242e-08
 Reference value :  6.09355e-08
 Reference value :  6.09603e-08
 Reference value :  6.09687e-08
 Reference value :  6.09765e-08
 Reference value :  6.10034e-08
 Reference value :  6.10709e-08
 Reference value :  6.12113e-08
 Reference value :  6.13113e-08
 Reference value :  6.14113e-08
 Reference value :  6.15113e-08
 Reference value :  6.16113e-08
 Reference value :  6.17613e-08
 Reference value :  6.18613e-08
 Reference value :  6.19613e-08
 Reference value :  6.20613e-08
 Reference value :  6.22113e-08
 Reference value :  6.22291e-08
 Reference value :  6.22603e-08
 Reference value :  6.22697e-08
 Reference value :  6.22765e-08
 Reference value :  6.22849e-08
 Reference value :  6.23046e-08
 Reference value :  6.23320e-08
 Reference value :  6.23841e-08
 Reference value :  6.24542e-08
 Reference value :  6.25405e-08
 Reference value :  6.26405e-08
 Reference value :  6.27905e-08
 Reference value :  6.28905e-08
 Reference value :  6.29905e-08
 Reference value :  6.30905e-08
 Reference value :  6.31905e-08
 Reference value :  6.33405e-08
 Reference value :  6.34405e-08
 Reference value :  6.35113e-08
 Reference value :  6.35254e-08
 Reference value :  6.35371e-08
 Reference value :  6.35497e-08
 Reference value :  6.35611e-08
 Reference value :  6.35791e-08
 Reference value :  6.35871e-08
 Reference value :  6.36139e-08
 Reference value :  6.37100e-08
 Reference value :  6.37539e-08
 Reference value :  6.38502e-08
 Reference value :  6.39502e-08
 Reference value :  6.40502e-08
 Reference value :  6.41502e-08
 Reference value :  6.43002e-08
 Reference value :  6.44002e-08
 Reference value :  6.45002e-08
 Reference value :  6.46002e-08
 Reference value :  6.47002e-08
 Reference value :  6.48002e-08
 Reference value :  6.48219e-08
 Reference value :  6.48350e-08
 Reference value :  6.48628e-08
 Reference value :  6.48730e-08
 Reference value :  6.48801e-08
 Reference value :  6.48975e-08
 Reference value :  6.49361e-08
 Reference value :  6.49890e-08
 Reference value :  6.50193e-08
 Reference value :  6.50957e-08
 Reference value :  6.51957e-08
 Reference value :  6.53457e-08
 Reference value :  6.54957e-08
 Reference value :  6.55957e-08
 Reference value :  6.56957e-08
 Reference value :  6.58457e-08
 Reference value :  6.59957e-08
 Reference value :  6.60957e-08
 Reference value :  6.61162e-08
 Reference value :  6.61299e-08
 Reference value :  6.61414e-08
 Reference value :  6.61559e-08
 Reference value :  6.61755e-08
 Reference value :  6.61834e-08
 Reference value :  6.62010e-08
 Reference value :  6.62215e-08
 Reference value :  6.63214e-08
 Reference value :  6.64144e-08
 Reference value :  6.65144e-08
 Reference value :  6.66144e-08
 Reference value :  6.67144e-08
 Reference value :  6.68144e-08
 Reference value :  6.69144e-08
 Reference value :  6.70144e-08
 Reference value :  6.71644e-08
 Reference value :  6.72644e-08
 Reference value :  6.74144e-08
 Reference value :  6.74327e-08
 Reference value :  6.74626e-08
 Reference value :  6.74827e-08
 Reference value :  6.74913e-08
 Reference value :  6.75117e-08
 Reference value :  6.75381e-08
 Reference value :  6.76320e-08
 Reference value :  6.77090e-08
 Reference value :  6.78090e-08
 Reference value :  6.79090e-08
 Reference value :  6.80090e-08
 Reference value :  6.81090e-08
 Reference value :  6.82090e-08
 Reference value :  6.83090e-08
 Reference value :  6.84090e-08
 Reference value :  6.85090e-08
 Reference value :  6.86090e-08
 Reference value :  6.87090e-08
 Reference value :  6.87267e-08
 Reference value :  6.87393e-08
 Reference value :  6.87507e-08
 Reference value :  6.87726e-08
 Reference value :  6.87805e-08
 Reference value :  6.87881e-08
 Reference value :  6.88058e-08
 Reference value :  6.88496e-08
 Reference value :  6.89723e-08
 Reference value :  6.90698e-08
 Reference value :  6.91698e-08
 Reference value :  6.92698e-08
 Reference value :  6.93698e-08
 Reference value :  6.95198e-08
 Reference value :  6.96198e-08
 Reference value :  6.97698e-08
 Reference value :  6.98698e-08
 Reference value :  7.00198e-08
 Reference value :  7.00380e-08
 Reference value :  7.00683e-08
 Reference value :  7.00878e-08
 Reference value :  7.00964e-08
 Reference value :  7.01164e-08
 Reference value :  7.01642e-08
 Reference value :  7.02252e-08
 Reference value :  7.03009e-08
 Reference value :  7.04009e-08
 Reference value :  7.05009e-08
 Reference value :  7.06009e-08
 Reference value :  7.07009e-08
 Reference value :  7.08009e-08
 Reference value :  7.09009e-08
 Reference value :  7.10509e-08
 Reference value :  7.11509e-08
 Reference value :  7.12509e-08
 Reference value :  7.13221e-08
 Reference value :  7.13362e-08
 Reference value :  7.13480e-08
 Reference value :  7.13722e-08
 Reference value :  7.13825e-08
 Reference value :  7.13903e-08
 Reference value :  7.13982e-08
 Reference value :  7.14155e-08
 Reference value :  7.14436e-08
 Reference value :  7.15631e-08
 Reference value :  7.16594e-08
 Reference value :  7.17594e-08
 Reference value :  7.18594e-08
 Reference value :  7.19594e-08
 Reference value :  7.21094e-08
 Reference value :  7.22094e-08
 Reference value :  7.23094e-08
 Reference value :  7.24094e-08
 Reference value :  7.25094e-08
 Reference value :  7.26094e-08
 Reference value :  7.26321e-08
 Reference value :  7.26453e-08
 Reference value :  7.26728e-08
 Reference value :  7.26830e-08
 Reference value :  7.26901e-08
 Reference value :  7.26986e-08
 Reference value :  7.27312e-08
 Reference value :  7.27644e-08
 Reference value :  7.28244e-08
 Reference value :  7.28599e-08
 Reference value :  7.29472e-08
 Reference value :  7.30472e-08
 Reference value :  7.31972e-08
 Reference value :  7.32972e-08
 Reference value :  7.33972e-08
 Reference value :  7.34972e-08
 Reference value :  7.35972e-08
 Reference value :  7.36972e-08
 Reference value :  7.37972e-08
 Reference value :  7.38972e-08
 Reference value :  7.39339e-08
 Reference value :  7.39467e-08
 Reference value :  7.39579e-08
 Reference value :  7.39791e-08
 Reference value :  7.39871e-08
 Reference value :  7.39946e-08
 Reference value :  7.40207e-08
 Reference value :  7.40527e-08
 Reference value :  7.41747e-08
 Reference value :  7.43215e-08
 Reference value :  7.44215e-08
 Reference value :  7.45215e-08
 Reference value :  7.46715e-08
 Reference value :  7.47715e-08
 Reference value :  7.48715e-08
 Reference value :  7.49715e-08
 Reference value :  7.50715e-08
 Reference value :  7.52215e-08
 Reference value :  7.52409e-08
 Reference value :  7.52681e-08
 Reference value :  7.52929e-08
 Reference value :  7.53008e-08
 Reference value :  7.53332e-08
 Reference value :  7.53642e-08
 Reference value :  7.54231e-08
 Reference value :  7.54573e-08
 Reference value :  7.55443e-08
 Reference value :  7.56443e-08
 Reference value :  7.57443e-08
 Reference value :  7.58443e-08
 Reference value :  7.59443e-08
 Reference value :  7.60443e-08
 Reference value :  7.61443e-08
 Reference value :  7.62943e-08
 Reference value :  7.64443e-08
 Reference value :  7.65203e-08
 Reference value :  7.65351e-08
 Reference value :  7.65485e-08
 Reference value :  7.65740e-08
 Reference value :  7.65923e-08
 Reference value :  7.66000e-08
 Reference value :  7.66264e-08
 Reference value :  7.66911e-08
 Reference value :  7.68290e-08
 Reference value :  7.69290e-08
 Reference value :  7.70290e-08
 Reference value :  7.71290e-08
 Reference value :  7.72290e-08
 Reference value :  7.73290e-08
 Reference value :  7.74290e-08
 Reference value :  7.75790e-08
 Reference value :  7.76790e-08
 Reference value :  7.78290e-08
 Reference value :  7.78477e-08
 Reference value :  7.78762e-08
 Reference value :  7.78904e-08
 Reference value :  7.78986e-08
 Reference value :  7.79158e-08
 Reference value :  7.79528e-08
 Reference value :  7.80039e-08
 Reference value :  7.80350e-08
 Reference value :  7.80701e-08
 Reference value :  7.81574e-08
 Reference value :  7.82574e-08
 Reference value :  7.84074e-08
 Reference value :  7.85074e-08
 Reference value :  7.86074e-08
 Reference value :  7.87074e-08
 Reference value :  7.88574e-08
 Reference value :  7.90074e-08
 Reference value :  7.91074e-08
 Reference value :  7.91292e-08
 Reference value :  7.91435e-08
 Reference value :  7.91562e-08
 Reference value :  7.91802e-08
 Reference value :  7.91890e-08
 Reference value :  7.92047e-08
 Reference value :  7.92317e-08
 Reference value :  7.92992e-08
 Reference value :  7.94393e-08
 Reference value :  7.95393e-08
 Reference value :  7.96393e-08
 Reference value :  7.97393e-08
 Reference value :  7.98393e-08
 Reference value :  7.99893e-08
 Reference value :  8.00893e-08
 Reference value :  8.02393e-08
 Reference value :  8.03393e-08
 Reference value :  8.04393e-08
 Reference value :  8.04570e-08
 Reference value :  8.04883e-08
 Reference value :  8.05045e-08
 Reference value :  8.05221e-08
 Reference value :  8.05600e-08
 Reference value :  8.06123e-08
 Reference value :  8.06824e-08
 Reference value :  8.07687e-08
 Reference value :  8.08687e-08
 Reference value :  8.10187e-08
 Reference value :  8.11187e-08
 Reference value :  8.12187e-08
 Reference value :  8.13187e-08
 Reference value :  8.14187e-08
 Reference value :  8.15687e-08
 Reference value :  8.16687e-08
 Reference value :  8.17397e-08
 Reference value :  8.17654e-08
 Reference value :  8.17896e-08
 Reference value :  8.18074e-08
 Reference value :  8.18237e-08
 Reference value :  8.18621e-08
 Reference value :  8.19871e-08
 Reference value :  8.20816e-08
 Reference value :  8.21816e-08
 Reference value :  8.22816e-08
 Reference value :  8.23816e-08
 Reference value :  8.25316e-08
 Reference value :  8.26316e-08
 Reference value :  8.27316e-08
 Reference value :  8.28316e-08
 Reference value :  8.29816e-08
 Reference value :  8.30521e-08
 Reference value :  8.30651e-08
 Reference value :  8.30784e-08
 Reference value :  8.31035e-08
 Reference value :  8.31107e-08
 Reference value :  8.31285e-08
 Reference value :  8.31531e-08
 Reference value :  8.32309e-08
 Reference value :  8.33067e-08
 Reference value :  8.34017e-08
 Reference value :  8.35017e-08
 Reference value :  8.36017e-08
 Reference value :  8.37017e-08
 Reference value :  8.38017e-08
 Reference value :  8.39517e-08
 Reference value :  8.41017e-08
 Reference value :  8.42517e-08
 Reference value :  8.43321e-08
 Reference value :  8.43480e-08
 Reference value :  8.43615e-08
 Reference value :  8.43725e-08
 Reference value :  8.43985e-08
 Reference value :  8.44152e-08
 Reference value :  8.44422e-08
 Reference value :  8.45124e-08
 Reference value :  8.46539e-08
 Reference value :  8.47539e-08
 Reference value :  8.48539e-08
 Reference value :  8.49539e-08
 Reference value :  8.50539e-08
 Reference value :  8.52039e-08
 Reference value :  8.53039e-08
 Reference value :  8.54039e-08
 Reference value :  8.55039e-08
 Reference value :  8.56039e-08
 Reference value :  8.56486e-08
 Reference value :  8.56659e-08
 Reference value :  8.56970e-08
 Reference value :  8.57146e-08
 Reference value :  8.57230e-08
 Reference value :  8.57567e-08
 Reference value :  8.57905e-08
 Reference value :  8.58648e-08
 Reference value :  8.59420e-08
 Reference value :  8.60420e-08
 Reference value :  8.61920e-08
 Reference value :  8.62920e-08
 Reference value :  8.63920e-08
 Reference value :  8.64920e-08
 Reference value :  8.65920e-08
 Reference value :  8.67420e-08
 Reference value :  8.68920e-08
 Reference value :  8.69594e-08
 Reference value :  8.69719e-08
 Reference value :  8.69967e-08
 Reference value :  8.70138e-08
 Reference value :  8.70215e-08
 Reference value :  8.70485e-08
 Reference value :  8.70893e-08
 Reference value :  8.71636e-08
 Reference value :  8.73078e-08
 Reference value :  8.74078e-08
 Reference value :  8.75078e-08
 Reference value :  8.76578e-08
 Reference value :  8.78078e-08
 Reference value :  8.79578e-08
 Reference value :  8.80578e-08
 Reference value :  8.81578e-08
 Reference value :  8.82578e-08
 Reference value :  8.82754e-08
 Reference value :  8.82880e-08
 Reference value :  8.83158e-08
 Reference value :  8.83229e-08
 Reference value :  8.83401e-08
 Reference value :  8.83790e-08
 Reference value :  8.84631e-08
 Reference value :  8.85399e-08
 Reference value :  8.86399e-08
 Reference value :  8.87399e-08
 Reference value :  8.88899e-08
 Reference value :  8.89899e-08
 Reference value :  8.90899e-08
 Reference value :  8.92399e-08
 Reference value :  8.93899e-08
 Reference value :  8.94899e-08
 Reference value :  8.95594e-08
 Reference value :  8.95728e-08
 Reference value :  8.95841e-08
 Reference value :  8.96095e-08
 Reference value :  8.96180e-08
 Reference value :  8.96259e-08
 Reference value :  8.96529e-08
 Reference value :  8.97225e-08
 Reference value :  8.98639e-08
 Reference value :  8.99639e-08
 Reference value :  9.00639e-08
 Reference value :  9.01639e-08
 Reference value :  9.02639e-08
 Reference value :  9.03639e-08
 Reference value :  9.04639e-08
 Reference value :  9.05639e-08
 Reference value :  9.06639e-08
 Reference value :  9.07639e-08
 Reference value :  9.08639e-08
 Reference value :  9.08815e-08
 Reference value :  9.09122e-08
 Reference value :  9.09219e-08
 Reference value :  9.09290e-08
 Reference value :  9.09461e-08
 Reference value :  9.09864e-08
 Reference value :  9.10450e-08
 Reference value :  9.10794e-08
 Reference value :  9.11584e-08
 Reference value :  9.12584e-08
 Reference value :  9.13584e-08
 Reference value :  9.14584e-08
 Reference value :  9.15584e-08
 Reference value :  9.16584e-08
 Reference value :  9.17584e-08
 Reference value :  9.19084e-08
 Reference value :  9.20584e-08
 Reference value :  9.21511e-08
 Reference value :  9.21682e-08
 Reference value :  9.21810e-08
 Reference value :  9.21922e-08
 Reference value :  9.22150e-08
 Reference value :  9.22307e-08
 Reference value :  9.22566e-08
 Reference value :  9.23190e-08
 Reference value :  9.24094e-08
 Reference value :  9.25055e-08
 Reference value :  9.26055e-08
 Reference value :  9.27055e-08
 Reference value :  9.28055e-08
 Reference value :  9.29055e-08
 Reference value :  9.30055e-08
 Reference value :  9.31055e-08
 Reference value :  9.32055e-08
 Reference value :  9.33055e-08
 Reference value :  9.34555e-08
 Reference value :  9.34757e-08
 Reference value :  9.35020e-08
 Reference value :  9.35271e-08
 Reference value :  9.35434e-08
 Reference value :  9.35771e-08
 Reference value :  9.36169e-08
 Reference value :  9.36519e-08
 Reference value :  9.37236e-08
 Reference value :  9.38163e-08
 Reference value :  9.39163e-08
 Reference value :  9.40663e-08
 Reference value :  9.41663e-08
 Reference value :  9.42663e-08
 Reference value :  9.43663e-08
 Reference value :  9.45163e-08
 Reference value :  9.46663e-08
 Reference value :  9.47546e-08
 Reference value :  9.47715e-08
 Reference value :  9.47845e-08
 Reference value :  9.48107e-08
 Reference value :  9.48292e-08
 Reference value :  9.48370e-08
 Reference value :  9.48637e-08
 Reference value :  9.49306e-08
 Reference value :  9.50230e-08
 Reference value :  9.51200e-08
 Reference value :  9.52200e-08
 Reference value :  9.53200e-08
 Reference value :  9.54200e-08
 Reference value :  9.55700e-08
 Reference value :  9.56700e-08
 Reference value :  9.58200e-08
 Reference value :  9.59200e-08
 Reference value :  9.60200e-08
 Reference value :  9.60878e-08
 Reference value :  9.61196e-08
 Reference value :  9.61372e-08
 Reference value :  9.61456e-08
 Reference value :  9.61796e-08
 Reference value :  9.62496e-08
 Reference value :  9.62823e-08
 Reference value :  9.63592e-08
 Reference value :  9.64592e-08
 Reference value :  9.65592e-08
 Reference value :  9.66592e-08
 Reference value :  9.67592e-08
 Reference value :  9.68592e-08
 Reference value :  9.69592e-08
 Reference value :  9.70592e-08
 Reference value :  9.72092e-08
 Reference value :  9.73092e-08
 Reference value :  9.73777e-08
 Reference value :  9.73907e-08
 Reference value :  9.74164e-08
 Reference value :  9.74249e-08
 Reference value :  9.74404e-08
 Reference value :  9.74664e-08
 Reference value :  9.75290e-08
 Reference value :  9.76660e-08
 Reference value :  9.77660e-08
 Reference value :  9.79160e-08
 Reference value :  9.80160e-08
 Reference value :  9.81660e-08
 Reference value :  9.82660e-08
 Reference value :  9.84160e-08
 Reference value :  9.85160e-08
 Reference value :  9.86160e-08
 Reference value :  9.86860e-08
 Reference value :  9.87126e-08
 Reference value :  9.87375e-08
 Reference value :  9.87539e-08
 Reference value :  9.87879e-08
 Reference value :  9.88632e-08
 Reference value :  9.89345e-08
 Reference value :  9.90285e-08
 Reference value :  9.91285e-08
 Reference value :  9.92285e-08
 Reference value :  9.93285e-08
 Reference value :  9.94285e-08
 Reference value :  9.95285e-08
 Reference value :  9.96785e-08
 Reference value :  9.97785e-08
 Reference value :  9.99285e-08
 Reference value :  9.99642e-08
 Reference value :  9.99809e-08
 Reference value :  1.00005e-07
 Reference value :  1.00031e-07
 Reference value :  1.00039e-07
 Reference value :  1.00047e-07
 Reference value :  1.00074e-07
 Reference value :  1.00112e-07
 Reference value :  1.00236e-07
 Reference value :  1.00334e-07
 Reference value :  1.00434e-07
 Reference value :  1.00534e-07
 Reference value :  1.00634e-07
 Reference value :  1.00784e-07
 Reference value :  1.00884e-07
 Reference value :  1.00984e-07
 Reference value :  1.01084e-07
 Reference value :  1.01184e-07
 Reference value :  1.01284e-07
 Reference value :  1.01302e-07
 Reference value :  1.01333e-07
 Reference value :  1.01343e-07
 Reference value :  1.01350e-07
 Reference value :  1.01367e-07
 Reference value :  1.01392e-07
 Reference value :  1.01469e-07
 Reference value :  1.01545e-07
 Reference value :  1.01638e-07
 Reference value :  1.01738e-07
 Reference value :  1.01888e-07
 Reference value :  1.01988e-07
 Reference value :  1.02088e-07
 Reference value :  1.02188e-07
 Reference value :  1.02338e-07
 Reference value :  1.02438e-07
 Reference value :  1.02538e-07
 Reference value :  1.02572e-07
 Reference value :  1.02588e-07
 Reference value :  1.02601e-07
 Reference value :  1.02628e-07
 Reference value :  1.02647e-07
 Reference value :  1.02655e-07
 Reference value :  1.02673e-07
 Reference value :  1.02721e-07
 Reference value :  1.02800e-07
 Reference value :  1.02944e-07
 Reference value :  1.03044e-07
 Reference value :  1.03144e-07
 Reference value :  1.03244e-07
 Reference value :  1.03394e-07
 Reference value :  1.03494e-07
 Reference value :  1.03594e-07
 Reference value :  1.03694e-07
 Reference value :  1.03794e-07
 Reference value :  1.03888e-07
 Reference value :  1.03905e-07
 Reference value :  1.03918e-07
 Reference value :  1.03947e-07
 Reference value :  1.03954e-07
 Reference value :  1.03963e-07
 Reference value :  1.03997e-07
 Reference value :  1.04066e-07
 Reference value :  1.04137e-07
 Reference value :  1.04224e-07
 Reference value :  1.04324e-07
 Reference value :  1.04424e-07
 Reference value :  1.04524e-07
 Reference value :  1.04624e-07
 Reference value :  1.04724e-07
 Reference value :  1.04824e-07
 Reference value :  1.04974e-07
 Reference value :  1.05074e-07
 Reference value :  1.05174e-07
 Reference value :  1.05207e-07
 Reference value :  1.05218e-07
 Reference value :  1.05243e-07
 Reference value :  1.05252e-07
 Reference value :  1.05260e-07
 Reference value :  1.05278e-07
 Reference value :  1.05299e-07
 Reference value :  1.05355e-07
 Reference value :  1.05496e-07
 Reference value :  1.05596e-07
 Reference value :  1.05696e-07
 Reference value :  1.05796e-07
 Reference value :  1.05896e-07
 Reference value :  1.05996e-07
 Reference value :  1.06096e-07
 Reference value :  1.06196e-07
 Reference value :  1.06296e-07
 Reference value :  1.06446e-07
 Reference value :  1.06514e-07
 Reference value :  1.06545e-07
 Reference value :  1.06554e-07
 Reference value :  1.06561e-07
 Reference value :  1.06578e-07
 Reference value :  1.06604e-07
 Reference value :  1.06673e-07
 Reference value :  1.06744e-07
 Reference value :  1.06832e-07
 Reference value :  1.06932e-07
 Reference value :  1.07132e-07
 Reference value :  1.07282e-07
 Reference value :  1.07382e-07
 Reference value :  1.07532e-07
 Reference value :  1.07682e-07
 Reference value :  1.07782e-07
 Reference value :  1.07814e-07
 Reference value :  1.07848e-07
 Reference value :  1.07856e-07
 Reference value :  1.07863e-07
 Reference value :  1.07880e-07
 Reference value :  1.07920e-07
 Reference value :  1.07997e-07
 Reference value :  1.08089e-07
 Reference value :  1.08189e-07
 Reference value :  1.08289e-07
 Reference value :  1.08389e-07
 Reference value :  1.08489e-07
 Reference value :  1.08639e-07
 Reference value :  1.08789e-07
 Reference value :  1.08889e-07
 Reference value :  1.08989e-07
 Reference value :  1.09089e-07
 Reference value :  1.09109e-07
 Reference value :  1.09135e-07
 Reference value :  1.09160e-07
 Reference value :  1.09168e-07
 Reference value :  1.09198e-07
 Reference value :  1.09227e-07
 Reference value :  1.09285e-07
 Reference value :  1.09357e-07
 Reference value :  1.09450e-07
 Reference value :  1.09550e-07
 Reference value :  1.09650e-07
 Reference value :  1.09750e-07
 Reference value :  1.09850e-07
 Reference value :  1.09950e-07
 Reference value :  1.10050e-07
 Reference value :  1.10200e-07
 Reference value :  1.10300e-07
 Reference value :  1.10387e-07
 Reference value :  1.10404e-07
 Reference value :  1.10417e-07
 Reference value :  1.10443e-07
 Reference value :  1.10462e-07
 Reference value :  1.10470e-07
 Reference value :  1.10497e-07
 Reference value :  1.10534e-07
 Reference value :  1.10612e-07
 Reference value :  1.10755e-07
 Reference value :  1.10855e-07
 Reference value :  1.10955e-07
 Reference value :  1.11055e-07
 Reference value :  1.11205e-07
 Reference value :  1.11305e-07
 Reference value :  1.11455e-07
 Reference value :  1.11555e-07
 Reference value :  1.11705e-07
 Reference value :  1.11723e-07
 Reference value :  1.11754e-07
 Reference value :  1.11770e-07
 Reference value :  1.11788e-07
 Reference value :  1.11826e-07
 Reference value :  1.11918e-07
 Reference value :  1.11995e-07
 Reference value :  1.12095e-07
 Reference value :  1.12195e-07
 Reference value :  1.12345e-07
 Reference value :  1.12445e-07
 Reference value :  1.12545e-07
 Reference value :  1.12645e-07
 Reference value :  1.12795e-07
 Reference value :  1.12945e-07
 Reference value :  1.13013e-07
 Reference value :  1.13026e-07
 Reference value :  1.13051e-07
 Reference value :  1.13067e-07
 Reference value :  1.13083e-07
 Reference value :  1.13100e-07
 Reference value :  1.13164e-07
 Reference value :  1.13302e-07
 Reference value :  1.13402e-07
 Reference value :  1.13502e-07
 Reference value :  1.13602e-07
 Reference value :  1.13702e-07
 Reference value :  1.13852e-07
 Reference value :  1.13952e-07
 Reference value :  1.14052e-07
 Reference value :  1.14202e-07
 Reference value :  1.14321e-07
 Reference value :  1.14348e-07
 Reference value :  1.14373e-07
 Reference value :  1.14381e-07
 Reference value :  1.14414e-07
 Reference value :  1.14475e-07
 Reference value :  1.14541e-07
 Reference value :  1.14628e-07
 Reference value :  1.14728e-07
 Reference value :  1.14878e-07
 Reference value :  1.14978e-07
 Reference value :  1.15078e-07
 Reference value :  1.15178e-07
 Reference value :  1.15328e-07
 Reference value :  1.15478e-07
 Reference value :  1.15578e-07
 Reference value :  1.15602e-07
 Reference value :  1.15616e-07
 Reference value :  1.15629e-07
 Reference value :  1.15640e-07
 Reference value :  1.15662e-07
 Reference value :  1.15677e-07
 Reference value :  1.15703e-07
 Reference value :  1.15764e-07
 Reference value :  1.15898e-07
 Reference value :  1.15998e-07
 Reference value :  1.16098e-07
 Reference value :  1.16198e-07
 Reference value :  1.16348e-07
 Reference value :  1.16448e-07
 Reference value :  1.16548e-07
 Reference value :  1.16648e-07
 Reference value :  1.16748e-07
 Reference value :  1.16898e-07
 Reference value :  1.16920e-07
 Reference value :  1.16945e-07
 Reference value :  1.16971e-07
 Reference value :  1.16986e-07
 Reference value :  1.17021e-07
 Reference value :  1.17090e-07
 Reference value :  1.17161e-07
 Reference value :  1.17250e-07
 Reference value :  1.17350e-07
 Reference value :  1.17500e-07
 Reference value :  1.17600e-07
 Reference value :  1.17700e-07
 Reference value :  1.17800e-07
 Reference value :  1.17950e-07
 Reference value :  1.18100e-07
 Reference value :  1.18200e-07
 Reference value :  1.18231e-07
 Reference value :  1.18242e-07
 Reference value :  1.18265e-07
 Reference value :  1.18273e-07
 Reference value :  1.18281e-07
 Reference value :  1.18306e-07
 Reference value :  1.18368e-07
 Reference value :  1.18458e-07
 Reference value :  1.18554e-07
 Reference value :  1.18654e-07
 Reference value :  1.18754e-07
 Reference value :  1.18854e-07
 Reference value :  1.19004e-07
 Reference value :  1.19104e-07
 Reference value :  1.19204e-07
 Reference value :  1.19304e-07
 Reference value :  1.19454e-07
 Reference value :  1.19524e-07
 Reference value :  1.19537e-07
 Reference value :  1.19566e-07
 Reference value :  1.19583e-07
 Reference value :  1.19600e-07
 Reference value :  1.19639e-07
 Reference value :  1.19699e-07
 Reference value :  1.19771e-07
 Reference value :  1.19862e-07
 Reference value :  1.20000e-07
No. of Data Rows : 3324
sim/harness: analysis complete
Note: Simulation executed from .control section 
