
Note: Compatibility modes selected: hs a


Circuit: ** sch_path: /users/rwalters/github/sky130-pll/.loom/worktrees/issue-202/sim/integrator-floor/testbench/tb_integrator_floor.sch

option SCALE: Scale is set to 1e-06 for instance and model parameters
option SCALE: Scale is set to 1e-06 for instance and model parameters
option SCALE: Scale is set to 1e-06 for instance and model parameters
option SCALE: Scale is set to 1e-06 for instance and model parameters
Doing analysis at TEMP = 125.000000 and TNOM = 27.000000

Using KLU as Direct Linear Solver
 Reference value :  0.00000e+00
 Reference value :  7.62800e-08
 Reference value :  1.54363e-07
 Reference value :  2.34978e-07
 Reference value :  3.17883e-07
 Reference value :  4.01824e-07
 Reference value :  4.75898e-07
 Reference value :  5.58961e-07
 Reference value :  6.42390e-07
 Reference value :  7.21382e-07
 Reference value :  7.98832e-07
 Reference value :  8.75478e-07
 Reference value :  9.62442e-07
 Reference value :  1.05296e-06
 Reference value :  1.13955e-06
 Reference value :  1.21709e-06
 Reference value :  1.29782e-06
 Reference value :  1.37711e-06
 Reference value :  1.44755e-06
 Reference value :  1.53279e-06
 Reference value :  1.60872e-06
 Reference value :  1.69085e-06
 Reference value :  1.77468e-06
 Reference value :  1.84463e-06
 Reference value :  1.92053e-06
 Reference value :  1.99364e-06
 Reference value :  2.07592e-06
 Reference value :  2.15717e-06
 Reference value :  2.24461e-06
 Reference value :  2.31696e-06
 Reference value :  2.38511e-06
 Reference value :  2.46082e-06
 Reference value :  2.53529e-06
 Reference value :  2.62513e-06
 Reference value :  2.70310e-06
 Reference value :  2.78983e-06
 Reference value :  2.86984e-06
 Reference value :  2.95133e-06
 Reference value :  3.01886e-06
 Reference value :  3.09374e-06
 Reference value :  3.17741e-06
 Reference value :  3.25773e-06
 Reference value :  3.33599e-06
 Reference value :  3.43180e-06
 Reference value :  3.50291e-06
 Reference value :  3.58255e-06
 Reference value :  3.67353e-06
 Reference value :  3.75154e-06
 Reference value :  3.83519e-06
 Reference value :  3.90895e-06
 Reference value :  3.98725e-06
 Reference value :  4.06125e-06
 Reference value :  4.14188e-06
 Reference value :  4.23876e-06
 Reference value :  4.32502e-06
 Reference value :  4.41958e-06
 Reference value :  4.52281e-06
 Reference value :  4.62145e-06
 Reference value :  4.71688e-06
 Reference value :  4.80518e-06
 Reference value :  4.90109e-06
 Reference value :  4.99213e-06
 Reference value :  5.08258e-06
 Reference value :  5.18367e-06
 Reference value :  5.28056e-06
 Reference value :  5.38104e-06
 Reference value :  5.47089e-06
 Reference value :  5.55674e-06
 Reference value :  5.64496e-06
 Reference value :  5.73895e-06
 Reference value :  5.82939e-06
 Reference value :  5.92466e-06
 Reference value :  6.00854e-06
 Reference value :  6.10717e-06
 Reference value :  6.20198e-06
 Reference value :  6.31097e-06
 Reference value :  6.41184e-06
 Reference value :  6.51377e-06
 Reference value :  6.61190e-06
 Reference value :  6.70457e-06
 Reference value :  6.79561e-06
 Reference value :  6.89700e-06
 Reference value :  7.00093e-06
 Reference value :  7.09608e-06
 Reference value :  7.19776e-06
 Reference value :  7.28990e-06
 Reference value :  7.40659e-06
 Reference value :  7.55262e-06
 Reference value :  7.69309e-06
 Reference value :  7.79100e-06
 Reference value :  7.87927e-06
 Reference value :  7.97693e-06
 Reference value :  8.07851e-06
 Reference value :  8.18295e-06
 Reference value :  8.28553e-06
 Reference value :  8.38860e-06
 Reference value :  8.48424e-06
 Reference value :  8.60207e-06
 Reference value :  8.69906e-06
 Reference value :  8.80912e-06
 Reference value :  8.90990e-06
 Reference value :  9.02751e-06
 Reference value :  9.12534e-06
 Reference value :  9.22671e-06
 Reference value :  9.32578e-06
 Reference value :  9.43068e-06
 Reference value :  9.52437e-06
 Reference value :  9.63565e-06
 Reference value :  9.73563e-06
 Reference value :  9.84138e-06
 Reference value :  9.93152e-06
No. of Data Rows : 54464
sim/harness: analysis complete
Note: Simulation executed from .control section 
