
Note: Compatibility modes selected: hs a


Circuit: ** sch_path: /home/ubuntu/loom-workspaces/sky130-pll/.loom/worktrees/issue-55/sim/pll-lock-1mhz/testbench/tb_pll_lock_1mhz.sch

option SCALE: Scale is set to 1e-06 for instance and model parameters
option SCALE: Scale is set to 1e-06 for instance and model parameters
option SCALE: Scale is set to 1e-06 for instance and model parameters
option SCALE: Scale is set to 1e-06 for instance and model parameters
Doing analysis at TEMP = 27.000000 and TNOM = 27.000000

Using KLU as Direct Linear Solver
 Reference value :  0.00000e+00
 Reference value :  1.00000e-09
 Reference value :  2.98657e-09
 Reference value :  6.02000e-09
 Reference value :  9.50000e-09
 Reference value :  1.43000e-08
 Reference value :  1.99000e-08
 Reference value :  2.59000e-08
 Reference value :  3.15000e-08
 Reference value :  3.75000e-08
 Reference value :  4.33000e-08
 Reference value :  4.93000e-08
 Reference value :  5.53000e-08
 Reference value :  6.11000e-08
 Reference value :  6.73000e-08
 Reference value :  7.25000e-08
 Reference value :  7.81000e-08
 Reference value :  8.41000e-08
 Reference value :  9.01000e-08
 Reference value :  9.63000e-08
 Reference value :  1.01900e-07
 Reference value :  1.07900e-07
 Reference value :  1.13500e-07
 Reference value :  1.19700e-07
 Reference value :  1.25300e-07
 Reference value :  1.31300e-07
 Reference value :  1.37500e-07
 Reference value :  1.43100e-07
 Reference value :  1.49300e-07
 Reference value :  1.54500e-07
 Reference value :  1.60700e-07
 Reference value :  1.66700e-07
 Reference value :  1.72700e-07
 Reference value :  1.78900e-07
 Reference value :  1.84500e-07
 Reference value :  1.88900e-07
 Reference value :  1.94500e-07
 Reference value :  2.00500e-07
 Reference value :  2.06300e-07
 Reference value :  2.12100e-07
 Reference value :  2.18100e-07
 Reference value :  2.23700e-07
 Reference value :  2.29900e-07
 Reference value :  2.33900e-07
 Reference value :  2.38700e-07
 Reference value :  2.44300e-07
 Reference value :  2.50300e-07
 Reference value :  2.56300e-07
 Reference value :  2.61900e-07
 Reference value :  2.67900e-07
 Reference value :  2.73500e-07
 Reference value :  2.79700e-07
 Reference value :  2.85100e-07
 Reference value :  2.91100e-07
 Reference value :  2.97100e-07
 Reference value :  3.02500e-07
 Reference value :  3.08500e-07
 Reference value :  3.14300e-07
 Reference value :  3.20300e-07
 Reference value :  3.25500e-07
 Reference value :  3.31500e-07
 Reference value :  3.37500e-07
 Reference value :  3.43100e-07
 Reference value :  3.49100e-07
 Reference value :  3.54900e-07
 Reference value :  3.60900e-07
 Reference value :  3.66500e-07
 Reference value :  3.72700e-07
 Reference value :  3.78700e-07
 Reference value :  3.84300e-07
 Reference value :  3.90300e-07
 Reference value :  3.95700e-07
 Reference value :  4.01700e-07
 Reference value :  4.07300e-07
 Reference value :  4.13300e-07
 Reference value :  4.19100e-07
 Reference value :  4.24500e-07
 Reference value :  4.30500e-07
 Reference value :  4.35300e-07
 Reference value :  4.40900e-07
 Reference value :  4.44500e-07
 Reference value :  4.49100e-07
 Reference value :  4.55100e-07
 Reference value :  4.60300e-07
 Reference value :  4.65900e-07
 Reference value :  4.71500e-07
 Reference value :  4.77500e-07
 Reference value :  4.83100e-07
 Reference value :  4.89100e-07
 Reference value :  4.95100e-07
 Reference value :  4.99850e-07
 Reference value :  5.03168e-07
 Reference value :  5.06968e-07
 Reference value :  5.11568e-07
 Reference value :  5.15968e-07
 Reference value :  5.20368e-07
 Reference value :  5.25768e-07
 Reference value :  5.31368e-07
 Reference value :  5.37368e-07
 Reference value :  5.40968e-07
 Reference value :  5.46568e-07
 Reference value :  5.51968e-07
 Reference value :  5.54168e-07
 Reference value :  5.59968e-07
 Reference value :  5.65768e-07
 Reference value :  5.71968e-07
 Reference value :  5.77368e-07
 Reference value :  5.83368e-07
 Reference value :  5.89168e-07
 Reference value :  5.94968e-07
 Reference value :  6.00968e-07
 Reference value :  6.06568e-07
 Reference value :  6.12568e-07
 Reference value :  6.17968e-07
 Reference value :  6.24168e-07
 Reference value :  6.29768e-07
 Reference value :  6.35768e-07
 Reference value :  6.41968e-07
 Reference value :  6.47968e-07
 Reference value :  6.53968e-07
 Reference value :  6.59568e-07
 Reference value :  6.65768e-07
 Reference value :  6.71168e-07
 Reference value :  6.77368e-07
 Reference value :  6.83368e-07
 Reference value :  6.88768e-07
 Reference value :  6.94968e-07
 Reference value :  7.00768e-07
 Reference value :  7.02768e-07
 Reference value :  7.08168e-07
 Reference value :  7.14168e-07
 Reference value :  7.20168e-07
 Reference value :  7.26168e-07
 Reference value :  7.32368e-07
 Reference value :  7.37768e-07
 Reference value :  7.43768e-07
 Reference value :  7.49368e-07
 Reference value :  7.55368e-07
 Reference value :  7.61368e-07
 Reference value :  7.67368e-07
 Reference value :  7.73368e-07
 Reference value :  7.79168e-07
 Reference value :  7.85168e-07
 Reference value :  7.90968e-07
 Reference value :  7.97168e-07
 Reference value :  8.02568e-07
 Reference value :  8.08568e-07
 Reference value :  8.14568e-07
 Reference value :  8.19168e-07
 Reference value :  8.22368e-07
 Reference value :  8.27968e-07
 Reference value :  8.33368e-07
 Reference value :  8.37168e-07
 Reference value :  8.39168e-07
 Reference value :  8.41768e-07
 Reference value :  8.46368e-07
 Reference value :  8.52368e-07
 Reference value :  8.57768e-07
 Reference value :  8.63968e-07
 Reference value :  8.69968e-07
 Reference value :  8.76168e-07
 Reference value :  8.81568e-07
 Reference value :  8.87168e-07
 Reference value :  8.90768e-07
 Reference value :  8.92568e-07
 Reference value :  8.97568e-07
 Reference value :  9.03368e-07
 Reference value :  9.09368e-07
 Reference value :  9.15368e-07
 Reference value :  9.18568e-07
 Reference value :  9.24568e-07
 Reference value :  9.29968e-07
 Reference value :  9.36168e-07
 Reference value :  9.41968e-07
 Reference value :  9.47968e-07
 Reference value :  9.54168e-07
 Reference value :  9.58168e-07
 Reference value :  9.62968e-07
 Reference value :  9.68368e-07
 Reference value :  9.74368e-07
 Reference value :  9.79968e-07
 Reference value :  9.85968e-07
 Reference value :  9.91968e-07
 Reference value :  9.97368e-07
 Reference value :  1.00098e-06
 Reference value :  1.00380e-06
 Reference value :  1.00860e-06
 Reference value :  1.01200e-06
 Reference value :  1.01800e-06
 Reference value :  1.02340e-06
 Reference value :  1.02560e-06
 Reference value :  1.03160e-06
 Reference value :  1.03600e-06
 Reference value :  1.04220e-06
 Reference value :  1.04760e-06
 Reference value :  1.05380e-06
 Reference value :  1.05680e-06
 Reference value :  1.06000e-06
 Reference value :  1.06600e-06
 Reference value :  1.07160e-06
 Reference value :  1.07760e-06
 Reference value :  1.08160e-06
 Reference value :  1.08380e-06
 Reference value :  1.08840e-06
 Reference value :  1.09460e-06
 Reference value :  1.10020e-06
 Reference value :  1.10580e-06
 Reference value :  1.11140e-06
 Reference value :  1.11460e-06
 Reference value :  1.11980e-06
 Reference value :  1.12520e-06
 Reference value :  1.13120e-06
 Reference value :  1.13740e-06
 Reference value :  1.14280e-06
 Reference value :  1.14880e-06
 Reference value :  1.15380e-06
 Reference value :  1.15600e-06
 Reference value :  1.15880e-06
 Reference value :  1.16480e-06
 Reference value :  1.17080e-06
 Reference value :  1.17620e-06
 Reference value :  1.18220e-06
 Reference value :  1.18700e-06
 Reference value :  1.19040e-06
 Reference value :  1.19580e-06
 Reference value :  1.20160e-06
 Reference value :  1.20760e-06
 Reference value :  1.21340e-06
 Reference value :  1.21940e-06
 Reference value :  1.22320e-06
 Reference value :  1.22440e-06
 Reference value :  1.22740e-06
 Reference value :  1.23340e-06
 Reference value :  1.23940e-06
 Reference value :  1.24500e-06
 Reference value :  1.25120e-06
 Reference value :  1.25540e-06
 Reference value :  1.25920e-06
 Reference value :  1.26320e-06
 Reference value :  1.26920e-06
 Reference value :  1.27520e-06
 Reference value :  1.28080e-06
 Reference value :  1.28560e-06
 Reference value :  1.28920e-06
 Reference value :  1.29520e-06
 Reference value :  1.30080e-06
 Reference value :  1.30440e-06
 Reference value :  1.30740e-06
 Reference value :  1.31340e-06
 Reference value :  1.31940e-06
 Reference value :  1.32480e-06
 Reference value :  1.32900e-06
 Reference value :  1.33260e-06
 Reference value :  1.33880e-06
 Reference value :  1.34460e-06
 Reference value :  1.35060e-06
 Reference value :  1.35680e-06
 Reference value :  1.36220e-06
 Reference value :  1.36820e-06
 Reference value :  1.37360e-06
 Reference value :  1.37680e-06
 Reference value :  1.38200e-06
 Reference value :  1.38820e-06
 Reference value :  1.39360e-06
 Reference value :  1.39920e-06
 Reference value :  1.40320e-06
 Reference value :  1.40560e-06
 Reference value :  1.41160e-06
 Reference value :  1.41780e-06
 Reference value :  1.42400e-06
 Reference value :  1.43020e-06
 Reference value :  1.43460e-06
 Reference value :  1.43900e-06
 Reference value :  1.44360e-06
 Reference value :  1.44980e-06
 Reference value :  1.45540e-06
 Reference value :  1.46160e-06
 Reference value :  1.46760e-06
 Reference value :  1.46920e-06
 Reference value :  1.47280e-06
 Reference value :  1.47540e-06
 Reference value :  1.48140e-06
 Reference value :  1.48700e-06
 Reference value :  1.49300e-06
 Reference value :  1.49900e-06
 Reference value :  1.50006e-06
 Reference value :  1.50237e-06
 Reference value :  1.50677e-06
 Reference value :  1.51137e-06
 Reference value :  1.51537e-06
 Reference value :  1.51997e-06
 Reference value :  1.52477e-06
 Reference value :  1.52737e-06
 Reference value :  1.53177e-06
 Reference value :  1.53717e-06
 Reference value :  1.54297e-06
 Reference value :  1.54857e-06
 Reference value :  1.55277e-06
 Reference value :  1.55697e-06
 Reference value :  1.56177e-06
 Reference value :  1.56797e-06
 Reference value :  1.57357e-06
 Reference value :  1.57957e-06
 Reference value :  1.58517e-06
 Reference value :  1.59137e-06
 Reference value :  1.59617e-06
 Reference value :  1.60137e-06
 Reference value :  1.60737e-06
 Reference value :  1.61277e-06
 Reference value :  1.61877e-06
 Reference value :  1.62437e-06
 Reference value :  1.63037e-06
 Reference value :  1.63637e-06
 Reference value :  1.64017e-06
 Reference value :  1.64477e-06
 Reference value :  1.64897e-06
 Reference value :  1.65377e-06
 Reference value :  1.65737e-06
 Reference value :  1.66337e-06
 Reference value :  1.66937e-06
 Reference value :  1.67537e-06
 Reference value :  1.68137e-06
 Reference value :  1.68677e-06
 Reference value :  1.68997e-06
 Reference value :  1.69417e-06
 Reference value :  1.69837e-06
 Reference value :  1.70377e-06
 Reference value :  1.70917e-06
 Reference value :  1.71517e-06
 Reference value :  1.72057e-06
 Reference value :  1.72657e-06
 Reference value :  1.73177e-06
 Reference value :  1.73697e-06
 Reference value :  1.74057e-06
 Reference value :  1.74637e-06
 Reference value :  1.75237e-06
 Reference value :  1.75797e-06
 Reference value :  1.76397e-06
 Reference value :  1.76957e-06
 Reference value :  1.77557e-06
 Reference value :  1.78117e-06
 Reference value :  1.78697e-06
 Reference value :  1.79317e-06
 Reference value :  1.79457e-06
 Reference value :  1.79897e-06
 Reference value :  1.80217e-06
 Reference value :  1.80817e-06
 Reference value :  1.81357e-06
 Reference value :  1.81977e-06
 Reference value :  1.82517e-06
 Reference value :  1.83117e-06
 Reference value :  1.83417e-06
 Reference value :  1.83717e-06
 Reference value :  1.84317e-06
 Reference value :  1.84837e-06
 Reference value :  1.85437e-06
 Reference value :  1.86017e-06
 Reference value :  1.86617e-06
 Reference value :  1.86817e-06
 Reference value :  1.86897e-06
 Reference value :  1.87437e-06
 Reference value :  1.87977e-06
 Reference value :  1.88577e-06
 Reference value :  1.89137e-06
 Reference value :  1.89437e-06
 Reference value :  1.89697e-06
 Reference value :  1.89997e-06
 Reference value :  1.90417e-06
 Reference value :  1.90817e-06
 Reference value :  1.91217e-06
 Reference value :  1.91657e-06
 Reference value :  1.91877e-06
 Reference value :  1.92297e-06
 Reference value :  1.92857e-06
 Reference value :  1.93397e-06
 Reference value :  1.93997e-06
 Reference value :  1.94617e-06
 Reference value :  1.95137e-06
 Reference value :  1.95697e-06
 Reference value :  1.95897e-06
 Reference value :  1.96497e-06
 Reference value :  1.97057e-06
 Reference value :  1.97677e-06
 Reference value :  1.98117e-06
 Reference value :  1.98377e-06
 Reference value :  1.98977e-06
 Reference value :  1.99497e-06
 Reference value :  2.00030e-06
 Reference value :  2.00218e-06
 Reference value :  2.00298e-06
 Reference value :  2.00718e-06
 Reference value :  2.01238e-06
 Reference value :  2.01838e-06
 Reference value :  2.02378e-06
 Reference value :  2.02718e-06
 Reference value :  2.03118e-06
 Reference value :  2.03718e-06
 Reference value :  2.04238e-06
 Reference value :  2.04858e-06
 Reference value :  2.05398e-06
 Reference value :  2.05858e-06
 Reference value :  2.06198e-06
 Reference value :  2.06338e-06
 Reference value :  2.06698e-06
 Reference value :  2.07258e-06
 Reference value :  2.07858e-06
 Reference value :  2.08458e-06
 Reference value :  2.08938e-06
 Reference value :  2.09178e-06
 Reference value :  2.09618e-06
 Reference value :  2.10218e-06
 Reference value :  2.10758e-06
 Reference value :  2.11358e-06
 Reference value :  2.11978e-06
 Reference value :  2.12238e-06
 Reference value :  2.12818e-06
 Reference value :  2.12938e-06
 Reference value :  2.13518e-06
 Reference value :  2.14058e-06
 Reference value :  2.14638e-06
 Reference value :  2.15238e-06
 Reference value :  2.15798e-06
 Reference value :  2.16338e-06
 Reference value :  2.16618e-06
 Reference value :  2.17098e-06
 Reference value :  2.17618e-06
 Reference value :  2.18158e-06
 Reference value :  2.18698e-06
 Reference value :  2.19298e-06
 Reference value :  2.19858e-06
 Reference value :  2.20178e-06
 Reference value :  2.20758e-06
 Reference value :  2.21298e-06
 Reference value :  2.21898e-06
 Reference value :  2.22438e-06
 Reference value :  2.23038e-06
 Reference value :  2.23578e-06
 Reference value :  2.24018e-06
 Reference value :  2.24578e-06
 Reference value :  2.25078e-06
 Reference value :  2.25698e-06
 Reference value :  2.26258e-06
 Reference value :  2.26838e-06
 Reference value :  2.27438e-06
 Reference value :  2.27898e-06
 Reference value :  2.28338e-06
 Reference value :  2.28658e-06
 Reference value :  2.29258e-06
 Reference value :  2.29818e-06
 Reference value :  2.30418e-06
 Reference value :  2.31038e-06
 Reference value :  2.31518e-06
 Reference value :  2.32018e-06
 Reference value :  2.32378e-06
 Reference value :  2.32998e-06
 Reference value :  2.33518e-06
 Reference value :  2.33778e-06
 Reference value :  2.34378e-06
 Reference value :  2.34918e-06
 Reference value :  2.35518e-06
 Reference value :  2.35958e-06
 Reference value :  2.36298e-06
 Reference value :  2.36638e-06
 Reference value :  2.37238e-06
 Reference value :  2.37778e-06
 Reference value :  2.38318e-06
 Reference value :  2.38918e-06
 Reference value :  2.39458e-06
 Reference value :  2.40018e-06
 Reference value :  2.40538e-06
 Reference value :  2.41138e-06
 Reference value :  2.41718e-06
 Reference value :  2.42298e-06
 Reference value :  2.42898e-06
 Reference value :  2.43438e-06
 Reference value :  2.44038e-06
 Reference value :  2.44598e-06
 Reference value :  2.45198e-06
 Reference value :  2.45798e-06
 Reference value :  2.46318e-06
 Reference value :  2.46918e-06
 Reference value :  2.47438e-06
 Reference value :  2.48038e-06
 Reference value :  2.48638e-06
 Reference value :  2.49178e-06
 Reference value :  2.49378e-06
 Reference value :  2.49900e-06
 Reference value :  2.50157e-06
 Reference value :  2.50577e-06
 Reference value :  2.51017e-06
 Reference value :  2.51197e-06
 Reference value :  2.51477e-06
 Reference value :  2.51737e-06
 Reference value :  2.52097e-06
 Reference value :  2.52617e-06
 Reference value :  2.53157e-06
 Reference value :  2.53757e-06
 Reference value :  2.54197e-06
 Reference value :  2.54517e-06
 Reference value :  2.55037e-06
 Reference value :  2.55637e-06
 Reference value :  2.56197e-06
 Reference value :  2.56717e-06
 Reference value :  2.57297e-06
 Reference value :  2.57677e-06
 Reference value :  2.58037e-06
 Reference value :  2.58577e-06
 Reference value :  2.59177e-06
 Reference value :  2.59777e-06
 Reference value :  2.60257e-06
 Reference value :  2.60817e-06
 Reference value :  2.61277e-06
 Reference value :  2.61897e-06
 Reference value :  2.62477e-06
 Reference value :  2.63077e-06
 Reference value :  2.63377e-06
 Reference value :  2.63837e-06
 Reference value :  2.64357e-06
 Reference value :  2.64697e-06
 Reference value :  2.65297e-06
 Reference value :  2.65857e-06
 Reference value :  2.66457e-06
 Reference value :  2.67017e-06
 Reference value :  2.67337e-06
 Reference value :  2.67877e-06
 Reference value :  2.68437e-06
 Reference value :  2.69057e-06
 Reference value :  2.69577e-06
 Reference value :  2.70197e-06
 Reference value :  2.70797e-06
 Reference value :  2.71237e-06
 Reference value :  2.71777e-06
 Reference value :  2.72057e-06
 Reference value :  2.72637e-06
 Reference value :  2.73097e-06
 Reference value :  2.73717e-06
 Reference value :  2.74297e-06
 Reference value :  2.74737e-06
 Reference value :  2.75057e-06
 Reference value :  2.75317e-06
 Reference value :  2.75917e-06
 Reference value :  2.76457e-06
 Reference value :  2.77057e-06
 Reference value :  2.77637e-06
 Reference value :  2.78237e-06
 Reference value :  2.78657e-06
 Reference value :  2.79057e-06
 Reference value :  2.79597e-06
 Reference value :  2.80137e-06
 Reference value :  2.80737e-06
 Reference value :  2.81317e-06
 Reference value :  2.81817e-06
 Reference value :  2.82317e-06
 Reference value :  2.82637e-06
 Reference value :  2.83217e-06
 Reference value :  2.83757e-06
 Reference value :  2.84377e-06
 Reference value :  2.84957e-06
 Reference value :  2.85577e-06
 Reference value :  2.86057e-06
 Reference value :  2.86437e-06
 Reference value :  2.86837e-06
 Reference value :  2.87257e-06
 Reference value :  2.87857e-06
 Reference value :  2.88417e-06
 Reference value :  2.89037e-06
 Reference value :  2.89597e-06
 Reference value :  2.89937e-06
 Reference value :  2.90337e-06
 Reference value :  2.90897e-06
 Reference value :  2.91497e-06
 Reference value :  2.92037e-06
 Reference value :  2.92457e-06
 Reference value :  2.92737e-06
 Reference value :  2.93337e-06
 Reference value :  2.93957e-06
 Reference value :  2.94517e-06
 Reference value :  2.95137e-06
 Reference value :  2.95677e-06
 Reference value :  2.96117e-06
 Reference value :  2.96477e-06
 Reference value :  2.97037e-06
 Reference value :  2.97637e-06
 Reference value :  2.98197e-06
 Reference value :  2.98777e-06
 Reference value :  2.99297e-06
 Reference value :  2.99917e-06
No. of Data Rows : 15058
sim/harness: analysis complete
Note: Simulation executed from .control section 
Warning: singular matrix:  check node xxxtop.xxdiv.xcnt5.a_761_289#

Note: Starting dynamic gmin stepping
Note: Dynamic gmin stepping completed
