
Note: Compatibility modes selected: hs a


Circuit: ** sch_path: /users/rwalters/github/sky130-pll/.loom/worktrees/issue-131/sim/divider-n64/testbench/tb_divider_n64.sch

option SCALE: Scale is set to 1e-06 for instance and model parameters
option SCALE: Scale is set to 1e-06 for instance and model parameters
option SCALE: Scale is set to 1e-06 for instance and model parameters
option SCALE: Scale is set to 1e-06 for instance and model parameters
Doing analysis at TEMP = 125.000000 and TNOM = 27.000000

Using KLU as Direct Linear Solver
 Reference value :  0.00000e+00
 Reference value :  9.02900e-10
 Reference value :  2.18762e-09
 Reference value :  4.00000e-09
 Reference value :  5.06000e-09
 Reference value :  6.22762e-09
 Reference value :  7.78763e-09
 Reference value :  8.74763e-09
 Reference value :  1.00186e-08
 Reference value :  1.13876e-08
 Reference value :  1.25076e-08
 Reference value :  1.36276e-08
 Reference value :  1.47076e-08
 Reference value :  1.60186e-08
 Reference value :  1.72276e-08
 Reference value :  1.83476e-08
 Reference value :  1.99476e-08
 Reference value :  2.08276e-08
 Reference value :  2.20037e-08
 Reference value :  2.32676e-08
 Reference value :  2.44276e-08
 Reference value :  2.58276e-08
 Reference value :  2.69476e-08
 Reference value :  2.81076e-08
 Reference value :  2.92276e-08
 Reference value :  3.02676e-08
 Reference value :  3.17876e-08
 Reference value :  3.29876e-08
 Reference value :  3.41876e-08
 Reference value :  3.56676e-08
 Reference value :  3.66276e-08
 Reference value :  3.78676e-08
 Reference value :  3.90276e-08
 Reference value :  4.01476e-08
 Reference value :  4.14676e-08
 Reference value :  4.25076e-08
 Reference value :  4.40000e-08
 Reference value :  4.49476e-08
 Reference value :  4.60186e-08
 Reference value :  4.73876e-08
 Reference value :  4.84676e-08
 Reference value :  4.99476e-08
 Reference value :  5.09876e-08
 Reference value :  5.20676e-08
 Reference value :  5.32276e-08
 Reference value :  5.42276e-08
 Reference value :  5.57076e-08
 Reference value :  5.67076e-08
 Reference value :  5.80134e-08
 Reference value :  5.92276e-08
 Reference value :  6.03476e-08
 Reference value :  6.14276e-08
 Reference value :  6.24276e-08
 Reference value :  6.39738e-08
 Reference value :  6.49076e-08
 Reference value :  6.61076e-08
 Reference value :  6.75876e-08
 Reference value :  6.85476e-08
 Reference value :  6.96676e-08
 Reference value :  7.07876e-08
 Reference value :  7.21061e-08
 Reference value :  7.34661e-08
 Reference value :  7.45476e-08
 Reference value :  7.60038e-08
 Reference value :  7.69476e-08
 Reference value :  7.80186e-08
 Reference value :  7.93876e-08
 Reference value :  8.04676e-08
 Reference value :  8.19476e-08
 Reference value :  8.30676e-08
 Reference value :  8.42661e-08
 Reference value :  8.54661e-08
 Reference value :  8.65476e-08
 Reference value :  8.80013e-08
 Reference value :  8.90276e-08
 Reference value :  9.02276e-08
 Reference value :  9.17876e-08
 Reference value :  9.27476e-08
 Reference value :  9.40000e-08
 Reference value :  9.54276e-08
 Reference value :  9.65076e-08
 Reference value :  9.79738e-08
 Reference value :  9.91476e-08
 Reference value :  1.00268e-07
 Reference value :  1.01428e-07
 Reference value :  1.02308e-07
 Reference value :  1.03868e-07
 Reference value :  1.04788e-07
 Reference value :  1.06068e-07
 Reference value :  1.07588e-07
 Reference value :  1.08588e-07
 Reference value :  1.09788e-07
 Reference value :  1.10948e-07
 Reference value :  1.12106e-07
 Reference value :  1.13346e-07
 Reference value :  1.14428e-07
 Reference value :  1.15908e-07
 Reference value :  1.16828e-07
 Reference value :  1.18008e-07
 Reference value :  1.19228e-07
 Reference value :  1.20348e-07
 Reference value :  1.21748e-07
 Reference value :  1.22788e-07
 Reference value :  1.24026e-07
 Reference value :  1.25148e-07
 Reference value :  1.26228e-07
 Reference value :  1.28001e-07
 Reference value :  1.29028e-07
 Reference value :  1.30148e-07
 Reference value :  1.31548e-07
 Reference value :  1.32548e-07
 Reference value :  1.33668e-07
 Reference value :  1.34748e-07
 Reference value :  1.36068e-07
 Reference value :  1.37348e-07
 Reference value :  1.38468e-07
 Reference value :  1.40001e-07
 Reference value :  1.40988e-07
 Reference value :  1.42026e-07
 Reference value :  1.43388e-07
 Reference value :  1.44428e-07
 Reference value :  1.45908e-07
 Reference value :  1.47028e-07
 Reference value :  1.48148e-07
 Reference value :  1.49268e-07
 Reference value :  1.50308e-07
 Reference value :  1.51868e-07
 Reference value :  1.52708e-07
 Reference value :  1.54013e-07
 Reference value :  1.55268e-07
 Reference value :  1.56308e-07
 Reference value :  1.57428e-07
 Reference value :  1.58588e-07
 Reference value :  1.60108e-07
 Reference value :  1.61428e-07
 Reference value :  1.62508e-07
 Reference value :  1.64004e-07
 Reference value :  1.64948e-07
 Reference value :  1.66015e-07
 Reference value :  1.67428e-07
 Reference value :  1.68468e-07
 Reference value :  1.69828e-07
 Reference value :  1.70948e-07
 Reference value :  1.72228e-07
 Reference value :  1.73548e-07
 Reference value :  1.74628e-07
 Reference value :  1.76013e-07
 Reference value :  1.77068e-07
 Reference value :  1.78228e-07
 Reference value :  1.79748e-07
 Reference value :  1.80628e-07
 Reference value :  1.81868e-07
 Reference value :  1.82948e-07
 Reference value :  1.84108e-07
 Reference value :  1.85388e-07
 Reference value :  1.86468e-07
 Reference value :  1.88001e-07
 Reference value :  1.88908e-07
 Reference value :  1.90013e-07
 Reference value :  1.91388e-07
 Reference value :  1.92508e-07
 Reference value :  1.94000e-07
 Reference value :  1.95148e-07
 Reference value :  1.96388e-07
 Reference value :  1.97548e-07
 Reference value :  1.98588e-07
 Reference value :  2.00001e-07
 Reference value :  2.00988e-07
 Reference value :  2.02148e-07
 Reference value :  2.03668e-07
 Reference value :  2.04668e-07
 Reference value :  2.06001e-07
 Reference value :  2.07308e-07
 Reference value :  2.08428e-07
 Reference value :  2.09908e-07
 Reference value :  2.10948e-07
 Reference value :  2.12108e-07
 Reference value :  2.13268e-07
 Reference value :  2.14308e-07
 Reference value :  2.15948e-07
 Reference value :  2.16748e-07
 Reference value :  2.18013e-07
 Reference value :  2.19268e-07
 Reference value :  2.20388e-07
 Reference value :  2.21468e-07
 Reference value :  2.22468e-07
 Reference value :  2.24001e-07
 Reference value :  2.25108e-07
 Reference value :  2.26428e-07
 Reference value :  2.28015e-07
 Reference value :  2.29148e-07
 Reference value :  2.30108e-07
 Reference value :  2.31548e-07
 Reference value :  2.32508e-07
 Reference value :  2.33974e-07
 Reference value :  2.35108e-07
 Reference value :  2.36268e-07
 Reference value :  2.37468e-07
 Reference value :  2.38628e-07
 Reference value :  2.40008e-07
 Reference value :  2.41148e-07
 Reference value :  2.42308e-07
 Reference value :  2.43828e-07
 Reference value :  2.44788e-07
 Reference value :  2.46001e-07
 Reference value :  2.47108e-07
 Reference value :  2.48266e-07
 Reference value :  2.49626e-07
 Reference value :  2.50628e-07
 Reference value :  2.52013e-07
 Reference value :  2.52986e-07
 Reference value :  2.54026e-07
 Reference value :  2.55468e-07
 Reference value :  2.56508e-07
 Reference value :  2.58001e-07
 Reference value :  2.59228e-07
 Reference value :  2.60268e-07
 Reference value :  2.61388e-07
 Reference value :  2.62268e-07
 Reference value :  2.63788e-07
 Reference value :  2.64746e-07
 Reference value :  2.66068e-07
 Reference value :  2.67588e-07
 Reference value :  2.68628e-07
 Reference value :  2.69748e-07
 Reference value :  2.70908e-07
 Reference value :  2.72148e-07
 Reference value :  2.73468e-07
 Reference value :  2.74548e-07
 Reference value :  2.76004e-07
 Reference value :  2.76986e-07
 Reference value :  2.78026e-07
 Reference value :  2.79428e-07
 Reference value :  2.80508e-07
 Reference value :  2.81974e-07
 Reference value :  2.83108e-07
 Reference value :  2.84468e-07
 Reference value :  2.85668e-07
 Reference value :  2.86748e-07
 Reference value :  2.88025e-07
 Reference value :  2.89346e-07
 Reference value :  2.90468e-07
 Reference value :  2.92001e-07
 Reference value :  2.92988e-07
 Reference value :  2.94013e-07
 Reference value :  2.95268e-07
 Reference value :  2.96428e-07
 Reference value :  2.97868e-07
 Reference value :  2.98988e-07
 Reference value :  3.00146e-07
 Reference value :  3.01226e-07
 Reference value :  3.02308e-07
 Reference value :  3.03788e-07
 Reference value :  3.04708e-07
 Reference value :  3.06015e-07
 Reference value :  3.07388e-07
 Reference value :  3.08468e-07
 Reference value :  3.09628e-07
 Reference value :  3.10708e-07
 Reference value :  3.12025e-07
 Reference value :  3.13226e-07
 Reference value :  3.14348e-07
 Reference value :  3.15868e-07
 Reference value :  3.16708e-07
 Reference value :  3.17868e-07
 Reference value :  3.18868e-07
 Reference value :  3.20026e-07
 Reference value :  3.21268e-07
 Reference value :  3.22348e-07
 Reference value :  3.23868e-07
 Reference value :  3.24866e-07
 Reference value :  3.26001e-07
 Reference value :  3.27148e-07
 Reference value :  3.28308e-07
 Reference value :  3.29708e-07
 Reference value :  3.30788e-07
 Reference value :  3.32015e-07
 Reference value :  3.33028e-07
 Reference value :  3.34148e-07
 Reference value :  3.35708e-07
 Reference value :  3.36786e-07
 Reference value :  3.38068e-07
 Reference value :  3.39588e-07
 Reference value :  3.40588e-07
 Reference value :  3.41828e-07
 Reference value :  3.42988e-07
 Reference value :  3.44148e-07
 Reference value :  3.45348e-07
 Reference value :  3.46468e-07
 Reference value :  3.48008e-07
 Reference value :  3.48986e-07
 Reference value :  3.50040e-07
 Reference value :  3.51468e-07
 Reference value :  3.52468e-07
 Reference value :  3.53908e-07
 Reference value :  3.54988e-07
 Reference value :  3.56188e-07
 Reference value :  3.57348e-07
 Reference value :  3.58348e-07
 Reference value :  3.60013e-07
 Reference value :  3.61228e-07
 Reference value :  3.62348e-07
 Reference value :  3.63948e-07
 Reference value :  3.64948e-07
 Reference value :  3.66019e-07
 Reference value :  3.67548e-07
 Reference value :  3.68548e-07
 Reference value :  3.70000e-07
 Reference value :  3.71148e-07
 Reference value :  3.72348e-07
 Reference value :  3.73548e-07
 Reference value :  3.74668e-07
 Reference value :  3.76015e-07
 Reference value :  3.77188e-07
 Reference value :  3.78268e-07
 Reference value :  3.79788e-07
 Reference value :  3.80628e-07
 Reference value :  3.81868e-07
 Reference value :  3.82908e-07
 Reference value :  3.84108e-07
 Reference value :  3.85508e-07
 Reference value :  3.86628e-07
 Reference value :  3.88013e-07
 Reference value :  3.88988e-07
 Reference value :  3.90013e-07
 Reference value :  3.91348e-07
 Reference value :  3.92388e-07
 Reference value :  3.93788e-07
 Reference value :  3.94908e-07
 Reference value :  3.96148e-07
 Reference value :  3.97508e-07
 Reference value :  3.98588e-07
 Reference value :  4.00013e-07
 Reference value :  4.01186e-07
 Reference value :  4.02348e-07
 Reference value :  4.03868e-07
 Reference value :  4.04788e-07
 Reference value :  4.06026e-07
 Reference value :  4.07588e-07
 Reference value :  4.08628e-07
 Reference value :  4.10013e-07
 Reference value :  4.11308e-07
 Reference value :  4.12426e-07
 Reference value :  4.13586e-07
 Reference value :  4.14668e-07
 Reference value :  4.16013e-07
 Reference value :  4.17188e-07
 Reference value :  4.18348e-07
 Reference value :  4.19948e-07
 Reference value :  4.20908e-07
 Reference value :  4.22013e-07
 Reference value :  4.23668e-07
 Reference value :  4.24706e-07
 Reference value :  4.26015e-07
 Reference value :  4.27348e-07
 Reference value :  4.28428e-07
 Reference value :  4.29548e-07
 Reference value :  4.30668e-07
 Reference value :  4.32015e-07
 Reference value :  4.33268e-07
 Reference value :  4.34388e-07
 Reference value :  4.35948e-07
 Reference value :  4.36866e-07
 Reference value :  4.38013e-07
 Reference value :  4.39308e-07
 Reference value :  4.40428e-07
 Reference value :  4.41828e-07
 Reference value :  4.42868e-07
 Reference value :  4.44040e-07
 Reference value :  4.45108e-07
 Reference value :  4.46228e-07
 Reference value :  4.47788e-07
 Reference value :  4.48746e-07
 Reference value :  4.50019e-07
 Reference value :  4.51388e-07
 Reference value :  4.52428e-07
 Reference value :  4.53548e-07
 Reference value :  4.54548e-07
 Reference value :  4.56068e-07
 Reference value :  4.57668e-07
 Reference value :  4.58788e-07
 Reference value :  4.60025e-07
 Reference value :  4.61066e-07
 Reference value :  4.62108e-07
 Reference value :  4.63548e-07
 Reference value :  4.64548e-07
 Reference value :  4.66000e-07
 Reference value :  4.67068e-07
 Reference value :  4.68228e-07
 Reference value :  4.69428e-07
 Reference value :  4.70628e-07
 Reference value :  4.72018e-07
 Reference value :  4.73466e-07
 Reference value :  4.74788e-07
 Reference value :  4.76108e-07
 Reference value :  4.77268e-07
 Reference value :  4.78388e-07
 Reference value :  4.80001e-07
 Reference value :  4.81228e-07
 Reference value :  4.82348e-07
 Reference value :  4.83948e-07
 Reference value :  4.84828e-07
 Reference value :  4.86000e-07
 Reference value :  4.87108e-07
 Reference value :  4.88268e-07
 Reference value :  4.89668e-07
 Reference value :  4.90748e-07
 Reference value :  4.92019e-07
 Reference value :  4.93068e-07
 Reference value :  4.94148e-07
 Reference value :  4.95708e-07
 Reference value :  4.96706e-07
 Reference value :  4.98008e-07
 Reference value :  4.99228e-07
 Reference value :  5.00386e-07
 Reference value :  5.01546e-07
 Reference value :  5.02548e-07
 Reference value :  5.04000e-07
 Reference value :  5.04868e-07
 Reference value :  5.06068e-07
 Reference value :  5.07748e-07
 Reference value :  5.08828e-07
 Reference value :  5.10019e-07
 Reference value :  5.11668e-07
 Reference value :  5.12628e-07
 Reference value :  5.14008e-07
 Reference value :  5.15228e-07
 Reference value :  5.16308e-07
 Reference value :  5.17348e-07
 Reference value :  5.18188e-07
 Reference value :  5.19708e-07
 Reference value :  5.20748e-07
 Reference value :  5.22019e-07
 Reference value :  5.23428e-07
 Reference value :  5.24628e-07
 Reference value :  5.25628e-07
 Reference value :  5.26668e-07
 Reference value :  5.28013e-07
 Reference value :  5.29066e-07
 Reference value :  5.30148e-07
 Reference value :  5.31508e-07
 Reference value :  5.32468e-07
 Reference value :  5.33628e-07
 Reference value :  5.34708e-07
 Reference value :  5.36013e-07
 Reference value :  5.37068e-07
 Reference value :  5.38188e-07
 Reference value :  5.39668e-07
 Reference value :  5.40628e-07
 Reference value :  5.41908e-07
 Reference value :  5.43028e-07
 Reference value :  5.44228e-07
 Reference value :  5.45628e-07
 Reference value :  5.46708e-07
 Reference value :  5.48013e-07
 Reference value :  5.48988e-07
 Reference value :  5.50012e-07
 Reference value :  5.51308e-07
 Reference value :  5.52506e-07
 Reference value :  5.53973e-07
 Reference value :  5.55068e-07
 Reference value :  5.56228e-07
 Reference value :  5.57308e-07
 Reference value :  5.58388e-07
 Reference value :  5.59948e-07
 Reference value :  5.60908e-07
 Reference value :  5.62108e-07
 Reference value :  5.63628e-07
 Reference value :  5.64668e-07
 Reference value :  5.66000e-07
 Reference value :  5.67188e-07
 Reference value :  5.68348e-07
 Reference value :  5.69748e-07
 Reference value :  5.70828e-07
 Reference value :  5.72040e-07
 Reference value :  5.73068e-07
 Reference value :  5.74148e-07
 Reference value :  5.75708e-07
 Reference value :  5.76746e-07
 Reference value :  5.78019e-07
 Reference value :  5.79428e-07
 Reference value :  5.80468e-07
 Reference value :  5.81588e-07
 Reference value :  5.82628e-07
 Reference value :  5.84013e-07
 Reference value :  5.85108e-07
 Reference value :  5.86228e-07
 Reference value :  5.87628e-07
 Reference value :  5.88548e-07
 Reference value :  5.89788e-07
 Reference value :  5.90908e-07
 Reference value :  5.92108e-07
 Reference value :  5.93468e-07
 Reference value :  5.94508e-07
 Reference value :  5.95974e-07
 Reference value :  5.96868e-07
 Reference value :  5.98148e-07
 Reference value :  5.99668e-07
 Reference value :  6.00746e-07
 Reference value :  6.02026e-07
 Reference value :  6.03428e-07
 Reference value :  6.04468e-07
 Reference value :  6.05588e-07
 Reference value :  6.06668e-07
 Reference value :  6.08013e-07
 Reference value :  6.09148e-07
 Reference value :  6.10308e-07
 Reference value :  6.11868e-07
 Reference value :  6.12828e-07
 Reference value :  6.14004e-07
 Reference value :  6.15268e-07
 Reference value :  6.16428e-07
 Reference value :  6.17908e-07
 Reference value :  6.19068e-07
 Reference value :  6.20228e-07
 Reference value :  6.21308e-07
 Reference value :  6.22348e-07
 Reference value :  6.23948e-07
 Reference value :  6.24946e-07
 Reference value :  6.26148e-07
 Reference value :  6.27668e-07
 Reference value :  6.28668e-07
 Reference value :  6.29974e-07
 Reference value :  6.31148e-07
 Reference value :  6.32308e-07
 Reference value :  6.33708e-07
 Reference value :  6.34868e-07
 Reference value :  6.36108e-07
 Reference value :  6.37188e-07
 Reference value :  6.38268e-07
 Reference value :  6.39868e-07
 Reference value :  6.40828e-07
 Reference value :  6.42108e-07
 Reference value :  6.43668e-07
 Reference value :  6.44668e-07
 Reference value :  6.45828e-07
 Reference value :  6.46868e-07
 Reference value :  6.48039e-07
 Reference value :  6.49306e-07
 Reference value :  6.50428e-07
 Reference value :  6.52001e-07
 Reference value :  6.52948e-07
 Reference value :  6.54040e-07
 Reference value :  6.55548e-07
 Reference value :  6.56588e-07
 Reference value :  6.58008e-07
 Reference value :  6.59188e-07
 Reference value :  6.60228e-07
 Reference value :  6.61348e-07
 Reference value :  6.62308e-07
 Reference value :  6.63908e-07
 Reference value :  6.64828e-07
 Reference value :  6.66068e-07
 Reference value :  6.67588e-07
 Reference value :  6.68628e-07
 Reference value :  6.69948e-07
 Reference value :  6.71068e-07
 Reference value :  6.72226e-07
 Reference value :  6.73546e-07
 Reference value :  6.74588e-07
 Reference value :  6.76013e-07
 Reference value :  6.77148e-07
 Reference value :  6.78548e-07
 Reference value :  6.80013e-07
 Reference value :  6.81148e-07
 Reference value :  6.82268e-07
 Reference value :  6.83828e-07
 Reference value :  6.84748e-07
 Reference value :  6.86000e-07
 Reference value :  6.87188e-07
 Reference value :  6.88348e-07
 Reference value :  6.89788e-07
 Reference value :  6.90908e-07
 Reference value :  6.92308e-07
 Reference value :  6.93388e-07
 Reference value :  6.94428e-07
 Reference value :  6.95948e-07
 Reference value :  6.96786e-07
 Reference value :  6.98040e-07
 Reference value :  6.99468e-07
 Reference value :  7.00548e-07
 Reference value :  7.01748e-07
 Reference value :  7.02828e-07
 Reference value :  7.04068e-07
 Reference value :  7.05388e-07
 Reference value :  7.06548e-07
 Reference value :  7.08004e-07
 Reference value :  7.08988e-07
 Reference value :  7.10008e-07
 Reference value :  7.11148e-07
 Reference value :  7.12348e-07
 Reference value :  7.13788e-07
 Reference value :  7.14868e-07
 Reference value :  7.16068e-07
 Reference value :  7.17188e-07
 Reference value :  7.18268e-07
 Reference value :  7.19868e-07
 Reference value :  7.20828e-07
 Reference value :  7.22026e-07
 Reference value :  7.23348e-07
 Reference value :  7.24348e-07
 Reference value :  7.25428e-07
 Reference value :  7.26348e-07
 Reference value :  7.27908e-07
 Reference value :  7.28868e-07
 Reference value :  7.30068e-07
 Reference value :  7.31548e-07
 Reference value :  7.32548e-07
 Reference value :  7.33748e-07
 Reference value :  7.34908e-07
 Reference value :  7.36040e-07
 Reference value :  7.37308e-07
 Reference value :  7.38388e-07
 Reference value :  7.39948e-07
 Reference value :  7.40868e-07
 Reference value :  7.41908e-07
 Reference value :  7.42948e-07
 Reference value :  7.44068e-07
 Reference value :  7.45348e-07
 Reference value :  7.46468e-07
 Reference value :  7.48001e-07
 Reference value :  7.48948e-07
 Reference value :  7.50228e-07
 Reference value :  7.52013e-07
 Reference value :  7.53588e-07
 Reference value :  7.55148e-07
 Reference value :  7.56588e-07
 Reference value :  7.58015e-07
 Reference value :  7.59788e-07
 Reference value :  7.61108e-07
 Reference value :  7.62628e-07
 Reference value :  7.64188e-07
 Reference value :  7.65668e-07
 Reference value :  7.67228e-07
 Reference value :  7.68668e-07
 Reference value :  7.70228e-07
 Reference value :  7.72013e-07
 Reference value :  7.73348e-07
 Reference value :  7.74668e-07
 Reference value :  7.76268e-07
 Reference value :  7.78004e-07
 Reference value :  7.79668e-07
 Reference value :  7.80988e-07
 Reference value :  7.82228e-07
 Reference value :  7.84013e-07
 Reference value :  7.85588e-07
 Reference value :  7.87148e-07
 Reference value :  7.88588e-07
 Reference value :  7.90019e-07
 Reference value :  7.91868e-07
 Reference value :  7.93228e-07
 Reference value :  7.94788e-07
 Reference value :  7.96346e-07
 Reference value :  7.97866e-07
 Reference value :  7.99428e-07
 Reference value :  8.00828e-07
 Reference value :  8.02388e-07
 Reference value :  8.04068e-07
 Reference value :  8.05548e-07
 Reference value :  8.07068e-07
 Reference value :  8.08588e-07
 Reference value :  8.10148e-07
 Reference value :  8.12008e-07
 Reference value :  8.13308e-07
 Reference value :  8.14868e-07
 Reference value :  8.16428e-07
 Reference value :  8.18019e-07
 Reference value :  8.19828e-07
 Reference value :  8.21106e-07
 Reference value :  8.22508e-07
 Reference value :  8.24148e-07
 Reference value :  8.25908e-07
 Reference value :  8.27428e-07
 Reference value :  8.28788e-07
 Reference value :  8.30228e-07
 Reference value :  8.32013e-07
 Reference value :  8.33748e-07
 Reference value :  8.35308e-07
 Reference value :  8.36748e-07
 Reference value :  8.38068e-07
 Reference value :  8.39974e-07
 Reference value :  8.41348e-07
 Reference value :  8.42868e-07
 Reference value :  8.44426e-07
 Reference value :  8.46000e-07
 Reference value :  8.47588e-07
 Reference value :  8.48948e-07
 Reference value :  8.50508e-07
 Reference value :  8.52148e-07
 Reference value :  8.53628e-07
 Reference value :  8.55188e-07
 Reference value :  8.56628e-07
 Reference value :  8.58148e-07
 Reference value :  8.60001e-07
 Reference value :  8.61148e-07
 Reference value :  8.62628e-07
 Reference value :  8.64188e-07
 Reference value :  8.66001e-07
 Reference value :  8.67588e-07
 Reference value :  8.68906e-07
 Reference value :  8.70188e-07
 Reference value :  8.72013e-07
 Reference value :  8.73588e-07
 Reference value :  8.75108e-07
 Reference value :  8.76548e-07
 Reference value :  8.78008e-07
 Reference value :  8.79708e-07
 Reference value :  8.81068e-07
 Reference value :  8.82628e-07
 Reference value :  8.84188e-07
 Reference value :  8.85708e-07
 Reference value :  8.87228e-07
 Reference value :  8.88628e-07
 Reference value :  8.90188e-07
 Reference value :  8.92008e-07
 Reference value :  8.93226e-07
 Reference value :  8.94668e-07
 Reference value :  8.96268e-07
 Reference value :  8.98000e-07
 Reference value :  8.99548e-07
 Reference value :  9.00908e-07
 Reference value :  9.02108e-07
 Reference value :  9.04000e-07
 Reference value :  9.05388e-07
 Reference value :  9.06868e-07
 Reference value :  9.08388e-07
 Reference value :  9.09828e-07
 Reference value :  9.11308e-07
 Reference value :  9.12668e-07
 Reference value :  9.14108e-07
 Reference value :  9.16000e-07
 Reference value :  9.17186e-07
 Reference value :  9.18548e-07
 Reference value :  9.20148e-07
 Reference value :  9.21948e-07
 Reference value :  9.23508e-07
 Reference value :  9.24828e-07
 Reference value :  9.26148e-07
 Reference value :  9.28001e-07
 Reference value :  9.29428e-07
 Reference value :  9.30948e-07
 Reference value :  9.32508e-07
 Reference value :  9.34001e-07
 Reference value :  9.35588e-07
 Reference value :  9.36948e-07
 Reference value :  9.38468e-07
 Reference value :  9.40106e-07
 Reference value :  9.41506e-07
 Reference value :  9.42988e-07
 Reference value :  9.44468e-07
 Reference value :  9.46019e-07
 Reference value :  9.47974e-07
 Reference value :  9.49188e-07
 Reference value :  9.50548e-07
 Reference value :  9.52188e-07
 Reference value :  9.53974e-07
 Reference value :  9.55508e-07
 Reference value :  9.56948e-07
 Reference value :  9.58308e-07
 Reference value :  9.60019e-07
 Reference value :  9.61668e-07
 Reference value :  9.63188e-07
 Reference value :  9.64588e-07
 Reference value :  9.66004e-07
 Reference value :  9.67668e-07
 Reference value :  9.68988e-07
 Reference value :  9.70548e-07
 Reference value :  9.72148e-07
 Reference value :  9.73668e-07
 Reference value :  9.75148e-07
 Reference value :  9.76588e-07
 Reference value :  9.78148e-07
 Reference value :  9.80001e-07
 Reference value :  9.81268e-07
 Reference value :  9.82708e-07
 Reference value :  9.84268e-07
 Reference value :  9.86000e-07
 Reference value :  9.87548e-07
 Reference value :  9.88868e-07
 Reference value :  9.90188e-07
 Reference value :  9.92008e-07
 Reference value :  9.93468e-07
 Reference value :  9.94908e-07
 Reference value :  9.96428e-07
 Reference value :  9.97948e-07
 Reference value :  9.99468e-07
 Reference value :  1.00079e-06
 Reference value :  1.00231e-06
 Reference value :  1.00402e-06
 Reference value :  1.00535e-06
 Reference value :  1.00687e-06
 Reference value :  1.00843e-06
 Reference value :  1.01002e-06
 Reference value :  1.01179e-06
 Reference value :  1.01311e-06
 Reference value :  1.01451e-06
 Reference value :  1.01611e-06
 Reference value :  1.01779e-06
 Reference value :  1.01931e-06
 Reference value :  1.02071e-06
 Reference value :  1.02204e-06
 Reference value :  1.02400e-06
 Reference value :  1.02539e-06
 Reference value :  1.02691e-06
 Reference value :  1.02839e-06
 Reference value :  1.02975e-06
 Reference value :  1.03123e-06
 Reference value :  1.03267e-06
 Reference value :  1.03423e-06
 Reference value :  1.03601e-06
 Reference value :  1.03719e-06
 Reference value :  1.03863e-06
 Reference value :  1.04023e-06
 Reference value :  1.04197e-06
 Reference value :  1.04355e-06
 Reference value :  1.04487e-06
 Reference value :  1.04623e-06
 Reference value :  1.04802e-06
 Reference value :  1.04963e-06
 Reference value :  1.05119e-06
 Reference value :  1.05275e-06
 Reference value :  1.05411e-06
 Reference value :  1.05600e-06
 Reference value :  1.05739e-06
 Reference value :  1.05891e-06
 Reference value :  1.06043e-06
 Reference value :  1.06195e-06
 Reference value :  1.06347e-06
 Reference value :  1.06487e-06
 Reference value :  1.06639e-06
 Reference value :  1.06803e-06
 Reference value :  1.06935e-06
 Reference value :  1.07091e-06
 Reference value :  1.07243e-06
 Reference value :  1.07402e-06
 Reference value :  1.07587e-06
 Reference value :  1.07711e-06
 Reference value :  1.07847e-06
 Reference value :  1.08011e-06
 Reference value :  1.08183e-06
 Reference value :  1.08335e-06
 Reference value :  1.08471e-06
 Reference value :  1.08607e-06
 Reference value :  1.08800e-06
 Reference value :  1.08939e-06
 Reference value :  1.09091e-06
 Reference value :  1.09243e-06
 Reference value :  1.09391e-06
 Reference value :  1.09543e-06
 Reference value :  1.09679e-06
 Reference value :  1.09831e-06
 Reference value :  1.10001e-06
 Reference value :  1.10127e-06
 Reference value :  1.10275e-06
 Reference value :  1.10431e-06
 Reference value :  1.10601e-06
 Reference value :  1.10771e-06
 Reference value :  1.10895e-06
 Reference value :  1.11027e-06
 Reference value :  1.11202e-06
 Reference value :  1.11363e-06
 Reference value :  1.11515e-06
 Reference value :  1.11659e-06
 Reference value :  1.11801e-06
 Reference value :  1.11975e-06
 Reference value :  1.12111e-06
 Reference value :  1.12259e-06
 Reference value :  1.12427e-06
 Reference value :  1.12571e-06
 Reference value :  1.12727e-06
 Reference value :  1.12867e-06
 Reference value :  1.13019e-06
 Reference value :  1.13201e-06
 Reference value :  1.13323e-06
 Reference value :  1.13471e-06
 Reference value :  1.13627e-06
 Reference value :  1.13800e-06
 Reference value :  1.13951e-06
 Reference value :  1.14099e-06
 Reference value :  1.14235e-06
 Reference value :  1.14404e-06
 Reference value :  1.14571e-06
 Reference value :  1.14727e-06
 Reference value :  1.14867e-06
 Reference value :  1.15002e-06
 Reference value :  1.15187e-06
 Reference value :  1.15323e-06
 Reference value :  1.15471e-06
 Reference value :  1.15623e-06
 Reference value :  1.15763e-06
 Reference value :  1.15907e-06
 Reference value :  1.16055e-06
 Reference value :  1.16207e-06
 Reference value :  1.16391e-06
 Reference value :  1.16503e-06
 Reference value :  1.16631e-06
 Reference value :  1.16802e-06
 Reference value :  1.16963e-06
 Reference value :  1.17115e-06
 Reference value :  1.17259e-06
 Reference value :  1.17401e-06
 Reference value :  1.17579e-06
 Reference value :  1.17707e-06
 Reference value :  1.17855e-06
 Reference value :  1.18011e-06
 Reference value :  1.18151e-06
 Reference value :  1.18303e-06
 Reference value :  1.18451e-06
 Reference value :  1.18603e-06
 Reference value :  1.18779e-06
 Reference value :  1.18903e-06
 Reference value :  1.19031e-06
 Reference value :  1.19202e-06
 Reference value :  1.19367e-06
 Reference value :  1.19519e-06
 Reference value :  1.19659e-06
 Reference value :  1.19801e-06
 Reference value :  1.19971e-06
 Reference value :  1.20103e-06
 Reference value :  1.20255e-06
 Reference value :  1.20407e-06
 Reference value :  1.20551e-06
 Reference value :  1.20703e-06
 Reference value :  1.20851e-06
 Reference value :  1.21004e-06
 Reference value :  1.21197e-06
 Reference value :  1.21307e-06
 Reference value :  1.21439e-06
 Reference value :  1.21603e-06
 Reference value :  1.21767e-06
 Reference value :  1.21919e-06
 Reference value :  1.22063e-06
 Reference value :  1.22201e-06
 Reference value :  1.22363e-06
 Reference value :  1.22495e-06
 Reference value :  1.22655e-06
 Reference value :  1.22815e-06
 Reference value :  1.22959e-06
 Reference value :  1.23111e-06
 Reference value :  1.23255e-06
 Reference value :  1.23407e-06
 Reference value :  1.23597e-06
 Reference value :  1.23719e-06
 Reference value :  1.23863e-06
 Reference value :  1.24023e-06
 Reference value :  1.24195e-06
 Reference value :  1.24347e-06
 Reference value :  1.24483e-06
 Reference value :  1.24615e-06
 Reference value :  1.24800e-06
 Reference value :  1.24935e-06
 Reference value :  1.25095e-06
 Reference value :  1.25243e-06
 Reference value :  1.25391e-06
 Reference value :  1.25543e-06
 Reference value :  1.25675e-06
 Reference value :  1.25831e-06
 Reference value :  1.26002e-06
 Reference value :  1.26127e-06
 Reference value :  1.26275e-06
 Reference value :  1.26431e-06
 Reference value :  1.26600e-06
 Reference value :  1.26759e-06
 Reference value :  1.26895e-06
 Reference value :  1.27039e-06
 Reference value :  1.27219e-06
 Reference value :  1.27387e-06
 Reference value :  1.27535e-06
 Reference value :  1.27675e-06
 Reference value :  1.27807e-06
 Reference value :  1.27995e-06
 Reference value :  1.28127e-06
 Reference value :  1.28279e-06
 Reference value :  1.28435e-06
 Reference value :  1.28571e-06
 Reference value :  1.28719e-06
 Reference value :  1.28863e-06
 Reference value :  1.29015e-06
 Reference value :  1.29200e-06
 Reference value :  1.29307e-06
 Reference value :  1.29435e-06
 Reference value :  1.29604e-06
 Reference value :  1.29775e-06
 Reference value :  1.29939e-06
 Reference value :  1.30075e-06
 Reference value :  1.30211e-06
 Reference value :  1.30400e-06
 Reference value :  1.30543e-06
 Reference value :  1.30695e-06
 Reference value :  1.30843e-06
 Reference value :  1.31001e-06
 Reference value :  1.31175e-06
 Reference value :  1.31311e-06
 Reference value :  1.31463e-06
 Reference value :  1.31619e-06
 Reference value :  1.31763e-06
 Reference value :  1.31919e-06
 Reference value :  1.32063e-06
 Reference value :  1.32211e-06
 Reference value :  1.32400e-06
 Reference value :  1.32515e-06
 Reference value :  1.32663e-06
 Reference value :  1.32823e-06
 Reference value :  1.32997e-06
 Reference value :  1.33147e-06
 Reference value :  1.33287e-06
 Reference value :  1.33423e-06
 Reference value :  1.33601e-06
 Reference value :  1.33755e-06
 Reference value :  1.33911e-06
 Reference value :  1.34059e-06
 Reference value :  1.34202e-06
 Reference value :  1.34383e-06
 Reference value :  1.34527e-06
 Reference value :  1.34675e-06
 Reference value :  1.34831e-06
 Reference value :  1.34971e-06
 Reference value :  1.35119e-06
 Reference value :  1.35263e-06
 Reference value :  1.35411e-06
 Reference value :  1.35600e-06
 Reference value :  1.35715e-06
 Reference value :  1.35863e-06
 Reference value :  1.36027e-06
 Reference value :  1.36200e-06
 Reference value :  1.36363e-06
 Reference value :  1.36495e-06
 Reference value :  1.36635e-06
 Reference value :  1.36811e-06
 Reference value :  1.36987e-06
 Reference value :  1.37167e-06
 Reference value :  1.37299e-06
 Reference value :  1.37447e-06
 Reference value :  1.37623e-06
 Reference value :  1.37797e-06
 Reference value :  1.37935e-06
 Reference value :  1.38071e-06
 Reference value :  1.38203e-06
 Reference value :  1.38391e-06
 Reference value :  1.38523e-06
 Reference value :  1.38675e-06
 Reference value :  1.38827e-06
 Reference value :  1.38971e-06
 Reference value :  1.39119e-06
 Reference value :  1.39259e-06
 Reference value :  1.39407e-06
 Reference value :  1.39595e-06
 Reference value :  1.39723e-06
 Reference value :  1.39867e-06
 Reference value :  1.40027e-06
 Reference value :  1.40200e-06
 Reference value :  1.40347e-06
 Reference value :  1.40479e-06
 Reference value :  1.40611e-06
 Reference value :  1.40800e-06
 Reference value :  1.40935e-06
 Reference value :  1.41111e-06
 Reference value :  1.41259e-06
 Reference value :  1.41400e-06
 Reference value :  1.41559e-06
 Reference value :  1.41691e-06
 Reference value :  1.41839e-06
 Reference value :  1.42003e-06
 Reference value :  1.42135e-06
 Reference value :  1.42287e-06
 Reference value :  1.42443e-06
 Reference value :  1.42601e-06
 Reference value :  1.42771e-06
 Reference value :  1.42895e-06
 Reference value :  1.43027e-06
 Reference value :  1.43204e-06
 Reference value :  1.43375e-06
 Reference value :  1.43527e-06
 Reference value :  1.43659e-06
 Reference value :  1.43801e-06
 Reference value :  1.43979e-06
 Reference value :  1.44111e-06
 Reference value :  1.44263e-06
 Reference value :  1.44423e-06
 Reference value :  1.44567e-06
 Reference value :  1.44723e-06
 Reference value :  1.44863e-06
 Reference value :  1.45011e-06
 Reference value :  1.45197e-06
 Reference value :  1.45315e-06
 Reference value :  1.45459e-06
 Reference value :  1.45619e-06
 Reference value :  1.45797e-06
 Reference value :  1.45951e-06
 Reference value :  1.46087e-06
 Reference value :  1.46223e-06
 Reference value :  1.46401e-06
 Reference value :  1.46555e-06
 Reference value :  1.46707e-06
 Reference value :  1.46851e-06
 Reference value :  1.47000e-06
 Reference value :  1.47163e-06
 Reference value :  1.47295e-06
 Reference value :  1.47443e-06
 Reference value :  1.47601e-06
 Reference value :  1.47719e-06
 Reference value :  1.47839e-06
 Reference value :  1.48004e-06
 Reference value :  1.48175e-06
 Reference value :  1.48323e-06
 Reference value :  1.48463e-06
 Reference value :  1.48601e-06
 Reference value :  1.48791e-06
 Reference value :  1.48939e-06
 Reference value :  1.49091e-06
 Reference value :  1.49243e-06
 Reference value :  1.49400e-06
 Reference value :  1.49555e-06
 Reference value :  1.49691e-06
 Reference value :  1.49839e-06
 Reference value :  1.50004e-06
 Reference value :  1.50147e-06
 Reference value :  1.50311e-06
 Reference value :  1.50455e-06
 Reference value :  1.50602e-06
 Reference value :  1.50775e-06
 Reference value :  1.50899e-06
 Reference value :  1.51023e-06
 Reference value :  1.51202e-06
 Reference value :  1.51363e-06
 Reference value :  1.51519e-06
 Reference value :  1.51663e-06
 Reference value :  1.51802e-06
 Reference value :  1.51987e-06
 Reference value :  1.52127e-06
 Reference value :  1.52243e-06
 Reference value :  1.52395e-06
 Reference value :  1.52487e-06
 Reference value :  1.52601e-06
 Reference value :  1.52735e-06
 Reference value :  1.52847e-06
 Reference value :  1.52991e-06
 Reference value :  1.53103e-06
 Reference value :  1.53223e-06
 Reference value :  1.53339e-06
 Reference value :  1.53447e-06
 Reference value :  1.53597e-06
 Reference value :  1.53699e-06
 Reference value :  1.53819e-06
 Reference value :  1.53975e-06
 Reference value :  1.54087e-06
 Reference value :  1.54200e-06
 Reference value :  1.54311e-06
 Reference value :  1.54435e-06
 Reference value :  1.54579e-06
 Reference value :  1.54691e-06
 Reference value :  1.54807e-06
 Reference value :  1.54911e-06
 Reference value :  1.55015e-06
 Reference value :  1.55167e-06
 Reference value :  1.55271e-06
 Reference value :  1.55402e-06
 Reference value :  1.55543e-06
 Reference value :  1.55647e-06
 Reference value :  1.55771e-06
 Reference value :  1.55887e-06
 Reference value :  1.56007e-06
 Reference value :  1.56139e-06
 Reference value :  1.56255e-06
 Reference value :  1.56400e-06
 Reference value :  1.56499e-06
 Reference value :  1.56623e-06
 Reference value :  1.56783e-06
 Reference value :  1.56883e-06
 Reference value :  1.57011e-06
 Reference value :  1.57159e-06
 Reference value :  1.57283e-06
 Reference value :  1.57400e-06
 Reference value :  1.57511e-06
 Reference value :  1.57619e-06
 Reference value :  1.57755e-06
 Reference value :  1.57867e-06
 Reference value :  1.58007e-06
 Reference value :  1.58119e-06
 Reference value :  1.58227e-06
 Reference value :  1.58383e-06
 Reference value :  1.58479e-06
 Reference value :  1.58603e-06
 Reference value :  1.58747e-06
 Reference value :  1.58855e-06
 Reference value :  1.58987e-06
 Reference value :  1.59103e-06
 Reference value :  1.59223e-06
 Reference value :  1.59359e-06
 Reference value :  1.59467e-06
 Reference value :  1.59601e-06
 Reference value :  1.59707e-06
 Reference value :  1.59819e-06
 Reference value :  1.59975e-06
 Reference value :  1.60075e-06
 Reference value :  1.60202e-06
 Reference value :  1.60323e-06
 Reference value :  1.60435e-06
 Reference value :  1.60551e-06
 Reference value :  1.60663e-06
 Reference value :  1.60811e-06
 Reference value :  1.60951e-06
 Reference value :  1.61071e-06
 Reference value :  1.61211e-06
 Reference value :  1.61327e-06
 Reference value :  1.61443e-06
 Reference value :  1.61607e-06
 Reference value :  1.61759e-06
 Reference value :  1.61879e-06
 Reference value :  1.62019e-06
 Reference value :  1.62139e-06
 Reference value :  1.62267e-06
 Reference value :  1.62415e-06
 Reference value :  1.62551e-06
 Reference value :  1.62675e-06
 Reference value :  1.62831e-06
 Reference value :  1.62955e-06
 Reference value :  1.63087e-06
 Reference value :  1.63235e-06
 Reference value :  1.63397e-06
 Reference value :  1.63527e-06
 Reference value :  1.63643e-06
 Reference value :  1.63763e-06
 Reference value :  1.63883e-06
 Reference value :  1.64007e-06
 Reference value :  1.64159e-06
 Reference value :  1.64287e-06
 Reference value :  1.64427e-06
 Reference value :  1.64551e-06
 Reference value :  1.64691e-06
 Reference value :  1.64835e-06
 Reference value :  1.64983e-06
 Reference value :  1.65107e-06
 Reference value :  1.65247e-06
 Reference value :  1.65391e-06
 Reference value :  1.65519e-06
 Reference value :  1.65643e-06
 Reference value :  1.65800e-06
 Reference value :  1.65923e-06
 Reference value :  1.66043e-06
 Reference value :  1.66191e-06
 Reference value :  1.66307e-06
 Reference value :  1.66487e-06
 Reference value :  1.66691e-06
 Reference value :  1.66815e-06
 Reference value :  1.66935e-06
 Reference value :  1.67027e-06
 Reference value :  1.67191e-06
 Reference value :  1.67279e-06
 Reference value :  1.67402e-06
 Reference value :  1.67535e-06
 Reference value :  1.67643e-06
 Reference value :  1.67759e-06
 Reference value :  1.67871e-06
 Reference value :  1.68002e-06
 Reference value :  1.68131e-06
 Reference value :  1.68239e-06
 Reference value :  1.68400e-06
 Reference value :  1.68499e-06
 Reference value :  1.68607e-06
 Reference value :  1.68763e-06
 Reference value :  1.68867e-06
 Reference value :  1.69001e-06
 Reference value :  1.69131e-06
 Reference value :  1.69243e-06
 Reference value :  1.69367e-06
 Reference value :  1.69479e-06
 Reference value :  1.69602e-06
 Reference value :  1.69723e-06
 Reference value :  1.69835e-06
 Reference value :  1.69991e-06
 Reference value :  1.70087e-06
 Reference value :  1.70201e-06
 Reference value :  1.70327e-06
 Reference value :  1.70439e-06
 Reference value :  1.70579e-06
 Reference value :  1.70719e-06
 Reference value :  1.70835e-06
 Reference value :  1.70951e-06
 Reference value :  1.71055e-06
 Reference value :  1.71201e-06
 Reference value :  1.71311e-06
 Reference value :  1.71423e-06
 Reference value :  1.71575e-06
 Reference value :  1.71675e-06
 Reference value :  1.71800e-06
 Reference value :  1.71923e-06
 Reference value :  1.72039e-06
 Reference value :  1.72179e-06
 Reference value :  1.72315e-06
 Reference value :  1.72435e-06
 Reference value :  1.72555e-06
 Reference value :  1.72671e-06
 Reference value :  1.72803e-06
 Reference value :  1.72931e-06
 Reference value :  1.73067e-06
 Reference value :  1.73201e-06
 Reference value :  1.73311e-06
 Reference value :  1.73404e-06
 Reference value :  1.73555e-06
 Reference value :  1.73655e-06
 Reference value :  1.73800e-06
 Reference value :  1.73915e-06
 Reference value :  1.74043e-06
 Reference value :  1.74179e-06
 Reference value :  1.74307e-06
 Reference value :  1.74447e-06
 Reference value :  1.74639e-06
 Reference value :  1.74800e-06
 Reference value :  1.74903e-06
 Reference value :  1.75011e-06
 Reference value :  1.75167e-06
 Reference value :  1.75267e-06
 Reference value :  1.75401e-06
 Reference value :  1.75535e-06
 Reference value :  1.75647e-06
 Reference value :  1.75771e-06
 Reference value :  1.75883e-06
 Reference value :  1.76011e-06
 Reference value :  1.76151e-06
 Reference value :  1.76267e-06
 Reference value :  1.76402e-06
 Reference value :  1.76507e-06
 Reference value :  1.76604e-06
 Reference value :  1.76759e-06
 Reference value :  1.76867e-06
 Reference value :  1.77001e-06
 Reference value :  1.77127e-06
 Reference value :  1.77235e-06
 Reference value :  1.77375e-06
 Reference value :  1.77483e-06
 Reference value :  1.77611e-06
 Reference value :  1.77747e-06
 Reference value :  1.77859e-06
 Reference value :  1.78001e-06
 Reference value :  1.78107e-06
 Reference value :  1.78211e-06
 Reference value :  1.78355e-06
 Reference value :  1.78455e-06
 Reference value :  1.78602e-06
 Reference value :  1.78739e-06
 Reference value :  1.78851e-06
 Reference value :  1.78979e-06
 Reference value :  1.79083e-06
 Reference value :  1.79202e-06
 Reference value :  1.79327e-06
 Reference value :  1.79439e-06
 Reference value :  1.79600e-06
 Reference value :  1.79695e-06
 Reference value :  1.79800e-06
 Reference value :  1.79919e-06
 Reference value :  1.80031e-06
 Reference value :  1.80175e-06
 Reference value :  1.80287e-06
 Reference value :  1.80411e-06
 Reference value :  1.80511e-06
 Reference value :  1.80615e-06
 Reference value :  1.80763e-06
 Reference value :  1.80855e-06
 Reference value :  1.81000e-06
 Reference value :  1.81123e-06
 Reference value :  1.81243e-06
 Reference value :  1.81371e-06
 Reference value :  1.81507e-06
 Reference value :  1.81627e-06
 Reference value :  1.81767e-06
 Reference value :  1.81883e-06
 Reference value :  1.82007e-06
 Reference value :  1.82119e-06
 Reference value :  1.82231e-06
 Reference value :  1.82391e-06
 Reference value :  1.82483e-06
 Reference value :  1.82607e-06
 Reference value :  1.82755e-06
 Reference value :  1.82863e-06
 Reference value :  1.82987e-06
 Reference value :  1.83099e-06
 Reference value :  1.83219e-06
 Reference value :  1.83355e-06
 Reference value :  1.83467e-06
 Reference value :  1.83602e-06
 Reference value :  1.83707e-06
 Reference value :  1.83815e-06
 Reference value :  1.83995e-06
 Reference value :  1.84131e-06
 Reference value :  1.84235e-06
 Reference value :  1.84387e-06
 Reference value :  1.84471e-06
 Reference value :  1.84600e-06
 Reference value :  1.84719e-06
 Reference value :  1.84835e-06
 Reference value :  1.84979e-06
 Reference value :  1.85087e-06
 Reference value :  1.85204e-06
 Reference value :  1.85315e-06
 Reference value :  1.85423e-06
 Reference value :  1.85583e-06
 Reference value :  1.85671e-06
 Reference value :  1.85801e-06
 Reference value :  1.85931e-06
 Reference value :  1.86043e-06
 Reference value :  1.86151e-06
 Reference value :  1.86235e-06
 Reference value :  1.86387e-06
 Reference value :  1.86479e-06
 Reference value :  1.86607e-06
 Reference value :  1.86755e-06
 Reference value :  1.86851e-06
 Reference value :  1.86967e-06
 Reference value :  1.87079e-06
 Reference value :  1.87204e-06
 Reference value :  1.87335e-06
 Reference value :  1.87447e-06
 Reference value :  1.87600e-06
 Reference value :  1.87703e-06
 Reference value :  1.87811e-06
 Reference value :  1.87967e-06
 Reference value :  1.88071e-06
 Reference value :  1.88202e-06
 Reference value :  1.88347e-06
 Reference value :  1.88455e-06
 Reference value :  1.88579e-06
 Reference value :  1.88691e-06
 Reference value :  1.88811e-06
 Reference value :  1.88947e-06
 Reference value :  1.89059e-06
 Reference value :  1.89201e-06
 Reference value :  1.89311e-06
 Reference value :  1.89411e-06
 Reference value :  1.89563e-06
 Reference value :  1.89667e-06
 Reference value :  1.89801e-06
 Reference value :  1.89939e-06
 Reference value :  1.90059e-06
 Reference value :  1.90179e-06
 Reference value :  1.90295e-06
 Reference value :  1.90415e-06
 Reference value :  1.90555e-06
 Reference value :  1.90671e-06
 Reference value :  1.90803e-06
 Reference value :  1.90919e-06
 Reference value :  1.91019e-06
 Reference value :  1.91171e-06
 Reference value :  1.91271e-06
 Reference value :  1.91402e-06
 Reference value :  1.91543e-06
 Reference value :  1.91655e-06
 Reference value :  1.91779e-06
 Reference value :  1.91887e-06
 Reference value :  1.92011e-06
 Reference value :  1.92143e-06
 Reference value :  1.92259e-06
 Reference value :  1.92404e-06
 Reference value :  1.92523e-06
 Reference value :  1.92615e-06
 Reference value :  1.92771e-06
 Reference value :  1.92875e-06
 Reference value :  1.93002e-06
 Reference value :  1.93143e-06
 Reference value :  1.93251e-06
 Reference value :  1.93375e-06
 Reference value :  1.93491e-06
 Reference value :  1.93615e-06
 Reference value :  1.93755e-06
 Reference value :  1.93883e-06
 Reference value :  1.94011e-06
 Reference value :  1.94131e-06
 Reference value :  1.94239e-06
 Reference value :  1.94397e-06
 Reference value :  1.94491e-06
 Reference value :  1.94615e-06
 Reference value :  1.94767e-06
 Reference value :  1.94871e-06
 Reference value :  1.95000e-06
 Reference value :  1.95135e-06
 Reference value :  1.95243e-06
 Reference value :  1.95387e-06
 Reference value :  1.95499e-06
 Reference value :  1.95619e-06
 Reference value :  1.95735e-06
 Reference value :  1.95839e-06
 Reference value :  1.95997e-06
 Reference value :  1.96099e-06
 Reference value :  1.96215e-06
 Reference value :  1.96367e-06
 Reference value :  1.96463e-06
 Reference value :  1.96591e-06
 Reference value :  1.96703e-06
 Reference value :  1.96839e-06
 Reference value :  1.96979e-06
 Reference value :  1.97091e-06
 Reference value :  1.97215e-06
 Reference value :  1.97335e-06
 Reference value :  1.97447e-06
 Reference value :  1.97600e-06
 Reference value :  1.97703e-06
 Reference value :  1.97819e-06
 Reference value :  1.97975e-06
 Reference value :  1.98075e-06
 Reference value :  1.98200e-06
 Reference value :  1.98319e-06
 Reference value :  1.98439e-06
 Reference value :  1.98583e-06
 Reference value :  1.98691e-06
 Reference value :  1.98819e-06
 Reference value :  1.98939e-06
 Reference value :  1.99039e-06
 Reference value :  1.99200e-06
 Reference value :  1.99303e-06
 Reference value :  1.99419e-06
 Reference value :  1.99571e-06
 Reference value :  1.99671e-06
 Reference value :  1.99800e-06
 Reference value :  1.99915e-06
 Reference value :  2.00035e-06
 Reference value :  2.00167e-06
 Reference value :  2.00275e-06
 Reference value :  2.00404e-06
 Reference value :  2.00523e-06
 Reference value :  2.00631e-06
 Reference value :  2.00787e-06
 Reference value :  2.00879e-06
 Reference value :  2.01004e-06
 Reference value :  2.01155e-06
 Reference value :  2.01263e-06
 Reference value :  2.01401e-06
 Reference value :  2.01575e-06
 Reference value :  2.01719e-06
 Reference value :  2.01875e-06
 Reference value :  2.02031e-06
 Reference value :  2.02175e-06
 Reference value :  2.02327e-06
 Reference value :  2.02467e-06
 Reference value :  2.02619e-06
 Reference value :  2.02801e-06
 Reference value :  2.02927e-06
 Reference value :  2.03083e-06
 Reference value :  2.03239e-06
 Reference value :  2.03402e-06
 Reference value :  2.03583e-06
 Reference value :  2.03711e-06
 Reference value :  2.03855e-06
 Reference value :  2.04023e-06
 Reference value :  2.04200e-06
 Reference value :  2.04359e-06
 Reference value :  2.04495e-06
 Reference value :  2.04627e-06
 Reference value :  2.04802e-06
 Reference value :  2.04967e-06
 Reference value :  2.05119e-06
 Reference value :  2.05263e-06
 Reference value :  2.05400e-06
 Reference value :  2.05571e-06
 Reference value :  2.05715e-06
 Reference value :  2.05871e-06
 Reference value :  2.06031e-06
 Reference value :  2.06171e-06
 Reference value :  2.06331e-06
 Reference value :  2.06475e-06
 Reference value :  2.06631e-06
 Reference value :  2.06803e-06
 Reference value :  2.06947e-06
 Reference value :  2.07107e-06
 Reference value :  2.07259e-06
 Reference value :  2.07415e-06
 Reference value :  2.07601e-06
 Reference value :  2.07727e-06
 Reference value :  2.07883e-06
 Reference value :  2.08039e-06
 Reference value :  2.08202e-06
 Reference value :  2.08379e-06
 Reference value :  2.08507e-06
 Reference value :  2.08635e-06
 Reference value :  2.08804e-06
 Reference value :  2.08975e-06
 Reference value :  2.09131e-06
 Reference value :  2.09271e-06
 Reference value :  2.09415e-06
 Reference value :  2.09601e-06
 Reference value :  2.09755e-06
 Reference value :  2.09911e-06
 Reference value :  2.10059e-06
 Reference value :  2.10202e-06
 Reference value :  2.10387e-06
 Reference value :  2.10523e-06
 Reference value :  2.10679e-06
 Reference value :  2.10835e-06
 Reference value :  2.10995e-06
 Reference value :  2.11151e-06
 Reference value :  2.11291e-06
 Reference value :  2.11455e-06
 Reference value :  2.11635e-06
 Reference value :  2.11779e-06
 Reference value :  2.11935e-06
 Reference value :  2.12075e-06
 Reference value :  2.12231e-06
 Reference value :  2.12404e-06
 Reference value :  2.12547e-06
 Reference value :  2.12707e-06
 Reference value :  2.12859e-06
 Reference value :  2.13019e-06
 Reference value :  2.13201e-06
 Reference value :  2.13331e-06
 Reference value :  2.13479e-06
 Reference value :  2.13635e-06
 Reference value :  2.13801e-06
 Reference value :  2.13967e-06
 Reference value :  2.14095e-06
 Reference value :  2.14227e-06
 Reference value :  2.14402e-06
 Reference value :  2.14567e-06
 Reference value :  2.14719e-06
 Reference value :  2.14863e-06
 Reference value :  2.15002e-06
 Reference value :  2.15183e-06
 Reference value :  2.15323e-06
 Reference value :  2.15487e-06
 Reference value :  2.15647e-06
 Reference value :  2.15800e-06
 Reference value :  2.15959e-06
 Reference value :  2.16095e-06
 Reference value :  2.16247e-06
 Reference value :  2.16415e-06
 Reference value :  2.16567e-06
 Reference value :  2.16719e-06
 Reference value :  2.16867e-06
 Reference value :  2.17019e-06
 Reference value :  2.17201e-06
 Reference value :  2.17327e-06
 Reference value :  2.17479e-06
 Reference value :  2.17639e-06
 Reference value :  2.17801e-06
 Reference value :  2.17971e-06
 Reference value :  2.18103e-06
 Reference value :  2.18219e-06
 Reference value :  2.18401e-06
 Reference value :  2.18551e-06
 Reference value :  2.18703e-06
 Reference value :  2.18851e-06
 Reference value :  2.19001e-06
 Reference value :  2.19171e-06
 Reference value :  2.19311e-06
 Reference value :  2.19467e-06
 Reference value :  2.19627e-06
 Reference value :  2.19783e-06
 Reference value :  2.19935e-06
 Reference value :  2.20075e-06
 Reference value :  2.20231e-06
 Reference value :  2.20403e-06
 Reference value :  2.20543e-06
 Reference value :  2.20695e-06
 Reference value :  2.20851e-06
 Reference value :  2.21004e-06
 Reference value :  2.21191e-06
 Reference value :  2.21319e-06
 Reference value :  2.21451e-06
 Reference value :  2.21615e-06
 Reference value :  2.21791e-06
 Reference value :  2.21943e-06
 Reference value :  2.22079e-06
 Reference value :  2.22211e-06
 Reference value :  2.22400e-06
 Reference value :  2.22547e-06
 Reference value :  2.22699e-06
 Reference value :  2.22855e-06
 Reference value :  2.23007e-06
 Reference value :  2.23201e-06
 Reference value :  2.23355e-06
 Reference value :  2.23507e-06
 Reference value :  2.23659e-06
 Reference value :  2.23801e-06
 Reference value :  2.23979e-06
 Reference value :  2.24115e-06
 Reference value :  2.24271e-06
 Reference value :  2.24435e-06
 Reference value :  2.24583e-06
 Reference value :  2.24735e-06
 Reference value :  2.24879e-06
 Reference value :  2.25035e-06
 Reference value :  2.25203e-06
 Reference value :  2.25339e-06
 Reference value :  2.25495e-06
 Reference value :  2.25647e-06
 Reference value :  2.25803e-06
 Reference value :  2.25991e-06
 Reference value :  2.26115e-06
 Reference value :  2.26259e-06
 Reference value :  2.26423e-06
 Reference value :  2.26600e-06
 Reference value :  2.26755e-06
 Reference value :  2.26887e-06
 Reference value :  2.27019e-06
 Reference value :  2.27201e-06
 Reference value :  2.27351e-06
 Reference value :  2.27503e-06
 Reference value :  2.27651e-06
 Reference value :  2.27800e-06
 Reference value :  2.27955e-06
 Reference value :  2.28087e-06
 Reference value :  2.28243e-06
 Reference value :  2.28407e-06
 Reference value :  2.28551e-06
 Reference value :  2.28707e-06
 Reference value :  2.28855e-06
 Reference value :  2.29011e-06
 Reference value :  2.29200e-06
 Reference value :  2.29327e-06
 Reference value :  2.29471e-06
 Reference value :  2.29631e-06
 Reference value :  2.29800e-06
 Reference value :  2.29963e-06
 Reference value :  2.30091e-06
 Reference value :  2.30227e-06
 Reference value :  2.30403e-06
 Reference value :  2.30575e-06
 Reference value :  2.30727e-06
 Reference value :  2.30867e-06
 Reference value :  2.31001e-06
 Reference value :  2.31175e-06
 Reference value :  2.31311e-06
 Reference value :  2.31467e-06
 Reference value :  2.31635e-06
 Reference value :  2.31775e-06
 Reference value :  2.31927e-06
 Reference value :  2.32071e-06
 Reference value :  2.32223e-06
 Reference value :  2.32401e-06
 Reference value :  2.32535e-06
 Reference value :  2.32699e-06
 Reference value :  2.32851e-06
 Reference value :  2.33004e-06
 Reference value :  2.33195e-06
 Reference value :  2.33315e-06
 Reference value :  2.33463e-06
 Reference value :  2.33623e-06
 Reference value :  2.33800e-06
 Reference value :  2.33955e-06
 Reference value :  2.34091e-06
 Reference value :  2.34223e-06
 Reference value :  2.34403e-06
 Reference value :  2.34575e-06
 Reference value :  2.34731e-06
 Reference value :  2.34879e-06
 Reference value :  2.35011e-06
 Reference value :  2.35200e-06
 Reference value :  2.35355e-06
 Reference value :  2.35551e-06
 Reference value :  2.35691e-06
 Reference value :  2.35827e-06
 Reference value :  2.36003e-06
 Reference value :  2.36167e-06
 Reference value :  2.36331e-06
 Reference value :  2.36475e-06
 Reference value :  2.36611e-06
 Reference value :  2.36800e-06
 Reference value :  2.36939e-06
 Reference value :  2.37099e-06
 Reference value :  2.37251e-06
 Reference value :  2.37400e-06
 Reference value :  2.37555e-06
 Reference value :  2.37695e-06
 Reference value :  2.37847e-06
 Reference value :  2.38011e-06
 Reference value :  2.38159e-06
 Reference value :  2.38311e-06
 Reference value :  2.38459e-06
 Reference value :  2.38611e-06
 Reference value :  2.38800e-06
 Reference value :  2.38935e-06
 Reference value :  2.39087e-06
 Reference value :  2.39259e-06
 Reference value :  2.39411e-06
 Reference value :  2.39600e-06
 Reference value :  2.39719e-06
 Reference value :  2.39871e-06
 Reference value :  2.40043e-06
 Reference value :  2.40204e-06
 Reference value :  2.40400e-06
 Reference value :  2.40527e-06
 Reference value :  2.40695e-06
 Reference value :  2.40855e-06
 Reference value :  2.41007e-06
 Reference value :  2.41195e-06
 Reference value :  2.41311e-06
 Reference value :  2.41451e-06
 Reference value :  2.41615e-06
 Reference value :  2.41791e-06
 Reference value :  2.41939e-06
 Reference value :  2.42079e-06
 Reference value :  2.42215e-06
 Reference value :  2.42400e-06
 Reference value :  2.42547e-06
 Reference value :  2.42699e-06
 Reference value :  2.42851e-06
 Reference value :  2.43000e-06
 Reference value :  2.43163e-06
 Reference value :  2.43299e-06
 Reference value :  2.43455e-06
 Reference value :  2.43615e-06
 Reference value :  2.43759e-06
 Reference value :  2.43903e-06
 Reference value :  2.44055e-06
 Reference value :  2.44211e-06
 Reference value :  2.44400e-06
 Reference value :  2.44515e-06
 Reference value :  2.44659e-06
 Reference value :  2.44819e-06
 Reference value :  2.44997e-06
 Reference value :  2.45155e-06
 Reference value :  2.45291e-06
 Reference value :  2.45427e-06
 Reference value :  2.45602e-06
 Reference value :  2.45767e-06
 Reference value :  2.45919e-06
 Reference value :  2.46063e-06
 Reference value :  2.46202e-06
 Reference value :  2.46379e-06
 Reference value :  2.46507e-06
 Reference value :  2.46663e-06
 Reference value :  2.46835e-06
 Reference value :  2.46983e-06
 Reference value :  2.47139e-06
 Reference value :  2.47275e-06
 Reference value :  2.47431e-06
 Reference value :  2.47603e-06
 Reference value :  2.47735e-06
 Reference value :  2.47887e-06
 Reference value :  2.48043e-06
 Reference value :  2.48202e-06
 Reference value :  2.48383e-06
 Reference value :  2.48515e-06
 Reference value :  2.48655e-06
 Reference value :  2.48815e-06
 Reference value :  2.48991e-06
 Reference value :  2.49139e-06
 Reference value :  2.49275e-06
 Reference value :  2.49407e-06
 Reference value :  2.49595e-06
 Reference value :  2.49727e-06
 Reference value :  2.49879e-06
 Reference value :  2.50035e-06
 Reference value :  2.50175e-06
 Reference value :  2.50327e-06
 Reference value :  2.50467e-06
 Reference value :  2.50619e-06
 Reference value :  2.50801e-06
 Reference value :  2.50923e-06
 Reference value :  2.51079e-06
 Reference value :  2.51239e-06
 Reference value :  2.51401e-06
 Reference value :  2.51579e-06
 Reference value :  2.51707e-06
 Reference value :  2.51847e-06
 Reference value :  2.52015e-06
 Reference value :  2.52191e-06
 Reference value :  2.52347e-06
 Reference value :  2.52483e-06
 Reference value :  2.52607e-06
 Reference value :  2.52797e-06
 Reference value :  2.52935e-06
 Reference value :  2.53095e-06
 Reference value :  2.53247e-06
 Reference value :  2.53397e-06
 Reference value :  2.53555e-06
 Reference value :  2.53691e-06
 Reference value :  2.53847e-06
 Reference value :  2.54011e-06
 Reference value :  2.54155e-06
 Reference value :  2.54311e-06
 Reference value :  2.54459e-06
 Reference value :  2.54615e-06
 Reference value :  2.54800e-06
 Reference value :  2.54927e-06
 Reference value :  2.55075e-06
 Reference value :  2.55239e-06
 Reference value :  2.55401e-06
 Reference value :  2.55571e-06
 Reference value :  2.55699e-06
 Reference value :  2.55839e-06
 Reference value :  2.56007e-06
 Reference value :  2.56183e-06
 Reference value :  2.56339e-06
 Reference value :  2.56479e-06
 Reference value :  2.56603e-06
 Reference value :  2.56791e-06
 Reference value :  2.56927e-06
 Reference value :  2.57083e-06
 Reference value :  2.57239e-06
 Reference value :  2.57379e-06
 Reference value :  2.57535e-06
 Reference value :  2.57675e-06
 Reference value :  2.57831e-06
 Reference value :  2.58002e-06
 Reference value :  2.58139e-06
 Reference value :  2.58295e-06
 Reference value :  2.58443e-06
 Reference value :  2.58602e-06
 Reference value :  2.58783e-06
 Reference value :  2.58903e-06
 Reference value :  2.59043e-06
 Reference value :  2.59215e-06
 Reference value :  2.59397e-06
 Reference value :  2.59551e-06
 Reference value :  2.59687e-06
 Reference value :  2.59819e-06
 Reference value :  2.60001e-06
 Reference value :  2.60147e-06
 Reference value :  2.60299e-06
 Reference value :  2.60451e-06
 Reference value :  2.60600e-06
 Reference value :  2.60767e-06
 Reference value :  2.60907e-06
 Reference value :  2.61059e-06
 Reference value :  2.61223e-06
 Reference value :  2.61379e-06
 Reference value :  2.61535e-06
 Reference value :  2.61675e-06
 Reference value :  2.61831e-06
 Reference value :  2.62003e-06
 Reference value :  2.62143e-06
 Reference value :  2.62303e-06
 Reference value :  2.62455e-06
 Reference value :  2.62611e-06
 Reference value :  2.62800e-06
 Reference value :  2.62927e-06
 Reference value :  2.63059e-06
 Reference value :  2.63223e-06
 Reference value :  2.63400e-06
 Reference value :  2.63555e-06
 Reference value :  2.63687e-06
 Reference value :  2.63819e-06
 Reference value :  2.64001e-06
 Reference value :  2.64159e-06
 Reference value :  2.64311e-06
 Reference value :  2.64455e-06
 Reference value :  2.64601e-06
 Reference value :  2.64779e-06
 Reference value :  2.64915e-06
 Reference value :  2.65067e-06
 Reference value :  2.65227e-06
 Reference value :  2.65383e-06
 Reference value :  2.65539e-06
 Reference value :  2.65679e-06
 Reference value :  2.65835e-06
 Reference value :  2.66003e-06
 Reference value :  2.66147e-06
 Reference value :  2.66295e-06
 Reference value :  2.66447e-06
 Reference value :  2.66602e-06
 Reference value :  2.66783e-06
 Reference value :  2.66903e-06
 Reference value :  2.67051e-06
 Reference value :  2.67219e-06
 Reference value :  2.67397e-06
 Reference value :  2.67555e-06
 Reference value :  2.67691e-06
 Reference value :  2.67827e-06
 Reference value :  2.68002e-06
 Reference value :  2.68163e-06
 Reference value :  2.68319e-06
 Reference value :  2.68463e-06
 Reference value :  2.68603e-06
 Reference value :  2.68791e-06
 Reference value :  2.68931e-06
 Reference value :  2.69083e-06
 Reference value :  2.69239e-06
 Reference value :  2.69379e-06
 Reference value :  2.69531e-06
 Reference value :  2.69671e-06
 Reference value :  2.69827e-06
 Reference value :  2.70002e-06
 Reference value :  2.70131e-06
 Reference value :  2.70287e-06
 Reference value :  2.70447e-06
 Reference value :  2.70602e-06
 Reference value :  2.70783e-06
 Reference value :  2.70919e-06
 Reference value :  2.71063e-06
 Reference value :  2.71223e-06
 Reference value :  2.71397e-06
 Reference value :  2.71555e-06
 Reference value :  2.71691e-06
 Reference value :  2.71823e-06
 Reference value :  2.72000e-06
 Reference value :  2.72147e-06
 Reference value :  2.72299e-06
 Reference value :  2.72451e-06
 Reference value :  2.72600e-06
 Reference value :  2.72759e-06
 Reference value :  2.72891e-06
 Reference value :  2.73047e-06
 Reference value :  2.73239e-06
 Reference value :  2.73387e-06
 Reference value :  2.73539e-06
 Reference value :  2.73691e-06
 Reference value :  2.73839e-06
 Reference value :  2.74007e-06
 Reference value :  2.74179e-06
 Reference value :  2.74331e-06
 Reference value :  2.74471e-06
 Reference value :  2.74623e-06
 Reference value :  2.74801e-06
 Reference value :  2.74927e-06
 Reference value :  2.75071e-06
 Reference value :  2.75223e-06
 Reference value :  2.75400e-06
 Reference value :  2.75559e-06
 Reference value :  2.75691e-06
 Reference value :  2.75811e-06
 Reference value :  2.75997e-06
 Reference value :  2.76135e-06
 Reference value :  2.76287e-06
 Reference value :  2.76443e-06
 Reference value :  2.76595e-06
 Reference value :  2.76747e-06
 Reference value :  2.76895e-06
 Reference value :  2.77043e-06
 Reference value :  2.77204e-06
 Reference value :  2.77351e-06
 Reference value :  2.77507e-06
 Reference value :  2.77655e-06
 Reference value :  2.77807e-06
 Reference value :  2.77987e-06
 Reference value :  2.78107e-06
 Reference value :  2.78251e-06
 Reference value :  2.78419e-06
 Reference value :  2.78597e-06
 Reference value :  2.78751e-06
 Reference value :  2.78887e-06
 Reference value :  2.79015e-06
 Reference value :  2.79200e-06
 Reference value :  2.79343e-06
 Reference value :  2.79495e-06
 Reference value :  2.79647e-06
 Reference value :  2.79800e-06
 Reference value :  2.79951e-06
 Reference value :  2.80095e-06
 Reference value :  2.80271e-06
 Reference value :  2.80427e-06
 Reference value :  2.80579e-06
 Reference value :  2.80731e-06
 Reference value :  2.80867e-06
 Reference value :  2.81019e-06
 Reference value :  2.81201e-06
 Reference value :  2.81319e-06
 Reference value :  2.81475e-06
 Reference value :  2.81627e-06
 Reference value :  2.81800e-06
 Reference value :  2.81955e-06
 Reference value :  2.82087e-06
 Reference value :  2.82203e-06
 Reference value :  2.82387e-06
 Reference value :  2.82515e-06
 Reference value :  2.82667e-06
 Reference value :  2.82835e-06
 Reference value :  2.82971e-06
 Reference value :  2.83131e-06
 Reference value :  2.83275e-06
 Reference value :  2.83427e-06
 Reference value :  2.83601e-06
 Reference value :  2.83743e-06
 Reference value :  2.83907e-06
 Reference value :  2.84055e-06
 Reference value :  2.84207e-06
 Reference value :  2.84395e-06
 Reference value :  2.84507e-06
 Reference value :  2.84643e-06
 Reference value :  2.84811e-06
 Reference value :  2.84987e-06
 Reference value :  2.85135e-06
 Reference value :  2.85271e-06
 Reference value :  2.85404e-06
 Reference value :  2.85591e-06
 Reference value :  2.85731e-06
 Reference value :  2.85883e-06
 Reference value :  2.86035e-06
 Reference value :  2.86191e-06
 Reference value :  2.86339e-06
 Reference value :  2.86475e-06
 Reference value :  2.86627e-06
 Reference value :  2.86801e-06
 Reference value :  2.86931e-06
 Reference value :  2.87071e-06
 Reference value :  2.87211e-06
 Reference value :  2.87379e-06
 Reference value :  2.87527e-06
 Reference value :  2.87667e-06
 Reference value :  2.87802e-06
 Reference value :  2.87979e-06
 Reference value :  2.88111e-06
 Reference value :  2.88251e-06
 Reference value :  2.88407e-06
 Reference value :  2.88547e-06
 Reference value :  2.88687e-06
 Reference value :  2.88835e-06
 Reference value :  2.89000e-06
 Reference value :  2.89155e-06
 Reference value :  2.89287e-06
 Reference value :  2.89411e-06
 Reference value :  2.89591e-06
 Reference value :  2.89719e-06
 Reference value :  2.89859e-06
 Reference value :  2.90007e-06
 Reference value :  2.90155e-06
 Reference value :  2.90303e-06
 Reference value :  2.90451e-06
 Reference value :  2.90611e-06
 Reference value :  2.90800e-06
 Reference value :  2.90919e-06
 Reference value :  2.91071e-06
 Reference value :  2.91231e-06
 Reference value :  2.91401e-06
 Reference value :  2.91571e-06
 Reference value :  2.91707e-06
 Reference value :  2.91831e-06
 Reference value :  2.92002e-06
 Reference value :  2.92163e-06
 Reference value :  2.92311e-06
 Reference value :  2.92459e-06
 Reference value :  2.92601e-06
 Reference value :  2.92787e-06
 Reference value :  2.92923e-06
 Reference value :  2.93075e-06
 Reference value :  2.93231e-06
 Reference value :  2.93383e-06
 Reference value :  2.93535e-06
 Reference value :  2.93679e-06
 Reference value :  2.93835e-06
 Reference value :  2.94004e-06
 Reference value :  2.94155e-06
 Reference value :  2.94311e-06
 Reference value :  2.94459e-06
 Reference value :  2.94619e-06
 Reference value :  2.94803e-06
 Reference value :  2.94963e-06
 Reference value :  2.95107e-06
 Reference value :  2.95271e-06
 Reference value :  2.95423e-06
 Reference value :  2.95601e-06
 Reference value :  2.95727e-06
 Reference value :  2.95879e-06
 Reference value :  2.96039e-06
 Reference value :  2.96201e-06
 Reference value :  2.96363e-06
 Reference value :  2.96495e-06
 Reference value :  2.96631e-06
 Reference value :  2.96804e-06
 Reference value :  2.96987e-06
 Reference value :  2.97139e-06
 Reference value :  2.97275e-06
 Reference value :  2.97411e-06
 Reference value :  2.97600e-06
 Reference value :  2.97743e-06
 Reference value :  2.97895e-06
 Reference value :  2.98047e-06
 Reference value :  2.98197e-06
 Reference value :  2.98355e-06
 Reference value :  2.98495e-06
 Reference value :  2.98651e-06
 Reference value :  2.98811e-06
 Reference value :  2.98955e-06
 Reference value :  2.99107e-06
 Reference value :  2.99255e-06
 Reference value :  2.99407e-06
 Reference value :  2.99595e-06
 Reference value :  2.99719e-06
 Reference value :  2.99867e-06
 Reference value :  3.00027e-06
 Reference value :  3.00201e-06
 Reference value :  3.00371e-06
 Reference value :  3.00499e-06
 Reference value :  3.00639e-06
 Reference value :  3.00807e-06
 Reference value :  3.00979e-06
 Reference value :  3.01131e-06
 Reference value :  3.01267e-06
 Reference value :  3.01401e-06
 Reference value :  3.01575e-06
 Reference value :  3.01711e-06
 Reference value :  3.01867e-06
 Reference value :  3.02031e-06
 Reference value :  3.02183e-06
 Reference value :  3.02339e-06
 Reference value :  3.02479e-06
 Reference value :  3.02635e-06
 Reference value :  3.02803e-06
 Reference value :  3.02963e-06
 Reference value :  3.03119e-06
 Reference value :  3.03271e-06
 Reference value :  3.03423e-06
 Reference value :  3.03604e-06
 Reference value :  3.03751e-06
 Reference value :  3.03907e-06
 Reference value :  3.04059e-06
 Reference value :  3.04215e-06
 Reference value :  3.04401e-06
 Reference value :  3.04531e-06
 Reference value :  3.04671e-06
 Reference value :  3.04835e-06
 Reference value :  3.05011e-06
 Reference value :  3.05227e-06
 Reference value :  3.05375e-06
 Reference value :  3.05531e-06
 Reference value :  3.05671e-06
 Reference value :  3.05823e-06
 Reference value :  3.06001e-06
 Reference value :  3.06135e-06
 Reference value :  3.06287e-06
 Reference value :  3.06443e-06
 Reference value :  3.06602e-06
 Reference value :  3.06787e-06
 Reference value :  3.06907e-06
 Reference value :  3.07051e-06
 Reference value :  3.07215e-06
 Reference value :  3.07395e-06
 Reference value :  3.07551e-06
 Reference value :  3.07695e-06
 Reference value :  3.07815e-06
 Reference value :  3.08000e-06
 Reference value :  3.08151e-06
 Reference value :  3.08307e-06
 Reference value :  3.08455e-06
 Reference value :  3.08600e-06
 Reference value :  3.08759e-06
 Reference value :  3.08903e-06
 Reference value :  3.09059e-06
 Reference value :  3.09219e-06
 Reference value :  3.09379e-06
 Reference value :  3.09535e-06
 Reference value :  3.09675e-06
 Reference value :  3.09831e-06
 Reference value :  3.10004e-06
 Reference value :  3.10147e-06
 Reference value :  3.10307e-06
 Reference value :  3.10459e-06
 Reference value :  3.10615e-06
 Reference value :  3.10800e-06
 Reference value :  3.10931e-06
 Reference value :  3.11075e-06
 Reference value :  3.11235e-06
 Reference value :  3.11401e-06
 Reference value :  3.11575e-06
 Reference value :  3.11699e-06
 Reference value :  3.11831e-06
 Reference value :  3.12002e-06
 Reference value :  3.12171e-06
 Reference value :  3.12327e-06
 Reference value :  3.12471e-06
 Reference value :  3.12611e-06
 Reference value :  3.12800e-06
 Reference value :  3.12951e-06
 Reference value :  3.13103e-06
 Reference value :  3.13255e-06
 Reference value :  3.13402e-06
 Reference value :  3.13587e-06
 Reference value :  3.13727e-06
 Reference value :  3.13875e-06
 Reference value :  3.14035e-06
 Reference value :  3.14175e-06
 Reference value :  3.14327e-06
 Reference value :  3.14471e-06
 Reference value :  3.14635e-06
 Reference value :  3.14804e-06
 Reference value :  3.14947e-06
 Reference value :  3.15103e-06
 Reference value :  3.15255e-06
 Reference value :  3.15411e-06
 Reference value :  3.15601e-06
 Reference value :  3.15731e-06
 Reference value :  3.15871e-06
 Reference value :  3.16035e-06
 Reference value :  3.16201e-06
 Reference value :  3.16383e-06
 Reference value :  3.16507e-06
 Reference value :  3.16655e-06
 Reference value :  3.16819e-06
 Reference value :  3.17000e-06
 Reference value :  3.17159e-06
 Reference value :  3.17295e-06
 Reference value :  3.17431e-06
 Reference value :  3.17604e-06
 Reference value :  3.17779e-06
 Reference value :  3.17939e-06
 Reference value :  3.18083e-06
 Reference value :  3.18219e-06
 Reference value :  3.18402e-06
 Reference value :  3.18571e-06
 Reference value :  3.18727e-06
 Reference value :  3.18871e-06
 Reference value :  3.19015e-06
 Reference value :  3.19201e-06
 Reference value :  3.19355e-06
 Reference value :  3.19515e-06
 Reference value :  3.19667e-06
 Reference value :  3.19804e-06
 Reference value :  3.19997e-06
No. of Data Rows : 94280
sim/harness: analysis complete
Note: Simulation executed from .control section 
Note: Starting dynamic gmin stepping
Note: Dynamic gmin stepping completed
