
Note: Compatibility modes selected: hs a


Circuit: ** sch_path: /users/rwalters/github/sky130-pll/.loom/worktrees/issue-131/sim/divider-n64/testbench/tb_divider_n64.sch

option SCALE: Scale is set to 1e-06 for instance and model parameters
option SCALE: Scale is set to 1e-06 for instance and model parameters
option SCALE: Scale is set to 1e-06 for instance and model parameters
option SCALE: Scale is set to 1e-06 for instance and model parameters
Doing analysis at TEMP = 125.000000 and TNOM = 27.000000

Using KLU as Direct Linear Solver
 Reference value :  0.00000e+00
 Reference value :  8.62900e-10
 Reference value :  2.10763e-09
 Reference value :  3.66762e-09
 Reference value :  4.78762e-09
 Reference value :  6.06763e-09
 Reference value :  7.66762e-09
 Reference value :  8.66763e-09
 Reference value :  1.00186e-08
 Reference value :  1.13876e-08
 Reference value :  1.24676e-08
 Reference value :  1.37876e-08
 Reference value :  1.48676e-08
 Reference value :  1.60676e-08
 Reference value :  1.74276e-08
 Reference value :  1.85076e-08
 Reference value :  2.00038e-08
 Reference value :  2.09876e-08
 Reference value :  2.20676e-08
 Reference value :  2.35076e-08
 Reference value :  2.45476e-08
 Reference value :  2.60081e-08
 Reference value :  2.72276e-08
 Reference value :  2.83476e-08
 Reference value :  2.95476e-08
 Reference value :  3.06676e-08
 Reference value :  3.20125e-08
 Reference value :  3.31076e-08
 Reference value :  3.42676e-08
 Reference value :  3.58276e-08
 Reference value :  3.67076e-08
 Reference value :  3.79738e-08
 Reference value :  3.91076e-08
 Reference value :  4.02676e-08
 Reference value :  4.16676e-08
 Reference value :  4.30676e-08
 Reference value :  4.41876e-08
 Reference value :  4.52676e-08
 Reference value :  4.64276e-08
 Reference value :  4.79738e-08
 Reference value :  4.89076e-08
 Reference value :  5.01076e-08
 Reference value :  5.16276e-08
 Reference value :  5.25876e-08
 Reference value :  5.38276e-08
 Reference value :  5.49476e-08
 Reference value :  5.60676e-08
 Reference value :  5.73476e-08
 Reference value :  5.84676e-08
 Reference value :  6.00013e-08
 Reference value :  6.08676e-08
 Reference value :  6.20396e-08
 Reference value :  6.35076e-08
 Reference value :  6.44676e-08
 Reference value :  6.59476e-08
 Reference value :  6.70276e-08
 Reference value :  6.81876e-08
 Reference value :  6.95476e-08
 Reference value :  7.06276e-08
 Reference value :  7.20134e-08
 Reference value :  7.32261e-08
 Reference value :  7.43876e-08
 Reference value :  7.60000e-08
 Reference value :  7.68676e-08
 Reference value :  7.80256e-08
 Reference value :  7.94676e-08
 Reference value :  8.05476e-08
 Reference value :  8.20013e-08
 Reference value :  8.31476e-08
 Reference value :  8.45061e-08
 Reference value :  8.58661e-08
 Reference value :  8.70276e-08
 Reference value :  8.82276e-08
 Reference value :  8.97076e-08
 Reference value :  9.07876e-08
 Reference value :  9.20256e-08
 Reference value :  9.31476e-08
 Reference value :  9.43076e-08
 Reference value :  9.59476e-08
 Reference value :  9.69476e-08
 Reference value :  9.81076e-08
 Reference value :  9.99076e-08
 Reference value :  1.00868e-07
 Reference value :  1.02013e-07
 Reference value :  1.03388e-07
 Reference value :  1.04468e-07
 Reference value :  1.05908e-07
 Reference value :  1.06868e-07
 Reference value :  1.08068e-07
 Reference value :  1.09148e-07
 Reference value :  1.10348e-07
 Reference value :  1.11974e-07
 Reference value :  1.12946e-07
 Reference value :  1.14148e-07
 Reference value :  1.15708e-07
 Reference value :  1.16628e-07
 Reference value :  1.17868e-07
 Reference value :  1.18948e-07
 Reference value :  1.20068e-07
 Reference value :  1.21388e-07
 Reference value :  1.22428e-07
 Reference value :  1.23948e-07
 Reference value :  1.24868e-07
 Reference value :  1.26026e-07
 Reference value :  1.27388e-07
 Reference value :  1.28428e-07
 Reference value :  1.30000e-07
 Reference value :  1.31148e-07
 Reference value :  1.32308e-07
 Reference value :  1.33348e-07
 Reference value :  1.34348e-07
 Reference value :  1.35828e-07
 Reference value :  1.36748e-07
 Reference value :  1.38026e-07
 Reference value :  1.39508e-07
 Reference value :  1.40668e-07
 Reference value :  1.42008e-07
 Reference value :  1.43308e-07
 Reference value :  1.44428e-07
 Reference value :  1.45948e-07
 Reference value :  1.46988e-07
 Reference value :  1.48148e-07
 Reference value :  1.49268e-07
 Reference value :  1.50428e-07
 Reference value :  1.52001e-07
 Reference value :  1.52988e-07
 Reference value :  1.54108e-07
 Reference value :  1.55548e-07
 Reference value :  1.56548e-07
 Reference value :  1.57828e-07
 Reference value :  1.58948e-07
 Reference value :  1.60228e-07
 Reference value :  1.61748e-07
 Reference value :  1.62788e-07
 Reference value :  1.64068e-07
 Reference value :  1.65188e-07
 Reference value :  1.66228e-07
 Reference value :  1.67748e-07
 Reference value :  1.68668e-07
 Reference value :  1.70013e-07
 Reference value :  1.71308e-07
 Reference value :  1.72428e-07
 Reference value :  1.73588e-07
 Reference value :  1.74628e-07
 Reference value :  1.76015e-07
 Reference value :  1.77268e-07
 Reference value :  1.78348e-07
 Reference value :  1.79908e-07
 Reference value :  1.80828e-07
 Reference value :  1.82013e-07
 Reference value :  1.83308e-07
 Reference value :  1.84348e-07
 Reference value :  1.85668e-07
 Reference value :  1.86708e-07
 Reference value :  1.88015e-07
 Reference value :  1.89028e-07
 Reference value :  1.90148e-07
 Reference value :  1.91708e-07
 Reference value :  1.92668e-07
 Reference value :  1.94013e-07
 Reference value :  1.95308e-07
 Reference value :  1.96428e-07
 Reference value :  1.97588e-07
 Reference value :  1.98748e-07
 Reference value :  2.00040e-07
 Reference value :  2.01468e-07
 Reference value :  2.02588e-07
 Reference value :  2.04013e-07
 Reference value :  2.04948e-07
 Reference value :  2.06068e-07
 Reference value :  2.07548e-07
 Reference value :  2.08588e-07
 Reference value :  2.10008e-07
 Reference value :  2.11228e-07
 Reference value :  2.12388e-07
 Reference value :  2.13708e-07
 Reference value :  2.14828e-07
 Reference value :  2.16026e-07
 Reference value :  2.17308e-07
 Reference value :  2.18388e-07
 Reference value :  2.19948e-07
 Reference value :  2.20828e-07
 Reference value :  2.22013e-07
 Reference value :  2.23188e-07
 Reference value :  2.24348e-07
 Reference value :  2.25828e-07
 Reference value :  2.26788e-07
 Reference value :  2.28040e-07
 Reference value :  2.29188e-07
 Reference value :  2.30308e-07
 Reference value :  2.32019e-07
 Reference value :  2.33348e-07
 Reference value :  2.34428e-07
 Reference value :  2.36026e-07
 Reference value :  2.37068e-07
 Reference value :  2.38148e-07
 Reference value :  2.39748e-07
 Reference value :  2.40748e-07
 Reference value :  2.42040e-07
 Reference value :  2.43628e-07
 Reference value :  2.44668e-07
 Reference value :  2.45974e-07
 Reference value :  2.47148e-07
 Reference value :  2.48346e-07
 Reference value :  2.49786e-07
 Reference value :  2.50868e-07
 Reference value :  2.52066e-07
 Reference value :  2.53106e-07
 Reference value :  2.54228e-07
 Reference value :  2.55828e-07
 Reference value :  2.56748e-07
 Reference value :  2.58026e-07
 Reference value :  2.59428e-07
 Reference value :  2.60468e-07
 Reference value :  2.61548e-07
 Reference value :  2.62748e-07
 Reference value :  2.64039e-07
 Reference value :  2.65386e-07
 Reference value :  2.66388e-07
 Reference value :  2.68000e-07
 Reference value :  2.68868e-07
 Reference value :  2.70013e-07
 Reference value :  2.71468e-07
 Reference value :  2.72508e-07
 Reference value :  2.74000e-07
 Reference value :  2.75148e-07
 Reference value :  2.76346e-07
 Reference value :  2.77626e-07
 Reference value :  2.78788e-07
 Reference value :  2.80026e-07
 Reference value :  2.81268e-07
 Reference value :  2.82348e-07
 Reference value :  2.83948e-07
 Reference value :  2.84828e-07
 Reference value :  2.86015e-07
 Reference value :  2.87428e-07
 Reference value :  2.88546e-07
 Reference value :  2.90004e-07
 Reference value :  2.91188e-07
 Reference value :  2.92308e-07
 Reference value :  2.93428e-07
 Reference value :  2.94588e-07
 Reference value :  2.96108e-07
 Reference value :  2.97508e-07
 Reference value :  2.98588e-07
 Reference value :  3.00013e-07
 Reference value :  3.00946e-07
 Reference value :  3.02068e-07
 Reference value :  3.03628e-07
 Reference value :  3.04668e-07
 Reference value :  3.06013e-07
 Reference value :  3.07228e-07
 Reference value :  3.08348e-07
 Reference value :  3.09508e-07
 Reference value :  3.10548e-07
 Reference value :  3.12008e-07
 Reference value :  3.13106e-07
 Reference value :  3.14268e-07
 Reference value :  3.15788e-07
 Reference value :  3.16708e-07
 Reference value :  3.18008e-07
 Reference value :  3.19268e-07
 Reference value :  3.20388e-07
 Reference value :  3.21828e-07
 Reference value :  3.22828e-07
 Reference value :  3.24018e-07
 Reference value :  3.25026e-07
 Reference value :  3.26026e-07
 Reference value :  3.27428e-07
 Reference value :  3.28468e-07
 Reference value :  3.30008e-07
 Reference value :  3.31428e-07
 Reference value :  3.32548e-07
 Reference value :  3.33868e-07
 Reference value :  3.34948e-07
 Reference value :  3.36186e-07
 Reference value :  3.37586e-07
 Reference value :  3.38628e-07
 Reference value :  3.40008e-07
 Reference value :  3.41028e-07
 Reference value :  3.42188e-07
 Reference value :  3.43788e-07
 Reference value :  3.44828e-07
 Reference value :  3.46108e-07
 Reference value :  3.47588e-07
 Reference value :  3.48586e-07
 Reference value :  3.49946e-07
 Reference value :  3.51148e-07
 Reference value :  3.52228e-07
 Reference value :  3.53628e-07
 Reference value :  3.54748e-07
 Reference value :  3.56040e-07
 Reference value :  3.57148e-07
 Reference value :  3.58188e-07
 Reference value :  3.59788e-07
 Reference value :  3.60668e-07
 Reference value :  3.62148e-07
 Reference value :  3.63668e-07
 Reference value :  3.64668e-07
 Reference value :  3.65974e-07
 Reference value :  3.67108e-07
 Reference value :  3.68268e-07
 Reference value :  3.69708e-07
 Reference value :  3.70788e-07
 Reference value :  3.72040e-07
 Reference value :  3.73268e-07
 Reference value :  3.74468e-07
 Reference value :  3.76004e-07
 Reference value :  3.77028e-07
 Reference value :  3.78228e-07
 Reference value :  3.79828e-07
 Reference value :  3.80788e-07
 Reference value :  3.82015e-07
 Reference value :  3.83388e-07
 Reference value :  3.84468e-07
 Reference value :  3.85948e-07
 Reference value :  3.86988e-07
 Reference value :  3.88148e-07
 Reference value :  3.89188e-07
 Reference value :  3.90188e-07
 Reference value :  3.91748e-07
 Reference value :  3.92708e-07
 Reference value :  3.94026e-07
 Reference value :  3.95508e-07
 Reference value :  3.96508e-07
 Reference value :  3.97668e-07
 Reference value :  3.98828e-07
 Reference value :  4.00039e-07
 Reference value :  4.01306e-07
 Reference value :  4.02428e-07
 Reference value :  4.04001e-07
 Reference value :  4.05028e-07
 Reference value :  4.06308e-07
 Reference value :  4.07908e-07
 Reference value :  4.08908e-07
 Reference value :  4.10148e-07
 Reference value :  4.11708e-07
 Reference value :  4.12626e-07
 Reference value :  4.13946e-07
 Reference value :  4.15068e-07
 Reference value :  4.16268e-07
 Reference value :  4.17708e-07
 Reference value :  4.18828e-07
 Reference value :  4.20108e-07
 Reference value :  4.21188e-07
 Reference value :  4.22228e-07
 Reference value :  4.23788e-07
 Reference value :  4.24786e-07
 Reference value :  4.26068e-07
 Reference value :  4.27548e-07
 Reference value :  4.28588e-07
 Reference value :  4.29908e-07
 Reference value :  4.31028e-07
 Reference value :  4.32228e-07
 Reference value :  4.33668e-07
 Reference value :  4.34748e-07
 Reference value :  4.36039e-07
 Reference value :  4.37146e-07
 Reference value :  4.38268e-07
 Reference value :  4.39908e-07
 Reference value :  4.40908e-07
 Reference value :  4.42148e-07
 Reference value :  4.43628e-07
 Reference value :  4.44628e-07
 Reference value :  4.46040e-07
 Reference value :  4.47508e-07
 Reference value :  4.48546e-07
 Reference value :  4.50000e-07
 Reference value :  4.51108e-07
 Reference value :  4.52228e-07
 Reference value :  4.53348e-07
 Reference value :  4.54468e-07
 Reference value :  4.56001e-07
 Reference value :  4.56988e-07
 Reference value :  4.58148e-07
 Reference value :  4.59628e-07
 Reference value :  4.60586e-07
 Reference value :  4.61946e-07
 Reference value :  4.63068e-07
 Reference value :  4.64228e-07
 Reference value :  4.65588e-07
 Reference value :  4.66628e-07
 Reference value :  4.68012e-07
 Reference value :  4.69028e-07
 Reference value :  4.70108e-07
 Reference value :  4.71588e-07
 Reference value :  4.72586e-07
 Reference value :  4.74001e-07
 Reference value :  4.75188e-07
 Reference value :  4.76348e-07
 Reference value :  4.77708e-07
 Reference value :  4.78868e-07
 Reference value :  4.80188e-07
 Reference value :  4.81828e-07
 Reference value :  4.83108e-07
 Reference value :  4.84308e-07
 Reference value :  4.85508e-07
 Reference value :  4.86628e-07
 Reference value :  4.88148e-07
 Reference value :  4.89508e-07
 Reference value :  4.90628e-07
 Reference value :  4.92008e-07
 Reference value :  4.92948e-07
 Reference value :  4.94026e-07
 Reference value :  4.95508e-07
 Reference value :  4.96586e-07
 Reference value :  4.98008e-07
 Reference value :  4.99228e-07
 Reference value :  5.00386e-07
 Reference value :  5.01626e-07
 Reference value :  5.02828e-07
 Reference value :  5.04068e-07
 Reference value :  5.05348e-07
 Reference value :  5.06428e-07
 Reference value :  5.08000e-07
 Reference value :  5.08908e-07
 Reference value :  5.10015e-07
 Reference value :  5.11308e-07
 Reference value :  5.12348e-07
 Reference value :  5.13788e-07
 Reference value :  5.15108e-07
 Reference value :  5.16388e-07
 Reference value :  5.17788e-07
 Reference value :  5.19068e-07
 Reference value :  5.20428e-07
 Reference value :  5.21868e-07
 Reference value :  5.22988e-07
 Reference value :  5.24188e-07
 Reference value :  5.25268e-07
 Reference value :  5.26268e-07
 Reference value :  5.27788e-07
 Reference value :  5.28786e-07
 Reference value :  5.30068e-07
 Reference value :  5.31508e-07
 Reference value :  5.32548e-07
 Reference value :  5.34000e-07
 Reference value :  5.35068e-07
 Reference value :  5.36188e-07
 Reference value :  5.37428e-07
 Reference value :  5.38508e-07
 Reference value :  5.40000e-07
 Reference value :  5.40788e-07
 Reference value :  5.42004e-07
 Reference value :  5.43228e-07
 Reference value :  5.44348e-07
 Reference value :  5.45748e-07
 Reference value :  5.46788e-07
 Reference value :  5.48026e-07
 Reference value :  5.49108e-07
 Reference value :  5.50148e-07
 Reference value :  5.51908e-07
 Reference value :  5.52906e-07
 Reference value :  5.54148e-07
 Reference value :  5.55708e-07
 Reference value :  5.56668e-07
 Reference value :  5.57948e-07
 Reference value :  5.58988e-07
 Reference value :  5.60068e-07
 Reference value :  5.61348e-07
 Reference value :  5.62468e-07
 Reference value :  5.64004e-07
 Reference value :  5.64988e-07
 Reference value :  5.66108e-07
 Reference value :  5.67668e-07
 Reference value :  5.68668e-07
 Reference value :  5.70015e-07
 Reference value :  5.71348e-07
 Reference value :  5.72468e-07
 Reference value :  5.73828e-07
 Reference value :  5.74988e-07
 Reference value :  5.76186e-07
 Reference value :  5.77586e-07
 Reference value :  5.78708e-07
 Reference value :  5.80040e-07
 Reference value :  5.81148e-07
 Reference value :  5.82188e-07
 Reference value :  5.83748e-07
 Reference value :  5.84668e-07
 Reference value :  5.86013e-07
 Reference value :  5.87588e-07
 Reference value :  5.88628e-07
 Reference value :  5.89974e-07
 Reference value :  5.91308e-07
 Reference value :  5.92548e-07
 Reference value :  5.94004e-07
 Reference value :  5.95228e-07
 Reference value :  5.96388e-07
 Reference value :  5.97668e-07
 Reference value :  5.98788e-07
 Reference value :  6.00039e-07
 Reference value :  6.01226e-07
 Reference value :  6.02228e-07
 Reference value :  6.03828e-07
 Reference value :  6.04788e-07
 Reference value :  6.06013e-07
 Reference value :  6.07388e-07
 Reference value :  6.08428e-07
 Reference value :  6.09868e-07
 Reference value :  6.10908e-07
 Reference value :  6.12108e-07
 Reference value :  6.13268e-07
 Reference value :  6.14388e-07
 Reference value :  6.15948e-07
 Reference value :  6.16908e-07
 Reference value :  6.18268e-07
 Reference value :  6.19788e-07
 Reference value :  6.20748e-07
 Reference value :  6.22004e-07
 Reference value :  6.23228e-07
 Reference value :  6.24386e-07
 Reference value :  6.25826e-07
 Reference value :  6.26948e-07
 Reference value :  6.28188e-07
 Reference value :  6.29428e-07
 Reference value :  6.30628e-07
 Reference value :  6.32019e-07
 Reference value :  6.33308e-07
 Reference value :  6.34428e-07
 Reference value :  6.35948e-07
 Reference value :  6.36868e-07
 Reference value :  6.38026e-07
 Reference value :  6.39508e-07
 Reference value :  6.40548e-07
 Reference value :  6.42004e-07
 Reference value :  6.43188e-07
 Reference value :  6.44348e-07
 Reference value :  6.45468e-07
 Reference value :  6.46628e-07
 Reference value :  6.48018e-07
 Reference value :  6.49346e-07
 Reference value :  6.50428e-07
 Reference value :  6.51974e-07
 Reference value :  6.52868e-07
 Reference value :  6.54019e-07
 Reference value :  6.55508e-07
 Reference value :  6.56588e-07
 Reference value :  6.58013e-07
 Reference value :  6.59308e-07
 Reference value :  6.60588e-07
 Reference value :  6.61868e-07
 Reference value :  6.62948e-07
 Reference value :  6.64148e-07
 Reference value :  6.65548e-07
 Reference value :  6.66708e-07
 Reference value :  6.68026e-07
 Reference value :  6.69148e-07
 Reference value :  6.70308e-07
 Reference value :  6.71908e-07
 Reference value :  6.72866e-07
 Reference value :  6.74040e-07
 Reference value :  6.75388e-07
 Reference value :  6.76428e-07
 Reference value :  6.77508e-07
 Reference value :  6.78628e-07
 Reference value :  6.80013e-07
 Reference value :  6.81228e-07
 Reference value :  6.82348e-07
 Reference value :  6.83948e-07
 Reference value :  6.84868e-07
 Reference value :  6.86019e-07
 Reference value :  6.87388e-07
 Reference value :  6.88428e-07
 Reference value :  6.89908e-07
 Reference value :  6.90988e-07
 Reference value :  6.92428e-07
 Reference value :  6.94000e-07
 Reference value :  6.95228e-07
 Reference value :  6.96426e-07
 Reference value :  6.97866e-07
 Reference value :  6.98948e-07
 Reference value :  7.00148e-07
 Reference value :  7.01308e-07
 Reference value :  7.02468e-07
 Reference value :  7.04004e-07
 Reference value :  7.05068e-07
 Reference value :  7.06228e-07
 Reference value :  7.07668e-07
 Reference value :  7.08588e-07
 Reference value :  7.09788e-07
 Reference value :  7.10788e-07
 Reference value :  7.12040e-07
 Reference value :  7.13348e-07
 Reference value :  7.14468e-07
 Reference value :  7.16001e-07
 Reference value :  7.16908e-07
 Reference value :  7.18068e-07
 Reference value :  7.19588e-07
 Reference value :  7.20628e-07
 Reference value :  7.22008e-07
 Reference value :  7.23428e-07
 Reference value :  7.24548e-07
 Reference value :  7.25788e-07
 Reference value :  7.26868e-07
 Reference value :  7.28108e-07
 Reference value :  7.29468e-07
 Reference value :  7.30588e-07
 Reference value :  7.32013e-07
 Reference value :  7.33028e-07
 Reference value :  7.34188e-07
 Reference value :  7.35788e-07
 Reference value :  7.36708e-07
 Reference value :  7.38013e-07
 Reference value :  7.39188e-07
 Reference value :  7.40268e-07
 Reference value :  7.41268e-07
 Reference value :  7.42268e-07
 Reference value :  7.43908e-07
 Reference value :  7.44828e-07
 Reference value :  7.46068e-07
 Reference value :  7.47548e-07
 Reference value :  7.48548e-07
 Reference value :  7.49908e-07
 Reference value :  7.50948e-07
 Reference value :  7.52108e-07
 Reference value :  7.53468e-07
 Reference value :  7.54708e-07
 Reference value :  7.56068e-07
 Reference value :  7.57188e-07
 Reference value :  7.58188e-07
 Reference value :  7.59708e-07
 Reference value :  7.60628e-07
 Reference value :  7.62013e-07
 Reference value :  7.63308e-07
 Reference value :  7.64428e-07
 Reference value :  7.65788e-07
 Reference value :  7.67308e-07
 Reference value :  7.68708e-07
 Reference value :  7.70308e-07
 Reference value :  7.72026e-07
 Reference value :  7.73388e-07
 Reference value :  7.74828e-07
 Reference value :  7.76348e-07
 Reference value :  7.78013e-07
 Reference value :  7.79748e-07
 Reference value :  7.80988e-07
 Reference value :  7.82388e-07
 Reference value :  7.84068e-07
 Reference value :  7.85868e-07
 Reference value :  7.87428e-07
 Reference value :  7.88788e-07
 Reference value :  7.90228e-07
 Reference value :  7.92019e-07
 Reference value :  7.93708e-07
 Reference value :  7.95268e-07
 Reference value :  7.96706e-07
 Reference value :  7.98148e-07
 Reference value :  8.00008e-07
 Reference value :  8.01548e-07
 Reference value :  8.03068e-07
 Reference value :  8.04548e-07
 Reference value :  8.06013e-07
 Reference value :  8.07748e-07
 Reference value :  8.09148e-07
 Reference value :  8.10668e-07
 Reference value :  8.12268e-07
 Reference value :  8.13828e-07
 Reference value :  8.15388e-07
 Reference value :  8.16788e-07
 Reference value :  8.18348e-07
 Reference value :  8.20066e-07
 Reference value :  8.21626e-07
 Reference value :  8.23188e-07
 Reference value :  8.24668e-07
 Reference value :  8.26268e-07
 Reference value :  8.28019e-07
 Reference value :  8.29508e-07
 Reference value :  8.31068e-07
 Reference value :  8.32588e-07
 Reference value :  8.34188e-07
 Reference value :  8.36008e-07
 Reference value :  8.37268e-07
 Reference value :  8.38788e-07
 Reference value :  8.40348e-07
 Reference value :  8.42013e-07
 Reference value :  8.43748e-07
 Reference value :  8.44986e-07
 Reference value :  8.46508e-07
 Reference value :  8.48148e-07
 Reference value :  8.49948e-07
 Reference value :  8.51468e-07
 Reference value :  8.52868e-07
 Reference value :  8.54268e-07
 Reference value :  8.56026e-07
 Reference value :  8.57788e-07
 Reference value :  8.59308e-07
 Reference value :  8.60708e-07
 Reference value :  8.62148e-07
 Reference value :  8.64008e-07
 Reference value :  8.65548e-07
 Reference value :  8.67108e-07
 Reference value :  8.68546e-07
 Reference value :  8.70013e-07
 Reference value :  8.71748e-07
 Reference value :  8.73148e-07
 Reference value :  8.74628e-07
 Reference value :  8.76188e-07
 Reference value :  8.77748e-07
 Reference value :  8.79228e-07
 Reference value :  8.80708e-07
 Reference value :  8.82268e-07
 Reference value :  8.84013e-07
 Reference value :  8.85388e-07
 Reference value :  8.87028e-07
 Reference value :  8.88508e-07
 Reference value :  8.90108e-07
 Reference value :  8.92000e-07
 Reference value :  8.93186e-07
 Reference value :  8.94708e-07
 Reference value :  8.96308e-07
 Reference value :  8.98013e-07
 Reference value :  8.99708e-07
 Reference value :  9.00988e-07
 Reference value :  9.02228e-07
 Reference value :  9.04013e-07
 Reference value :  9.05628e-07
 Reference value :  9.07148e-07
 Reference value :  9.08588e-07
 Reference value :  9.10015e-07
 Reference value :  9.11828e-07
 Reference value :  9.13188e-07
 Reference value :  9.14668e-07
 Reference value :  9.16306e-07
 Reference value :  9.17906e-07
 Reference value :  9.19468e-07
 Reference value :  9.20868e-07
 Reference value :  9.22388e-07
 Reference value :  9.24040e-07
 Reference value :  9.25508e-07
 Reference value :  9.27028e-07
 Reference value :  9.28508e-07
 Reference value :  9.30040e-07
 Reference value :  9.31828e-07
 Reference value :  9.33108e-07
 Reference value :  9.34468e-07
 Reference value :  9.36068e-07
 Reference value :  9.37788e-07
 Reference value :  9.39348e-07
 Reference value :  9.40746e-07
 Reference value :  9.42148e-07
 Reference value :  9.44004e-07
 Reference value :  9.45468e-07
 Reference value :  9.46988e-07
 Reference value :  9.48468e-07
 Reference value :  9.50008e-07
 Reference value :  9.51708e-07
 Reference value :  9.53148e-07
 Reference value :  9.54668e-07
 Reference value :  9.56268e-07
 Reference value :  9.57868e-07
 Reference value :  9.59428e-07
 Reference value :  9.60748e-07
 Reference value :  9.62268e-07
 Reference value :  9.64015e-07
 Reference value :  9.65308e-07
 Reference value :  9.66788e-07
 Reference value :  9.68348e-07
 Reference value :  9.70013e-07
 Reference value :  9.71748e-07
 Reference value :  9.72988e-07
 Reference value :  9.74508e-07
 Reference value :  9.76108e-07
 Reference value :  9.77868e-07
 Reference value :  9.79348e-07
 Reference value :  9.80748e-07
 Reference value :  9.82148e-07
 Reference value :  9.84008e-07
 Reference value :  9.85548e-07
 Reference value :  9.87068e-07
 Reference value :  9.88548e-07
 Reference value :  9.90040e-07
 Reference value :  9.91908e-07
 Reference value :  9.93268e-07
 Reference value :  9.94828e-07
 Reference value :  9.96388e-07
 Reference value :  9.97948e-07
 Reference value :  9.99508e-07
 Reference value :  1.00083e-06
 Reference value :  1.00235e-06
 Reference value :  1.00404e-06
 Reference value :  1.00551e-06
 Reference value :  1.00703e-06
 Reference value :  1.00851e-06
 Reference value :  1.01007e-06
 Reference value :  1.01191e-06
 Reference value :  1.01315e-06
 Reference value :  1.01471e-06
 Reference value :  1.01627e-06
 Reference value :  1.01800e-06
 Reference value :  1.01955e-06
 Reference value :  1.02087e-06
 Reference value :  1.02223e-06
 Reference value :  1.02402e-06
 Reference value :  1.02563e-06
 Reference value :  1.02711e-06
 Reference value :  1.02859e-06
 Reference value :  1.03001e-06
 Reference value :  1.03175e-06
 Reference value :  1.03315e-06
 Reference value :  1.03463e-06
 Reference value :  1.03619e-06
 Reference value :  1.03767e-06
 Reference value :  1.03919e-06
 Reference value :  1.04067e-06
 Reference value :  1.04227e-06
 Reference value :  1.04401e-06
 Reference value :  1.04535e-06
 Reference value :  1.04687e-06
 Reference value :  1.04839e-06
 Reference value :  1.05002e-06
 Reference value :  1.05183e-06
 Reference value :  1.05299e-06
 Reference value :  1.05447e-06
 Reference value :  1.05611e-06
 Reference value :  1.05795e-06
 Reference value :  1.05947e-06
 Reference value :  1.06083e-06
 Reference value :  1.06211e-06
 Reference value :  1.06400e-06
 Reference value :  1.06547e-06
 Reference value :  1.06699e-06
 Reference value :  1.06851e-06
 Reference value :  1.07001e-06
 Reference value :  1.07179e-06
 Reference value :  1.07315e-06
 Reference value :  1.07463e-06
 Reference value :  1.07623e-06
 Reference value :  1.07783e-06
 Reference value :  1.07939e-06
 Reference value :  1.08075e-06
 Reference value :  1.08235e-06
 Reference value :  1.08404e-06
 Reference value :  1.08555e-06
 Reference value :  1.08707e-06
 Reference value :  1.08855e-06
 Reference value :  1.09011e-06
 Reference value :  1.09200e-06
 Reference value :  1.09319e-06
 Reference value :  1.09479e-06
 Reference value :  1.09639e-06
 Reference value :  1.09801e-06
 Reference value :  1.09975e-06
 Reference value :  1.10095e-06
 Reference value :  1.10239e-06
 Reference value :  1.10407e-06
 Reference value :  1.10587e-06
 Reference value :  1.10739e-06
 Reference value :  1.10875e-06
 Reference value :  1.11015e-06
 Reference value :  1.11201e-06
 Reference value :  1.11355e-06
 Reference value :  1.11511e-06
 Reference value :  1.11655e-06
 Reference value :  1.11802e-06
 Reference value :  1.11979e-06
 Reference value :  1.12123e-06
 Reference value :  1.12279e-06
 Reference value :  1.12439e-06
 Reference value :  1.12597e-06
 Reference value :  1.12751e-06
 Reference value :  1.12887e-06
 Reference value :  1.13039e-06
 Reference value :  1.13207e-06
 Reference value :  1.13359e-06
 Reference value :  1.13515e-06
 Reference value :  1.13659e-06
 Reference value :  1.13815e-06
 Reference value :  1.14000e-06
 Reference value :  1.14123e-06
 Reference value :  1.14275e-06
 Reference value :  1.14431e-06
 Reference value :  1.14601e-06
 Reference value :  1.14767e-06
 Reference value :  1.14891e-06
 Reference value :  1.15039e-06
 Reference value :  1.15207e-06
 Reference value :  1.15383e-06
 Reference value :  1.15531e-06
 Reference value :  1.15671e-06
 Reference value :  1.15802e-06
 Reference value :  1.15979e-06
 Reference value :  1.16139e-06
 Reference value :  1.16291e-06
 Reference value :  1.16443e-06
 Reference value :  1.16600e-06
 Reference value :  1.16767e-06
 Reference value :  1.16903e-06
 Reference value :  1.17055e-06
 Reference value :  1.17219e-06
 Reference value :  1.17375e-06
 Reference value :  1.17527e-06
 Reference value :  1.17663e-06
 Reference value :  1.17819e-06
 Reference value :  1.18000e-06
 Reference value :  1.18127e-06
 Reference value :  1.18279e-06
 Reference value :  1.18431e-06
 Reference value :  1.18600e-06
 Reference value :  1.18763e-06
 Reference value :  1.18891e-06
 Reference value :  1.19019e-06
 Reference value :  1.19201e-06
 Reference value :  1.19355e-06
 Reference value :  1.19507e-06
 Reference value :  1.19651e-06
 Reference value :  1.19801e-06
 Reference value :  1.19967e-06
 Reference value :  1.20095e-06
 Reference value :  1.20247e-06
 Reference value :  1.20411e-06
 Reference value :  1.20563e-06
 Reference value :  1.20711e-06
 Reference value :  1.20855e-06
 Reference value :  1.21015e-06
 Reference value :  1.21200e-06
 Reference value :  1.21331e-06
 Reference value :  1.21483e-06
 Reference value :  1.21639e-06
 Reference value :  1.21802e-06
 Reference value :  1.21979e-06
 Reference value :  1.22103e-06
 Reference value :  1.22235e-06
 Reference value :  1.22402e-06
 Reference value :  1.22563e-06
 Reference value :  1.22715e-06
 Reference value :  1.22859e-06
 Reference value :  1.23003e-06
 Reference value :  1.23183e-06
 Reference value :  1.23307e-06
 Reference value :  1.23451e-06
 Reference value :  1.23611e-06
 Reference value :  1.23763e-06
 Reference value :  1.23919e-06
 Reference value :  1.24063e-06
 Reference value :  1.24223e-06
 Reference value :  1.24401e-06
 Reference value :  1.24527e-06
 Reference value :  1.24687e-06
 Reference value :  1.24839e-06
 Reference value :  1.25002e-06
 Reference value :  1.25183e-06
 Reference value :  1.25303e-06
 Reference value :  1.25439e-06
 Reference value :  1.25607e-06
 Reference value :  1.25783e-06
 Reference value :  1.25935e-06
 Reference value :  1.26075e-06
 Reference value :  1.26215e-06
 Reference value :  1.26402e-06
 Reference value :  1.26575e-06
 Reference value :  1.26727e-06
 Reference value :  1.26867e-06
 Reference value :  1.27004e-06
 Reference value :  1.27197e-06
 Reference value :  1.27331e-06
 Reference value :  1.27479e-06
 Reference value :  1.27635e-06
 Reference value :  1.27791e-06
 Reference value :  1.27943e-06
 Reference value :  1.28083e-06
 Reference value :  1.28231e-06
 Reference value :  1.28402e-06
 Reference value :  1.28539e-06
 Reference value :  1.28683e-06
 Reference value :  1.28839e-06
 Reference value :  1.29003e-06
 Reference value :  1.29197e-06
 Reference value :  1.29327e-06
 Reference value :  1.29471e-06
 Reference value :  1.29623e-06
 Reference value :  1.29800e-06
 Reference value :  1.29963e-06
 Reference value :  1.30091e-06
 Reference value :  1.30227e-06
 Reference value :  1.30402e-06
 Reference value :  1.30567e-06
 Reference value :  1.30731e-06
 Reference value :  1.30871e-06
 Reference value :  1.31015e-06
 Reference value :  1.31200e-06
 Reference value :  1.31347e-06
 Reference value :  1.31491e-06
 Reference value :  1.31639e-06
 Reference value :  1.31795e-06
 Reference value :  1.31947e-06
 Reference value :  1.32083e-06
 Reference value :  1.32239e-06
 Reference value :  1.32407e-06
 Reference value :  1.32555e-06
 Reference value :  1.32707e-06
 Reference value :  1.32855e-06
 Reference value :  1.33011e-06
 Reference value :  1.33200e-06
 Reference value :  1.33323e-06
 Reference value :  1.33479e-06
 Reference value :  1.33635e-06
 Reference value :  1.33801e-06
 Reference value :  1.33979e-06
 Reference value :  1.34099e-06
 Reference value :  1.34243e-06
 Reference value :  1.34407e-06
 Reference value :  1.34583e-06
 Reference value :  1.34739e-06
 Reference value :  1.34879e-06
 Reference value :  1.35007e-06
 Reference value :  1.35197e-06
 Reference value :  1.35343e-06
 Reference value :  1.35499e-06
 Reference value :  1.35647e-06
 Reference value :  1.35800e-06
 Reference value :  1.35971e-06
 Reference value :  1.36115e-06
 Reference value :  1.36271e-06
 Reference value :  1.36431e-06
 Reference value :  1.36600e-06
 Reference value :  1.36751e-06
 Reference value :  1.36891e-06
 Reference value :  1.37043e-06
 Reference value :  1.37207e-06
 Reference value :  1.37359e-06
 Reference value :  1.37511e-06
 Reference value :  1.37655e-06
 Reference value :  1.37811e-06
 Reference value :  1.38000e-06
 Reference value :  1.38123e-06
 Reference value :  1.38267e-06
 Reference value :  1.38427e-06
 Reference value :  1.38600e-06
 Reference value :  1.38767e-06
 Reference value :  1.38899e-06
 Reference value :  1.39047e-06
 Reference value :  1.39215e-06
 Reference value :  1.39400e-06
 Reference value :  1.39571e-06
 Reference value :  1.39707e-06
 Reference value :  1.39843e-06
 Reference value :  1.40007e-06
 Reference value :  1.40187e-06
 Reference value :  1.40347e-06
 Reference value :  1.40487e-06
 Reference value :  1.40627e-06
 Reference value :  1.40802e-06
 Reference value :  1.40963e-06
 Reference value :  1.41115e-06
 Reference value :  1.41263e-06
 Reference value :  1.41401e-06
 Reference value :  1.41571e-06
 Reference value :  1.41711e-06
 Reference value :  1.41867e-06
 Reference value :  1.42027e-06
 Reference value :  1.42183e-06
 Reference value :  1.42335e-06
 Reference value :  1.42467e-06
 Reference value :  1.42623e-06
 Reference value :  1.42801e-06
 Reference value :  1.42935e-06
 Reference value :  1.43091e-06
 Reference value :  1.43251e-06
 Reference value :  1.43419e-06
 Reference value :  1.43601e-06
 Reference value :  1.43735e-06
 Reference value :  1.43887e-06
 Reference value :  1.44039e-06
 Reference value :  1.44202e-06
 Reference value :  1.44371e-06
 Reference value :  1.44499e-06
 Reference value :  1.44631e-06
 Reference value :  1.44802e-06
 Reference value :  1.44967e-06
 Reference value :  1.45111e-06
 Reference value :  1.45251e-06
 Reference value :  1.45402e-06
 Reference value :  1.45587e-06
 Reference value :  1.45727e-06
 Reference value :  1.45879e-06
 Reference value :  1.46027e-06
 Reference value :  1.46187e-06
 Reference value :  1.46343e-06
 Reference value :  1.46483e-06
 Reference value :  1.46635e-06
 Reference value :  1.46803e-06
 Reference value :  1.46947e-06
 Reference value :  1.47103e-06
 Reference value :  1.47251e-06
 Reference value :  1.47407e-06
 Reference value :  1.47595e-06
 Reference value :  1.47715e-06
 Reference value :  1.47859e-06
 Reference value :  1.48019e-06
 Reference value :  1.48200e-06
 Reference value :  1.48367e-06
 Reference value :  1.48495e-06
 Reference value :  1.48647e-06
 Reference value :  1.48811e-06
 Reference value :  1.48995e-06
 Reference value :  1.49143e-06
 Reference value :  1.49279e-06
 Reference value :  1.49415e-06
 Reference value :  1.49600e-06
 Reference value :  1.49747e-06
 Reference value :  1.49891e-06
 Reference value :  1.50023e-06
 Reference value :  1.50171e-06
 Reference value :  1.50323e-06
 Reference value :  1.50463e-06
 Reference value :  1.50619e-06
 Reference value :  1.50800e-06
 Reference value :  1.50931e-06
 Reference value :  1.51083e-06
 Reference value :  1.51235e-06
 Reference value :  1.51401e-06
 Reference value :  1.51575e-06
 Reference value :  1.51699e-06
 Reference value :  1.51843e-06
 Reference value :  1.52011e-06
 Reference value :  1.52187e-06
 Reference value :  1.52339e-06
 Reference value :  1.52479e-06
 Reference value :  1.52627e-06
 Reference value :  1.52802e-06
 Reference value :  1.52947e-06
 Reference value :  1.53095e-06
 Reference value :  1.53243e-06
 Reference value :  1.53400e-06
 Reference value :  1.53579e-06
 Reference value :  1.53719e-06
 Reference value :  1.53887e-06
 Reference value :  1.54047e-06
 Reference value :  1.54200e-06
 Reference value :  1.54359e-06
 Reference value :  1.54503e-06
 Reference value :  1.54663e-06
 Reference value :  1.54815e-06
 Reference value :  1.54919e-06
 Reference value :  1.55027e-06
 Reference value :  1.55183e-06
 Reference value :  1.55279e-06
 Reference value :  1.55407e-06
 Reference value :  1.55551e-06
 Reference value :  1.55691e-06
 Reference value :  1.55807e-06
 Reference value :  1.55963e-06
 Reference value :  1.56063e-06
 Reference value :  1.56201e-06
 Reference value :  1.56327e-06
 Reference value :  1.56443e-06
 Reference value :  1.56575e-06
 Reference value :  1.56695e-06
 Reference value :  1.56811e-06
 Reference value :  1.56947e-06
 Reference value :  1.57067e-06
 Reference value :  1.57203e-06
 Reference value :  1.57315e-06
 Reference value :  1.57419e-06
 Reference value :  1.57571e-06
 Reference value :  1.57675e-06
 Reference value :  1.57804e-06
 Reference value :  1.57955e-06
 Reference value :  1.58059e-06
 Reference value :  1.58195e-06
 Reference value :  1.58307e-06
 Reference value :  1.58423e-06
 Reference value :  1.58567e-06
 Reference value :  1.58679e-06
 Reference value :  1.58804e-06
 Reference value :  1.58919e-06
 Reference value :  1.59023e-06
 Reference value :  1.59183e-06
 Reference value :  1.59283e-06
 Reference value :  1.59411e-06
 Reference value :  1.59563e-06
 Reference value :  1.59663e-06
 Reference value :  1.59800e-06
 Reference value :  1.59911e-06
 Reference value :  1.60027e-06
 Reference value :  1.60163e-06
 Reference value :  1.60275e-06
 Reference value :  1.60404e-06
 Reference value :  1.60531e-06
 Reference value :  1.60639e-06
 Reference value :  1.60797e-06
 Reference value :  1.60899e-06
 Reference value :  1.61019e-06
 Reference value :  1.61175e-06
 Reference value :  1.61295e-06
 Reference value :  1.61411e-06
 Reference value :  1.61571e-06
 Reference value :  1.61675e-06
 Reference value :  1.61804e-06
 Reference value :  1.61955e-06
 Reference value :  1.62055e-06
 Reference value :  1.62183e-06
 Reference value :  1.62299e-06
 Reference value :  1.62423e-06
 Reference value :  1.62563e-06
 Reference value :  1.62679e-06
 Reference value :  1.62807e-06
 Reference value :  1.62903e-06
 Reference value :  1.63019e-06
 Reference value :  1.63179e-06
 Reference value :  1.63287e-06
 Reference value :  1.63431e-06
 Reference value :  1.63595e-06
 Reference value :  1.63695e-06
 Reference value :  1.63811e-06
 Reference value :  1.63967e-06
 Reference value :  1.64079e-06
 Reference value :  1.64231e-06
 Reference value :  1.64400e-06
 Reference value :  1.64507e-06
 Reference value :  1.64631e-06
 Reference value :  1.64800e-06
 Reference value :  1.64927e-06
 Reference value :  1.65055e-06
 Reference value :  1.65202e-06
 Reference value :  1.65323e-06
 Reference value :  1.65443e-06
 Reference value :  1.65607e-06
 Reference value :  1.65751e-06
 Reference value :  1.65899e-06
 Reference value :  1.66035e-06
 Reference value :  1.66179e-06
 Reference value :  1.66299e-06
 Reference value :  1.66423e-06
 Reference value :  1.66579e-06
 Reference value :  1.66691e-06
 Reference value :  1.66831e-06
 Reference value :  1.66955e-06
 Reference value :  1.67099e-06
 Reference value :  1.67243e-06
 Reference value :  1.67401e-06
 Reference value :  1.67551e-06
 Reference value :  1.67671e-06
 Reference value :  1.67801e-06
 Reference value :  1.67963e-06
 Reference value :  1.68083e-06
 Reference value :  1.68231e-06
 Reference value :  1.68395e-06
 Reference value :  1.68499e-06
 Reference value :  1.68615e-06
 Reference value :  1.68771e-06
 Reference value :  1.68879e-06
 Reference value :  1.69011e-06
 Reference value :  1.69202e-06
 Reference value :  1.69367e-06
 Reference value :  1.69483e-06
 Reference value :  1.69607e-06
 Reference value :  1.69767e-06
 Reference value :  1.69891e-06
 Reference value :  1.70011e-06
 Reference value :  1.70119e-06
 Reference value :  1.70223e-06
 Reference value :  1.70383e-06
 Reference value :  1.70479e-06
 Reference value :  1.70607e-06
 Reference value :  1.70755e-06
 Reference value :  1.70859e-06
 Reference value :  1.70991e-06
 Reference value :  1.71111e-06
 Reference value :  1.71231e-06
 Reference value :  1.71379e-06
 Reference value :  1.71495e-06
 Reference value :  1.71619e-06
 Reference value :  1.71739e-06
 Reference value :  1.71851e-06
 Reference value :  1.72000e-06
 Reference value :  1.72115e-06
 Reference value :  1.72243e-06
 Reference value :  1.72401e-06
 Reference value :  1.72495e-06
 Reference value :  1.72611e-06
 Reference value :  1.72795e-06
 Reference value :  1.72891e-06
 Reference value :  1.73011e-06
 Reference value :  1.73187e-06
 Reference value :  1.73287e-06
 Reference value :  1.73401e-06
 Reference value :  1.73535e-06
 Reference value :  1.73647e-06
 Reference value :  1.73797e-06
 Reference value :  1.73911e-06
 Reference value :  1.74023e-06
 Reference value :  1.74143e-06
 Reference value :  1.74255e-06
 Reference value :  1.74401e-06
 Reference value :  1.74515e-06
 Reference value :  1.74635e-06
 Reference value :  1.74797e-06
 Reference value :  1.74895e-06
 Reference value :  1.75015e-06
 Reference value :  1.75167e-06
 Reference value :  1.75267e-06
 Reference value :  1.75402e-06
 Reference value :  1.75547e-06
 Reference value :  1.75655e-06
 Reference value :  1.75787e-06
 Reference value :  1.75899e-06
 Reference value :  1.76015e-06
 Reference value :  1.76159e-06
 Reference value :  1.76271e-06
 Reference value :  1.76403e-06
 Reference value :  1.76511e-06
 Reference value :  1.76619e-06
 Reference value :  1.76779e-06
 Reference value :  1.76879e-06
 Reference value :  1.77004e-06
 Reference value :  1.77163e-06
 Reference value :  1.77303e-06
 Reference value :  1.77419e-06
 Reference value :  1.77583e-06
 Reference value :  1.77687e-06
 Reference value :  1.77811e-06
 Reference value :  1.77959e-06
 Reference value :  1.78067e-06
 Reference value :  1.78200e-06
 Reference value :  1.78323e-06
 Reference value :  1.78439e-06
 Reference value :  1.78587e-06
 Reference value :  1.78703e-06
 Reference value :  1.78827e-06
 Reference value :  1.78955e-06
 Reference value :  1.79059e-06
 Reference value :  1.79201e-06
 Reference value :  1.79307e-06
 Reference value :  1.79431e-06
 Reference value :  1.79595e-06
 Reference value :  1.79691e-06
 Reference value :  1.79801e-06
 Reference value :  1.79927e-06
 Reference value :  1.80035e-06
 Reference value :  1.80187e-06
 Reference value :  1.80303e-06
 Reference value :  1.80423e-06
 Reference value :  1.80535e-06
 Reference value :  1.80651e-06
 Reference value :  1.80801e-06
 Reference value :  1.80903e-06
 Reference value :  1.81019e-06
 Reference value :  1.81175e-06
 Reference value :  1.81291e-06
 Reference value :  1.81407e-06
 Reference value :  1.81563e-06
 Reference value :  1.81659e-06
 Reference value :  1.81800e-06
 Reference value :  1.81915e-06
 Reference value :  1.82035e-06
 Reference value :  1.82167e-06
 Reference value :  1.82287e-06
 Reference value :  1.82411e-06
 Reference value :  1.82547e-06
 Reference value :  1.82655e-06
 Reference value :  1.82801e-06
 Reference value :  1.82907e-06
 Reference value :  1.83015e-06
 Reference value :  1.83167e-06
 Reference value :  1.83263e-06
 Reference value :  1.83401e-06
 Reference value :  1.83523e-06
 Reference value :  1.83635e-06
 Reference value :  1.83763e-06
 Reference value :  1.83879e-06
 Reference value :  1.84015e-06
 Reference value :  1.84155e-06
 Reference value :  1.84267e-06
 Reference value :  1.84402e-06
 Reference value :  1.84515e-06
 Reference value :  1.84627e-06
 Reference value :  1.84791e-06
 Reference value :  1.84895e-06
 Reference value :  1.85015e-06
 Reference value :  1.85163e-06
 Reference value :  1.85263e-06
 Reference value :  1.85400e-06
 Reference value :  1.85527e-06
 Reference value :  1.85643e-06
 Reference value :  1.85795e-06
 Reference value :  1.85907e-06
 Reference value :  1.86027e-06
 Reference value :  1.86139e-06
 Reference value :  1.86255e-06
 Reference value :  1.86401e-06
 Reference value :  1.86519e-06
 Reference value :  1.86631e-06
 Reference value :  1.86783e-06
 Reference value :  1.86875e-06
 Reference value :  1.86997e-06
 Reference value :  1.87107e-06
 Reference value :  1.87227e-06
 Reference value :  1.87375e-06
 Reference value :  1.87487e-06
 Reference value :  1.87611e-06
 Reference value :  1.87723e-06
 Reference value :  1.87835e-06
 Reference value :  1.87997e-06
 Reference value :  1.88103e-06
 Reference value :  1.88215e-06
 Reference value :  1.88359e-06
 Reference value :  1.88463e-06
 Reference value :  1.88600e-06
 Reference value :  1.88707e-06
 Reference value :  1.88815e-06
 Reference value :  1.88943e-06
 Reference value :  1.89051e-06
 Reference value :  1.89201e-06
 Reference value :  1.89307e-06
 Reference value :  1.89407e-06
 Reference value :  1.89555e-06
 Reference value :  1.89659e-06
 Reference value :  1.89801e-06
 Reference value :  1.89931e-06
 Reference value :  1.90043e-06
 Reference value :  1.90175e-06
 Reference value :  1.90291e-06
 Reference value :  1.90415e-06
 Reference value :  1.90559e-06
 Reference value :  1.90675e-06
 Reference value :  1.90804e-06
 Reference value :  1.90923e-06
 Reference value :  1.91039e-06
 Reference value :  1.91197e-06
 Reference value :  1.91299e-06
 Reference value :  1.91419e-06
 Reference value :  1.91575e-06
 Reference value :  1.91675e-06
 Reference value :  1.91801e-06
 Reference value :  1.91931e-06
 Reference value :  1.92047e-06
 Reference value :  1.92197e-06
 Reference value :  1.92315e-06
 Reference value :  1.92435e-06
 Reference value :  1.92559e-06
 Reference value :  1.92683e-06
 Reference value :  1.92807e-06
 Reference value :  1.92951e-06
 Reference value :  1.93067e-06
 Reference value :  1.93203e-06
 Reference value :  1.93315e-06
 Reference value :  1.93431e-06
 Reference value :  1.93591e-06
 Reference value :  1.93687e-06
 Reference value :  1.93811e-06
 Reference value :  1.93967e-06
 Reference value :  1.94071e-06
 Reference value :  1.94201e-06
 Reference value :  1.94331e-06
 Reference value :  1.94447e-06
 Reference value :  1.94591e-06
 Reference value :  1.94699e-06
 Reference value :  1.94819e-06
 Reference value :  1.94943e-06
 Reference value :  1.95055e-06
 Reference value :  1.95201e-06
 Reference value :  1.95319e-06
 Reference value :  1.95435e-06
 Reference value :  1.95597e-06
 Reference value :  1.95691e-06
 Reference value :  1.95802e-06
 Reference value :  1.95947e-06
 Reference value :  1.96071e-06
 Reference value :  1.96204e-06
 Reference value :  1.96351e-06
 Reference value :  1.96459e-06
 Reference value :  1.96595e-06
 Reference value :  1.96711e-06
 Reference value :  1.96831e-06
 Reference value :  1.96975e-06
 Reference value :  1.97087e-06
 Reference value :  1.97207e-06
 Reference value :  1.97323e-06
 Reference value :  1.97435e-06
 Reference value :  1.97601e-06
 Reference value :  1.97727e-06
 Reference value :  1.97859e-06
 Reference value :  1.98001e-06
 Reference value :  1.98103e-06
 Reference value :  1.98219e-06
 Reference value :  1.98379e-06
 Reference value :  1.98483e-06
 Reference value :  1.98611e-06
 Reference value :  1.98763e-06
 Reference value :  1.98867e-06
 Reference value :  1.98995e-06
 Reference value :  1.99115e-06
 Reference value :  1.99227e-06
 Reference value :  1.99371e-06
 Reference value :  1.99487e-06
 Reference value :  1.99607e-06
 Reference value :  1.99719e-06
 Reference value :  1.99835e-06
 Reference value :  1.99997e-06
 Reference value :  2.00103e-06
 Reference value :  2.00223e-06
 Reference value :  2.00379e-06
 Reference value :  2.00479e-06
 Reference value :  2.00601e-06
 Reference value :  2.00743e-06
 Reference value :  2.00855e-06
 Reference value :  2.01000e-06
 Reference value :  2.01123e-06
 Reference value :  2.01239e-06
 Reference value :  2.01367e-06
 Reference value :  2.01479e-06
 Reference value :  2.01611e-06
 Reference value :  2.01755e-06
 Reference value :  2.01871e-06
 Reference value :  2.02004e-06
 Reference value :  2.02123e-06
 Reference value :  2.02227e-06
 Reference value :  2.02391e-06
 Reference value :  2.02491e-06
 Reference value :  2.02615e-06
 Reference value :  2.02771e-06
 Reference value :  2.02867e-06
 Reference value :  2.02997e-06
 Reference value :  2.03115e-06
 Reference value :  2.03235e-06
 Reference value :  2.03383e-06
 Reference value :  2.03499e-06
 Reference value :  2.03619e-06
 Reference value :  2.03739e-06
 Reference value :  2.03855e-06
 Reference value :  2.04002e-06
 Reference value :  2.04131e-06
 Reference value :  2.04275e-06
 Reference value :  2.04439e-06
 Reference value :  2.04600e-06
 Reference value :  2.04767e-06
 Reference value :  2.04907e-06
 Reference value :  2.05059e-06
 Reference value :  2.05219e-06
 Reference value :  2.05367e-06
 Reference value :  2.05515e-06
 Reference value :  2.05663e-06
 Reference value :  2.05823e-06
 Reference value :  2.06001e-06
 Reference value :  2.06131e-06
 Reference value :  2.06287e-06
 Reference value :  2.06443e-06
 Reference value :  2.06604e-06
 Reference value :  2.06795e-06
 Reference value :  2.06919e-06
 Reference value :  2.07079e-06
 Reference value :  2.07243e-06
 Reference value :  2.07403e-06
 Reference value :  2.07591e-06
 Reference value :  2.07711e-06
 Reference value :  2.07867e-06
 Reference value :  2.08027e-06
 Reference value :  2.08201e-06
 Reference value :  2.08371e-06
 Reference value :  2.08503e-06
 Reference value :  2.08643e-06
 Reference value :  2.08815e-06
 Reference value :  2.08997e-06
 Reference value :  2.09171e-06
 Reference value :  2.09303e-06
 Reference value :  2.09455e-06
 Reference value :  2.09623e-06
 Reference value :  2.09800e-06
 Reference value :  2.09967e-06
 Reference value :  2.10099e-06
 Reference value :  2.10247e-06
 Reference value :  2.10415e-06
 Reference value :  2.10600e-06
 Reference value :  2.10759e-06
 Reference value :  2.10899e-06
 Reference value :  2.11055e-06
 Reference value :  2.11223e-06
 Reference value :  2.11400e-06
 Reference value :  2.11563e-06
 Reference value :  2.11703e-06
 Reference value :  2.11839e-06
 Reference value :  2.12007e-06
 Reference value :  2.12187e-06
 Reference value :  2.12343e-06
 Reference value :  2.12483e-06
 Reference value :  2.12627e-06
 Reference value :  2.12803e-06
 Reference value :  2.12979e-06
 Reference value :  2.13135e-06
 Reference value :  2.13275e-06
 Reference value :  2.13419e-06
 Reference value :  2.13602e-06
 Reference value :  2.13771e-06
 Reference value :  2.13927e-06
 Reference value :  2.14071e-06
 Reference value :  2.14215e-06
 Reference value :  2.14401e-06
 Reference value :  2.14559e-06
 Reference value :  2.14719e-06
 Reference value :  2.14883e-06
 Reference value :  2.15015e-06
 Reference value :  2.15201e-06
 Reference value :  2.15363e-06
 Reference value :  2.15519e-06
 Reference value :  2.15667e-06
 Reference value :  2.15811e-06
 Reference value :  2.16000e-06
 Reference value :  2.16147e-06
 Reference value :  2.16307e-06
 Reference value :  2.16455e-06
 Reference value :  2.16602e-06
 Reference value :  2.16787e-06
 Reference value :  2.16931e-06
 Reference value :  2.17083e-06
 Reference value :  2.17239e-06
 Reference value :  2.17400e-06
 Reference value :  2.17559e-06
 Reference value :  2.17699e-06
 Reference value :  2.17855e-06
 Reference value :  2.18019e-06
 Reference value :  2.18163e-06
 Reference value :  2.18319e-06
 Reference value :  2.18463e-06
 Reference value :  2.18623e-06
 Reference value :  2.18801e-06
 Reference value :  2.18943e-06
 Reference value :  2.19099e-06
 Reference value :  2.19247e-06
 Reference value :  2.19407e-06
 Reference value :  2.19600e-06
 Reference value :  2.19723e-06
 Reference value :  2.19875e-06
 Reference value :  2.20035e-06
 Reference value :  2.20201e-06
 Reference value :  2.20379e-06
 Reference value :  2.20503e-06
 Reference value :  2.20659e-06
 Reference value :  2.20827e-06
 Reference value :  2.21000e-06
 Reference value :  2.21155e-06
 Reference value :  2.21287e-06
 Reference value :  2.21419e-06
 Reference value :  2.21601e-06
 Reference value :  2.21759e-06
 Reference value :  2.21911e-06
 Reference value :  2.22059e-06
 Reference value :  2.22207e-06
 Reference value :  2.22397e-06
 Reference value :  2.22539e-06
 Reference value :  2.22695e-06
 Reference value :  2.22851e-06
 Reference value :  2.23001e-06
 Reference value :  2.23179e-06
 Reference value :  2.23323e-06
 Reference value :  2.23475e-06
 Reference value :  2.23635e-06
 Reference value :  2.23797e-06
 Reference value :  2.23955e-06
 Reference value :  2.24095e-06
 Reference value :  2.24247e-06
 Reference value :  2.24415e-06
 Reference value :  2.24563e-06
 Reference value :  2.24719e-06
 Reference value :  2.24867e-06
 Reference value :  2.25027e-06
 Reference value :  2.25202e-06
 Reference value :  2.25343e-06
 Reference value :  2.25499e-06
 Reference value :  2.25651e-06
 Reference value :  2.25811e-06
 Reference value :  2.26000e-06
 Reference value :  2.26127e-06
 Reference value :  2.26291e-06
 Reference value :  2.26471e-06
 Reference value :  2.26631e-06
 Reference value :  2.26803e-06
 Reference value :  2.26955e-06
 Reference value :  2.27115e-06
 Reference value :  2.27259e-06
 Reference value :  2.27419e-06
 Reference value :  2.27601e-06
 Reference value :  2.27735e-06
 Reference value :  2.27891e-06
 Reference value :  2.28047e-06
 Reference value :  2.28207e-06
 Reference value :  2.28397e-06
 Reference value :  2.28515e-06
 Reference value :  2.28667e-06
 Reference value :  2.28827e-06
 Reference value :  2.29001e-06
 Reference value :  2.29167e-06
 Reference value :  2.29295e-06
 Reference value :  2.29439e-06
 Reference value :  2.29607e-06
 Reference value :  2.29783e-06
 Reference value :  2.29935e-06
 Reference value :  2.30075e-06
 Reference value :  2.30215e-06
 Reference value :  2.30401e-06
 Reference value :  2.30555e-06
 Reference value :  2.30707e-06
 Reference value :  2.30859e-06
 Reference value :  2.31001e-06
 Reference value :  2.31175e-06
 Reference value :  2.31315e-06
 Reference value :  2.31467e-06
 Reference value :  2.31631e-06
 Reference value :  2.31783e-06
 Reference value :  2.31943e-06
 Reference value :  2.32087e-06
 Reference value :  2.32255e-06
 Reference value :  2.32419e-06
 Reference value :  2.32583e-06
 Reference value :  2.32739e-06
 Reference value :  2.32875e-06
 Reference value :  2.33031e-06
 Reference value :  2.33203e-06
 Reference value :  2.33347e-06
 Reference value :  2.33503e-06
 Reference value :  2.33651e-06
 Reference value :  2.33811e-06
 Reference value :  2.34000e-06
 Reference value :  2.34123e-06
 Reference value :  2.34271e-06
 Reference value :  2.34427e-06
 Reference value :  2.34601e-06
 Reference value :  2.34771e-06
 Reference value :  2.34903e-06
 Reference value :  2.35051e-06
 Reference value :  2.35215e-06
 Reference value :  2.35397e-06
 Reference value :  2.35563e-06
 Reference value :  2.35695e-06
 Reference value :  2.35839e-06
 Reference value :  2.36004e-06
 Reference value :  2.36179e-06
 Reference value :  2.36331e-06
 Reference value :  2.36479e-06
 Reference value :  2.36623e-06
 Reference value :  2.36802e-06
 Reference value :  2.36975e-06
 Reference value :  2.37127e-06
 Reference value :  2.37267e-06
 Reference value :  2.37402e-06
 Reference value :  2.37587e-06
 Reference value :  2.37727e-06
 Reference value :  2.37887e-06
 Reference value :  2.38059e-06
 Reference value :  2.38207e-06
 Reference value :  2.38400e-06
 Reference value :  2.38559e-06
 Reference value :  2.38727e-06
 Reference value :  2.38871e-06
 Reference value :  2.39019e-06
 Reference value :  2.39204e-06
 Reference value :  2.39401e-06
 Reference value :  2.39591e-06
 Reference value :  2.39711e-06
 Reference value :  2.39871e-06
 Reference value :  2.40035e-06
 Reference value :  2.40201e-06
 Reference value :  2.40383e-06
 Reference value :  2.40507e-06
 Reference value :  2.40643e-06
 Reference value :  2.40811e-06
 Reference value :  2.40995e-06
 Reference value :  2.41147e-06
 Reference value :  2.41283e-06
 Reference value :  2.41423e-06
 Reference value :  2.41603e-06
 Reference value :  2.41775e-06
 Reference value :  2.41931e-06
 Reference value :  2.42075e-06
 Reference value :  2.42215e-06
 Reference value :  2.42401e-06
 Reference value :  2.42559e-06
 Reference value :  2.42715e-06
 Reference value :  2.42863e-06
 Reference value :  2.43007e-06
 Reference value :  2.43200e-06
 Reference value :  2.43343e-06
 Reference value :  2.43499e-06
 Reference value :  2.43651e-06
 Reference value :  2.43801e-06
 Reference value :  2.43987e-06
 Reference value :  2.44135e-06
 Reference value :  2.44295e-06
 Reference value :  2.44455e-06
 Reference value :  2.44603e-06
 Reference value :  2.44791e-06
 Reference value :  2.44927e-06
 Reference value :  2.45083e-06
 Reference value :  2.45239e-06
 Reference value :  2.45400e-06
 Reference value :  2.45555e-06
 Reference value :  2.45695e-06
 Reference value :  2.45847e-06
 Reference value :  2.46011e-06
 Reference value :  2.46171e-06
 Reference value :  2.46327e-06
 Reference value :  2.46467e-06
 Reference value :  2.46623e-06
 Reference value :  2.46801e-06
 Reference value :  2.46931e-06
 Reference value :  2.47083e-06
 Reference value :  2.47239e-06
 Reference value :  2.47407e-06
 Reference value :  2.47597e-06
 Reference value :  2.47715e-06
 Reference value :  2.47871e-06
 Reference value :  2.48035e-06
 Reference value :  2.48201e-06
 Reference value :  2.48379e-06
 Reference value :  2.48503e-06
 Reference value :  2.48647e-06
 Reference value :  2.48811e-06
 Reference value :  2.48995e-06
 Reference value :  2.49151e-06
 Reference value :  2.49287e-06
 Reference value :  2.49435e-06
 Reference value :  2.49607e-06
 Reference value :  2.49787e-06
 Reference value :  2.49939e-06
 Reference value :  2.50075e-06
 Reference value :  2.50203e-06
 Reference value :  2.50395e-06
 Reference value :  2.50547e-06
 Reference value :  2.50703e-06
 Reference value :  2.50855e-06
 Reference value :  2.51002e-06
 Reference value :  2.51187e-06
 Reference value :  2.51331e-06
 Reference value :  2.51483e-06
 Reference value :  2.51639e-06
 Reference value :  2.51800e-06
 Reference value :  2.51963e-06
 Reference value :  2.52115e-06
 Reference value :  2.52267e-06
 Reference value :  2.52431e-06
 Reference value :  2.52591e-06
 Reference value :  2.52747e-06
 Reference value :  2.52887e-06
 Reference value :  2.53043e-06
 Reference value :  2.53207e-06
 Reference value :  2.53351e-06
 Reference value :  2.53499e-06
 Reference value :  2.53647e-06
 Reference value :  2.53804e-06
 Reference value :  2.53997e-06
 Reference value :  2.54123e-06
 Reference value :  2.54279e-06
 Reference value :  2.54435e-06
 Reference value :  2.54601e-06
 Reference value :  2.54775e-06
 Reference value :  2.54903e-06
 Reference value :  2.55059e-06
 Reference value :  2.55227e-06
 Reference value :  2.55400e-06
 Reference value :  2.55563e-06
 Reference value :  2.55691e-06
 Reference value :  2.55835e-06
 Reference value :  2.56004e-06
 Reference value :  2.56183e-06
 Reference value :  2.56343e-06
 Reference value :  2.56483e-06
 Reference value :  2.56603e-06
 Reference value :  2.56791e-06
 Reference value :  2.56935e-06
 Reference value :  2.57095e-06
 Reference value :  2.57247e-06
 Reference value :  2.57400e-06
 Reference value :  2.57567e-06
 Reference value :  2.57711e-06
 Reference value :  2.57867e-06
 Reference value :  2.58027e-06
 Reference value :  2.58191e-06
 Reference value :  2.58351e-06
 Reference value :  2.58491e-06
 Reference value :  2.58643e-06
 Reference value :  2.58811e-06
 Reference value :  2.58971e-06
 Reference value :  2.59127e-06
 Reference value :  2.59271e-06
 Reference value :  2.59431e-06
 Reference value :  2.59604e-06
 Reference value :  2.59747e-06
 Reference value :  2.59903e-06
 Reference value :  2.60055e-06
 Reference value :  2.60215e-06
 Reference value :  2.60400e-06
 Reference value :  2.60527e-06
 Reference value :  2.60687e-06
 Reference value :  2.60843e-06
 Reference value :  2.61002e-06
 Reference value :  2.61187e-06
 Reference value :  2.61311e-06
 Reference value :  2.61459e-06
 Reference value :  2.61623e-06
 Reference value :  2.61800e-06
 Reference value :  2.61959e-06
 Reference value :  2.62087e-06
 Reference value :  2.62231e-06
 Reference value :  2.62403e-06
 Reference value :  2.62575e-06
 Reference value :  2.62723e-06
 Reference value :  2.62867e-06
 Reference value :  2.63003e-06
 Reference value :  2.63191e-06
 Reference value :  2.63331e-06
 Reference value :  2.63483e-06
 Reference value :  2.63639e-06
 Reference value :  2.63800e-06
 Reference value :  2.63959e-06
 Reference value :  2.64099e-06
 Reference value :  2.64251e-06
 Reference value :  2.64415e-06
 Reference value :  2.64575e-06
 Reference value :  2.64751e-06
 Reference value :  2.64895e-06
 Reference value :  2.65051e-06
 Reference value :  2.65215e-06
 Reference value :  2.65379e-06
 Reference value :  2.65535e-06
 Reference value :  2.65679e-06
 Reference value :  2.65835e-06
 Reference value :  2.66004e-06
 Reference value :  2.66147e-06
 Reference value :  2.66303e-06
 Reference value :  2.66467e-06
 Reference value :  2.66627e-06
 Reference value :  2.66802e-06
 Reference value :  2.66947e-06
 Reference value :  2.67115e-06
 Reference value :  2.67263e-06
 Reference value :  2.67423e-06
 Reference value :  2.67601e-06
 Reference value :  2.67739e-06
 Reference value :  2.67895e-06
 Reference value :  2.68047e-06
 Reference value :  2.68207e-06
 Reference value :  2.68397e-06
 Reference value :  2.68519e-06
 Reference value :  2.68671e-06
 Reference value :  2.68831e-06
 Reference value :  2.69001e-06
 Reference value :  2.69171e-06
 Reference value :  2.69303e-06
 Reference value :  2.69435e-06
 Reference value :  2.69604e-06
 Reference value :  2.69783e-06
 Reference value :  2.69939e-06
 Reference value :  2.70079e-06
 Reference value :  2.70215e-06
 Reference value :  2.70400e-06
 Reference value :  2.70563e-06
 Reference value :  2.70719e-06
 Reference value :  2.70863e-06
 Reference value :  2.71007e-06
 Reference value :  2.71197e-06
 Reference value :  2.71339e-06
 Reference value :  2.71491e-06
 Reference value :  2.71647e-06
 Reference value :  2.71801e-06
 Reference value :  2.71979e-06
 Reference value :  2.72119e-06
 Reference value :  2.72275e-06
 Reference value :  2.72435e-06
 Reference value :  2.72587e-06
 Reference value :  2.72743e-06
 Reference value :  2.72879e-06
 Reference value :  2.73043e-06
 Reference value :  2.73215e-06
 Reference value :  2.73371e-06
 Reference value :  2.73527e-06
 Reference value :  2.73667e-06
 Reference value :  2.73823e-06
 Reference value :  2.74001e-06
 Reference value :  2.74135e-06
 Reference value :  2.74291e-06
 Reference value :  2.74447e-06
 Reference value :  2.74604e-06
 Reference value :  2.74791e-06
 Reference value :  2.74911e-06
 Reference value :  2.75067e-06
 Reference value :  2.75227e-06
 Reference value :  2.75400e-06
 Reference value :  2.75567e-06
 Reference value :  2.75699e-06
 Reference value :  2.75827e-06
 Reference value :  2.76002e-06
 Reference value :  2.76175e-06
 Reference value :  2.76323e-06
 Reference value :  2.76459e-06
 Reference value :  2.76604e-06
 Reference value :  2.76795e-06
 Reference value :  2.76939e-06
 Reference value :  2.77091e-06
 Reference value :  2.77247e-06
 Reference value :  2.77401e-06
 Reference value :  2.77579e-06
 Reference value :  2.77755e-06
 Reference value :  2.77907e-06
 Reference value :  2.78059e-06
 Reference value :  2.78207e-06
 Reference value :  2.78395e-06
 Reference value :  2.78555e-06
 Reference value :  2.78719e-06
 Reference value :  2.78863e-06
 Reference value :  2.79002e-06
 Reference value :  2.79197e-06
 Reference value :  2.79339e-06
 Reference value :  2.79491e-06
 Reference value :  2.79639e-06
 Reference value :  2.79797e-06
 Reference value :  2.79955e-06
 Reference value :  2.80099e-06
 Reference value :  2.80251e-06
 Reference value :  2.80415e-06
 Reference value :  2.80571e-06
 Reference value :  2.80739e-06
 Reference value :  2.80879e-06
 Reference value :  2.81035e-06
 Reference value :  2.81204e-06
 Reference value :  2.81355e-06
 Reference value :  2.81507e-06
 Reference value :  2.81659e-06
 Reference value :  2.81811e-06
 Reference value :  2.81997e-06
 Reference value :  2.82131e-06
 Reference value :  2.82271e-06
 Reference value :  2.82427e-06
 Reference value :  2.82600e-06
 Reference value :  2.82755e-06
 Reference value :  2.82887e-06
 Reference value :  2.83027e-06
 Reference value :  2.83203e-06
 Reference value :  2.83375e-06
 Reference value :  2.83527e-06
 Reference value :  2.83667e-06
 Reference value :  2.83811e-06
 Reference value :  2.84000e-06
 Reference value :  2.84155e-06
 Reference value :  2.84311e-06
 Reference value :  2.84455e-06
 Reference value :  2.84602e-06
 Reference value :  2.84783e-06
 Reference value :  2.84931e-06
 Reference value :  2.85079e-06
 Reference value :  2.85235e-06
 Reference value :  2.85387e-06
 Reference value :  2.85543e-06
 Reference value :  2.85683e-06
 Reference value :  2.85835e-06
 Reference value :  2.86002e-06
 Reference value :  2.86135e-06
 Reference value :  2.86287e-06
 Reference value :  2.86439e-06
 Reference value :  2.86601e-06
 Reference value :  2.86771e-06
 Reference value :  2.86895e-06
 Reference value :  2.87035e-06
 Reference value :  2.87202e-06
 Reference value :  2.87379e-06
 Reference value :  2.87531e-06
 Reference value :  2.87663e-06
 Reference value :  2.87815e-06
 Reference value :  2.88000e-06
 Reference value :  2.88147e-06
 Reference value :  2.88295e-06
 Reference value :  2.88455e-06
 Reference value :  2.88600e-06
 Reference value :  2.88763e-06
 Reference value :  2.88907e-06
 Reference value :  2.89055e-06
 Reference value :  2.89215e-06
 Reference value :  2.89375e-06
 Reference value :  2.89535e-06
 Reference value :  2.89675e-06
 Reference value :  2.89827e-06
 Reference value :  2.90001e-06
 Reference value :  2.90147e-06
 Reference value :  2.90303e-06
 Reference value :  2.90455e-06
 Reference value :  2.90611e-06
 Reference value :  2.90800e-06
 Reference value :  2.90919e-06
 Reference value :  2.91067e-06
 Reference value :  2.91223e-06
 Reference value :  2.91397e-06
 Reference value :  2.91547e-06
 Reference value :  2.91683e-06
 Reference value :  2.91804e-06
 Reference value :  2.91983e-06
 Reference value :  2.92119e-06
 Reference value :  2.92267e-06
 Reference value :  2.92427e-06
 Reference value :  2.92579e-06
 Reference value :  2.92727e-06
 Reference value :  2.92863e-06
 Reference value :  2.93011e-06
 Reference value :  2.93195e-06
 Reference value :  2.93311e-06
 Reference value :  2.93455e-06
 Reference value :  2.93619e-06
 Reference value :  2.93791e-06
 Reference value :  2.93939e-06
 Reference value :  2.94071e-06
 Reference value :  2.94204e-06
 Reference value :  2.94383e-06
 Reference value :  2.94511e-06
 Reference value :  2.94643e-06
 Reference value :  2.94811e-06
 Reference value :  2.94955e-06
 Reference value :  2.95107e-06
 Reference value :  2.95263e-06
 Reference value :  2.95423e-06
 Reference value :  2.95602e-06
 Reference value :  2.95739e-06
 Reference value :  2.95899e-06
 Reference value :  2.96055e-06
 Reference value :  2.96215e-06
 Reference value :  2.96401e-06
 Reference value :  2.96527e-06
 Reference value :  2.96679e-06
 Reference value :  2.96835e-06
 Reference value :  2.97001e-06
 Reference value :  2.97171e-06
 Reference value :  2.97295e-06
 Reference value :  2.97447e-06
 Reference value :  2.97611e-06
 Reference value :  2.97791e-06
 Reference value :  2.97943e-06
 Reference value :  2.98079e-06
 Reference value :  2.98211e-06
 Reference value :  2.98400e-06
 Reference value :  2.98547e-06
 Reference value :  2.98699e-06
 Reference value :  2.98855e-06
 Reference value :  2.99002e-06
 Reference value :  2.99187e-06
 Reference value :  2.99335e-06
 Reference value :  2.99507e-06
 Reference value :  2.99675e-06
 Reference value :  2.99815e-06
 Reference value :  3.00002e-06
 Reference value :  3.00175e-06
 Reference value :  3.00327e-06
 Reference value :  3.00467e-06
 Reference value :  3.00611e-06
 Reference value :  3.00800e-06
 Reference value :  3.00947e-06
 Reference value :  3.01087e-06
 Reference value :  3.01239e-06
 Reference value :  3.01400e-06
 Reference value :  3.01559e-06
 Reference value :  3.01715e-06
 Reference value :  3.01871e-06
 Reference value :  3.02031e-06
 Reference value :  3.02195e-06
 Reference value :  3.02355e-06
 Reference value :  3.02495e-06
 Reference value :  3.02647e-06
 Reference value :  3.02815e-06
 Reference value :  3.02975e-06
 Reference value :  3.03135e-06
 Reference value :  3.03283e-06
 Reference value :  3.03439e-06
 Reference value :  3.03607e-06
 Reference value :  3.03767e-06
 Reference value :  3.03919e-06
 Reference value :  3.04063e-06
 Reference value :  3.04219e-06
 Reference value :  3.04401e-06
 Reference value :  3.04531e-06
 Reference value :  3.04687e-06
 Reference value :  3.04847e-06
 Reference value :  3.05011e-06
 Reference value :  3.05200e-06
 Reference value :  3.05327e-06
 Reference value :  3.05487e-06
 Reference value :  3.05643e-06
 Reference value :  3.05803e-06
 Reference value :  3.05991e-06
 Reference value :  3.06111e-06
 Reference value :  3.06263e-06
 Reference value :  3.06423e-06
 Reference value :  3.06600e-06
 Reference value :  3.06763e-06
 Reference value :  3.06895e-06
 Reference value :  3.07043e-06
 Reference value :  3.07211e-06
 Reference value :  3.07391e-06
 Reference value :  3.07547e-06
 Reference value :  3.07687e-06
 Reference value :  3.07819e-06
 Reference value :  3.08002e-06
 Reference value :  3.08175e-06
 Reference value :  3.08331e-06
 Reference value :  3.08487e-06
 Reference value :  3.08623e-06
 Reference value :  3.08807e-06
 Reference value :  3.08987e-06
 Reference value :  3.09143e-06
 Reference value :  3.09287e-06
 Reference value :  3.09427e-06
 Reference value :  3.09603e-06
 Reference value :  3.09779e-06
 Reference value :  3.09935e-06
 Reference value :  3.10147e-06
 Reference value :  3.10315e-06
 Reference value :  3.10463e-06
 Reference value :  3.10623e-06
 Reference value :  3.10803e-06
 Reference value :  3.10943e-06
 Reference value :  3.11099e-06
 Reference value :  3.11251e-06
 Reference value :  3.11411e-06
 Reference value :  3.11600e-06
 Reference value :  3.11731e-06
 Reference value :  3.11891e-06
 Reference value :  3.12047e-06
 Reference value :  3.12207e-06
 Reference value :  3.12397e-06
 Reference value :  3.12519e-06
 Reference value :  3.12675e-06
 Reference value :  3.12835e-06
 Reference value :  3.13001e-06
 Reference value :  3.13179e-06
 Reference value :  3.13303e-06
 Reference value :  3.13459e-06
 Reference value :  3.13623e-06
 Reference value :  3.13800e-06
 Reference value :  3.13963e-06
 Reference value :  3.14099e-06
 Reference value :  3.14235e-06
 Reference value :  3.14411e-06
 Reference value :  3.14597e-06
 Reference value :  3.14755e-06
 Reference value :  3.14887e-06
 Reference value :  3.15031e-06
 Reference value :  3.15204e-06
 Reference value :  3.15383e-06
 Reference value :  3.15543e-06
 Reference value :  3.15683e-06
 Reference value :  3.15823e-06
 Reference value :  3.16002e-06
 Reference value :  3.16175e-06
 Reference value :  3.16331e-06
 Reference value :  3.16475e-06
 Reference value :  3.16619e-06
 Reference value :  3.16801e-06
 Reference value :  3.16967e-06
 Reference value :  3.17119e-06
 Reference value :  3.17263e-06
 Reference value :  3.17402e-06
 Reference value :  3.17591e-06
 Reference value :  3.17731e-06
 Reference value :  3.17887e-06
 Reference value :  3.18047e-06
 Reference value :  3.18201e-06
 Reference value :  3.18383e-06
 Reference value :  3.18527e-06
 Reference value :  3.18687e-06
 Reference value :  3.18843e-06
 Reference value :  3.19000e-06
 Reference value :  3.19171e-06
 Reference value :  3.19315e-06
 Reference value :  3.19467e-06
 Reference value :  3.19631e-06
 Reference value :  3.19791e-06
 Reference value :  3.19947e-06
No. of Data Rows : 94280
sim/harness: analysis complete
Note: Simulation executed from .control section 
Note: Starting dynamic gmin stepping
Note: Dynamic gmin stepping completed
