
Note: Compatibility modes selected: hs a


Circuit: ** sch_path: /home/ubuntu/loom-workspaces/sky130-pll/.loom/worktrees/issue-55/sim/pll-lock-25mhz/testbench/tb_pll_lock_25mhz.sch

option SCALE: Scale is set to 1e-06 for instance and model parameters
option SCALE: Scale is set to 1e-06 for instance and model parameters
option SCALE: Scale is set to 1e-06 for instance and model parameters
option SCALE: Scale is set to 1e-06 for instance and model parameters
Doing analysis at TEMP = 27.000000 and TNOM = 27.000000

Using KLU as Direct Linear Solver
 Reference value :  0.00000e+00
 Reference value :  1.04304e-09
 Reference value :  3.18657e-09
 Reference value :  6.14000e-09
 Reference value :  8.90000e-09
 Reference value :  1.37000e-08
 Reference value :  1.89000e-08
 Reference value :  2.17676e-08
 Reference value :  2.57676e-08
 Reference value :  2.99676e-08
 Reference value :  3.13676e-08
 Reference value :  3.59676e-08
 Reference value :  4.00600e-08
 Reference value :  4.17963e-08
 Reference value :  4.73963e-08
 Reference value :  5.29963e-08
 Reference value :  5.89963e-08
 Reference value :  6.15669e-08
 Reference value :  6.59669e-08
 Reference value :  7.05669e-08
 Reference value :  7.47669e-08
 Reference value :  7.93669e-08
 Reference value :  8.13789e-08
 Reference value :  8.55789e-08
 Reference value :  9.03789e-08
 Reference value :  9.63789e-08
 Reference value :  1.00850e-07
 Reference value :  1.03566e-07
 Reference value :  1.08166e-07
 Reference value :  1.12366e-07
 Reference value :  1.16966e-07
 Reference value :  1.20500e-07
 Reference value :  1.23379e-07
 Reference value :  1.28379e-07
 Reference value :  1.33179e-07
 Reference value :  1.39179e-07
 Reference value :  1.41766e-07
 Reference value :  1.46366e-07
 Reference value :  1.50566e-07
 Reference value :  1.55166e-07
 Reference value :  1.59766e-07
 Reference value :  1.61117e-07
 Reference value :  1.65579e-07
 Reference value :  1.70379e-07
 Reference value :  1.76179e-07
 Reference value :  1.80500e-07
 Reference value :  1.83566e-07
 Reference value :  1.87766e-07
 Reference value :  1.90766e-07
 Reference value :  1.95166e-07
 Reference value :  1.98766e-07
 Reference value :  2.01117e-07
 Reference value :  2.04979e-07
 Reference value :  2.10379e-07
 Reference value :  2.16379e-07
 Reference value :  2.20020e-07
 Reference value :  2.21966e-07
 Reference value :  2.26366e-07
 Reference value :  2.30966e-07
 Reference value :  2.34966e-07
 Reference value :  2.39366e-07
 Reference value :  2.41234e-07
 Reference value :  2.45579e-07
 Reference value :  2.50379e-07
 Reference value :  2.56179e-07
 Reference value :  2.60850e-07
 Reference value :  2.64166e-07
 Reference value :  2.68766e-07
 Reference value :  2.72766e-07
 Reference value :  2.77366e-07
 Reference value :  2.80700e-07
 Reference value :  2.83779e-07
 Reference value :  2.88779e-07
 Reference value :  2.93779e-07
 Reference value :  2.99579e-07
 Reference value :  3.01966e-07
 Reference value :  3.06566e-07
 Reference value :  3.10766e-07
 Reference value :  3.14566e-07
 Reference value :  3.18766e-07
 Reference value :  3.21117e-07
 Reference value :  3.23379e-07
 Reference value :  3.27779e-07
 Reference value :  3.32979e-07
 Reference value :  3.38579e-07
 Reference value :  3.41566e-07
 Reference value :  3.45366e-07
 Reference value :  3.49766e-07
 Reference value :  3.54366e-07
 Reference value :  3.58566e-07
 Reference value :  3.61117e-07
 Reference value :  3.64979e-07
 Reference value :  3.70379e-07
 Reference value :  3.75979e-07
 Reference value :  3.80500e-07
 Reference value :  3.83766e-07
 Reference value :  3.87566e-07
 Reference value :  3.91966e-07
 Reference value :  3.96166e-07
 Reference value :  4.00140e-07
 Reference value :  4.02579e-07
 Reference value :  4.07579e-07
 Reference value :  4.12979e-07
 Reference value :  4.18379e-07
 Reference value :  4.21566e-07
 Reference value :  4.25766e-07
 Reference value :  4.30366e-07
 Reference value :  4.34766e-07
 Reference value :  4.39166e-07
 Reference value :  4.41579e-07
 Reference value :  4.45979e-07
 Reference value :  4.51379e-07
 Reference value :  4.56979e-07
 Reference value :  4.60700e-07
 Reference value :  4.61966e-07
 Reference value :  4.66566e-07
 Reference value :  4.70766e-07
 Reference value :  4.75366e-07
 Reference value :  4.79883e-07
 Reference value :  4.81579e-07
 Reference value :  4.86179e-07
 Reference value :  4.90779e-07
 Reference value :  4.96779e-07
 Reference value :  5.01000e-07
 Reference value :  5.04566e-07
 Reference value :  5.08766e-07
 Reference value :  5.12966e-07
 Reference value :  5.17566e-07
 Reference value :  5.20700e-07
 Reference value :  5.23779e-07
 Reference value :  5.28579e-07
 Reference value :  5.33779e-07
 Reference value :  5.39779e-07
 Reference value :  5.41966e-07
 Reference value :  5.46366e-07
 Reference value :  5.50366e-07
 Reference value :  5.54766e-07
 Reference value :  5.59366e-07
 Reference value :  5.61579e-07
 Reference value :  5.66179e-07
 Reference value :  5.70179e-07
 Reference value :  5.75579e-07
 Reference value :  5.80060e-07
 Reference value :  5.83166e-07
 Reference value :  5.87366e-07
 Reference value :  5.91966e-07
 Reference value :  5.96566e-07
 Reference value :  6.00060e-07
 Reference value :  6.02779e-07
 Reference value :  6.07179e-07
 Reference value :  6.12579e-07
 Reference value :  6.18179e-07
 Reference value :  6.21252e-07
 Reference value :  6.25766e-07
 Reference value :  6.29966e-07
 Reference value :  6.34566e-07
 Reference value :  6.38766e-07
 Reference value :  6.40700e-07
 Reference value :  6.42179e-07
 Reference value :  6.46979e-07
 Reference value :  6.52379e-07
 Reference value :  6.57379e-07
 Reference value :  6.61060e-07
 Reference value :  6.64766e-07
 Reference value :  6.69366e-07
 Reference value :  6.73566e-07
 Reference value :  6.77766e-07
 Reference value :  6.81000e-07
 Reference value :  6.84179e-07
 Reference value :  6.89579e-07
 Reference value :  6.94579e-07
 Reference value :  7.00020e-07
 Reference value :  7.02566e-07
 Reference value :  7.06966e-07
 Reference value :  7.11566e-07
 Reference value :  7.15566e-07
 Reference value :  7.20000e-07
 Reference value :  7.22179e-07
 Reference value :  7.26979e-07
 Reference value :  7.31579e-07
 Reference value :  7.37579e-07
 Reference value :  7.41140e-07
 Reference value :  7.44766e-07
 Reference value :  7.49366e-07
 Reference value :  7.53366e-07
 Reference value :  7.57366e-07
 Reference value :  7.58766e-07
 Reference value :  7.61117e-07
 Reference value :  7.65579e-07
 Reference value :  7.70379e-07
 Reference value :  7.76379e-07
 Reference value :  7.80850e-07
 Reference value :  7.84366e-07
 Reference value :  7.88366e-07
 Reference value :  7.92966e-07
 Reference value :  7.97566e-07
 Reference value :  8.00700e-07
 Reference value :  8.03979e-07
 Reference value :  8.08779e-07
 Reference value :  8.13779e-07
 Reference value :  8.19379e-07
 Reference value :  8.22366e-07
 Reference value :  8.26966e-07
 Reference value :  8.30766e-07
 Reference value :  8.35366e-07
 Reference value :  8.39566e-07
 Reference value :  8.41979e-07
 Reference value :  8.46179e-07
 Reference value :  8.51579e-07
 Reference value :  8.57579e-07
 Reference value :  8.61140e-07
 Reference value :  8.65566e-07
 Reference value :  8.69566e-07
 Reference value :  8.73966e-07
 Reference value :  8.78366e-07
 Reference value :  8.81050e-07
 Reference value :  8.84979e-07
 Reference value :  8.90179e-07
 Reference value :  8.95979e-07
 Reference value :  9.00700e-07
 Reference value :  9.03966e-07
 Reference value :  9.08166e-07
 Reference value :  9.12766e-07
 Reference value :  9.14366e-07
 Reference value :  9.18566e-07
 Reference value :  9.21117e-07
 Reference value :  9.25179e-07
 Reference value :  9.30379e-07
 Reference value :  9.35979e-07
 Reference value :  9.40850e-07
 Reference value :  9.43966e-07
 Reference value :  9.48566e-07
 Reference value :  9.53166e-07
 Reference value :  9.57166e-07
 Reference value :  9.60850e-07
 Reference value :  9.63579e-07
 Reference value :  9.68779e-07
 Reference value :  9.73779e-07
 Reference value :  9.79579e-07
 Reference value :  9.82366e-07
 Reference value :  9.86566e-07
 Reference value :  9.91166e-07
 Reference value :  9.95166e-07
 Reference value :  9.99766e-07
 Reference value :  1.00158e-06
 Reference value :  1.00618e-06
 Reference value :  1.01158e-06
 Reference value :  1.01698e-06
 Reference value :  1.02102e-06
 Reference value :  1.02457e-06
 Reference value :  1.02897e-06
 Reference value :  1.03337e-06
 Reference value :  1.03797e-06
 Reference value :  1.04102e-06
 Reference value :  1.04458e-06
 Reference value :  1.04998e-06
 Reference value :  1.05538e-06
 Reference value :  1.06070e-06
 Reference value :  1.06337e-06
 Reference value :  1.06777e-06
 Reference value :  1.07237e-06
 Reference value :  1.07617e-06
 Reference value :  1.08014e-06
 Reference value :  1.08238e-06
 Reference value :  1.08738e-06
 Reference value :  1.09218e-06
 Reference value :  1.09818e-06
 Reference value :  1.10137e-06
 Reference value :  1.10577e-06
 Reference value :  1.11037e-06
 Reference value :  1.11477e-06
 Reference value :  1.11937e-06
 Reference value :  1.12138e-06
 Reference value :  1.12578e-06
 Reference value :  1.13118e-06
 Reference value :  1.13698e-06
 Reference value :  1.14102e-06
 Reference value :  1.14457e-06
 Reference value :  1.14917e-06
 Reference value :  1.15357e-06
 Reference value :  1.15817e-06
 Reference value :  1.16102e-06
 Reference value :  1.16438e-06
 Reference value :  1.16978e-06
 Reference value :  1.17518e-06
 Reference value :  1.18050e-06
 Reference value :  1.18337e-06
 Reference value :  1.18797e-06
 Reference value :  1.19257e-06
 Reference value :  1.19697e-06
 Reference value :  1.20070e-06
 Reference value :  1.20358e-06
 Reference value :  1.20898e-06
 Reference value :  1.21338e-06
 Reference value :  1.21958e-06
 Reference value :  1.22237e-06
 Reference value :  1.22657e-06
 Reference value :  1.23117e-06
 Reference value :  1.23537e-06
 Reference value :  1.23988e-06
 Reference value :  1.24178e-06
 Reference value :  1.24658e-06
 Reference value :  1.25178e-06
 Reference value :  1.25778e-06
 Reference value :  1.26125e-06
 Reference value :  1.26497e-06
 Reference value :  1.26857e-06
 Reference value :  1.27277e-06
 Reference value :  1.27737e-06
 Reference value :  1.28070e-06
 Reference value :  1.28378e-06
 Reference value :  1.28758e-06
 Reference value :  1.29098e-06
 Reference value :  1.29698e-06
 Reference value :  1.30100e-06
 Reference value :  1.30477e-06
 Reference value :  1.30857e-06
 Reference value :  1.31217e-06
 Reference value :  1.31617e-06
 Reference value :  1.32002e-06
 Reference value :  1.32258e-06
 Reference value :  1.32718e-06
 Reference value :  1.33238e-06
 Reference value :  1.33778e-06
 Reference value :  1.34114e-06
 Reference value :  1.34457e-06
 Reference value :  1.34897e-06
 Reference value :  1.35337e-06
 Reference value :  1.35737e-06
 Reference value :  1.36070e-06
 Reference value :  1.36338e-06
 Reference value :  1.36838e-06
 Reference value :  1.37318e-06
 Reference value :  1.37598e-06
 Reference value :  1.37858e-06
 Reference value :  1.38114e-06
 Reference value :  1.38537e-06
 Reference value :  1.38957e-06
 Reference value :  1.39377e-06
 Reference value :  1.39797e-06
 Reference value :  1.40102e-06
 Reference value :  1.40498e-06
 Reference value :  1.40898e-06
 Reference value :  1.41438e-06
 Reference value :  1.41989e-06
 Reference value :  1.42277e-06
 Reference value :  1.42717e-06
 Reference value :  1.43177e-06
 Reference value :  1.43637e-06
 Reference value :  1.44002e-06
 Reference value :  1.44258e-06
 Reference value :  1.44718e-06
 Reference value :  1.45238e-06
 Reference value :  1.45798e-06
 Reference value :  1.46125e-06
 Reference value :  1.46577e-06
 Reference value :  1.46977e-06
 Reference value :  1.47437e-06
 Reference value :  1.47857e-06
 Reference value :  1.48112e-06
 Reference value :  1.48518e-06
 Reference value :  1.48918e-06
 Reference value :  1.49238e-06
 Reference value :  1.49798e-06
 Reference value :  1.50125e-06
 Reference value :  1.50537e-06
 Reference value :  1.50957e-06
 Reference value :  1.51397e-06
 Reference value :  1.51857e-06
 Reference value :  1.52112e-06
 Reference value :  1.52538e-06
 Reference value :  1.53078e-06
 Reference value :  1.53558e-06
 Reference value :  1.54070e-06
 Reference value :  1.54357e-06
 Reference value :  1.54737e-06
 Reference value :  1.55197e-06
 Reference value :  1.55597e-06
 Reference value :  1.56000e-06
 Reference value :  1.56112e-06
 Reference value :  1.56558e-06
 Reference value :  1.57058e-06
 Reference value :  1.57598e-06
 Reference value :  1.58085e-06
 Reference value :  1.58377e-06
 Reference value :  1.58837e-06
 Reference value :  1.59237e-06
 Reference value :  1.59697e-06
 Reference value :  1.60050e-06
 Reference value :  1.60338e-06
 Reference value :  1.60858e-06
 Reference value :  1.61318e-06
 Reference value :  1.61938e-06
 Reference value :  1.62177e-06
 Reference value :  1.62617e-06
 Reference value :  1.63037e-06
 Reference value :  1.63497e-06
 Reference value :  1.63937e-06
 Reference value :  1.64123e-06
 Reference value :  1.64578e-06
 Reference value :  1.65078e-06
 Reference value :  1.65678e-06
 Reference value :  1.66100e-06
 Reference value :  1.66477e-06
 Reference value :  1.66937e-06
 Reference value :  1.67357e-06
 Reference value :  1.67577e-06
 Reference value :  1.67617e-06
 Reference value :  1.67677e-06
 Reference value :  1.67717e-06
 Reference value :  1.67757e-06
 Reference value :  1.68050e-06
 Reference value :  1.68338e-06
 Reference value :  1.68818e-06
 Reference value :  1.69358e-06
 Reference value :  1.69978e-06
 Reference value :  1.70217e-06
 Reference value :  1.70677e-06
 Reference value :  1.71097e-06
 Reference value :  1.71557e-06
 Reference value :  1.71977e-06
 Reference value :  1.72178e-06
 Reference value :  1.72598e-06
 Reference value :  1.73078e-06
 Reference value :  1.73698e-06
 Reference value :  1.74085e-06
 Reference value :  1.74437e-06
 Reference value :  1.74857e-06
 Reference value :  1.75317e-06
 Reference value :  1.75777e-06
 Reference value :  1.76085e-06
 Reference value :  1.76438e-06
 Reference value :  1.76798e-06
 Reference value :  1.77318e-06
 Reference value :  1.77898e-06
 Reference value :  1.78157e-06
 Reference value :  1.78597e-06
 Reference value :  1.78977e-06
 Reference value :  1.79437e-06
 Reference value :  1.79857e-06
 Reference value :  1.80112e-06
 Reference value :  1.80538e-06
 Reference value :  1.81058e-06
 Reference value :  1.81678e-06
 Reference value :  1.82085e-06
 Reference value :  1.82417e-06
 Reference value :  1.82817e-06
 Reference value :  1.83277e-06
 Reference value :  1.83697e-06
 Reference value :  1.84070e-06
 Reference value :  1.84378e-06
 Reference value :  1.84878e-06
 Reference value :  1.85418e-06
 Reference value :  1.85978e-06
 Reference value :  1.86257e-06
 Reference value :  1.86657e-06
 Reference value :  1.87117e-06
 Reference value :  1.87577e-06
 Reference value :  1.87988e-06
 Reference value :  1.88123e-06
 Reference value :  1.88538e-06
 Reference value :  1.89078e-06
 Reference value :  1.89638e-06
 Reference value :  1.90100e-06
 Reference value :  1.90477e-06
 Reference value :  1.90897e-06
 Reference value :  1.91357e-06
 Reference value :  1.91757e-06
 Reference value :  1.92085e-06
 Reference value :  1.92398e-06
 Reference value :  1.92938e-06
 Reference value :  1.93478e-06
 Reference value :  1.93778e-06
 Reference value :  1.94114e-06
 Reference value :  1.94497e-06
 Reference value :  1.94957e-06
 Reference value :  1.95377e-06
 Reference value :  1.95577e-06
 Reference value :  1.95988e-06
 Reference value :  1.96218e-06
 Reference value :  1.96698e-06
 Reference value :  1.97158e-06
 Reference value :  1.97758e-06
 Reference value :  1.98102e-06
 Reference value :  1.98497e-06
 Reference value :  1.98937e-06
 Reference value :  1.99377e-06
 Reference value :  1.99837e-06
 Reference value :  2.00100e-06
 Reference value :  2.00478e-06
 Reference value :  2.00978e-06
 Reference value :  2.01478e-06
 Reference value :  2.02006e-06
 Reference value :  2.02317e-06
 Reference value :  2.02777e-06
 Reference value :  2.03157e-06
 Reference value :  2.03617e-06
 Reference value :  2.04000e-06
 Reference value :  2.04258e-06
 Reference value :  2.04718e-06
 Reference value :  2.05258e-06
 Reference value :  2.05858e-06
 Reference value :  2.06125e-06
 Reference value :  2.06577e-06
 Reference value :  2.06997e-06
 Reference value :  2.07437e-06
 Reference value :  2.07857e-06
 Reference value :  2.08105e-06
 Reference value :  2.08518e-06
 Reference value :  2.08998e-06
 Reference value :  2.09578e-06
 Reference value :  2.10050e-06
 Reference value :  2.10377e-06
 Reference value :  2.10757e-06
 Reference value :  2.11197e-06
 Reference value :  2.11657e-06
 Reference value :  2.12014e-06
 Reference value :  2.12298e-06
 Reference value :  2.12738e-06
 Reference value :  2.13258e-06
 Reference value :  2.13798e-06
 Reference value :  2.14125e-06
 Reference value :  2.14557e-06
 Reference value :  2.14977e-06
 Reference value :  2.15237e-06
 Reference value :  2.15297e-06
 Reference value :  2.15497e-06
 Reference value :  2.15777e-06
 Reference value :  2.16085e-06
 Reference value :  2.16378e-06
 Reference value :  2.16918e-06
 Reference value :  2.17098e-06
 Reference value :  2.17658e-06
 Reference value :  2.18100e-06
 Reference value :  2.18357e-06
 Reference value :  2.18657e-06
 Reference value :  2.18957e-06
 Reference value :  2.19397e-06
 Reference value :  2.19817e-06
 Reference value :  2.20102e-06
 Reference value :  2.20498e-06
 Reference value :  2.20978e-06
 Reference value :  2.21158e-06
 Reference value :  2.21518e-06
 Reference value :  2.22030e-06
 Reference value :  2.22357e-06
 Reference value :  2.22817e-06
 Reference value :  2.23257e-06
 Reference value :  2.23497e-06
 Reference value :  2.23957e-06
 Reference value :  2.24138e-06
 Reference value :  2.24518e-06
 Reference value :  2.24998e-06
 Reference value :  2.25578e-06
 Reference value :  2.26030e-06
 Reference value :  2.26217e-06
 Reference value :  2.26397e-06
 Reference value :  2.26717e-06
 Reference value :  2.27177e-06
 Reference value :  2.27617e-06
 Reference value :  2.28006e-06
 Reference value :  2.28238e-06
 Reference value :  2.28738e-06
 Reference value :  2.29258e-06
 Reference value :  2.29438e-06
 Reference value :  2.30002e-06
 Reference value :  2.30237e-06
 Reference value :  2.30697e-06
 Reference value :  2.31117e-06
 Reference value :  2.31477e-06
 Reference value :  2.31777e-06
 Reference value :  2.32030e-06
 Reference value :  2.32318e-06
 Reference value :  2.32798e-06
 Reference value :  2.33318e-06
 Reference value :  2.33878e-06
 Reference value :  2.34114e-06
 Reference value :  2.34337e-06
 Reference value :  2.34797e-06
 Reference value :  2.35257e-06
 Reference value :  2.35657e-06
 Reference value :  2.36014e-06
 Reference value :  2.36100e-06
 Reference value :  2.36398e-06
 Reference value :  2.36898e-06
 Reference value :  2.37418e-06
 Reference value :  2.38002e-06
 Reference value :  2.38257e-06
 Reference value :  2.38597e-06
 Reference value :  2.38797e-06
 Reference value :  2.39197e-06
 Reference value :  2.39597e-06
 Reference value :  2.40006e-06
 Reference value :  2.40278e-06
 Reference value :  2.40758e-06
 Reference value :  2.41298e-06
 Reference value :  2.41798e-06
 Reference value :  2.42100e-06
 Reference value :  2.42297e-06
 Reference value :  2.42737e-06
 Reference value :  2.43177e-06
 Reference value :  2.43637e-06
 Reference value :  2.44006e-06
 Reference value :  2.44178e-06
 Reference value :  2.44478e-06
 Reference value :  2.44898e-06
 Reference value :  2.45398e-06
 Reference value :  2.45958e-06
 Reference value :  2.46237e-06
 Reference value :  2.46477e-06
 Reference value :  2.46817e-06
 Reference value :  2.47277e-06
 Reference value :  2.47677e-06
 Reference value :  2.48070e-06
 Reference value :  2.48378e-06
 Reference value :  2.48918e-06
 Reference value :  2.49418e-06
 Reference value :  2.50002e-06
 Reference value :  2.50157e-06
 Reference value :  2.50437e-06
 Reference value :  2.50877e-06
 Reference value :  2.51277e-06
 Reference value :  2.51737e-06
 Reference value :  2.52070e-06
 Reference value :  2.52238e-06
 Reference value :  2.52498e-06
 Reference value :  2.52978e-06
 Reference value :  2.53538e-06
 Reference value :  2.54014e-06
 Reference value :  2.54297e-06
 Reference value :  2.54737e-06
 Reference value :  2.55197e-06
 Reference value :  2.55277e-06
 Reference value :  2.55677e-06
 Reference value :  2.56070e-06
 Reference value :  2.56338e-06
 Reference value :  2.56878e-06
 Reference value :  2.57178e-06
 Reference value :  2.57438e-06
 Reference value :  2.58002e-06
 Reference value :  2.58257e-06
 Reference value :  2.58717e-06
 Reference value :  2.59137e-06
 Reference value :  2.59397e-06
 Reference value :  2.59617e-06
 Reference value :  2.60014e-06
 Reference value :  2.60298e-06
 Reference value :  2.60778e-06
 Reference value :  2.61318e-06
 Reference value :  2.61718e-06
 Reference value :  2.62002e-06
 Reference value :  2.62100e-06
 Reference value :  2.62437e-06
 Reference value :  2.62877e-06
 Reference value :  2.63337e-06
 Reference value :  2.63677e-06
 Reference value :  2.63877e-06
 Reference value :  2.64112e-06
 Reference value :  2.64518e-06
 Reference value :  2.65038e-06
 Reference value :  2.65598e-06
 Reference value :  2.66050e-06
 Reference value :  2.66237e-06
 Reference value :  2.66577e-06
 Reference value :  2.66777e-06
 Reference value :  2.67217e-06
 Reference value :  2.67657e-06
 Reference value :  2.68002e-06
 Reference value :  2.68258e-06
 Reference value :  2.68718e-06
 Reference value :  2.69078e-06
 Reference value :  2.69578e-06
 Reference value :  2.70050e-06
 Reference value :  2.70357e-06
 Reference value :  2.70777e-06
 Reference value :  2.71217e-06
 Reference value :  2.71637e-06
 Reference value :  2.71988e-06
 Reference value :  2.72218e-06
 Reference value :  2.72478e-06
 Reference value :  2.73018e-06
 Reference value :  2.73558e-06
 Reference value :  2.74070e-06
 Reference value :  2.74377e-06
 Reference value :  2.74837e-06
 Reference value :  2.75297e-06
 Reference value :  2.75717e-06
 Reference value :  2.76030e-06
 Reference value :  2.76158e-06
 Reference value :  2.76538e-06
 Reference value :  2.77018e-06
 Reference value :  2.77598e-06
 Reference value :  2.78085e-06
 Reference value :  2.78397e-06
 Reference value :  2.78857e-06
 Reference value :  2.79177e-06
 Reference value :  2.79337e-06
 Reference value :  2.79477e-06
 Reference value :  2.79917e-06
 Reference value :  2.80138e-06
 Reference value :  2.80558e-06
 Reference value :  2.80978e-06
 Reference value :  2.81218e-06
 Reference value :  2.81338e-06
 Reference value :  2.81598e-06
 Reference value :  2.82002e-06
 Reference value :  2.82277e-06
 Reference value :  2.82737e-06
 Reference value :  2.83197e-06
 Reference value :  2.83597e-06
 Reference value :  2.84002e-06
 Reference value :  2.84158e-06
 Reference value :  2.84278e-06
 Reference value :  2.84538e-06
 Reference value :  2.85058e-06
 Reference value :  2.85578e-06
 Reference value :  2.86070e-06
 Reference value :  2.86357e-06
 Reference value :  2.86577e-06
 Reference value :  2.87037e-06
 Reference value :  2.87437e-06
 Reference value :  2.87877e-06
 Reference value :  2.88102e-06
 Reference value :  2.88498e-06
 Reference value :  2.89018e-06
 Reference value :  2.89438e-06
 Reference value :  2.89778e-06
 Reference value :  2.90070e-06
 Reference value :  2.90397e-06
 Reference value :  2.90797e-06
 Reference value :  2.91237e-06
 Reference value :  2.91477e-06
 Reference value :  2.91797e-06
 Reference value :  2.92100e-06
 Reference value :  2.92438e-06
 Reference value :  2.92978e-06
 Reference value :  2.93438e-06
 Reference value :  2.93838e-06
 Reference value :  2.94030e-06
 Reference value :  2.94337e-06
 Reference value :  2.94797e-06
 Reference value :  2.95217e-06
 Reference value :  2.95677e-06
 Reference value :  2.96002e-06
 Reference value :  2.96102e-06
 Reference value :  2.96438e-06
 Reference value :  2.96978e-06
 Reference value :  2.97158e-06
 Reference value :  2.97638e-06
 Reference value :  2.97758e-06
 Reference value :  2.98002e-06
 Reference value :  2.98297e-06
 Reference value :  2.98717e-06
 Reference value :  2.99177e-06
 Reference value :  2.99617e-06
 Reference value :  2.99857e-06
No. of Data Rows : 16066
sim/harness: analysis complete
Note: Simulation executed from .control section 
