
Note: Compatibility modes selected: hs a


Circuit: ** sch_path: /users/rwalters/github/sky130-pll/.loom/worktrees/issue-131/sim/divider-n63/testbench/tb_divider_n63.sch

option SCALE: Scale is set to 1e-06 for instance and model parameters
option SCALE: Scale is set to 1e-06 for instance and model parameters
option SCALE: Scale is set to 1e-06 for instance and model parameters
option SCALE: Scale is set to 1e-06 for instance and model parameters
Doing analysis at TEMP = 27.000000 and TNOM = 27.000000

Using KLU as Direct Linear Solver
 Reference value :  0.00000e+00
 Reference value :  1.46290e-09
 Reference value :  3.02762e-09
 Reference value :  4.58762e-09
 Reference value :  6.14763e-09
 Reference value :  8.00812e-09
 Reference value :  9.50763e-09
 Reference value :  1.10276e-08
 Reference value :  1.24676e-08
 Reference value :  1.39476e-08
 Reference value :  1.55476e-08
 Reference value :  1.68676e-08
 Reference value :  1.83876e-08
 Reference value :  2.00676e-08
 Reference value :  2.15876e-08
 Reference value :  2.31076e-08
 Reference value :  2.45076e-08
 Reference value :  2.61476e-08
 Reference value :  2.80081e-08
 Reference value :  2.94676e-08
 Reference value :  3.09476e-08
 Reference value :  3.23876e-08
 Reference value :  3.39738e-08
 Reference value :  3.55876e-08
 Reference value :  3.68676e-08
 Reference value :  3.83876e-08
 Reference value :  4.00676e-08
 Reference value :  4.15076e-08
 Reference value :  4.30676e-08
 Reference value :  4.44676e-08
 Reference value :  4.60676e-08
 Reference value :  4.79476e-08
 Reference value :  4.89876e-08
 Reference value :  5.05076e-08
 Reference value :  5.21076e-08
 Reference value :  5.37876e-08
 Reference value :  5.52676e-08
 Reference value :  5.65876e-08
 Reference value :  5.80676e-08
 Reference value :  6.00000e-08
 Reference value :  6.14676e-08
 Reference value :  6.29476e-08
 Reference value :  6.43876e-08
 Reference value :  6.59076e-08
 Reference value :  6.74676e-08
 Reference value :  6.87876e-08
 Reference value :  7.02676e-08
 Reference value :  7.20253e-08
 Reference value :  7.33061e-08
 Reference value :  7.49476e-08
 Reference value :  7.64676e-08
 Reference value :  7.81476e-08
 Reference value :  8.00037e-08
 Reference value :  8.11876e-08
 Reference value :  8.27476e-08
 Reference value :  8.43061e-08
 Reference value :  8.60038e-08
 Reference value :  8.76276e-08
 Reference value :  8.87876e-08
 Reference value :  9.03476e-08
 Reference value :  9.20396e-08
 Reference value :  9.37476e-08
 Reference value :  9.53076e-08
 Reference value :  9.66276e-08
 Reference value :  9.80256e-08
 Reference value :  9.99076e-08
 Reference value :  1.01188e-07
 Reference value :  1.02668e-07
 Reference value :  1.04228e-07
 Reference value :  1.05788e-07
 Reference value :  1.07348e-07
 Reference value :  1.08668e-07
 Reference value :  1.10228e-07
 Reference value :  1.12018e-07
 Reference value :  1.13386e-07
 Reference value :  1.14908e-07
 Reference value :  1.16388e-07
 Reference value :  1.18019e-07
 Reference value :  1.19788e-07
 Reference value :  1.20908e-07
 Reference value :  1.22468e-07
 Reference value :  1.24148e-07
 Reference value :  1.25974e-07
 Reference value :  1.27508e-07
 Reference value :  1.28748e-07
 Reference value :  1.30040e-07
 Reference value :  1.31948e-07
 Reference value :  1.33188e-07
 Reference value :  1.34628e-07
 Reference value :  1.36268e-07
 Reference value :  1.37748e-07
 Reference value :  1.39428e-07
 Reference value :  1.40708e-07
 Reference value :  1.42188e-07
 Reference value :  1.44008e-07
 Reference value :  1.45188e-07
 Reference value :  1.46748e-07
 Reference value :  1.48268e-07
 Reference value :  1.50000e-07
 Reference value :  1.51468e-07
 Reference value :  1.52668e-07
 Reference value :  1.54148e-07
 Reference value :  1.56008e-07
 Reference value :  1.57468e-07
 Reference value :  1.58988e-07
 Reference value :  1.60388e-07
 Reference value :  1.61948e-07
 Reference value :  1.63428e-07
 Reference value :  1.64748e-07
 Reference value :  1.66228e-07
 Reference value :  1.68013e-07
 Reference value :  1.69228e-07
 Reference value :  1.70748e-07
 Reference value :  1.72308e-07
 Reference value :  1.74013e-07
 Reference value :  1.75628e-07
 Reference value :  1.76788e-07
 Reference value :  1.78188e-07
 Reference value :  1.80004e-07
 Reference value :  1.81388e-07
 Reference value :  1.82788e-07
 Reference value :  1.84268e-07
 Reference value :  1.85828e-07
 Reference value :  1.87308e-07
 Reference value :  1.88628e-07
 Reference value :  1.90148e-07
 Reference value :  1.92000e-07
 Reference value :  1.93068e-07
 Reference value :  1.94628e-07
 Reference value :  1.96188e-07
 Reference value :  1.97908e-07
 Reference value :  1.99428e-07
 Reference value :  2.00708e-07
 Reference value :  2.02148e-07
 Reference value :  2.04008e-07
 Reference value :  2.05468e-07
 Reference value :  2.06868e-07
 Reference value :  2.08268e-07
 Reference value :  2.09748e-07
 Reference value :  2.11188e-07
 Reference value :  2.12508e-07
 Reference value :  2.14108e-07
 Reference value :  2.15974e-07
 Reference value :  2.16988e-07
 Reference value :  2.18428e-07
 Reference value :  2.20068e-07
 Reference value :  2.21748e-07
 Reference value :  2.23228e-07
 Reference value :  2.24708e-07
 Reference value :  2.26108e-07
 Reference value :  2.28000e-07
 Reference value :  2.29228e-07
 Reference value :  2.30668e-07
 Reference value :  2.32188e-07
 Reference value :  2.33668e-07
 Reference value :  2.35188e-07
 Reference value :  2.36508e-07
 Reference value :  2.38108e-07
 Reference value :  2.39974e-07
 Reference value :  2.41028e-07
 Reference value :  2.42388e-07
 Reference value :  2.44040e-07
 Reference value :  2.45708e-07
 Reference value :  2.47308e-07
 Reference value :  2.48626e-07
 Reference value :  2.50108e-07
 Reference value :  2.52000e-07
 Reference value :  2.53386e-07
 Reference value :  2.54868e-07
 Reference value :  2.56348e-07
 Reference value :  2.57668e-07
 Reference value :  2.59188e-07
 Reference value :  2.60588e-07
 Reference value :  2.62188e-07
 Reference value :  2.64013e-07
 Reference value :  2.65066e-07
 Reference value :  2.66588e-07
 Reference value :  2.68188e-07
 Reference value :  2.69948e-07
 Reference value :  2.71428e-07
 Reference value :  2.72668e-07
 Reference value :  2.74148e-07
 Reference value :  2.76013e-07
 Reference value :  2.77626e-07
 Reference value :  2.79148e-07
 Reference value :  2.80508e-07
 Reference value :  2.82148e-07
 Reference value :  2.84004e-07
 Reference value :  2.85148e-07
 Reference value :  2.86708e-07
 Reference value :  2.88266e-07
 Reference value :  2.90004e-07
 Reference value :  2.91628e-07
 Reference value :  2.92788e-07
 Reference value :  2.94308e-07
 Reference value :  2.96040e-07
 Reference value :  2.97748e-07
 Reference value :  2.99228e-07
 Reference value :  3.00626e-07
 Reference value :  3.02108e-07
 Reference value :  3.04001e-07
 Reference value :  3.05388e-07
 Reference value :  3.06868e-07
 Reference value :  3.08348e-07
 Reference value :  3.10004e-07
 Reference value :  3.11668e-07
 Reference value :  3.13066e-07
 Reference value :  3.14548e-07
 Reference value :  3.16188e-07
 Reference value :  3.17628e-07
 Reference value :  3.19228e-07
 Reference value :  3.20548e-07
 Reference value :  3.22148e-07
 Reference value :  3.24008e-07
 Reference value :  3.25146e-07
 Reference value :  3.26708e-07
 Reference value :  3.28268e-07
 Reference value :  3.30008e-07
 Reference value :  3.31668e-07
 Reference value :  3.32828e-07
 Reference value :  3.34308e-07
 Reference value :  3.36039e-07
 Reference value :  3.37706e-07
 Reference value :  3.39188e-07
 Reference value :  3.40508e-07
 Reference value :  3.42026e-07
 Reference value :  3.43948e-07
 Reference value :  3.45268e-07
 Reference value :  3.46788e-07
 Reference value :  3.48306e-07
 Reference value :  3.49866e-07
 Reference value :  3.51468e-07
 Reference value :  3.52788e-07
 Reference value :  3.54308e-07
 Reference value :  3.56019e-07
 Reference value :  3.57348e-07
 Reference value :  3.58988e-07
 Reference value :  3.60468e-07
 Reference value :  3.62068e-07
 Reference value :  3.64000e-07
 Reference value :  3.65108e-07
 Reference value :  3.66668e-07
 Reference value :  3.68268e-07
 Reference value :  3.70004e-07
 Reference value :  3.71588e-07
 Reference value :  3.72788e-07
 Reference value :  3.74308e-07
 Reference value :  3.76040e-07
 Reference value :  3.77788e-07
 Reference value :  3.79348e-07
 Reference value :  3.80708e-07
 Reference value :  3.82040e-07
 Reference value :  3.83974e-07
 Reference value :  3.85308e-07
 Reference value :  3.86828e-07
 Reference value :  3.88348e-07
 Reference value :  3.89974e-07
 Reference value :  3.91548e-07
 Reference value :  3.92908e-07
 Reference value :  3.94428e-07
 Reference value :  3.96068e-07
 Reference value :  3.97588e-07
 Reference value :  3.99188e-07
 Reference value :  4.00546e-07
 Reference value :  4.02188e-07
 Reference value :  4.04013e-07
 Reference value :  4.05348e-07
 Reference value :  4.06948e-07
 Reference value :  4.08428e-07
 Reference value :  4.10040e-07
 Reference value :  4.11908e-07
 Reference value :  4.13026e-07
 Reference value :  4.14628e-07
 Reference value :  4.16228e-07
 Reference value :  4.17974e-07
 Reference value :  4.19588e-07
 Reference value :  4.20748e-07
 Reference value :  4.22228e-07
 Reference value :  4.24018e-07
 Reference value :  4.25666e-07
 Reference value :  4.27188e-07
 Reference value :  4.28548e-07
 Reference value :  4.30026e-07
 Reference value :  4.31908e-07
 Reference value :  4.33268e-07
 Reference value :  4.34788e-07
 Reference value :  4.36306e-07
 Reference value :  4.38000e-07
 Reference value :  4.39588e-07
 Reference value :  4.40948e-07
 Reference value :  4.42468e-07
 Reference value :  4.44108e-07
 Reference value :  4.45548e-07
 Reference value :  4.47148e-07
 Reference value :  4.48506e-07
 Reference value :  4.50188e-07
 Reference value :  4.52012e-07
 Reference value :  4.53228e-07
 Reference value :  4.54788e-07
 Reference value :  4.56308e-07
 Reference value :  4.58013e-07
 Reference value :  4.59668e-07
 Reference value :  4.60866e-07
 Reference value :  4.62388e-07
 Reference value :  4.64068e-07
 Reference value :  4.65788e-07
 Reference value :  4.67308e-07
 Reference value :  4.68628e-07
 Reference value :  4.70148e-07
 Reference value :  4.72013e-07
 Reference value :  4.73586e-07
 Reference value :  4.75108e-07
 Reference value :  4.76508e-07
 Reference value :  4.78013e-07
 Reference value :  4.79828e-07
 Reference value :  4.81148e-07
 Reference value :  4.82668e-07
 Reference value :  4.84228e-07
 Reference value :  4.85788e-07
 Reference value :  4.87348e-07
 Reference value :  4.88748e-07
 Reference value :  4.90268e-07
 Reference value :  4.92019e-07
 Reference value :  4.93428e-07
 Reference value :  4.95068e-07
 Reference value :  4.96466e-07
 Reference value :  4.98068e-07
 Reference value :  4.99948e-07
 Reference value :  5.01226e-07
 Reference value :  5.02828e-07
 Reference value :  5.04348e-07
 Reference value :  5.06015e-07
 Reference value :  5.07788e-07
 Reference value :  5.08948e-07
 Reference value :  5.10228e-07
 Reference value :  5.12015e-07
 Reference value :  5.13628e-07
 Reference value :  5.15108e-07
 Reference value :  5.16508e-07
 Reference value :  5.18001e-07
 Reference value :  5.19708e-07
 Reference value :  5.21028e-07
 Reference value :  5.22508e-07
 Reference value :  5.24108e-07
 Reference value :  5.25628e-07
 Reference value :  5.27108e-07
 Reference value :  5.28506e-07
 Reference value :  5.30148e-07
 Reference value :  5.32013e-07
 Reference value :  5.33548e-07
 Reference value :  5.35068e-07
 Reference value :  5.36468e-07
 Reference value :  5.38004e-07
 Reference value :  5.39708e-07
 Reference value :  5.41028e-07
 Reference value :  5.42548e-07
 Reference value :  5.44148e-07
 Reference value :  5.45668e-07
 Reference value :  5.47228e-07
 Reference value :  5.48588e-07
 Reference value :  5.50188e-07
 Reference value :  5.52013e-07
 Reference value :  5.53306e-07
 Reference value :  5.54948e-07
 Reference value :  5.56428e-07
 Reference value :  5.58040e-07
 Reference value :  5.59948e-07
 Reference value :  5.61108e-07
 Reference value :  5.62668e-07
 Reference value :  5.64268e-07
 Reference value :  5.66004e-07
 Reference value :  5.67588e-07
 Reference value :  5.68788e-07
 Reference value :  5.70148e-07
 Reference value :  5.72008e-07
 Reference value :  5.73468e-07
 Reference value :  5.74948e-07
 Reference value :  5.76426e-07
 Reference value :  5.78004e-07
 Reference value :  5.79708e-07
 Reference value :  5.81108e-07
 Reference value :  5.82628e-07
 Reference value :  5.84228e-07
 Reference value :  5.85868e-07
 Reference value :  5.87468e-07
 Reference value :  5.88788e-07
 Reference value :  5.90308e-07
 Reference value :  5.92026e-07
 Reference value :  5.93468e-07
 Reference value :  5.95028e-07
 Reference value :  5.96468e-07
 Reference value :  5.98068e-07
 Reference value :  5.99974e-07
 Reference value :  6.01066e-07
 Reference value :  6.02628e-07
 Reference value :  6.04228e-07
 Reference value :  6.05974e-07
 Reference value :  6.07548e-07
 Reference value :  6.08788e-07
 Reference value :  6.10308e-07
 Reference value :  6.12040e-07
 Reference value :  6.13748e-07
 Reference value :  6.15268e-07
 Reference value :  6.16628e-07
 Reference value :  6.18108e-07
 Reference value :  6.20001e-07
 Reference value :  6.21388e-07
 Reference value :  6.22908e-07
 Reference value :  6.24386e-07
 Reference value :  6.26013e-07
 Reference value :  6.27788e-07
 Reference value :  6.29228e-07
 Reference value :  6.30748e-07
 Reference value :  6.32268e-07
 Reference value :  6.33668e-07
 Reference value :  6.35308e-07
 Reference value :  6.36628e-07
 Reference value :  6.38188e-07
 Reference value :  6.40013e-07
 Reference value :  6.41188e-07
 Reference value :  6.42748e-07
 Reference value :  6.44348e-07
 Reference value :  6.46015e-07
 Reference value :  6.47828e-07
 Reference value :  6.48986e-07
 Reference value :  6.50588e-07
 Reference value :  6.52228e-07
 Reference value :  6.53974e-07
 Reference value :  6.55548e-07
 Reference value :  6.56748e-07
 Reference value :  6.58268e-07
 Reference value :  6.60026e-07
 Reference value :  6.61708e-07
 Reference value :  6.63228e-07
 Reference value :  6.64588e-07
 Reference value :  6.66026e-07
 Reference value :  6.67908e-07
 Reference value :  6.69268e-07
 Reference value :  6.70828e-07
 Reference value :  6.72346e-07
 Reference value :  6.74000e-07
 Reference value :  6.75628e-07
 Reference value :  6.76988e-07
 Reference value :  6.78468e-07
 Reference value :  6.80148e-07
 Reference value :  6.81668e-07
 Reference value :  6.83228e-07
 Reference value :  6.84548e-07
 Reference value :  6.86148e-07
 Reference value :  6.88004e-07
 Reference value :  6.89228e-07
 Reference value :  6.90828e-07
 Reference value :  6.92348e-07
 Reference value :  6.94015e-07
 Reference value :  6.95788e-07
 Reference value :  6.96946e-07
 Reference value :  6.98388e-07
 Reference value :  7.00068e-07
 Reference value :  7.01788e-07
 Reference value :  7.03308e-07
 Reference value :  7.04628e-07
 Reference value :  7.06148e-07
 Reference value :  7.08008e-07
 Reference value :  7.09548e-07
 Reference value :  7.11028e-07
 Reference value :  7.12508e-07
 Reference value :  7.14019e-07
 Reference value :  7.15908e-07
 Reference value :  7.17228e-07
 Reference value :  7.18708e-07
 Reference value :  7.20268e-07
 Reference value :  7.21908e-07
 Reference value :  7.23468e-07
 Reference value :  7.24828e-07
 Reference value :  7.26348e-07
 Reference value :  7.28040e-07
 Reference value :  7.29388e-07
 Reference value :  7.30988e-07
 Reference value :  7.32428e-07
 Reference value :  7.34040e-07
 Reference value :  7.35908e-07
 Reference value :  7.36988e-07
 Reference value :  7.38588e-07
 Reference value :  7.40268e-07
 Reference value :  7.42008e-07
 Reference value :  7.43668e-07
 Reference value :  7.44868e-07
 Reference value :  7.46348e-07
 Reference value :  7.48040e-07
 Reference value :  7.49708e-07
 Reference value :  7.51188e-07
 Reference value :  7.52548e-07
 Reference value :  7.54040e-07
 Reference value :  7.55974e-07
 Reference value :  7.57348e-07
 Reference value :  7.58868e-07
 Reference value :  7.60348e-07
 Reference value :  7.61908e-07
 Reference value :  7.63548e-07
 Reference value :  7.64908e-07
 Reference value :  7.66468e-07
 Reference value :  7.68108e-07
 Reference value :  7.69508e-07
 Reference value :  7.71068e-07
 Reference value :  7.72468e-07
 Reference value :  7.74068e-07
 Reference value :  7.75974e-07
 Reference value :  7.77108e-07
 Reference value :  7.78628e-07
 Reference value :  7.80228e-07
 Reference value :  7.82013e-07
 Reference value :  7.83788e-07
 Reference value :  7.85148e-07
 Reference value :  7.86708e-07
 Reference value :  7.88308e-07
 Reference value :  7.89868e-07
 Reference value :  7.91468e-07
 Reference value :  7.92788e-07
 Reference value :  7.94348e-07
 Reference value :  7.96066e-07
 Reference value :  7.97666e-07
 Reference value :  7.99228e-07
 Reference value :  8.00588e-07
 Reference value :  8.02188e-07
 Reference value :  8.04013e-07
 Reference value :  8.05308e-07
 Reference value :  8.06868e-07
 Reference value :  8.08388e-07
 Reference value :  8.10015e-07
 Reference value :  8.11788e-07
 Reference value :  8.12948e-07
 Reference value :  8.14548e-07
 Reference value :  8.16148e-07
 Reference value :  8.17908e-07
 Reference value :  8.19388e-07
 Reference value :  8.20666e-07
 Reference value :  8.22040e-07
 Reference value :  8.23908e-07
 Reference value :  8.25228e-07
 Reference value :  8.26708e-07
 Reference value :  8.28228e-07
 Reference value :  8.29468e-07
 Reference value :  8.30868e-07
 Reference value :  8.32308e-07
 Reference value :  8.34008e-07
 Reference value :  8.35628e-07
 Reference value :  8.36788e-07
 Reference value :  8.38228e-07
 Reference value :  8.40013e-07
 Reference value :  8.41548e-07
 Reference value :  8.43028e-07
 Reference value :  8.44466e-07
 Reference value :  8.46015e-07
 Reference value :  8.47828e-07
 Reference value :  8.49108e-07
 Reference value :  8.50588e-07
 Reference value :  8.52228e-07
 Reference value :  8.53708e-07
 Reference value :  8.55268e-07
 Reference value :  8.56588e-07
 Reference value :  8.58148e-07
 Reference value :  8.60008e-07
 Reference value :  8.61188e-07
 Reference value :  8.62788e-07
 Reference value :  8.64388e-07
 Reference value :  8.66040e-07
 Reference value :  8.67908e-07
 Reference value :  8.69106e-07
 Reference value :  8.70708e-07
 Reference value :  8.72308e-07
 Reference value :  8.74013e-07
 Reference value :  8.75708e-07
 Reference value :  8.76868e-07
 Reference value :  8.78428e-07
 Reference value :  8.80108e-07
 Reference value :  8.81828e-07
 Reference value :  8.83428e-07
 Reference value :  8.84748e-07
 Reference value :  8.86108e-07
 Reference value :  8.88004e-07
 Reference value :  8.89428e-07
 Reference value :  8.90988e-07
 Reference value :  8.92466e-07
 Reference value :  8.94004e-07
 Reference value :  8.95708e-07
 Reference value :  8.97108e-07
 Reference value :  8.98628e-07
 Reference value :  9.00228e-07
 Reference value :  9.01828e-07
 Reference value :  9.03388e-07
 Reference value :  9.04708e-07
 Reference value :  9.06268e-07
 Reference value :  9.08026e-07
 Reference value :  9.09508e-07
 Reference value :  9.11068e-07
 Reference value :  9.12508e-07
 Reference value :  9.14148e-07
 Reference value :  9.16013e-07
 Reference value :  9.17226e-07
 Reference value :  9.18788e-07
 Reference value :  9.20348e-07
 Reference value :  9.22013e-07
 Reference value :  9.23828e-07
 Reference value :  9.24908e-07
 Reference value :  9.26468e-07
 Reference value :  9.28108e-07
 Reference value :  9.29974e-07
 Reference value :  9.31468e-07
 Reference value :  9.32788e-07
 Reference value :  9.34348e-07
 Reference value :  9.36108e-07
 Reference value :  9.37868e-07
 Reference value :  9.39388e-07
 Reference value :  9.40786e-07
 Reference value :  9.42348e-07
 Reference value :  9.44068e-07
 Reference value :  9.45868e-07
 Reference value :  9.47388e-07
 Reference value :  9.48708e-07
 Reference value :  9.50108e-07
 Reference value :  9.52015e-07
 Reference value :  9.53588e-07
 Reference value :  9.55148e-07
 Reference value :  9.56548e-07
 Reference value :  9.58015e-07
 Reference value :  9.60000e-07
 Reference value :  9.61428e-07
 Reference value :  9.62908e-07
 Reference value :  9.64388e-07
 Reference value :  9.66001e-07
 Reference value :  9.67628e-07
 Reference value :  9.68948e-07
 Reference value :  9.70468e-07
 Reference value :  9.72228e-07
 Reference value :  9.73828e-07
 Reference value :  9.75388e-07
 Reference value :  9.76748e-07
 Reference value :  9.78268e-07
 Reference value :  9.80026e-07
 Reference value :  9.81388e-07
 Reference value :  9.82948e-07
 Reference value :  9.84428e-07
 Reference value :  9.86019e-07
 Reference value :  9.87828e-07
 Reference value :  9.88868e-07
 Reference value :  9.90468e-07
 Reference value :  9.92148e-07
 Reference value :  9.93974e-07
 Reference value :  9.95628e-07
 Reference value :  9.96828e-07
 Reference value :  9.98348e-07
 Reference value :  1.00004e-06
 Reference value :  1.00175e-06
 Reference value :  1.00327e-06
 Reference value :  1.00463e-06
 Reference value :  1.00611e-06
 Reference value :  1.00800e-06
 Reference value :  1.00947e-06
 Reference value :  1.01099e-06
 Reference value :  1.01243e-06
 Reference value :  1.01379e-06
 Reference value :  1.01535e-06
 Reference value :  1.01679e-06
 Reference value :  1.01835e-06
 Reference value :  1.02004e-06
 Reference value :  1.02123e-06
 Reference value :  1.02283e-06
 Reference value :  1.02439e-06
 Reference value :  1.02602e-06
 Reference value :  1.02783e-06
 Reference value :  1.02895e-06
 Reference value :  1.03051e-06
 Reference value :  1.03211e-06
 Reference value :  1.03397e-06
 Reference value :  1.03555e-06
 Reference value :  1.03691e-06
 Reference value :  1.03843e-06
 Reference value :  1.04007e-06
 Reference value :  1.04147e-06
 Reference value :  1.04307e-06
 Reference value :  1.04447e-06
 Reference value :  1.04607e-06
 Reference value :  1.04797e-06
 Reference value :  1.04907e-06
 Reference value :  1.05075e-06
 Reference value :  1.05235e-06
 Reference value :  1.05407e-06
 Reference value :  1.05601e-06
 Reference value :  1.05739e-06
 Reference value :  1.05915e-06
 Reference value :  1.06055e-06
 Reference value :  1.06215e-06
 Reference value :  1.06401e-06
 Reference value :  1.06531e-06
 Reference value :  1.06687e-06
 Reference value :  1.06835e-06
 Reference value :  1.07003e-06
 Reference value :  1.07191e-06
 Reference value :  1.07299e-06
 Reference value :  1.07443e-06
 Reference value :  1.07611e-06
 Reference value :  1.07783e-06
 Reference value :  1.07935e-06
 Reference value :  1.08063e-06
 Reference value :  1.08207e-06
 Reference value :  1.08400e-06
 Reference value :  1.08539e-06
 Reference value :  1.08699e-06
 Reference value :  1.08843e-06
 Reference value :  1.09001e-06
 Reference value :  1.09179e-06
 Reference value :  1.09311e-06
 Reference value :  1.09459e-06
 Reference value :  1.09619e-06
 Reference value :  1.09779e-06
 Reference value :  1.09939e-06
 Reference value :  1.10075e-06
 Reference value :  1.10227e-06
 Reference value :  1.10403e-06
 Reference value :  1.10535e-06
 Reference value :  1.10691e-06
 Reference value :  1.10839e-06
 Reference value :  1.11002e-06
 Reference value :  1.11183e-06
 Reference value :  1.11291e-06
 Reference value :  1.11451e-06
 Reference value :  1.11615e-06
 Reference value :  1.11795e-06
 Reference value :  1.11947e-06
 Reference value :  1.12075e-06
 Reference value :  1.12219e-06
 Reference value :  1.12401e-06
 Reference value :  1.12555e-06
 Reference value :  1.12707e-06
 Reference value :  1.12847e-06
 Reference value :  1.13002e-06
 Reference value :  1.13183e-06
 Reference value :  1.13327e-06
 Reference value :  1.13479e-06
 Reference value :  1.13631e-06
 Reference value :  1.13775e-06
 Reference value :  1.13935e-06
 Reference value :  1.14067e-06
 Reference value :  1.14223e-06
 Reference value :  1.14402e-06
 Reference value :  1.14531e-06
 Reference value :  1.14691e-06
 Reference value :  1.14839e-06
 Reference value :  1.15004e-06
 Reference value :  1.15191e-06
 Reference value :  1.15303e-06
 Reference value :  1.15463e-06
 Reference value :  1.15623e-06
 Reference value :  1.15800e-06
 Reference value :  1.15955e-06
 Reference value :  1.16079e-06
 Reference value :  1.16239e-06
 Reference value :  1.16407e-06
 Reference value :  1.16583e-06
 Reference value :  1.16739e-06
 Reference value :  1.16867e-06
 Reference value :  1.17007e-06
 Reference value :  1.17200e-06
 Reference value :  1.17339e-06
 Reference value :  1.17495e-06
 Reference value :  1.17639e-06
 Reference value :  1.17800e-06
 Reference value :  1.17963e-06
 Reference value :  1.18099e-06
 Reference value :  1.18251e-06
 Reference value :  1.18415e-06
 Reference value :  1.18571e-06
 Reference value :  1.18723e-06
 Reference value :  1.18855e-06
 Reference value :  1.19015e-06
 Reference value :  1.19201e-06
 Reference value :  1.19331e-06
 Reference value :  1.19491e-06
 Reference value :  1.19643e-06
 Reference value :  1.19807e-06
 Reference value :  1.20000e-06
 Reference value :  1.20111e-06
 Reference value :  1.20279e-06
 Reference value :  1.20443e-06
 Reference value :  1.20619e-06
 Reference value :  1.20801e-06
 Reference value :  1.20907e-06
 Reference value :  1.21067e-06
 Reference value :  1.21227e-06
 Reference value :  1.21401e-06
 Reference value :  1.21571e-06
 Reference value :  1.21687e-06
 Reference value :  1.21851e-06
 Reference value :  1.22015e-06
 Reference value :  1.22191e-06
 Reference value :  1.22343e-06
 Reference value :  1.22467e-06
 Reference value :  1.22619e-06
 Reference value :  1.22802e-06
 Reference value :  1.22959e-06
 Reference value :  1.23115e-06
 Reference value :  1.23255e-06
 Reference value :  1.23402e-06
 Reference value :  1.23587e-06
 Reference value :  1.23719e-06
 Reference value :  1.23871e-06
 Reference value :  1.24027e-06
 Reference value :  1.24195e-06
 Reference value :  1.24355e-06
 Reference value :  1.24499e-06
 Reference value :  1.24655e-06
 Reference value :  1.24819e-06
 Reference value :  1.24975e-06
 Reference value :  1.25135e-06
 Reference value :  1.25267e-06
 Reference value :  1.25419e-06
 Reference value :  1.25601e-06
 Reference value :  1.25739e-06
 Reference value :  1.25899e-06
 Reference value :  1.26047e-06
 Reference value :  1.26207e-06
 Reference value :  1.26397e-06
 Reference value :  1.26507e-06
 Reference value :  1.26659e-06
 Reference value :  1.26827e-06
 Reference value :  1.27001e-06
 Reference value :  1.27175e-06
 Reference value :  1.27291e-06
 Reference value :  1.27443e-06
 Reference value :  1.27615e-06
 Reference value :  1.27791e-06
 Reference value :  1.27943e-06
 Reference value :  1.28067e-06
 Reference value :  1.28219e-06
 Reference value :  1.28401e-06
 Reference value :  1.28563e-06
 Reference value :  1.28723e-06
 Reference value :  1.28859e-06
 Reference value :  1.29019e-06
 Reference value :  1.29201e-06
 Reference value :  1.29327e-06
 Reference value :  1.29487e-06
 Reference value :  1.29639e-06
 Reference value :  1.29802e-06
 Reference value :  1.29979e-06
 Reference value :  1.30087e-06
 Reference value :  1.30247e-06
 Reference value :  1.30411e-06
 Reference value :  1.30587e-06
 Reference value :  1.30743e-06
 Reference value :  1.30871e-06
 Reference value :  1.31019e-06
 Reference value :  1.31201e-06
 Reference value :  1.31359e-06
 Reference value :  1.31511e-06
 Reference value :  1.31651e-06
 Reference value :  1.31803e-06
 Reference value :  1.31995e-06
 Reference value :  1.32127e-06
 Reference value :  1.32283e-06
 Reference value :  1.32435e-06
 Reference value :  1.32591e-06
 Reference value :  1.32751e-06
 Reference value :  1.32883e-06
 Reference value :  1.33035e-06
 Reference value :  1.33204e-06
 Reference value :  1.33339e-06
 Reference value :  1.33495e-06
 Reference value :  1.33643e-06
 Reference value :  1.33804e-06
 Reference value :  1.33995e-06
 Reference value :  1.34107e-06
 Reference value :  1.34267e-06
 Reference value :  1.34427e-06
 Reference value :  1.34601e-06
 Reference value :  1.34767e-06
 Reference value :  1.34883e-06
 Reference value :  1.35039e-06
 Reference value :  1.35207e-06
 Reference value :  1.35379e-06
 Reference value :  1.35531e-06
 Reference value :  1.35667e-06
 Reference value :  1.35807e-06
 Reference value :  1.36000e-06
 Reference value :  1.36143e-06
 Reference value :  1.36299e-06
 Reference value :  1.36443e-06
 Reference value :  1.36601e-06
 Reference value :  1.36775e-06
 Reference value :  1.36911e-06
 Reference value :  1.37059e-06
 Reference value :  1.37219e-06
 Reference value :  1.37375e-06
 Reference value :  1.37531e-06
 Reference value :  1.37663e-06
 Reference value :  1.37819e-06
 Reference value :  1.38001e-06
 Reference value :  1.38139e-06
 Reference value :  1.38299e-06
 Reference value :  1.38443e-06
 Reference value :  1.38603e-06
 Reference value :  1.38787e-06
 Reference value :  1.38899e-06
 Reference value :  1.39039e-06
 Reference value :  1.39207e-06
 Reference value :  1.39379e-06
 Reference value :  1.39531e-06
 Reference value :  1.39667e-06
 Reference value :  1.39811e-06
 Reference value :  1.40001e-06
 Reference value :  1.40151e-06
 Reference value :  1.40307e-06
 Reference value :  1.40447e-06
 Reference value :  1.40602e-06
 Reference value :  1.40795e-06
 Reference value :  1.40939e-06
 Reference value :  1.41091e-06
 Reference value :  1.41239e-06
 Reference value :  1.41401e-06
 Reference value :  1.41571e-06
 Reference value :  1.41707e-06
 Reference value :  1.41855e-06
 Reference value :  1.42015e-06
 Reference value :  1.42163e-06
 Reference value :  1.42307e-06
 Reference value :  1.42443e-06
 Reference value :  1.42603e-06
 Reference value :  1.42787e-06
 Reference value :  1.42895e-06
 Reference value :  1.43055e-06
 Reference value :  1.43219e-06
 Reference value :  1.43400e-06
 Reference value :  1.43559e-06
 Reference value :  1.43683e-06
 Reference value :  1.43835e-06
 Reference value :  1.44004e-06
 Reference value :  1.44171e-06
 Reference value :  1.44319e-06
 Reference value :  1.44451e-06
 Reference value :  1.44602e-06
 Reference value :  1.44791e-06
 Reference value :  1.44927e-06
 Reference value :  1.45075e-06
 Reference value :  1.45227e-06
 Reference value :  1.45375e-06
 Reference value :  1.45531e-06
 Reference value :  1.45663e-06
 Reference value :  1.45819e-06
 Reference value :  1.46001e-06
 Reference value :  1.46127e-06
 Reference value :  1.46287e-06
 Reference value :  1.46439e-06
 Reference value :  1.46603e-06
 Reference value :  1.46787e-06
 Reference value :  1.46903e-06
 Reference value :  1.47063e-06
 Reference value :  1.47227e-06
 Reference value :  1.47401e-06
 Reference value :  1.47559e-06
 Reference value :  1.47679e-06
 Reference value :  1.47847e-06
 Reference value :  1.48015e-06
 Reference value :  1.48195e-06
 Reference value :  1.48351e-06
 Reference value :  1.48475e-06
 Reference value :  1.48615e-06
 Reference value :  1.48801e-06
 Reference value :  1.48963e-06
 Reference value :  1.49115e-06
 Reference value :  1.49255e-06
 Reference value :  1.49403e-06
 Reference value :  1.49591e-06
 Reference value :  1.49731e-06
 Reference value :  1.49879e-06
 Reference value :  1.50031e-06
 Reference value :  1.50197e-06
 Reference value :  1.50359e-06
 Reference value :  1.50495e-06
 Reference value :  1.50647e-06
 Reference value :  1.50811e-06
 Reference value :  1.50987e-06
 Reference value :  1.51163e-06
 Reference value :  1.51299e-06
 Reference value :  1.51451e-06
 Reference value :  1.51615e-06
 Reference value :  1.51735e-06
 Reference value :  1.51895e-06
 Reference value :  1.52043e-06
 Reference value :  1.52207e-06
 Reference value :  1.52400e-06
 Reference value :  1.52499e-06
 Reference value :  1.52655e-06
 Reference value :  1.52819e-06
 Reference value :  1.52997e-06
 Reference value :  1.53151e-06
 Reference value :  1.53271e-06
 Reference value :  1.53423e-06
 Reference value :  1.53602e-06
 Reference value :  1.53783e-06
 Reference value :  1.53947e-06
 Reference value :  1.54083e-06
 Reference value :  1.54243e-06
 Reference value :  1.54411e-06
 Reference value :  1.54555e-06
 Reference value :  1.54715e-06
 Reference value :  1.54851e-06
 Reference value :  1.55015e-06
 Reference value :  1.55200e-06
 Reference value :  1.55315e-06
 Reference value :  1.55479e-06
 Reference value :  1.55631e-06
 Reference value :  1.55801e-06
 Reference value :  1.55975e-06
 Reference value :  1.56091e-06
 Reference value :  1.56247e-06
 Reference value :  1.56411e-06
 Reference value :  1.56583e-06
 Reference value :  1.56735e-06
 Reference value :  1.56867e-06
 Reference value :  1.57019e-06
 Reference value :  1.57201e-06
 Reference value :  1.57359e-06
 Reference value :  1.57511e-06
 Reference value :  1.57651e-06
 Reference value :  1.57801e-06
 Reference value :  1.57971e-06
 Reference value :  1.58103e-06
 Reference value :  1.58255e-06
 Reference value :  1.58419e-06
 Reference value :  1.58567e-06
 Reference value :  1.58731e-06
 Reference value :  1.58867e-06
 Reference value :  1.59023e-06
 Reference value :  1.59202e-06
 Reference value :  1.59343e-06
 Reference value :  1.59503e-06
 Reference value :  1.59647e-06
 Reference value :  1.59811e-06
 Reference value :  1.60000e-06
 Reference value :  1.60123e-06
 Reference value :  1.60291e-06
 Reference value :  1.60439e-06
 Reference value :  1.60604e-06
 Reference value :  1.60800e-06
 Reference value :  1.60907e-06
 Reference value :  1.61063e-06
 Reference value :  1.61223e-06
 Reference value :  1.61400e-06
 Reference value :  1.61555e-06
 Reference value :  1.61675e-06
 Reference value :  1.61823e-06
 Reference value :  1.62002e-06
 Reference value :  1.62167e-06
 Reference value :  1.62319e-06
 Reference value :  1.62459e-06
 Reference value :  1.62607e-06
 Reference value :  1.62797e-06
 Reference value :  1.62935e-06
 Reference value :  1.63087e-06
 Reference value :  1.63235e-06
 Reference value :  1.63400e-06
 Reference value :  1.63567e-06
 Reference value :  1.63703e-06
 Reference value :  1.63855e-06
 Reference value :  1.64019e-06
 Reference value :  1.64159e-06
 Reference value :  1.64323e-06
 Reference value :  1.64459e-06
 Reference value :  1.64619e-06
 Reference value :  1.64801e-06
 Reference value :  1.64927e-06
 Reference value :  1.65087e-06
 Reference value :  1.65239e-06
 Reference value :  1.65404e-06
 Reference value :  1.65591e-06
 Reference value :  1.65703e-06
 Reference value :  1.65863e-06
 Reference value :  1.66023e-06
 Reference value :  1.66200e-06
 Reference value :  1.66355e-06
 Reference value :  1.66475e-06
 Reference value :  1.66631e-06
 Reference value :  1.66804e-06
 Reference value :  1.66975e-06
 Reference value :  1.67127e-06
 Reference value :  1.67263e-06
 Reference value :  1.67404e-06
 Reference value :  1.67600e-06
 Reference value :  1.67747e-06
 Reference value :  1.67915e-06
 Reference value :  1.68063e-06
 Reference value :  1.68219e-06
 Reference value :  1.68402e-06
 Reference value :  1.68571e-06
 Reference value :  1.68727e-06
 Reference value :  1.68859e-06
 Reference value :  1.69007e-06
 Reference value :  1.69200e-06
 Reference value :  1.69339e-06
 Reference value :  1.69491e-06
 Reference value :  1.69639e-06
 Reference value :  1.69801e-06
 Reference value :  1.69975e-06
 Reference value :  1.70095e-06
 Reference value :  1.70247e-06
 Reference value :  1.70411e-06
 Reference value :  1.70551e-06
 Reference value :  1.70715e-06
 Reference value :  1.70851e-06
 Reference value :  1.71015e-06
 Reference value :  1.71200e-06
 Reference value :  1.71315e-06
 Reference value :  1.71471e-06
 Reference value :  1.71627e-06
 Reference value :  1.71800e-06
 Reference value :  1.71967e-06
 Reference value :  1.72087e-06
 Reference value :  1.72247e-06
 Reference value :  1.72419e-06
 Reference value :  1.72595e-06
 Reference value :  1.72747e-06
 Reference value :  1.72875e-06
 Reference value :  1.73027e-06
 Reference value :  1.73202e-06
 Reference value :  1.73351e-06
 Reference value :  1.73503e-06
 Reference value :  1.73647e-06
 Reference value :  1.73801e-06
 Reference value :  1.73983e-06
 Reference value :  1.74119e-06
 Reference value :  1.74271e-06
 Reference value :  1.74427e-06
 Reference value :  1.74587e-06
 Reference value :  1.74747e-06
 Reference value :  1.74883e-06
 Reference value :  1.75035e-06
 Reference value :  1.75204e-06
 Reference value :  1.75351e-06
 Reference value :  1.75511e-06
 Reference value :  1.75651e-06
 Reference value :  1.75815e-06
 Reference value :  1.76001e-06
 Reference value :  1.76131e-06
 Reference value :  1.76291e-06
 Reference value :  1.76443e-06
 Reference value :  1.76604e-06
 Reference value :  1.76795e-06
 Reference value :  1.76903e-06
 Reference value :  1.77047e-06
 Reference value :  1.77215e-06
 Reference value :  1.77395e-06
 Reference value :  1.77547e-06
 Reference value :  1.77671e-06
 Reference value :  1.77811e-06
 Reference value :  1.78000e-06
 Reference value :  1.78147e-06
 Reference value :  1.78299e-06
 Reference value :  1.78443e-06
 Reference value :  1.78601e-06
 Reference value :  1.78775e-06
 Reference value :  1.78919e-06
 Reference value :  1.79075e-06
 Reference value :  1.79231e-06
 Reference value :  1.79401e-06
 Reference value :  1.79575e-06
 Reference value :  1.79691e-06
 Reference value :  1.79843e-06
 Reference value :  1.80011e-06
 Reference value :  1.80183e-06
 Reference value :  1.80331e-06
 Reference value :  1.80463e-06
 Reference value :  1.80607e-06
 Reference value :  1.80797e-06
 Reference value :  1.80935e-06
 Reference value :  1.81083e-06
 Reference value :  1.81227e-06
 Reference value :  1.81379e-06
 Reference value :  1.81539e-06
 Reference value :  1.81675e-06
 Reference value :  1.81823e-06
 Reference value :  1.82002e-06
 Reference value :  1.82143e-06
 Reference value :  1.82299e-06
 Reference value :  1.82447e-06
 Reference value :  1.82607e-06
 Reference value :  1.82783e-06
 Reference value :  1.82895e-06
 Reference value :  1.83039e-06
 Reference value :  1.83219e-06
 Reference value :  1.83400e-06
 Reference value :  1.83555e-06
 Reference value :  1.83675e-06
 Reference value :  1.83819e-06
 Reference value :  1.84001e-06
 Reference value :  1.84155e-06
 Reference value :  1.84299e-06
 Reference value :  1.84439e-06
 Reference value :  1.84600e-06
 Reference value :  1.84767e-06
 Reference value :  1.84899e-06
 Reference value :  1.85051e-06
 Reference value :  1.85219e-06
 Reference value :  1.85379e-06
 Reference value :  1.85535e-06
 Reference value :  1.85671e-06
 Reference value :  1.85823e-06
 Reference value :  1.86002e-06
 Reference value :  1.86131e-06
 Reference value :  1.86291e-06
 Reference value :  1.86439e-06
 Reference value :  1.86602e-06
 Reference value :  1.86783e-06
 Reference value :  1.86891e-06
 Reference value :  1.87055e-06
 Reference value :  1.87219e-06
 Reference value :  1.87400e-06
 Reference value :  1.87559e-06
 Reference value :  1.87683e-06
 Reference value :  1.87835e-06
 Reference value :  1.88007e-06
 Reference value :  1.88179e-06
 Reference value :  1.88335e-06
 Reference value :  1.88467e-06
 Reference value :  1.88619e-06
 Reference value :  1.88802e-06
 Reference value :  1.88967e-06
 Reference value :  1.89119e-06
 Reference value :  1.89255e-06
 Reference value :  1.89401e-06
 Reference value :  1.89575e-06
 Reference value :  1.89707e-06
 Reference value :  1.89863e-06
 Reference value :  1.90023e-06
 Reference value :  1.90179e-06
 Reference value :  1.90343e-06
 Reference value :  1.90479e-06
 Reference value :  1.90635e-06
 Reference value :  1.90803e-06
 Reference value :  1.90931e-06
 Reference value :  1.91083e-06
 Reference value :  1.91235e-06
 Reference value :  1.91403e-06
 Reference value :  1.91595e-06
 Reference value :  1.91727e-06
 Reference value :  1.91887e-06
 Reference value :  1.92047e-06
 Reference value :  1.92215e-06
 Reference value :  1.92401e-06
 Reference value :  1.92527e-06
 Reference value :  1.92703e-06
 Reference value :  1.92859e-06
 Reference value :  1.93019e-06
 Reference value :  1.93202e-06
 Reference value :  1.93335e-06
 Reference value :  1.93495e-06
 Reference value :  1.93643e-06
 Reference value :  1.93804e-06
 Reference value :  1.93995e-06
 Reference value :  1.94103e-06
 Reference value :  1.94255e-06
 Reference value :  1.94423e-06
 Reference value :  1.94600e-06
 Reference value :  1.94767e-06
 Reference value :  1.94891e-06
 Reference value :  1.95051e-06
 Reference value :  1.95215e-06
 Reference value :  1.95395e-06
 Reference value :  1.95547e-06
 Reference value :  1.95679e-06
 Reference value :  1.95815e-06
 Reference value :  1.96001e-06
 Reference value :  1.96147e-06
 Reference value :  1.96299e-06
 Reference value :  1.96443e-06
 Reference value :  1.96601e-06
 Reference value :  1.96775e-06
 Reference value :  1.96911e-06
 Reference value :  1.97063e-06
 Reference value :  1.97223e-06
 Reference value :  1.97383e-06
 Reference value :  1.97535e-06
 Reference value :  1.97655e-06
 Reference value :  1.97819e-06
 Reference value :  1.98001e-06
 Reference value :  1.98139e-06
 Reference value :  1.98303e-06
 Reference value :  1.98451e-06
 Reference value :  1.98619e-06
 Reference value :  1.98807e-06
 Reference value :  1.98975e-06
 Reference value :  1.99135e-06
 Reference value :  1.99263e-06
 Reference value :  1.99419e-06
 Reference value :  1.99601e-06
 Reference value :  1.99735e-06
 Reference value :  1.99895e-06
 Reference value :  2.00047e-06
 Reference value :  2.00207e-06
 Reference value :  2.00397e-06
 Reference value :  2.00511e-06
 Reference value :  2.00671e-06
 Reference value :  2.00831e-06
 Reference value :  2.01001e-06
 Reference value :  2.01175e-06
 Reference value :  2.01295e-06
 Reference value :  2.01455e-06
 Reference value :  2.01619e-06
 Reference value :  2.01800e-06
 Reference value :  2.01951e-06
 Reference value :  2.02079e-06
 Reference value :  2.02204e-06
 Reference value :  2.02395e-06
 Reference value :  2.02531e-06
 Reference value :  2.02687e-06
 Reference value :  2.02839e-06
 Reference value :  2.02987e-06
 Reference value :  2.03151e-06
 Reference value :  2.03287e-06
 Reference value :  2.03443e-06
 Reference value :  2.03611e-06
 Reference value :  2.03767e-06
 Reference value :  2.03927e-06
 Reference value :  2.04075e-06
 Reference value :  2.04235e-06
 Reference value :  2.04407e-06
 Reference value :  2.04579e-06
 Reference value :  2.04731e-06
 Reference value :  2.04867e-06
 Reference value :  2.05004e-06
 Reference value :  2.05203e-06
 Reference value :  2.05331e-06
 Reference value :  2.05451e-06
 Reference value :  2.05607e-06
 Reference value :  2.05719e-06
 Reference value :  2.05839e-06
 Reference value :  2.06043e-06
 Reference value :  2.06291e-06
 Reference value :  2.06451e-06
 Reference value :  2.06601e-06
 Reference value :  2.06771e-06
 Reference value :  2.06883e-06
 Reference value :  2.07031e-06
 Reference value :  2.07200e-06
 Reference value :  2.07287e-06
 Reference value :  2.07415e-06
 Reference value :  2.07583e-06
 Reference value :  2.07687e-06
 Reference value :  2.07815e-06
 Reference value :  2.07979e-06
 Reference value :  2.08067e-06
 Reference value :  2.08197e-06
 Reference value :  2.08323e-06
 Reference value :  2.08439e-06
 Reference value :  2.08595e-06
 Reference value :  2.08711e-06
 Reference value :  2.08831e-06
 Reference value :  2.08955e-06
 Reference value :  2.09079e-06
 Reference value :  2.09211e-06
 Reference value :  2.09347e-06
 Reference value :  2.09459e-06
 Reference value :  2.09602e-06
 Reference value :  2.09703e-06
 Reference value :  2.09827e-06
 Reference value :  2.09997e-06
 Reference value :  2.10099e-06
 Reference value :  2.10223e-06
 Reference value :  2.10395e-06
 Reference value :  2.10479e-06
 Reference value :  2.10611e-06
 Reference value :  2.10775e-06
 Reference value :  2.10871e-06
 Reference value :  2.11004e-06
 Reference value :  2.11159e-06
 Reference value :  2.11263e-06
 Reference value :  2.11400e-06
 Reference value :  2.11527e-06
 Reference value :  2.11639e-06
 Reference value :  2.11791e-06
 Reference value :  2.11907e-06
 Reference value :  2.12027e-06
 Reference value :  2.12155e-06
 Reference value :  2.12279e-06
 Reference value :  2.12407e-06
 Reference value :  2.12547e-06
 Reference value :  2.12663e-06
 Reference value :  2.12802e-06
 Reference value :  2.12911e-06
 Reference value :  2.13035e-06
 Reference value :  2.13200e-06
 Reference value :  2.13307e-06
 Reference value :  2.13423e-06
 Reference value :  2.13591e-06
 Reference value :  2.13679e-06
 Reference value :  2.13807e-06
 Reference value :  2.13967e-06
 Reference value :  2.14075e-06
 Reference value :  2.14204e-06
 Reference value :  2.14355e-06
 Reference value :  2.14459e-06
 Reference value :  2.14591e-06
 Reference value :  2.14711e-06
 Reference value :  2.14831e-06
 Reference value :  2.14975e-06
 Reference value :  2.15091e-06
 Reference value :  2.15223e-06
 Reference value :  2.15339e-06
 Reference value :  2.15463e-06
 Reference value :  2.15603e-06
 Reference value :  2.15735e-06
 Reference value :  2.15851e-06
 Reference value :  2.16001e-06
 Reference value :  2.16095e-06
 Reference value :  2.16219e-06
 Reference value :  2.16387e-06
 Reference value :  2.16495e-06
 Reference value :  2.16635e-06
 Reference value :  2.16800e-06
 Reference value :  2.16911e-06
 Reference value :  2.17039e-06
 Reference value :  2.17200e-06
 Reference value :  2.17327e-06
 Reference value :  2.17447e-06
 Reference value :  2.17601e-06
 Reference value :  2.17687e-06
 Reference value :  2.17807e-06
 Reference value :  2.17967e-06
 Reference value :  2.18063e-06
 Reference value :  2.18202e-06
 Reference value :  2.18347e-06
 Reference value :  2.18451e-06
 Reference value :  2.18591e-06
 Reference value :  2.18711e-06
 Reference value :  2.18831e-06
 Reference value :  2.18983e-06
 Reference value :  2.19091e-06
 Reference value :  2.19215e-06
 Reference value :  2.19335e-06
 Reference value :  2.19459e-06
 Reference value :  2.19603e-06
 Reference value :  2.19763e-06
 Reference value :  2.19899e-06
 Reference value :  2.20023e-06
 Reference value :  2.20151e-06
 Reference value :  2.20271e-06
 Reference value :  2.20404e-06
 Reference value :  2.20543e-06
 Reference value :  2.20659e-06
 Reference value :  2.20802e-06
 Reference value :  2.20903e-06
 Reference value :  2.21023e-06
 Reference value :  2.21195e-06
 Reference value :  2.21295e-06
 Reference value :  2.21419e-06
 Reference value :  2.21583e-06
 Reference value :  2.21679e-06
 Reference value :  2.21807e-06
 Reference value :  2.21967e-06
 Reference value :  2.22071e-06
 Reference value :  2.22207e-06
 Reference value :  2.22363e-06
 Reference value :  2.22463e-06
 Reference value :  2.22602e-06
 Reference value :  2.22747e-06
 Reference value :  2.22851e-06
 Reference value :  2.23001e-06
 Reference value :  2.23135e-06
 Reference value :  2.23251e-06
 Reference value :  2.23397e-06
 Reference value :  2.23515e-06
 Reference value :  2.23639e-06
 Reference value :  2.23800e-06
 Reference value :  2.23927e-06
 Reference value :  2.24039e-06
 Reference value :  2.24171e-06
 Reference value :  2.24287e-06
 Reference value :  2.24411e-06
 Reference value :  2.24551e-06
 Reference value :  2.24667e-06
 Reference value :  2.24807e-06
 Reference value :  2.24931e-06
 Reference value :  2.25055e-06
 Reference value :  2.25201e-06
 Reference value :  2.25315e-06
 Reference value :  2.25431e-06
 Reference value :  2.25600e-06
 Reference value :  2.25687e-06
 Reference value :  2.25815e-06
 Reference value :  2.25987e-06
 Reference value :  2.26087e-06
 Reference value :  2.26215e-06
 Reference value :  2.26363e-06
 Reference value :  2.26459e-06
 Reference value :  2.26600e-06
 Reference value :  2.26735e-06
 Reference value :  2.26847e-06
 Reference value :  2.27001e-06
 Reference value :  2.27131e-06
 Reference value :  2.27243e-06
 Reference value :  2.27351e-06
 Reference value :  2.27471e-06
 Reference value :  2.27607e-06
 Reference value :  2.27747e-06
 Reference value :  2.27863e-06
 Reference value :  2.28003e-06
 Reference value :  2.28095e-06
 Reference value :  2.28215e-06
 Reference value :  2.28367e-06
 Reference value :  2.28459e-06
 Reference value :  2.28603e-06
 Reference value :  2.28751e-06
 Reference value :  2.28859e-06
 Reference value :  2.29000e-06
 Reference value :  2.29127e-06
 Reference value :  2.29239e-06
 Reference value :  2.29400e-06
 Reference value :  2.29523e-06
 Reference value :  2.29639e-06
 Reference value :  2.29797e-06
 Reference value :  2.29915e-06
 Reference value :  2.30035e-06
 Reference value :  2.30179e-06
 Reference value :  2.30303e-06
 Reference value :  2.30427e-06
 Reference value :  2.30575e-06
 Reference value :  2.30691e-06
 Reference value :  2.30819e-06
 Reference value :  2.30967e-06
 Reference value :  2.31095e-06
 Reference value :  2.31219e-06
 Reference value :  2.31371e-06
 Reference value :  2.31487e-06
 Reference value :  2.31611e-06
 Reference value :  2.31735e-06
 Reference value :  2.31863e-06
 Reference value :  2.32004e-06
 Reference value :  2.32143e-06
 Reference value :  2.32263e-06
 Reference value :  2.32403e-06
 Reference value :  2.32515e-06
 Reference value :  2.32635e-06
 Reference value :  2.32800e-06
 Reference value :  2.32899e-06
 Reference value :  2.33019e-06
 Reference value :  2.33183e-06
 Reference value :  2.33279e-06
 Reference value :  2.33401e-06
 Reference value :  2.33539e-06
 Reference value :  2.33647e-06
 Reference value :  2.33800e-06
 Reference value :  2.33919e-06
 Reference value :  2.34035e-06
 Reference value :  2.34187e-06
 Reference value :  2.34311e-06
 Reference value :  2.34431e-06
 Reference value :  2.34587e-06
 Reference value :  2.34703e-06
 Reference value :  2.34823e-06
 Reference value :  2.34943e-06
 Reference value :  2.35063e-06
 Reference value :  2.35203e-06
 Reference value :  2.35327e-06
 Reference value :  2.35435e-06
 Reference value :  2.35595e-06
 Reference value :  2.35675e-06
 Reference value :  2.35802e-06
 Reference value :  2.35947e-06
 Reference value :  2.36051e-06
 Reference value :  2.36201e-06
 Reference value :  2.36339e-06
 Reference value :  2.36447e-06
 Reference value :  2.36571e-06
 Reference value :  2.36687e-06
 Reference value :  2.36815e-06
 Reference value :  2.36959e-06
 Reference value :  2.37075e-06
 Reference value :  2.37219e-06
 Reference value :  2.37355e-06
 Reference value :  2.37475e-06
 Reference value :  2.37607e-06
 Reference value :  2.37747e-06
 Reference value :  2.37859e-06
 Reference value :  2.38001e-06
 Reference value :  2.38119e-06
 Reference value :  2.38247e-06
 Reference value :  2.38401e-06
 Reference value :  2.38511e-06
 Reference value :  2.38627e-06
 Reference value :  2.38797e-06
 Reference value :  2.38883e-06
 Reference value :  2.39011e-06
 Reference value :  2.39175e-06
 Reference value :  2.39271e-06
 Reference value :  2.39419e-06
 Reference value :  2.39583e-06
 Reference value :  2.39675e-06
 Reference value :  2.39800e-06
 Reference value :  2.39931e-06
 Reference value :  2.40043e-06
 Reference value :  2.40200e-06
 Reference value :  2.40319e-06
 Reference value :  2.40431e-06
 Reference value :  2.40559e-06
 Reference value :  2.40679e-06
 Reference value :  2.40811e-06
 Reference value :  2.40959e-06
 Reference value :  2.41075e-06
 Reference value :  2.41207e-06
 Reference value :  2.41323e-06
 Reference value :  2.41451e-06
 Reference value :  2.41602e-06
 Reference value :  2.41723e-06
 Reference value :  2.41843e-06
 Reference value :  2.42007e-06
 Reference value :  2.42135e-06
 Reference value :  2.42259e-06
 Reference value :  2.42402e-06
 Reference value :  2.42531e-06
 Reference value :  2.42643e-06
 Reference value :  2.42801e-06
 Reference value :  2.42895e-06
 Reference value :  2.43015e-06
 Reference value :  2.43175e-06
 Reference value :  2.43275e-06
 Reference value :  2.43407e-06
 Reference value :  2.43563e-06
 Reference value :  2.43663e-06
 Reference value :  2.43800e-06
 Reference value :  2.43923e-06
 Reference value :  2.44035e-06
 Reference value :  2.44183e-06
 Reference value :  2.44295e-06
 Reference value :  2.44419e-06
 Reference value :  2.44547e-06
 Reference value :  2.44667e-06
 Reference value :  2.44804e-06
 Reference value :  2.44943e-06
 Reference value :  2.45063e-06
 Reference value :  2.45202e-06
 Reference value :  2.45303e-06
 Reference value :  2.45423e-06
 Reference value :  2.45587e-06
 Reference value :  2.45687e-06
 Reference value :  2.45811e-06
 Reference value :  2.45967e-06
 Reference value :  2.46059e-06
 Reference value :  2.46183e-06
 Reference value :  2.46295e-06
 Reference value :  2.46411e-06
 Reference value :  2.46527e-06
 Reference value :  2.46639e-06
 Reference value :  2.46797e-06
 Reference value :  2.46879e-06
 Reference value :  2.47002e-06
 Reference value :  2.47171e-06
 Reference value :  2.47287e-06
 Reference value :  2.47419e-06
 Reference value :  2.47583e-06
 Reference value :  2.47679e-06
 Reference value :  2.47811e-06
 Reference value :  2.47947e-06
 Reference value :  2.48047e-06
 Reference value :  2.48195e-06
 Reference value :  2.48303e-06
 Reference value :  2.48423e-06
 Reference value :  2.48551e-06
 Reference value :  2.48675e-06
 Reference value :  2.48804e-06
 Reference value :  2.48935e-06
 Reference value :  2.49047e-06
 Reference value :  2.49201e-06
 Reference value :  2.49295e-06
 Reference value :  2.49415e-06
 Reference value :  2.49571e-06
 Reference value :  2.49659e-06
 Reference value :  2.49802e-06
 Reference value :  2.49935e-06
 Reference value :  2.50043e-06
 Reference value :  2.50183e-06
 Reference value :  2.50303e-06
 Reference value :  2.50427e-06
 Reference value :  2.50579e-06
 Reference value :  2.50691e-06
 Reference value :  2.50819e-06
 Reference value :  2.50951e-06
 Reference value :  2.51083e-06
 Reference value :  2.51227e-06
 Reference value :  2.51375e-06
 Reference value :  2.51499e-06
 Reference value :  2.51607e-06
 Reference value :  2.51723e-06
 Reference value :  2.51839e-06
 Reference value :  2.52000e-06
 Reference value :  2.52099e-06
 Reference value :  2.52215e-06
 Reference value :  2.52371e-06
 Reference value :  2.52471e-06
 Reference value :  2.52591e-06
 Reference value :  2.52735e-06
 Reference value :  2.52843e-06
 Reference value :  2.53000e-06
 Reference value :  2.53127e-06
 Reference value :  2.53243e-06
 Reference value :  2.53355e-06
 Reference value :  2.53475e-06
 Reference value :  2.53607e-06
 Reference value :  2.53739e-06
 Reference value :  2.53847e-06
 Reference value :  2.54000e-06
 Reference value :  2.54087e-06
 Reference value :  2.54215e-06
 Reference value :  2.54371e-06
 Reference value :  2.54479e-06
 Reference value :  2.54611e-06
 Reference value :  2.54787e-06
 Reference value :  2.54879e-06
 Reference value :  2.55011e-06
 Reference value :  2.55171e-06
 Reference value :  2.55271e-06
 Reference value :  2.55401e-06
 Reference value :  2.55531e-06
 Reference value :  2.55639e-06
 Reference value :  2.55797e-06
 Reference value :  2.55911e-06
 Reference value :  2.56027e-06
 Reference value :  2.56147e-06
 Reference value :  2.56263e-06
 Reference value :  2.56403e-06
 Reference value :  2.56527e-06
 Reference value :  2.56647e-06
 Reference value :  2.56800e-06
 Reference value :  2.56895e-06
 Reference value :  2.57015e-06
 Reference value :  2.57171e-06
 Reference value :  2.57263e-06
 Reference value :  2.57401e-06
 Reference value :  2.57523e-06
 Reference value :  2.57635e-06
 Reference value :  2.57779e-06
 Reference value :  2.57931e-06
 Reference value :  2.58039e-06
 Reference value :  2.58191e-06
 Reference value :  2.58295e-06
 Reference value :  2.58419e-06
 Reference value :  2.58519e-06
 Reference value :  2.58631e-06
 Reference value :  2.58795e-06
 Reference value :  2.58903e-06
 Reference value :  2.59023e-06
 Reference value :  2.59197e-06
 Reference value :  2.59279e-06
 Reference value :  2.59403e-06
 Reference value :  2.59547e-06
 Reference value :  2.59643e-06
 Reference value :  2.59795e-06
 Reference value :  2.59899e-06
 Reference value :  2.60019e-06
 Reference value :  2.60143e-06
 Reference value :  2.60267e-06
 Reference value :  2.60403e-06
 Reference value :  2.60527e-06
 Reference value :  2.60635e-06
 Reference value :  2.60800e-06
 Reference value :  2.60883e-06
 Reference value :  2.61007e-06
 Reference value :  2.61159e-06
 Reference value :  2.61251e-06
 Reference value :  2.61404e-06
 Reference value :  2.61547e-06
 Reference value :  2.61643e-06
 Reference value :  2.61767e-06
 Reference value :  2.61887e-06
 Reference value :  2.62019e-06
 Reference value :  2.62159e-06
 Reference value :  2.62283e-06
 Reference value :  2.62403e-06
 Reference value :  2.62495e-06
 Reference value :  2.62615e-06
 Reference value :  2.62771e-06
 Reference value :  2.62867e-06
 Reference value :  2.63007e-06
 Reference value :  2.63155e-06
 Reference value :  2.63255e-06
 Reference value :  2.63397e-06
 Reference value :  2.63523e-06
 Reference value :  2.63639e-06
 Reference value :  2.63771e-06
 Reference value :  2.63871e-06
 Reference value :  2.64003e-06
 Reference value :  2.64107e-06
 Reference value :  2.64239e-06
 Reference value :  2.64401e-06
 Reference value :  2.64515e-06
 Reference value :  2.64623e-06
 Reference value :  2.64783e-06
 Reference value :  2.64875e-06
 Reference value :  2.65000e-06
 Reference value :  2.65127e-06
 Reference value :  2.65239e-06
 Reference value :  2.65391e-06
 Reference value :  2.65503e-06
 Reference value :  2.65619e-06
 Reference value :  2.65731e-06
 Reference value :  2.65843e-06
 Reference value :  2.66000e-06
 Reference value :  2.66115e-06
 Reference value :  2.66227e-06
 Reference value :  2.66400e-06
 Reference value :  2.66487e-06
 Reference value :  2.66611e-06
 Reference value :  2.66779e-06
 Reference value :  2.66875e-06
 Reference value :  2.67007e-06
 Reference value :  2.67143e-06
 Reference value :  2.67243e-06
 Reference value :  2.67379e-06
 Reference value :  2.67495e-06
 Reference value :  2.67627e-06
 Reference value :  2.67791e-06
 Reference value :  2.67935e-06
 Reference value :  2.68063e-06
 Reference value :  2.68201e-06
 Reference value :  2.68359e-06
 Reference value :  2.68463e-06
 Reference value :  2.68602e-06
 Reference value :  2.68747e-06
 Reference value :  2.68851e-06
 Reference value :  2.68991e-06
 Reference value :  2.69111e-06
 Reference value :  2.69251e-06
 Reference value :  2.69407e-06
 Reference value :  2.69579e-06
 Reference value :  2.69671e-06
 Reference value :  2.69811e-06
 Reference value :  2.69967e-06
 Reference value :  2.70047e-06
 Reference value :  2.70195e-06
 Reference value :  2.70311e-06
 Reference value :  2.70431e-06
 Reference value :  2.70563e-06
 Reference value :  2.70687e-06
 Reference value :  2.70819e-06
 Reference value :  2.70963e-06
 Reference value :  2.71083e-06
 Reference value :  2.71211e-06
 Reference value :  2.71311e-06
 Reference value :  2.71423e-06
 Reference value :  2.71579e-06
 Reference value :  2.71675e-06
 Reference value :  2.71807e-06
 Reference value :  2.71963e-06
 Reference value :  2.72059e-06
 Reference value :  2.72195e-06
 Reference value :  2.72311e-06
 Reference value :  2.72427e-06
 Reference value :  2.72579e-06
 Reference value :  2.72691e-06
 Reference value :  2.72815e-06
 Reference value :  2.72935e-06
 Reference value :  2.73059e-06
 Reference value :  2.73202e-06
 Reference value :  2.73315e-06
 Reference value :  2.73419e-06
 Reference value :  2.73583e-06
 Reference value :  2.73675e-06
 Reference value :  2.73804e-06
 Reference value :  2.73955e-06
 Reference value :  2.74051e-06
 Reference value :  2.74201e-06
 Reference value :  2.74335e-06
 Reference value :  2.74443e-06
 Reference value :  2.74571e-06
 Reference value :  2.74695e-06
 Reference value :  2.74823e-06
 Reference value :  2.74971e-06
 Reference value :  2.75087e-06
 Reference value :  2.75215e-06
 Reference value :  2.75307e-06
 Reference value :  2.75427e-06
 Reference value :  2.75595e-06
 Reference value :  2.75699e-06
 Reference value :  2.75823e-06
 Reference value :  2.75995e-06
 Reference value :  2.76079e-06
 Reference value :  2.76204e-06
 Reference value :  2.76359e-06
 Reference value :  2.76459e-06
 Reference value :  2.76602e-06
 Reference value :  2.76739e-06
 Reference value :  2.76847e-06
 Reference value :  2.76995e-06
 Reference value :  2.77119e-06
 Reference value :  2.77239e-06
 Reference value :  2.77397e-06
 Reference value :  2.77515e-06
 Reference value :  2.77635e-06
 Reference value :  2.77739e-06
 Reference value :  2.77863e-06
 Reference value :  2.78002e-06
 Reference value :  2.78127e-06
 Reference value :  2.78239e-06
 Reference value :  2.78400e-06
 Reference value :  2.78483e-06
 Reference value :  2.78604e-06
 Reference value :  2.78767e-06
 Reference value :  2.78871e-06
 Reference value :  2.79004e-06
 Reference value :  2.79155e-06
 Reference value :  2.79255e-06
 Reference value :  2.79397e-06
 Reference value :  2.79515e-06
 Reference value :  2.79631e-06
 Reference value :  2.79795e-06
 Reference value :  2.79915e-06
 Reference value :  2.80035e-06
 Reference value :  2.80183e-06
 Reference value :  2.80299e-06
 Reference value :  2.80423e-06
 Reference value :  2.80539e-06
 Reference value :  2.80667e-06
 Reference value :  2.80804e-06
 Reference value :  2.80939e-06
 Reference value :  2.81055e-06
 Reference value :  2.81202e-06
 Reference value :  2.81303e-06
 Reference value :  2.81423e-06
 Reference value :  2.81595e-06
 Reference value :  2.81695e-06
 Reference value :  2.81815e-06
 Reference value :  2.81979e-06
 Reference value :  2.82071e-06
 Reference value :  2.82201e-06
 Reference value :  2.82347e-06
 Reference value :  2.82451e-06
 Reference value :  2.82601e-06
 Reference value :  2.82739e-06
 Reference value :  2.82851e-06
 Reference value :  2.83000e-06
 Reference value :  2.83127e-06
 Reference value :  2.83243e-06
 Reference value :  2.83397e-06
 Reference value :  2.83515e-06
 Reference value :  2.83631e-06
 Reference value :  2.83747e-06
 Reference value :  2.83871e-06
 Reference value :  2.84007e-06
 Reference value :  2.84163e-06
 Reference value :  2.84279e-06
 Reference value :  2.84411e-06
 Reference value :  2.84527e-06
 Reference value :  2.84647e-06
 Reference value :  2.84801e-06
 Reference value :  2.84915e-06
 Reference value :  2.85031e-06
 Reference value :  2.85197e-06
 Reference value :  2.85287e-06
 Reference value :  2.85411e-06
 Reference value :  2.85571e-06
 Reference value :  2.85675e-06
 Reference value :  2.85843e-06
 Reference value :  2.86001e-06
 Reference value :  2.86095e-06
 Reference value :  2.86223e-06
 Reference value :  2.86391e-06
 Reference value :  2.86491e-06
 Reference value :  2.86615e-06
 Reference value :  2.86775e-06
 Reference value :  2.86871e-06
 Reference value :  2.87001e-06
 Reference value :  2.87139e-06
 Reference value :  2.87247e-06
 Reference value :  2.87400e-06
 Reference value :  2.87531e-06
 Reference value :  2.87643e-06
 Reference value :  2.87779e-06
 Reference value :  2.87903e-06
 Reference value :  2.88027e-06
 Reference value :  2.88183e-06
 Reference value :  2.88303e-06
 Reference value :  2.88431e-06
 Reference value :  2.88563e-06
 Reference value :  2.88683e-06
 Reference value :  2.88807e-06
 Reference value :  2.88943e-06
 Reference value :  2.89055e-06
 Reference value :  2.89202e-06
 Reference value :  2.89311e-06
 Reference value :  2.89439e-06
 Reference value :  2.89600e-06
 Reference value :  2.89715e-06
 Reference value :  2.89835e-06
 Reference value :  2.90000e-06
 Reference value :  2.90087e-06
 Reference value :  2.90202e-06
 Reference value :  2.90351e-06
 Reference value :  2.90451e-06
 Reference value :  2.90601e-06
 Reference value :  2.90735e-06
 Reference value :  2.90863e-06
 Reference value :  2.91000e-06
 Reference value :  2.91135e-06
 Reference value :  2.91247e-06
 Reference value :  2.91401e-06
 Reference value :  2.91531e-06
 Reference value :  2.91643e-06
 Reference value :  2.91783e-06
 Reference value :  2.91907e-06
 Reference value :  2.92027e-06
 Reference value :  2.92175e-06
 Reference value :  2.92291e-06
 Reference value :  2.92419e-06
 Reference value :  2.92547e-06
 Reference value :  2.92691e-06
 Reference value :  2.92819e-06
 Reference value :  2.92963e-06
 Reference value :  2.93079e-06
 Reference value :  2.93207e-06
 Reference value :  2.93319e-06
 Reference value :  2.93435e-06
 Reference value :  2.93587e-06
 Reference value :  2.93675e-06
 Reference value :  2.93807e-06
 Reference value :  2.93959e-06
 Reference value :  2.94059e-06
 Reference value :  2.94200e-06
 Reference value :  2.94319e-06
 Reference value :  2.94431e-06
 Reference value :  2.94579e-06
 Reference value :  2.94691e-06
 Reference value :  2.94811e-06
 Reference value :  2.94951e-06
 Reference value :  2.95071e-06
 Reference value :  2.95202e-06
 Reference value :  2.95299e-06
 Reference value :  2.95415e-06
 Reference value :  2.95571e-06
 Reference value :  2.95667e-06
 Reference value :  2.95802e-06
 Reference value :  2.95955e-06
 Reference value :  2.96055e-06
 Reference value :  2.96201e-06
 Reference value :  2.96335e-06
 Reference value :  2.96447e-06
 Reference value :  2.96571e-06
 Reference value :  2.96695e-06
 Reference value :  2.96819e-06
 Reference value :  2.96959e-06
 Reference value :  2.97067e-06
 Reference value :  2.97201e-06
 Reference value :  2.97287e-06
 Reference value :  2.97415e-06
 Reference value :  2.97583e-06
 Reference value :  2.97691e-06
 Reference value :  2.97823e-06
 Reference value :  2.97991e-06
 Reference value :  2.98083e-06
 Reference value :  2.98211e-06
 Reference value :  2.98371e-06
 Reference value :  2.98471e-06
 Reference value :  2.98607e-06
 Reference value :  2.98783e-06
 Reference value :  2.98871e-06
 Reference value :  2.99003e-06
 Reference value :  2.99155e-06
 Reference value :  2.99251e-06
 Reference value :  2.99400e-06
 Reference value :  2.99519e-06
 Reference value :  2.99635e-06
 Reference value :  2.99767e-06
 Reference value :  2.99895e-06
 Reference value :  3.00027e-06
 Reference value :  3.00167e-06
 Reference value :  3.00279e-06
 Reference value :  3.00411e-06
 Reference value :  3.00527e-06
 Reference value :  3.00647e-06
 Reference value :  3.00801e-06
 Reference value :  3.00915e-06
 Reference value :  3.01027e-06
 Reference value :  3.01201e-06
 Reference value :  3.01291e-06
 Reference value :  3.01411e-06
 Reference value :  3.01597e-06
 Reference value :  3.01691e-06
 Reference value :  3.01815e-06
 Reference value :  3.02000e-06
 Reference value :  3.02091e-06
 Reference value :  3.02215e-06
 Reference value :  3.02375e-06
 Reference value :  3.02475e-06
 Reference value :  3.02604e-06
 Reference value :  3.02759e-06
 Reference value :  3.02863e-06
 Reference value :  3.02983e-06
 Reference value :  3.03103e-06
 Reference value :  3.03231e-06
 Reference value :  3.03383e-06
 Reference value :  3.03491e-06
 Reference value :  3.03611e-06
 Reference value :  3.03707e-06
 Reference value :  3.03823e-06
 Reference value :  3.03991e-06
 Reference value :  3.04075e-06
 Reference value :  3.04204e-06
 Reference value :  3.04351e-06
 Reference value :  3.04451e-06
 Reference value :  3.04587e-06
 Reference value :  3.04703e-06
 Reference value :  3.04819e-06
 Reference value :  3.04975e-06
 Reference value :  3.05091e-06
 Reference value :  3.05215e-06
 Reference value :  3.05367e-06
 Reference value :  3.05483e-06
 Reference value :  3.05611e-06
 Reference value :  3.05719e-06
 Reference value :  3.05835e-06
 Reference value :  3.05997e-06
 Reference value :  3.06091e-06
 Reference value :  3.06211e-06
 Reference value :  3.06367e-06
 Reference value :  3.06463e-06
 Reference value :  3.06601e-06
 Reference value :  3.06735e-06
 Reference value :  3.06839e-06
 Reference value :  3.06987e-06
 Reference value :  3.07099e-06
 Reference value :  3.07223e-06
 Reference value :  3.07351e-06
 Reference value :  3.07479e-06
 Reference value :  3.07611e-06
 Reference value :  3.07755e-06
 Reference value :  3.07875e-06
 Reference value :  3.08007e-06
 Reference value :  3.08115e-06
 Reference value :  3.08231e-06
 Reference value :  3.08401e-06
 Reference value :  3.08515e-06
 Reference value :  3.08631e-06
 Reference value :  3.08797e-06
 Reference value :  3.08887e-06
 Reference value :  3.09003e-06
 Reference value :  3.09155e-06
 Reference value :  3.09255e-06
 Reference value :  3.09402e-06
 Reference value :  3.09543e-06
 Reference value :  3.09651e-06
 Reference value :  3.09787e-06
 Reference value :  3.09907e-06
 Reference value :  3.10031e-06
 Reference value :  3.10179e-06
 Reference value :  3.10295e-06
 Reference value :  3.10419e-06
 Reference value :  3.10539e-06
 Reference value :  3.10655e-06
 Reference value :  3.10801e-06
 Reference value :  3.10911e-06
 Reference value :  3.11023e-06
 Reference value :  3.11197e-06
 Reference value :  3.11283e-06
 Reference value :  3.11411e-06
 Reference value :  3.11567e-06
 Reference value :  3.11663e-06
 Reference value :  3.11803e-06
 Reference value :  3.11987e-06
 Reference value :  3.12075e-06
 Reference value :  3.12231e-06
 Reference value :  3.12395e-06
 Reference value :  3.12487e-06
 Reference value :  3.12615e-06
 Reference value :  3.12775e-06
 Reference value :  3.12867e-06
 Reference value :  3.13001e-06
 Reference value :  3.13139e-06
 Reference value :  3.13243e-06
 Reference value :  3.13397e-06
 Reference value :  3.13507e-06
 Reference value :  3.13619e-06
 Reference value :  3.13739e-06
 Reference value :  3.13859e-06
 Reference value :  3.14002e-06
 Reference value :  3.14127e-06
 Reference value :  3.14243e-06
 Reference value :  3.14401e-06
 Reference value :  3.14499e-06
 Reference value :  3.14623e-06
 Reference value :  3.14795e-06
 Reference value :  3.14899e-06
 Reference value :  3.15015e-06
 Reference value :  3.15171e-06
 Reference value :  3.15267e-06
 Reference value :  3.15391e-06
 Reference value :  3.15515e-06
 Reference value :  3.15635e-06
 Reference value :  3.15795e-06
 Reference value :  3.15907e-06
 Reference value :  3.16027e-06
 Reference value :  3.16147e-06
 Reference value :  3.16267e-06
 Reference value :  3.16403e-06
 Reference value :  3.16535e-06
 Reference value :  3.16643e-06
 Reference value :  3.16800e-06
 Reference value :  3.16891e-06
 Reference value :  3.17015e-06
 Reference value :  3.17179e-06
 Reference value :  3.17279e-06
 Reference value :  3.17411e-06
 Reference value :  3.17571e-06
 Reference value :  3.17667e-06
 Reference value :  3.17802e-06
 Reference value :  3.17951e-06
 Reference value :  3.18051e-06
 Reference value :  3.18201e-06
 Reference value :  3.18331e-06
 Reference value :  3.18439e-06
 Reference value :  3.18567e-06
 Reference value :  3.18691e-06
 Reference value :  3.18815e-06
 Reference value :  3.18959e-06
 Reference value :  3.19075e-06
 Reference value :  3.19207e-06
 Reference value :  3.19323e-06
 Reference value :  3.19451e-06
 Reference value :  3.19602e-06
 Reference value :  3.19731e-06
 Reference value :  3.19847e-06
No. of Data Rows : 94280
sim/harness: analysis complete
Note: Simulation executed from .control section 
