
Note: Compatibility modes selected: hs a


Circuit: ** sch_path: /users/rwalters/github/sky130-pll/.loom/worktrees/issue-52/sim/vco/testbench/tb_vco.sch

option SCALE: Scale is set to 1e-06 for instance and model parameters
option SCALE: Scale is set to 1e-06 for instance and model parameters
option SCALE: Scale is set to 1e-06 for instance and model parameters
option SCALE: Scale is set to 1e-06 for instance and model parameters
Doing analysis at TEMP = -40.000000 and TNOM = 27.000000

Using KLU as Direct Linear Solver
Operating point simulation skipped by 'uic',
  now using transient initial conditions.
 Reference value :  5.00000e-13
 Reference value :  3.75542e-08
 Reference value :  7.52292e-08
 Reference value :  1.12829e-07
 Reference value :  1.50784e-07
 Reference value :  1.89447e-07
No. of Data Rows : 4033
Doing analysis at TEMP = -40.000000 and TNOM = 27.000000

Using KLU as Direct Linear Solver
Operating point simulation skipped by 'uic',
  now using transient initial conditions.
 Reference value :  1.50872e-08
 Reference value :  3.88717e-08
 Reference value :  6.21589e-08
 Reference value :  8.60436e-08
 Reference value :  1.11130e-07
 Reference value :  1.32653e-07
 Reference value :  1.54620e-07
 Reference value :  1.75967e-07
 Reference value :  1.99905e-07
No. of Data Rows : 4238
Doing analysis at TEMP = -40.000000 and TNOM = 27.000000

Using KLU as Direct Linear Solver
Operating point simulation skipped by 'uic',
  now using transient initial conditions.
 Reference value :  1.54006e-08
 Reference value :  3.16681e-08
 Reference value :  4.78294e-08
 Reference value :  6.30639e-08
 Reference value :  7.88439e-08
 Reference value :  9.51113e-08
 Reference value :  1.11379e-07
 Reference value :  1.27390e-07
 Reference value :  1.42287e-07
 Reference value :  1.58548e-07
 Reference value :  1.73733e-07
 Reference value :  1.89463e-07
No. of Data Rows : 4442
Doing analysis at TEMP = -40.000000 and TNOM = 27.000000

Using KLU as Direct Linear Solver
Operating point simulation skipped by 'uic',
  now using transient initial conditions.
 Reference value :  3.44281e-09
 Reference value :  1.45753e-08
 Reference value :  2.56834e-08
 Reference value :  3.67858e-08
 Reference value :  4.80297e-08
 Reference value :  5.86007e-08
 Reference value :  6.90455e-08
 Reference value :  7.97954e-08
 Reference value :  9.02186e-08
 Reference value :  1.01338e-07
 Reference value :  1.12494e-07
 Reference value :  1.23425e-07
 Reference value :  1.33918e-07
 Reference value :  1.44730e-07
 Reference value :  1.55666e-07
 Reference value :  1.66233e-07
 Reference value :  1.76983e-07
 Reference value :  1.87918e-07
 Reference value :  1.98242e-07
No. of Data Rows : 4986
Doing analysis at TEMP = -40.000000 and TNOM = 27.000000

Using KLU as Direct Linear Solver
Operating point simulation skipped by 'uic',
  now using transient initial conditions.
 Reference value :  7.50743e-09
 Reference value :  1.67003e-08
 Reference value :  2.60241e-08
 Reference value :  3.56527e-08
 Reference value :  4.51334e-08
 Reference value :  5.46531e-08
 Reference value :  6.41057e-08
 Reference value :  7.34848e-08
 Reference value :  8.32531e-08
 Reference value :  9.25677e-08
 Reference value :  1.02858e-07
 Reference value :  1.12461e-07
 Reference value :  1.22841e-07
 Reference value :  1.32941e-07
 Reference value :  1.42735e-07
 Reference value :  1.52743e-07
 Reference value :  1.66954e-07
 Reference value :  1.77099e-07
 Reference value :  1.86849e-07
 Reference value :  1.97040e-07
No. of Data Rows : 5269
Doing analysis at TEMP = -40.000000 and TNOM = 27.000000

Using KLU as Direct Linear Solver
Operating point simulation skipped by 'uic',
  now using transient initial conditions.
 Reference value :  5.66000e-09
 Reference value :  1.42884e-08
 Reference value :  2.26635e-08
 Reference value :  3.15511e-08
 Reference value :  4.00894e-08
 Reference value :  4.87978e-08
 Reference value :  5.80161e-08
 Reference value :  6.63104e-08
 Reference value :  7.50609e-08
 Reference value :  8.37813e-08
 Reference value :  9.25408e-08
 Reference value :  1.01322e-07
 Reference value :  1.10052e-07
 Reference value :  1.19292e-07
 Reference value :  1.27584e-07
 Reference value :  1.36289e-07
 Reference value :  1.45374e-07
 Reference value :  1.54140e-07
 Reference value :  1.62849e-07
 Reference value :  1.71340e-07
 Reference value :  1.80843e-07
 Reference value :  1.89591e-07
 Reference value :  1.98383e-07
No. of Data Rows : 5561
sim/harness: analysis complete
Note: Simulation executed from .control section 
