
Note: Compatibility modes selected: hs a


Circuit: ** sch_path: /users/rwalters/github/sky130-pll/.loom/worktrees/issue-52/sim/vco/testbench/tb_vco.sch

option SCALE: Scale is set to 1e-06 for instance and model parameters
option SCALE: Scale is set to 1e-06 for instance and model parameters
option SCALE: Scale is set to 1e-06 for instance and model parameters
option SCALE: Scale is set to 1e-06 for instance and model parameters
Doing analysis at TEMP = 125.000000 and TNOM = 27.000000

Using KLU as Direct Linear Solver
Operating point simulation skipped by 'uic',
  now using transient initial conditions.
 Reference value :  5.00000e-13
 Reference value :  3.44608e-08
 Reference value :  7.17368e-08
 Reference value :  1.07110e-07
 Reference value :  1.42932e-07
 Reference value :  1.78232e-07
No. of Data Rows : 4060
Doing analysis at TEMP = 125.000000 and TNOM = 27.000000

Using KLU as Direct Linear Solver
Operating point simulation skipped by 'uic',
  now using transient initial conditions.
 Reference value :  1.00370e-08
 Reference value :  4.10489e-08
 Reference value :  7.63686e-08
 Reference value :  1.07651e-07
 Reference value :  1.38576e-07
 Reference value :  1.69111e-07
No. of Data Rows : 4148
Doing analysis at TEMP = 125.000000 and TNOM = 27.000000

Using KLU as Direct Linear Solver
Operating point simulation skipped by 'uic',
  now using transient initial conditions.
 Reference value :  5.00000e-13
 Reference value :  2.78681e-08
 Reference value :  5.68794e-08
 Reference value :  8.57696e-08
 Reference value :  1.14880e-07
 Reference value :  1.43371e-07
 Reference value :  1.71804e-07
No. of Data Rows : 4161
Doing analysis at TEMP = 125.000000 and TNOM = 27.000000

Using KLU as Direct Linear Solver
Operating point simulation skipped by 'uic',
  now using transient initial conditions.
 Reference value :  5.00000e-13
 Reference value :  2.40091e-08
 Reference value :  4.64858e-08
 Reference value :  6.99601e-08
 Reference value :  9.30583e-08
 Reference value :  1.16426e-07
 Reference value :  1.39266e-07
 Reference value :  1.62186e-07
 Reference value :  1.85724e-07
No. of Data Rows : 4475
Doing analysis at TEMP = 125.000000 and TNOM = 27.000000

Using KLU as Direct Linear Solver
Operating point simulation skipped by 'uic',
  now using transient initial conditions.
 Reference value :  6.63046e-09
 Reference value :  2.78474e-08
 Reference value :  5.00578e-08
 Reference value :  7.30275e-08
 Reference value :  9.54051e-08
 Reference value :  1.17740e-07
 Reference value :  1.39095e-07
 Reference value :  1.61018e-07
 Reference value :  1.82260e-07
No. of Data Rows : 4513
Doing analysis at TEMP = 125.000000 and TNOM = 27.000000

Using KLU as Direct Linear Solver
Operating point simulation skipped by 'uic',
  now using transient initial conditions.
 Reference value :  2.21170e-09
 Reference value :  2.23547e-08
 Reference value :  4.32517e-08
 Reference value :  6.39182e-08
 Reference value :  8.47687e-08
 Reference value :  1.05677e-07
 Reference value :  1.26793e-07
 Reference value :  1.46836e-07
 Reference value :  1.67265e-07
 Reference value :  1.87674e-07
No. of Data Rows : 4598
sim/harness: analysis complete
Note: Simulation executed from .control section 
