
Note: Compatibility modes selected: hs a


Circuit: ** sch_path: /users/rwalters/github/sky130-pll/.loom/worktrees/issue-52/sim/vco/testbench/tb_vco.sch

option SCALE: Scale is set to 1e-06 for instance and model parameters
option SCALE: Scale is set to 1e-06 for instance and model parameters
option SCALE: Scale is set to 1e-06 for instance and model parameters
option SCALE: Scale is set to 1e-06 for instance and model parameters
Doing analysis at TEMP = -40.000000 and TNOM = 27.000000

Using KLU as Direct Linear Solver
Operating point simulation skipped by 'uic',
  now using transient initial conditions.
 Reference value :  5.00000e-13
 Reference value :  4.22149e-08
 Reference value :  8.69602e-08
 Reference value :  1.29857e-07
 Reference value :  1.72306e-07
No. of Data Rows : 4016
Doing analysis at TEMP = -40.000000 and TNOM = 27.000000

Using KLU as Direct Linear Solver
Operating point simulation skipped by 'uic',
  now using transient initial conditions.
 Reference value :  1.06636e-08
 Reference value :  4.40948e-08
 Reference value :  7.74945e-08
 Reference value :  1.10919e-07
 Reference value :  1.44836e-07
 Reference value :  1.78847e-07
No. of Data Rows : 4094
Doing analysis at TEMP = -40.000000 and TNOM = 27.000000

Using KLU as Direct Linear Solver
Operating point simulation skipped by 'uic',
  now using transient initial conditions.
 Reference value :  9.24247e-09
 Reference value :  3.80918e-08
 Reference value :  6.85644e-08
 Reference value :  9.78756e-08
 Reference value :  1.27684e-07
 Reference value :  1.56764e-07
 Reference value :  1.88529e-07
No. of Data Rows : 4196
Doing analysis at TEMP = -40.000000 and TNOM = 27.000000

Using KLU as Direct Linear Solver
Operating point simulation skipped by 'uic',
  now using transient initial conditions.
 Reference value :  1.43028e-08
 Reference value :  4.02789e-08
 Reference value :  6.62668e-08
 Reference value :  9.28889e-08
 Reference value :  1.19300e-07
 Reference value :  1.45534e-07
 Reference value :  1.71866e-07
No. of Data Rows : 4271
Doing analysis at TEMP = -40.000000 and TNOM = 27.000000

Using KLU as Direct Linear Solver
Operating point simulation skipped by 'uic',
  now using transient initial conditions.
 Reference value :  5.98109e-13
 Reference value :  2.38821e-08
 Reference value :  4.80323e-08
 Reference value :  7.23198e-08
 Reference value :  9.68690e-08
 Reference value :  1.22478e-07
 Reference value :  1.46429e-07
 Reference value :  1.70654e-07
 Reference value :  1.95873e-07
No. of Data Rows : 4345
Doing analysis at TEMP = -40.000000 and TNOM = 27.000000

Using KLU as Direct Linear Solver
Operating point simulation skipped by 'uic',
  now using transient initial conditions.
 Reference value :  1.93276e-08
 Reference value :  4.34000e-08
 Reference value :  6.76799e-08
 Reference value :  9.32312e-08
 Reference value :  1.17707e-07
 Reference value :  1.41968e-07
 Reference value :  1.66096e-07
 Reference value :  1.91167e-07
No. of Data Rows : 4323
sim/harness: analysis complete
Note: Simulation executed from .control section 
