
Note: Compatibility modes selected: hs a


Circuit: ** sch_path: /users/rwalters/github/sky130-pll/.loom/worktrees/issue-52/sim/vco/testbench/tb_vco.sch

option SCALE: Scale is set to 1e-06 for instance and model parameters
option SCALE: Scale is set to 1e-06 for instance and model parameters
option SCALE: Scale is set to 1e-06 for instance and model parameters
option SCALE: Scale is set to 1e-06 for instance and model parameters
Doing analysis at TEMP = -40.000000 and TNOM = 27.000000

Using KLU as Direct Linear Solver
Operating point simulation skipped by 'uic',
  now using transient initial conditions.
 Reference value :  5.00000e-13
 Reference value :  4.04133e-08
 Reference value :  8.08379e-08
 Reference value :  1.21526e-07
 Reference value :  1.62658e-07
No. of Data Rows : 4020
Doing analysis at TEMP = -40.000000 and TNOM = 27.000000

Using KLU as Direct Linear Solver
Operating point simulation skipped by 'uic',
  now using transient initial conditions.
 Reference value :  1.94842e-09
 Reference value :  3.71050e-08
 Reference value :  7.06808e-08
 Reference value :  1.07934e-07
 Reference value :  1.41011e-07
 Reference value :  1.75069e-07
No. of Data Rows : 4096
Doing analysis at TEMP = -40.000000 and TNOM = 27.000000

Using KLU as Direct Linear Solver
Operating point simulation skipped by 'uic',
  now using transient initial conditions.
 Reference value :  5.81958e-09
 Reference value :  3.41906e-08
 Reference value :  6.26279e-08
 Reference value :  9.11812e-08
 Reference value :  1.19867e-07
 Reference value :  1.51602e-07
 Reference value :  1.80026e-07
No. of Data Rows : 4214
Doing analysis at TEMP = -40.000000 and TNOM = 27.000000

Using KLU as Direct Linear Solver
Operating point simulation skipped by 'uic',
  now using transient initial conditions.
 Reference value :  7.21965e-09
 Reference value :  2.90700e-08
 Reference value :  5.19615e-08
 Reference value :  7.37993e-08
 Reference value :  9.63269e-08
 Reference value :  1.18844e-07
 Reference value :  1.41356e-07
 Reference value :  1.62956e-07
 Reference value :  1.85727e-07
No. of Data Rows : 4465
Doing analysis at TEMP = -40.000000 and TNOM = 27.000000

Using KLU as Direct Linear Solver
Operating point simulation skipped by 'uic',
  now using transient initial conditions.
 Reference value :  6.00302e-09
 Reference value :  2.65845e-08
 Reference value :  4.68577e-08
 Reference value :  6.78609e-08
 Reference value :  8.91867e-08
 Reference value :  1.09307e-07
 Reference value :  1.29761e-07
 Reference value :  1.50213e-07
 Reference value :  1.71747e-07
 Reference value :  1.92123e-07
No. of Data Rows : 4531
Doing analysis at TEMP = -40.000000 and TNOM = 27.000000

Using KLU as Direct Linear Solver
Operating point simulation skipped by 'uic',
  now using transient initial conditions.
 Reference value :  1.14503e-08
 Reference value :  3.27009e-08
 Reference value :  5.37050e-08
 Reference value :  7.46187e-08
 Reference value :  9.51867e-08
 Reference value :  1.16051e-07
 Reference value :  1.37350e-07
 Reference value :  1.57838e-07
 Reference value :  1.78050e-07
 Reference value :  1.97808e-07
No. of Data Rows : 4604
sim/harness: analysis complete
Note: Simulation executed from .control section 
