
Note: Compatibility modes selected: hs a


Circuit: ** sch_path: /users/rwalters/github/sky130-pll/.loom/worktrees/issue-52/sim/vco/testbench/tb_vco.sch

option SCALE: Scale is set to 1e-06 for instance and model parameters
option SCALE: Scale is set to 1e-06 for instance and model parameters
option SCALE: Scale is set to 1e-06 for instance and model parameters
option SCALE: Scale is set to 1e-06 for instance and model parameters
Doing analysis at TEMP = 125.000000 and TNOM = 27.000000

Using KLU as Direct Linear Solver
Operating point simulation skipped by 'uic',
  now using transient initial conditions.
 Reference value :  5.00000e-13
 Reference value :  3.66032e-08
 Reference value :  7.41328e-08
 Reference value :  1.11165e-07
 Reference value :  1.48520e-07
 Reference value :  1.86451e-07
No. of Data Rows : 4042
Doing analysis at TEMP = 125.000000 and TNOM = 27.000000

Using KLU as Direct Linear Solver
Operating point simulation skipped by 'uic',
  now using transient initial conditions.
 Reference value :  1.88016e-08
 Reference value :  5.19022e-08
 Reference value :  8.50380e-08
 Reference value :  1.18198e-07
 Reference value :  1.52274e-07
 Reference value :  1.86011e-07
No. of Data Rows : 4092
Doing analysis at TEMP = 125.000000 and TNOM = 27.000000

Using KLU as Direct Linear Solver
Operating point simulation skipped by 'uic',
  now using transient initial conditions.
 Reference value :  1.55382e-08
 Reference value :  4.47512e-08
 Reference value :  7.43061e-08
 Reference value :  1.03243e-07
 Reference value :  1.34415e-07
 Reference value :  1.63956e-07
 Reference value :  1.94471e-07
No. of Data Rows : 4205
Doing analysis at TEMP = 125.000000 and TNOM = 27.000000

Using KLU as Direct Linear Solver
Operating point simulation skipped by 'uic',
  now using transient initial conditions.
 Reference value :  1.71739e-08
 Reference value :  4.24598e-08
 Reference value :  6.54016e-08
 Reference value :  8.82258e-08
 Reference value :  1.12018e-07
 Reference value :  1.36236e-07
 Reference value :  1.59812e-07
 Reference value :  1.83238e-07
No. of Data Rows : 4391
Doing analysis at TEMP = 125.000000 and TNOM = 27.000000

Using KLU as Direct Linear Solver
Operating point simulation skipped by 'uic',
  now using transient initial conditions.
 Reference value :  5.31366e-09
 Reference value :  2.78792e-08
 Reference value :  5.01993e-08
 Reference value :  7.24918e-08
 Reference value :  9.43650e-08
 Reference value :  1.17059e-07
 Reference value :  1.39382e-07
 Reference value :  1.61964e-07
 Reference value :  1.84655e-07
No. of Data Rows : 4537
Doing analysis at TEMP = 125.000000 and TNOM = 27.000000

Using KLU as Direct Linear Solver
Operating point simulation skipped by 'uic',
  now using transient initial conditions.
 Reference value :  5.55734e-09
 Reference value :  2.66823e-08
 Reference value :  4.72664e-08
 Reference value :  6.89240e-08
 Reference value :  8.96768e-08
 Reference value :  1.09855e-07
 Reference value :  1.30439e-07
 Reference value :  1.51489e-07
 Reference value :  1.72028e-07
 Reference value :  1.93255e-07
No. of Data Rows : 4611
sim/harness: analysis complete
Note: Simulation executed from .control section 
