
Note: Compatibility modes selected: hs a


Circuit: ** sch_path: /home/ubuntu/github/sky130-pll/.loom/worktrees/issue-210/sim/vco-supply-pushing/testbench/tb_vco_pushing.sch

option SCALE: Scale is set to 1e-06 for instance and model parameters
option SCALE: Scale is set to 1e-06 for instance and model parameters
option SCALE: Scale is set to 1e-06 for instance and model parameters
option SCALE: Scale is set to 1e-06 for instance and model parameters
Doing analysis at TEMP = 125.000000 and TNOM = 27.000000

Using KLU as Direct Linear Solver
Operating point simulation skipped by 'uic',
  now using transient initial conditions.
 Reference value :  5.00000e-13
 Reference value :  5.29193e-13
 Reference value :  9.37892e-13
 Reference value :  2.84879e-12
 Reference value :  1.58637e-11
 Reference value :  3.55895e-11
 Reference value :  5.44491e-11
 Reference value :  9.34213e-11
 Reference value :  1.94205e-10
 Reference value :  2.94205e-10
 Reference value :  3.33511e-10
 Reference value :  4.75729e-10
 Reference value :  6.25729e-10
 Reference value :  7.25729e-10
 Reference value :  8.25729e-10
 Reference value :  9.25729e-10
 Reference value :  1.02573e-09
 Reference value :  1.12573e-09
 Reference value :  1.16303e-09
 Reference value :  1.23048e-09
 Reference value :  1.31414e-09
 Reference value :  1.41414e-09
 Reference value :  1.51414e-09
 Reference value :  1.61414e-09
 Reference value :  1.71414e-09
 Reference value :  1.74698e-09
 Reference value :  1.80903e-09
 Reference value :  1.93080e-09
 Reference value :  2.03080e-09
 Reference value :  2.13080e-09
 Reference value :  2.23080e-09
 Reference value :  2.32242e-09
 Reference value :  2.35161e-09
 Reference value :  2.37805e-09
 Reference value :  2.43744e-09
 Reference value :  2.53744e-09
 Reference value :  2.63744e-09
 Reference value :  2.73744e-09
 Reference value :  2.83744e-09
 Reference value :  2.93200e-09
 Reference value :  2.96995e-09
 Reference value :  3.04515e-09
 Reference value :  3.13116e-09
 Reference value :  3.28116e-09
 Reference value :  3.38116e-09
 Reference value :  3.48116e-09
 Reference value :  3.58116e-09
 Reference value :  3.60942e-09
 Reference value :  3.67346e-09
 Reference value :  3.80683e-09
 Reference value :  3.90683e-09
 Reference value :  4.00683e-09
 Reference value :  4.10683e-09
 Reference value :  4.18801e-09
 Reference value :  4.21775e-09
 Reference value :  4.27860e-09
 Reference value :  4.37860e-09
 Reference value :  4.47860e-09
 Reference value :  4.57860e-09
 Reference value :  4.67860e-09
 Reference value :  4.77860e-09
 Reference value :  4.81569e-09
 Reference value :  4.84710e-09
 Reference value :  4.91761e-09
 Reference value :  5.01761e-09
 Reference value :  5.11761e-09
 Reference value :  5.21761e-09
 Reference value :  5.31761e-09
 Reference value :  5.41761e-09
 Reference value :  5.45273e-09
 Reference value :  5.51982e-09
 Reference value :  5.60653e-09
 Reference value :  5.70653e-09
 Reference value :  5.80653e-09
 Reference value :  5.90653e-09
 Reference value :  6.00653e-09
 Reference value :  6.04599e-09
 Reference value :  6.07501e-09
 Reference value :  6.14640e-09
 Reference value :  6.23999e-09
 Reference value :  6.33999e-09
 Reference value :  6.48999e-09
 Reference value :  6.58999e-09
 Reference value :  6.67310e-09
 Reference value :  6.73655e-09
 Reference value :  6.81522e-09
 Reference value :  6.91064e-09
 Reference value :  7.01064e-09
 Reference value :  7.11064e-09
 Reference value :  7.21064e-09
 Reference value :  7.29528e-09
 Reference value :  7.36340e-09
 Reference value :  7.44573e-09
 Reference value :  7.54573e-09
 Reference value :  7.64573e-09
 Reference value :  7.74573e-09
 Reference value :  7.84573e-09
 Reference value :  7.92482e-09
 Reference value :  8.00038e-09
 Reference value :  8.09319e-09
 Reference value :  8.19319e-09
 Reference value :  8.29319e-09
 Reference value :  8.39319e-09
 Reference value :  8.49319e-09
 Reference value :  8.52391e-09
 Reference value :  8.55247e-09
 Reference value :  8.61180e-09
 Reference value :  8.71180e-09
 Reference value :  8.81180e-09
 Reference value :  8.91180e-09
 Reference value :  9.01180e-09
 Reference value :  9.11180e-09
 Reference value :  9.14431e-09
 Reference value :  9.20792e-09
 Reference value :  9.28824e-09
 Reference value :  9.38468e-09
 Reference value :  9.48468e-09
 Reference value :  9.58468e-09
 Reference value :  9.68468e-09
 Reference value :  9.77050e-09
 Reference value :  9.84091e-09
 Reference value :  9.92366e-09
 Reference value :  1.00237e-08
 Reference value :  1.01237e-08
 Reference value :  1.02237e-08
 Reference value :  1.03237e-08
 Reference value :  1.03606e-08
 Reference value :  1.03866e-08
 Reference value :  1.04569e-08
 Reference value :  1.05516e-08
 Reference value :  1.06516e-08
 Reference value :  1.07516e-08
 Reference value :  1.08516e-08
 Reference value :  1.09516e-08
 Reference value :  1.09866e-08
 Reference value :  1.10147e-08
 Reference value :  1.10831e-08
 Reference value :  1.11774e-08
 Reference value :  1.12774e-08
 Reference value :  1.13774e-08
 Reference value :  1.14774e-08
 Reference value :  1.15774e-08
 Reference value :  1.16133e-08
 Reference value :  1.16780e-08
 Reference value :  1.17584e-08
 Reference value :  1.18547e-08
 Reference value :  1.19547e-08
 Reference value :  1.20547e-08
 Reference value :  1.21547e-08
 Reference value :  1.21960e-08
 Reference value :  1.22227e-08
 Reference value :  1.22483e-08
 Reference value :  1.23044e-08
 Reference value :  1.24044e-08
 Reference value :  1.25044e-08
 Reference value :  1.26044e-08
 Reference value :  1.27044e-08
 Reference value :  1.28044e-08
 Reference value :  1.28402e-08
 Reference value :  1.29117e-08
 Reference value :  1.29975e-08
 Reference value :  1.30975e-08
 Reference value :  1.31975e-08
 Reference value :  1.32975e-08
 Reference value :  1.33975e-08
 Reference value :  1.34414e-08
 Reference value :  1.34707e-08
 Reference value :  1.35283e-08
 Reference value :  1.36081e-08
 Reference value :  1.37081e-08
 Reference value :  1.38081e-08
 Reference value :  1.39081e-08
 Reference value :  1.40081e-08
 Reference value :  1.40870e-08
 Reference value :  1.41552e-08
 Reference value :  1.42408e-08
 Reference value :  1.43408e-08
 Reference value :  1.44408e-08
 Reference value :  1.45408e-08
 Reference value :  1.46408e-08
 Reference value :  1.47227e-08
 Reference value :  1.47899e-08
 Reference value :  1.49271e-08
 Reference value :  1.50271e-08
 Reference value :  1.51771e-08
 Reference value :  1.52771e-08
 Reference value :  1.53050e-08
 Reference value :  1.53691e-08
 Reference value :  1.54464e-08
 Reference value :  1.55395e-08
 Reference value :  1.56395e-08
 Reference value :  1.57395e-08
 Reference value :  1.58395e-08
 Reference value :  1.58824e-08
 Reference value :  1.59123e-08
 Reference value :  1.59385e-08
 Reference value :  1.60463e-08
 Reference value :  1.61463e-08
 Reference value :  1.62463e-08
 Reference value :  1.63463e-08
 Reference value :  1.64463e-08
 Reference value :  1.65341e-08
 Reference value :  1.66089e-08
 Reference value :  1.66939e-08
 Reference value :  1.67939e-08
 Reference value :  1.68939e-08
 Reference value :  1.69939e-08
 Reference value :  1.70939e-08
 Reference value :  1.71439e-08
 Reference value :  1.71714e-08
 Reference value :  1.72348e-08
 Reference value :  1.73170e-08
 Reference value :  1.74170e-08
 Reference value :  1.75670e-08
 Reference value :  1.76670e-08
 Reference value :  1.77095e-08
 Reference value :  1.77497e-08
 Reference value :  1.77753e-08
 Reference value :  1.78469e-08
 Reference value :  1.79878e-08
 Reference value :  1.80878e-08
 Reference value :  1.81878e-08
 Reference value :  1.82878e-08
 Reference value :  1.83794e-08
 Reference value :  1.84106e-08
 Reference value :  1.84844e-08
 Reference value :  1.85839e-08
 Reference value :  1.86839e-08
 Reference value :  1.87839e-08
 Reference value :  1.88839e-08
 Reference value :  1.89839e-08
 Reference value :  1.90148e-08
 Reference value :  1.90835e-08
 Reference value :  1.91707e-08
 Reference value :  1.92707e-08
 Reference value :  1.93707e-08
 Reference value :  1.94707e-08
 Reference value :  1.95707e-08
 Reference value :  1.96109e-08
 Reference value :  1.96414e-08
 Reference value :  1.97127e-08
 Reference value :  1.98127e-08
 Reference value :  1.99127e-08
 Reference value :  2.00627e-08
 Reference value :  2.01627e-08
 Reference value :  2.02127e-08
 Reference value :  2.02470e-08
 Reference value :  2.03144e-08
 Reference value :  2.04011e-08
 Reference value :  2.05011e-08
 Reference value :  2.06011e-08
 Reference value :  2.07011e-08
 Reference value :  2.08011e-08
 Reference value :  2.08430e-08
 Reference value :  2.08735e-08
 Reference value :  2.09470e-08
 Reference value :  2.10442e-08
 Reference value :  2.11442e-08
 Reference value :  2.12942e-08
 Reference value :  2.13942e-08
 Reference value :  2.14762e-08
 Reference value :  2.15434e-08
 Reference value :  2.16294e-08
 Reference value :  2.17294e-08
 Reference value :  2.18294e-08
 Reference value :  2.19294e-08
 Reference value :  2.20294e-08
 Reference value :  2.21127e-08
 Reference value :  2.21925e-08
 Reference value :  2.22875e-08
 Reference value :  2.23875e-08
 Reference value :  2.24875e-08
 Reference value :  2.25875e-08
 Reference value :  2.26820e-08
 Reference value :  2.27129e-08
 Reference value :  2.28409e-08
 Reference value :  2.29409e-08
 Reference value :  2.30409e-08
 Reference value :  2.31409e-08
 Reference value :  2.32409e-08
 Reference value :  2.33291e-08
 Reference value :  2.33975e-08
 Reference value :  2.35295e-08
 Reference value :  2.36295e-08
 Reference value :  2.37795e-08
 Reference value :  2.38795e-08
 Reference value :  2.39123e-08
 Reference value :  2.39760e-08
 Reference value :  2.40591e-08
 Reference value :  2.41591e-08
 Reference value :  2.42591e-08
 Reference value :  2.43591e-08
 Reference value :  2.44591e-08
 Reference value :  2.45025e-08
 Reference value :  2.45360e-08
 Reference value :  2.45642e-08
 Reference value :  2.46789e-08
 Reference value :  2.47789e-08
 Reference value :  2.48789e-08
 Reference value :  2.49789e-08
 Reference value :  2.50789e-08
 Reference value :  2.51655e-08
 Reference value :  2.52345e-08
 Reference value :  2.53207e-08
 Reference value :  2.54198e-08
 Reference value :  2.55198e-08
 Reference value :  2.56198e-08
 Reference value :  2.57198e-08
 Reference value :  2.57698e-08
 Reference value :  2.57989e-08
 Reference value :  2.58663e-08
 Reference value :  2.59532e-08
 Reference value :  2.61032e-08
 Reference value :  2.62532e-08
 Reference value :  2.63532e-08
 Reference value :  2.63855e-08
 Reference value :  2.64455e-08
 Reference value :  2.65191e-08
 Reference value :  2.66120e-08
 Reference value :  2.67120e-08
 Reference value :  2.68120e-08
 Reference value :  2.69120e-08
 Reference value :  2.69998e-08
 Reference value :  2.70326e-08
 Reference value :  2.71040e-08
 Reference value :  2.72040e-08
 Reference value :  2.73040e-08
 Reference value :  2.74540e-08
 Reference value :  2.75540e-08
 Reference value :  2.76330e-08
 Reference value :  2.77037e-08
 Reference value :  2.77925e-08
 Reference value :  2.78925e-08
 Reference value :  2.79925e-08
 Reference value :  2.80925e-08
 Reference value :  2.81925e-08
 Reference value :  2.82272e-08
 Reference value :  2.82558e-08
 Reference value :  2.83202e-08
 Reference value :  2.84202e-08
 Reference value :  2.85202e-08
 Reference value :  2.86202e-08
 Reference value :  2.87702e-08
 Reference value :  2.88535e-08
 Reference value :  2.89171e-08
 Reference value :  2.89966e-08
 Reference value :  2.90926e-08
 Reference value :  2.91926e-08
 Reference value :  2.92926e-08
 Reference value :  2.93926e-08
 Reference value :  2.94774e-08
 Reference value :  2.95460e-08
 Reference value :  2.96282e-08
 Reference value :  2.97282e-08
 Reference value :  2.98282e-08
 Reference value :  2.99282e-08
 Reference value :  3.00282e-08
 Reference value :  3.01078e-08
 Reference value :  3.01921e-08
 Reference value :  3.02875e-08
 Reference value :  3.03875e-08
 Reference value :  3.04875e-08
 Reference value :  3.05875e-08
 Reference value :  3.06875e-08
 Reference value :  3.07189e-08
 Reference value :  3.07846e-08
 Reference value :  3.08660e-08
 Reference value :  3.09660e-08
 Reference value :  3.10660e-08
 Reference value :  3.11660e-08
 Reference value :  3.12660e-08
 Reference value :  3.13486e-08
 Reference value :  3.14317e-08
 Reference value :  3.15317e-08
 Reference value :  3.16317e-08
 Reference value :  3.17317e-08
 Reference value :  3.18317e-08
 Reference value :  3.19317e-08
 Reference value :  3.19640e-08
 Reference value :  3.20333e-08
 Reference value :  3.21709e-08
 Reference value :  3.22709e-08
 Reference value :  3.23709e-08
 Reference value :  3.24709e-08
 Reference value :  3.25546e-08
 Reference value :  3.26161e-08
 Reference value :  3.26925e-08
 Reference value :  3.27873e-08
 Reference value :  3.28873e-08
 Reference value :  3.29873e-08
 Reference value :  3.30873e-08
 Reference value :  3.31290e-08
 Reference value :  3.31585e-08
 Reference value :  3.31850e-08
 Reference value :  3.32945e-08
 Reference value :  3.33945e-08
 Reference value :  3.34945e-08
 Reference value :  3.36445e-08
 Reference value :  3.37376e-08
 Reference value :  3.37761e-08
 Reference value :  3.38498e-08
 Reference value :  3.39365e-08
 Reference value :  3.40365e-08
 Reference value :  3.41365e-08
 Reference value :  3.42365e-08
 Reference value :  3.43365e-08
 Reference value :  3.43814e-08
 Reference value :  3.44098e-08
 Reference value :  3.44691e-08
 Reference value :  3.45495e-08
 Reference value :  3.46495e-08
 Reference value :  3.47495e-08
 Reference value :  3.48995e-08
 Reference value :  3.49995e-08
 Reference value :  3.50280e-08
 Reference value :  3.50975e-08
 Reference value :  3.51850e-08
 Reference value :  3.52850e-08
 Reference value :  3.53850e-08
 Reference value :  3.54850e-08
 Reference value :  3.55850e-08
 Reference value :  3.56225e-08
 Reference value :  3.56508e-08
 Reference value :  3.57214e-08
 Reference value :  3.58633e-08
 Reference value :  3.59633e-08
 Reference value :  3.61133e-08
 Reference value :  3.62133e-08
 Reference value :  3.62461e-08
 Reference value :  3.63063e-08
 Reference value :  3.63810e-08
 Reference value :  3.64749e-08
 Reference value :  3.65749e-08
 Reference value :  3.66749e-08
 Reference value :  3.67749e-08
 Reference value :  3.68182e-08
 Reference value :  3.68533e-08
 Reference value :  3.68822e-08
 Reference value :  3.69990e-08
 Reference value :  3.70990e-08
 Reference value :  3.71990e-08
 Reference value :  3.73490e-08
 Reference value :  3.74490e-08
 Reference value :  3.74840e-08
 Reference value :  3.75518e-08
 Reference value :  3.76373e-08
 Reference value :  3.77361e-08
 Reference value :  3.78361e-08
 Reference value :  3.79361e-08
 Reference value :  3.80361e-08
 Reference value :  3.81142e-08
 Reference value :  3.81789e-08
 Reference value :  3.83135e-08
 Reference value :  3.84135e-08
 Reference value :  3.85135e-08
 Reference value :  3.86135e-08
 Reference value :  3.86963e-08
 Reference value :  3.87573e-08
 Reference value :  3.88383e-08
 Reference value :  3.89349e-08
 Reference value :  3.90349e-08
 Reference value :  3.91349e-08
 Reference value :  3.92349e-08
 Reference value :  3.92795e-08
 Reference value :  3.93171e-08
 Reference value :  3.93475e-08
 Reference value :  3.94170e-08
 Reference value :  3.95170e-08
 Reference value :  3.96170e-08
 Reference value :  3.97170e-08
 Reference value :  3.98170e-08
 Reference value :  3.99170e-08
 Reference value :  3.99494e-08
 Reference value :  4.00157e-08
 Reference value :  4.01012e-08
 Reference value :  4.02012e-08
 Reference value :  4.03012e-08
 Reference value :  4.04012e-08
 Reference value :  4.05012e-08
 Reference value :  4.05811e-08
 Reference value :  4.06505e-08
 Reference value :  4.07387e-08
 Reference value :  4.08387e-08
 Reference value :  4.09887e-08
 Reference value :  4.10887e-08
 Reference value :  4.11712e-08
 Reference value :  4.12321e-08
 Reference value :  4.13073e-08
 Reference value :  4.14011e-08
 Reference value :  4.15011e-08
 Reference value :  4.16011e-08
 Reference value :  4.17011e-08
 Reference value :  4.17435e-08
 Reference value :  4.17766e-08
 Reference value :  4.18047e-08
 Reference value :  4.18690e-08
 Reference value :  4.19690e-08
 Reference value :  4.20690e-08
 Reference value :  4.21690e-08
 Reference value :  4.23190e-08
 Reference value :  4.24038e-08
 Reference value :  4.24719e-08
 Reference value :  4.25574e-08
 Reference value :  4.26559e-08
 Reference value :  4.27559e-08
 Reference value :  4.28559e-08
 Reference value :  4.29559e-08
 Reference value :  4.29999e-08
 Reference value :  4.30269e-08
 Reference value :  4.30858e-08
 Reference value :  4.31657e-08
 Reference value :  4.32657e-08
 Reference value :  4.33657e-08
 Reference value :  4.34657e-08
 Reference value :  4.35657e-08
 Reference value :  4.36445e-08
 Reference value :  4.37128e-08
 Reference value :  4.37989e-08
 Reference value :  4.38989e-08
 Reference value :  4.39989e-08
 Reference value :  4.40989e-08
 Reference value :  4.41989e-08
 Reference value :  4.42797e-08
 Reference value :  4.43517e-08
 Reference value :  4.44416e-08
 Reference value :  4.45416e-08
 Reference value :  4.46416e-08
 Reference value :  4.47916e-08
 Reference value :  4.48711e-08
 Reference value :  4.49389e-08
 Reference value :  4.50213e-08
 Reference value :  4.51171e-08
 Reference value :  4.52171e-08
 Reference value :  4.53671e-08
 Reference value :  4.54593e-08
 Reference value :  4.54866e-08
 Reference value :  4.55451e-08
 Reference value :  4.56737e-08
 Reference value :  4.57737e-08
 Reference value :  4.59237e-08
 Reference value :  4.60237e-08
 Reference value :  4.61101e-08
 Reference value :  4.61767e-08
 Reference value :  4.62606e-08
 Reference value :  4.63590e-08
 Reference value :  4.64590e-08
 Reference value :  4.65590e-08
 Reference value :  4.66590e-08
 Reference value :  4.67037e-08
 Reference value :  4.67320e-08
 Reference value :  4.67907e-08
 Reference value :  4.68711e-08
 Reference value :  4.69711e-08
 Reference value :  4.70711e-08
 Reference value :  4.71711e-08
 Reference value :  4.72711e-08
 Reference value :  4.73499e-08
 Reference value :  4.74190e-08
 Reference value :  4.75061e-08
 Reference value :  4.76061e-08
 Reference value :  4.77061e-08
 Reference value :  4.78061e-08
 Reference value :  4.79061e-08
 Reference value :  4.79453e-08
 Reference value :  4.79740e-08
 Reference value :  4.80469e-08
 Reference value :  4.81875e-08
 Reference value :  4.83375e-08
 Reference value :  4.84375e-08
 Reference value :  4.85375e-08
 Reference value :  4.85716e-08
 Reference value :  4.86325e-08
 Reference value :  4.87082e-08
 Reference value :  4.88026e-08
 Reference value :  4.89026e-08
 Reference value :  4.90526e-08
 Reference value :  4.91448e-08
 Reference value :  4.91769e-08
 Reference value :  4.92043e-08
 Reference value :  4.92673e-08
 Reference value :  4.93673e-08
 Reference value :  4.94673e-08
 Reference value :  4.95673e-08
 Reference value :  4.97173e-08
 Reference value :  4.97611e-08
 Reference value :  4.97953e-08
 Reference value :  4.98624e-08
 Reference value :  4.99460e-08
 Reference value :  5.00460e-08
 Reference value :  5.01460e-08
 Reference value :  5.02960e-08
 Reference value :  5.03873e-08
 Reference value :  5.04163e-08
 Reference value :  5.04741e-08
 Reference value :  5.05552e-08
 Reference value :  5.06552e-08
 Reference value :  5.07552e-08
 Reference value :  5.09052e-08
 Reference value :  5.10052e-08
 Reference value :  5.10357e-08
 Reference value :  5.11044e-08
 Reference value :  5.11877e-08
 Reference value :  5.12877e-08
 Reference value :  5.13877e-08
 Reference value :  5.14877e-08
 Reference value :  5.15877e-08
 Reference value :  5.16701e-08
 Reference value :  5.17331e-08
 Reference value :  5.18653e-08
 Reference value :  5.19653e-08
 Reference value :  5.20653e-08
 Reference value :  5.21653e-08
 Reference value :  5.22537e-08
 Reference value :  5.22804e-08
 Reference value :  5.23537e-08
 Reference value :  5.24034e-08
 Reference value :  5.25034e-08
 Reference value :  5.26034e-08
 Reference value :  5.27034e-08
 Reference value :  5.28034e-08
 Reference value :  5.28839e-08
 Reference value :  5.29118e-08
 Reference value :  5.29729e-08
 Reference value :  5.30729e-08
 Reference value :  5.31729e-08
 Reference value :  5.32729e-08
 Reference value :  5.33729e-08
 Reference value :  5.34729e-08
 Reference value :  5.35070e-08
 Reference value :  5.35684e-08
 Reference value :  5.36459e-08
 Reference value :  5.37415e-08
 Reference value :  5.38415e-08
 Reference value :  5.39415e-08
 Reference value :  5.40415e-08
 Reference value :  5.40833e-08
 Reference value :  5.41136e-08
 Reference value :  5.41404e-08
 Reference value :  5.42012e-08
 Reference value :  5.43012e-08
 Reference value :  5.44012e-08
 Reference value :  5.45012e-08
 Reference value :  5.46012e-08
 Reference value :  5.46949e-08
 Reference value :  5.47317e-08
 Reference value :  5.48057e-08
 Reference value :  5.48907e-08
 Reference value :  5.49907e-08
 Reference value :  5.50907e-08
 Reference value :  5.51907e-08
 Reference value :  5.52907e-08
 Reference value :  5.53342e-08
 Reference value :  5.53619e-08
 Reference value :  5.54201e-08
 Reference value :  5.54995e-08
 Reference value :  5.55995e-08
 Reference value :  5.56995e-08
 Reference value :  5.58495e-08
 Reference value :  5.59495e-08
 Reference value :  5.59787e-08
 Reference value :  5.60458e-08
 Reference value :  5.61311e-08
 Reference value :  5.62311e-08
 Reference value :  5.63311e-08
 Reference value :  5.64311e-08
 Reference value :  5.65311e-08
 Reference value :  5.66127e-08
 Reference value :  5.66753e-08
 Reference value :  5.67595e-08
 Reference value :  5.68595e-08
 Reference value :  5.70095e-08
 Reference value :  5.71095e-08
 Reference value :  5.71889e-08
 Reference value :  5.72523e-08
 Reference value :  5.73321e-08
 Reference value :  5.74308e-08
 Reference value :  5.75308e-08
 Reference value :  5.76308e-08
 Reference value :  5.77308e-08
 Reference value :  5.77757e-08
 Reference value :  5.78104e-08
 Reference value :  5.78392e-08
 Reference value :  5.79074e-08
 Reference value :  5.80043e-08
 Reference value :  5.81043e-08
 Reference value :  5.82043e-08
 Reference value :  5.83043e-08
 Reference value :  5.84043e-08
 Reference value :  5.84416e-08
 Reference value :  5.85097e-08
 Reference value :  5.85945e-08
 Reference value :  5.86928e-08
 Reference value :  5.87928e-08
 Reference value :  5.88928e-08
 Reference value :  5.89928e-08
 Reference value :  5.90706e-08
 Reference value :  5.91348e-08
 Reference value :  5.92187e-08
 Reference value :  5.93187e-08
 Reference value :  5.94687e-08
 Reference value :  5.95687e-08
 Reference value :  5.96128e-08
 Reference value :  5.96470e-08
 Reference value :  5.96750e-08
 Reference value :  5.97379e-08
 Reference value :  5.98379e-08
 Reference value :  5.99379e-08
 Reference value :  6.00379e-08
 Reference value :  6.01379e-08
 Reference value :  6.02379e-08
 Reference value :  6.02802e-08
 Reference value :  6.03133e-08
 Reference value :  6.03875e-08
 Reference value :  6.04875e-08
 Reference value :  6.05875e-08
 Reference value :  6.06875e-08
 Reference value :  6.07875e-08
 Reference value :  6.08791e-08
 Reference value :  6.09063e-08
 Reference value :  6.09810e-08
 Reference value :  6.10734e-08
 Reference value :  6.11734e-08
 Reference value :  6.12734e-08
 Reference value :  6.13734e-08
 Reference value :  6.14734e-08
 Reference value :  6.15105e-08
 Reference value :  6.15415e-08
 Reference value :  6.16086e-08
 Reference value :  6.17086e-08
 Reference value :  6.18086e-08
 Reference value :  6.19086e-08
 Reference value :  6.20586e-08
 Reference value :  6.21086e-08
 Reference value :  6.21428e-08
 Reference value :  6.22093e-08
 Reference value :  6.22954e-08
 Reference value :  6.23954e-08
 Reference value :  6.24954e-08
 Reference value :  6.25954e-08
 Reference value :  6.26954e-08
 Reference value :  6.27391e-08
 Reference value :  6.27690e-08
 Reference value :  6.28415e-08
 Reference value :  6.29321e-08
 Reference value :  6.30321e-08
 Reference value :  6.31321e-08
 Reference value :  6.32321e-08
 Reference value :  6.33321e-08
 Reference value :  6.33664e-08
 Reference value :  6.34283e-08
 Reference value :  6.35508e-08
 Reference value :  6.36508e-08
 Reference value :  6.37508e-08
 Reference value :  6.38508e-08
 Reference value :  6.39432e-08
 Reference value :  6.39744e-08
 Reference value :  6.40027e-08
 Reference value :  6.40636e-08
 Reference value :  6.41636e-08
 Reference value :  6.42636e-08
 Reference value :  6.43636e-08
 Reference value :  6.44636e-08
 Reference value :  6.45565e-08
 Reference value :  6.45894e-08
 Reference value :  6.46518e-08
 Reference value :  6.47339e-08
 Reference value :  6.48330e-08
 Reference value :  6.49330e-08
 Reference value :  6.50830e-08
 Reference value :  6.51772e-08
 Reference value :  6.52107e-08
 Reference value :  6.52742e-08
 Reference value :  6.53597e-08
 Reference value :  6.54597e-08
 Reference value :  6.55597e-08
 Reference value :  6.56597e-08
 Reference value :  6.57597e-08
 Reference value :  6.58387e-08
 Reference value :  6.59084e-08
 Reference value :  6.59936e-08
 Reference value :  6.60936e-08
 Reference value :  6.61936e-08
 Reference value :  6.62936e-08
 Reference value :  6.63936e-08
 Reference value :  6.64748e-08
 Reference value :  6.65436e-08
 Reference value :  6.66316e-08
 Reference value :  6.67316e-08
 Reference value :  6.68316e-08
 Reference value :  6.69316e-08
 Reference value :  6.70316e-08
 Reference value :  6.70598e-08
 Reference value :  6.71265e-08
 Reference value :  6.72070e-08
 Reference value :  6.73041e-08
 Reference value :  6.74041e-08
 Reference value :  6.75041e-08
 Reference value :  6.76041e-08
 Reference value :  6.76457e-08
 Reference value :  6.76725e-08
 Reference value :  6.76983e-08
 Reference value :  6.77546e-08
 Reference value :  6.78546e-08
 Reference value :  6.79546e-08
 Reference value :  6.80546e-08
 Reference value :  6.81546e-08
 Reference value :  6.82546e-08
 Reference value :  6.82929e-08
 Reference value :  6.83632e-08
 Reference value :  6.84493e-08
 Reference value :  6.85493e-08
 Reference value :  6.86493e-08
 Reference value :  6.87493e-08
 Reference value :  6.88493e-08
 Reference value :  6.88993e-08
 Reference value :  6.89274e-08
 Reference value :  6.89906e-08
 Reference value :  6.91232e-08
 Reference value :  6.92232e-08
 Reference value :  6.93232e-08
 Reference value :  6.94732e-08
 Reference value :  6.95080e-08
 Reference value :  6.95374e-08
 Reference value :  6.96022e-08
 Reference value :  6.97022e-08
 Reference value :  6.98022e-08
 Reference value :  6.99022e-08
 Reference value :  7.00022e-08
 Reference value :  7.01022e-08
 Reference value :  7.01413e-08
 Reference value :  7.01738e-08
 Reference value :  7.02445e-08
 Reference value :  7.03445e-08
 Reference value :  7.04445e-08
 Reference value :  7.05445e-08
 Reference value :  7.06445e-08
 Reference value :  7.07445e-08
 Reference value :  7.07746e-08
 Reference value :  7.08450e-08
 Reference value :  7.09339e-08
 Reference value :  7.10839e-08
 Reference value :  7.11839e-08
 Reference value :  7.12839e-08
 Reference value :  7.13694e-08
 Reference value :  7.13987e-08
 Reference value :  7.14636e-08
 Reference value :  7.15636e-08
 Reference value :  7.16636e-08
 Reference value :  7.17636e-08
 Reference value :  7.18636e-08
 Reference value :  7.19636e-08
 Reference value :  7.19963e-08
 Reference value :  7.20604e-08
 Reference value :  7.21412e-08
 Reference value :  7.22380e-08
 Reference value :  7.23380e-08
 Reference value :  7.24380e-08
 Reference value :  7.25380e-08
 Reference value :  7.26229e-08
 Reference value :  7.26877e-08
 Reference value :  7.27704e-08
 Reference value :  7.28704e-08
 Reference value :  7.29704e-08
 Reference value :  7.30704e-08
 Reference value :  7.31704e-08
 Reference value :  7.32505e-08
 Reference value :  7.33347e-08
 Reference value :  7.34312e-08
 Reference value :  7.35312e-08
 Reference value :  7.36312e-08
 Reference value :  7.37312e-08
 Reference value :  7.38312e-08
 Reference value :  7.38636e-08
 Reference value :  7.39281e-08
 Reference value :  7.40094e-08
 Reference value :  7.41094e-08
 Reference value :  7.42094e-08
 Reference value :  7.43094e-08
 Reference value :  7.44094e-08
 Reference value :  7.44528e-08
 Reference value :  7.44843e-08
 Reference value :  7.45602e-08
 Reference value :  7.46602e-08
 Reference value :  7.47602e-08
 Reference value :  7.48602e-08
 Reference value :  7.49602e-08
 Reference value :  7.50602e-08
 Reference value :  7.50960e-08
 Reference value :  7.51609e-08
 Reference value :  7.52426e-08
 Reference value :  7.53426e-08
 Reference value :  7.54426e-08
 Reference value :  7.55426e-08
 Reference value :  7.56426e-08
 Reference value :  7.56788e-08
 Reference value :  7.57052e-08
 Reference value :  7.57748e-08
 Reference value :  7.58730e-08
 Reference value :  7.59730e-08
 Reference value :  7.60730e-08
 Reference value :  7.62230e-08
 Reference value :  7.63089e-08
 Reference value :  7.63383e-08
 Reference value :  7.64062e-08
 Reference value :  7.65062e-08
 Reference value :  7.66062e-08
 Reference value :  7.67062e-08
 Reference value :  7.68062e-08
 Reference value :  7.69062e-08
 Reference value :  7.69427e-08
 Reference value :  7.70099e-08
 Reference value :  7.70939e-08
 Reference value :  7.71925e-08
 Reference value :  7.72925e-08
 Reference value :  7.73925e-08
 Reference value :  7.74925e-08
 Reference value :  7.75425e-08
 Reference value :  7.75714e-08
 Reference value :  7.76378e-08
 Reference value :  7.77240e-08
 Reference value :  7.78740e-08
 Reference value :  7.80240e-08
 Reference value :  7.81240e-08
 Reference value :  7.81586e-08
 Reference value :  7.82210e-08
 Reference value :  7.82980e-08
 Reference value :  7.83924e-08
 Reference value :  7.84924e-08
 Reference value :  7.85924e-08
 Reference value :  7.86924e-08
 Reference value :  7.87360e-08
 Reference value :  7.87704e-08
 Reference value :  7.87996e-08
 Reference value :  7.88648e-08
 Reference value :  7.89648e-08
 Reference value :  7.91148e-08
 Reference value :  7.92648e-08
 Reference value :  7.93586e-08
 Reference value :  7.93898e-08
 Reference value :  7.94505e-08
 Reference value :  7.95286e-08
 Reference value :  7.96247e-08
 Reference value :  7.97247e-08
 Reference value :  7.98247e-08
 Reference value :  7.99247e-08
 Reference value :  7.99671e-08
 Reference value :  8.00361e-08
 Reference value :  8.01064e-08
 Reference value :  8.02064e-08
 Reference value :  8.03064e-08
 Reference value :  8.04064e-08
 Reference value :  8.05064e-08
 Reference value :  8.06064e-08
 Reference value :  8.06354e-08
 Reference value :  8.07033e-08
 Reference value :  8.07890e-08
 Reference value :  8.08890e-08
 Reference value :  8.09890e-08
 Reference value :  8.10890e-08
 Reference value :  8.11890e-08
 Reference value :  8.12684e-08
 Reference value :  8.13360e-08
 Reference value :  8.14230e-08
 Reference value :  8.15230e-08
 Reference value :  8.16230e-08
 Reference value :  8.17230e-08
 Reference value :  8.18230e-08
 Reference value :  8.18512e-08
 Reference value :  8.19128e-08
 Reference value :  8.19880e-08
 Reference value :  8.20806e-08
 Reference value :  8.21806e-08
 Reference value :  8.22806e-08
 Reference value :  8.23806e-08
 Reference value :  8.26109e-08
 Reference value :  8.27109e-08
 Reference value :  8.28109e-08
 Reference value :  8.29109e-08
 Reference value :  8.30109e-08
 Reference value :  8.30980e-08
 Reference value :  8.31664e-08
 Reference value :  8.32525e-08
 Reference value :  8.33519e-08
 Reference value :  8.34519e-08
 Reference value :  8.35519e-08
 Reference value :  8.36519e-08
 Reference value :  8.37343e-08
 Reference value :  8.38111e-08
 Reference value :  8.39042e-08
 Reference value :  8.40042e-08
 Reference value :  8.41042e-08
 Reference value :  8.42042e-08
 Reference value :  8.43042e-08
 Reference value :  8.43370e-08
 Reference value :  8.44130e-08
 Reference value :  8.44543e-08
 Reference value :  8.45543e-08
 Reference value :  8.46543e-08
 Reference value :  8.47543e-08
 Reference value :  8.48543e-08
 Reference value :  8.49451e-08
 Reference value :  8.49800e-08
 Reference value :  8.50490e-08
 Reference value :  8.51490e-08
 Reference value :  8.52490e-08
 Reference value :  8.53490e-08
 Reference value :  8.54490e-08
 Reference value :  8.55347e-08
 Reference value :  8.55615e-08
 Reference value :  8.56304e-08
 Reference value :  8.57304e-08
 Reference value :  8.58304e-08
 Reference value :  8.59304e-08
 Reference value :  8.60304e-08
 Reference value :  8.61304e-08
 Reference value :  8.61672e-08
 Reference value :  8.61978e-08
 Reference value :  8.62663e-08
 Reference value :  8.63663e-08
 Reference value :  8.64163e-08
 Reference value :  8.65163e-08
 Reference value :  8.66163e-08
 Reference value :  8.67163e-08
 Reference value :  8.68025e-08
 Reference value :  8.68714e-08
 Reference value :  8.69584e-08
 Reference value :  8.70584e-08
 Reference value :  8.71584e-08
 Reference value :  8.72584e-08
 Reference value :  8.73584e-08
 Reference value :  8.73966e-08
 Reference value :  8.74252e-08
 Reference value :  8.74945e-08
 Reference value :  8.75894e-08
 Reference value :  8.76894e-08
 Reference value :  8.77894e-08
 Reference value :  8.78894e-08
 Reference value :  8.79894e-08
 Reference value :  8.80204e-08
 Reference value :  8.80829e-08
 Reference value :  8.81608e-08
 Reference value :  8.82557e-08
 Reference value :  8.83557e-08
 Reference value :  8.84557e-08
 Reference value :  8.85557e-08
 Reference value :  8.86057e-08
 Reference value :  8.86432e-08
 Reference value :  8.87148e-08
 Reference value :  8.88003e-08
 Reference value :  8.89003e-08
 Reference value :  8.90003e-08
 Reference value :  8.91003e-08
 Reference value :  8.92003e-08
 Reference value :  8.92351e-08
 Reference value :  8.92612e-08
 Reference value :  8.93294e-08
 Reference value :  8.94294e-08
 Reference value :  8.95294e-08
 Reference value :  8.96294e-08
 Reference value :  8.97294e-08
 Reference value :  8.98294e-08
 Reference value :  8.98646e-08
 Reference value :  8.98934e-08
 Reference value :  8.99613e-08
 Reference value :  9.00613e-08
 Reference value :  9.01613e-08
 Reference value :  9.02613e-08
 Reference value :  9.03613e-08
 Reference value :  9.04613e-08
 Reference value :  9.04974e-08
 Reference value :  9.05633e-08
 Reference value :  9.06455e-08
 Reference value :  9.07430e-08
 Reference value :  9.08430e-08
 Reference value :  9.09430e-08
 Reference value :  9.10430e-08
 Reference value :  9.10855e-08
 Reference value :  9.11109e-08
 Reference value :  9.11702e-08
 Reference value :  9.12487e-08
 Reference value :  9.13487e-08
 Reference value :  9.14487e-08
 Reference value :  9.15487e-08
 Reference value :  9.16487e-08
 Reference value :  9.16921e-08
 Reference value :  9.17230e-08
 Reference value :  9.17844e-08
 Reference value :  9.18633e-08
 Reference value :  9.19597e-08
 Reference value :  9.20597e-08
 Reference value :  9.21597e-08
 Reference value :  9.22597e-08
 Reference value :  9.23018e-08
 Reference value :  9.23352e-08
 Reference value :  9.23681e-08
 Reference value :  9.24857e-08
 Reference value :  9.25857e-08
 Reference value :  9.26857e-08
 Reference value :  9.28357e-08
 Reference value :  9.29357e-08
 Reference value :  9.29653e-08
 Reference value :  9.30315e-08
 Reference value :  9.31163e-08
 Reference value :  9.32163e-08
 Reference value :  9.33163e-08
 Reference value :  9.34163e-08
 Reference value :  9.35163e-08
 Reference value :  9.35595e-08
 Reference value :  9.35882e-08
 Reference value :  9.36457e-08
 Reference value :  9.37252e-08
 Reference value :  9.38252e-08
 Reference value :  9.39252e-08
 Reference value :  9.40252e-08
 Reference value :  9.41252e-08
 Reference value :  9.42044e-08
 Reference value :  9.42734e-08
 Reference value :  9.43582e-08
 Reference value :  9.44582e-08
 Reference value :  9.45582e-08
 Reference value :  9.46582e-08
 Reference value :  9.47582e-08
 Reference value :  9.48399e-08
 Reference value :  9.49050e-08
 Reference value :  9.49909e-08
 Reference value :  9.50909e-08
 Reference value :  9.51909e-08
 Reference value :  9.52909e-08
 Reference value :  9.53909e-08
 Reference value :  9.54182e-08
 Reference value :  9.54797e-08
 Reference value :  9.55558e-08
 Reference value :  9.56486e-08
 Reference value :  9.57486e-08
 Reference value :  9.58486e-08
 Reference value :  9.59486e-08
 Reference value :  9.60315e-08
 Reference value :  9.60606e-08
 Reference value :  9.61297e-08
 Reference value :  9.62271e-08
 Reference value :  9.63271e-08
 Reference value :  9.64271e-08
 Reference value :  9.65271e-08
 Reference value :  9.66271e-08
 Reference value :  9.66627e-08
 Reference value :  9.67273e-08
 Reference value :  9.68088e-08
 Reference value :  9.69063e-08
 Reference value :  9.70063e-08
 Reference value :  9.71063e-08
 Reference value :  9.72063e-08
 Reference value :  9.72496e-08
 Reference value :  9.72757e-08
 Reference value :  9.73032e-08
 Reference value :  9.73593e-08
 Reference value :  9.74593e-08
 Reference value :  9.75593e-08
 Reference value :  9.76593e-08
 Reference value :  9.77593e-08
 Reference value :  9.78515e-08
 Reference value :  9.78862e-08
 Reference value :  9.79590e-08
 Reference value :  9.80428e-08
 Reference value :  9.81428e-08
 Reference value :  9.82428e-08
 Reference value :  9.83428e-08
 Reference value :  9.84428e-08
 Reference value :  9.84847e-08
 Reference value :  9.85120e-08
 Reference value :  9.85702e-08
 Reference value :  9.86492e-08
 Reference value :  9.87492e-08
 Reference value :  9.88492e-08
 Reference value :  9.89492e-08
 Reference value :  9.90492e-08
 Reference value :  9.91293e-08
 Reference value :  9.91973e-08
 Reference value :  9.92811e-08
 Reference value :  9.93811e-08
 Reference value :  9.94811e-08
 Reference value :  9.95811e-08
 Reference value :  9.96811e-08
 Reference value :  9.97634e-08
 Reference value :  9.98254e-08
 Reference value :  9.99075e-08
 Reference value :  1.00008e-07
 Reference value :  1.00108e-07
 Reference value :  1.00208e-07
 Reference value :  1.00308e-07
 Reference value :  1.00343e-07
 Reference value :  1.00368e-07
 Reference value :  1.00438e-07
 Reference value :  1.00535e-07
 Reference value :  1.00635e-07
 Reference value :  1.00735e-07
 Reference value :  1.00835e-07
 Reference value :  1.00935e-07
 Reference value :  1.00969e-07
 Reference value :  1.00998e-07
 Reference value :  1.01067e-07
 Reference value :  1.01160e-07
 Reference value :  1.01260e-07
 Reference value :  1.01360e-07
 Reference value :  1.01460e-07
 Reference value :  1.01560e-07
 Reference value :  1.01593e-07
 Reference value :  1.01653e-07
 Reference value :  1.01729e-07
 Reference value :  1.01823e-07
 Reference value :  1.01923e-07
 Reference value :  1.02023e-07
 Reference value :  1.02123e-07
 Reference value :  1.02167e-07
 Reference value :  1.02201e-07
 Reference value :  1.02230e-07
 Reference value :  1.02298e-07
 Reference value :  1.02397e-07
 Reference value :  1.02497e-07
 Reference value :  1.02597e-07
 Reference value :  1.02697e-07
 Reference value :  1.02797e-07
 Reference value :  1.02832e-07
 Reference value :  1.02900e-07
 Reference value :  1.02986e-07
 Reference value :  1.03085e-07
 Reference value :  1.03185e-07
 Reference value :  1.03285e-07
 Reference value :  1.03385e-07
 Reference value :  1.03463e-07
 Reference value :  1.03528e-07
 Reference value :  1.03614e-07
 Reference value :  1.03714e-07
 Reference value :  1.03814e-07
 Reference value :  1.03914e-07
 Reference value :  1.04008e-07
 Reference value :  1.04039e-07
 Reference value :  1.04100e-07
 Reference value :  1.04181e-07
 Reference value :  1.04281e-07
 Reference value :  1.04381e-07
 Reference value :  1.04481e-07
 Reference value :  1.04581e-07
 Reference value :  1.04672e-07
 Reference value :  1.04706e-07
 Reference value :  1.04779e-07
 Reference value :  1.04879e-07
 Reference value :  1.04979e-07
 Reference value :  1.05129e-07
 Reference value :  1.05229e-07
 Reference value :  1.05270e-07
 Reference value :  1.05296e-07
 Reference value :  1.05370e-07
 Reference value :  1.05463e-07
 Reference value :  1.05563e-07
 Reference value :  1.05663e-07
 Reference value :  1.05763e-07
 Reference value :  1.05863e-07
 Reference value :  1.05899e-07
 Reference value :  1.05930e-07
 Reference value :  1.05996e-07
 Reference value :  1.06096e-07
 Reference value :  1.06196e-07
 Reference value :  1.06296e-07
 Reference value :  1.06446e-07
 Reference value :  1.06531e-07
 Reference value :  1.06597e-07
 Reference value :  1.06680e-07
 Reference value :  1.06778e-07
 Reference value :  1.06878e-07
 Reference value :  1.06978e-07
 Reference value :  1.07078e-07
 Reference value :  1.07157e-07
 Reference value :  1.07221e-07
 Reference value :  1.07304e-07
 Reference value :  1.07404e-07
 Reference value :  1.07504e-07
 Reference value :  1.07604e-07
 Reference value :  1.07704e-07
 Reference value :  1.07739e-07
 Reference value :  1.07805e-07
 Reference value :  1.07889e-07
 Reference value :  1.07989e-07
 Reference value :  1.08089e-07
 Reference value :  1.08189e-07
 Reference value :  1.08289e-07
 Reference value :  1.08333e-07
 Reference value :  1.08366e-07
 Reference value :  1.08427e-07
 Reference value :  1.08512e-07
 Reference value :  1.08612e-07
 Reference value :  1.08712e-07
 Reference value :  1.08812e-07
 Reference value :  1.08912e-07
 Reference value :  1.08956e-07
 Reference value :  1.08986e-07
 Reference value :  1.09046e-07
 Reference value :  1.09123e-07
 Reference value :  1.09219e-07
 Reference value :  1.09319e-07
 Reference value :  1.09419e-07
 Reference value :  1.09519e-07
 Reference value :  1.09562e-07
 Reference value :  1.09598e-07
 Reference value :  1.09631e-07
 Reference value :  1.09700e-07
 Reference value :  1.09800e-07
 Reference value :  1.09900e-07
 Reference value :  1.10000e-07
 Reference value :  1.10100e-07
 Reference value :  1.10200e-07
 Reference value :  1.10229e-07
 Reference value :  1.10296e-07
 Reference value :  1.10382e-07
 Reference value :  1.10482e-07
 Reference value :  1.10582e-07
 Reference value :  1.10682e-07
 Reference value :  1.10782e-07
 Reference value :  1.10861e-07
 Reference value :  1.10926e-07
 Reference value :  1.11062e-07
 Reference value :  1.11162e-07
 Reference value :  1.11312e-07
 Reference value :  1.11412e-07
 Reference value :  1.11441e-07
 Reference value :  1.11501e-07
 Reference value :  1.11577e-07
 Reference value :  1.11670e-07
 Reference value :  1.11770e-07
 Reference value :  1.11870e-07
 Reference value :  1.12020e-07
 Reference value :  1.12056e-07
 Reference value :  1.12086e-07
 Reference value :  1.12158e-07
 Reference value :  1.12255e-07
 Reference value :  1.12355e-07
 Reference value :  1.12455e-07
 Reference value :  1.12605e-07
 Reference value :  1.12691e-07
 Reference value :  1.12758e-07
 Reference value :  1.12891e-07
 Reference value :  1.12991e-07
 Reference value :  1.13091e-07
 Reference value :  1.13191e-07
 Reference value :  1.13291e-07
 Reference value :  1.13320e-07
 Reference value :  1.13387e-07
 Reference value :  1.13474e-07
 Reference value :  1.13574e-07
 Reference value :  1.13674e-07
 Reference value :  1.13774e-07
 Reference value :  1.13874e-07
 Reference value :  1.13905e-07
 Reference value :  1.13967e-07
 Reference value :  1.14042e-07
 Reference value :  1.14136e-07
 Reference value :  1.14236e-07
 Reference value :  1.14336e-07
 Reference value :  1.14436e-07
 Reference value :  1.14525e-07
 Reference value :  1.14559e-07
 Reference value :  1.14681e-07
 Reference value :  1.14781e-07
 Reference value :  1.14881e-07
 Reference value :  1.15031e-07
 Reference value :  1.15126e-07
 Reference value :  1.15154e-07
 Reference value :  1.15232e-07
 Reference value :  1.15325e-07
 Reference value :  1.15425e-07
 Reference value :  1.15525e-07
 Reference value :  1.15675e-07
 Reference value :  1.15757e-07
 Reference value :  1.15786e-07
 Reference value :  1.15847e-07
 Reference value :  1.15947e-07
 Reference value :  1.16047e-07
 Reference value :  1.16147e-07
 Reference value :  1.16297e-07
 Reference value :  1.16380e-07
 Reference value :  1.16444e-07
 Reference value :  1.16525e-07
 Reference value :  1.16622e-07
 Reference value :  1.16722e-07
 Reference value :  1.16822e-07
 Reference value :  1.16922e-07
 Reference value :  1.17007e-07
 Reference value :  1.17071e-07
 Reference value :  1.17153e-07
 Reference value :  1.17253e-07
 Reference value :  1.17353e-07
 Reference value :  1.17453e-07
 Reference value :  1.17553e-07
 Reference value :  1.17632e-07
 Reference value :  1.17709e-07
 Reference value :  1.17803e-07
 Reference value :  1.17953e-07
 Reference value :  1.18053e-07
 Reference value :  1.18153e-07
 Reference value :  1.18234e-07
 Reference value :  1.18263e-07
 Reference value :  1.18372e-07
 Reference value :  1.18472e-07
 Reference value :  1.18572e-07
 Reference value :  1.18722e-07
 Reference value :  1.18822e-07
 Reference value :  1.18855e-07
 Reference value :  1.18919e-07
 Reference value :  1.18999e-07
 Reference value :  1.19096e-07
 Reference value :  1.19196e-07
 Reference value :  1.19346e-07
 Reference value :  1.19481e-07
 Reference value :  1.19546e-07
 Reference value :  1.19629e-07
 Reference value :  1.19729e-07
 Reference value :  1.19829e-07
 Reference value :  1.19929e-07
 Reference value :  1.20000e-07
No. of Data Rows : 2693
sim/harness: analysis complete
Note: Simulation executed from .control section 
