
Note: Compatibility modes selected: hs a


Circuit: ** sch_path: /home/ubuntu/github/sky130-pll/.loom/worktrees/issue-210/sim/vco-supply-pushing/testbench/tb_vco_pushing.sch

option SCALE: Scale is set to 1e-06 for instance and model parameters
option SCALE: Scale is set to 1e-06 for instance and model parameters
option SCALE: Scale is set to 1e-06 for instance and model parameters
option SCALE: Scale is set to 1e-06 for instance and model parameters
Doing analysis at TEMP = 125.000000 and TNOM = 27.000000

Using KLU as Direct Linear Solver
Operating point simulation skipped by 'uic',
  now using transient initial conditions.
 Reference value :  5.00000e-13
 Reference value :  5.90978e-13
 Reference value :  9.54888e-13
 Reference value :  2.94014e-12
 Reference value :  1.66092e-11
 Reference value :  3.89551e-11
 Reference value :  5.55065e-11
 Reference value :  7.75325e-11
 Reference value :  1.30864e-10
 Reference value :  2.61188e-10
 Reference value :  3.61188e-10
 Reference value :  5.08741e-10
 Reference value :  6.08741e-10
 Reference value :  7.08741e-10
 Reference value :  8.08741e-10
 Reference value :  9.08741e-10
 Reference value :  1.00874e-09
 Reference value :  1.10874e-09
 Reference value :  1.20308e-09
 Reference value :  1.23562e-09
 Reference value :  1.31683e-09
 Reference value :  1.41442e-09
 Reference value :  1.51442e-09
 Reference value :  1.61442e-09
 Reference value :  1.71442e-09
 Reference value :  1.81442e-09
 Reference value :  1.84872e-09
 Reference value :  1.91511e-09
 Reference value :  2.05117e-09
 Reference value :  2.20117e-09
 Reference value :  2.30117e-09
 Reference value :  2.40117e-09
 Reference value :  2.50117e-09
 Reference value :  2.54071e-09
 Reference value :  2.61562e-09
 Reference value :  2.70582e-09
 Reference value :  2.80582e-09
 Reference value :  2.90582e-09
 Reference value :  3.00582e-09
 Reference value :  3.10582e-09
 Reference value :  3.14727e-09
 Reference value :  3.22959e-09
 Reference value :  3.31904e-09
 Reference value :  3.41904e-09
 Reference value :  3.51904e-09
 Reference value :  3.61904e-09
 Reference value :  3.71904e-09
 Reference value :  3.76389e-09
 Reference value :  3.85600e-09
 Reference value :  3.99502e-09
 Reference value :  4.09502e-09
 Reference value :  4.19502e-09
 Reference value :  4.29502e-09
 Reference value :  4.38953e-09
 Reference value :  4.46970e-09
 Reference value :  4.55499e-09
 Reference value :  4.65046e-09
 Reference value :  4.75046e-09
 Reference value :  4.85046e-09
 Reference value :  4.95046e-09
 Reference value :  5.05046e-09
 Reference value :  5.09430e-09
 Reference value :  5.12270e-09
 Reference value :  5.18459e-09
 Reference value :  5.26539e-09
 Reference value :  5.36539e-09
 Reference value :  5.46539e-09
 Reference value :  5.61539e-09
 Reference value :  5.71539e-09
 Reference value :  5.75473e-09
 Reference value :  5.83201e-09
 Reference value :  5.92101e-09
 Reference value :  6.02101e-09
 Reference value :  6.12101e-09
 Reference value :  6.27101e-09
 Reference value :  6.37101e-09
 Reference value :  6.45546e-09
 Reference value :  6.53467e-09
 Reference value :  6.67525e-09
 Reference value :  6.82525e-09
 Reference value :  6.97525e-09
 Reference value :  7.06378e-09
 Reference value :  7.14057e-09
 Reference value :  7.22897e-09
 Reference value :  7.32897e-09
 Reference value :  7.42897e-09
 Reference value :  7.52897e-09
 Reference value :  7.62897e-09
 Reference value :  7.72897e-09
 Reference value :  7.76660e-09
 Reference value :  7.85555e-09
 Reference value :  7.95330e-09
 Reference value :  8.05330e-09
 Reference value :  8.15330e-09
 Reference value :  8.25330e-09
 Reference value :  8.35330e-09
 Reference value :  8.38383e-09
 Reference value :  8.45967e-09
 Reference value :  8.55140e-09
 Reference value :  8.65140e-09
 Reference value :  8.75140e-09
 Reference value :  8.85140e-09
 Reference value :  8.95140e-09
 Reference value :  8.99423e-09
 Reference value :  9.02698e-09
 Reference value :  9.05897e-09
 Reference value :  9.12565e-09
 Reference value :  9.22565e-09
 Reference value :  9.32565e-09
 Reference value :  9.42565e-09
 Reference value :  9.52565e-09
 Reference value :  9.62565e-09
 Reference value :  9.82120e-09
 Reference value :  9.92120e-09
 Reference value :  1.00212e-08
 Reference value :  1.01212e-08
 Reference value :  1.02212e-08
 Reference value :  1.03212e-08
 Reference value :  1.03550e-08
 Reference value :  1.04216e-08
 Reference value :  1.05044e-08
 Reference value :  1.06044e-08
 Reference value :  1.07044e-08
 Reference value :  1.08044e-08
 Reference value :  1.09044e-08
 Reference value :  1.09850e-08
 Reference value :  1.10596e-08
 Reference value :  1.11467e-08
 Reference value :  1.12467e-08
 Reference value :  1.13467e-08
 Reference value :  1.14467e-08
 Reference value :  1.15467e-08
 Reference value :  1.16467e-08
 Reference value :  1.17420e-08
 Reference value :  1.18386e-08
 Reference value :  1.19386e-08
 Reference value :  1.20386e-08
 Reference value :  1.21386e-08
 Reference value :  1.22386e-08
 Reference value :  1.22687e-08
 Reference value :  1.22980e-08
 Reference value :  1.23605e-08
 Reference value :  1.24605e-08
 Reference value :  1.25605e-08
 Reference value :  1.26605e-08
 Reference value :  1.27605e-08
 Reference value :  1.28605e-08
 Reference value :  1.29574e-08
 Reference value :  1.29963e-08
 Reference value :  1.30745e-08
 Reference value :  1.31745e-08
 Reference value :  1.32745e-08
 Reference value :  1.33745e-08
 Reference value :  1.34745e-08
 Reference value :  1.35745e-08
 Reference value :  1.36052e-08
 Reference value :  1.36810e-08
 Reference value :  1.37726e-08
 Reference value :  1.38726e-08
 Reference value :  1.40226e-08
 Reference value :  1.41226e-08
 Reference value :  1.42226e-08
 Reference value :  1.42621e-08
 Reference value :  1.42997e-08
 Reference value :  1.43708e-08
 Reference value :  1.44708e-08
 Reference value :  1.45708e-08
 Reference value :  1.47208e-08
 Reference value :  1.48208e-08
 Reference value :  1.49015e-08
 Reference value :  1.49746e-08
 Reference value :  1.50610e-08
 Reference value :  1.51610e-08
 Reference value :  1.52610e-08
 Reference value :  1.54110e-08
 Reference value :  1.55610e-08
 Reference value :  1.56043e-08
 Reference value :  1.56967e-08
 Reference value :  1.57967e-08
 Reference value :  1.58967e-08
 Reference value :  1.60467e-08
 Reference value :  1.61852e-08
 Reference value :  1.62144e-08
 Reference value :  1.62897e-08
 Reference value :  1.63897e-08
 Reference value :  1.64897e-08
 Reference value :  1.65897e-08
 Reference value :  1.66897e-08
 Reference value :  1.68397e-08
 Reference value :  1.68760e-08
 Reference value :  1.69097e-08
 Reference value :  1.69760e-08
 Reference value :  1.70760e-08
 Reference value :  1.71760e-08
 Reference value :  1.73260e-08
 Reference value :  1.74703e-08
 Reference value :  1.75317e-08
 Reference value :  1.75977e-08
 Reference value :  1.76977e-08
 Reference value :  1.78477e-08
 Reference value :  1.79477e-08
 Reference value :  1.80477e-08
 Reference value :  1.81477e-08
 Reference value :  1.81782e-08
 Reference value :  1.82396e-08
 Reference value :  1.83190e-08
 Reference value :  1.84190e-08
 Reference value :  1.85690e-08
 Reference value :  1.86690e-08
 Reference value :  1.87690e-08
 Reference value :  1.87980e-08
 Reference value :  1.88648e-08
 Reference value :  1.89464e-08
 Reference value :  1.90464e-08
 Reference value :  1.91464e-08
 Reference value :  1.92964e-08
 Reference value :  1.93964e-08
 Reference value :  1.94886e-08
 Reference value :  1.95250e-08
 Reference value :  1.95955e-08
 Reference value :  1.96955e-08
 Reference value :  1.97955e-08
 Reference value :  1.99455e-08
 Reference value :  2.00455e-08
 Reference value :  2.01262e-08
 Reference value :  2.02011e-08
 Reference value :  2.02918e-08
 Reference value :  2.03918e-08
 Reference value :  2.04918e-08
 Reference value :  2.05918e-08
 Reference value :  2.06918e-08
 Reference value :  2.07361e-08
 Reference value :  2.08154e-08
 Reference value :  2.09399e-08
 Reference value :  2.10399e-08
 Reference value :  2.11399e-08
 Reference value :  2.12399e-08
 Reference value :  2.13399e-08
 Reference value :  2.13825e-08
 Reference value :  2.14109e-08
 Reference value :  2.14725e-08
 Reference value :  2.15539e-08
 Reference value :  2.16539e-08
 Reference value :  2.17539e-08
 Reference value :  2.18539e-08
 Reference value :  2.19539e-08
 Reference value :  2.20539e-08
 Reference value :  2.20866e-08
 Reference value :  2.21172e-08
 Reference value :  2.21786e-08
 Reference value :  2.22786e-08
 Reference value :  2.23786e-08
 Reference value :  2.24786e-08
 Reference value :  2.25786e-08
 Reference value :  2.26786e-08
 Reference value :  2.27108e-08
 Reference value :  2.28619e-08
 Reference value :  2.29619e-08
 Reference value :  2.30619e-08
 Reference value :  2.31619e-08
 Reference value :  2.32619e-08
 Reference value :  2.33619e-08
 Reference value :  2.34019e-08
 Reference value :  2.34766e-08
 Reference value :  2.36105e-08
 Reference value :  2.37105e-08
 Reference value :  2.38105e-08
 Reference value :  2.39105e-08
 Reference value :  2.40105e-08
 Reference value :  2.40418e-08
 Reference value :  2.41212e-08
 Reference value :  2.42155e-08
 Reference value :  2.43155e-08
 Reference value :  2.44155e-08
 Reference value :  2.45155e-08
 Reference value :  2.46155e-08
 Reference value :  2.47038e-08
 Reference value :  2.47796e-08
 Reference value :  2.49142e-08
 Reference value :  2.50142e-08
 Reference value :  2.51642e-08
 Reference value :  2.52642e-08
 Reference value :  2.53455e-08
 Reference value :  2.54261e-08
 Reference value :  2.55215e-08
 Reference value :  2.56215e-08
 Reference value :  2.57215e-08
 Reference value :  2.58215e-08
 Reference value :  2.59215e-08
 Reference value :  2.59660e-08
 Reference value :  2.60011e-08
 Reference value :  2.60332e-08
 Reference value :  2.60971e-08
 Reference value :  2.61971e-08
 Reference value :  2.62971e-08
 Reference value :  2.63971e-08
 Reference value :  2.64971e-08
 Reference value :  2.65841e-08
 Reference value :  2.66621e-08
 Reference value :  2.67407e-08
 Reference value :  2.68407e-08
 Reference value :  2.69407e-08
 Reference value :  2.70907e-08
 Reference value :  2.71907e-08
 Reference value :  2.72907e-08
 Reference value :  2.73208e-08
 Reference value :  2.73885e-08
 Reference value :  2.75228e-08
 Reference value :  2.76228e-08
 Reference value :  2.77728e-08
 Reference value :  2.78728e-08
 Reference value :  2.79590e-08
 Reference value :  2.80441e-08
 Reference value :  2.81941e-08
 Reference value :  2.82941e-08
 Reference value :  2.83941e-08
 Reference value :  2.84941e-08
 Reference value :  2.85941e-08
 Reference value :  2.86235e-08
 Reference value :  2.86903e-08
 Reference value :  2.87746e-08
 Reference value :  2.88746e-08
 Reference value :  2.89746e-08
 Reference value :  2.90746e-08
 Reference value :  2.91746e-08
 Reference value :  2.92596e-08
 Reference value :  2.93457e-08
 Reference value :  2.94450e-08
 Reference value :  2.95450e-08
 Reference value :  2.96950e-08
 Reference value :  2.97950e-08
 Reference value :  2.98950e-08
 Reference value :  2.99238e-08
 Reference value :  2.99900e-08
 Reference value :  3.00730e-08
 Reference value :  3.01730e-08
 Reference value :  3.02730e-08
 Reference value :  3.03730e-08
 Reference value :  3.04730e-08
 Reference value :  3.05553e-08
 Reference value :  3.06288e-08
 Reference value :  3.07173e-08
 Reference value :  3.08173e-08
 Reference value :  3.09173e-08
 Reference value :  3.10173e-08
 Reference value :  3.11173e-08
 Reference value :  3.12010e-08
 Reference value :  3.12311e-08
 Reference value :  3.13004e-08
 Reference value :  3.14004e-08
 Reference value :  3.15004e-08
 Reference value :  3.16504e-08
 Reference value :  3.17504e-08
 Reference value :  3.18429e-08
 Reference value :  3.18786e-08
 Reference value :  3.19581e-08
 Reference value :  3.20581e-08
 Reference value :  3.21581e-08
 Reference value :  3.22581e-08
 Reference value :  3.23581e-08
 Reference value :  3.24581e-08
 Reference value :  3.25492e-08
 Reference value :  3.26299e-08
 Reference value :  3.27205e-08
 Reference value :  3.28205e-08
 Reference value :  3.29205e-08
 Reference value :  3.30205e-08
 Reference value :  3.31205e-08
 Reference value :  3.31591e-08
 Reference value :  3.32305e-08
 Reference value :  3.33682e-08
 Reference value :  3.34682e-08
 Reference value :  3.35682e-08
 Reference value :  3.36682e-08
 Reference value :  3.37682e-08
 Reference value :  3.38618e-08
 Reference value :  3.39493e-08
 Reference value :  3.40455e-08
 Reference value :  3.41455e-08
 Reference value :  3.42455e-08
 Reference value :  3.43455e-08
 Reference value :  3.44455e-08
 Reference value :  3.44764e-08
 Reference value :  3.45555e-08
 Reference value :  3.46500e-08
 Reference value :  3.47500e-08
 Reference value :  3.48500e-08
 Reference value :  3.49500e-08
 Reference value :  3.50500e-08
 Reference value :  3.51297e-08
 Reference value :  3.51603e-08
 Reference value :  3.52217e-08
 Reference value :  3.53217e-08
 Reference value :  3.54217e-08
 Reference value :  3.55717e-08
 Reference value :  3.56717e-08
 Reference value :  3.57685e-08
 Reference value :  3.58580e-08
 Reference value :  3.59506e-08
 Reference value :  3.60506e-08
 Reference value :  3.61506e-08
 Reference value :  3.62506e-08
 Reference value :  3.63506e-08
 Reference value :  3.63927e-08
 Reference value :  3.64230e-08
 Reference value :  3.64512e-08
 Reference value :  3.65123e-08
 Reference value :  3.66123e-08
 Reference value :  3.67123e-08
 Reference value :  3.68123e-08
 Reference value :  3.69123e-08
 Reference value :  3.70123e-08
 Reference value :  3.71065e-08
 Reference value :  3.71987e-08
 Reference value :  3.72987e-08
 Reference value :  3.73987e-08
 Reference value :  3.75487e-08
 Reference value :  3.76487e-08
 Reference value :  3.77408e-08
 Reference value :  3.77772e-08
 Reference value :  3.78490e-08
 Reference value :  3.79490e-08
 Reference value :  3.80490e-08
 Reference value :  3.81490e-08
 Reference value :  3.82490e-08
 Reference value :  3.83490e-08
 Reference value :  3.83798e-08
 Reference value :  3.84520e-08
 Reference value :  3.85386e-08
 Reference value :  3.86886e-08
 Reference value :  3.87886e-08
 Reference value :  3.88886e-08
 Reference value :  3.89886e-08
 Reference value :  3.90786e-08
 Reference value :  3.91704e-08
 Reference value :  3.93204e-08
 Reference value :  3.94204e-08
 Reference value :  3.95204e-08
 Reference value :  3.96204e-08
 Reference value :  3.96704e-08
 Reference value :  3.97034e-08
 Reference value :  3.97901e-08
 Reference value :  3.98901e-08
 Reference value :  3.99901e-08
 Reference value :  4.00401e-08
 Reference value :  4.01401e-08
 Reference value :  4.02401e-08
 Reference value :  4.03401e-08
 Reference value :  4.03730e-08
 Reference value :  4.04460e-08
 Reference value :  4.05356e-08
 Reference value :  4.06356e-08
 Reference value :  4.07856e-08
 Reference value :  4.08856e-08
 Reference value :  4.09699e-08
 Reference value :  4.09988e-08
 Reference value :  4.10685e-08
 Reference value :  4.11685e-08
 Reference value :  4.12685e-08
 Reference value :  4.13685e-08
 Reference value :  4.14685e-08
 Reference value :  4.15685e-08
 Reference value :  4.16611e-08
 Reference value :  4.16966e-08
 Reference value :  4.17684e-08
 Reference value :  4.18684e-08
 Reference value :  4.19684e-08
 Reference value :  4.20684e-08
 Reference value :  4.21684e-08
 Reference value :  4.22631e-08
 Reference value :  4.22921e-08
 Reference value :  4.23544e-08
 Reference value :  4.24372e-08
 Reference value :  4.25372e-08
 Reference value :  4.26372e-08
 Reference value :  4.27372e-08
 Reference value :  4.28372e-08
 Reference value :  4.29372e-08
 Reference value :  4.29708e-08
 Reference value :  4.30384e-08
 Reference value :  4.31697e-08
 Reference value :  4.32697e-08
 Reference value :  4.34197e-08
 Reference value :  4.35197e-08
 Reference value :  4.36006e-08
 Reference value :  4.36676e-08
 Reference value :  4.37533e-08
 Reference value :  4.38533e-08
 Reference value :  4.39533e-08
 Reference value :  4.40533e-08
 Reference value :  4.41533e-08
 Reference value :  4.42533e-08
 Reference value :  4.42926e-08
 Reference value :  4.43672e-08
 Reference value :  4.44565e-08
 Reference value :  4.45565e-08
 Reference value :  4.46565e-08
 Reference value :  4.47565e-08
 Reference value :  4.48565e-08
 Reference value :  4.48944e-08
 Reference value :  4.49667e-08
 Reference value :  4.50552e-08
 Reference value :  4.51552e-08
 Reference value :  4.52552e-08
 Reference value :  4.53552e-08
 Reference value :  4.54552e-08
 Reference value :  4.55552e-08
 Reference value :  4.55917e-08
 Reference value :  4.56649e-08
 Reference value :  4.58006e-08
 Reference value :  4.59006e-08
 Reference value :  4.60506e-08
 Reference value :  4.61506e-08
 Reference value :  4.62356e-08
 Reference value :  4.63208e-08
 Reference value :  4.64208e-08
 Reference value :  4.65208e-08
 Reference value :  4.66208e-08
 Reference value :  4.67208e-08
 Reference value :  4.68208e-08
 Reference value :  4.69085e-08
 Reference value :  4.69843e-08
 Reference value :  4.70763e-08
 Reference value :  4.71763e-08
 Reference value :  4.72763e-08
 Reference value :  4.73763e-08
 Reference value :  4.74763e-08
 Reference value :  4.75151e-08
 Reference value :  4.75877e-08
 Reference value :  4.76753e-08
 Reference value :  4.77753e-08
 Reference value :  4.78753e-08
 Reference value :  4.80253e-08
 Reference value :  4.81253e-08
 Reference value :  4.82253e-08
 Reference value :  4.83132e-08
 Reference value :  4.84076e-08
 Reference value :  4.85076e-08
 Reference value :  4.86576e-08
 Reference value :  4.87576e-08
 Reference value :  4.88394e-08
 Reference value :  4.89205e-08
 Reference value :  4.90165e-08
 Reference value :  4.91165e-08
 Reference value :  4.92165e-08
 Reference value :  4.93165e-08
 Reference value :  4.94165e-08
 Reference value :  4.94952e-08
 Reference value :  4.95264e-08
 Reference value :  4.95879e-08
 Reference value :  4.96879e-08
 Reference value :  4.97879e-08
 Reference value :  4.98879e-08
 Reference value :  4.99879e-08
 Reference value :  5.00879e-08
 Reference value :  5.01246e-08
 Reference value :  5.01981e-08
 Reference value :  5.02857e-08
 Reference value :  5.03857e-08
 Reference value :  5.04857e-08
 Reference value :  5.05857e-08
 Reference value :  5.06857e-08
 Reference value :  5.07857e-08
 Reference value :  5.08827e-08
 Reference value :  5.09734e-08
 Reference value :  5.10734e-08
 Reference value :  5.11734e-08
 Reference value :  5.12734e-08
 Reference value :  5.13734e-08
 Reference value :  5.14518e-08
 Reference value :  5.15352e-08
 Reference value :  5.16352e-08
 Reference value :  5.17352e-08
 Reference value :  5.18852e-08
 Reference value :  5.19852e-08
 Reference value :  5.20852e-08
 Reference value :  5.21145e-08
 Reference value :  5.21816e-08
 Reference value :  5.22648e-08
 Reference value :  5.23648e-08
 Reference value :  5.24648e-08
 Reference value :  5.26148e-08
 Reference value :  5.27148e-08
 Reference value :  5.27480e-08
 Reference value :  5.28205e-08
 Reference value :  5.29100e-08
 Reference value :  5.30600e-08
 Reference value :  5.31600e-08
 Reference value :  5.32600e-08
 Reference value :  5.33543e-08
 Reference value :  5.33916e-08
 Reference value :  5.34220e-08
 Reference value :  5.34933e-08
 Reference value :  5.35933e-08
 Reference value :  5.36933e-08
 Reference value :  5.37933e-08
 Reference value :  5.38933e-08
 Reference value :  5.39933e-08
 Reference value :  5.40887e-08
 Reference value :  5.41786e-08
 Reference value :  5.42786e-08
 Reference value :  5.43786e-08
 Reference value :  5.44786e-08
 Reference value :  5.46286e-08
 Reference value :  5.46711e-08
 Reference value :  5.47008e-08
 Reference value :  5.47287e-08
 Reference value :  5.47879e-08
 Reference value :  5.49379e-08
 Reference value :  5.50379e-08
 Reference value :  5.51379e-08
 Reference value :  5.52379e-08
 Reference value :  5.53379e-08
 Reference value :  5.53808e-08
 Reference value :  5.54718e-08
 Reference value :  5.55718e-08
 Reference value :  5.56718e-08
 Reference value :  5.57718e-08
 Reference value :  5.58718e-08
 Reference value :  5.59718e-08
 Reference value :  5.60681e-08
 Reference value :  5.61539e-08
 Reference value :  5.62539e-08
 Reference value :  5.63539e-08
 Reference value :  5.64539e-08
 Reference value :  5.65539e-08
 Reference value :  5.66373e-08
 Reference value :  5.66652e-08
 Reference value :  5.67339e-08
 Reference value :  5.68339e-08
 Reference value :  5.69339e-08
 Reference value :  5.70339e-08
 Reference value :  5.71339e-08
 Reference value :  5.72339e-08
 Reference value :  5.73296e-08
 Reference value :  5.73671e-08
 Reference value :  5.74426e-08
 Reference value :  5.75426e-08
 Reference value :  5.76426e-08
 Reference value :  5.77426e-08
 Reference value :  5.78426e-08
 Reference value :  5.79426e-08
 Reference value :  5.79730e-08
 Reference value :  5.80463e-08
 Reference value :  5.81360e-08
 Reference value :  5.82360e-08
 Reference value :  5.83360e-08
 Reference value :  5.84360e-08
 Reference value :  5.85360e-08
 Reference value :  5.86360e-08
 Reference value :  5.87246e-08
 Reference value :  5.88184e-08
 Reference value :  5.89184e-08
 Reference value :  5.90184e-08
 Reference value :  5.91184e-08
 Reference value :  5.92184e-08
 Reference value :  5.92520e-08
 Reference value :  5.92800e-08
 Reference value :  5.93497e-08
 Reference value :  5.94497e-08
 Reference value :  5.95497e-08
 Reference value :  5.96497e-08
 Reference value :  5.97497e-08
 Reference value :  5.98497e-08
 Reference value :  5.99460e-08
 Reference value :  5.99835e-08
 Reference value :  6.00591e-08
 Reference value :  6.01591e-08
 Reference value :  6.02591e-08
 Reference value :  6.04091e-08
 Reference value :  6.05091e-08
 Reference value :  6.05896e-08
 Reference value :  6.06643e-08
 Reference value :  6.07550e-08
 Reference value :  6.08550e-08
 Reference value :  6.09550e-08
 Reference value :  6.10550e-08
 Reference value :  6.11550e-08
 Reference value :  6.12481e-08
 Reference value :  6.12886e-08
 Reference value :  6.13659e-08
 Reference value :  6.14659e-08
 Reference value :  6.15659e-08
 Reference value :  6.16659e-08
 Reference value :  6.17659e-08
 Reference value :  6.18659e-08
 Reference value :  6.19329e-08
 Reference value :  6.19778e-08
 Reference value :  6.20717e-08
 Reference value :  6.21717e-08
 Reference value :  6.22717e-08
 Reference value :  6.23717e-08
 Reference value :  6.24717e-08
 Reference value :  6.25217e-08
 Reference value :  6.25562e-08
 Reference value :  6.25926e-08
 Reference value :  6.26599e-08
 Reference value :  6.27599e-08
 Reference value :  6.28599e-08
 Reference value :  6.29599e-08
 Reference value :  6.30599e-08
 Reference value :  6.31599e-08
 Reference value :  6.31903e-08
 Reference value :  6.32648e-08
 Reference value :  6.33521e-08
 Reference value :  6.34521e-08
 Reference value :  6.35521e-08
 Reference value :  6.36521e-08
 Reference value :  6.37521e-08
 Reference value :  6.38521e-08
 Reference value :  6.39515e-08
 Reference value :  6.40498e-08
 Reference value :  6.41498e-08
 Reference value :  6.42498e-08
 Reference value :  6.43498e-08
 Reference value :  6.44498e-08
 Reference value :  6.44783e-08
 Reference value :  6.45792e-08
 Reference value :  6.46792e-08
 Reference value :  6.47792e-08
 Reference value :  6.48792e-08
 Reference value :  6.49792e-08
 Reference value :  6.50792e-08
 Reference value :  6.51669e-08
 Reference value :  6.52004e-08
 Reference value :  6.52665e-08
 Reference value :  6.53665e-08
 Reference value :  6.54665e-08
 Reference value :  6.55665e-08
 Reference value :  6.56665e-08
 Reference value :  6.57665e-08
 Reference value :  6.57962e-08
 Reference value :  6.58675e-08
 Reference value :  6.60015e-08
 Reference value :  6.61015e-08
 Reference value :  6.62015e-08
 Reference value :  6.63015e-08
 Reference value :  6.64015e-08
 Reference value :  6.64828e-08
 Reference value :  6.65561e-08
 Reference value :  6.66411e-08
 Reference value :  6.67411e-08
 Reference value :  6.68911e-08
 Reference value :  6.69911e-08
 Reference value :  6.70883e-08
 Reference value :  6.71293e-08
 Reference value :  6.72154e-08
 Reference value :  6.73154e-08
 Reference value :  6.74154e-08
 Reference value :  6.75154e-08
 Reference value :  6.76154e-08
 Reference value :  6.77154e-08
 Reference value :  6.78007e-08
 Reference value :  6.78885e-08
 Reference value :  6.79885e-08
 Reference value :  6.80885e-08
 Reference value :  6.82385e-08
 Reference value :  6.83385e-08
 Reference value :  6.83885e-08
 Reference value :  6.84192e-08
 Reference value :  6.84945e-08
 Reference value :  6.85855e-08
 Reference value :  6.86855e-08
 Reference value :  6.87855e-08
 Reference value :  6.88855e-08
 Reference value :  6.89855e-08
 Reference value :  6.90778e-08
 Reference value :  6.91179e-08
 Reference value :  6.91936e-08
 Reference value :  6.92936e-08
 Reference value :  6.93936e-08
 Reference value :  6.95436e-08
 Reference value :  6.96436e-08
 Reference value :  6.96936e-08
 Reference value :  6.97243e-08
 Reference value :  6.98049e-08
 Reference value :  6.98981e-08
 Reference value :  6.99981e-08
 Reference value :  7.00981e-08
 Reference value :  7.01981e-08
 Reference value :  7.02981e-08
 Reference value :  7.03844e-08
 Reference value :  7.04226e-08
 Reference value :  7.04927e-08
 Reference value :  7.05927e-08
 Reference value :  7.06927e-08
 Reference value :  7.07927e-08
 Reference value :  7.08927e-08
 Reference value :  7.09927e-08
 Reference value :  7.10231e-08
 Reference value :  7.11020e-08
 Reference value :  7.11930e-08
 Reference value :  7.12930e-08
 Reference value :  7.13930e-08
 Reference value :  7.14930e-08
 Reference value :  7.15930e-08
 Reference value :  7.16854e-08
 Reference value :  7.17734e-08
 Reference value :  7.18652e-08
 Reference value :  7.20152e-08
 Reference value :  7.21152e-08
 Reference value :  7.22152e-08
 Reference value :  7.23030e-08
 Reference value :  7.23363e-08
 Reference value :  7.24120e-08
 Reference value :  7.25120e-08
 Reference value :  7.26120e-08
 Reference value :  7.27120e-08
 Reference value :  7.28120e-08
 Reference value :  7.29120e-08
 Reference value :  7.29965e-08
 Reference value :  7.30317e-08
 Reference value :  7.30980e-08
 Reference value :  7.31980e-08
 Reference value :  7.32980e-08
 Reference value :  7.34480e-08
 Reference value :  7.35480e-08
 Reference value :  7.36285e-08
 Reference value :  7.37034e-08
 Reference value :  7.37910e-08
 Reference value :  7.38910e-08
 Reference value :  7.39910e-08
 Reference value :  7.40910e-08
 Reference value :  7.41910e-08
 Reference value :  7.42910e-08
 Reference value :  7.43886e-08
 Reference value :  7.44886e-08
 Reference value :  7.45886e-08
 Reference value :  7.46886e-08
 Reference value :  7.47886e-08
 Reference value :  7.48886e-08
 Reference value :  7.49166e-08
 Reference value :  7.50230e-08
 Reference value :  7.51230e-08
 Reference value :  7.52230e-08
 Reference value :  7.53230e-08
 Reference value :  7.54230e-08
 Reference value :  7.55230e-08
 Reference value :  7.56082e-08
 Reference value :  7.56424e-08
 Reference value :  7.57080e-08
 Reference value :  7.58080e-08
 Reference value :  7.59080e-08
 Reference value :  7.60080e-08
 Reference value :  7.61080e-08
 Reference value :  7.62080e-08
 Reference value :  7.62385e-08
 Reference value :  7.63110e-08
 Reference value :  7.63977e-08
 Reference value :  7.64977e-08
 Reference value :  7.65977e-08
 Reference value :  7.66977e-08
 Reference value :  7.67977e-08
 Reference value :  7.68977e-08
 Reference value :  7.69977e-08
 Reference value :  7.70977e-08
 Reference value :  7.71977e-08
 Reference value :  7.72977e-08
 Reference value :  7.73977e-08
 Reference value :  7.74977e-08
 Reference value :  7.75258e-08
 Reference value :  7.76276e-08
 Reference value :  7.77276e-08
 Reference value :  7.78276e-08
 Reference value :  7.79276e-08
 Reference value :  7.80276e-08
 Reference value :  7.81276e-08
 Reference value :  7.82148e-08
 Reference value :  7.82485e-08
 Reference value :  7.83142e-08
 Reference value :  7.84142e-08
 Reference value :  7.85142e-08
 Reference value :  7.86142e-08
 Reference value :  7.87142e-08
 Reference value :  7.88142e-08
 Reference value :  7.88440e-08
 Reference value :  7.89151e-08
 Reference value :  7.89995e-08
 Reference value :  7.90995e-08
 Reference value :  7.91995e-08
 Reference value :  7.92995e-08
 Reference value :  7.93995e-08
 Reference value :  7.94995e-08
 Reference value :  7.95321e-08
 Reference value :  7.96106e-08
 Reference value :  7.97506e-08
 Reference value :  7.98506e-08
 Reference value :  7.99506e-08
 Reference value :  8.00506e-08
 Reference value :  8.00950e-08
 Reference value :  8.01840e-08
 Reference value :  8.02748e-08
 Reference value :  8.03748e-08
 Reference value :  8.04748e-08
 Reference value :  8.05748e-08
 Reference value :  8.06748e-08
 Reference value :  8.08190e-08
 Reference value :  8.09097e-08
 Reference value :  8.10549e-08
 Reference value :  8.11549e-08
 Reference value :  8.12549e-08
 Reference value :  8.13549e-08
 Reference value :  8.14368e-08
 Reference value :  8.14686e-08
 Reference value :  8.15370e-08
 Reference value :  8.16370e-08
 Reference value :  8.17370e-08
 Reference value :  8.18370e-08
 Reference value :  8.19370e-08
 Reference value :  8.20370e-08
 Reference value :  8.21299e-08
 Reference value :  8.21704e-08
 Reference value :  8.22467e-08
 Reference value :  8.23467e-08
 Reference value :  8.24467e-08
 Reference value :  8.25467e-08
 Reference value :  8.26467e-08
 Reference value :  8.27467e-08
 Reference value :  8.27804e-08
 Reference value :  8.29159e-08
 Reference value :  8.30159e-08
 Reference value :  8.31159e-08
 Reference value :  8.32159e-08
 Reference value :  8.33159e-08
 Reference value :  8.34159e-08
 Reference value :  8.34485e-08
 Reference value :  8.35197e-08
 Reference value :  8.36553e-08
 Reference value :  8.37553e-08
 Reference value :  8.38553e-08
 Reference value :  8.39553e-08
 Reference value :  8.40553e-08
 Reference value :  8.40877e-08
 Reference value :  8.42242e-08
 Reference value :  8.43242e-08
 Reference value :  8.44242e-08
 Reference value :  8.45242e-08
 Reference value :  8.46242e-08
 Reference value :  8.47242e-08
 Reference value :  8.47570e-08
 Reference value :  8.48281e-08
 Reference value :  8.49153e-08
 Reference value :  8.50153e-08
 Reference value :  8.51153e-08
 Reference value :  8.52153e-08
 Reference value :  8.53153e-08
 Reference value :  8.53563e-08
 Reference value :  8.53859e-08
 Reference value :  8.54621e-08
 Reference value :  8.55618e-08
 Reference value :  8.56618e-08
 Reference value :  8.57618e-08
 Reference value :  8.58618e-08
 Reference value :  8.59618e-08
 Reference value :  8.60483e-08
 Reference value :  8.60823e-08
 Reference value :  8.61988e-08
 Reference value :  8.62988e-08
 Reference value :  8.63988e-08
 Reference value :  8.64988e-08
 Reference value :  8.65988e-08
 Reference value :  8.66488e-08
 Reference value :  8.66786e-08
 Reference value :  8.67488e-08
 Reference value :  8.68330e-08
 Reference value :  8.69330e-08
 Reference value :  8.70330e-08
 Reference value :  8.71330e-08
 Reference value :  8.72330e-08
 Reference value :  8.73330e-08
 Reference value :  8.73642e-08
 Reference value :  8.74374e-08
 Reference value :  8.75722e-08
 Reference value :  8.76722e-08
 Reference value :  8.77722e-08
 Reference value :  8.78722e-08
 Reference value :  8.79722e-08
 Reference value :  8.80674e-08
 Reference value :  8.81669e-08
 Reference value :  8.82669e-08
 Reference value :  8.83669e-08
 Reference value :  8.84669e-08
 Reference value :  8.85669e-08
 Reference value :  8.86575e-08
 Reference value :  8.86970e-08
 Reference value :  8.87691e-08
 Reference value :  8.89191e-08
 Reference value :  8.90691e-08
 Reference value :  8.91691e-08
 Reference value :  8.92691e-08
 Reference value :  8.93015e-08
 Reference value :  8.93870e-08
 Reference value :  8.94849e-08
 Reference value :  8.95849e-08
 Reference value :  8.96849e-08
 Reference value :  8.97849e-08
 Reference value :  8.98849e-08
 Reference value :  8.99679e-08
 Reference value :  9.00398e-08
 Reference value :  9.01741e-08
 Reference value :  9.03741e-08
 Reference value :  9.06421e-08
 Reference value :  9.07412e-08
 Reference value :  9.08412e-08
 Reference value :  9.09412e-08
 Reference value :  9.10912e-08
 Reference value :  9.11912e-08
 Reference value :  9.12739e-08
 Reference value :  9.13454e-08
 Reference value :  9.14300e-08
 Reference value :  9.15300e-08
 Reference value :  9.16300e-08
 Reference value :  9.17300e-08
 Reference value :  9.18300e-08
 Reference value :  9.18800e-08
 Reference value :  9.19117e-08
 Reference value :  9.19983e-08
 Reference value :  9.20971e-08
 Reference value :  9.21971e-08
 Reference value :  9.22971e-08
 Reference value :  9.23971e-08
 Reference value :  9.24971e-08
 Reference value :  9.25798e-08
 Reference value :  9.26511e-08
 Reference value :  9.27861e-08
 Reference value :  9.28861e-08
 Reference value :  9.29861e-08
 Reference value :  9.30861e-08
 Reference value :  9.31861e-08
 Reference value :  9.32181e-08
 Reference value :  9.33045e-08
 Reference value :  9.34034e-08
 Reference value :  9.35034e-08
 Reference value :  9.36034e-08
 Reference value :  9.37034e-08
 Reference value :  9.38034e-08
 Reference value :  9.38861e-08
 Reference value :  9.39572e-08
 Reference value :  9.40426e-08
 Reference value :  9.41426e-08
 Reference value :  9.42426e-08
 Reference value :  9.43426e-08
 Reference value :  9.44426e-08
 Reference value :  9.44926e-08
 Reference value :  9.45250e-08
 Reference value :  9.46110e-08
 Reference value :  9.47110e-08
 Reference value :  9.48110e-08
 Reference value :  9.49110e-08
 Reference value :  9.50110e-08
 Reference value :  9.51110e-08
 Reference value :  9.51610e-08
 Reference value :  9.51937e-08
 Reference value :  9.52647e-08
 Reference value :  9.53512e-08
 Reference value :  9.54512e-08
 Reference value :  9.55512e-08
 Reference value :  9.56512e-08
 Reference value :  9.57512e-08
 Reference value :  9.57941e-08
 Reference value :  9.58240e-08
 Reference value :  9.59021e-08
 Reference value :  9.60001e-08
 Reference value :  9.61001e-08
 Reference value :  9.62001e-08
 Reference value :  9.63001e-08
 Reference value :  9.64001e-08
 Reference value :  9.64441e-08
 Reference value :  9.64806e-08
 Reference value :  9.65122e-08
 Reference value :  9.65761e-08
 Reference value :  9.66761e-08
 Reference value :  9.67761e-08
 Reference value :  9.68761e-08
 Reference value :  9.69761e-08
 Reference value :  9.70761e-08
 Reference value :  9.71083e-08
 Reference value :  9.71852e-08
 Reference value :  9.72746e-08
 Reference value :  9.73746e-08
 Reference value :  9.74746e-08
 Reference value :  9.75746e-08
 Reference value :  9.76746e-08
 Reference value :  9.77746e-08
 Reference value :  9.78056e-08
 Reference value :  9.78793e-08
 Reference value :  9.79649e-08
 Reference value :  9.80649e-08
 Reference value :  9.81649e-08
 Reference value :  9.82649e-08
 Reference value :  9.83649e-08
 Reference value :  9.84134e-08
 Reference value :  9.84572e-08
 Reference value :  9.85467e-08
 Reference value :  9.86467e-08
 Reference value :  9.87467e-08
 Reference value :  9.88467e-08
 Reference value :  9.89467e-08
 Reference value :  9.90467e-08
 Reference value :  9.91467e-08
 Reference value :  9.92437e-08
 Reference value :  9.93437e-08
 Reference value :  9.94437e-08
 Reference value :  9.95437e-08
 Reference value :  9.96437e-08
 Reference value :  9.97218e-08
 Reference value :  9.97909e-08
 Reference value :  9.98752e-08
 Reference value :  9.99752e-08
 Reference value :  1.00075e-07
 Reference value :  1.00175e-07
 Reference value :  1.00275e-07
 Reference value :  1.00375e-07
 Reference value :  1.00412e-07
 Reference value :  1.00446e-07
 Reference value :  1.00511e-07
 Reference value :  1.00611e-07
 Reference value :  1.00711e-07
 Reference value :  1.00811e-07
 Reference value :  1.00911e-07
 Reference value :  1.01011e-07
 Reference value :  1.01042e-07
 Reference value :  1.01113e-07
 Reference value :  1.01198e-07
 Reference value :  1.01298e-07
 Reference value :  1.01398e-07
 Reference value :  1.01498e-07
 Reference value :  1.01598e-07
 Reference value :  1.01698e-07
 Reference value :  1.01739e-07
 Reference value :  1.01828e-07
 Reference value :  1.01928e-07
 Reference value :  1.02028e-07
 Reference value :  1.02128e-07
 Reference value :  1.02228e-07
 Reference value :  1.02328e-07
 Reference value :  1.02359e-07
 Reference value :  1.02446e-07
 Reference value :  1.02544e-07
 Reference value :  1.02644e-07
 Reference value :  1.02744e-07
 Reference value :  1.02844e-07
 Reference value :  1.02944e-07
 Reference value :  1.03027e-07
 Reference value :  1.03098e-07
 Reference value :  1.03233e-07
 Reference value :  1.03333e-07
 Reference value :  1.03483e-07
 Reference value :  1.03583e-07
 Reference value :  1.03665e-07
 Reference value :  1.03752e-07
 Reference value :  1.03851e-07
 Reference value :  1.03951e-07
 Reference value :  1.04051e-07
 Reference value :  1.04151e-07
 Reference value :  1.04251e-07
 Reference value :  1.04333e-07
 Reference value :  1.04404e-07
 Reference value :  1.04540e-07
 Reference value :  1.04640e-07
 Reference value :  1.04740e-07
 Reference value :  1.04840e-07
 Reference value :  1.04940e-07
 Reference value :  1.04973e-07
 Reference value :  1.05059e-07
 Reference value :  1.05159e-07
 Reference value :  1.05259e-07
 Reference value :  1.05359e-07
 Reference value :  1.05459e-07
 Reference value :  1.05559e-07
 Reference value :  1.05641e-07
 Reference value :  1.05712e-07
 Reference value :  1.05799e-07
 Reference value :  1.05899e-07
 Reference value :  1.05999e-07
 Reference value :  1.06099e-07
 Reference value :  1.06199e-07
 Reference value :  1.06240e-07
 Reference value :  1.06269e-07
 Reference value :  1.06345e-07
 Reference value :  1.06442e-07
 Reference value :  1.06592e-07
 Reference value :  1.06692e-07
 Reference value :  1.06792e-07
 Reference value :  1.06887e-07
 Reference value :  1.06964e-07
 Reference value :  1.07034e-07
 Reference value :  1.07134e-07
 Reference value :  1.07234e-07
 Reference value :  1.07334e-07
 Reference value :  1.07434e-07
 Reference value :  1.07534e-07
 Reference value :  1.07564e-07
 Reference value :  1.07631e-07
 Reference value :  1.07716e-07
 Reference value :  1.07816e-07
 Reference value :  1.07916e-07
 Reference value :  1.08016e-07
 Reference value :  1.08116e-07
 Reference value :  1.08216e-07
 Reference value :  1.08246e-07
 Reference value :  1.08314e-07
 Reference value :  1.08397e-07
 Reference value :  1.08497e-07
 Reference value :  1.08597e-07
 Reference value :  1.08697e-07
 Reference value :  1.08797e-07
 Reference value :  1.08847e-07
 Reference value :  1.08882e-07
 Reference value :  1.08968e-07
 Reference value :  1.09068e-07
 Reference value :  1.09168e-07
 Reference value :  1.09268e-07
 Reference value :  1.09368e-07
 Reference value :  1.09468e-07
 Reference value :  1.09547e-07
 Reference value :  1.09613e-07
 Reference value :  1.09696e-07
 Reference value :  1.09796e-07
 Reference value :  1.09896e-07
 Reference value :  1.09996e-07
 Reference value :  1.10096e-07
 Reference value :  1.10146e-07
 Reference value :  1.10178e-07
 Reference value :  1.10254e-07
 Reference value :  1.10342e-07
 Reference value :  1.10442e-07
 Reference value :  1.10542e-07
 Reference value :  1.10642e-07
 Reference value :  1.10742e-07
 Reference value :  1.10825e-07
 Reference value :  1.10855e-07
 Reference value :  1.10922e-07
 Reference value :  1.11022e-07
 Reference value :  1.11122e-07
 Reference value :  1.11222e-07
 Reference value :  1.11322e-07
 Reference value :  1.11422e-07
 Reference value :  1.11464e-07
 Reference value :  1.11498e-07
 Reference value :  1.11578e-07
 Reference value :  1.11678e-07
 Reference value :  1.11778e-07
 Reference value :  1.11878e-07
 Reference value :  1.11978e-07
 Reference value :  1.12078e-07
 Reference value :  1.12166e-07
 Reference value :  1.12241e-07
 Reference value :  1.12329e-07
 Reference value :  1.12429e-07
 Reference value :  1.12529e-07
 Reference value :  1.12629e-07
 Reference value :  1.12729e-07
 Reference value :  1.12771e-07
 Reference value :  1.12806e-07
 Reference value :  1.12884e-07
 Reference value :  1.12984e-07
 Reference value :  1.13084e-07
 Reference value :  1.13184e-07
 Reference value :  1.13284e-07
 Reference value :  1.13384e-07
 Reference value :  1.13472e-07
 Reference value :  1.13547e-07
 Reference value :  1.13634e-07
 Reference value :  1.13734e-07
 Reference value :  1.13834e-07
 Reference value :  1.13934e-07
 Reference value :  1.14034e-07
 Reference value :  1.14077e-07
 Reference value :  1.14111e-07
 Reference value :  1.14191e-07
 Reference value :  1.14291e-07
 Reference value :  1.14391e-07
 Reference value :  1.14491e-07
 Reference value :  1.14591e-07
 Reference value :  1.14691e-07
 Reference value :  1.14777e-07
 Reference value :  1.14851e-07
 Reference value :  1.14937e-07
 Reference value :  1.15037e-07
 Reference value :  1.15137e-07
 Reference value :  1.15237e-07
 Reference value :  1.15337e-07
 Reference value :  1.15382e-07
 Reference value :  1.15415e-07
 Reference value :  1.15494e-07
 Reference value :  1.15594e-07
 Reference value :  1.15694e-07
 Reference value :  1.15744e-07
 Reference value :  1.15844e-07
 Reference value :  1.15944e-07
 Reference value :  1.16044e-07
 Reference value :  1.16079e-07
 Reference value :  1.16151e-07
 Reference value :  1.16236e-07
 Reference value :  1.16336e-07
 Reference value :  1.16436e-07
 Reference value :  1.16536e-07
 Reference value :  1.16636e-07
 Reference value :  1.16686e-07
 Reference value :  1.16718e-07
 Reference value :  1.16853e-07
 Reference value :  1.16953e-07
 Reference value :  1.17053e-07
 Reference value :  1.17153e-07
 Reference value :  1.17253e-07
 Reference value :  1.17353e-07
 Reference value :  1.17390e-07
 Reference value :  1.17463e-07
 Reference value :  1.17550e-07
 Reference value :  1.17650e-07
 Reference value :  1.17750e-07
 Reference value :  1.17850e-07
 Reference value :  1.17950e-07
 Reference value :  1.17991e-07
 Reference value :  1.18023e-07
 Reference value :  1.18099e-07
 Reference value :  1.18199e-07
 Reference value :  1.18299e-07
 Reference value :  1.18399e-07
 Reference value :  1.18499e-07
 Reference value :  1.18599e-07
 Reference value :  1.18685e-07
 Reference value :  1.18753e-07
 Reference value :  1.18837e-07
 Reference value :  1.18937e-07
 Reference value :  1.19037e-07
 Reference value :  1.19137e-07
 Reference value :  1.19237e-07
 Reference value :  1.19287e-07
 Reference value :  1.19318e-07
 Reference value :  1.19390e-07
 Reference value :  1.19478e-07
 Reference value :  1.19578e-07
 Reference value :  1.19678e-07
 Reference value :  1.19778e-07
 Reference value :  1.19878e-07
 Reference value :  1.19923e-07
 Reference value :  1.19995e-07
No. of Data Rows : 2600
sim/harness: analysis complete
Note: Simulation executed from .control section 
