
Note: Compatibility modes selected: hs a


Circuit: ** sch_path: /home/ubuntu/github/sky130-pll/.loom/worktrees/issue-210/sim/vco-supply-pushing/testbench/tb_vco_pushing.sch

option SCALE: Scale is set to 1e-06 for instance and model parameters
option SCALE: Scale is set to 1e-06 for instance and model parameters
option SCALE: Scale is set to 1e-06 for instance and model parameters
option SCALE: Scale is set to 1e-06 for instance and model parameters
Doing analysis at TEMP = 125.000000 and TNOM = 27.000000

Using KLU as Direct Linear Solver
Operating point simulation skipped by 'uic',
  now using transient initial conditions.
 Reference value :  5.00000e-13
 Reference value :  5.95284e-13
 Reference value :  1.31313e-12
 Reference value :  5.18229e-12
 Reference value :  1.76545e-11
 Reference value :  5.00000e-11
 Reference value :  1.05696e-10
 Reference value :  1.82609e-10
 Reference value :  3.29079e-10
 Reference value :  4.79079e-10
 Reference value :  6.29079e-10
 Reference value :  7.79079e-10
 Reference value :  8.79079e-10
 Reference value :  1.02908e-09
 Reference value :  1.12908e-09
 Reference value :  1.27908e-09
 Reference value :  1.36893e-09
 Reference value :  1.40412e-09
 Reference value :  1.52478e-09
 Reference value :  1.62478e-09
 Reference value :  1.72478e-09
 Reference value :  1.87478e-09
 Reference value :  1.97478e-09
 Reference value :  2.05719e-09
 Reference value :  2.12342e-09
 Reference value :  2.20887e-09
 Reference value :  2.30887e-09
 Reference value :  2.45887e-09
 Reference value :  2.55887e-09
 Reference value :  2.65887e-09
 Reference value :  2.80887e-09
 Reference value :  2.89340e-09
 Reference value :  2.93095e-09
 Reference value :  3.02042e-09
 Reference value :  3.12042e-09
 Reference value :  3.22042e-09
 Reference value :  3.37042e-09
 Reference value :  3.47042e-09
 Reference value :  3.56076e-09
 Reference value :  3.64926e-09
 Reference value :  3.74926e-09
 Reference value :  3.84926e-09
 Reference value :  3.94926e-09
 Reference value :  4.04926e-09
 Reference value :  4.14926e-09
 Reference value :  4.24926e-09
 Reference value :  4.33710e-09
 Reference value :  4.42584e-09
 Reference value :  4.57366e-09
 Reference value :  4.67366e-09
 Reference value :  4.82366e-09
 Reference value :  4.97366e-09
 Reference value :  5.00660e-09
 Reference value :  5.07258e-09
 Reference value :  5.15733e-09
 Reference value :  5.25733e-09
 Reference value :  5.35733e-09
 Reference value :  5.50733e-09
 Reference value :  5.60733e-09
 Reference value :  5.70733e-09
 Reference value :  5.79652e-09
 Reference value :  5.83105e-09
 Reference value :  5.94996e-09
 Reference value :  6.04996e-09
 Reference value :  6.14996e-09
 Reference value :  6.29996e-09
 Reference value :  6.39996e-09
 Reference value :  6.48431e-09
 Reference value :  6.55219e-09
 Reference value :  6.63788e-09
 Reference value :  6.73788e-09
 Reference value :  6.88788e-09
 Reference value :  7.03788e-09
 Reference value :  7.13788e-09
 Reference value :  7.23788e-09
 Reference value :  7.27608e-09
 Reference value :  7.31066e-09
 Reference value :  7.42918e-09
 Reference value :  7.52918e-09
 Reference value :  7.62918e-09
 Reference value :  7.77918e-09
 Reference value :  7.87918e-09
 Reference value :  7.96373e-09
 Reference value :  8.03174e-09
 Reference value :  8.11759e-09
 Reference value :  8.21759e-09
 Reference value :  8.31759e-09
 Reference value :  8.41759e-09
 Reference value :  8.51759e-09
 Reference value :  8.61759e-09
 Reference value :  8.71759e-09
 Reference value :  8.75571e-09
 Reference value :  8.79042e-09
 Reference value :  8.85905e-09
 Reference value :  8.95905e-09
 Reference value :  9.05905e-09
 Reference value :  9.15905e-09
 Reference value :  9.25905e-09
 Reference value :  9.35905e-09
 Reference value :  9.44335e-09
 Reference value :  9.51088e-09
 Reference value :  9.59653e-09
 Reference value :  9.69653e-09
 Reference value :  9.79653e-09
 Reference value :  9.89653e-09
 Reference value :  9.99653e-09
 Reference value :  1.00965e-08
 Reference value :  1.01965e-08
 Reference value :  1.02351e-08
 Reference value :  1.02698e-08
 Reference value :  1.03385e-08
 Reference value :  1.04385e-08
 Reference value :  1.05385e-08
 Reference value :  1.06385e-08
 Reference value :  1.07885e-08
 Reference value :  1.08885e-08
 Reference value :  1.09225e-08
 Reference value :  1.09899e-08
 Reference value :  1.10754e-08
 Reference value :  1.11754e-08
 Reference value :  1.12754e-08
 Reference value :  1.13754e-08
 Reference value :  1.14754e-08
 Reference value :  1.15754e-08
 Reference value :  1.16754e-08
 Reference value :  1.17146e-08
 Reference value :  1.17495e-08
 Reference value :  1.18185e-08
 Reference value :  1.19685e-08
 Reference value :  1.20685e-08
 Reference value :  1.21685e-08
 Reference value :  1.22685e-08
 Reference value :  1.23685e-08
 Reference value :  1.24019e-08
 Reference value :  1.24688e-08
 Reference value :  1.25540e-08
 Reference value :  1.26540e-08
 Reference value :  1.27540e-08
 Reference value :  1.28540e-08
 Reference value :  1.29540e-08
 Reference value :  1.30540e-08
 Reference value :  1.31540e-08
 Reference value :  1.31940e-08
 Reference value :  1.32290e-08
 Reference value :  1.32985e-08
 Reference value :  1.33985e-08
 Reference value :  1.34985e-08
 Reference value :  1.35985e-08
 Reference value :  1.36985e-08
 Reference value :  1.38485e-08
 Reference value :  1.38812e-08
 Reference value :  1.39477e-08
 Reference value :  1.40326e-08
 Reference value :  1.41326e-08
 Reference value :  1.42326e-08
 Reference value :  1.43326e-08
 Reference value :  1.44326e-08
 Reference value :  1.45326e-08
 Reference value :  1.46326e-08
 Reference value :  1.46734e-08
 Reference value :  1.47087e-08
 Reference value :  1.47788e-08
 Reference value :  1.48788e-08
 Reference value :  1.49788e-08
 Reference value :  1.50788e-08
 Reference value :  1.51788e-08
 Reference value :  1.52788e-08
 Reference value :  1.53288e-08
 Reference value :  1.53607e-08
 Reference value :  1.54268e-08
 Reference value :  1.55114e-08
 Reference value :  1.56114e-08
 Reference value :  1.57114e-08
 Reference value :  1.58114e-08
 Reference value :  1.59114e-08
 Reference value :  1.60114e-08
 Reference value :  1.61114e-08
 Reference value :  1.61531e-08
 Reference value :  1.61889e-08
 Reference value :  1.62597e-08
 Reference value :  1.64097e-08
 Reference value :  1.65097e-08
 Reference value :  1.66597e-08
 Reference value :  1.68097e-08
 Reference value :  1.68404e-08
 Reference value :  1.69066e-08
 Reference value :  1.69913e-08
 Reference value :  1.70913e-08
 Reference value :  1.72413e-08
 Reference value :  1.73413e-08
 Reference value :  1.74413e-08
 Reference value :  1.75413e-08
 Reference value :  1.76339e-08
 Reference value :  1.77130e-08
 Reference value :  1.77997e-08
 Reference value :  1.78997e-08
 Reference value :  1.79997e-08
 Reference value :  1.81497e-08
 Reference value :  1.82497e-08
 Reference value :  1.83341e-08
 Reference value :  1.84216e-08
 Reference value :  1.85170e-08
 Reference value :  1.86170e-08
 Reference value :  1.87170e-08
 Reference value :  1.88670e-08
 Reference value :  1.89670e-08
 Reference value :  1.90670e-08
 Reference value :  1.91058e-08
 Reference value :  1.91847e-08
 Reference value :  1.93231e-08
 Reference value :  1.94231e-08
 Reference value :  1.95231e-08
 Reference value :  1.96231e-08
 Reference value :  1.97231e-08
 Reference value :  1.98073e-08
 Reference value :  1.98891e-08
 Reference value :  1.99846e-08
 Reference value :  2.00846e-08
 Reference value :  2.01846e-08
 Reference value :  2.02846e-08
 Reference value :  2.03846e-08
 Reference value :  2.04846e-08
 Reference value :  2.05743e-08
 Reference value :  2.06524e-08
 Reference value :  2.07387e-08
 Reference value :  2.08387e-08
 Reference value :  2.09387e-08
 Reference value :  2.10887e-08
 Reference value :  2.12387e-08
 Reference value :  2.12715e-08
 Reference value :  2.13486e-08
 Reference value :  2.14374e-08
 Reference value :  2.15374e-08
 Reference value :  2.16874e-08
 Reference value :  2.17874e-08
 Reference value :  2.18874e-08
 Reference value :  2.19874e-08
 Reference value :  2.20616e-08
 Reference value :  2.21459e-08
 Reference value :  2.22459e-08
 Reference value :  2.23459e-08
 Reference value :  2.24959e-08
 Reference value :  2.26459e-08
 Reference value :  2.27340e-08
 Reference value :  2.28110e-08
 Reference value :  2.29028e-08
 Reference value :  2.30028e-08
 Reference value :  2.31028e-08
 Reference value :  2.32528e-08
 Reference value :  2.33528e-08
 Reference value :  2.34528e-08
 Reference value :  2.35437e-08
 Reference value :  2.36249e-08
 Reference value :  2.37186e-08
 Reference value :  2.38186e-08
 Reference value :  2.39686e-08
 Reference value :  2.41186e-08
 Reference value :  2.42053e-08
 Reference value :  2.42373e-08
 Reference value :  2.43615e-08
 Reference value :  2.44615e-08
 Reference value :  2.46115e-08
 Reference value :  2.47115e-08
 Reference value :  2.48115e-08
 Reference value :  2.49115e-08
 Reference value :  2.50056e-08
 Reference value :  2.50411e-08
 Reference value :  2.51152e-08
 Reference value :  2.52152e-08
 Reference value :  2.53152e-08
 Reference value :  2.54652e-08
 Reference value :  2.55652e-08
 Reference value :  2.56652e-08
 Reference value :  2.56955e-08
 Reference value :  2.57616e-08
 Reference value :  2.58456e-08
 Reference value :  2.59456e-08
 Reference value :  2.60456e-08
 Reference value :  2.61456e-08
 Reference value :  2.62456e-08
 Reference value :  2.63456e-08
 Reference value :  2.64881e-08
 Reference value :  2.65243e-08
 Reference value :  2.65962e-08
 Reference value :  2.66962e-08
 Reference value :  2.67962e-08
 Reference value :  2.68962e-08
 Reference value :  2.69962e-08
 Reference value :  2.70962e-08
 Reference value :  2.71762e-08
 Reference value :  2.72429e-08
 Reference value :  2.73278e-08
 Reference value :  2.74278e-08
 Reference value :  2.75778e-08
 Reference value :  2.76778e-08
 Reference value :  2.77778e-08
 Reference value :  2.78778e-08
 Reference value :  2.79699e-08
 Reference value :  2.80467e-08
 Reference value :  2.81840e-08
 Reference value :  2.82840e-08
 Reference value :  2.84340e-08
 Reference value :  2.85340e-08
 Reference value :  2.86340e-08
 Reference value :  2.86690e-08
 Reference value :  2.87570e-08
 Reference value :  2.88527e-08
 Reference value :  2.89527e-08
 Reference value :  2.90527e-08
 Reference value :  2.91527e-08
 Reference value :  2.93027e-08
 Reference value :  2.94027e-08
 Reference value :  2.94431e-08
 Reference value :  2.95232e-08
 Reference value :  2.96634e-08
 Reference value :  2.97634e-08
 Reference value :  2.99134e-08
 Reference value :  3.00134e-08
 Reference value :  3.01134e-08
 Reference value :  3.01492e-08
 Reference value :  3.02371e-08
 Reference value :  3.03371e-08
 Reference value :  3.04371e-08
 Reference value :  3.05371e-08
 Reference value :  3.06371e-08
 Reference value :  3.07371e-08
 Reference value :  3.08371e-08
 Reference value :  3.09205e-08
 Reference value :  3.09978e-08
 Reference value :  3.10903e-08
 Reference value :  3.11903e-08
 Reference value :  3.12903e-08
 Reference value :  3.14403e-08
 Reference value :  3.15403e-08
 Reference value :  3.16283e-08
 Reference value :  3.17161e-08
 Reference value :  3.18161e-08
 Reference value :  3.19161e-08
 Reference value :  3.20661e-08
 Reference value :  3.21661e-08
 Reference value :  3.23161e-08
 Reference value :  3.24078e-08
 Reference value :  3.24982e-08
 Reference value :  3.25969e-08
 Reference value :  3.26969e-08
 Reference value :  3.27969e-08
 Reference value :  3.28969e-08
 Reference value :  3.29969e-08
 Reference value :  3.30780e-08
 Reference value :  3.31447e-08
 Reference value :  3.32303e-08
 Reference value :  3.33303e-08
 Reference value :  3.34303e-08
 Reference value :  3.35303e-08
 Reference value :  3.36803e-08
 Reference value :  3.37803e-08
 Reference value :  3.38303e-08
 Reference value :  3.38710e-08
 Reference value :  3.39496e-08
 Reference value :  3.40883e-08
 Reference value :  3.41883e-08
 Reference value :  3.42883e-08
 Reference value :  3.43883e-08
 Reference value :  3.44883e-08
 Reference value :  3.45771e-08
 Reference value :  3.46678e-08
 Reference value :  3.47678e-08
 Reference value :  3.48678e-08
 Reference value :  3.49678e-08
 Reference value :  3.50678e-08
 Reference value :  3.51678e-08
 Reference value :  3.52678e-08
 Reference value :  3.53602e-08
 Reference value :  3.54514e-08
 Reference value :  3.55505e-08
 Reference value :  3.56505e-08
 Reference value :  3.57505e-08
 Reference value :  3.58505e-08
 Reference value :  3.59505e-08
 Reference value :  3.60311e-08
 Reference value :  3.60992e-08
 Reference value :  3.61854e-08
 Reference value :  3.62854e-08
 Reference value :  3.64354e-08
 Reference value :  3.65354e-08
 Reference value :  3.66854e-08
 Reference value :  3.67854e-08
 Reference value :  3.68234e-08
 Reference value :  3.68966e-08
 Reference value :  3.70354e-08
 Reference value :  3.71354e-08
 Reference value :  3.72854e-08
 Reference value :  3.73854e-08
 Reference value :  3.74854e-08
 Reference value :  3.75206e-08
 Reference value :  3.76016e-08
 Reference value :  3.76958e-08
 Reference value :  3.77958e-08
 Reference value :  3.78958e-08
 Reference value :  3.79958e-08
 Reference value :  3.80958e-08
 Reference value :  3.81958e-08
 Reference value :  3.82822e-08
 Reference value :  3.83151e-08
 Reference value :  3.83831e-08
 Reference value :  3.84831e-08
 Reference value :  3.85831e-08
 Reference value :  3.86831e-08
 Reference value :  3.87831e-08
 Reference value :  3.88831e-08
 Reference value :  3.89709e-08
 Reference value :  3.90050e-08
 Reference value :  3.90809e-08
 Reference value :  3.91809e-08
 Reference value :  3.92809e-08
 Reference value :  3.93809e-08
 Reference value :  3.94809e-08
 Reference value :  3.96309e-08
 Reference value :  3.97309e-08
 Reference value :  3.97631e-08
 Reference value :  3.97961e-08
 Reference value :  3.98620e-08
 Reference value :  3.99620e-08
 Reference value :  4.00620e-08
 Reference value :  4.01620e-08
 Reference value :  4.02620e-08
 Reference value :  4.03620e-08
 Reference value :  4.04028e-08
 Reference value :  4.04829e-08
 Reference value :  4.05648e-08
 Reference value :  4.06648e-08
 Reference value :  4.08148e-08
 Reference value :  4.09148e-08
 Reference value :  4.10648e-08
 Reference value :  4.11648e-08
 Reference value :  4.12476e-08
 Reference value :  4.13205e-08
 Reference value :  4.14574e-08
 Reference value :  4.15574e-08
 Reference value :  4.16574e-08
 Reference value :  4.17574e-08
 Reference value :  4.18574e-08
 Reference value :  4.19074e-08
 Reference value :  4.19384e-08
 Reference value :  4.20072e-08
 Reference value :  4.20940e-08
 Reference value :  4.21940e-08
 Reference value :  4.22940e-08
 Reference value :  4.23940e-08
 Reference value :  4.24940e-08
 Reference value :  4.25940e-08
 Reference value :  4.26940e-08
 Reference value :  4.27296e-08
 Reference value :  4.28075e-08
 Reference value :  4.28988e-08
 Reference value :  4.29988e-08
 Reference value :  4.30988e-08
 Reference value :  4.32488e-08
 Reference value :  4.33488e-08
 Reference value :  4.34336e-08
 Reference value :  4.35224e-08
 Reference value :  4.36224e-08
 Reference value :  4.37224e-08
 Reference value :  4.38224e-08
 Reference value :  4.39224e-08
 Reference value :  4.40224e-08
 Reference value :  4.41224e-08
 Reference value :  4.42083e-08
 Reference value :  4.42860e-08
 Reference value :  4.43794e-08
 Reference value :  4.44794e-08
 Reference value :  4.45794e-08
 Reference value :  4.46794e-08
 Reference value :  4.47794e-08
 Reference value :  4.48786e-08
 Reference value :  4.49147e-08
 Reference value :  4.50023e-08
 Reference value :  4.51023e-08
 Reference value :  4.52023e-08
 Reference value :  4.53023e-08
 Reference value :  4.54023e-08
 Reference value :  4.55023e-08
 Reference value :  4.56023e-08
 Reference value :  4.56898e-08
 Reference value :  4.57713e-08
 Reference value :  4.58669e-08
 Reference value :  4.59669e-08
 Reference value :  4.60669e-08
 Reference value :  4.61669e-08
 Reference value :  4.62669e-08
 Reference value :  4.63567e-08
 Reference value :  4.63920e-08
 Reference value :  4.64713e-08
 Reference value :  4.65713e-08
 Reference value :  4.66713e-08
 Reference value :  4.68213e-08
 Reference value :  4.69213e-08
 Reference value :  4.70713e-08
 Reference value :  4.71586e-08
 Reference value :  4.72292e-08
 Reference value :  4.73666e-08
 Reference value :  4.74666e-08
 Reference value :  4.75666e-08
 Reference value :  4.76666e-08
 Reference value :  4.77666e-08
 Reference value :  4.78511e-08
 Reference value :  4.79234e-08
 Reference value :  4.80125e-08
 Reference value :  4.81625e-08
 Reference value :  4.82625e-08
 Reference value :  4.83625e-08
 Reference value :  4.84625e-08
 Reference value :  4.85625e-08
 Reference value :  4.86484e-08
 Reference value :  4.87360e-08
 Reference value :  4.88360e-08
 Reference value :  4.89360e-08
 Reference value :  4.90860e-08
 Reference value :  4.91860e-08
 Reference value :  4.92760e-08
 Reference value :  4.93078e-08
 Reference value :  4.93729e-08
 Reference value :  4.94576e-08
 Reference value :  4.96076e-08
 Reference value :  4.97576e-08
 Reference value :  4.98576e-08
 Reference value :  4.99576e-08
 Reference value :  5.00576e-08
 Reference value :  5.00961e-08
 Reference value :  5.01272e-08
 Reference value :  5.01999e-08
 Reference value :  5.02999e-08
 Reference value :  5.03999e-08
 Reference value :  5.04999e-08
 Reference value :  5.05999e-08
 Reference value :  5.07499e-08
 Reference value :  5.08345e-08
 Reference value :  5.09212e-08
 Reference value :  5.10212e-08
 Reference value :  5.11712e-08
 Reference value :  5.13212e-08
 Reference value :  5.14212e-08
 Reference value :  5.15212e-08
 Reference value :  5.16096e-08
 Reference value :  5.16962e-08
 Reference value :  5.17929e-08
 Reference value :  5.19429e-08
 Reference value :  5.20929e-08
 Reference value :  5.21929e-08
 Reference value :  5.22789e-08
 Reference value :  5.23482e-08
 Reference value :  5.24846e-08
 Reference value :  5.25846e-08
 Reference value :  5.26846e-08
 Reference value :  5.27846e-08
 Reference value :  5.28846e-08
 Reference value :  5.29846e-08
 Reference value :  5.30735e-08
 Reference value :  5.31540e-08
 Reference value :  5.32405e-08
 Reference value :  5.33405e-08
 Reference value :  5.34405e-08
 Reference value :  5.35905e-08
 Reference value :  5.36905e-08
 Reference value :  5.37764e-08
 Reference value :  5.38573e-08
 Reference value :  5.39519e-08
 Reference value :  5.40519e-08
 Reference value :  5.41519e-08
 Reference value :  5.42519e-08
 Reference value :  5.43519e-08
 Reference value :  5.44519e-08
 Reference value :  5.45352e-08
 Reference value :  5.45992e-08
 Reference value :  5.47321e-08
 Reference value :  5.48321e-08
 Reference value :  5.49321e-08
 Reference value :  5.50321e-08
 Reference value :  5.51321e-08
 Reference value :  5.51750e-08
 Reference value :  5.52238e-08
 Reference value :  5.52575e-08
 Reference value :  5.53424e-08
 Reference value :  5.54424e-08
 Reference value :  5.55424e-08
 Reference value :  5.56424e-08
 Reference value :  5.57924e-08
 Reference value :  5.58924e-08
 Reference value :  5.59924e-08
 Reference value :  5.60264e-08
 Reference value :  5.61014e-08
 Reference value :  5.62415e-08
 Reference value :  5.63415e-08
 Reference value :  5.64415e-08
 Reference value :  5.65415e-08
 Reference value :  5.66415e-08
 Reference value :  5.66915e-08
 Reference value :  5.67252e-08
 Reference value :  5.68064e-08
 Reference value :  5.69014e-08
 Reference value :  5.70014e-08
 Reference value :  5.71014e-08
 Reference value :  5.72014e-08
 Reference value :  5.73014e-08
 Reference value :  5.74014e-08
 Reference value :  5.74879e-08
 Reference value :  5.75583e-08
 Reference value :  5.76433e-08
 Reference value :  5.77433e-08
 Reference value :  5.78433e-08
 Reference value :  5.79933e-08
 Reference value :  5.80933e-08
 Reference value :  5.81791e-08
 Reference value :  5.82480e-08
 Reference value :  5.83343e-08
 Reference value :  5.84343e-08
 Reference value :  5.85343e-08
 Reference value :  5.86343e-08
 Reference value :  5.87343e-08
 Reference value :  5.88343e-08
 Reference value :  5.89343e-08
 Reference value :  5.89729e-08
 Reference value :  5.90894e-08
 Reference value :  5.91894e-08
 Reference value :  5.92894e-08
 Reference value :  5.93894e-08
 Reference value :  5.95394e-08
 Reference value :  5.96394e-08
 Reference value :  5.96744e-08
 Reference value :  5.97544e-08
 Reference value :  5.98480e-08
 Reference value :  5.99480e-08
 Reference value :  6.00480e-08
 Reference value :  6.01480e-08
 Reference value :  6.02980e-08
 Reference value :  6.04322e-08
 Reference value :  6.04629e-08
 Reference value :  6.05290e-08
 Reference value :  6.06290e-08
 Reference value :  6.07290e-08
 Reference value :  6.08290e-08
 Reference value :  6.09290e-08
 Reference value :  6.10290e-08
 Reference value :  6.10739e-08
 Reference value :  6.11575e-08
 Reference value :  6.12443e-08
 Reference value :  6.13443e-08
 Reference value :  6.14943e-08
 Reference value :  6.15943e-08
 Reference value :  6.16943e-08
 Reference value :  6.17943e-08
 Reference value :  6.18943e-08
 Reference value :  6.19293e-08
 Reference value :  6.20059e-08
 Reference value :  6.20978e-08
 Reference value :  6.21978e-08
 Reference value :  6.22978e-08
 Reference value :  6.24478e-08
 Reference value :  6.25478e-08
 Reference value :  6.26329e-08
 Reference value :  6.27209e-08
 Reference value :  6.28209e-08
 Reference value :  6.29209e-08
 Reference value :  6.30209e-08
 Reference value :  6.31209e-08
 Reference value :  6.32209e-08
 Reference value :  6.33209e-08
 Reference value :  6.34069e-08
 Reference value :  6.34841e-08
 Reference value :  6.35771e-08
 Reference value :  6.36771e-08
 Reference value :  6.37771e-08
 Reference value :  6.39271e-08
 Reference value :  6.40271e-08
 Reference value :  6.41094e-08
 Reference value :  6.41954e-08
 Reference value :  6.42954e-08
 Reference value :  6.44454e-08
 Reference value :  6.45454e-08
 Reference value :  6.46454e-08
 Reference value :  6.47454e-08
 Reference value :  6.48454e-08
 Reference value :  6.48805e-08
 Reference value :  6.49586e-08
 Reference value :  6.50507e-08
 Reference value :  6.51507e-08
 Reference value :  6.52507e-08
 Reference value :  6.54007e-08
 Reference value :  6.55007e-08
 Reference value :  6.55507e-08
 Reference value :  6.55861e-08
 Reference value :  6.57242e-08
 Reference value :  6.58242e-08
 Reference value :  6.59242e-08
 Reference value :  6.60242e-08
 Reference value :  6.61242e-08
 Reference value :  6.62242e-08
 Reference value :  6.63242e-08
 Reference value :  6.63608e-08
 Reference value :  6.64393e-08
 Reference value :  6.65834e-08
 Reference value :  6.66834e-08
 Reference value :  6.67834e-08
 Reference value :  6.68834e-08
 Reference value :  6.69782e-08
 Reference value :  6.70619e-08
 Reference value :  6.71983e-08
 Reference value :  6.72983e-08
 Reference value :  6.74483e-08
 Reference value :  6.75483e-08
 Reference value :  6.76483e-08
 Reference value :  6.77483e-08
 Reference value :  6.78333e-08
 Reference value :  6.79100e-08
 Reference value :  6.80015e-08
 Reference value :  6.81015e-08
 Reference value :  6.82015e-08
 Reference value :  6.83015e-08
 Reference value :  6.84015e-08
 Reference value :  6.85015e-08
 Reference value :  6.85369e-08
 Reference value :  6.86252e-08
 Reference value :  6.87252e-08
 Reference value :  6.88252e-08
 Reference value :  6.89252e-08
 Reference value :  6.90752e-08
 Reference value :  6.91752e-08
 Reference value :  6.92752e-08
 Reference value :  6.93111e-08
 Reference value :  6.93889e-08
 Reference value :  6.94822e-08
 Reference value :  6.95822e-08
 Reference value :  6.96822e-08
 Reference value :  6.98322e-08
 Reference value :  6.99322e-08
 Reference value :  7.00141e-08
 Reference value :  7.00993e-08
 Reference value :  7.01993e-08
 Reference value :  7.02993e-08
 Reference value :  7.03993e-08
 Reference value :  7.04993e-08
 Reference value :  7.06493e-08
 Reference value :  7.07493e-08
 Reference value :  7.07843e-08
 Reference value :  7.08616e-08
 Reference value :  7.09532e-08
 Reference value :  7.10532e-08
 Reference value :  7.11532e-08
 Reference value :  7.12532e-08
 Reference value :  7.13532e-08
 Reference value :  7.14532e-08
 Reference value :  7.14881e-08
 Reference value :  7.15765e-08
 Reference value :  7.16765e-08
 Reference value :  7.17765e-08
 Reference value :  7.18765e-08
 Reference value :  7.19765e-08
 Reference value :  7.20765e-08
 Reference value :  7.21765e-08
 Reference value :  7.22624e-08
 Reference value :  7.23404e-08
 Reference value :  7.24338e-08
 Reference value :  7.25338e-08
 Reference value :  7.26338e-08
 Reference value :  7.27838e-08
 Reference value :  7.28838e-08
 Reference value :  7.29700e-08
 Reference value :  7.30582e-08
 Reference value :  7.31582e-08
 Reference value :  7.32582e-08
 Reference value :  7.33582e-08
 Reference value :  7.34582e-08
 Reference value :  7.35582e-08
 Reference value :  7.36582e-08
 Reference value :  7.37453e-08
 Reference value :  7.38318e-08
 Reference value :  7.39269e-08
 Reference value :  7.40269e-08
 Reference value :  7.41269e-08
 Reference value :  7.42269e-08
 Reference value :  7.43769e-08
 Reference value :  7.44152e-08
 Reference value :  7.44907e-08
 Reference value :  7.45804e-08
 Reference value :  7.46804e-08
 Reference value :  7.47804e-08
 Reference value :  7.48804e-08
 Reference value :  7.49804e-08
 Reference value :  7.51304e-08
 Reference value :  7.52179e-08
 Reference value :  7.52917e-08
 Reference value :  7.53813e-08
 Reference value :  7.54813e-08
 Reference value :  7.55813e-08
 Reference value :  7.56813e-08
 Reference value :  7.57813e-08
 Reference value :  7.58813e-08
 Reference value :  7.59168e-08
 Reference value :  7.60039e-08
 Reference value :  7.60993e-08
 Reference value :  7.62493e-08
 Reference value :  7.63493e-08
 Reference value :  7.64493e-08
 Reference value :  7.65993e-08
 Reference value :  7.66817e-08
 Reference value :  7.67541e-08
 Reference value :  7.68910e-08
 Reference value :  7.69910e-08
 Reference value :  7.70910e-08
 Reference value :  7.71910e-08
 Reference value :  7.72910e-08
 Reference value :  7.73747e-08
 Reference value :  7.74423e-08
 Reference value :  7.75790e-08
 Reference value :  7.76790e-08
 Reference value :  7.77790e-08
 Reference value :  7.78790e-08
 Reference value :  7.79790e-08
 Reference value :  7.80790e-08
 Reference value :  7.81680e-08
 Reference value :  7.82451e-08
 Reference value :  7.83867e-08
 Reference value :  7.84867e-08
 Reference value :  7.86367e-08
 Reference value :  7.87367e-08
 Reference value :  7.88352e-08
 Reference value :  7.88699e-08
 Reference value :  7.89567e-08
 Reference value :  7.90567e-08
 Reference value :  7.91567e-08
 Reference value :  7.92567e-08
 Reference value :  7.93567e-08
 Reference value :  7.94567e-08
 Reference value :  7.96067e-08
 Reference value :  7.96420e-08
 Reference value :  7.97209e-08
 Reference value :  7.98138e-08
 Reference value :  7.99138e-08
 Reference value :  8.00138e-08
 Reference value :  8.01638e-08
 Reference value :  8.03138e-08
 Reference value :  8.03504e-08
 Reference value :  8.04389e-08
 Reference value :  8.05389e-08
 Reference value :  8.06389e-08
 Reference value :  8.07889e-08
 Reference value :  8.08889e-08
 Reference value :  8.09889e-08
 Reference value :  8.10889e-08
 Reference value :  8.11252e-08
 Reference value :  8.12066e-08
 Reference value :  8.13028e-08
 Reference value :  8.14028e-08
 Reference value :  8.15028e-08
 Reference value :  8.16028e-08
 Reference value :  8.17475e-08
 Reference value :  8.18255e-08
 Reference value :  8.19561e-08
 Reference value :  8.20561e-08
 Reference value :  8.22061e-08
 Reference value :  8.23061e-08
 Reference value :  8.24061e-08
 Reference value :  8.25061e-08
 Reference value :  8.25887e-08
 Reference value :  8.26614e-08
 Reference value :  8.27478e-08
 Reference value :  8.28478e-08
 Reference value :  8.29478e-08
 Reference value :  8.30978e-08
 Reference value :  8.31978e-08
 Reference value :  8.32839e-08
 Reference value :  8.33521e-08
 Reference value :  8.34394e-08
 Reference value :  8.35394e-08
 Reference value :  8.36394e-08
 Reference value :  8.37394e-08
 Reference value :  8.38394e-08
 Reference value :  8.39394e-08
 Reference value :  8.40394e-08
 Reference value :  8.40817e-08
 Reference value :  8.41656e-08
 Reference value :  8.42603e-08
 Reference value :  8.43603e-08
 Reference value :  8.45103e-08
 Reference value :  8.46103e-08
 Reference value :  8.46999e-08
 Reference value :  8.47791e-08
 Reference value :  8.48603e-08
 Reference value :  8.49603e-08
 Reference value :  8.50603e-08
 Reference value :  8.51603e-08
 Reference value :  8.52603e-08
 Reference value :  8.53603e-08
 Reference value :  8.54603e-08
 Reference value :  8.55425e-08
 Reference value :  8.56180e-08
 Reference value :  8.57029e-08
 Reference value :  8.58029e-08
 Reference value :  8.59029e-08
 Reference value :  8.60029e-08
 Reference value :  8.61029e-08
 Reference value :  8.62029e-08
 Reference value :  8.62369e-08
 Reference value :  8.63043e-08
 Reference value :  8.63908e-08
 Reference value :  8.64908e-08
 Reference value :  8.66408e-08
 Reference value :  8.67408e-08
 Reference value :  8.68408e-08
 Reference value :  8.69408e-08
 Reference value :  8.70301e-08
 Reference value :  8.71056e-08
 Reference value :  8.72463e-08
 Reference value :  8.73463e-08
 Reference value :  8.74463e-08
 Reference value :  8.75963e-08
 Reference value :  8.76963e-08
 Reference value :  8.77310e-08
 Reference value :  8.78197e-08
 Reference value :  8.79197e-08
 Reference value :  8.80197e-08
 Reference value :  8.81197e-08
 Reference value :  8.82697e-08
 Reference value :  8.83697e-08
 Reference value :  8.84697e-08
 Reference value :  8.85055e-08
 Reference value :  8.85835e-08
 Reference value :  8.87269e-08
 Reference value :  8.88269e-08
 Reference value :  8.89769e-08
 Reference value :  8.90769e-08
 Reference value :  8.91769e-08
 Reference value :  8.92140e-08
 Reference value :  8.93526e-08
 Reference value :  8.94526e-08
 Reference value :  8.95526e-08
 Reference value :  8.96526e-08
 Reference value :  8.97526e-08
 Reference value :  8.98526e-08
 Reference value :  8.99526e-08
 Reference value :  8.99891e-08
 Reference value :  9.00757e-08
 Reference value :  9.01719e-08
 Reference value :  9.02719e-08
 Reference value :  9.03719e-08
 Reference value :  9.04719e-08
 Reference value :  9.06219e-08
 Reference value :  9.06569e-08
 Reference value :  9.07302e-08
 Reference value :  9.08175e-08
 Reference value :  9.09175e-08
 Reference value :  9.10175e-08
 Reference value :  9.11175e-08
 Reference value :  9.12175e-08
 Reference value :  9.13175e-08
 Reference value :  9.14175e-08
 Reference value :  9.14552e-08
 Reference value :  9.15255e-08
 Reference value :  9.16113e-08
 Reference value :  9.17113e-08
 Reference value :  9.18113e-08
 Reference value :  9.19113e-08
 Reference value :  9.20113e-08
 Reference value :  9.21113e-08
 Reference value :  9.21476e-08
 Reference value :  9.22162e-08
 Reference value :  9.23036e-08
 Reference value :  9.24036e-08
 Reference value :  9.25536e-08
 Reference value :  9.26536e-08
 Reference value :  9.27536e-08
 Reference value :  9.28536e-08
 Reference value :  9.29460e-08
 Reference value :  9.30752e-08
 Reference value :  9.31752e-08
 Reference value :  9.33252e-08
 Reference value :  9.34252e-08
 Reference value :  9.35252e-08
 Reference value :  9.35646e-08
 Reference value :  9.36432e-08
 Reference value :  9.37240e-08
 Reference value :  9.38240e-08
 Reference value :  9.39240e-08
 Reference value :  9.40240e-08
 Reference value :  9.41240e-08
 Reference value :  9.42740e-08
 Reference value :  9.43740e-08
 Reference value :  9.44061e-08
 Reference value :  9.44805e-08
 Reference value :  9.45652e-08
 Reference value :  9.46652e-08
 Reference value :  9.47652e-08
 Reference value :  9.48652e-08
 Reference value :  9.49652e-08
 Reference value :  9.50985e-08
 Reference value :  9.52006e-08
 Reference value :  9.53506e-08
 Reference value :  9.54506e-08
 Reference value :  9.55506e-08
 Reference value :  9.56506e-08
 Reference value :  9.57506e-08
 Reference value :  9.58506e-08
 Reference value :  9.58903e-08
 Reference value :  9.59640e-08
 Reference value :  9.61020e-08
 Reference value :  9.62020e-08
 Reference value :  9.63020e-08
 Reference value :  9.64020e-08
 Reference value :  9.65020e-08
 Reference value :  9.65871e-08
 Reference value :  9.66639e-08
 Reference value :  9.67566e-08
 Reference value :  9.68566e-08
 Reference value :  9.69566e-08
 Reference value :  9.70566e-08
 Reference value :  9.71566e-08
 Reference value :  9.72566e-08
 Reference value :  9.73440e-08
 Reference value :  9.73756e-08
 Reference value :  9.74468e-08
 Reference value :  9.75468e-08
 Reference value :  9.76468e-08
 Reference value :  9.77468e-08
 Reference value :  9.78468e-08
 Reference value :  9.79468e-08
 Reference value :  9.79889e-08
 Reference value :  9.80373e-08
 Reference value :  9.80710e-08
 Reference value :  9.81554e-08
 Reference value :  9.82554e-08
 Reference value :  9.83554e-08
 Reference value :  9.84554e-08
 Reference value :  9.85554e-08
 Reference value :  9.86554e-08
 Reference value :  9.87554e-08
 Reference value :  9.88390e-08
 Reference value :  9.89131e-08
 Reference value :  9.90026e-08
 Reference value :  9.91026e-08
 Reference value :  9.92026e-08
 Reference value :  9.93026e-08
 Reference value :  9.94026e-08
 Reference value :  9.95026e-08
 Reference value :  9.95349e-08
 Reference value :  9.96108e-08
 Reference value :  9.97024e-08
 Reference value :  9.98024e-08
 Reference value :  9.99024e-08
 Reference value :  1.00002e-07
 Reference value :  1.00102e-07
 Reference value :  1.00202e-07
 Reference value :  1.00293e-07
 Reference value :  1.00325e-07
 Reference value :  1.00403e-07
 Reference value :  1.00503e-07
 Reference value :  1.00603e-07
 Reference value :  1.00703e-07
 Reference value :  1.00803e-07
 Reference value :  1.00953e-07
 Reference value :  1.00992e-07
 Reference value :  1.01066e-07
 Reference value :  1.01158e-07
 Reference value :  1.01258e-07
 Reference value :  1.01358e-07
 Reference value :  1.01458e-07
 Reference value :  1.01558e-07
 Reference value :  1.01658e-07
 Reference value :  1.01758e-07
 Reference value :  1.01794e-07
 Reference value :  1.01868e-07
 Reference value :  1.01957e-07
 Reference value :  1.02057e-07
 Reference value :  1.02157e-07
 Reference value :  1.02257e-07
 Reference value :  1.02357e-07
 Reference value :  1.02407e-07
 Reference value :  1.02492e-07
 Reference value :  1.02569e-07
 Reference value :  1.02662e-07
 Reference value :  1.02762e-07
 Reference value :  1.02912e-07
 Reference value :  1.03012e-07
 Reference value :  1.03112e-07
 Reference value :  1.03212e-07
 Reference value :  1.03249e-07
 Reference value :  1.03280e-07
 Reference value :  1.03350e-07
 Reference value :  1.03450e-07
 Reference value :  1.03550e-07
 Reference value :  1.03650e-07
 Reference value :  1.03750e-07
 Reference value :  1.03850e-07
 Reference value :  1.03892e-07
 Reference value :  1.03975e-07
 Reference value :  1.04060e-07
 Reference value :  1.04160e-07
 Reference value :  1.04260e-07
 Reference value :  1.04360e-07
 Reference value :  1.04460e-07
 Reference value :  1.04560e-07
 Reference value :  1.04660e-07
 Reference value :  1.04744e-07
 Reference value :  1.04819e-07
 Reference value :  1.04910e-07
 Reference value :  1.05010e-07
 Reference value :  1.05110e-07
 Reference value :  1.05210e-07
 Reference value :  1.05310e-07
 Reference value :  1.05410e-07
 Reference value :  1.05444e-07
 Reference value :  1.05526e-07
 Reference value :  1.05622e-07
 Reference value :  1.05722e-07
 Reference value :  1.05822e-07
 Reference value :  1.05922e-07
 Reference value :  1.06022e-07
 Reference value :  1.06122e-07
 Reference value :  1.06172e-07
 Reference value :  1.06206e-07
 Reference value :  1.06276e-07
 Reference value :  1.06361e-07
 Reference value :  1.06461e-07
 Reference value :  1.06561e-07
 Reference value :  1.06661e-07
 Reference value :  1.06761e-07
 Reference value :  1.06861e-07
 Reference value :  1.06898e-07
 Reference value :  1.06968e-07
 Reference value :  1.07055e-07
 Reference value :  1.07155e-07
 Reference value :  1.07255e-07
 Reference value :  1.07355e-07
 Reference value :  1.07455e-07
 Reference value :  1.07555e-07
 Reference value :  1.07655e-07
 Reference value :  1.07696e-07
 Reference value :  1.07776e-07
 Reference value :  1.07865e-07
 Reference value :  1.07965e-07
 Reference value :  1.08065e-07
 Reference value :  1.08165e-07
 Reference value :  1.08265e-07
 Reference value :  1.08365e-07
 Reference value :  1.08402e-07
 Reference value :  1.08490e-07
 Reference value :  1.08590e-07
 Reference value :  1.08690e-07
 Reference value :  1.08790e-07
 Reference value :  1.08890e-07
 Reference value :  1.08990e-07
 Reference value :  1.09090e-07
 Reference value :  1.09176e-07
 Reference value :  1.09255e-07
 Reference value :  1.09400e-07
 Reference value :  1.09500e-07
 Reference value :  1.09600e-07
 Reference value :  1.09700e-07
 Reference value :  1.09800e-07
 Reference value :  1.09843e-07
 Reference value :  1.09877e-07
 Reference value :  1.09959e-07
 Reference value :  1.10059e-07
 Reference value :  1.10159e-07
 Reference value :  1.10259e-07
 Reference value :  1.10359e-07
 Reference value :  1.10459e-07
 Reference value :  1.10559e-07
 Reference value :  1.10651e-07
 Reference value :  1.10730e-07
 Reference value :  1.10821e-07
 Reference value :  1.10921e-07
 Reference value :  1.11021e-07
 Reference value :  1.11121e-07
 Reference value :  1.11221e-07
 Reference value :  1.11319e-07
 Reference value :  1.11356e-07
 Reference value :  1.11443e-07
 Reference value :  1.11543e-07
 Reference value :  1.11643e-07
 Reference value :  1.11743e-07
 Reference value :  1.11843e-07
 Reference value :  1.11943e-07
 Reference value :  1.12043e-07
 Reference value :  1.12129e-07
 Reference value :  1.12212e-07
 Reference value :  1.12307e-07
 Reference value :  1.12407e-07
 Reference value :  1.12557e-07
 Reference value :  1.12657e-07
 Reference value :  1.12796e-07
 Reference value :  1.12831e-07
 Reference value :  1.12908e-07
 Reference value :  1.13008e-07
 Reference value :  1.13108e-07
 Reference value :  1.13208e-07
 Reference value :  1.13308e-07
 Reference value :  1.13408e-07
 Reference value :  1.13508e-07
 Reference value :  1.13596e-07
 Reference value :  1.13676e-07
 Reference value :  1.13762e-07
 Reference value :  1.13862e-07
 Reference value :  1.13962e-07
 Reference value :  1.14062e-07
 Reference value :  1.14162e-07
 Reference value :  1.14262e-07
 Reference value :  1.14297e-07
 Reference value :  1.14374e-07
 Reference value :  1.14467e-07
 Reference value :  1.14567e-07
 Reference value :  1.14667e-07
 Reference value :  1.14767e-07
 Reference value :  1.14867e-07
 Reference value :  1.14967e-07
 Reference value :  1.15054e-07
 Reference value :  1.15085e-07
 Reference value :  1.15158e-07
 Reference value :  1.15258e-07
 Reference value :  1.15358e-07
 Reference value :  1.15458e-07
 Reference value :  1.15558e-07
 Reference value :  1.15658e-07
 Reference value :  1.15700e-07
 Reference value :  1.15749e-07
 Reference value :  1.15782e-07
 Reference value :  1.15867e-07
 Reference value :  1.15967e-07
 Reference value :  1.16067e-07
 Reference value :  1.16167e-07
 Reference value :  1.16267e-07
 Reference value :  1.16367e-07
 Reference value :  1.16467e-07
 Reference value :  1.16550e-07
 Reference value :  1.16624e-07
 Reference value :  1.16763e-07
 Reference value :  1.16863e-07
 Reference value :  1.16963e-07
 Reference value :  1.17063e-07
 Reference value :  1.17163e-07
 Reference value :  1.17245e-07
 Reference value :  1.17321e-07
 Reference value :  1.17412e-07
 Reference value :  1.17562e-07
 Reference value :  1.17712e-07
 Reference value :  1.17812e-07
 Reference value :  1.17912e-07
 Reference value :  1.18006e-07
 Reference value :  1.18040e-07
 Reference value :  1.18121e-07
 Reference value :  1.18221e-07
 Reference value :  1.18321e-07
 Reference value :  1.18421e-07
 Reference value :  1.18521e-07
 Reference value :  1.18621e-07
 Reference value :  1.18706e-07
 Reference value :  1.18774e-07
 Reference value :  1.18860e-07
 Reference value :  1.18960e-07
 Reference value :  1.19060e-07
 Reference value :  1.19160e-07
 Reference value :  1.19260e-07
 Reference value :  1.19360e-07
 Reference value :  1.19460e-07
 Reference value :  1.19497e-07
 Reference value :  1.19532e-07
 Reference value :  1.19600e-07
 Reference value :  1.19700e-07
 Reference value :  1.19800e-07
 Reference value :  1.19900e-07
 Reference value :  1.20000e-07
No. of Data Rows : 2568
sim/harness: analysis complete
Note: Simulation executed from .control section 
