
Note: Compatibility modes selected: hs a


Circuit: ** sch_path: /home/ubuntu/github/sky130-pll/.loom/worktrees/issue-210/sim/vco-supply-pushing/testbench/tb_vco_pushing.sch

option SCALE: Scale is set to 1e-06 for instance and model parameters
option SCALE: Scale is set to 1e-06 for instance and model parameters
option SCALE: Scale is set to 1e-06 for instance and model parameters
option SCALE: Scale is set to 1e-06 for instance and model parameters
Doing analysis at TEMP = 125.000000 and TNOM = 27.000000

Using KLU as Direct Linear Solver
Operating point simulation skipped by 'uic',
  now using transient initial conditions.
 Reference value :  5.00000e-13
 Reference value :  5.29016e-13
 Reference value :  7.03112e-13
 Reference value :  1.25212e-12
 Reference value :  2.83832e-12
 Reference value :  8.40917e-12
 Reference value :  2.42570e-11
 Reference value :  4.29375e-11
 Reference value :  5.14125e-11
 Reference value :  5.98875e-11
 Reference value :  9.37876e-11
 Reference value :  1.59807e-10
 Reference value :  2.59807e-10
 Reference value :  3.59807e-10
 Reference value :  3.97758e-10
 Reference value :  4.87884e-10
 Reference value :  5.84173e-10
 Reference value :  6.84173e-10
 Reference value :  7.84173e-10
 Reference value :  8.84173e-10
 Reference value :  9.84173e-10
 Reference value :  1.08417e-09
 Reference value :  1.23417e-09
 Reference value :  1.33417e-09
 Reference value :  1.43417e-09
 Reference value :  1.53417e-09
 Reference value :  1.63417e-09
 Reference value :  1.73417e-09
 Reference value :  1.83417e-09
 Reference value :  1.93417e-09
 Reference value :  2.03417e-09
 Reference value :  2.13417e-09
 Reference value :  2.23417e-09
 Reference value :  2.33417e-09
 Reference value :  2.43417e-09
 Reference value :  2.47141e-09
 Reference value :  2.55011e-09
 Reference value :  2.64650e-09
 Reference value :  2.74650e-09
 Reference value :  2.84650e-09
 Reference value :  2.94650e-09
 Reference value :  3.04650e-09
 Reference value :  3.14650e-09
 Reference value :  3.24650e-09
 Reference value :  3.34650e-09
 Reference value :  3.44650e-09
 Reference value :  3.54650e-09
 Reference value :  3.64650e-09
 Reference value :  3.74650e-09
 Reference value :  3.84650e-09
 Reference value :  3.94650e-09
 Reference value :  4.04650e-09
 Reference value :  4.08446e-09
 Reference value :  4.11829e-09
 Reference value :  4.20012e-09
 Reference value :  4.30012e-09
 Reference value :  4.40012e-09
 Reference value :  4.50012e-09
 Reference value :  4.60012e-09
 Reference value :  4.70012e-09
 Reference value :  4.80012e-09
 Reference value :  4.90012e-09
 Reference value :  5.00012e-09
 Reference value :  5.10012e-09
 Reference value :  5.20012e-09
 Reference value :  5.30012e-09
 Reference value :  5.40012e-09
 Reference value :  5.50012e-09
 Reference value :  5.60012e-09
 Reference value :  5.68733e-09
 Reference value :  5.77360e-09
 Reference value :  5.86834e-09
 Reference value :  5.96834e-09
 Reference value :  6.06834e-09
 Reference value :  6.16834e-09
 Reference value :  6.26834e-09
 Reference value :  6.36834e-09
 Reference value :  6.46834e-09
 Reference value :  6.56834e-09
 Reference value :  6.66834e-09
 Reference value :  6.76834e-09
 Reference value :  6.86834e-09
 Reference value :  6.96834e-09
 Reference value :  7.06834e-09
 Reference value :  7.16834e-09
 Reference value :  7.26834e-09
 Reference value :  7.30496e-09
 Reference value :  7.38459e-09
 Reference value :  7.47843e-09
 Reference value :  7.57843e-09
 Reference value :  7.67843e-09
 Reference value :  7.77843e-09
 Reference value :  7.87843e-09
 Reference value :  7.97843e-09
 Reference value :  8.07843e-09
 Reference value :  8.17843e-09
 Reference value :  8.27843e-09
 Reference value :  8.37843e-09
 Reference value :  8.47843e-09
 Reference value :  8.57843e-09
 Reference value :  8.67843e-09
 Reference value :  8.77843e-09
 Reference value :  8.86375e-09
 Reference value :  8.94019e-09
 Reference value :  9.03598e-09
 Reference value :  9.13598e-09
 Reference value :  9.23598e-09
 Reference value :  9.33598e-09
 Reference value :  9.43598e-09
 Reference value :  9.53598e-09
 Reference value :  9.63598e-09
 Reference value :  9.73598e-09
 Reference value :  9.83598e-09
 Reference value :  9.98598e-09
 Reference value :  1.01360e-08
 Reference value :  1.02360e-08
 Reference value :  1.03360e-08
 Reference value :  1.04360e-08
 Reference value :  1.04751e-08
 Reference value :  1.05504e-08
 Reference value :  1.06957e-08
 Reference value :  1.08457e-08
 Reference value :  1.09457e-08
 Reference value :  1.10457e-08
 Reference value :  1.11457e-08
 Reference value :  1.12457e-08
 Reference value :  1.13957e-08
 Reference value :  1.14957e-08
 Reference value :  1.16457e-08
 Reference value :  1.17457e-08
 Reference value :  1.18457e-08
 Reference value :  1.19957e-08
 Reference value :  1.20825e-08
 Reference value :  1.22225e-08
 Reference value :  1.23225e-08
 Reference value :  1.24225e-08
 Reference value :  1.25225e-08
 Reference value :  1.26225e-08
 Reference value :  1.27725e-08
 Reference value :  1.28725e-08
 Reference value :  1.29725e-08
 Reference value :  1.30725e-08
 Reference value :  1.31725e-08
 Reference value :  1.33225e-08
 Reference value :  1.34725e-08
 Reference value :  1.35725e-08
 Reference value :  1.36649e-08
 Reference value :  1.36995e-08
 Reference value :  1.38351e-08
 Reference value :  1.39351e-08
 Reference value :  1.40851e-08
 Reference value :  1.41851e-08
 Reference value :  1.42851e-08
 Reference value :  1.44351e-08
 Reference value :  1.45351e-08
 Reference value :  1.46851e-08
 Reference value :  1.47851e-08
 Reference value :  1.48851e-08
 Reference value :  1.49851e-08
 Reference value :  1.51351e-08
 Reference value :  1.52351e-08
 Reference value :  1.52704e-08
 Reference value :  1.53596e-08
 Reference value :  1.54596e-08
 Reference value :  1.55596e-08
 Reference value :  1.56596e-08
 Reference value :  1.57596e-08
 Reference value :  1.59096e-08
 Reference value :  1.60096e-08
 Reference value :  1.61096e-08
 Reference value :  1.62096e-08
 Reference value :  1.63096e-08
 Reference value :  1.64096e-08
 Reference value :  1.65596e-08
 Reference value :  1.67096e-08
 Reference value :  1.68096e-08
 Reference value :  1.68953e-08
 Reference value :  1.70337e-08
 Reference value :  1.71837e-08
 Reference value :  1.73337e-08
 Reference value :  1.74337e-08
 Reference value :  1.75337e-08
 Reference value :  1.76837e-08
 Reference value :  1.77837e-08
 Reference value :  1.78837e-08
 Reference value :  1.80337e-08
 Reference value :  1.81337e-08
 Reference value :  1.82337e-08
 Reference value :  1.83837e-08
 Reference value :  1.84725e-08
 Reference value :  1.86138e-08
 Reference value :  1.87138e-08
 Reference value :  1.88138e-08
 Reference value :  1.89138e-08
 Reference value :  1.90638e-08
 Reference value :  1.92138e-08
 Reference value :  1.93138e-08
 Reference value :  1.94638e-08
 Reference value :  1.96138e-08
 Reference value :  1.97638e-08
 Reference value :  1.99138e-08
 Reference value :  2.00138e-08
 Reference value :  2.00519e-08
 Reference value :  2.01262e-08
 Reference value :  2.02207e-08
 Reference value :  2.03207e-08
 Reference value :  2.04207e-08
 Reference value :  2.05207e-08
 Reference value :  2.06207e-08
 Reference value :  2.07207e-08
 Reference value :  2.08707e-08
 Reference value :  2.09707e-08
 Reference value :  2.10707e-08
 Reference value :  2.12207e-08
 Reference value :  2.13207e-08
 Reference value :  2.14707e-08
 Reference value :  2.15707e-08
 Reference value :  2.16594e-08
 Reference value :  2.17978e-08
 Reference value :  2.18978e-08
 Reference value :  2.19978e-08
 Reference value :  2.20978e-08
 Reference value :  2.22478e-08
 Reference value :  2.23478e-08
 Reference value :  2.24478e-08
 Reference value :  2.25478e-08
 Reference value :  2.26478e-08
 Reference value :  2.27478e-08
 Reference value :  2.28478e-08
 Reference value :  2.29978e-08
 Reference value :  2.30978e-08
 Reference value :  2.31978e-08
 Reference value :  2.32850e-08
 Reference value :  2.34243e-08
 Reference value :  2.35243e-08
 Reference value :  2.36743e-08
 Reference value :  2.37743e-08
 Reference value :  2.38743e-08
 Reference value :  2.39743e-08
 Reference value :  2.40743e-08
 Reference value :  2.42243e-08
 Reference value :  2.43243e-08
 Reference value :  2.44243e-08
 Reference value :  2.45243e-08
 Reference value :  2.46743e-08
 Reference value :  2.47743e-08
 Reference value :  2.48651e-08
 Reference value :  2.50073e-08
 Reference value :  2.51073e-08
 Reference value :  2.52073e-08
 Reference value :  2.53073e-08
 Reference value :  2.54573e-08
 Reference value :  2.55573e-08
 Reference value :  2.56573e-08
 Reference value :  2.57573e-08
 Reference value :  2.58573e-08
 Reference value :  2.59573e-08
 Reference value :  2.61073e-08
 Reference value :  2.62573e-08
 Reference value :  2.63573e-08
 Reference value :  2.64407e-08
 Reference value :  2.65114e-08
 Reference value :  2.66494e-08
 Reference value :  2.67994e-08
 Reference value :  2.68994e-08
 Reference value :  2.69994e-08
 Reference value :  2.70994e-08
 Reference value :  2.71994e-08
 Reference value :  2.73494e-08
 Reference value :  2.74494e-08
 Reference value :  2.75494e-08
 Reference value :  2.76994e-08
 Reference value :  2.78494e-08
 Reference value :  2.79494e-08
 Reference value :  2.80384e-08
 Reference value :  2.81301e-08
 Reference value :  2.82290e-08
 Reference value :  2.83290e-08
 Reference value :  2.84290e-08
 Reference value :  2.85790e-08
 Reference value :  2.87290e-08
 Reference value :  2.88290e-08
 Reference value :  2.89290e-08
 Reference value :  2.90290e-08
 Reference value :  2.91790e-08
 Reference value :  2.93290e-08
 Reference value :  2.94790e-08
 Reference value :  2.95790e-08
 Reference value :  2.96682e-08
 Reference value :  2.97552e-08
 Reference value :  2.99052e-08
 Reference value :  3.00052e-08
 Reference value :  3.01052e-08
 Reference value :  3.02052e-08
 Reference value :  3.03052e-08
 Reference value :  3.04552e-08
 Reference value :  3.05552e-08
 Reference value :  3.06552e-08
 Reference value :  3.08052e-08
 Reference value :  3.09052e-08
 Reference value :  3.10052e-08
 Reference value :  3.11552e-08
 Reference value :  3.12453e-08
 Reference value :  3.13873e-08
 Reference value :  3.14873e-08
 Reference value :  3.15873e-08
 Reference value :  3.16873e-08
 Reference value :  3.17873e-08
 Reference value :  3.18873e-08
 Reference value :  3.19873e-08
 Reference value :  3.20873e-08
 Reference value :  3.21873e-08
 Reference value :  3.23373e-08
 Reference value :  3.24373e-08
 Reference value :  3.25373e-08
 Reference value :  3.26873e-08
 Reference value :  3.27873e-08
 Reference value :  3.28216e-08
 Reference value :  3.28948e-08
 Reference value :  3.29845e-08
 Reference value :  3.31345e-08
 Reference value :  3.32845e-08
 Reference value :  3.33845e-08
 Reference value :  3.34845e-08
 Reference value :  3.35845e-08
 Reference value :  3.37345e-08
 Reference value :  3.38345e-08
 Reference value :  3.39345e-08
 Reference value :  3.40345e-08
 Reference value :  3.41845e-08
 Reference value :  3.43345e-08
 Reference value :  3.44236e-08
 Reference value :  3.45155e-08
 Reference value :  3.46147e-08
 Reference value :  3.47147e-08
 Reference value :  3.48147e-08
 Reference value :  3.49647e-08
 Reference value :  3.51147e-08
 Reference value :  3.52147e-08
 Reference value :  3.53147e-08
 Reference value :  3.54147e-08
 Reference value :  3.55147e-08
 Reference value :  3.56147e-08
 Reference value :  3.57647e-08
 Reference value :  3.58647e-08
 Reference value :  3.59647e-08
 Reference value :  3.60543e-08
 Reference value :  3.61917e-08
 Reference value :  3.63417e-08
 Reference value :  3.64417e-08
 Reference value :  3.65917e-08
 Reference value :  3.66917e-08
 Reference value :  3.67917e-08
 Reference value :  3.68917e-08
 Reference value :  3.69917e-08
 Reference value :  3.71417e-08
 Reference value :  3.72917e-08
 Reference value :  3.74417e-08
 Reference value :  3.75417e-08
 Reference value :  3.76331e-08
 Reference value :  3.77756e-08
 Reference value :  3.78756e-08
 Reference value :  3.79756e-08
 Reference value :  3.80756e-08
 Reference value :  3.82256e-08
 Reference value :  3.83756e-08
 Reference value :  3.84756e-08
 Reference value :  3.85756e-08
 Reference value :  3.86756e-08
 Reference value :  3.87756e-08
 Reference value :  3.88756e-08
 Reference value :  3.90256e-08
 Reference value :  3.91256e-08
 Reference value :  3.92078e-08
 Reference value :  3.92827e-08
 Reference value :  3.93697e-08
 Reference value :  3.95197e-08
 Reference value :  3.96697e-08
 Reference value :  3.97697e-08
 Reference value :  3.98697e-08
 Reference value :  3.99697e-08
 Reference value :  4.01197e-08
 Reference value :  4.02197e-08
 Reference value :  4.03197e-08
 Reference value :  4.04197e-08
 Reference value :  4.05697e-08
 Reference value :  4.06697e-08
 Reference value :  4.07697e-08
 Reference value :  4.08092e-08
 Reference value :  4.09013e-08
 Reference value :  4.10011e-08
 Reference value :  4.11011e-08
 Reference value :  4.12011e-08
 Reference value :  4.13011e-08
 Reference value :  4.14511e-08
 Reference value :  4.15511e-08
 Reference value :  4.16511e-08
 Reference value :  4.17511e-08
 Reference value :  4.18511e-08
 Reference value :  4.20011e-08
 Reference value :  4.21011e-08
 Reference value :  4.22011e-08
 Reference value :  4.23011e-08
 Reference value :  4.24011e-08
 Reference value :  4.24408e-08
 Reference value :  4.25787e-08
 Reference value :  4.26787e-08
 Reference value :  4.28287e-08
 Reference value :  4.29287e-08
 Reference value :  4.30787e-08
 Reference value :  4.32287e-08
 Reference value :  4.33287e-08
 Reference value :  4.34287e-08
 Reference value :  4.35787e-08
 Reference value :  4.37287e-08
 Reference value :  4.38787e-08
 Reference value :  4.39787e-08
 Reference value :  4.40224e-08
 Reference value :  4.41650e-08
 Reference value :  4.42650e-08
 Reference value :  4.43650e-08
 Reference value :  4.44650e-08
 Reference value :  4.46150e-08
 Reference value :  4.47650e-08
 Reference value :  4.48650e-08
 Reference value :  4.49650e-08
 Reference value :  4.51150e-08
 Reference value :  4.52150e-08
 Reference value :  4.53650e-08
 Reference value :  4.54650e-08
 Reference value :  4.55650e-08
 Reference value :  4.55964e-08
 Reference value :  4.56660e-08
 Reference value :  4.58035e-08
 Reference value :  4.59535e-08
 Reference value :  4.60535e-08
 Reference value :  4.61535e-08
 Reference value :  4.62535e-08
 Reference value :  4.63535e-08
 Reference value :  4.65035e-08
 Reference value :  4.66035e-08
 Reference value :  4.67035e-08
 Reference value :  4.68535e-08
 Reference value :  4.70035e-08
 Reference value :  4.71035e-08
 Reference value :  4.71929e-08
 Reference value :  4.72847e-08
 Reference value :  4.73837e-08
 Reference value :  4.74837e-08
 Reference value :  4.75837e-08
 Reference value :  4.77337e-08
 Reference value :  4.78337e-08
 Reference value :  4.79337e-08
 Reference value :  4.80337e-08
 Reference value :  4.81337e-08
 Reference value :  4.82337e-08
 Reference value :  4.83837e-08
 Reference value :  4.85337e-08
 Reference value :  4.86837e-08
 Reference value :  4.87837e-08
 Reference value :  4.88249e-08
 Reference value :  4.89142e-08
 Reference value :  4.90642e-08
 Reference value :  4.92142e-08
 Reference value :  4.93142e-08
 Reference value :  4.94142e-08
 Reference value :  4.95142e-08
 Reference value :  4.96142e-08
 Reference value :  4.97642e-08
 Reference value :  4.98642e-08
 Reference value :  5.00142e-08
 Reference value :  5.01642e-08
 Reference value :  5.02642e-08
 Reference value :  5.04080e-08
 Reference value :  5.05507e-08
 Reference value :  5.06507e-08
 Reference value :  5.07507e-08
 Reference value :  5.09007e-08
 Reference value :  5.10007e-08
 Reference value :  5.11507e-08
 Reference value :  5.12507e-08
 Reference value :  5.13507e-08
 Reference value :  5.15007e-08
 Reference value :  5.16007e-08
 Reference value :  5.17007e-08
 Reference value :  5.18507e-08
 Reference value :  5.19825e-08
 Reference value :  5.20524e-08
 Reference value :  5.21903e-08
 Reference value :  5.22903e-08
 Reference value :  5.24403e-08
 Reference value :  5.25403e-08
 Reference value :  5.26403e-08
 Reference value :  5.27403e-08
 Reference value :  5.28403e-08
 Reference value :  5.29903e-08
 Reference value :  5.30903e-08
 Reference value :  5.32403e-08
 Reference value :  5.33403e-08
 Reference value :  5.34403e-08
 Reference value :  5.35403e-08
 Reference value :  5.35806e-08
 Reference value :  5.36739e-08
 Reference value :  5.37739e-08
 Reference value :  5.38739e-08
 Reference value :  5.39739e-08
 Reference value :  5.41239e-08
 Reference value :  5.42739e-08
 Reference value :  5.43739e-08
 Reference value :  5.44739e-08
 Reference value :  5.45739e-08
 Reference value :  5.46739e-08
 Reference value :  5.48239e-08
 Reference value :  5.49739e-08
 Reference value :  5.50739e-08
 Reference value :  5.51739e-08
 Reference value :  5.52133e-08
 Reference value :  5.53536e-08
 Reference value :  5.55036e-08
 Reference value :  5.56036e-08
 Reference value :  5.57036e-08
 Reference value :  5.58036e-08
 Reference value :  5.59036e-08
 Reference value :  5.60036e-08
 Reference value :  5.61036e-08
 Reference value :  5.62036e-08
 Reference value :  5.63536e-08
 Reference value :  5.65036e-08
 Reference value :  5.66536e-08
 Reference value :  5.67536e-08
 Reference value :  5.67969e-08
 Reference value :  5.68899e-08
 Reference value :  5.69899e-08
 Reference value :  5.70899e-08
 Reference value :  5.72399e-08
 Reference value :  5.73899e-08
 Reference value :  5.75399e-08
 Reference value :  5.76399e-08
 Reference value :  5.77399e-08
 Reference value :  5.78899e-08
 Reference value :  5.80399e-08
 Reference value :  5.81899e-08
 Reference value :  5.82899e-08
 Reference value :  5.83733e-08
 Reference value :  5.84520e-08
 Reference value :  5.85927e-08
 Reference value :  5.87427e-08
 Reference value :  5.88427e-08
 Reference value :  5.89427e-08
 Reference value :  5.90427e-08
 Reference value :  5.91427e-08
 Reference value :  5.92427e-08
 Reference value :  5.93927e-08
 Reference value :  5.94927e-08
 Reference value :  5.95927e-08
 Reference value :  5.97427e-08
 Reference value :  5.98927e-08
 Reference value :  5.99343e-08
 Reference value :  5.99718e-08
 Reference value :  6.01106e-08
 Reference value :  6.02106e-08
 Reference value :  6.03106e-08
 Reference value :  6.04106e-08
 Reference value :  6.05606e-08
 Reference value :  6.06606e-08
 Reference value :  6.07606e-08
 Reference value :  6.08606e-08
 Reference value :  6.09606e-08
 Reference value :  6.10606e-08
 Reference value :  6.12106e-08
 Reference value :  6.13106e-08
 Reference value :  6.14106e-08
 Reference value :  6.15106e-08
 Reference value :  6.15535e-08
 Reference value :  6.15896e-08
 Reference value :  6.17249e-08
 Reference value :  6.18749e-08
 Reference value :  6.20249e-08
 Reference value :  6.21749e-08
 Reference value :  6.22749e-08
 Reference value :  6.23749e-08
 Reference value :  6.25249e-08
 Reference value :  6.26249e-08
 Reference value :  6.27249e-08
 Reference value :  6.28249e-08
 Reference value :  6.29249e-08
 Reference value :  6.30749e-08
 Reference value :  6.31627e-08
 Reference value :  6.33033e-08
 Reference value :  6.34033e-08
 Reference value :  6.35033e-08
 Reference value :  6.36033e-08
 Reference value :  6.37533e-08
 Reference value :  6.39033e-08
 Reference value :  6.40033e-08
 Reference value :  6.41033e-08
 Reference value :  6.42533e-08
 Reference value :  6.44033e-08
 Reference value :  6.45533e-08
 Reference value :  6.46533e-08
 Reference value :  6.47394e-08
 Reference value :  6.47731e-08
 Reference value :  6.48533e-08
 Reference value :  6.50033e-08
 Reference value :  6.51533e-08
 Reference value :  6.52533e-08
 Reference value :  6.54033e-08
 Reference value :  6.55033e-08
 Reference value :  6.56533e-08
 Reference value :  6.57533e-08
 Reference value :  6.58533e-08
 Reference value :  6.59533e-08
 Reference value :  6.60533e-08
 Reference value :  6.62033e-08
 Reference value :  6.63033e-08
 Reference value :  6.63423e-08
 Reference value :  6.64777e-08
 Reference value :  6.65777e-08
 Reference value :  6.66777e-08
 Reference value :  6.67777e-08
 Reference value :  6.68777e-08
 Reference value :  6.69777e-08
 Reference value :  6.70777e-08
 Reference value :  6.71777e-08
 Reference value :  6.72777e-08
 Reference value :  6.74277e-08
 Reference value :  6.75777e-08
 Reference value :  6.76777e-08
 Reference value :  6.78277e-08
 Reference value :  6.79277e-08
 Reference value :  6.79694e-08
 Reference value :  6.81110e-08
 Reference value :  6.82610e-08
 Reference value :  6.84110e-08
 Reference value :  6.85110e-08
 Reference value :  6.86110e-08
 Reference value :  6.87610e-08
 Reference value :  6.89110e-08
 Reference value :  6.90110e-08
 Reference value :  6.91110e-08
 Reference value :  6.92610e-08
 Reference value :  6.94110e-08
 Reference value :  6.95110e-08
 Reference value :  6.95500e-08
 Reference value :  6.96413e-08
 Reference value :  6.97413e-08
 Reference value :  6.98413e-08
 Reference value :  6.99413e-08
 Reference value :  7.00413e-08
 Reference value :  7.01913e-08
 Reference value :  7.02913e-08
 Reference value :  7.03913e-08
 Reference value :  7.04913e-08
 Reference value :  7.06413e-08
 Reference value :  7.07913e-08
 Reference value :  7.09413e-08
 Reference value :  7.10413e-08
 Reference value :  7.11261e-08
 Reference value :  7.11981e-08
 Reference value :  7.13407e-08
 Reference value :  7.14407e-08
 Reference value :  7.15907e-08
 Reference value :  7.16907e-08
 Reference value :  7.17907e-08
 Reference value :  7.18907e-08
 Reference value :  7.20407e-08
 Reference value :  7.21407e-08
 Reference value :  7.22407e-08
 Reference value :  7.23907e-08
 Reference value :  7.24907e-08
 Reference value :  7.26407e-08
 Reference value :  7.27293e-08
 Reference value :  7.28208e-08
 Reference value :  7.29192e-08
 Reference value :  7.30192e-08
 Reference value :  7.31192e-08
 Reference value :  7.32692e-08
 Reference value :  7.33692e-08
 Reference value :  7.34692e-08
 Reference value :  7.35692e-08
 Reference value :  7.36692e-08
 Reference value :  7.37692e-08
 Reference value :  7.38692e-08
 Reference value :  7.39692e-08
 Reference value :  7.41192e-08
 Reference value :  7.42192e-08
 Reference value :  7.43192e-08
 Reference value :  7.43602e-08
 Reference value :  7.44494e-08
 Reference value :  7.45994e-08
 Reference value :  7.47494e-08
 Reference value :  7.48494e-08
 Reference value :  7.49494e-08
 Reference value :  7.50494e-08
 Reference value :  7.51494e-08
 Reference value :  7.52994e-08
 Reference value :  7.53994e-08
 Reference value :  7.55494e-08
 Reference value :  7.56494e-08
 Reference value :  7.57994e-08
 Reference value :  7.58994e-08
 Reference value :  7.59418e-08
 Reference value :  7.60344e-08
 Reference value :  7.61344e-08
 Reference value :  7.62344e-08
 Reference value :  7.63344e-08
 Reference value :  7.64344e-08
 Reference value :  7.65844e-08
 Reference value :  7.66844e-08
 Reference value :  7.67844e-08
 Reference value :  7.68844e-08
 Reference value :  7.70344e-08
 Reference value :  7.71844e-08
 Reference value :  7.73344e-08
 Reference value :  7.74344e-08
 Reference value :  7.75156e-08
 Reference value :  7.75860e-08
 Reference value :  7.76732e-08
 Reference value :  7.78232e-08
 Reference value :  7.79232e-08
 Reference value :  7.80232e-08
 Reference value :  7.81232e-08
 Reference value :  7.82232e-08
 Reference value :  7.83732e-08
 Reference value :  7.85232e-08
 Reference value :  7.86232e-08
 Reference value :  7.87732e-08
 Reference value :  7.89232e-08
 Reference value :  7.90232e-08
 Reference value :  7.91125e-08
 Reference value :  7.92029e-08
 Reference value :  7.92999e-08
 Reference value :  7.93999e-08
 Reference value :  7.94999e-08
 Reference value :  7.95999e-08
 Reference value :  7.96999e-08
 Reference value :  7.98499e-08
 Reference value :  7.99499e-08
 Reference value :  8.00499e-08
 Reference value :  8.01499e-08
 Reference value :  8.02999e-08
 Reference value :  8.03999e-08
 Reference value :  8.05499e-08
 Reference value :  8.06499e-08
 Reference value :  8.07424e-08
 Reference value :  8.08334e-08
 Reference value :  8.09834e-08
 Reference value :  8.10834e-08
 Reference value :  8.11834e-08
 Reference value :  8.12834e-08
 Reference value :  8.13834e-08
 Reference value :  8.15334e-08
 Reference value :  8.16834e-08
 Reference value :  8.17834e-08
 Reference value :  8.19334e-08
 Reference value :  8.20334e-08
 Reference value :  8.21834e-08
 Reference value :  8.22834e-08
 Reference value :  8.23274e-08
 Reference value :  8.24705e-08
 Reference value :  8.25705e-08
 Reference value :  8.26705e-08
 Reference value :  8.27705e-08
 Reference value :  8.28705e-08
 Reference value :  8.30205e-08
 Reference value :  8.31705e-08
 Reference value :  8.32705e-08
 Reference value :  8.33705e-08
 Reference value :  8.34705e-08
 Reference value :  8.35705e-08
 Reference value :  8.37205e-08
 Reference value :  8.38205e-08
 Reference value :  8.39018e-08
 Reference value :  8.39716e-08
 Reference value :  8.41090e-08
 Reference value :  8.42590e-08
 Reference value :  8.43590e-08
 Reference value :  8.44590e-08
 Reference value :  8.45590e-08
 Reference value :  8.46590e-08
 Reference value :  8.48090e-08
 Reference value :  8.49090e-08
 Reference value :  8.50090e-08
 Reference value :  8.51590e-08
 Reference value :  8.53090e-08
 Reference value :  8.54090e-08
 Reference value :  8.54990e-08
 Reference value :  8.56392e-08
 Reference value :  8.57392e-08
 Reference value :  8.58392e-08
 Reference value :  8.59392e-08
 Reference value :  8.60892e-08
 Reference value :  8.62392e-08
 Reference value :  8.63392e-08
 Reference value :  8.64392e-08
 Reference value :  8.65892e-08
 Reference value :  8.66892e-08
 Reference value :  8.68392e-08
 Reference value :  8.69892e-08
 Reference value :  8.70892e-08
 Reference value :  8.71308e-08
 Reference value :  8.72206e-08
 Reference value :  8.73706e-08
 Reference value :  8.75206e-08
 Reference value :  8.76206e-08
 Reference value :  8.77206e-08
 Reference value :  8.78206e-08
 Reference value :  8.79206e-08
 Reference value :  8.80206e-08
 Reference value :  8.81206e-08
 Reference value :  8.82206e-08
 Reference value :  8.83706e-08
 Reference value :  8.84706e-08
 Reference value :  8.85706e-08
 Reference value :  8.86706e-08
 Reference value :  8.87147e-08
 Reference value :  8.88576e-08
 Reference value :  8.89576e-08
 Reference value :  8.90576e-08
 Reference value :  8.91576e-08
 Reference value :  8.92576e-08
 Reference value :  8.94076e-08
 Reference value :  8.95076e-08
 Reference value :  8.96076e-08
 Reference value :  8.97076e-08
 Reference value :  8.98576e-08
 Reference value :  9.00076e-08
 Reference value :  9.01076e-08
 Reference value :  9.02076e-08
 Reference value :  9.02896e-08
 Reference value :  9.03615e-08
 Reference value :  9.04495e-08
 Reference value :  9.05995e-08
 Reference value :  9.06995e-08
 Reference value :  9.07995e-08
 Reference value :  9.08995e-08
 Reference value :  9.09995e-08
 Reference value :  9.11495e-08
 Reference value :  9.12995e-08
 Reference value :  9.14495e-08
 Reference value :  9.15495e-08
 Reference value :  9.16995e-08
 Reference value :  9.17995e-08
 Reference value :  9.18894e-08
 Reference value :  9.19822e-08
 Reference value :  9.21322e-08
 Reference value :  9.22322e-08
 Reference value :  9.23322e-08
 Reference value :  9.24822e-08
 Reference value :  9.26322e-08
 Reference value :  9.27322e-08
 Reference value :  9.28322e-08
 Reference value :  9.29322e-08
 Reference value :  9.30822e-08
 Reference value :  9.31822e-08
 Reference value :  9.32822e-08
 Reference value :  9.33822e-08
 Reference value :  9.34753e-08
 Reference value :  9.35116e-08
 Reference value :  9.36474e-08
 Reference value :  9.37974e-08
 Reference value :  9.39474e-08
 Reference value :  9.40974e-08
 Reference value :  9.42474e-08
 Reference value :  9.43974e-08
 Reference value :  9.44974e-08
 Reference value :  9.46474e-08
 Reference value :  9.47974e-08
 Reference value :  9.48974e-08
 Reference value :  9.49974e-08
 Reference value :  9.50856e-08
 Reference value :  9.52265e-08
 Reference value :  9.53265e-08
 Reference value :  9.54265e-08
 Reference value :  9.55265e-08
 Reference value :  9.56765e-08
 Reference value :  9.58265e-08
 Reference value :  9.59265e-08
 Reference value :  9.60765e-08
 Reference value :  9.62265e-08
 Reference value :  9.63765e-08
 Reference value :  9.65265e-08
 Reference value :  9.66265e-08
 Reference value :  9.66607e-08
 Reference value :  9.66940e-08
 Reference value :  9.67717e-08
 Reference value :  9.69217e-08
 Reference value :  9.70717e-08
 Reference value :  9.71717e-08
 Reference value :  9.72717e-08
 Reference value :  9.73717e-08
 Reference value :  9.74717e-08
 Reference value :  9.76217e-08
 Reference value :  9.77217e-08
 Reference value :  9.78217e-08
 Reference value :  9.79217e-08
 Reference value :  9.80217e-08
 Reference value :  9.81217e-08
 Reference value :  9.82217e-08
 Reference value :  9.82623e-08
 Reference value :  9.83483e-08
 Reference value :  9.84443e-08
 Reference value :  9.85443e-08
 Reference value :  9.86443e-08
 Reference value :  9.87443e-08
 Reference value :  9.88443e-08
 Reference value :  9.89943e-08
 Reference value :  9.90943e-08
 Reference value :  9.91943e-08
 Reference value :  9.92943e-08
 Reference value :  9.93943e-08
 Reference value :  9.94943e-08
 Reference value :  9.96443e-08
 Reference value :  9.97443e-08
 Reference value :  9.98443e-08
 Reference value :  9.98814e-08
 Reference value :  1.00019e-07
 Reference value :  1.00169e-07
 Reference value :  1.00319e-07
 Reference value :  1.00419e-07
 Reference value :  1.00519e-07
 Reference value :  1.00669e-07
 Reference value :  1.00819e-07
 Reference value :  1.00919e-07
 Reference value :  1.01069e-07
 Reference value :  1.01219e-07
 Reference value :  1.01319e-07
 Reference value :  1.01419e-07
 Reference value :  1.01452e-07
 Reference value :  1.01584e-07
 Reference value :  1.01684e-07
 Reference value :  1.01784e-07
 Reference value :  1.01934e-07
 Reference value :  1.02034e-07
 Reference value :  1.02134e-07
 Reference value :  1.02234e-07
 Reference value :  1.02334e-07
 Reference value :  1.02434e-07
 Reference value :  1.02534e-07
 Reference value :  1.02684e-07
 Reference value :  1.02784e-07
 Reference value :  1.02884e-07
 Reference value :  1.02984e-07
 Reference value :  1.03068e-07
 Reference value :  1.03145e-07
 Reference value :  1.03287e-07
 Reference value :  1.03387e-07
 Reference value :  1.03487e-07
 Reference value :  1.03587e-07
 Reference value :  1.03687e-07
 Reference value :  1.03787e-07
 Reference value :  1.03937e-07
 Reference value :  1.04037e-07
 Reference value :  1.04187e-07
 Reference value :  1.04287e-07
 Reference value :  1.04387e-07
 Reference value :  1.04537e-07
 Reference value :  1.04637e-07
 Reference value :  1.04726e-07
 Reference value :  1.04826e-07
 Reference value :  1.04926e-07
 Reference value :  1.05026e-07
 Reference value :  1.05126e-07
 Reference value :  1.05276e-07
 Reference value :  1.05376e-07
 Reference value :  1.05476e-07
 Reference value :  1.05576e-07
 Reference value :  1.05676e-07
 Reference value :  1.05826e-07
 Reference value :  1.05976e-07
 Reference value :  1.06126e-07
 Reference value :  1.06226e-07
 Reference value :  1.06263e-07
 Reference value :  1.06397e-07
 Reference value :  1.06547e-07
 Reference value :  1.06697e-07
 Reference value :  1.06797e-07
 Reference value :  1.06897e-07
 Reference value :  1.07047e-07
 Reference value :  1.07197e-07
 Reference value :  1.07297e-07
 Reference value :  1.07447e-07
 Reference value :  1.07547e-07
 Reference value :  1.07697e-07
 Reference value :  1.07797e-07
 Reference value :  1.07830e-07
 Reference value :  1.07910e-07
 Reference value :  1.08054e-07
 Reference value :  1.08154e-07
 Reference value :  1.08254e-07
 Reference value :  1.08354e-07
 Reference value :  1.08504e-07
 Reference value :  1.08604e-07
 Reference value :  1.08754e-07
 Reference value :  1.08854e-07
 Reference value :  1.08954e-07
 Reference value :  1.09104e-07
 Reference value :  1.09254e-07
 Reference value :  1.09354e-07
 Reference value :  1.09437e-07
 Reference value :  1.09508e-07
 Reference value :  1.09646e-07
 Reference value :  1.09796e-07
 Reference value :  1.09946e-07
 Reference value :  1.10046e-07
 Reference value :  1.10146e-07
 Reference value :  1.10246e-07
 Reference value :  1.10396e-07
 Reference value :  1.10496e-07
 Reference value :  1.10596e-07
 Reference value :  1.10696e-07
 Reference value :  1.10796e-07
 Reference value :  1.10946e-07
 Reference value :  1.11031e-07
 Reference value :  1.11166e-07
 Reference value :  1.11266e-07
 Reference value :  1.11366e-07
 Reference value :  1.11466e-07
 Reference value :  1.11616e-07
 Reference value :  1.11766e-07
 Reference value :  1.11866e-07
 Reference value :  1.11966e-07
 Reference value :  1.12066e-07
 Reference value :  1.12216e-07
 Reference value :  1.12316e-07
 Reference value :  1.12416e-07
 Reference value :  1.12516e-07
 Reference value :  1.12616e-07
 Reference value :  1.12653e-07
 Reference value :  1.12786e-07
 Reference value :  1.12886e-07
 Reference value :  1.13036e-07
 Reference value :  1.13136e-07
 Reference value :  1.13236e-07
 Reference value :  1.13336e-07
 Reference value :  1.13486e-07
 Reference value :  1.13586e-07
 Reference value :  1.13686e-07
 Reference value :  1.13836e-07
 Reference value :  1.13936e-07
 Reference value :  1.14086e-07
 Reference value :  1.14186e-07
 Reference value :  1.14220e-07
 Reference value :  1.14355e-07
 Reference value :  1.14455e-07
 Reference value :  1.14555e-07
 Reference value :  1.14655e-07
 Reference value :  1.14755e-07
 Reference value :  1.14855e-07
 Reference value :  1.14955e-07
 Reference value :  1.15055e-07
 Reference value :  1.15155e-07
 Reference value :  1.15255e-07
 Reference value :  1.15355e-07
 Reference value :  1.15455e-07
 Reference value :  1.15555e-07
 Reference value :  1.15655e-07
 Reference value :  1.15755e-07
 Reference value :  1.15841e-07
 Reference value :  1.15929e-07
 Reference value :  1.16025e-07
 Reference value :  1.16175e-07
 Reference value :  1.16275e-07
 Reference value :  1.16375e-07
 Reference value :  1.16475e-07
 Reference value :  1.16575e-07
 Reference value :  1.16675e-07
 Reference value :  1.16825e-07
 Reference value :  1.16975e-07
 Reference value :  1.17075e-07
 Reference value :  1.17175e-07
 Reference value :  1.17325e-07
 Reference value :  1.17409e-07
 Reference value :  1.17495e-07
 Reference value :  1.17639e-07
 Reference value :  1.17739e-07
 Reference value :  1.17839e-07
 Reference value :  1.17939e-07
 Reference value :  1.18089e-07
 Reference value :  1.18189e-07
 Reference value :  1.18289e-07
 Reference value :  1.18389e-07
 Reference value :  1.18489e-07
 Reference value :  1.18639e-07
 Reference value :  1.18789e-07
 Reference value :  1.18889e-07
 Reference value :  1.18989e-07
 Reference value :  1.19024e-07
 Reference value :  1.19101e-07
 Reference value :  1.19193e-07
 Reference value :  1.19343e-07
 Reference value :  1.19443e-07
 Reference value :  1.19543e-07
 Reference value :  1.19643e-07
 Reference value :  1.19743e-07
 Reference value :  1.19843e-07
 Reference value :  1.19943e-07
 Reference value :  1.20000e-07
No. of Data Rows : 2466
sim/harness: analysis complete
Note: Simulation executed from .control section 
