
Note: Compatibility modes selected: hs a


Circuit: ** sch_path: /home/ubuntu/github/sky130-pll/.loom/worktrees/issue-210/sim/vco-supply-pushing/testbench/tb_vco_pushing.sch

option SCALE: Scale is set to 1e-06 for instance and model parameters
option SCALE: Scale is set to 1e-06 for instance and model parameters
option SCALE: Scale is set to 1e-06 for instance and model parameters
option SCALE: Scale is set to 1e-06 for instance and model parameters
Doing analysis at TEMP = 125.000000 and TNOM = 27.000000

Using KLU as Direct Linear Solver
Operating point simulation skipped by 'uic',
  now using transient initial conditions.
 Reference value :  5.00000e-13
 Reference value :  5.30062e-13
 Reference value :  7.10434e-13
 Reference value :  1.27540e-12
 Reference value :  4.90911e-12
 Reference value :  1.67165e-11
 Reference value :  3.84521e-11
 Reference value :  5.50754e-11
 Reference value :  9.61429e-11
 Reference value :  1.57554e-10
 Reference value :  2.57554e-10
 Reference value :  3.57554e-10
 Reference value :  4.57554e-10
 Reference value :  5.53982e-10
 Reference value :  6.53982e-10
 Reference value :  7.53982e-10
 Reference value :  8.53982e-10
 Reference value :  9.53982e-10
 Reference value :  1.05398e-09
 Reference value :  1.15398e-09
 Reference value :  1.25398e-09
 Reference value :  1.35398e-09
 Reference value :  1.45398e-09
 Reference value :  1.55398e-09
 Reference value :  1.65398e-09
 Reference value :  1.75398e-09
 Reference value :  1.85398e-09
 Reference value :  1.95398e-09
 Reference value :  2.05398e-09
 Reference value :  2.15398e-09
 Reference value :  2.25398e-09
 Reference value :  2.35398e-09
 Reference value :  2.44450e-09
 Reference value :  2.53670e-09
 Reference value :  2.63670e-09
 Reference value :  2.73670e-09
 Reference value :  2.83670e-09
 Reference value :  2.93670e-09
 Reference value :  3.03670e-09
 Reference value :  3.13670e-09
 Reference value :  3.23670e-09
 Reference value :  3.33670e-09
 Reference value :  3.43670e-09
 Reference value :  3.53670e-09
 Reference value :  3.63670e-09
 Reference value :  3.73670e-09
 Reference value :  3.83670e-09
 Reference value :  3.87489e-09
 Reference value :  3.96491e-09
 Reference value :  4.06491e-09
 Reference value :  4.16491e-09
 Reference value :  4.26491e-09
 Reference value :  4.36491e-09
 Reference value :  4.46491e-09
 Reference value :  4.61491e-09
 Reference value :  4.71491e-09
 Reference value :  4.81491e-09
 Reference value :  4.91491e-09
 Reference value :  5.01491e-09
 Reference value :  5.11491e-09
 Reference value :  5.21491e-09
 Reference value :  5.25321e-09
 Reference value :  5.28940e-09
 Reference value :  5.37164e-09
 Reference value :  5.47164e-09
 Reference value :  5.57164e-09
 Reference value :  5.67164e-09
 Reference value :  5.77164e-09
 Reference value :  5.87164e-09
 Reference value :  5.97164e-09
 Reference value :  6.07164e-09
 Reference value :  6.17164e-09
 Reference value :  6.27164e-09
 Reference value :  6.37164e-09
 Reference value :  6.47164e-09
 Reference value :  6.57164e-09
 Reference value :  6.67164e-09
 Reference value :  6.70738e-09
 Reference value :  6.79501e-09
 Reference value :  6.89253e-09
 Reference value :  6.99253e-09
 Reference value :  7.09253e-09
 Reference value :  7.19253e-09
 Reference value :  7.29253e-09
 Reference value :  7.39253e-09
 Reference value :  7.49253e-09
 Reference value :  7.59253e-09
 Reference value :  7.69253e-09
 Reference value :  7.79253e-09
 Reference value :  7.89253e-09
 Reference value :  7.99253e-09
 Reference value :  8.09253e-09
 Reference value :  8.13222e-09
 Reference value :  8.22414e-09
 Reference value :  8.32414e-09
 Reference value :  8.42414e-09
 Reference value :  8.52414e-09
 Reference value :  8.62414e-09
 Reference value :  8.77414e-09
 Reference value :  8.87414e-09
 Reference value :  8.97414e-09
 Reference value :  9.07414e-09
 Reference value :  9.22414e-09
 Reference value :  9.37414e-09
 Reference value :  9.47414e-09
 Reference value :  9.51743e-09
 Reference value :  9.55334e-09
 Reference value :  9.64012e-09
 Reference value :  9.74012e-09
 Reference value :  9.89012e-09
 Reference value :  9.99012e-09
 Reference value :  1.00901e-08
 Reference value :  1.01901e-08
 Reference value :  1.02901e-08
 Reference value :  1.03901e-08
 Reference value :  1.04901e-08
 Reference value :  1.06401e-08
 Reference value :  1.07401e-08
 Reference value :  1.08401e-08
 Reference value :  1.09317e-08
 Reference value :  1.09684e-08
 Reference value :  1.11051e-08
 Reference value :  1.12051e-08
 Reference value :  1.13051e-08
 Reference value :  1.14051e-08
 Reference value :  1.15051e-08
 Reference value :  1.16051e-08
 Reference value :  1.17051e-08
 Reference value :  1.18051e-08
 Reference value :  1.19051e-08
 Reference value :  1.20051e-08
 Reference value :  1.21551e-08
 Reference value :  1.22551e-08
 Reference value :  1.23551e-08
 Reference value :  1.23911e-08
 Reference value :  1.25290e-08
 Reference value :  1.26790e-08
 Reference value :  1.27790e-08
 Reference value :  1.28790e-08
 Reference value :  1.29790e-08
 Reference value :  1.30790e-08
 Reference value :  1.32290e-08
 Reference value :  1.33290e-08
 Reference value :  1.34790e-08
 Reference value :  1.36290e-08
 Reference value :  1.37290e-08
 Reference value :  1.38111e-08
 Reference value :  1.39005e-08
 Reference value :  1.40005e-08
 Reference value :  1.41005e-08
 Reference value :  1.42005e-08
 Reference value :  1.43505e-08
 Reference value :  1.45005e-08
 Reference value :  1.46005e-08
 Reference value :  1.47505e-08
 Reference value :  1.49005e-08
 Reference value :  1.50005e-08
 Reference value :  1.51005e-08
 Reference value :  1.52005e-08
 Reference value :  1.52364e-08
 Reference value :  1.53757e-08
 Reference value :  1.55257e-08
 Reference value :  1.56257e-08
 Reference value :  1.57257e-08
 Reference value :  1.58757e-08
 Reference value :  1.59757e-08
 Reference value :  1.60757e-08
 Reference value :  1.61757e-08
 Reference value :  1.62757e-08
 Reference value :  1.63757e-08
 Reference value :  1.65257e-08
 Reference value :  1.66158e-08
 Reference value :  1.66523e-08
 Reference value :  1.67372e-08
 Reference value :  1.68372e-08
 Reference value :  1.69372e-08
 Reference value :  1.70372e-08
 Reference value :  1.71872e-08
 Reference value :  1.72872e-08
 Reference value :  1.73872e-08
 Reference value :  1.74872e-08
 Reference value :  1.75872e-08
 Reference value :  1.77372e-08
 Reference value :  1.78372e-08
 Reference value :  1.79372e-08
 Reference value :  1.80372e-08
 Reference value :  1.80728e-08
 Reference value :  1.82106e-08
 Reference value :  1.83106e-08
 Reference value :  1.84106e-08
 Reference value :  1.85606e-08
 Reference value :  1.86606e-08
 Reference value :  1.88106e-08
 Reference value :  1.89106e-08
 Reference value :  1.90106e-08
 Reference value :  1.91106e-08
 Reference value :  1.92106e-08
 Reference value :  1.93106e-08
 Reference value :  1.94106e-08
 Reference value :  1.95015e-08
 Reference value :  1.96435e-08
 Reference value :  1.97435e-08
 Reference value :  1.98435e-08
 Reference value :  1.99935e-08
 Reference value :  2.00935e-08
 Reference value :  2.01935e-08
 Reference value :  2.02935e-08
 Reference value :  2.03935e-08
 Reference value :  2.05435e-08
 Reference value :  2.06935e-08
 Reference value :  2.07935e-08
 Reference value :  2.08835e-08
 Reference value :  2.09607e-08
 Reference value :  2.11086e-08
 Reference value :  2.12586e-08
 Reference value :  2.13586e-08
 Reference value :  2.14586e-08
 Reference value :  2.15586e-08
 Reference value :  2.16586e-08
 Reference value :  2.17586e-08
 Reference value :  2.18586e-08
 Reference value :  2.19586e-08
 Reference value :  2.20586e-08
 Reference value :  2.21586e-08
 Reference value :  2.22586e-08
 Reference value :  2.22975e-08
 Reference value :  2.23335e-08
 Reference value :  2.24164e-08
 Reference value :  2.25664e-08
 Reference value :  2.26664e-08
 Reference value :  2.27664e-08
 Reference value :  2.29164e-08
 Reference value :  2.30164e-08
 Reference value :  2.31164e-08
 Reference value :  2.32664e-08
 Reference value :  2.34164e-08
 Reference value :  2.35164e-08
 Reference value :  2.36164e-08
 Reference value :  2.37164e-08
 Reference value :  2.37514e-08
 Reference value :  2.38393e-08
 Reference value :  2.39350e-08
 Reference value :  2.40350e-08
 Reference value :  2.41350e-08
 Reference value :  2.42350e-08
 Reference value :  2.43350e-08
 Reference value :  2.44350e-08
 Reference value :  2.45850e-08
 Reference value :  2.46850e-08
 Reference value :  2.48350e-08
 Reference value :  2.49850e-08
 Reference value :  2.50850e-08
 Reference value :  2.51748e-08
 Reference value :  2.52667e-08
 Reference value :  2.53667e-08
 Reference value :  2.54667e-08
 Reference value :  2.55667e-08
 Reference value :  2.57167e-08
 Reference value :  2.58167e-08
 Reference value :  2.59167e-08
 Reference value :  2.60667e-08
 Reference value :  2.62167e-08
 Reference value :  2.63667e-08
 Reference value :  2.64667e-08
 Reference value :  2.65667e-08
 Reference value :  2.66037e-08
 Reference value :  2.66934e-08
 Reference value :  2.68434e-08
 Reference value :  2.69434e-08
 Reference value :  2.70434e-08
 Reference value :  2.71434e-08
 Reference value :  2.72934e-08
 Reference value :  2.73934e-08
 Reference value :  2.74934e-08
 Reference value :  2.75934e-08
 Reference value :  2.76934e-08
 Reference value :  2.77934e-08
 Reference value :  2.78934e-08
 Reference value :  2.79812e-08
 Reference value :  2.80171e-08
 Reference value :  2.80992e-08
 Reference value :  2.82492e-08
 Reference value :  2.83492e-08
 Reference value :  2.84992e-08
 Reference value :  2.85992e-08
 Reference value :  2.86992e-08
 Reference value :  2.87992e-08
 Reference value :  2.88992e-08
 Reference value :  2.89992e-08
 Reference value :  2.90992e-08
 Reference value :  2.92492e-08
 Reference value :  2.93492e-08
 Reference value :  2.94341e-08
 Reference value :  2.95220e-08
 Reference value :  2.96677e-08
 Reference value :  2.97677e-08
 Reference value :  2.98677e-08
 Reference value :  2.99677e-08
 Reference value :  3.01177e-08
 Reference value :  3.02677e-08
 Reference value :  3.03677e-08
 Reference value :  3.05177e-08
 Reference value :  3.06677e-08
 Reference value :  3.07677e-08
 Reference value :  3.08579e-08
 Reference value :  3.09496e-08
 Reference value :  3.10496e-08
 Reference value :  3.11496e-08
 Reference value :  3.12496e-08
 Reference value :  3.13996e-08
 Reference value :  3.14996e-08
 Reference value :  3.15996e-08
 Reference value :  3.16996e-08
 Reference value :  3.18496e-08
 Reference value :  3.19996e-08
 Reference value :  3.20996e-08
 Reference value :  3.21996e-08
 Reference value :  3.22866e-08
 Reference value :  3.24263e-08
 Reference value :  3.25263e-08
 Reference value :  3.26263e-08
 Reference value :  3.27263e-08
 Reference value :  3.28263e-08
 Reference value :  3.29263e-08
 Reference value :  3.30763e-08
 Reference value :  3.31763e-08
 Reference value :  3.32763e-08
 Reference value :  3.33763e-08
 Reference value :  3.34763e-08
 Reference value :  3.35763e-08
 Reference value :  3.36642e-08
 Reference value :  3.37000e-08
 Reference value :  3.38322e-08
 Reference value :  3.39322e-08
 Reference value :  3.40322e-08
 Reference value :  3.41322e-08
 Reference value :  3.42322e-08
 Reference value :  3.43322e-08
 Reference value :  3.44322e-08
 Reference value :  3.45322e-08
 Reference value :  3.46322e-08
 Reference value :  3.47822e-08
 Reference value :  3.49322e-08
 Reference value :  3.50322e-08
 Reference value :  3.51182e-08
 Reference value :  3.52056e-08
 Reference value :  3.53518e-08
 Reference value :  3.54518e-08
 Reference value :  3.55518e-08
 Reference value :  3.56518e-08
 Reference value :  3.57518e-08
 Reference value :  3.58518e-08
 Reference value :  3.59518e-08
 Reference value :  3.60518e-08
 Reference value :  3.61518e-08
 Reference value :  3.62518e-08
 Reference value :  3.64018e-08
 Reference value :  3.65018e-08
 Reference value :  3.65419e-08
 Reference value :  3.66337e-08
 Reference value :  3.67337e-08
 Reference value :  3.68337e-08
 Reference value :  3.69337e-08
 Reference value :  3.70837e-08
 Reference value :  3.71837e-08
 Reference value :  3.72837e-08
 Reference value :  3.73837e-08
 Reference value :  3.75337e-08
 Reference value :  3.76837e-08
 Reference value :  3.77837e-08
 Reference value :  3.78837e-08
 Reference value :  3.79715e-08
 Reference value :  3.81116e-08
 Reference value :  3.82116e-08
 Reference value :  3.83116e-08
 Reference value :  3.84116e-08
 Reference value :  3.85116e-08
 Reference value :  3.86616e-08
 Reference value :  3.88116e-08
 Reference value :  3.89116e-08
 Reference value :  3.90116e-08
 Reference value :  3.91616e-08
 Reference value :  3.92616e-08
 Reference value :  3.93486e-08
 Reference value :  3.93845e-08
 Reference value :  3.95160e-08
 Reference value :  3.96160e-08
 Reference value :  3.97160e-08
 Reference value :  3.98160e-08
 Reference value :  3.99660e-08
 Reference value :  4.00660e-08
 Reference value :  4.01660e-08
 Reference value :  4.03160e-08
 Reference value :  4.04660e-08
 Reference value :  4.06160e-08
 Reference value :  4.07160e-08
 Reference value :  4.08016e-08
 Reference value :  4.08892e-08
 Reference value :  4.09864e-08
 Reference value :  4.11364e-08
 Reference value :  4.12864e-08
 Reference value :  4.14364e-08
 Reference value :  4.15864e-08
 Reference value :  4.16864e-08
 Reference value :  4.18364e-08
 Reference value :  4.19364e-08
 Reference value :  4.20364e-08
 Reference value :  4.21364e-08
 Reference value :  4.22260e-08
 Reference value :  4.23179e-08
 Reference value :  4.24179e-08
 Reference value :  4.25179e-08
 Reference value :  4.26179e-08
 Reference value :  4.27679e-08
 Reference value :  4.28679e-08
 Reference value :  4.29679e-08
 Reference value :  4.30679e-08
 Reference value :  4.32179e-08
 Reference value :  4.33679e-08
 Reference value :  4.34679e-08
 Reference value :  4.35679e-08
 Reference value :  4.36126e-08
 Reference value :  4.36486e-08
 Reference value :  4.37865e-08
 Reference value :  4.39365e-08
 Reference value :  4.40365e-08
 Reference value :  4.41365e-08
 Reference value :  4.42865e-08
 Reference value :  4.44365e-08
 Reference value :  4.45365e-08
 Reference value :  4.46865e-08
 Reference value :  4.47865e-08
 Reference value :  4.49365e-08
 Reference value :  4.50272e-08
 Reference value :  4.50636e-08
 Reference value :  4.51493e-08
 Reference value :  4.52493e-08
 Reference value :  4.53493e-08
 Reference value :  4.54493e-08
 Reference value :  4.55493e-08
 Reference value :  4.56493e-08
 Reference value :  4.57493e-08
 Reference value :  4.58493e-08
 Reference value :  4.59493e-08
 Reference value :  4.60493e-08
 Reference value :  4.61993e-08
 Reference value :  4.62993e-08
 Reference value :  4.63993e-08
 Reference value :  4.64858e-08
 Reference value :  4.66233e-08
 Reference value :  4.67733e-08
 Reference value :  4.68733e-08
 Reference value :  4.69733e-08
 Reference value :  4.70733e-08
 Reference value :  4.72233e-08
 Reference value :  4.73233e-08
 Reference value :  4.74233e-08
 Reference value :  4.75233e-08
 Reference value :  4.76233e-08
 Reference value :  4.77733e-08
 Reference value :  4.78733e-08
 Reference value :  4.79596e-08
 Reference value :  4.80596e-08
 Reference value :  4.81596e-08
 Reference value :  4.82596e-08
 Reference value :  4.84096e-08
 Reference value :  4.85096e-08
 Reference value :  4.86096e-08
 Reference value :  4.87096e-08
 Reference value :  4.88096e-08
 Reference value :  4.89596e-08
 Reference value :  4.91096e-08
 Reference value :  4.92096e-08
 Reference value :  4.92980e-08
 Reference value :  4.94189e-08
 Reference value :  4.95189e-08
 Reference value :  4.96689e-08
 Reference value :  4.97689e-08
 Reference value :  4.98689e-08
 Reference value :  4.99689e-08
 Reference value :  5.01189e-08
 Reference value :  5.02189e-08
 Reference value :  5.03189e-08
 Reference value :  5.04189e-08
 Reference value :  5.05189e-08
 Reference value :  5.06189e-08
 Reference value :  5.07092e-08
 Reference value :  5.07455e-08
 Reference value :  5.08301e-08
 Reference value :  5.09801e-08
 Reference value :  5.10801e-08
 Reference value :  5.11801e-08
 Reference value :  5.13301e-08
 Reference value :  5.14301e-08
 Reference value :  5.15301e-08
 Reference value :  5.16301e-08
 Reference value :  5.17801e-08
 Reference value :  5.19301e-08
 Reference value :  5.20301e-08
 Reference value :  5.21301e-08
 Reference value :  5.21661e-08
 Reference value :  5.22537e-08
 Reference value :  5.23515e-08
 Reference value :  5.24515e-08
 Reference value :  5.25515e-08
 Reference value :  5.26515e-08
 Reference value :  5.27515e-08
 Reference value :  5.29015e-08
 Reference value :  5.30015e-08
 Reference value :  5.31015e-08
 Reference value :  5.32515e-08
 Reference value :  5.33515e-08
 Reference value :  5.34515e-08
 Reference value :  5.35515e-08
 Reference value :  5.35913e-08
 Reference value :  5.36832e-08
 Reference value :  5.37832e-08
 Reference value :  5.38832e-08
 Reference value :  5.39832e-08
 Reference value :  5.41332e-08
 Reference value :  5.42332e-08
 Reference value :  5.43332e-08
 Reference value :  5.44332e-08
 Reference value :  5.45832e-08
 Reference value :  5.46832e-08
 Reference value :  5.48332e-08
 Reference value :  5.49332e-08
 Reference value :  5.49767e-08
 Reference value :  5.50130e-08
 Reference value :  5.51505e-08
 Reference value :  5.53005e-08
 Reference value :  5.54005e-08
 Reference value :  5.55005e-08
 Reference value :  5.56005e-08
 Reference value :  5.57505e-08
 Reference value :  5.58505e-08
 Reference value :  5.59505e-08
 Reference value :  5.61005e-08
 Reference value :  5.62505e-08
 Reference value :  5.63505e-08
 Reference value :  5.63908e-08
 Reference value :  5.64272e-08
 Reference value :  5.65622e-08
 Reference value :  5.66622e-08
 Reference value :  5.67622e-08
 Reference value :  5.69122e-08
 Reference value :  5.70122e-08
 Reference value :  5.71122e-08
 Reference value :  5.72122e-08
 Reference value :  5.73122e-08
 Reference value :  5.74622e-08
 Reference value :  5.76122e-08
 Reference value :  5.77122e-08
 Reference value :  5.78122e-08
 Reference value :  5.78485e-08
 Reference value :  5.79360e-08
 Reference value :  5.80346e-08
 Reference value :  5.81346e-08
 Reference value :  5.82346e-08
 Reference value :  5.83346e-08
 Reference value :  5.84346e-08
 Reference value :  5.85846e-08
 Reference value :  5.86846e-08
 Reference value :  5.88346e-08
 Reference value :  5.89346e-08
 Reference value :  5.90346e-08
 Reference value :  5.91346e-08
 Reference value :  5.92346e-08
 Reference value :  5.92749e-08
 Reference value :  5.94168e-08
 Reference value :  5.95168e-08
 Reference value :  5.96168e-08
 Reference value :  5.97668e-08
 Reference value :  5.98668e-08
 Reference value :  5.99668e-08
 Reference value :  6.00668e-08
 Reference value :  6.01668e-08
 Reference value :  6.03168e-08
 Reference value :  6.04168e-08
 Reference value :  6.05168e-08
 Reference value :  6.06168e-08
 Reference value :  6.06589e-08
 Reference value :  6.06958e-08
 Reference value :  6.07832e-08
 Reference value :  6.09332e-08
 Reference value :  6.10332e-08
 Reference value :  6.11332e-08
 Reference value :  6.12332e-08
 Reference value :  6.13332e-08
 Reference value :  6.14832e-08
 Reference value :  6.15832e-08
 Reference value :  6.17332e-08
 Reference value :  6.18332e-08
 Reference value :  6.19832e-08
 Reference value :  6.20729e-08
 Reference value :  6.21091e-08
 Reference value :  6.21932e-08
 Reference value :  6.23432e-08
 Reference value :  6.24432e-08
 Reference value :  6.25432e-08
 Reference value :  6.26932e-08
 Reference value :  6.27932e-08
 Reference value :  6.28932e-08
 Reference value :  6.29932e-08
 Reference value :  6.31432e-08
 Reference value :  6.32932e-08
 Reference value :  6.33932e-08
 Reference value :  6.34932e-08
 Reference value :  6.35289e-08
 Reference value :  6.36638e-08
 Reference value :  6.37638e-08
 Reference value :  6.38638e-08
 Reference value :  6.39638e-08
 Reference value :  6.40638e-08
 Reference value :  6.42138e-08
 Reference value :  6.43638e-08
 Reference value :  6.44638e-08
 Reference value :  6.46138e-08
 Reference value :  6.47638e-08
 Reference value :  6.48638e-08
 Reference value :  6.49534e-08
 Reference value :  6.50953e-08
 Reference value :  6.51953e-08
 Reference value :  6.52953e-08
 Reference value :  6.54453e-08
 Reference value :  6.55953e-08
 Reference value :  6.56953e-08
 Reference value :  6.57953e-08
 Reference value :  6.58953e-08
 Reference value :  6.60453e-08
 Reference value :  6.61953e-08
 Reference value :  6.62953e-08
 Reference value :  6.63401e-08
 Reference value :  6.63762e-08
 Reference value :  6.65143e-08
 Reference value :  6.66643e-08
 Reference value :  6.67643e-08
 Reference value :  6.68643e-08
 Reference value :  6.69643e-08
 Reference value :  6.71143e-08
 Reference value :  6.72143e-08
 Reference value :  6.73143e-08
 Reference value :  6.74643e-08
 Reference value :  6.75643e-08
 Reference value :  6.76643e-08
 Reference value :  6.77546e-08
 Reference value :  6.77909e-08
 Reference value :  6.78760e-08
 Reference value :  6.80260e-08
 Reference value :  6.81260e-08
 Reference value :  6.82760e-08
 Reference value :  6.83760e-08
 Reference value :  6.84760e-08
 Reference value :  6.85760e-08
 Reference value :  6.86760e-08
 Reference value :  6.87760e-08
 Reference value :  6.89260e-08
 Reference value :  6.90760e-08
 Reference value :  6.91260e-08
 Reference value :  6.92125e-08
 Reference value :  6.93489e-08
 Reference value :  6.94489e-08
 Reference value :  6.95489e-08
 Reference value :  6.96489e-08
 Reference value :  6.97489e-08
 Reference value :  6.98489e-08
 Reference value :  6.99989e-08
 Reference value :  7.00989e-08
 Reference value :  7.02489e-08
 Reference value :  7.03489e-08
 Reference value :  7.04989e-08
 Reference value :  7.05989e-08
 Reference value :  7.06393e-08
 Reference value :  7.07812e-08
 Reference value :  7.08812e-08
 Reference value :  7.09812e-08
 Reference value :  7.10812e-08
 Reference value :  7.11812e-08
 Reference value :  7.12812e-08
 Reference value :  7.13812e-08
 Reference value :  7.14812e-08
 Reference value :  7.16312e-08
 Reference value :  7.17812e-08
 Reference value :  7.18812e-08
 Reference value :  7.19812e-08
 Reference value :  7.20230e-08
 Reference value :  7.20602e-08
 Reference value :  7.21974e-08
 Reference value :  7.22974e-08
 Reference value :  7.23974e-08
 Reference value :  7.24974e-08
 Reference value :  7.25974e-08
 Reference value :  7.26974e-08
 Reference value :  7.28474e-08
 Reference value :  7.29474e-08
 Reference value :  7.30974e-08
 Reference value :  7.32474e-08
 Reference value :  7.33974e-08
 Reference value :  7.34369e-08
 Reference value :  7.34730e-08
 Reference value :  7.35568e-08
 Reference value :  7.36568e-08
 Reference value :  7.37568e-08
 Reference value :  7.39068e-08
 Reference value :  7.40568e-08
 Reference value :  7.41568e-08
 Reference value :  7.42568e-08
 Reference value :  7.43568e-08
 Reference value :  7.45068e-08
 Reference value :  7.46568e-08
 Reference value :  7.47568e-08
 Reference value :  7.48568e-08
 Reference value :  7.48923e-08
 Reference value :  7.49800e-08
 Reference value :  7.50768e-08
 Reference value :  7.51768e-08
 Reference value :  7.52768e-08
 Reference value :  7.53768e-08
 Reference value :  7.54768e-08
 Reference value :  7.56268e-08
 Reference value :  7.57268e-08
 Reference value :  7.58268e-08
 Reference value :  7.59268e-08
 Reference value :  7.60768e-08
 Reference value :  7.61768e-08
 Reference value :  7.62768e-08
 Reference value :  7.63163e-08
 Reference value :  7.64582e-08
 Reference value :  7.65582e-08
 Reference value :  7.66582e-08
 Reference value :  7.67582e-08
 Reference value :  7.68582e-08
 Reference value :  7.69582e-08
 Reference value :  7.70582e-08
 Reference value :  7.71582e-08
 Reference value :  7.72582e-08
 Reference value :  7.74082e-08
 Reference value :  7.75082e-08
 Reference value :  7.76082e-08
 Reference value :  7.77082e-08
 Reference value :  7.77466e-08
 Reference value :  7.78369e-08
 Reference value :  7.79369e-08
 Reference value :  7.80369e-08
 Reference value :  7.81369e-08
 Reference value :  7.82369e-08
 Reference value :  7.83369e-08
 Reference value :  7.84369e-08
 Reference value :  7.85369e-08
 Reference value :  7.86369e-08
 Reference value :  7.87369e-08
 Reference value :  7.88369e-08
 Reference value :  7.89869e-08
 Reference value :  7.91236e-08
 Reference value :  7.91597e-08
 Reference value :  7.92409e-08
 Reference value :  7.93909e-08
 Reference value :  7.94909e-08
 Reference value :  7.95909e-08
 Reference value :  7.97409e-08
 Reference value :  7.98409e-08
 Reference value :  7.99409e-08
 Reference value :  8.00409e-08
 Reference value :  8.01409e-08
 Reference value :  8.02909e-08
 Reference value :  8.03909e-08
 Reference value :  8.04909e-08
 Reference value :  8.05765e-08
 Reference value :  8.07127e-08
 Reference value :  8.08627e-08
 Reference value :  8.09627e-08
 Reference value :  8.11127e-08
 Reference value :  8.12627e-08
 Reference value :  8.13627e-08
 Reference value :  8.14627e-08
 Reference value :  8.16127e-08
 Reference value :  8.17627e-08
 Reference value :  8.18627e-08
 Reference value :  8.19627e-08
 Reference value :  8.20027e-08
 Reference value :  8.20947e-08
 Reference value :  8.21947e-08
 Reference value :  8.22947e-08
 Reference value :  8.24447e-08
 Reference value :  8.25947e-08
 Reference value :  8.26947e-08
 Reference value :  8.27947e-08
 Reference value :  8.28947e-08
 Reference value :  8.30447e-08
 Reference value :  8.31947e-08
 Reference value :  8.32947e-08
 Reference value :  8.33867e-08
 Reference value :  8.34231e-08
 Reference value :  8.35598e-08
 Reference value :  8.36598e-08
 Reference value :  8.37598e-08
 Reference value :  8.38598e-08
 Reference value :  8.39598e-08
 Reference value :  8.41098e-08
 Reference value :  8.42598e-08
 Reference value :  8.43598e-08
 Reference value :  8.45098e-08
 Reference value :  8.46598e-08
 Reference value :  8.47598e-08
 Reference value :  8.48373e-08
 Reference value :  8.49231e-08
 Reference value :  8.50231e-08
 Reference value :  8.51231e-08
 Reference value :  8.52231e-08
 Reference value :  8.53731e-08
 Reference value :  8.54731e-08
 Reference value :  8.55731e-08
 Reference value :  8.56731e-08
 Reference value :  8.58231e-08
 Reference value :  8.59731e-08
 Reference value :  8.60731e-08
 Reference value :  8.61731e-08
 Reference value :  8.62594e-08
 Reference value :  8.63970e-08
 Reference value :  8.65470e-08
 Reference value :  8.66470e-08
 Reference value :  8.67470e-08
 Reference value :  8.68470e-08
 Reference value :  8.69970e-08
 Reference value :  8.71470e-08
 Reference value :  8.72970e-08
 Reference value :  8.73970e-08
 Reference value :  8.75470e-08
 Reference value :  8.76470e-08
 Reference value :  8.76879e-08
 Reference value :  8.78299e-08
 Reference value :  8.79299e-08
 Reference value :  8.80299e-08
 Reference value :  8.81299e-08
 Reference value :  8.82799e-08
 Reference value :  8.83799e-08
 Reference value :  8.84799e-08
 Reference value :  8.86299e-08
 Reference value :  8.87299e-08
 Reference value :  8.88799e-08
 Reference value :  8.89799e-08
 Reference value :  8.90699e-08
 Reference value :  8.91472e-08
 Reference value :  8.92950e-08
 Reference value :  8.94450e-08
 Reference value :  8.95450e-08
 Reference value :  8.96450e-08
 Reference value :  8.97950e-08
 Reference value :  8.99450e-08
 Reference value :  9.00450e-08
 Reference value :  9.01450e-08
 Reference value :  9.02950e-08
 Reference value :  9.03950e-08
 Reference value :  9.04839e-08
 Reference value :  9.05198e-08
 Reference value :  9.06526e-08
 Reference value :  9.07526e-08
 Reference value :  9.08526e-08
 Reference value :  9.09526e-08
 Reference value :  9.11026e-08
 Reference value :  9.12026e-08
 Reference value :  9.13026e-08
 Reference value :  9.14026e-08
 Reference value :  9.15526e-08
 Reference value :  9.16526e-08
 Reference value :  9.18026e-08
 Reference value :  9.19026e-08
 Reference value :  9.19375e-08
 Reference value :  9.20710e-08
 Reference value :  9.22210e-08
 Reference value :  9.23210e-08
 Reference value :  9.24210e-08
 Reference value :  9.25210e-08
 Reference value :  9.26210e-08
 Reference value :  9.27710e-08
 Reference value :  9.28710e-08
 Reference value :  9.30210e-08
 Reference value :  9.31710e-08
 Reference value :  9.33210e-08
 Reference value :  9.33605e-08
 Reference value :  9.34524e-08
 Reference value :  9.36024e-08
 Reference value :  9.37024e-08
 Reference value :  9.38024e-08
 Reference value :  9.39024e-08
 Reference value :  9.40024e-08
 Reference value :  9.41024e-08
 Reference value :  9.42024e-08
 Reference value :  9.43024e-08
 Reference value :  9.44024e-08
 Reference value :  9.45024e-08
 Reference value :  9.46024e-08
 Reference value :  9.47024e-08
 Reference value :  9.47887e-08
 Reference value :  9.48782e-08
 Reference value :  9.50282e-08
 Reference value :  9.51282e-08
 Reference value :  9.52282e-08
 Reference value :  9.53282e-08
 Reference value :  9.54282e-08
 Reference value :  9.55282e-08
 Reference value :  9.56282e-08
 Reference value :  9.57282e-08
 Reference value :  9.58782e-08
 Reference value :  9.60282e-08
 Reference value :  9.61282e-08
 Reference value :  9.61670e-08
 Reference value :  9.62030e-08
 Reference value :  9.62863e-08
 Reference value :  9.64363e-08
 Reference value :  9.65363e-08
 Reference value :  9.66363e-08
 Reference value :  9.67863e-08
 Reference value :  9.68863e-08
 Reference value :  9.69863e-08
 Reference value :  9.70863e-08
 Reference value :  9.72363e-08
 Reference value :  9.73363e-08
 Reference value :  9.74863e-08
 Reference value :  9.75863e-08
 Reference value :  9.76220e-08
 Reference value :  9.77096e-08
 Reference value :  9.78562e-08
 Reference value :  9.79562e-08
 Reference value :  9.80562e-08
 Reference value :  9.81562e-08
 Reference value :  9.83062e-08
 Reference value :  9.84062e-08
 Reference value :  9.85062e-08
 Reference value :  9.86062e-08
 Reference value :  9.87062e-08
 Reference value :  9.88562e-08
 Reference value :  9.89562e-08
 Reference value :  9.90459e-08
 Reference value :  9.91378e-08
 Reference value :  9.92378e-08
 Reference value :  9.93378e-08
 Reference value :  9.94378e-08
 Reference value :  9.95378e-08
 Reference value :  9.96878e-08
 Reference value :  9.97878e-08
 Reference value :  9.98878e-08
 Reference value :  9.99878e-08
 Reference value :  1.00088e-07
 Reference value :  1.00238e-07
 Reference value :  1.00338e-07
 Reference value :  1.00438e-07
 Reference value :  1.00476e-07
 Reference value :  1.00566e-07
 Reference value :  1.00666e-07
 Reference value :  1.00766e-07
 Reference value :  1.00866e-07
 Reference value :  1.00966e-07
 Reference value :  1.01066e-07
 Reference value :  1.01216e-07
 Reference value :  1.01316e-07
 Reference value :  1.01416e-07
 Reference value :  1.01516e-07
 Reference value :  1.01616e-07
 Reference value :  1.01716e-07
 Reference value :  1.01816e-07
 Reference value :  1.01853e-07
 Reference value :  1.01889e-07
 Reference value :  1.01970e-07
 Reference value :  1.02120e-07
 Reference value :  1.02220e-07
 Reference value :  1.02320e-07
 Reference value :  1.02470e-07
 Reference value :  1.02570e-07
 Reference value :  1.02670e-07
 Reference value :  1.02770e-07
 Reference value :  1.02870e-07
 Reference value :  1.02970e-07
 Reference value :  1.03070e-07
 Reference value :  1.03170e-07
 Reference value :  1.03270e-07
 Reference value :  1.03306e-07
 Reference value :  1.03394e-07
 Reference value :  1.03542e-07
 Reference value :  1.03642e-07
 Reference value :  1.03742e-07
 Reference value :  1.03842e-07
 Reference value :  1.03942e-07
 Reference value :  1.04092e-07
 Reference value :  1.04192e-07
 Reference value :  1.04292e-07
 Reference value :  1.04392e-07
 Reference value :  1.04542e-07
 Reference value :  1.04642e-07
 Reference value :  1.04732e-07
 Reference value :  1.04823e-07
 Reference value :  1.04923e-07
 Reference value :  1.05023e-07
 Reference value :  1.05123e-07
 Reference value :  1.05223e-07
 Reference value :  1.05373e-07
 Reference value :  1.05473e-07
 Reference value :  1.05573e-07
 Reference value :  1.05673e-07
 Reference value :  1.05823e-07
 Reference value :  1.05973e-07
 Reference value :  1.06073e-07
 Reference value :  1.06116e-07
 Reference value :  1.06153e-07
 Reference value :  1.06240e-07
 Reference value :  1.06340e-07
 Reference value :  1.06490e-07
 Reference value :  1.06590e-07
 Reference value :  1.06690e-07
 Reference value :  1.06840e-07
 Reference value :  1.06990e-07
 Reference value :  1.07090e-07
 Reference value :  1.07190e-07
 Reference value :  1.07290e-07
 Reference value :  1.07440e-07
 Reference value :  1.07531e-07
 Reference value :  1.07567e-07
 Reference value :  1.07653e-07
 Reference value :  1.07753e-07
 Reference value :  1.07853e-07
 Reference value :  1.07953e-07
 Reference value :  1.08053e-07
 Reference value :  1.08153e-07
 Reference value :  1.08253e-07
 Reference value :  1.08353e-07
 Reference value :  1.08453e-07
 Reference value :  1.08553e-07
 Reference value :  1.08703e-07
 Reference value :  1.08803e-07
 Reference value :  1.08903e-07
 Reference value :  1.08990e-07
 Reference value :  1.09077e-07
 Reference value :  1.09177e-07
 Reference value :  1.09327e-07
 Reference value :  1.09427e-07
 Reference value :  1.09527e-07
 Reference value :  1.09627e-07
 Reference value :  1.09727e-07
 Reference value :  1.09827e-07
 Reference value :  1.09927e-07
 Reference value :  1.10027e-07
 Reference value :  1.10127e-07
 Reference value :  1.10277e-07
 Reference value :  1.10377e-07
 Reference value :  1.10464e-07
 Reference value :  1.10564e-07
 Reference value :  1.10714e-07
 Reference value :  1.10814e-07
 Reference value :  1.10964e-07
 Reference value :  1.11064e-07
 Reference value :  1.11164e-07
 Reference value :  1.11264e-07
 Reference value :  1.11364e-07
 Reference value :  1.11514e-07
 Reference value :  1.11664e-07
 Reference value :  1.11764e-07
 Reference value :  1.11802e-07
 Reference value :  1.11879e-07
 Reference value :  1.12022e-07
 Reference value :  1.12122e-07
 Reference value :  1.12222e-07
 Reference value :  1.12322e-07
 Reference value :  1.12422e-07
 Reference value :  1.12572e-07
 Reference value :  1.12672e-07
 Reference value :  1.12772e-07
 Reference value :  1.12922e-07
 Reference value :  1.13022e-07
 Reference value :  1.13172e-07
 Reference value :  1.13249e-07
 Reference value :  1.13384e-07
 Reference value :  1.13484e-07
 Reference value :  1.13584e-07
 Reference value :  1.13734e-07
 Reference value :  1.13834e-07
 Reference value :  1.13934e-07
 Reference value :  1.14034e-07
 Reference value :  1.14134e-07
 Reference value :  1.14284e-07
 Reference value :  1.14384e-07
 Reference value :  1.14484e-07
 Reference value :  1.14584e-07
 Reference value :  1.14670e-07
 Reference value :  1.14806e-07
 Reference value :  1.14956e-07
 Reference value :  1.15056e-07
 Reference value :  1.15156e-07
 Reference value :  1.15256e-07
 Reference value :  1.15406e-07
 Reference value :  1.15556e-07
 Reference value :  1.15656e-07
 Reference value :  1.15756e-07
 Reference value :  1.15856e-07
 Reference value :  1.15956e-07
 Reference value :  1.16056e-07
 Reference value :  1.16096e-07
 Reference value :  1.16188e-07
 Reference value :  1.16288e-07
 Reference value :  1.16388e-07
 Reference value :  1.16488e-07
 Reference value :  1.16638e-07
 Reference value :  1.16738e-07
 Reference value :  1.16888e-07
 Reference value :  1.16988e-07
 Reference value :  1.17088e-07
 Reference value :  1.17238e-07
 Reference value :  1.17338e-07
 Reference value :  1.17438e-07
 Reference value :  1.17481e-07
 Reference value :  1.17517e-07
 Reference value :  1.17654e-07
 Reference value :  1.17754e-07
 Reference value :  1.17854e-07
 Reference value :  1.17954e-07
 Reference value :  1.18054e-07
 Reference value :  1.18154e-07
 Reference value :  1.18304e-07
 Reference value :  1.18404e-07
 Reference value :  1.18504e-07
 Reference value :  1.18654e-07
 Reference value :  1.18804e-07
 Reference value :  1.18895e-07
 Reference value :  1.18931e-07
 Reference value :  1.19016e-07
 Reference value :  1.19116e-07
 Reference value :  1.19216e-07
 Reference value :  1.19316e-07
 Reference value :  1.19466e-07
 Reference value :  1.19566e-07
 Reference value :  1.19666e-07
 Reference value :  1.19766e-07
 Reference value :  1.19916e-07
 Reference value :  1.20000e-07
No. of Data Rows : 2467
sim/harness: analysis complete
Note: Simulation executed from .control section 
