
Note: Compatibility modes selected: hs a


Circuit: ** sch_path: /users/rwalters/github/sky130-pll/.loom/worktrees/issue-202/sim/integrator-floor/testbench/tb_integrator_floor.sch

option SCALE: Scale is set to 1e-06 for instance and model parameters
option SCALE: Scale is set to 1e-06 for instance and model parameters
option SCALE: Scale is set to 1e-06 for instance and model parameters
option SCALE: Scale is set to 1e-06 for instance and model parameters
Doing analysis at TEMP = 125.000000 and TNOM = 27.000000

Using KLU as Direct Linear Solver
 Reference value :  0.00000e+00
 Reference value :  2.46925e-08
 Reference value :  4.96580e-08
 Reference value :  7.44266e-08
 Reference value :  1.00366e-07
 Reference value :  1.24547e-07
 Reference value :  1.50052e-07
 Reference value :  1.74103e-07
 Reference value :  1.99250e-07
 Reference value :  2.22817e-07
 Reference value :  2.47508e-07
 Reference value :  2.73019e-07
 Reference value :  2.96077e-07
 Reference value :  3.19404e-07
 Reference value :  3.43282e-07
 Reference value :  3.67216e-07
 Reference value :  3.93102e-07
 Reference value :  4.18920e-07
 Reference value :  4.41756e-07
 Reference value :  4.66530e-07
 Reference value :  4.90624e-07
 Reference value :  5.14567e-07
 Reference value :  5.38399e-07
 Reference value :  5.62354e-07
 Reference value :  5.86186e-07
 Reference value :  6.10125e-07
 Reference value :  6.35957e-07
 Reference value :  6.61836e-07
 Reference value :  6.84968e-07
 Reference value :  7.11653e-07
 Reference value :  7.35573e-07
 Reference value :  7.61415e-07
 Reference value :  7.85343e-07
 Reference value :  8.09319e-07
 Reference value :  8.37112e-07
 Reference value :  8.66960e-07
 Reference value :  8.92341e-07
 Reference value :  9.16748e-07
 Reference value :  9.42571e-07
 Reference value :  9.68893e-07
 Reference value :  9.94417e-07
 Reference value :  1.02006e-06
 Reference value :  1.04531e-06
 Reference value :  1.07035e-06
 Reference value :  1.09595e-06
 Reference value :  1.12190e-06
 Reference value :  1.14626e-06
 Reference value :  1.17291e-06
 Reference value :  1.19752e-06
 Reference value :  1.22340e-06
 Reference value :  1.24980e-06
 Reference value :  1.27345e-06
 Reference value :  1.29897e-06
 Reference value :  1.32349e-06
 Reference value :  1.34882e-06
 Reference value :  1.37467e-06
 Reference value :  1.40047e-06
 Reference value :  1.42492e-06
 Reference value :  1.45110e-06
 Reference value :  1.47704e-06
 Reference value :  1.50374e-06
 Reference value :  1.53003e-06
 Reference value :  1.57188e-06
 Reference value :  1.60030e-06
 Reference value :  1.62584e-06
 Reference value :  1.65097e-06
 Reference value :  1.68013e-06
 Reference value :  1.70523e-06
 Reference value :  1.72996e-06
 Reference value :  1.75431e-06
 Reference value :  1.78276e-06
 Reference value :  1.80837e-06
 Reference value :  1.83655e-06
 Reference value :  1.86371e-06
 Reference value :  1.88721e-06
 Reference value :  1.91626e-06
 Reference value :  1.94409e-06
 Reference value :  1.96869e-06
 Reference value :  1.99388e-06
 Reference value :  2.01622e-06
 Reference value :  2.04164e-06
 Reference value :  2.06622e-06
 Reference value :  2.09280e-06
 Reference value :  2.11898e-06
 Reference value :  2.14530e-06
 Reference value :  2.16976e-06
 Reference value :  2.19443e-06
 Reference value :  2.22222e-06
 Reference value :  2.24685e-06
 Reference value :  2.27438e-06
 Reference value :  2.30051e-06
 Reference value :  2.32640e-06
 Reference value :  2.35036e-06
 Reference value :  2.37599e-06
 Reference value :  2.40006e-06
 Reference value :  2.42225e-06
 Reference value :  2.44676e-06
 Reference value :  2.47529e-06
 Reference value :  2.50128e-06
 Reference value :  2.52550e-06
 Reference value :  2.55144e-06
 Reference value :  2.57595e-06
 Reference value :  2.59925e-06
 Reference value :  2.62703e-06
 Reference value :  2.65277e-06
 Reference value :  2.68026e-06
 Reference value :  2.70691e-06
 Reference value :  2.73267e-06
 Reference value :  2.76029e-06
 Reference value :  2.78436e-06
 Reference value :  2.81168e-06
 Reference value :  2.83721e-06
 Reference value :  2.86580e-06
 Reference value :  2.89249e-06
 Reference value :  2.91966e-06
 Reference value :  2.94509e-06
 Reference value :  2.97127e-06
 Reference value :  2.99852e-06
 Reference value :  3.02340e-06
 Reference value :  3.04731e-06
 Reference value :  3.07514e-06
 Reference value :  3.10169e-06
 Reference value :  3.12627e-06
 Reference value :  3.15265e-06
 Reference value :  3.17754e-06
 Reference value :  3.20489e-06
 Reference value :  3.23137e-06
 Reference value :  3.25807e-06
 Reference value :  3.28220e-06
 Reference value :  3.30712e-06
 Reference value :  3.33427e-06
 Reference value :  3.36179e-06
 Reference value :  3.38695e-06
 Reference value :  3.41362e-06
 Reference value :  3.43953e-06
 Reference value :  3.46338e-06
 Reference value :  3.48911e-06
 Reference value :  3.51498e-06
 Reference value :  3.54101e-06
 Reference value :  3.56530e-06
 Reference value :  3.59281e-06
 Reference value :  3.62037e-06
 Reference value :  3.64659e-06
 Reference value :  3.67243e-06
 Reference value :  3.69839e-06
 Reference value :  3.72485e-06
 Reference value :  3.75116e-06
 Reference value :  3.77576e-06
 Reference value :  3.80191e-06
 Reference value :  3.83112e-06
 Reference value :  3.85658e-06
 Reference value :  3.88341e-06
 Reference value :  3.91131e-06
 Reference value :  3.93505e-06
 Reference value :  3.96117e-06
 Reference value :  3.98370e-06
 Reference value :  4.00930e-06
 Reference value :  4.03556e-06
 Reference value :  4.05976e-06
 Reference value :  4.08449e-06
 Reference value :  4.10988e-06
 Reference value :  4.13470e-06
 Reference value :  4.15967e-06
 Reference value :  4.18219e-06
 Reference value :  4.21089e-06
 Reference value :  4.23554e-06
 Reference value :  4.26079e-06
 Reference value :  4.28450e-06
 Reference value :  4.30951e-06
 Reference value :  4.33343e-06
 Reference value :  4.35776e-06
 Reference value :  4.38328e-06
 Reference value :  4.40813e-06
 Reference value :  4.43298e-06
 Reference value :  4.45655e-06
 Reference value :  4.48003e-06
 Reference value :  4.50272e-06
 Reference value :  4.52847e-06
 Reference value :  4.55229e-06
 Reference value :  4.57816e-06
 Reference value :  4.60259e-06
 Reference value :  4.62619e-06
 Reference value :  4.65043e-06
 Reference value :  4.67597e-06
 Reference value :  4.70041e-06
 Reference value :  4.72586e-06
 Reference value :  4.75554e-06
 Reference value :  4.78024e-06
 Reference value :  4.80531e-06
 Reference value :  4.83423e-06
 Reference value :  4.85854e-06
 Reference value :  4.88300e-06
 Reference value :  4.90908e-06
 Reference value :  4.93450e-06
 Reference value :  4.95915e-06
 Reference value :  4.98465e-06
 Reference value :  5.00909e-06
 Reference value :  5.03437e-06
 Reference value :  5.05838e-06
 Reference value :  5.08403e-06
 Reference value :  5.11196e-06
 Reference value :  5.13616e-06
 Reference value :  5.16181e-06
 Reference value :  5.18499e-06
 Reference value :  5.21452e-06
 Reference value :  5.23937e-06
 Reference value :  5.26328e-06
 Reference value :  5.28726e-06
 Reference value :  5.31499e-06
 Reference value :  5.34105e-06
 Reference value :  5.36492e-06
 Reference value :  5.39079e-06
 Reference value :  5.41668e-06
 Reference value :  5.44194e-06
 Reference value :  5.46846e-06
 Reference value :  5.49485e-06
 Reference value :  5.52013e-06
 Reference value :  5.54415e-06
 Reference value :  5.57198e-06
 Reference value :  5.59773e-06
 Reference value :  5.62400e-06
 Reference value :  5.64965e-06
 Reference value :  5.67758e-06
 Reference value :  5.70334e-06
 Reference value :  5.72840e-06
 Reference value :  5.75508e-06
 Reference value :  5.77905e-06
 Reference value :  5.80589e-06
 Reference value :  5.83194e-06
 Reference value :  5.85689e-06
 Reference value :  5.88313e-06
 Reference value :  5.91039e-06
 Reference value :  5.93374e-06
 Reference value :  5.95815e-06
 Reference value :  5.98437e-06
 Reference value :  6.00998e-06
 Reference value :  6.03792e-06
 Reference value :  6.06660e-06
 Reference value :  6.09176e-06
 Reference value :  6.11598e-06
 Reference value :  6.13941e-06
 Reference value :  6.16337e-06
 Reference value :  6.19122e-06
 Reference value :  6.21709e-06
 Reference value :  6.24301e-06
 Reference value :  6.27067e-06
 Reference value :  6.29675e-06
 Reference value :  6.32244e-06
 Reference value :  6.34639e-06
 Reference value :  6.37169e-06
 Reference value :  6.39839e-06
 Reference value :  6.42631e-06
 Reference value :  6.45221e-06
 Reference value :  6.47696e-06
 Reference value :  6.50095e-06
 Reference value :  6.52779e-06
 Reference value :  6.55387e-06
 Reference value :  6.57844e-06
 Reference value :  6.60432e-06
 Reference value :  6.62929e-06
 Reference value :  6.65520e-06
 Reference value :  6.68137e-06
 Reference value :  6.70885e-06
 Reference value :  6.73873e-06
 Reference value :  6.76748e-06
 Reference value :  6.79649e-06
 Reference value :  6.82046e-06
 Reference value :  6.84645e-06
 Reference value :  6.87048e-06
 Reference value :  6.89567e-06
 Reference value :  6.92024e-06
 Reference value :  6.94647e-06
 Reference value :  6.97174e-06
 Reference value :  6.99824e-06
 Reference value :  7.02544e-06
 Reference value :  7.05119e-06
 Reference value :  7.07854e-06
 Reference value :  7.10508e-06
 Reference value :  7.13092e-06
 Reference value :  7.16017e-06
 Reference value :  7.18720e-06
 Reference value :  7.21264e-06
 Reference value :  7.23855e-06
 Reference value :  7.26544e-06
 Reference value :  7.29030e-06
 Reference value :  7.31622e-06
 Reference value :  7.34204e-06
 Reference value :  7.36674e-06
 Reference value :  7.39381e-06
 Reference value :  7.41911e-06
 Reference value :  7.44338e-06
 Reference value :  7.47166e-06
 Reference value :  7.50352e-06
 Reference value :  7.54420e-06
 Reference value :  7.58509e-06
 Reference value :  7.62882e-06
 Reference value :  7.67056e-06
 Reference value :  7.70675e-06
 Reference value :  7.73329e-06
 Reference value :  7.75819e-06
 Reference value :  7.78469e-06
 Reference value :  7.81356e-06
 Reference value :  7.83665e-06
 Reference value :  7.86192e-06
 Reference value :  7.88755e-06
 Reference value :  7.90991e-06
 Reference value :  7.93542e-06
 Reference value :  7.96730e-06
 Reference value :  7.99389e-06
 Reference value :  8.02207e-06
 Reference value :  8.04868e-06
 Reference value :  8.08277e-06
 Reference value :  8.12458e-06
 Reference value :  8.15532e-06
 Reference value :  8.18806e-06
 Reference value :  8.22458e-06
 Reference value :  8.25596e-06
 Reference value :  8.29849e-06
 Reference value :  8.33493e-06
 Reference value :  8.36709e-06
 Reference value :  8.39931e-06
 Reference value :  8.42909e-06
 Reference value :  8.46736e-06
 Reference value :  8.50168e-06
 Reference value :  8.52762e-06
 Reference value :  8.55467e-06
 Reference value :  8.58446e-06
 Reference value :  8.60857e-06
 Reference value :  8.63425e-06
 Reference value :  8.66214e-06
 Reference value :  8.69005e-06
 Reference value :  8.71398e-06
 Reference value :  8.74079e-06
 Reference value :  8.76769e-06
 Reference value :  8.79462e-06
 Reference value :  8.81950e-06
 Reference value :  8.84365e-06
 Reference value :  8.86922e-06
 Reference value :  8.89496e-06
 Reference value :  8.91898e-06
 Reference value :  8.94289e-06
 Reference value :  8.97269e-06
 Reference value :  8.99547e-06
 Reference value :  9.02059e-06
 Reference value :  9.04836e-06
 Reference value :  9.07329e-06
 Reference value :  9.09625e-06
 Reference value :  9.12412e-06
 Reference value :  9.15380e-06
 Reference value :  9.17811e-06
 Reference value :  9.20479e-06
 Reference value :  9.22969e-06
 Reference value :  9.25754e-06
 Reference value :  9.28527e-06
 Reference value :  9.31123e-06
 Reference value :  9.33534e-06
 Reference value :  9.35970e-06
 Reference value :  9.38340e-06
 Reference value :  9.40887e-06
 Reference value :  9.43450e-06
 Reference value :  9.46157e-06
 Reference value :  9.48851e-06
 Reference value :  9.51510e-06
 Reference value :  9.54185e-06
 Reference value :  9.56614e-06
 Reference value :  9.59378e-06
 Reference value :  9.62068e-06
 Reference value :  9.64476e-06
 Reference value :  9.67162e-06
 Reference value :  9.69761e-06
 Reference value :  9.72347e-06
 Reference value :  9.74737e-06
 Reference value :  9.77321e-06
 Reference value :  9.79814e-06
 Reference value :  9.82291e-06
 Reference value :  9.84592e-06
 Reference value :  9.87066e-06
 Reference value :  9.89466e-06
 Reference value :  9.91848e-06
 Reference value :  9.94445e-06
 Reference value :  9.97025e-06
 Reference value :  9.99623e-06
No. of Data Rows : 183315
sim/harness: analysis complete
Note: Simulation executed from .control section 
