
Note: Compatibility modes selected: hs a


Circuit: ** sch_path: /users/rwalters/github/sky130-pll/.loom/worktrees/issue-131/sim/divider-n5/testbench/tb_divider_n5.sch

option SCALE: Scale is set to 1e-06 for instance and model parameters
option SCALE: Scale is set to 1e-06 for instance and model parameters
option SCALE: Scale is set to 1e-06 for instance and model parameters
option SCALE: Scale is set to 1e-06 for instance and model parameters
Doing analysis at TEMP = 125.000000 and TNOM = 27.000000

Using KLU as Direct Linear Solver
 Reference value :  0.00000e+00
 Reference value :  5.37300e-10
 Reference value :  1.35730e-09
 Reference value :  2.15962e-09
 Reference value :  2.97962e-09
 Reference value :  3.79962e-09
 Reference value :  4.41963e-09
 Reference value :  5.21000e-09
 Reference value :  6.02563e-09
 Reference value :  6.81963e-09
 Reference value :  7.51963e-09
 Reference value :  8.23962e-09
 Reference value :  8.99962e-09
 Reference value :  9.83962e-09
 Reference value :  1.04596e-08
 Reference value :  1.13196e-08
 Reference value :  1.20186e-08
 Reference value :  1.27396e-08
 Reference value :  1.34196e-08
 Reference value :  1.40796e-08
 Reference value :  1.48596e-08
 Reference value :  1.56196e-08
 Reference value :  1.62196e-08
 Reference value :  1.69596e-08
 Reference value :  1.77996e-08
 Reference value :  1.83596e-08
 Reference value :  1.91196e-08
 Reference value :  1.98996e-08
 Reference value :  2.04796e-08
 Reference value :  2.11596e-08
 Reference value :  2.18996e-08
 Reference value :  2.25996e-08
 Reference value :  2.34796e-08
 Reference value :  2.41996e-08
 Reference value :  2.52196e-08
 Reference value :  2.60996e-08
 Reference value :  2.70796e-08
 Reference value :  2.80125e-08
 Reference value :  2.88196e-08
 Reference value :  2.98596e-08
 Reference value :  3.06596e-08
 Reference value :  3.16796e-08
 Reference value :  3.24596e-08
 Reference value :  3.32796e-08
 Reference value :  3.40796e-08
 Reference value :  3.50396e-08
 Reference value :  3.60000e-08
 Reference value :  3.67796e-08
 Reference value :  3.78196e-08
 Reference value :  3.86396e-08
 Reference value :  3.97396e-08
 Reference value :  4.05596e-08
 Reference value :  4.13196e-08
 Reference value :  4.20796e-08
 Reference value :  4.30596e-08
 Reference value :  4.40081e-08
 Reference value :  4.48996e-08
 Reference value :  4.59396e-08
 Reference value :  4.67796e-08
 Reference value :  4.77596e-08
 Reference value :  4.85196e-08
 Reference value :  4.95396e-08
 Reference value :  5.03396e-08
 Reference value :  5.13996e-08
 Reference value :  5.22796e-08
 Reference value :  5.31596e-08
 Reference value :  5.40151e-08
 Reference value :  5.49796e-08
 Reference value :  5.60038e-08
 Reference value :  5.67996e-08
 Reference value :  5.78196e-08
 Reference value :  5.86396e-08
 Reference value :  5.97396e-08
 Reference value :  6.05396e-08
 Reference value :  6.12996e-08
 Reference value :  6.20596e-08
 Reference value :  6.30396e-08
 Reference value :  6.40081e-08
 Reference value :  6.49596e-08
 Reference value :  6.59898e-08
 Reference value :  6.68196e-08
 Reference value :  6.78196e-08
 Reference value :  6.85596e-08
 Reference value :  6.95796e-08
 Reference value :  7.03796e-08
 Reference value :  7.14196e-08
 Reference value :  7.22573e-08
 Reference value :  7.30973e-08
 Reference value :  7.40000e-08
 Reference value :  7.48396e-08
 Reference value :  7.57796e-08
 Reference value :  7.65396e-08
 Reference value :  7.75596e-08
 Reference value :  7.83396e-08
 Reference value :  7.93596e-08
 Reference value :  8.02996e-08
 Reference value :  8.10796e-08
 Reference value :  8.18796e-08
 Reference value :  8.26796e-08
 Reference value :  8.36996e-08
 Reference value :  8.44973e-08
 Reference value :  8.55173e-08
 Reference value :  8.63396e-08
 Reference value :  8.72996e-08
 Reference value :  8.81196e-08
 Reference value :  8.90396e-08
 Reference value :  9.00081e-08
 Reference value :  9.08996e-08
 Reference value :  9.19596e-08
 Reference value :  9.26796e-08
 Reference value :  9.35196e-08
 Reference value :  9.43596e-08
 Reference value :  9.53396e-08
 Reference value :  9.61796e-08
 Reference value :  9.70996e-08
 Reference value :  9.80151e-08
 Reference value :  9.89196e-08
 Reference value :  9.99596e-08
 Reference value :  1.00700e-07
 Reference value :  1.01440e-07
 Reference value :  1.02220e-07
 Reference value :  1.03220e-07
 Reference value :  1.04080e-07
 Reference value :  1.05060e-07
 Reference value :  1.06013e-07
 Reference value :  1.06940e-07
 Reference value :  1.07920e-07
 Reference value :  1.08640e-07
 Reference value :  1.09680e-07
 Reference value :  1.10500e-07
 Reference value :  1.11540e-07
 Reference value :  1.12357e-07
 Reference value :  1.13197e-07
 Reference value :  1.14013e-07
 Reference value :  1.14920e-07
 Reference value :  1.15900e-07
 Reference value :  1.16640e-07
 Reference value :  1.17660e-07
 Reference value :  1.18440e-07
 Reference value :  1.19480e-07
 Reference value :  1.20320e-07
 Reference value :  1.21120e-07
 Reference value :  1.21960e-07
 Reference value :  1.22780e-07
 Reference value :  1.23800e-07
 Reference value :  1.24600e-07
 Reference value :  1.25620e-07
 Reference value :  1.26420e-07
 Reference value :  1.27380e-07
 Reference value :  1.28200e-07
 Reference value :  1.29100e-07
 Reference value :  1.30013e-07
 Reference value :  1.30900e-07
 Reference value :  1.31920e-07
 Reference value :  1.32660e-07
 Reference value :  1.33480e-07
 Reference value :  1.34300e-07
 Reference value :  1.35280e-07
 Reference value :  1.36160e-07
 Reference value :  1.37080e-07
 Reference value :  1.38013e-07
 Reference value :  1.38900e-07
 Reference value :  1.39920e-07
 Reference value :  1.40660e-07
 Reference value :  1.41400e-07
 Reference value :  1.42180e-07
 Reference value :  1.43180e-07
 Reference value :  1.44120e-07
 Reference value :  1.45100e-07
 Reference value :  1.46015e-07
 Reference value :  1.46940e-07
 Reference value :  1.47920e-07
 Reference value :  1.48640e-07
 Reference value :  1.49720e-07
 Reference value :  1.50520e-07
 Reference value :  1.51560e-07
 Reference value :  1.52380e-07
 Reference value :  1.53200e-07
 Reference value :  1.54019e-07
 Reference value :  1.54960e-07
 Reference value :  1.55980e-07
 Reference value :  1.56840e-07
 Reference value :  1.57880e-07
 Reference value :  1.58680e-07
 Reference value :  1.59700e-07
 Reference value :  1.60500e-07
 Reference value :  1.61260e-07
 Reference value :  1.62019e-07
 Reference value :  1.62960e-07
 Reference value :  1.63990e-07
 Reference value :  1.64800e-07
 Reference value :  1.65840e-07
 Reference value :  1.66660e-07
 Reference value :  1.67620e-07
 Reference value :  1.68380e-07
 Reference value :  1.69320e-07
 Reference value :  1.70160e-07
 Reference value :  1.71160e-07
 Reference value :  1.72026e-07
 Reference value :  1.72860e-07
 Reference value :  1.73740e-07
 Reference value :  1.74580e-07
 Reference value :  1.75540e-07
 Reference value :  1.76360e-07
 Reference value :  1.77260e-07
 Reference value :  1.78140e-07
 Reference value :  1.79120e-07
 Reference value :  1.80015e-07
 Reference value :  1.80800e-07
 Reference value :  1.81540e-07
 Reference value :  1.82280e-07
 Reference value :  1.83280e-07
 Reference value :  1.84160e-07
 Reference value :  1.85140e-07
 Reference value :  1.86019e-07
 Reference value :  1.86960e-07
 Reference value :  1.87940e-07
 Reference value :  1.88640e-07
 Reference value :  1.89660e-07
 Reference value :  1.90440e-07
 Reference value :  1.91440e-07
 Reference value :  1.92280e-07
 Reference value :  1.93080e-07
 Reference value :  1.94000e-07
 Reference value :  1.94820e-07
 Reference value :  1.95760e-07
 Reference value :  1.96500e-07
 Reference value :  1.97500e-07
 Reference value :  1.98280e-07
 Reference value :  1.99260e-07
 Reference value :  2.00080e-07
 Reference value :  2.00900e-07
 Reference value :  2.01640e-07
 Reference value :  2.02400e-07
 Reference value :  2.03400e-07
 Reference value :  2.04220e-07
 Reference value :  2.05160e-07
 Reference value :  2.06015e-07
 Reference value :  2.06940e-07
 Reference value :  2.07900e-07
 Reference value :  2.08580e-07
 Reference value :  2.09560e-07
 Reference value :  2.10340e-07
 Reference value :  2.11340e-07
 Reference value :  2.12160e-07
 Reference value :  2.12980e-07
 Reference value :  2.13880e-07
 Reference value :  2.14700e-07
 Reference value :  2.15640e-07
 Reference value :  2.16440e-07
 Reference value :  2.17420e-07
 Reference value :  2.18200e-07
 Reference value :  2.19180e-07
 Reference value :  2.20040e-07
 Reference value :  2.20860e-07
 Reference value :  2.21560e-07
 Reference value :  2.22300e-07
 Reference value :  2.23260e-07
 Reference value :  2.24120e-07
 Reference value :  2.25120e-07
 Reference value :  2.26019e-07
 Reference value :  2.26940e-07
 Reference value :  2.27860e-07
 Reference value :  2.28560e-07
 Reference value :  2.29620e-07
 Reference value :  2.30400e-07
 Reference value :  2.31400e-07
 Reference value :  2.32320e-07
 Reference value :  2.33160e-07
 Reference value :  2.34008e-07
 Reference value :  2.34860e-07
 Reference value :  2.35760e-07
 Reference value :  2.36500e-07
 Reference value :  2.37480e-07
 Reference value :  2.38260e-07
 Reference value :  2.39240e-07
 Reference value :  2.40060e-07
 Reference value :  2.40880e-07
 Reference value :  2.41620e-07
 Reference value :  2.42500e-07
 Reference value :  2.43440e-07
 Reference value :  2.44260e-07
 Reference value :  2.45260e-07
 Reference value :  2.46120e-07
 Reference value :  2.47080e-07
 Reference value :  2.48002e-07
 Reference value :  2.48777e-07
 Reference value :  2.49797e-07
 Reference value :  2.50600e-07
 Reference value :  2.51720e-07
 Reference value :  2.52497e-07
 Reference value :  2.53337e-07
 Reference value :  2.54140e-07
 Reference value :  2.55140e-07
 Reference value :  2.56015e-07
 Reference value :  2.56860e-07
 Reference value :  2.57880e-07
 Reference value :  2.58660e-07
 Reference value :  2.59680e-07
No. of Data Rows : 14043
sim/harness: analysis complete
Note: Simulation executed from .control section 
Note: Starting dynamic gmin stepping
Note: Dynamic gmin stepping completed
