
Note: Compatibility modes selected: hs a


Circuit: ** sch_path: /users/rwalters/github/sky130-pll/.loom/worktrees/issue-131/sim/divider-n5/testbench/tb_divider_n5.sch

option SCALE: Scale is set to 1e-06 for instance and model parameters
option SCALE: Scale is set to 1e-06 for instance and model parameters
option SCALE: Scale is set to 1e-06 for instance and model parameters
option SCALE: Scale is set to 1e-06 for instance and model parameters
Doing analysis at TEMP = 125.000000 and TNOM = 27.000000

Using KLU as Direct Linear Solver
 Reference value :  0.00000e+00
 Reference value :  5.57300e-10
 Reference value :  1.37730e-09
 Reference value :  2.17962e-09
 Reference value :  3.05962e-09
 Reference value :  3.93962e-09
 Reference value :  4.53963e-09
 Reference value :  5.35000e-09
 Reference value :  6.07963e-09
 Reference value :  6.87963e-09
 Reference value :  7.71963e-09
 Reference value :  8.31962e-09
 Reference value :  9.03962e-09
 Reference value :  9.87962e-09
 Reference value :  1.04796e-08
 Reference value :  1.13196e-08
 Reference value :  1.20186e-08
 Reference value :  1.27196e-08
 Reference value :  1.34396e-08
 Reference value :  1.41196e-08
 Reference value :  1.49196e-08
 Reference value :  1.57596e-08
 Reference value :  1.63596e-08
 Reference value :  1.70396e-08
 Reference value :  1.78596e-08
 Reference value :  1.84196e-08
 Reference value :  1.91996e-08
 Reference value :  1.99596e-08
 Reference value :  2.04996e-08
 Reference value :  2.11596e-08
 Reference value :  2.18196e-08
 Reference value :  2.24196e-08
 Reference value :  2.32996e-08
 Reference value :  2.40396e-08
 Reference value :  2.48996e-08
 Reference value :  2.59396e-08
 Reference value :  2.67796e-08
 Reference value :  2.78396e-08
 Reference value :  2.86196e-08
 Reference value :  2.95996e-08
 Reference value :  3.03996e-08
 Reference value :  3.14196e-08
 Reference value :  3.22596e-08
 Reference value :  3.30996e-08
 Reference value :  3.39596e-08
 Reference value :  3.47796e-08
 Reference value :  3.57796e-08
 Reference value :  3.65596e-08
 Reference value :  3.75596e-08
 Reference value :  3.83596e-08
 Reference value :  3.93996e-08
 Reference value :  4.02396e-08
 Reference value :  4.10796e-08
 Reference value :  4.18396e-08
 Reference value :  4.25796e-08
 Reference value :  4.35996e-08
 Reference value :  4.44196e-08
 Reference value :  4.54196e-08
 Reference value :  4.62596e-08
 Reference value :  4.72996e-08
 Reference value :  4.81396e-08
 Reference value :  4.90796e-08
 Reference value :  5.00134e-08
 Reference value :  5.09396e-08
 Reference value :  5.20000e-08
 Reference value :  5.27996e-08
 Reference value :  5.36796e-08
 Reference value :  5.45196e-08
 Reference value :  5.55996e-08
 Reference value :  5.64196e-08
 Reference value :  5.73396e-08
 Reference value :  5.82196e-08
 Reference value :  5.92196e-08
 Reference value :  6.00796e-08
 Reference value :  6.09596e-08
 Reference value :  6.17396e-08
 Reference value :  6.24396e-08
 Reference value :  6.35396e-08
 Reference value :  6.44196e-08
 Reference value :  6.54196e-08
 Reference value :  6.62396e-08
 Reference value :  6.72796e-08
 Reference value :  6.81196e-08
 Reference value :  6.90596e-08
 Reference value :  7.00081e-08
 Reference value :  7.08796e-08
 Reference value :  7.18996e-08
 Reference value :  7.26573e-08
 Reference value :  7.35373e-08
 Reference value :  7.42796e-08
 Reference value :  7.52796e-08
 Reference value :  7.61196e-08
 Reference value :  7.70396e-08
 Reference value :  7.80038e-08
 Reference value :  7.88396e-08
 Reference value :  7.98596e-08
 Reference value :  8.06196e-08
 Reference value :  8.14196e-08
 Reference value :  8.20596e-08
 Reference value :  8.30196e-08
 Reference value :  8.40020e-08
 Reference value :  8.48173e-08
 Reference value :  8.58373e-08
 Reference value :  8.66396e-08
 Reference value :  8.76596e-08
 Reference value :  8.85196e-08
 Reference value :  8.94996e-08
 Reference value :  9.03396e-08
 Reference value :  9.13596e-08
 Reference value :  9.21996e-08
 Reference value :  9.30796e-08
 Reference value :  9.39596e-08
 Reference value :  9.47596e-08
 Reference value :  9.57796e-08
 Reference value :  9.65596e-08
 Reference value :  9.75196e-08
 Reference value :  9.83196e-08
 Reference value :  9.93396e-08
 Reference value :  1.00180e-07
 Reference value :  1.01040e-07
 Reference value :  1.01820e-07
 Reference value :  1.02560e-07
 Reference value :  1.03620e-07
 Reference value :  1.04420e-07
 Reference value :  1.05420e-07
 Reference value :  1.06240e-07
 Reference value :  1.07260e-07
 Reference value :  1.08120e-07
 Reference value :  1.09060e-07
 Reference value :  1.10013e-07
 Reference value :  1.10900e-07
 Reference value :  1.11940e-07
 Reference value :  1.12717e-07
 Reference value :  1.13577e-07
 Reference value :  1.14320e-07
 Reference value :  1.15320e-07
 Reference value :  1.16180e-07
 Reference value :  1.17100e-07
 Reference value :  1.18013e-07
 Reference value :  1.18900e-07
 Reference value :  1.19940e-07
 Reference value :  1.20700e-07
 Reference value :  1.21500e-07
 Reference value :  1.22160e-07
 Reference value :  1.23140e-07
 Reference value :  1.24026e-07
 Reference value :  1.24940e-07
 Reference value :  1.26000e-07
 Reference value :  1.26820e-07
 Reference value :  1.27820e-07
 Reference value :  1.28580e-07
 Reference value :  1.29540e-07
 Reference value :  1.30320e-07
 Reference value :  1.31320e-07
 Reference value :  1.32160e-07
 Reference value :  1.33020e-07
 Reference value :  1.33860e-07
 Reference value :  1.34660e-07
 Reference value :  1.35660e-07
 Reference value :  1.36520e-07
 Reference value :  1.37500e-07
 Reference value :  1.38300e-07
 Reference value :  1.39340e-07
 Reference value :  1.40200e-07
 Reference value :  1.41060e-07
 Reference value :  1.41840e-07
 Reference value :  1.42560e-07
 Reference value :  1.43580e-07
 Reference value :  1.44380e-07
 Reference value :  1.45360e-07
 Reference value :  1.46200e-07
 Reference value :  1.47200e-07
 Reference value :  1.48060e-07
 Reference value :  1.48960e-07
 Reference value :  1.49980e-07
 Reference value :  1.50780e-07
 Reference value :  1.51800e-07
 Reference value :  1.52560e-07
 Reference value :  1.53440e-07
 Reference value :  1.54180e-07
 Reference value :  1.55180e-07
 Reference value :  1.56060e-07
 Reference value :  1.56960e-07
 Reference value :  1.57980e-07
 Reference value :  1.58760e-07
 Reference value :  1.59780e-07
 Reference value :  1.60580e-07
 Reference value :  1.61380e-07
 Reference value :  1.62026e-07
 Reference value :  1.62960e-07
 Reference value :  1.63980e-07
 Reference value :  1.64760e-07
 Reference value :  1.65780e-07
 Reference value :  1.66580e-07
 Reference value :  1.67580e-07
 Reference value :  1.68420e-07
 Reference value :  1.69380e-07
 Reference value :  1.70200e-07
 Reference value :  1.71220e-07
 Reference value :  1.72120e-07
 Reference value :  1.73020e-07
 Reference value :  1.73940e-07
 Reference value :  1.74760e-07
 Reference value :  1.75820e-07
 Reference value :  1.76620e-07
 Reference value :  1.77620e-07
 Reference value :  1.78400e-07
 Reference value :  1.79400e-07
 Reference value :  1.80200e-07
 Reference value :  1.81040e-07
 Reference value :  1.81800e-07
 Reference value :  1.82500e-07
 Reference value :  1.83520e-07
 Reference value :  1.84360e-07
 Reference value :  1.85300e-07
 Reference value :  1.86140e-07
 Reference value :  1.87140e-07
 Reference value :  1.88015e-07
 Reference value :  1.88860e-07
 Reference value :  1.89860e-07
 Reference value :  1.90640e-07
 Reference value :  1.91640e-07
 Reference value :  1.92440e-07
 Reference value :  1.93280e-07
 Reference value :  1.94026e-07
 Reference value :  1.94960e-07
 Reference value :  1.95980e-07
 Reference value :  1.96700e-07
 Reference value :  1.97700e-07
 Reference value :  1.98440e-07
 Reference value :  1.99440e-07
 Reference value :  2.00240e-07
 Reference value :  2.01060e-07
 Reference value :  2.01800e-07
 Reference value :  2.02480e-07
 Reference value :  2.03480e-07
 Reference value :  2.04280e-07
 Reference value :  2.05180e-07
 Reference value :  2.06026e-07
 Reference value :  2.06960e-07
 Reference value :  2.07960e-07
 Reference value :  2.08680e-07
 Reference value :  2.09660e-07
 Reference value :  2.10480e-07
 Reference value :  2.11460e-07
 Reference value :  2.12260e-07
 Reference value :  2.13100e-07
 Reference value :  2.13960e-07
 Reference value :  2.14800e-07
 Reference value :  2.15800e-07
 Reference value :  2.16580e-07
 Reference value :  2.17580e-07
 Reference value :  2.18340e-07
 Reference value :  2.19360e-07
 Reference value :  2.20180e-07
 Reference value :  2.21040e-07
 Reference value :  2.21780e-07
 Reference value :  2.22460e-07
 Reference value :  2.23420e-07
 Reference value :  2.24240e-07
 Reference value :  2.25200e-07
 Reference value :  2.26040e-07
 Reference value :  2.27020e-07
 Reference value :  2.28013e-07
 Reference value :  2.28760e-07
 Reference value :  2.29740e-07
 Reference value :  2.30520e-07
 Reference value :  2.31480e-07
 Reference value :  2.32300e-07
 Reference value :  2.33240e-07
 Reference value :  2.34013e-07
 Reference value :  2.34880e-07
 Reference value :  2.35860e-07
 Reference value :  2.36580e-07
 Reference value :  2.37540e-07
 Reference value :  2.38320e-07
 Reference value :  2.39320e-07
 Reference value :  2.40140e-07
 Reference value :  2.40980e-07
 Reference value :  2.41740e-07
 Reference value :  2.42400e-07
 Reference value :  2.43340e-07
 Reference value :  2.44120e-07
 Reference value :  2.45060e-07
 Reference value :  2.46013e-07
 Reference value :  2.46920e-07
 Reference value :  2.47900e-07
 Reference value :  2.48657e-07
 Reference value :  2.49657e-07
 Reference value :  2.50460e-07
 Reference value :  2.51480e-07
 Reference value :  2.52317e-07
 Reference value :  2.53157e-07
 Reference value :  2.54001e-07
 Reference value :  2.54840e-07
 Reference value :  2.55860e-07
 Reference value :  2.56620e-07
 Reference value :  2.57600e-07
 Reference value :  2.58360e-07
 Reference value :  2.59380e-07
No. of Data Rows : 14043
sim/harness: analysis complete
Note: Simulation executed from .control section 
Note: Starting dynamic gmin stepping
Note: Dynamic gmin stepping completed
