
Note: Compatibility modes selected: hs a


Circuit: ** sch_path: /users/rwalters/github/sky130-pll/.loom/worktrees/issue-131/sim/divider-n5/testbench/tb_divider_n5.sch

option SCALE: Scale is set to 1e-06 for instance and model parameters
option SCALE: Scale is set to 1e-06 for instance and model parameters
option SCALE: Scale is set to 1e-06 for instance and model parameters
option SCALE: Scale is set to 1e-06 for instance and model parameters
Doing analysis at TEMP = 125.000000 and TNOM = 27.000000

Using KLU as Direct Linear Solver
 Reference value :  0.00000e+00
 Reference value :  5.77300e-10
 Reference value :  1.37730e-09
 Reference value :  2.05963e-09
 Reference value :  2.91962e-09
 Reference value :  3.73962e-09
 Reference value :  4.33963e-09
 Reference value :  5.13000e-09
 Reference value :  6.01863e-09
 Reference value :  6.79963e-09
 Reference value :  7.59963e-09
 Reference value :  8.21962e-09
 Reference value :  8.97962e-09
 Reference value :  9.87962e-09
 Reference value :  1.05996e-08
 Reference value :  1.14396e-08
 Reference value :  1.21196e-08
 Reference value :  1.27996e-08
 Reference value :  1.34796e-08
 Reference value :  1.41396e-08
 Reference value :  1.49796e-08
 Reference value :  1.57396e-08
 Reference value :  1.63396e-08
 Reference value :  1.70796e-08
 Reference value :  1.79196e-08
 Reference value :  1.84796e-08
 Reference value :  1.92396e-08
 Reference value :  2.00013e-08
 Reference value :  2.05796e-08
 Reference value :  2.12196e-08
 Reference value :  2.20000e-08
 Reference value :  2.26996e-08
 Reference value :  2.35796e-08
 Reference value :  2.43396e-08
 Reference value :  2.53196e-08
 Reference value :  2.61596e-08
 Reference value :  2.72196e-08
 Reference value :  2.80996e-08
 Reference value :  2.90196e-08
 Reference value :  3.00038e-08
 Reference value :  3.08596e-08
 Reference value :  3.18796e-08
 Reference value :  3.25996e-08
 Reference value :  3.33996e-08
 Reference value :  3.42196e-08
 Reference value :  3.52796e-08
 Reference value :  3.61196e-08
 Reference value :  3.70196e-08
 Reference value :  3.80256e-08
 Reference value :  3.89996e-08
 Reference value :  4.00013e-08
 Reference value :  4.07196e-08
 Reference value :  4.14596e-08
 Reference value :  4.22596e-08
 Reference value :  4.32996e-08
 Reference value :  4.42196e-08
 Reference value :  4.51996e-08
 Reference value :  4.60596e-08
 Reference value :  4.70596e-08
 Reference value :  4.80125e-08
 Reference value :  4.88596e-08
 Reference value :  4.98996e-08
 Reference value :  5.07196e-08
 Reference value :  5.17596e-08
 Reference value :  5.25196e-08
 Reference value :  5.33596e-08
 Reference value :  5.42196e-08
 Reference value :  5.52996e-08
 Reference value :  5.62196e-08
 Reference value :  5.71996e-08
 Reference value :  5.80596e-08
 Reference value :  5.90196e-08
 Reference value :  6.00013e-08
 Reference value :  6.07396e-08
 Reference value :  6.14796e-08
 Reference value :  6.22996e-08
 Reference value :  6.33396e-08
 Reference value :  6.41996e-08
 Reference value :  6.52396e-08
 Reference value :  6.60996e-08
 Reference value :  6.70996e-08
 Reference value :  6.80186e-08
 Reference value :  6.89196e-08
 Reference value :  6.99596e-08
 Reference value :  7.07596e-08
 Reference value :  7.17996e-08
 Reference value :  7.25573e-08
 Reference value :  7.33373e-08
 Reference value :  7.41596e-08
 Reference value :  7.51796e-08
 Reference value :  7.60396e-08
 Reference value :  7.69196e-08
 Reference value :  7.79596e-08
 Reference value :  7.87396e-08
 Reference value :  7.97796e-08
 Reference value :  8.05196e-08
 Reference value :  8.12396e-08
 Reference value :  8.20396e-08
 Reference value :  8.29996e-08
 Reference value :  8.40020e-08
 Reference value :  8.48373e-08
 Reference value :  8.58773e-08
 Reference value :  8.66796e-08
 Reference value :  8.76996e-08
 Reference value :  8.84596e-08
 Reference value :  8.94796e-08
 Reference value :  9.02996e-08
 Reference value :  9.13396e-08
 Reference value :  9.21796e-08
 Reference value :  9.29796e-08
 Reference value :  9.39396e-08
 Reference value :  9.47596e-08
 Reference value :  9.57796e-08
 Reference value :  9.65396e-08
 Reference value :  9.75596e-08
 Reference value :  9.83396e-08
 Reference value :  9.93796e-08
 Reference value :  1.00220e-07
 Reference value :  1.00980e-07
 Reference value :  1.01820e-07
 Reference value :  1.02620e-07
 Reference value :  1.03640e-07
 Reference value :  1.04420e-07
 Reference value :  1.05460e-07
 Reference value :  1.06280e-07
 Reference value :  1.07340e-07
 Reference value :  1.08200e-07
 Reference value :  1.09120e-07
 Reference value :  1.10019e-07
 Reference value :  1.10980e-07
 Reference value :  1.12000e-07
 Reference value :  1.12717e-07
 Reference value :  1.13537e-07
 Reference value :  1.14340e-07
 Reference value :  1.15380e-07
 Reference value :  1.16240e-07
 Reference value :  1.17200e-07
 Reference value :  1.18060e-07
 Reference value :  1.19020e-07
 Reference value :  1.20004e-07
 Reference value :  1.20740e-07
 Reference value :  1.21480e-07
 Reference value :  1.22280e-07
 Reference value :  1.23320e-07
 Reference value :  1.24160e-07
 Reference value :  1.25140e-07
 Reference value :  1.26019e-07
 Reference value :  1.26960e-07
 Reference value :  1.27980e-07
 Reference value :  1.28700e-07
 Reference value :  1.29700e-07
 Reference value :  1.30480e-07
 Reference value :  1.31500e-07
 Reference value :  1.32300e-07
 Reference value :  1.33080e-07
 Reference value :  1.34001e-07
 Reference value :  1.34840e-07
 Reference value :  1.35860e-07
 Reference value :  1.36580e-07
 Reference value :  1.37600e-07
 Reference value :  1.38400e-07
 Reference value :  1.39420e-07
 Reference value :  1.40240e-07
 Reference value :  1.41000e-07
 Reference value :  1.41860e-07
 Reference value :  1.42660e-07
 Reference value :  1.43680e-07
 Reference value :  1.44440e-07
 Reference value :  1.45480e-07
 Reference value :  1.46300e-07
 Reference value :  1.47340e-07
 Reference value :  1.48180e-07
 Reference value :  1.49100e-07
 Reference value :  1.50013e-07
 Reference value :  1.50920e-07
 Reference value :  1.51940e-07
 Reference value :  1.52640e-07
 Reference value :  1.53480e-07
 Reference value :  1.54280e-07
 Reference value :  1.55340e-07
 Reference value :  1.56180e-07
 Reference value :  1.57080e-07
 Reference value :  1.58013e-07
 Reference value :  1.58880e-07
 Reference value :  1.59920e-07
 Reference value :  1.60640e-07
 Reference value :  1.61360e-07
 Reference value :  1.62160e-07
 Reference value :  1.63180e-07
 Reference value :  1.64040e-07
 Reference value :  1.65040e-07
 Reference value :  1.66004e-07
 Reference value :  1.66860e-07
 Reference value :  1.67880e-07
 Reference value :  1.68620e-07
 Reference value :  1.69660e-07
 Reference value :  1.70460e-07
 Reference value :  1.71500e-07
 Reference value :  1.72320e-07
 Reference value :  1.73120e-07
 Reference value :  1.74012e-07
 Reference value :  1.74900e-07
 Reference value :  1.75900e-07
 Reference value :  1.76600e-07
 Reference value :  1.77600e-07
 Reference value :  1.78360e-07
 Reference value :  1.79380e-07
 Reference value :  1.80200e-07
 Reference value :  1.80940e-07
 Reference value :  1.81740e-07
 Reference value :  1.82520e-07
 Reference value :  1.83540e-07
 Reference value :  1.84340e-07
 Reference value :  1.85340e-07
 Reference value :  1.86160e-07
 Reference value :  1.87140e-07
 Reference value :  1.88015e-07
 Reference value :  1.88860e-07
 Reference value :  1.89880e-07
 Reference value :  1.90640e-07
 Reference value :  1.91680e-07
 Reference value :  1.92420e-07
 Reference value :  1.93220e-07
 Reference value :  1.94026e-07
 Reference value :  1.94980e-07
 Reference value :  1.95980e-07
 Reference value :  1.96660e-07
 Reference value :  1.97680e-07
 Reference value :  1.98440e-07
 Reference value :  1.99440e-07
 Reference value :  2.00220e-07
 Reference value :  2.00960e-07
 Reference value :  2.01760e-07
 Reference value :  2.02520e-07
 Reference value :  2.03500e-07
 Reference value :  2.04300e-07
 Reference value :  2.05260e-07
 Reference value :  2.06080e-07
 Reference value :  2.07040e-07
 Reference value :  2.08001e-07
 Reference value :  2.08740e-07
 Reference value :  2.09720e-07
 Reference value :  2.10500e-07
 Reference value :  2.11560e-07
 Reference value :  2.12360e-07
 Reference value :  2.13140e-07
 Reference value :  2.14013e-07
 Reference value :  2.14920e-07
 Reference value :  2.15940e-07
 Reference value :  2.16640e-07
 Reference value :  2.17660e-07
 Reference value :  2.18420e-07
 Reference value :  2.19400e-07
 Reference value :  2.20180e-07
 Reference value :  2.20920e-07
 Reference value :  2.21660e-07
 Reference value :  2.22460e-07
 Reference value :  2.23500e-07
 Reference value :  2.24300e-07
 Reference value :  2.25180e-07
 Reference value :  2.26026e-07
 Reference value :  2.26980e-07
 Reference value :  2.27980e-07
 Reference value :  2.28820e-07
 Reference value :  2.29860e-07
 Reference value :  2.30640e-07
 Reference value :  2.31660e-07
 Reference value :  2.32380e-07
 Reference value :  2.33160e-07
 Reference value :  2.34013e-07
 Reference value :  2.34900e-07
 Reference value :  2.35900e-07
 Reference value :  2.36600e-07
 Reference value :  2.37620e-07
 Reference value :  2.38400e-07
 Reference value :  2.39380e-07
 Reference value :  2.40140e-07
 Reference value :  2.40920e-07
 Reference value :  2.41720e-07
 Reference value :  2.42520e-07
 Reference value :  2.43540e-07
 Reference value :  2.44320e-07
 Reference value :  2.45300e-07
 Reference value :  2.46140e-07
 Reference value :  2.47160e-07
 Reference value :  2.48037e-07
 Reference value :  2.48937e-07
 Reference value :  2.49977e-07
 Reference value :  2.50800e-07
 Reference value :  2.51840e-07
 Reference value :  2.52577e-07
 Reference value :  2.53357e-07
 Reference value :  2.54160e-07
 Reference value :  2.55180e-07
 Reference value :  2.56040e-07
 Reference value :  2.56940e-07
 Reference value :  2.58000e-07
 Reference value :  2.58800e-07
 Reference value :  2.59860e-07
No. of Data Rows : 14043
sim/harness: analysis complete
Note: Simulation executed from .control section 
Note: Starting dynamic gmin stepping
Note: Dynamic gmin stepping completed
