
Note: Compatibility modes selected: hs a


Circuit: ** sch_path: /home/ubuntu/github/sky130-pll/.loom/worktrees/issue-165/sim/vco-supply-pushing/testbench/tb_vco_pushing.sch

option SCALE: Scale is set to 1e-06 for instance and model parameters
option SCALE: Scale is set to 1e-06 for instance and model parameters
option SCALE: Scale is set to 1e-06 for instance and model parameters
option SCALE: Scale is set to 1e-06 for instance and model parameters
Doing analysis at TEMP = -40.000000 and TNOM = 27.000000

Using KLU as Direct Linear Solver
Operating point simulation skipped by 'uic',
  now using transient initial conditions.
 Reference value :  5.00000e-13
 Reference value :  3.25138e-09
 Reference value :  1.38840e-08
 Reference value :  1.40340e-08
 Reference value :  1.53340e-08
 Reference value :  1.54840e-08
 Reference value :  1.55840e-08
 Reference value :  2.45943e-08
 Reference value :  2.46943e-08
 Reference value :  2.48443e-08
 Reference value :  3.00003e-08
 Reference value :  3.01503e-08
 Reference value :  3.71335e-08
 Reference value :  3.72835e-08
 Reference value :  4.63121e-08
 Reference value :  4.64121e-08
 Reference value :  5.37635e-08
 Reference value :  5.81944e-08
 Reference value :  6.45733e-08
 Reference value :  7.36694e-08
 Reference value :  7.37141e-08
 Reference value :  7.38609e-08
 Reference value :  7.40109e-08
 Reference value :  8.92796e-08
 Reference value :  9.50897e-08
 Reference value :  9.51897e-08
 Reference value :  9.53397e-08
 Reference value :  9.54897e-08
 Reference value :  9.59897e-08
 Reference value :  9.60897e-08
 Reference value :  9.62397e-08
 Reference value :  1.00320e-07
 Reference value :  1.00470e-07
 Reference value :  1.12788e-07
 Reference value :  1.12938e-07
 Reference value :  1.17521e-07
No. of Data Rows : 2433
Doing analysis at TEMP = -40.000000 and TNOM = 27.000000

Using KLU as Direct Linear Solver
Operating point simulation skipped by 'uic',
  now using transient initial conditions.
 Reference value :  5.00000e-13
 Reference value :  4.17169e-10
 Reference value :  4.37939e-09
 Reference value :  6.42305e-09
 Reference value :  1.28692e-08
 Reference value :  1.82562e-08
 Reference value :  1.83562e-08
 Reference value :  2.20759e-08
 Reference value :  2.33108e-08
 Reference value :  2.86386e-08
 Reference value :  3.09199e-08
 Reference value :  3.10199e-08
 Reference value :  3.96933e-08
 Reference value :  4.26748e-08
 Reference value :  4.29959e-08
 Reference value :  4.30959e-08
 Reference value :  5.04577e-08
 Reference value :  5.06077e-08
 Reference value :  5.84017e-08
 Reference value :  5.85017e-08
 Reference value :  6.68928e-08
 Reference value :  6.95045e-08
 Reference value :  7.74413e-08
 Reference value :  7.98664e-08
 Reference value :  8.14234e-08
 Reference value :  8.44147e-08
 Reference value :  8.44193e-08
 Reference value :  9.33533e-08
 Reference value :  1.00285e-07
 Reference value :  1.02302e-07
 Reference value :  1.08259e-07
 Reference value :  1.10551e-07
 Reference value :  1.10651e-07
 Reference value :  1.17243e-07
 Reference value :  1.19922e-07
No. of Data Rows : 2558
Doing analysis at TEMP = -40.000000 and TNOM = 27.000000

Using KLU as Direct Linear Solver
Operating point simulation skipped by 'uic',
  now using transient initial conditions.
 Reference value :  1.05876e-09
 Reference value :  3.66420e-09
 Reference value :  3.69179e-09
 Reference value :  6.46509e-09
 Reference value :  8.52181e-09
 Reference value :  9.40604e-09
 Reference value :  9.42728e-09
 Reference value :  1.04432e-08
 Reference value :  1.36602e-08
 Reference value :  1.50479e-08
 Reference value :  1.55095e-08
 Reference value :  1.56095e-08
 Reference value :  1.57952e-08
 Reference value :  2.00531e-08
 Reference value :  2.23628e-08
 Reference value :  2.25128e-08
 Reference value :  2.40789e-08
 Reference value :  2.43227e-08
 Reference value :  2.65148e-08
 Reference value :  2.76743e-08
 Reference value :  2.98676e-08
 Reference value :  3.10005e-08
 Reference value :  3.28002e-08
 Reference value :  3.45992e-08
 Reference value :  3.55244e-08
 Reference value :  3.74345e-08
 Reference value :  3.79064e-08
 Reference value :  3.91200e-08
 Reference value :  4.06957e-08
 Reference value :  4.24937e-08
 Reference value :  4.25290e-08
 Reference value :  4.26259e-08
 Reference value :  4.27259e-08
 Reference value :  4.27307e-08
 Reference value :  4.27740e-08
 Reference value :  4.28031e-08
 Reference value :  4.28710e-08
 Reference value :  4.45449e-08
 Reference value :  4.61074e-08
 Reference value :  4.79065e-08
 Reference value :  4.90414e-08
 Reference value :  5.11159e-08
 Reference value :  5.13865e-08
 Reference value :  5.14517e-08
 Reference value :  5.33018e-08
 Reference value :  5.44566e-08
 Reference value :  5.69176e-08
 Reference value :  5.84838e-08
 Reference value :  5.85668e-08
 Reference value :  6.07396e-08
 Reference value :  6.14012e-08
 Reference value :  6.43473e-08
 Reference value :  6.63892e-08
 Reference value :  6.82852e-08
 Reference value :  7.02828e-08
 Reference value :  7.03436e-08
 Reference value :  7.04126e-08
 Reference value :  7.05067e-08
 Reference value :  7.06067e-08
 Reference value :  7.06461e-08
 Reference value :  7.11732e-08
 Reference value :  7.24487e-08
 Reference value :  7.51388e-08
 Reference value :  7.69416e-08
 Reference value :  7.87940e-08
 Reference value :  8.14596e-08
 Reference value :  8.14713e-08
 Reference value :  8.38469e-08
 Reference value :  8.48026e-08
 Reference value :  8.48374e-08
 Reference value :  8.49339e-08
 Reference value :  8.50381e-08
 Reference value :  8.50590e-08
 Reference value :  8.62966e-08
 Reference value :  8.63966e-08
 Reference value :  8.77393e-08
 Reference value :  9.11092e-08
 Reference value :  9.32454e-08
 Reference value :  9.32836e-08
 Reference value :  9.40493e-08
 Reference value :  9.67404e-08
 Reference value :  9.76658e-08
 Reference value :  9.95952e-08
 Reference value :  1.01043e-07
 Reference value :  1.03052e-07
 Reference value :  1.03056e-07
 Reference value :  1.04904e-07
 Reference value :  1.05783e-07
 Reference value :  1.08488e-07
 Reference value :  1.09203e-07
 Reference value :  1.10520e-07
 Reference value :  1.11298e-07
 Reference value :  1.11398e-07
 Reference value :  1.13458e-07
 Reference value :  1.13464e-07
 Reference value :  1.14124e-07
 Reference value :  1.16546e-07
 Reference value :  1.18644e-07
No. of Data Rows : 3576
Doing analysis at TEMP = -40.000000 and TNOM = 27.000000

Using KLU as Direct Linear Solver
Operating point simulation skipped by 'uic',
  now using transient initial conditions.
 Reference value :  7.79766e-10
 Reference value :  1.61979e-09
 Reference value :  2.60711e-09
 Reference value :  3.65943e-09
 Reference value :  4.37250e-09
 Reference value :  5.74257e-09
 Reference value :  8.48634e-09
 Reference value :  9.86332e-09
 Reference value :  1.32688e-08
 Reference value :  1.66870e-08
 Reference value :  1.82919e-08
 Reference value :  1.86019e-08
 Reference value :  1.86386e-08
 Reference value :  1.98066e-08
 Reference value :  2.15203e-08
 Reference value :  2.17075e-08
 Reference value :  2.40457e-08
 Reference value :  2.56857e-08
 Reference value :  2.63042e-08
 Reference value :  2.90121e-08
 Reference value :  3.10828e-08
 Reference value :  3.17953e-08
 Reference value :  3.36620e-08
 Reference value :  3.41475e-08
 Reference value :  3.42354e-08
 Reference value :  3.45584e-08
 Reference value :  3.50461e-08
 Reference value :  3.63138e-08
 Reference value :  3.86896e-08
 Reference value :  4.11941e-08
 Reference value :  4.45567e-08
 Reference value :  4.68749e-08
 Reference value :  4.76769e-08
 Reference value :  4.77623e-08
 Reference value :  5.03424e-08
 Reference value :  5.19920e-08
 Reference value :  5.22112e-08
 Reference value :  5.31086e-08
 Reference value :  5.43736e-08
 Reference value :  5.63668e-08
 Reference value :  5.71677e-08
 Reference value :  5.93613e-08
 Reference value :  6.12741e-08
 Reference value :  6.35242e-08
 Reference value :  6.45047e-08
 Reference value :  6.69704e-08
 Reference value :  6.85459e-08
 Reference value :  6.90638e-08
 Reference value :  6.97278e-08
 Reference value :  7.12628e-08
 Reference value :  7.27711e-08
 Reference value :  7.45790e-08
 Reference value :  7.63167e-08
 Reference value :  7.89965e-08
 Reference value :  7.90867e-08
 Reference value :  8.05070e-08
 Reference value :  8.09669e-08
 Reference value :  8.09964e-08
 Reference value :  8.25228e-08
 Reference value :  8.39125e-08
 Reference value :  8.59894e-08
 Reference value :  8.60340e-08
 Reference value :  8.66679e-08
 Reference value :  8.87171e-08
 Reference value :  8.98197e-08
 Reference value :  8.98719e-08
 Reference value :  9.21099e-08
 Reference value :  9.47228e-08
 Reference value :  9.68353e-08
 Reference value :  9.72123e-08
 Reference value :  9.73123e-08
 Reference value :  9.76526e-08
 Reference value :  9.96696e-08
 Reference value :  9.97307e-08
 Reference value :  1.02716e-07
 Reference value :  1.03799e-07
 Reference value :  1.03828e-07
 Reference value :  1.04046e-07
 Reference value :  1.04512e-07
 Reference value :  1.07226e-07
 Reference value :  1.08643e-07
 Reference value :  1.09349e-07
 Reference value :  1.09976e-07
 Reference value :  1.11601e-07
 Reference value :  1.13241e-07
 Reference value :  1.14081e-07
 Reference value :  1.16053e-07
 Reference value :  1.16109e-07
 Reference value :  1.16138e-07
 Reference value :  1.16679e-07
 Reference value :  1.17532e-07
No. of Data Rows : 3884
sim/harness: analysis complete
Note: Simulation executed from .control section 
