
Note: Compatibility modes selected: hs a


Circuit: ** sch_path: /home/ubuntu/github/sky130-pll/.loom/worktrees/issue-165/sim/vco-supply-pushing/testbench/tb_vco_pushing.sch

option SCALE: Scale is set to 1e-06 for instance and model parameters
option SCALE: Scale is set to 1e-06 for instance and model parameters
option SCALE: Scale is set to 1e-06 for instance and model parameters
option SCALE: Scale is set to 1e-06 for instance and model parameters
Doing analysis at TEMP = 27.000000 and TNOM = 27.000000

Using KLU as Direct Linear Solver
Operating point simulation skipped by 'uic',
  now using transient initial conditions.
 Reference value :  5.00000e-13
 Reference value :  3.81512e-09
 Reference value :  3.96512e-09
 Reference value :  4.11512e-09
 Reference value :  5.50632e-09
 Reference value :  5.65632e-09
 Reference value :  5.80632e-09
 Reference value :  8.40378e-09
 Reference value :  9.10378e-09
 Reference value :  2.06685e-08
 Reference value :  2.07685e-08
 Reference value :  2.34662e-08
 Reference value :  2.62622e-08
 Reference value :  2.83576e-08
 Reference value :  3.71898e-08
 Reference value :  3.72898e-08
 Reference value :  4.18779e-08
 Reference value :  5.26448e-08
 Reference value :  6.19757e-08
 Reference value :  6.21257e-08
 Reference value :  6.31135e-08
 Reference value :  6.44135e-08
 Reference value :  6.51135e-08
 Reference value :  7.06488e-08
 Reference value :  7.13988e-08
 Reference value :  7.33866e-08
 Reference value :  7.89731e-08
 Reference value :  8.10719e-08
 Reference value :  8.12219e-08
 Reference value :  8.13219e-08
 Reference value :  8.14719e-08
 Reference value :  8.16219e-08
 Reference value :  8.30219e-08
 Reference value :  8.56597e-08
 Reference value :  9.26949e-08
 Reference value :  9.28449e-08
 Reference value :  1.09692e-07
 Reference value :  1.18378e-07
 Reference value :  1.18528e-07
No. of Data Rows : 2424
Doing analysis at TEMP = 27.000000 and TNOM = 27.000000

Using KLU as Direct Linear Solver
Operating point simulation skipped by 'uic',
  now using transient initial conditions.
 Reference value :  1.13596e-08
 Reference value :  2.46992e-08
 Reference value :  3.68383e-08
 Reference value :  4.10099e-08
 Reference value :  5.21175e-08
 Reference value :  6.28684e-08
 Reference value :  7.37805e-08
 Reference value :  8.39130e-08
 Reference value :  9.46459e-08
 Reference value :  1.05124e-07
 Reference value :  1.15406e-07
No. of Data Rows : 2489
Doing analysis at TEMP = 27.000000 and TNOM = 27.000000

Using KLU as Direct Linear Solver
Operating point simulation skipped by 'uic',
  now using transient initial conditions.
 Reference value :  5.00000e-13
 Reference value :  5.31869e-13
 Reference value :  8.96199e-09
 Reference value :  1.29838e-08
 Reference value :  1.51179e-08
 Reference value :  2.58603e-08
 Reference value :  2.96914e-08
 Reference value :  3.85787e-08
 Reference value :  4.81709e-08
 Reference value :  5.27364e-08
 Reference value :  5.80427e-08
 Reference value :  6.18765e-08
 Reference value :  6.19169e-08
 Reference value :  7.34490e-08
 Reference value :  7.80779e-08
 Reference value :  8.70485e-08
 Reference value :  9.39609e-08
 Reference value :  1.02309e-07
 Reference value :  1.10362e-07
 Reference value :  1.18197e-07
No. of Data Rows : 2617
Doing analysis at TEMP = 27.000000 and TNOM = 27.000000

Using KLU as Direct Linear Solver
Operating point simulation skipped by 'uic',
  now using transient initial conditions.
 Reference value :  2.68354e-09
 Reference value :  9.12161e-09
 Reference value :  1.62662e-08
 Reference value :  2.39439e-08
 Reference value :  2.98787e-08
 Reference value :  4.11721e-08
 Reference value :  5.11463e-08
 Reference value :  6.25647e-08
 Reference value :  7.08712e-08
 Reference value :  7.97787e-08
 Reference value :  8.99601e-08
 Reference value :  1.00367e-07
 Reference value :  1.08893e-07
 Reference value :  1.14253e-07
No. of Data Rows : 2653
sim/harness: analysis complete
Note: Simulation executed from .control section 
