
Note: Compatibility modes selected: hs a


Circuit: ** sch_path: /home/ubuntu/github/sky130-pll/.loom/worktrees/issue-165/sim/vco-supply-pushing/testbench/tb_vco_pushing.sch

option SCALE: Scale is set to 1e-06 for instance and model parameters
option SCALE: Scale is set to 1e-06 for instance and model parameters
option SCALE: Scale is set to 1e-06 for instance and model parameters
option SCALE: Scale is set to 1e-06 for instance and model parameters
Doing analysis at TEMP = 125.000000 and TNOM = 27.000000

Using KLU as Direct Linear Solver
Operating point simulation skipped by 'uic',
  now using transient initial conditions.
 Reference value :  5.00000e-13
 Reference value :  5.31197e-13
 Reference value :  7.18380e-13
 Reference value :  1.92775e-12
 Reference value :  8.05345e-12
 Reference value :  2.85221e-11
 Reference value :  5.67984e-11
 Reference value :  1.20250e-10
 Reference value :  2.54077e-10
 Reference value :  4.04077e-10
 Reference value :  5.04077e-10
 Reference value :  6.54077e-10
 Reference value :  7.54077e-10
 Reference value :  8.54077e-10
 Reference value :  1.00408e-09
 Reference value :  1.10408e-09
 Reference value :  1.20408e-09
 Reference value :  1.30408e-09
 Reference value :  1.40408e-09
 Reference value :  1.55408e-09
 Reference value :  1.65408e-09
 Reference value :  1.75408e-09
 Reference value :  1.90408e-09
 Reference value :  2.05408e-09
 Reference value :  2.20408e-09
 Reference value :  2.35408e-09
 Reference value :  2.50408e-09
 Reference value :  2.65408e-09
 Reference value :  2.80408e-09
 Reference value :  2.95408e-09
 Reference value :  3.05408e-09
 Reference value :  3.20408e-09
 Reference value :  3.35408e-09
 Reference value :  3.45408e-09
 Reference value :  3.55408e-09
 Reference value :  3.70408e-09
 Reference value :  3.80408e-09
 Reference value :  3.95408e-09
 Reference value :  4.05408e-09
 Reference value :  4.20408e-09
 Reference value :  4.35408e-09
 Reference value :  4.45408e-09
 Reference value :  4.60408e-09
 Reference value :  4.75408e-09
 Reference value :  4.85408e-09
 Reference value :  4.95408e-09
 Reference value :  5.10408e-09
 Reference value :  5.30408e-09
 Reference value :  5.45408e-09
 Reference value :  5.55408e-09
 Reference value :  5.65408e-09
 Reference value :  5.75408e-09
 Reference value :  5.85108e-09
 Reference value :  6.00108e-09
 Reference value :  6.15108e-09
 Reference value :  6.30108e-09
 Reference value :  6.40108e-09
 Reference value :  6.55108e-09
 Reference value :  6.70108e-09
 Reference value :  6.85108e-09
 Reference value :  7.00108e-09
 Reference value :  7.15108e-09
 Reference value :  7.25108e-09
 Reference value :  7.35108e-09
 Reference value :  7.45108e-09
 Reference value :  7.55108e-09
 Reference value :  7.70108e-09
 Reference value :  7.85108e-09
 Reference value :  8.00108e-09
 Reference value :  8.15108e-09
 Reference value :  8.30108e-09
 Reference value :  8.40108e-09
 Reference value :  8.55108e-09
 Reference value :  8.70108e-09
 Reference value :  8.90108e-09
 Reference value :  9.00108e-09
 Reference value :  9.10108e-09
 Reference value :  9.25108e-09
 Reference value :  9.39404e-09
 Reference value :  9.48868e-09
 Reference value :  9.63855e-09
 Reference value :  9.78855e-09
 Reference value :  9.93855e-09
 Reference value :  1.00885e-08
 Reference value :  1.02385e-08
 Reference value :  1.03885e-08
 Reference value :  1.05385e-08
 Reference value :  1.06385e-08
 Reference value :  1.07385e-08
 Reference value :  1.08385e-08
 Reference value :  1.09885e-08
 Reference value :  1.10885e-08
 Reference value :  1.11885e-08
 Reference value :  1.13385e-08
 Reference value :  1.14385e-08
 Reference value :  1.15885e-08
 Reference value :  1.17385e-08
 Reference value :  1.18385e-08
 Reference value :  1.19885e-08
 Reference value :  1.20885e-08
 Reference value :  1.22385e-08
 Reference value :  1.23885e-08
 Reference value :  1.25385e-08
 Reference value :  1.26885e-08
 Reference value :  1.27885e-08
 Reference value :  1.29385e-08
 Reference value :  1.30885e-08
 Reference value :  1.32361e-08
 Reference value :  1.33861e-08
 Reference value :  1.35361e-08
 Reference value :  1.36361e-08
 Reference value :  1.37861e-08
 Reference value :  1.38861e-08
 Reference value :  1.39861e-08
 Reference value :  1.40861e-08
 Reference value :  1.41861e-08
 Reference value :  1.42861e-08
 Reference value :  1.43861e-08
 Reference value :  1.45361e-08
 Reference value :  1.46361e-08
 Reference value :  1.47361e-08
 Reference value :  1.48361e-08
 Reference value :  1.49361e-08
 Reference value :  1.50361e-08
 Reference value :  1.51361e-08
 Reference value :  1.52361e-08
 Reference value :  1.53361e-08
 Reference value :  1.54361e-08
 Reference value :  1.55361e-08
 Reference value :  1.56361e-08
 Reference value :  1.57361e-08
 Reference value :  1.58361e-08
 Reference value :  1.59361e-08
 Reference value :  1.60361e-08
 Reference value :  1.61861e-08
 Reference value :  1.63361e-08
 Reference value :  1.64361e-08
 Reference value :  1.65361e-08
 Reference value :  1.66361e-08
 Reference value :  1.67361e-08
 Reference value :  1.68361e-08
 Reference value :  1.69323e-08
 Reference value :  1.70323e-08
 Reference value :  1.71323e-08
 Reference value :  1.72323e-08
 Reference value :  1.73323e-08
 Reference value :  1.74323e-08
 Reference value :  1.75323e-08
 Reference value :  1.76323e-08
 Reference value :  1.77323e-08
 Reference value :  1.78323e-08
 Reference value :  1.79323e-08
 Reference value :  1.80323e-08
 Reference value :  1.81323e-08
 Reference value :  1.82323e-08
 Reference value :  1.83323e-08
 Reference value :  1.84823e-08
 Reference value :  1.86323e-08
 Reference value :  1.87323e-08
 Reference value :  1.88823e-08
 Reference value :  1.89823e-08
 Reference value :  1.90823e-08
 Reference value :  1.92323e-08
 Reference value :  1.93823e-08
 Reference value :  1.95323e-08
 Reference value :  1.96823e-08
 Reference value :  1.97823e-08
 Reference value :  1.98823e-08
 Reference value :  1.99823e-08
 Reference value :  2.01323e-08
 Reference value :  2.02323e-08
 Reference value :  2.03323e-08
 Reference value :  2.04323e-08
 Reference value :  2.05323e-08
 Reference value :  2.06323e-08
 Reference value :  2.07295e-08
 Reference value :  2.08295e-08
 Reference value :  2.09295e-08
 Reference value :  2.10295e-08
 Reference value :  2.11295e-08
 Reference value :  2.12795e-08
 Reference value :  2.13795e-08
 Reference value :  2.14795e-08
 Reference value :  2.15795e-08
 Reference value :  2.16795e-08
 Reference value :  2.17795e-08
 Reference value :  2.18795e-08
 Reference value :  2.20295e-08
 Reference value :  2.21295e-08
 Reference value :  2.22295e-08
 Reference value :  2.23295e-08
 Reference value :  2.24295e-08
 Reference value :  2.25295e-08
 Reference value :  2.26295e-08
 Reference value :  2.27295e-08
 Reference value :  2.28295e-08
 Reference value :  2.29295e-08
 Reference value :  2.30295e-08
 Reference value :  2.31295e-08
 Reference value :  2.32295e-08
 Reference value :  2.33295e-08
 Reference value :  2.34795e-08
 Reference value :  2.36295e-08
 Reference value :  2.37795e-08
 Reference value :  2.39295e-08
 Reference value :  2.40295e-08
 Reference value :  2.41295e-08
 Reference value :  2.42295e-08
 Reference value :  2.42733e-08
 Reference value :  2.43675e-08
 Reference value :  2.44675e-08
 Reference value :  2.45675e-08
 Reference value :  2.46675e-08
 Reference value :  2.47675e-08
 Reference value :  2.48675e-08
 Reference value :  2.49675e-08
 Reference value :  2.50675e-08
 Reference value :  2.51675e-08
 Reference value :  2.52675e-08
 Reference value :  2.53675e-08
 Reference value :  2.54675e-08
 Reference value :  2.55675e-08
 Reference value :  2.56675e-08
 Reference value :  2.58175e-08
 Reference value :  2.59175e-08
 Reference value :  2.60175e-08
 Reference value :  2.61175e-08
 Reference value :  2.62175e-08
 Reference value :  2.63175e-08
 Reference value :  2.64175e-08
 Reference value :  2.65175e-08
 Reference value :  2.66175e-08
 Reference value :  2.67175e-08
 Reference value :  2.68675e-08
 Reference value :  2.69675e-08
 Reference value :  2.71175e-08
 Reference value :  2.72175e-08
 Reference value :  2.73175e-08
 Reference value :  2.74175e-08
 Reference value :  2.75175e-08
 Reference value :  2.76675e-08
 Reference value :  2.77675e-08
 Reference value :  2.78675e-08
 Reference value :  2.79675e-08
 Reference value :  2.80675e-08
 Reference value :  2.81652e-08
 Reference value :  2.82652e-08
 Reference value :  2.83652e-08
 Reference value :  2.84652e-08
 Reference value :  2.85652e-08
 Reference value :  2.87152e-08
 Reference value :  2.88152e-08
 Reference value :  2.89152e-08
 Reference value :  2.90152e-08
 Reference value :  2.91152e-08
 Reference value :  2.92152e-08
 Reference value :  2.93152e-08
 Reference value :  2.94152e-08
 Reference value :  2.95152e-08
 Reference value :  2.96152e-08
 Reference value :  2.97152e-08
 Reference value :  2.98152e-08
 Reference value :  2.99152e-08
 Reference value :  3.00152e-08
 Reference value :  3.01152e-08
 Reference value :  3.02152e-08
 Reference value :  3.03152e-08
 Reference value :  3.04152e-08
 Reference value :  3.05152e-08
 Reference value :  3.06152e-08
 Reference value :  3.07152e-08
 Reference value :  3.08152e-08
 Reference value :  3.09152e-08
 Reference value :  3.10652e-08
 Reference value :  3.12152e-08
 Reference value :  3.13652e-08
 Reference value :  3.14652e-08
 Reference value :  3.15652e-08
 Reference value :  3.16652e-08
 Reference value :  3.17617e-08
 Reference value :  3.18613e-08
 Reference value :  3.19613e-08
 Reference value :  3.20613e-08
 Reference value :  3.21613e-08
 Reference value :  3.22613e-08
 Reference value :  3.23613e-08
 Reference value :  3.24613e-08
 Reference value :  3.25613e-08
 Reference value :  3.26613e-08
 Reference value :  3.27613e-08
 Reference value :  3.28613e-08
 Reference value :  3.29613e-08
 Reference value :  3.30613e-08
 Reference value :  3.31613e-08
 Reference value :  3.32613e-08
 Reference value :  3.33613e-08
 Reference value :  3.34613e-08
 Reference value :  3.35613e-08
 Reference value :  3.36613e-08
 Reference value :  3.37613e-08
 Reference value :  3.38613e-08
 Reference value :  3.39613e-08
 Reference value :  3.40613e-08
 Reference value :  3.41613e-08
 Reference value :  3.42613e-08
 Reference value :  3.44113e-08
 Reference value :  3.45113e-08
 Reference value :  3.46613e-08
 Reference value :  3.47613e-08
 Reference value :  3.48613e-08
 Reference value :  3.50113e-08
 Reference value :  3.51113e-08
 Reference value :  3.52113e-08
 Reference value :  3.53113e-08
 Reference value :  3.54113e-08
 Reference value :  3.55113e-08
 Reference value :  3.56085e-08
 Reference value :  3.57085e-08
 Reference value :  3.58085e-08
 Reference value :  3.59085e-08
 Reference value :  3.60085e-08
 Reference value :  3.61585e-08
 Reference value :  3.62585e-08
 Reference value :  3.63585e-08
 Reference value :  3.64585e-08
 Reference value :  3.65585e-08
 Reference value :  3.66585e-08
 Reference value :  3.67585e-08
 Reference value :  3.68585e-08
 Reference value :  3.70085e-08
 Reference value :  3.71085e-08
 Reference value :  3.72085e-08
 Reference value :  3.73085e-08
 Reference value :  3.74085e-08
 Reference value :  3.75085e-08
 Reference value :  3.76085e-08
 Reference value :  3.77085e-08
 Reference value :  3.78085e-08
 Reference value :  3.79085e-08
 Reference value :  3.80085e-08
 Reference value :  3.81085e-08
 Reference value :  3.82085e-08
 Reference value :  3.83085e-08
 Reference value :  3.84585e-08
 Reference value :  3.86085e-08
 Reference value :  3.87585e-08
 Reference value :  3.88585e-08
 Reference value :  3.89585e-08
 Reference value :  3.90585e-08
 Reference value :  3.91526e-08
 Reference value :  3.92467e-08
 Reference value :  3.93467e-08
 Reference value :  3.94467e-08
 Reference value :  3.95467e-08
 Reference value :  3.96467e-08
 Reference value :  3.97467e-08
 Reference value :  3.98967e-08
 Reference value :  3.99967e-08
 Reference value :  4.00967e-08
 Reference value :  4.02467e-08
 Reference value :  4.03467e-08
 Reference value :  4.04467e-08
 Reference value :  4.05467e-08
 Reference value :  4.06467e-08
 Reference value :  4.07467e-08
 Reference value :  4.08467e-08
 Reference value :  4.09467e-08
 Reference value :  4.10467e-08
 Reference value :  4.11467e-08
 Reference value :  4.12467e-08
 Reference value :  4.13467e-08
 Reference value :  4.14467e-08
 Reference value :  4.15467e-08
 Reference value :  4.16467e-08
 Reference value :  4.17467e-08
 Reference value :  4.18467e-08
 Reference value :  4.19967e-08
 Reference value :  4.20967e-08
 Reference value :  4.21967e-08
 Reference value :  4.22967e-08
 Reference value :  4.24467e-08
 Reference value :  4.25467e-08
 Reference value :  4.26467e-08
 Reference value :  4.27967e-08
 Reference value :  4.28967e-08
 Reference value :  4.29945e-08
 Reference value :  4.31445e-08
 Reference value :  4.32445e-08
 Reference value :  4.33445e-08
 Reference value :  4.34445e-08
 Reference value :  4.35945e-08
 Reference value :  4.36945e-08
 Reference value :  4.37945e-08
 Reference value :  4.38945e-08
 Reference value :  4.40445e-08
 Reference value :  4.41945e-08
 Reference value :  4.42945e-08
 Reference value :  4.43945e-08
 Reference value :  4.45445e-08
 Reference value :  4.46445e-08
 Reference value :  4.47445e-08
 Reference value :  4.48445e-08
 Reference value :  4.49445e-08
 Reference value :  4.50445e-08
 Reference value :  4.51445e-08
 Reference value :  4.52445e-08
 Reference value :  4.53445e-08
 Reference value :  4.54445e-08
 Reference value :  4.55445e-08
 Reference value :  4.56445e-08
 Reference value :  4.57445e-08
 Reference value :  4.58945e-08
 Reference value :  4.60445e-08
 Reference value :  4.61945e-08
 Reference value :  4.62945e-08
 Reference value :  4.63945e-08
 Reference value :  4.64945e-08
 Reference value :  4.65945e-08
 Reference value :  4.66905e-08
 Reference value :  4.68405e-08
 Reference value :  4.69905e-08
 Reference value :  4.70905e-08
 Reference value :  4.71905e-08
 Reference value :  4.72905e-08
 Reference value :  4.73905e-08
 Reference value :  4.74905e-08
 Reference value :  4.75905e-08
 Reference value :  4.76905e-08
 Reference value :  4.77905e-08
 Reference value :  4.78905e-08
 Reference value :  4.80405e-08
 Reference value :  4.81405e-08
 Reference value :  4.82405e-08
 Reference value :  4.83405e-08
 Reference value :  4.84405e-08
 Reference value :  4.85405e-08
 Reference value :  4.86405e-08
 Reference value :  4.87405e-08
 Reference value :  4.88405e-08
 Reference value :  4.89405e-08
 Reference value :  4.90405e-08
 Reference value :  4.91405e-08
 Reference value :  4.92905e-08
 Reference value :  4.93905e-08
 Reference value :  4.95405e-08
 Reference value :  4.96405e-08
 Reference value :  4.97405e-08
 Reference value :  4.98905e-08
 Reference value :  4.99905e-08
 Reference value :  5.00905e-08
 Reference value :  5.01905e-08
 Reference value :  5.02905e-08
 Reference value :  5.03905e-08
 Reference value :  5.04877e-08
 Reference value :  5.05877e-08
 Reference value :  5.06877e-08
 Reference value :  5.07877e-08
 Reference value :  5.08877e-08
 Reference value :  5.10377e-08
 Reference value :  5.11377e-08
 Reference value :  5.12377e-08
 Reference value :  5.13377e-08
 Reference value :  5.14377e-08
 Reference value :  5.15377e-08
 Reference value :  5.16377e-08
 Reference value :  5.17377e-08
 Reference value :  5.18377e-08
 Reference value :  5.19377e-08
 Reference value :  5.20377e-08
 Reference value :  5.21377e-08
 Reference value :  5.22377e-08
 Reference value :  5.23377e-08
 Reference value :  5.24377e-08
 Reference value :  5.25877e-08
 Reference value :  5.26877e-08
 Reference value :  5.27877e-08
 Reference value :  5.28877e-08
 Reference value :  5.29877e-08
 Reference value :  5.30877e-08
 Reference value :  5.31877e-08
 Reference value :  5.33377e-08
 Reference value :  5.34877e-08
 Reference value :  5.36377e-08
 Reference value :  5.37377e-08
 Reference value :  5.38377e-08
 Reference value :  5.39377e-08
 Reference value :  5.40319e-08
 Reference value :  5.41260e-08
 Reference value :  5.42260e-08
 Reference value :  5.43260e-08
 Reference value :  5.44260e-08
 Reference value :  5.45760e-08
 Reference value :  5.46760e-08
 Reference value :  5.47760e-08
 Reference value :  5.49260e-08
 Reference value :  5.50260e-08
 Reference value :  5.51260e-08
 Reference value :  5.52260e-08
 Reference value :  5.53260e-08
 Reference value :  5.54260e-08
 Reference value :  5.55260e-08
 Reference value :  5.56260e-08
 Reference value :  5.57260e-08
 Reference value :  5.58260e-08
 Reference value :  5.59260e-08
 Reference value :  5.60260e-08
 Reference value :  5.61260e-08
 Reference value :  5.62260e-08
 Reference value :  5.63260e-08
 Reference value :  5.64260e-08
 Reference value :  5.65260e-08
 Reference value :  5.66260e-08
 Reference value :  5.67260e-08
 Reference value :  5.68760e-08
 Reference value :  5.69760e-08
 Reference value :  5.70760e-08
 Reference value :  5.71760e-08
 Reference value :  5.73260e-08
 Reference value :  5.74260e-08
 Reference value :  5.75260e-08
 Reference value :  5.76260e-08
 Reference value :  5.77260e-08
 Reference value :  5.78260e-08
 Reference value :  5.79238e-08
 Reference value :  5.80238e-08
 Reference value :  5.81238e-08
 Reference value :  5.82238e-08
 Reference value :  5.83238e-08
 Reference value :  5.84738e-08
 Reference value :  5.85738e-08
 Reference value :  5.86738e-08
 Reference value :  5.88238e-08
 Reference value :  5.89238e-08
 Reference value :  5.90238e-08
 Reference value :  5.91238e-08
 Reference value :  5.92238e-08
 Reference value :  5.93238e-08
 Reference value :  5.94238e-08
 Reference value :  5.95238e-08
 Reference value :  5.96238e-08
 Reference value :  5.97238e-08
 Reference value :  5.98238e-08
 Reference value :  5.99238e-08
 Reference value :  6.00238e-08
 Reference value :  6.01238e-08
 Reference value :  6.02238e-08
 Reference value :  6.03238e-08
 Reference value :  6.04238e-08
 Reference value :  6.05238e-08
 Reference value :  6.06238e-08
 Reference value :  6.07738e-08
 Reference value :  6.09238e-08
 Reference value :  6.10738e-08
 Reference value :  6.11738e-08
 Reference value :  6.12738e-08
 Reference value :  6.13738e-08
 Reference value :  6.14738e-08
 Reference value :  6.15698e-08
 Reference value :  6.16698e-08
 Reference value :  6.17698e-08
 Reference value :  6.18698e-08
 Reference value :  6.19698e-08
 Reference value :  6.20698e-08
 Reference value :  6.21698e-08
 Reference value :  6.22698e-08
 Reference value :  6.23698e-08
 Reference value :  6.24698e-08
 Reference value :  6.26198e-08
 Reference value :  6.27198e-08
 Reference value :  6.28198e-08
 Reference value :  6.29198e-08
 Reference value :  6.30198e-08
 Reference value :  6.31198e-08
 Reference value :  6.32198e-08
 Reference value :  6.33198e-08
 Reference value :  6.34198e-08
 Reference value :  6.35198e-08
 Reference value :  6.36198e-08
 Reference value :  6.37198e-08
 Reference value :  6.38198e-08
 Reference value :  6.39198e-08
 Reference value :  6.40198e-08
 Reference value :  6.41698e-08
 Reference value :  6.43198e-08
 Reference value :  6.44198e-08
 Reference value :  6.45698e-08
 Reference value :  6.46698e-08
 Reference value :  6.48198e-08
 Reference value :  6.49198e-08
 Reference value :  6.50198e-08
 Reference value :  6.51198e-08
 Reference value :  6.52198e-08
 Reference value :  6.53170e-08
 Reference value :  6.54170e-08
 Reference value :  6.55170e-08
 Reference value :  6.56170e-08
 Reference value :  6.57170e-08
 Reference value :  6.58670e-08
 Reference value :  6.59670e-08
 Reference value :  6.60670e-08
 Reference value :  6.61670e-08
 Reference value :  6.62670e-08
 Reference value :  6.63670e-08
 Reference value :  6.64670e-08
 Reference value :  6.65670e-08
 Reference value :  6.66670e-08
 Reference value :  6.67670e-08
 Reference value :  6.68670e-08
 Reference value :  6.69670e-08
 Reference value :  6.70670e-08
 Reference value :  6.71670e-08
 Reference value :  6.72670e-08
 Reference value :  6.73670e-08
 Reference value :  6.74670e-08
 Reference value :  6.75670e-08
 Reference value :  6.76670e-08
 Reference value :  6.77670e-08
 Reference value :  6.78670e-08
 Reference value :  6.79670e-08
 Reference value :  6.80670e-08
 Reference value :  6.82170e-08
 Reference value :  6.83670e-08
 Reference value :  6.85170e-08
 Reference value :  6.86170e-08
 Reference value :  6.87170e-08
 Reference value :  6.88170e-08
 Reference value :  6.89112e-08
 Reference value :  6.90053e-08
 Reference value :  6.91053e-08
 Reference value :  6.92053e-08
 Reference value :  6.93053e-08
 Reference value :  6.94053e-08
 Reference value :  6.95053e-08
 Reference value :  6.96053e-08
 Reference value :  6.97053e-08
 Reference value :  6.98053e-08
 Reference value :  6.99053e-08
 Reference value :  7.00053e-08
 Reference value :  7.01053e-08
 Reference value :  7.02053e-08
 Reference value :  7.03053e-08
 Reference value :  7.04053e-08
 Reference value :  7.05053e-08
 Reference value :  7.06053e-08
 Reference value :  7.07053e-08
 Reference value :  7.08053e-08
 Reference value :  7.09053e-08
 Reference value :  7.10053e-08
 Reference value :  7.11053e-08
 Reference value :  7.12053e-08
 Reference value :  7.13053e-08
 Reference value :  7.14053e-08
 Reference value :  7.15053e-08
 Reference value :  7.16053e-08
 Reference value :  7.17553e-08
 Reference value :  7.18553e-08
 Reference value :  7.19553e-08
 Reference value :  7.20553e-08
 Reference value :  7.22053e-08
 Reference value :  7.23053e-08
 Reference value :  7.24053e-08
 Reference value :  7.25053e-08
 Reference value :  7.26053e-08
 Reference value :  7.27053e-08
 Reference value :  7.28031e-08
 Reference value :  7.29031e-08
 Reference value :  7.30031e-08
 Reference value :  7.31031e-08
 Reference value :  7.32031e-08
 Reference value :  7.33531e-08
 Reference value :  7.34531e-08
 Reference value :  7.35531e-08
 Reference value :  7.36531e-08
 Reference value :  7.37531e-08
 Reference value :  7.38531e-08
 Reference value :  7.39531e-08
 Reference value :  7.41031e-08
 Reference value :  7.42031e-08
 Reference value :  7.43031e-08
 Reference value :  7.44031e-08
 Reference value :  7.45031e-08
 Reference value :  7.46531e-08
 Reference value :  7.48031e-08
 Reference value :  7.49031e-08
 Reference value :  7.50031e-08
 Reference value :  7.51031e-08
 Reference value :  7.52031e-08
 Reference value :  7.53031e-08
 Reference value :  7.54031e-08
 Reference value :  7.55031e-08
 Reference value :  7.56531e-08
 Reference value :  7.58031e-08
 Reference value :  7.59531e-08
 Reference value :  7.60531e-08
 Reference value :  7.61531e-08
 Reference value :  7.62531e-08
 Reference value :  7.63531e-08
 Reference value :  7.64491e-08
 Reference value :  7.65491e-08
 Reference value :  7.66491e-08
 Reference value :  7.67491e-08
 Reference value :  7.68491e-08
 Reference value :  7.69491e-08
 Reference value :  7.70491e-08
 Reference value :  7.71491e-08
 Reference value :  7.72491e-08
 Reference value :  7.73491e-08
 Reference value :  7.74491e-08
 Reference value :  7.75991e-08
 Reference value :  7.76991e-08
 Reference value :  7.78491e-08
 Reference value :  7.79491e-08
 Reference value :  7.80491e-08
 Reference value :  7.81491e-08
 Reference value :  7.82991e-08
 Reference value :  7.83991e-08
 Reference value :  7.84991e-08
 Reference value :  7.85991e-08
 Reference value :  7.86991e-08
 Reference value :  7.87991e-08
 Reference value :  7.88991e-08
 Reference value :  7.90491e-08
 Reference value :  7.91991e-08
 Reference value :  7.92991e-08
 Reference value :  7.94491e-08
 Reference value :  7.95991e-08
 Reference value :  7.97491e-08
 Reference value :  7.98491e-08
 Reference value :  7.99491e-08
 Reference value :  8.00491e-08
 Reference value :  8.01491e-08
 Reference value :  8.02463e-08
 Reference value :  8.03463e-08
 Reference value :  8.04963e-08
 Reference value :  8.05963e-08
 Reference value :  8.07463e-08
 Reference value :  8.08463e-08
 Reference value :  8.09963e-08
 Reference value :  8.10963e-08
 Reference value :  8.12463e-08
 Reference value :  8.13963e-08
 Reference value :  8.14963e-08
 Reference value :  8.16463e-08
 Reference value :  8.17463e-08
 Reference value :  8.18463e-08
 Reference value :  8.19463e-08
 Reference value :  8.20463e-08
 Reference value :  8.21963e-08
 Reference value :  8.22963e-08
 Reference value :  8.24463e-08
 Reference value :  8.25963e-08
 Reference value :  8.27463e-08
 Reference value :  8.28463e-08
 Reference value :  8.29463e-08
 Reference value :  8.30963e-08
 Reference value :  8.32463e-08
 Reference value :  8.33963e-08
 Reference value :  8.34963e-08
 Reference value :  8.35963e-08
 Reference value :  8.36963e-08
 Reference value :  8.37906e-08
 Reference value :  8.38847e-08
 Reference value :  8.39847e-08
 Reference value :  8.40847e-08
 Reference value :  8.41847e-08
 Reference value :  8.42847e-08
 Reference value :  8.43847e-08
 Reference value :  8.44847e-08
 Reference value :  8.45847e-08
 Reference value :  8.46847e-08
 Reference value :  8.48347e-08
 Reference value :  8.49347e-08
 Reference value :  8.50847e-08
 Reference value :  8.51847e-08
 Reference value :  8.52847e-08
 Reference value :  8.53847e-08
 Reference value :  8.54847e-08
 Reference value :  8.55847e-08
 Reference value :  8.57347e-08
 Reference value :  8.58847e-08
 Reference value :  8.60347e-08
 Reference value :  8.61347e-08
 Reference value :  8.62347e-08
 Reference value :  8.63347e-08
 Reference value :  8.64347e-08
 Reference value :  8.65847e-08
 Reference value :  8.67347e-08
 Reference value :  8.68347e-08
 Reference value :  8.69347e-08
 Reference value :  8.70847e-08
 Reference value :  8.71847e-08
 Reference value :  8.72847e-08
 Reference value :  8.73847e-08
 Reference value :  8.74847e-08
 Reference value :  8.75847e-08
 Reference value :  8.76825e-08
 Reference value :  8.77825e-08
 Reference value :  8.78825e-08
 Reference value :  8.79825e-08
 Reference value :  8.81325e-08
 Reference value :  8.82325e-08
 Reference value :  8.83825e-08
 Reference value :  8.84825e-08
 Reference value :  8.85825e-08
 Reference value :  8.86825e-08
 Reference value :  8.87825e-08
 Reference value :  8.88825e-08
 Reference value :  8.90325e-08
 Reference value :  8.91325e-08
 Reference value :  8.92325e-08
 Reference value :  8.93325e-08
 Reference value :  8.94325e-08
 Reference value :  8.95325e-08
 Reference value :  8.96325e-08
 Reference value :  8.97325e-08
 Reference value :  8.98325e-08
 Reference value :  8.99325e-08
 Reference value :  9.00325e-08
 Reference value :  9.01325e-08
 Reference value :  9.02325e-08
 Reference value :  9.03325e-08
 Reference value :  9.04325e-08
 Reference value :  9.05825e-08
 Reference value :  9.07325e-08
 Reference value :  9.08825e-08
 Reference value :  9.09825e-08
 Reference value :  9.10825e-08
 Reference value :  9.11825e-08
 Reference value :  9.12792e-08
 Reference value :  9.13785e-08
 Reference value :  9.14785e-08
 Reference value :  9.15785e-08
 Reference value :  9.16785e-08
 Reference value :  9.17785e-08
 Reference value :  9.18785e-08
 Reference value :  9.19785e-08
 Reference value :  9.20785e-08
 Reference value :  9.21785e-08
 Reference value :  9.22785e-08
 Reference value :  9.23785e-08
 Reference value :  9.25285e-08
 Reference value :  9.26285e-08
 Reference value :  9.27285e-08
 Reference value :  9.28285e-08
 Reference value :  9.29285e-08
 Reference value :  9.30285e-08
 Reference value :  9.31285e-08
 Reference value :  9.32285e-08
 Reference value :  9.33285e-08
 Reference value :  9.34285e-08
 Reference value :  9.35285e-08
 Reference value :  9.36285e-08
 Reference value :  9.37285e-08
 Reference value :  9.38285e-08
 Reference value :  9.39785e-08
 Reference value :  9.40785e-08
 Reference value :  9.41785e-08
 Reference value :  9.42785e-08
 Reference value :  9.43785e-08
 Reference value :  9.45285e-08
 Reference value :  9.46285e-08
 Reference value :  9.47785e-08
 Reference value :  9.48785e-08
 Reference value :  9.49785e-08
 Reference value :  9.50757e-08
 Reference value :  9.51757e-08
 Reference value :  9.52757e-08
 Reference value :  9.53757e-08
 Reference value :  9.54757e-08
 Reference value :  9.56257e-08
 Reference value :  9.57257e-08
 Reference value :  9.58257e-08
 Reference value :  9.59257e-08
 Reference value :  9.60757e-08
 Reference value :  9.61757e-08
 Reference value :  9.62757e-08
 Reference value :  9.63757e-08
 Reference value :  9.64757e-08
 Reference value :  9.65757e-08
 Reference value :  9.66757e-08
 Reference value :  9.67757e-08
 Reference value :  9.68757e-08
 Reference value :  9.69757e-08
 Reference value :  9.70757e-08
 Reference value :  9.71757e-08
 Reference value :  9.72757e-08
 Reference value :  9.73757e-08
 Reference value :  9.74757e-08
 Reference value :  9.75757e-08
 Reference value :  9.76757e-08
 Reference value :  9.77757e-08
 Reference value :  9.78757e-08
 Reference value :  9.80257e-08
 Reference value :  9.82257e-08
 Reference value :  9.83757e-08
 Reference value :  9.85257e-08
 Reference value :  9.86257e-08
 Reference value :  9.86700e-08
 Reference value :  9.87641e-08
 Reference value :  9.89141e-08
 Reference value :  9.90141e-08
 Reference value :  9.91141e-08
 Reference value :  9.92141e-08
 Reference value :  9.93141e-08
 Reference value :  9.94641e-08
 Reference value :  9.95641e-08
 Reference value :  1.03762e-07
 Reference value :  1.13255e-07
No. of Data Rows : 2420
Doing analysis at TEMP = 125.000000 and TNOM = 27.000000

Using KLU as Direct Linear Solver
Operating point simulation skipped by 'uic',
  now using transient initial conditions.
 Reference value :  1.40970e-09
 Reference value :  1.00717e-08
 Reference value :  1.50424e-08
 Reference value :  2.37538e-08
 Reference value :  2.65865e-08
 Reference value :  3.00667e-08
 Reference value :  3.14678e-08
 Reference value :  3.16178e-08
 Reference value :  3.91821e-08
 Reference value :  4.35515e-08
 Reference value :  5.44501e-08
 Reference value :  6.58963e-08
 Reference value :  7.05245e-08
 Reference value :  8.25228e-08
 Reference value :  9.49065e-08
 Reference value :  1.04267e-07
 Reference value :  1.08786e-07
 Reference value :  1.18298e-07
No. of Data Rows : 2460
Doing analysis at TEMP = 125.000000 and TNOM = 27.000000

Using KLU as Direct Linear Solver
Operating point simulation skipped by 'uic',
  now using transient initial conditions.
 Reference value :  7.05338e-09
 Reference value :  1.20153e-08
 Reference value :  1.47666e-08
 Reference value :  2.00603e-08
 Reference value :  2.68188e-08
 Reference value :  3.41694e-08
 Reference value :  3.60924e-08
 Reference value :  4.29664e-08
 Reference value :  4.99538e-08
 Reference value :  5.75576e-08
 Reference value :  6.62639e-08
 Reference value :  7.20663e-08
 Reference value :  7.80509e-08
 Reference value :  8.37945e-08
 Reference value :  9.23734e-08
 Reference value :  9.85107e-08
 Reference value :  1.05811e-07
 Reference value :  1.15249e-07
No. of Data Rows : 2535
Doing analysis at TEMP = 125.000000 and TNOM = 27.000000

Using KLU as Direct Linear Solver
Operating point simulation skipped by 'uic',
  now using transient initial conditions.
 Reference value :  4.06283e-09
 Reference value :  1.18469e-08
 Reference value :  1.75852e-08
 Reference value :  2.65328e-08
 Reference value :  3.41604e-08
 Reference value :  4.08716e-08
 Reference value :  4.81460e-08
 Reference value :  5.65584e-08
 Reference value :  6.51178e-08
 Reference value :  7.15072e-08
 Reference value :  7.68405e-08
 Reference value :  7.75927e-08
 Reference value :  8.43002e-08
 Reference value :  9.09469e-08
 Reference value :  9.65673e-08
 Reference value :  1.07648e-07
 Reference value :  1.15187e-07
No. of Data Rows : 2625
sim/harness: analysis complete
Note: Simulation executed from .control section 
