
Note: Compatibility modes selected: hs a


Circuit: ** sch_path: /home/ubuntu/github/sky130-pll/.loom/worktrees/issue-165/sim/vco-supply-pushing/testbench/tb_vco_pushing.sch

option SCALE: Scale is set to 1e-06 for instance and model parameters
option SCALE: Scale is set to 1e-06 for instance and model parameters
option SCALE: Scale is set to 1e-06 for instance and model parameters
option SCALE: Scale is set to 1e-06 for instance and model parameters
Doing analysis at TEMP = 125.000000 and TNOM = 27.000000

Using KLU as Direct Linear Solver
Operating point simulation skipped by 'uic',
  now using transient initial conditions.
 Reference value :  5.00000e-13
 Reference value :  1.15931e-08
 Reference value :  2.22709e-08
 Reference value :  2.81319e-08
 Reference value :  4.18029e-08
 Reference value :  5.19755e-08
 Reference value :  6.05076e-08
 Reference value :  7.27084e-08
 Reference value :  8.82216e-08
 Reference value :  9.64117e-08
 Reference value :  1.00388e-07
 Reference value :  1.10215e-07
 Reference value :  1.18541e-07
No. of Data Rows : 2425
Doing analysis at TEMP = 125.000000 and TNOM = 27.000000

Using KLU as Direct Linear Solver
Operating point simulation skipped by 'uic',
  now using transient initial conditions.
 Reference value :  9.20209e-09
 Reference value :  1.51674e-08
 Reference value :  2.11589e-08
 Reference value :  2.75984e-08
 Reference value :  3.91228e-08
 Reference value :  4.43449e-08
 Reference value :  5.44931e-08
 Reference value :  6.29200e-08
 Reference value :  7.23081e-08
 Reference value :  7.97842e-08
 Reference value :  8.99341e-08
 Reference value :  9.59855e-08
 Reference value :  1.00909e-07
 Reference value :  1.01096e-07
 Reference value :  1.11385e-07
 Reference value :  1.14508e-07
No. of Data Rows : 2455
Doing analysis at TEMP = 125.000000 and TNOM = 27.000000

Using KLU as Direct Linear Solver
Operating point simulation skipped by 'uic',
  now using transient initial conditions.
 Reference value :  4.50321e-09
 Reference value :  7.86335e-09
 Reference value :  1.75398e-08
 Reference value :  2.67830e-08
 Reference value :  3.89214e-08
 Reference value :  4.83321e-08
 Reference value :  5.88954e-08
 Reference value :  6.61881e-08
 Reference value :  7.50825e-08
 Reference value :  8.19670e-08
 Reference value :  9.26951e-08
 Reference value :  9.59611e-08
 Reference value :  1.02486e-07
 Reference value :  1.09502e-07
 Reference value :  1.15667e-07
No. of Data Rows : 2618
Doing analysis at TEMP = 125.000000 and TNOM = 27.000000

Using KLU as Direct Linear Solver
Operating point simulation skipped by 'uic',
  now using transient initial conditions.
 Reference value :  4.94819e-09
 Reference value :  1.21977e-08
 Reference value :  1.73276e-08
 Reference value :  2.34226e-08
 Reference value :  2.85578e-08
 Reference value :  3.40093e-08
 Reference value :  4.17716e-08
 Reference value :  4.69834e-08
 Reference value :  4.80704e-08
 Reference value :  5.65673e-08
 Reference value :  6.53642e-08
 Reference value :  7.33575e-08
 Reference value :  8.02767e-08
 Reference value :  8.99729e-08
 Reference value :  9.65075e-08
 Reference value :  1.06077e-07
 Reference value :  1.11756e-07
 Reference value :  1.17313e-07
No. of Data Rows : 2699
sim/harness: analysis complete
Note: Simulation executed from .control section 
