
Note: Compatibility modes selected: hs a


Circuit: ** sch_path: /home/ubuntu/github/sky130-pll/.loom/worktrees/issue-165/sim/vco-supply-pushing/testbench/tb_vco_pushing.sch

option SCALE: Scale is set to 1e-06 for instance and model parameters
option SCALE: Scale is set to 1e-06 for instance and model parameters
option SCALE: Scale is set to 1e-06 for instance and model parameters
option SCALE: Scale is set to 1e-06 for instance and model parameters
Doing analysis at TEMP = -40.000000 and TNOM = 27.000000

Using KLU as Direct Linear Solver
Operating point simulation skipped by 'uic',
  now using transient initial conditions.
 Reference value :  5.00000e-13
 Reference value :  9.59669e-09
 Reference value :  1.78527e-08
 Reference value :  2.67153e-08
 Reference value :  4.10026e-08
 Reference value :  4.26526e-08
 Reference value :  5.41616e-08
 Reference value :  5.70116e-08
 Reference value :  6.44390e-08
 Reference value :  7.15679e-08
 Reference value :  7.31679e-08
 Reference value :  7.33179e-08
 Reference value :  7.38179e-08
 Reference value :  8.27261e-08
 Reference value :  9.46345e-08
 Reference value :  1.00174e-07
 Reference value :  1.07894e-07
 Reference value :  1.16774e-07
No. of Data Rows : 2444
Doing analysis at TEMP = -40.000000 and TNOM = 27.000000

Using KLU as Direct Linear Solver
Operating point simulation skipped by 'uic',
  now using transient initial conditions.
 Reference value :  1.70560e-09
 Reference value :  7.84611e-09
 Reference value :  1.86220e-08
 Reference value :  3.08207e-08
 Reference value :  3.70446e-08
 Reference value :  4.53880e-08
 Reference value :  5.55807e-08
 Reference value :  6.14853e-08
 Reference value :  6.85490e-08
 Reference value :  7.58325e-08
 Reference value :  8.45617e-08
 Reference value :  9.26332e-08
 Reference value :  9.95146e-08
 Reference value :  1.07549e-07
 Reference value :  1.14901e-07
No. of Data Rows : 2542
Doing analysis at TEMP = -40.000000 and TNOM = 27.000000

Using KLU as Direct Linear Solver
Operating point simulation skipped by 'uic',
  now using transient initial conditions.
 Reference value :  5.00000e-13
 Reference value :  3.13488e-09
 Reference value :  4.64198e-09
 Reference value :  7.86442e-09
 Reference value :  9.95403e-09
 Reference value :  1.21795e-08
 Reference value :  1.56708e-08
 Reference value :  1.91278e-08
 Reference value :  2.19828e-08
 Reference value :  2.39276e-08
 Reference value :  2.69223e-08
 Reference value :  2.98169e-08
 Reference value :  3.37615e-08
 Reference value :  3.87038e-08
 Reference value :  4.11160e-08
 Reference value :  4.33025e-08
 Reference value :  4.39862e-08
 Reference value :  4.57529e-08
 Reference value :  4.90968e-08
 Reference value :  5.54562e-08
 Reference value :  6.12092e-08
 Reference value :  6.56641e-08
 Reference value :  7.10047e-08
 Reference value :  7.38504e-08
 Reference value :  7.80174e-08
 Reference value :  7.87470e-08
 Reference value :  7.99044e-08
 Reference value :  8.34229e-08
 Reference value :  8.65820e-08
 Reference value :  8.67436e-08
 Reference value :  9.05850e-08
 Reference value :  9.32643e-08
 Reference value :  9.74874e-08
 Reference value :  1.02047e-07
 Reference value :  1.07240e-07
 Reference value :  1.10007e-07
 Reference value :  1.10189e-07
 Reference value :  1.13358e-07
 Reference value :  1.16078e-07
 Reference value :  1.18114e-07
No. of Data Rows : 2942
Doing analysis at TEMP = -40.000000 and TNOM = 27.000000

Using KLU as Direct Linear Solver
Operating point simulation skipped by 'uic',
  now using transient initial conditions.
 Reference value :  1.94044e-09
 Reference value :  6.92244e-09
 Reference value :  8.02015e-09
 Reference value :  1.03550e-08
 Reference value :  1.16351e-08
 Reference value :  1.17223e-08
 Reference value :  1.26052e-08
 Reference value :  1.31460e-08
 Reference value :  1.35913e-08
 Reference value :  1.49012e-08
 Reference value :  1.49821e-08
 Reference value :  1.57621e-08
 Reference value :  1.62829e-08
 Reference value :  1.71729e-08
 Reference value :  2.00040e-08
 Reference value :  2.02773e-08
 Reference value :  2.03619e-08
 Reference value :  2.14091e-08
 Reference value :  2.31883e-08
 Reference value :  2.72388e-08
 Reference value :  2.72688e-08
 Reference value :  2.73304e-08
 Reference value :  2.88647e-08
 Reference value :  2.96071e-08
 Reference value :  2.96424e-08
 Reference value :  2.97253e-08
 Reference value :  2.97753e-08
 Reference value :  3.03741e-08
 Reference value :  3.64263e-08
 Reference value :  3.94890e-08
 Reference value :  4.33745e-08
 Reference value :  4.72100e-08
 Reference value :  5.14448e-08
 Reference value :  5.15177e-08
 Reference value :  5.25422e-08
 Reference value :  5.53160e-08
 Reference value :  5.56431e-08
 Reference value :  5.85919e-08
 Reference value :  5.91292e-08
 Reference value :  6.07656e-08
 Reference value :  6.47106e-08
 Reference value :  6.48106e-08
 Reference value :  6.63509e-08
 Reference value :  6.63553e-08
 Reference value :  6.83740e-08
 Reference value :  6.90323e-08
 Reference value :  6.91271e-08
 Reference value :  7.27956e-08
 Reference value :  7.48664e-08
 Reference value :  7.66116e-08
 Reference value :  7.68931e-08
 Reference value :  7.94198e-08
 Reference value :  8.06214e-08
 Reference value :  8.40026e-08
 Reference value :  8.40320e-08
 Reference value :  8.63779e-08
 Reference value :  8.76142e-08
 Reference value :  9.02487e-08
 Reference value :  9.38145e-08
 Reference value :  9.47396e-08
 Reference value :  9.68174e-08
 Reference value :  9.68960e-08
 Reference value :  9.98500e-08
 Reference value :  1.00571e-07
 Reference value :  1.01750e-07
 Reference value :  1.01835e-07
 Reference value :  1.06264e-07
 Reference value :  1.06294e-07
 Reference value :  1.09766e-07
 Reference value :  1.09789e-07
 Reference value :  1.09839e-07
 Reference value :  1.10035e-07
 Reference value :  1.10089e-07
 Reference value :  1.12468e-07
 Reference value :  1.12501e-07
 Reference value :  1.13181e-07
 Reference value :  1.14307e-07
 Reference value :  1.15460e-07
 Reference value :  1.19752e-07
 Reference value :  1.19802e-07
No. of Data Rows : 3198
sim/harness: analysis complete
Note: Simulation executed from .control section 
