
Note: Compatibility modes selected: hs a


Circuit: ** sch_path: /home/ubuntu/github/sky130-pll/.loom/worktrees/issue-165/sim/vco-supply-pushing/testbench/tb_vco_pushing.sch

option SCALE: Scale is set to 1e-06 for instance and model parameters
option SCALE: Scale is set to 1e-06 for instance and model parameters
option SCALE: Scale is set to 1e-06 for instance and model parameters
option SCALE: Scale is set to 1e-06 for instance and model parameters
Doing analysis at TEMP = 27.000000 and TNOM = 27.000000

Using KLU as Direct Linear Solver
Operating point simulation skipped by 'uic',
  now using transient initial conditions.
 Reference value :  5.00000e-13
 Reference value :  1.29779e-08
 Reference value :  2.49475e-08
 Reference value :  4.01030e-08
 Reference value :  5.20744e-08
 Reference value :  6.00279e-08
 Reference value :  7.41557e-08
 Reference value :  8.64256e-08
 Reference value :  9.46825e-08
 Reference value :  9.79324e-08
 Reference value :  1.00793e-07
 Reference value :  1.02929e-07
 Reference value :  1.03079e-07
 Reference value :  1.16870e-07
No. of Data Rows : 2447
Doing analysis at TEMP = 27.000000 and TNOM = 27.000000

Using KLU as Direct Linear Solver
Operating point simulation skipped by 'uic',
  now using transient initial conditions.
 Reference value :  7.23659e-09
 Reference value :  9.51232e-09
 Reference value :  2.12821e-08
 Reference value :  3.23799e-08
 Reference value :  4.46111e-08
 Reference value :  5.72792e-08
 Reference value :  6.87888e-08
 Reference value :  8.11047e-08
 Reference value :  8.73731e-08
 Reference value :  9.17659e-08
 Reference value :  9.96852e-08
 Reference value :  1.06120e-07
 Reference value :  1.09105e-07
 Reference value :  1.13537e-07
 Reference value :  1.18921e-07
No. of Data Rows : 2509
Doing analysis at TEMP = 27.000000 and TNOM = 27.000000

Using KLU as Direct Linear Solver
Operating point simulation skipped by 'uic',
  now using transient initial conditions.
 Reference value :  4.50433e-09
 Reference value :  9.15997e-09
 Reference value :  1.08816e-08
 Reference value :  1.56150e-08
 Reference value :  2.27484e-08
 Reference value :  2.65908e-08
 Reference value :  3.23042e-08
 Reference value :  3.52134e-08
 Reference value :  3.66866e-08
 Reference value :  3.68468e-08
 Reference value :  3.69468e-08
 Reference value :  3.70468e-08
 Reference value :  3.71366e-08
 Reference value :  3.79116e-08
 Reference value :  3.80116e-08
 Reference value :  3.81116e-08
 Reference value :  3.82116e-08
 Reference value :  3.82500e-08
 Reference value :  3.88510e-08
 Reference value :  3.88998e-08
 Reference value :  4.14362e-08
 Reference value :  4.25473e-08
 Reference value :  4.25817e-08
 Reference value :  4.36997e-08
 Reference value :  4.37828e-08
 Reference value :  4.38828e-08
 Reference value :  4.39828e-08
 Reference value :  4.42554e-08
 Reference value :  4.43354e-08
 Reference value :  4.44354e-08
 Reference value :  4.45354e-08
 Reference value :  4.46354e-08
 Reference value :  4.47354e-08
 Reference value :  4.62738e-08
 Reference value :  5.10071e-08
 Reference value :  5.72399e-08
 Reference value :  5.73375e-08
 Reference value :  5.74375e-08
 Reference value :  5.75375e-08
 Reference value :  5.76299e-08
 Reference value :  5.76616e-08
 Reference value :  5.81678e-08
 Reference value :  6.08751e-08
 Reference value :  6.41576e-08
 Reference value :  6.42288e-08
 Reference value :  6.43181e-08
 Reference value :  6.44181e-08
 Reference value :  6.45181e-08
 Reference value :  6.46181e-08
 Reference value :  6.46604e-08
 Reference value :  6.46920e-08
 Reference value :  6.52096e-08
 Reference value :  6.52450e-08
 Reference value :  6.53215e-08
 Reference value :  6.54215e-08
 Reference value :  6.55215e-08
 Reference value :  6.56215e-08
 Reference value :  6.57215e-08
 Reference value :  6.79022e-08
 Reference value :  6.79386e-08
 Reference value :  6.80038e-08
 Reference value :  6.80807e-08
 Reference value :  6.81807e-08
 Reference value :  6.82807e-08
 Reference value :  6.83807e-08
 Reference value :  6.84242e-08
 Reference value :  7.49811e-08
 Reference value :  8.30028e-08
 Reference value :  8.41195e-08
 Reference value :  8.61160e-08
 Reference value :  8.62160e-08
 Reference value :  8.63018e-08
 Reference value :  8.63804e-08
 Reference value :  8.64804e-08
 Reference value :  8.65804e-08
 Reference value :  8.66804e-08
 Reference value :  8.78260e-08
 Reference value :  8.78552e-08
 Reference value :  8.78864e-08
 Reference value :  8.79169e-08
 Reference value :  8.79987e-08
 Reference value :  8.80987e-08
 Reference value :  8.81987e-08
 Reference value :  8.82987e-08
 Reference value :  8.83911e-08
 Reference value :  8.84165e-08
 Reference value :  8.84673e-08
 Reference value :  8.85865e-08
 Reference value :  8.86865e-08
 Reference value :  8.87865e-08
 Reference value :  8.88865e-08
 Reference value :  8.99670e-08
 Reference value :  9.00170e-08
 Reference value :  9.00476e-08
 Reference value :  9.01287e-08
 Reference value :  9.02213e-08
 Reference value :  9.03213e-08
 Reference value :  9.04213e-08
 Reference value :  9.05213e-08
 Reference value :  9.16794e-08
 Reference value :  9.17422e-08
 Reference value :  9.18684e-08
 Reference value :  9.19684e-08
 Reference value :  9.20684e-08
 Reference value :  9.21626e-08
 Reference value :  9.21896e-08
 Reference value :  9.22494e-08
 Reference value :  9.23285e-08
 Reference value :  9.24232e-08
 Reference value :  9.25232e-08
 Reference value :  9.26232e-08
 Reference value :  9.27232e-08
 Reference value :  9.27602e-08
 Reference value :  9.28254e-08
 Reference value :  9.29081e-08
 Reference value :  9.30081e-08
 Reference value :  9.31081e-08
 Reference value :  9.32081e-08
 Reference value :  9.33010e-08
 Reference value :  9.34391e-08
 Reference value :  9.35391e-08
 Reference value :  9.36391e-08
 Reference value :  9.37391e-08
 Reference value :  9.37835e-08
 Reference value :  9.38174e-08
 Reference value :  9.38464e-08
 Reference value :  9.38727e-08
 Reference value :  9.39954e-08
 Reference value :  9.40954e-08
 Reference value :  9.42454e-08
 Reference value :  9.42889e-08
 Reference value :  9.43649e-08
 Reference value :  9.44398e-08
 Reference value :  9.45398e-08
 Reference value :  9.46398e-08
 Reference value :  9.47398e-08
 Reference value :  9.48398e-08
 Reference value :  9.49190e-08
 Reference value :  9.49914e-08
 Reference value :  9.50772e-08
 Reference value :  9.53272e-08
 Reference value :  9.53714e-08
 Reference value :  9.54530e-08
 Reference value :  9.55313e-08
 Reference value :  9.56313e-08
 Reference value :  9.57313e-08
 Reference value :  9.58313e-08
 Reference value :  9.59813e-08
 Reference value :  9.60190e-08
 Reference value :  9.60999e-08
 Reference value :  9.61999e-08
 Reference value :  9.62999e-08
 Reference value :  9.63999e-08
 Reference value :  9.64999e-08
 Reference value :  9.65288e-08
 Reference value :  9.70579e-08
 Reference value :  9.70872e-08
 Reference value :  9.71515e-08
 Reference value :  9.72358e-08
 Reference value :  9.73358e-08
 Reference value :  9.74358e-08
 Reference value :  9.75358e-08
 Reference value :  9.75858e-08
 Reference value :  9.76149e-08
 Reference value :  9.76924e-08
 Reference value :  9.77867e-08
 Reference value :  9.78867e-08
 Reference value :  9.79867e-08
 Reference value :  9.80867e-08
 Reference value :  9.81657e-08
 Reference value :  9.82286e-08
 Reference value :  9.83092e-08
 Reference value :  9.83592e-08
 Reference value :  9.84592e-08
 Reference value :  9.85592e-08
 Reference value :  9.86592e-08
 Reference value :  9.86873e-08
 Reference value :  9.87544e-08
 Reference value :  9.88407e-08
 Reference value :  9.89407e-08
 Reference value :  9.90407e-08
 Reference value :  9.92545e-08
 Reference value :  9.93142e-08
 Reference value :  9.95142e-08
 Reference value :  1.00362e-07
 Reference value :  1.00458e-07
 Reference value :  1.00558e-07
 Reference value :  1.00658e-07
 Reference value :  1.00758e-07
 Reference value :  1.00798e-07
 Reference value :  1.00825e-07
 Reference value :  1.00887e-07
 Reference value :  1.00968e-07
 Reference value :  1.01640e-07
 Reference value :  1.01790e-07
 Reference value :  1.01890e-07
 Reference value :  1.01952e-07
 Reference value :  1.02044e-07
 Reference value :  1.02144e-07
 Reference value :  1.02244e-07
 Reference value :  1.02344e-07
 Reference value :  1.02437e-07
 Reference value :  1.02461e-07
 Reference value :  1.04782e-07
 Reference value :  1.05726e-07
 Reference value :  1.05751e-07
 Reference value :  1.05866e-07
 Reference value :  1.06016e-07
 Reference value :  1.06116e-07
 Reference value :  1.06211e-07
 Reference value :  1.06243e-07
 Reference value :  1.06321e-07
 Reference value :  1.06421e-07
 Reference value :  1.06521e-07
 Reference value :  1.07253e-07
 Reference value :  1.07340e-07
 Reference value :  1.07422e-07
 Reference value :  1.07522e-07
 Reference value :  1.07622e-07
 Reference value :  1.07722e-07
 Reference value :  1.07822e-07
 Reference value :  1.07859e-07
 Reference value :  1.08958e-07
 Reference value :  1.09024e-07
 Reference value :  1.09105e-07
 Reference value :  1.09205e-07
 Reference value :  1.09305e-07
 Reference value :  1.09405e-07
 Reference value :  1.09489e-07
 Reference value :  1.09569e-07
 Reference value :  1.09669e-07
 Reference value :  1.09769e-07
 Reference value :  1.09869e-07
 Reference value :  1.09969e-07
 Reference value :  1.10048e-07
 Reference value :  1.10116e-07
 Reference value :  1.10216e-07
 Reference value :  1.10316e-07
 Reference value :  1.10416e-07
 Reference value :  1.10509e-07
 Reference value :  1.10538e-07
 Reference value :  1.11186e-07
 Reference value :  1.11316e-07
 Reference value :  1.11416e-07
 Reference value :  1.11516e-07
 Reference value :  1.11616e-07
 Reference value :  1.11651e-07
 Reference value :  1.11731e-07
 Reference value :  1.11831e-07
 Reference value :  1.11931e-07
 Reference value :  1.12031e-07
 Reference value :  1.12126e-07
 Reference value :  1.12211e-07
 Reference value :  1.12919e-07
 Reference value :  1.13019e-07
 Reference value :  1.13119e-07
 Reference value :  1.13219e-07
 Reference value :  1.13250e-07
 Reference value :  1.13282e-07
 Reference value :  1.13392e-07
 Reference value :  1.13492e-07
 Reference value :  1.13592e-07
 Reference value :  1.13692e-07
 Reference value :  1.13732e-07
 Reference value :  1.13765e-07
 Reference value :  1.13800e-07
 Reference value :  1.13834e-07
 Reference value :  1.13920e-07
 Reference value :  1.14350e-07
 Reference value :  1.14427e-07
 Reference value :  1.14516e-07
 Reference value :  1.19116e-07
 Reference value :  1.19166e-07
 Reference value :  1.19199e-07
 Reference value :  1.19280e-07
 Reference value :  1.19379e-07
 Reference value :  1.19479e-07
 Reference value :  1.19579e-07
 Reference value :  1.19679e-07
 Reference value :  1.19719e-07
 Reference value :  1.19747e-07
 Reference value :  1.19812e-07
 Reference value :  1.19912e-07
 Reference value :  1.20000e-07
No. of Data Rows : 2716
Doing analysis at TEMP = 27.000000 and TNOM = 27.000000

Using KLU as Direct Linear Solver
Operating point simulation skipped by 'uic',
  now using transient initial conditions.
 Reference value :  5.00000e-13
 Reference value :  5.29398e-13
 Reference value :  9.40971e-13
 Reference value :  2.85423e-12
 Reference value :  1.46136e-11
 Reference value :  4.20412e-11
 Reference value :  1.12657e-09
 Reference value :  1.17657e-09
 Reference value :  1.21065e-09
 Reference value :  1.27833e-09
 Reference value :  1.36468e-09
 Reference value :  1.46467e-09
 Reference value :  1.56467e-09
 Reference value :  1.60458e-09
 Reference value :  1.62846e-09
 Reference value :  1.65299e-09
 Reference value :  1.70197e-09
 Reference value :  1.80036e-09
 Reference value :  1.90036e-09
 Reference value :  1.99253e-09
 Reference value :  2.02293e-09
 Reference value :  2.08565e-09
 Reference value :  2.20865e-09
 Reference value :  2.30865e-09
 Reference value :  2.40865e-09
 Reference value :  2.56066e-09
 Reference value :  2.63492e-09
 Reference value :  2.73091e-09
 Reference value :  2.82392e-09
 Reference value :  2.90612e-09
 Reference value :  2.98282e-09
 Reference value :  3.08282e-09
 Reference value :  3.18282e-09
 Reference value :  3.27389e-09
 Reference value :  3.36063e-09
 Reference value :  3.44424e-09
 Reference value :  3.53859e-09
 Reference value :  3.63859e-09
 Reference value :  3.67631e-09
 Reference value :  4.68993e-09
 Reference value :  4.78060e-09
 Reference value :  5.78969e-09
 Reference value :  5.87667e-09
 Reference value :  5.94424e-09
 Reference value :  6.02953e-09
 Reference value :  6.12759e-09
 Reference value :  6.22759e-09
 Reference value :  7.11959e-09
 Reference value :  7.20642e-09
 Reference value :  7.30642e-09
 Reference value :  7.40642e-09
 Reference value :  7.50642e-09
 Reference value :  7.60381e-09
 Reference value :  7.67817e-09
 Reference value :  7.77497e-09
 Reference value :  7.87497e-09
 Reference value :  8.15738e-09
 Reference value :  8.25738e-09
 Reference value :  8.35738e-09
 Reference value :  8.39352e-09
 Reference value :  8.45749e-09
 Reference value :  8.53393e-09
 Reference value :  9.62856e-09
 Reference value :  1.06523e-08
 Reference value :  1.07523e-08
 Reference value :  1.08523e-08
 Reference value :  1.09332e-08
 Reference value :  1.20682e-08
 Reference value :  1.21182e-08
 Reference value :  1.21508e-08
 Reference value :  1.22214e-08
 Reference value :  1.30015e-08
 Reference value :  1.30678e-08
 Reference value :  1.31559e-08
 Reference value :  1.32559e-08
 Reference value :  1.33559e-08
 Reference value :  1.34310e-08
 Reference value :  1.39088e-08
 Reference value :  1.39948e-08
 Reference value :  1.40948e-08
 Reference value :  1.41948e-08
 Reference value :  1.42388e-08
 Reference value :  1.42651e-08
 Reference value :  1.42903e-08
 Reference value :  1.43444e-08
 Reference value :  1.44439e-08
 Reference value :  1.51234e-08
 Reference value :  1.51863e-08
 Reference value :  1.52581e-08
 Reference value :  1.53508e-08
 Reference value :  1.54508e-08
 Reference value :  1.55008e-08
 Reference value :  1.55336e-08
 Reference value :  1.56127e-08
 Reference value :  1.57089e-08
 Reference value :  1.58089e-08
 Reference value :  1.59089e-08
 Reference value :  1.59931e-08
 Reference value :  1.60722e-08
 Reference value :  1.61663e-08
 Reference value :  1.62663e-08
 Reference value :  1.63007e-08
 Reference value :  1.63297e-08
 Reference value :  1.63520e-08
 Reference value :  1.64050e-08
 Reference value :  1.64488e-08
 Reference value :  1.65452e-08
 Reference value :  1.66452e-08
 Reference value :  1.67452e-08
 Reference value :  1.68282e-08
 Reference value :  1.69014e-08
 Reference value :  1.78127e-08
 Reference value :  1.79127e-08
 Reference value :  1.80127e-08
 Reference value :  1.84239e-08
 Reference value :  1.85127e-08
 Reference value :  1.85899e-08
 Reference value :  1.86799e-08
 Reference value :  1.87799e-08
 Reference value :  1.88216e-08
 Reference value :  1.88560e-08
 Reference value :  1.88789e-08
 Reference value :  1.89422e-08
 Reference value :  1.90309e-08
 Reference value :  1.91309e-08
 Reference value :  1.92309e-08
 Reference value :  1.93138e-08
 Reference value :  1.93413e-08
 Reference value :  1.94552e-08
 Reference value :  1.95539e-08
 Reference value :  1.96539e-08
 Reference value :  1.96986e-08
 Reference value :  1.97268e-08
 Reference value :  1.97868e-08
 Reference value :  1.99148e-08
 Reference value :  2.00148e-08
 Reference value :  2.01072e-08
 Reference value :  2.01990e-08
 Reference value :  2.02776e-08
 Reference value :  2.03677e-08
 Reference value :  2.04677e-08
 Reference value :  2.05085e-08
 Reference value :  2.05412e-08
 Reference value :  2.05647e-08
 Reference value :  2.06259e-08
 Reference value :  2.07207e-08
 Reference value :  2.08207e-08
 Reference value :  2.14809e-08
 Reference value :  2.15655e-08
 Reference value :  2.16648e-08
 Reference value :  2.17648e-08
 Reference value :  2.18056e-08
 Reference value :  2.18409e-08
 Reference value :  2.18708e-08
 Reference value :  2.19387e-08
 Reference value :  2.20345e-08
 Reference value :  2.30083e-08
 Reference value :  2.30862e-08
 Reference value :  2.31507e-08
 Reference value :  2.32327e-08
 Reference value :  2.33302e-08
 Reference value :  2.34302e-08
 Reference value :  2.35298e-08
 Reference value :  2.36297e-08
 Reference value :  2.37297e-08
 Reference value :  2.38297e-08
 Reference value :  2.39297e-08
 Reference value :  2.39797e-08
 Reference value :  2.40797e-08
 Reference value :  2.41797e-08
 Reference value :  2.42797e-08
 Reference value :  2.43797e-08
 Reference value :  2.44092e-08
 Reference value :  2.44854e-08
 Reference value :  2.45801e-08
 Reference value :  2.46801e-08
 Reference value :  2.47801e-08
 Reference value :  2.48775e-08
 Reference value :  2.49775e-08
 Reference value :  2.50775e-08
 Reference value :  2.51775e-08
 Reference value :  2.52572e-08
 Reference value :  2.53311e-08
 Reference value :  2.54311e-08
 Reference value :  2.55311e-08
 Reference value :  2.56143e-08
 Reference value :  2.61625e-08
 Reference value :  2.65435e-08
 Reference value :  2.78339e-08
 Reference value :  2.79117e-08
 Reference value :  2.80069e-08
 Reference value :  2.81069e-08
 Reference value :  2.90470e-08
 Reference value :  2.90837e-08
 Reference value :  2.91700e-08
 Reference value :  2.92700e-08
 Reference value :  2.95150e-08
 Reference value :  2.95948e-08
 Reference value :  2.96921e-08
 Reference value :  2.97921e-08
 Reference value :  2.98323e-08
 Reference value :  2.98641e-08
 Reference value :  2.99377e-08
 Reference value :  3.00372e-08
 Reference value :  3.01372e-08
 Reference value :  3.02372e-08
 Reference value :  3.03167e-08
 Reference value :  3.03824e-08
 Reference value :  3.04677e-08
 Reference value :  3.05677e-08
 Reference value :  3.10602e-08
 Reference value :  3.21425e-08
 Reference value :  3.22425e-08
 Reference value :  3.23425e-08
 Reference value :  3.23698e-08
 Reference value :  3.33540e-08
 Reference value :  3.34488e-08
 Reference value :  3.35933e-08
 Reference value :  3.36330e-08
 Reference value :  3.36686e-08
 Reference value :  3.37314e-08
 Reference value :  3.38130e-08
 Reference value :  3.39108e-08
 Reference value :  3.40108e-08
 Reference value :  3.40453e-08
 Reference value :  3.41082e-08
 Reference value :  3.41897e-08
 Reference value :  3.51531e-08
 Reference value :  3.52531e-08
 Reference value :  3.53334e-08
 Reference value :  3.53926e-08
 Reference value :  3.54722e-08
 Reference value :  3.55692e-08
 Reference value :  3.56692e-08
 Reference value :  3.57192e-08
 Reference value :  3.57488e-08
 Reference value :  3.58286e-08
 Reference value :  3.59259e-08
 Reference value :  3.60259e-08
 Reference value :  3.61259e-08
 Reference value :  3.67921e-08
 Reference value :  3.68921e-08
 Reference value :  3.69921e-08
 Reference value :  3.70340e-08
 Reference value :  3.71050e-08
 Reference value :  3.71790e-08
 Reference value :  3.72737e-08
 Reference value :  3.82045e-08
 Reference value :  3.82384e-08
 Reference value :  3.83011e-08
 Reference value :  3.83819e-08
 Reference value :  3.90921e-08
 Reference value :  4.01150e-08
 Reference value :  4.02150e-08
 Reference value :  4.03150e-08
 Reference value :  4.04062e-08
 Reference value :  4.04845e-08
 Reference value :  4.05757e-08
 Reference value :  4.16628e-08
 Reference value :  4.17479e-08
 Reference value :  4.28820e-08
 Reference value :  4.29112e-08
 Reference value :  4.29730e-08
 Reference value :  4.30575e-08
 Reference value :  4.31570e-08
 Reference value :  4.32570e-08
 Reference value :  4.32926e-08
 Reference value :  4.37629e-08
 Reference value :  4.38325e-08
 Reference value :  4.39176e-08
 Reference value :  4.43092e-08
 Reference value :  4.44092e-08
 Reference value :  4.45092e-08
 Reference value :  4.45894e-08
 Reference value :  4.46515e-08
 Reference value :  4.47327e-08
 Reference value :  4.48282e-08
 Reference value :  4.49282e-08
 Reference value :  4.49673e-08
 Reference value :  4.49979e-08
 Reference value :  4.50662e-08
 Reference value :  4.51662e-08
 Reference value :  4.52662e-08
 Reference value :  4.53662e-08
 Reference value :  4.54527e-08
 Reference value :  4.55198e-08
 Reference value :  4.56055e-08
 Reference value :  4.57041e-08
 Reference value :  4.58021e-08
 Reference value :  4.58322e-08
 Reference value :  4.58985e-08
 Reference value :  4.59853e-08
 Reference value :  4.60853e-08
 Reference value :  4.61853e-08
 Reference value :  4.62704e-08
 Reference value :  4.63330e-08
 Reference value :  4.64134e-08
 Reference value :  4.65093e-08
 Reference value :  4.66093e-08
 Reference value :  4.66421e-08
 Reference value :  4.66673e-08
 Reference value :  4.67307e-08
 Reference value :  4.68293e-08
 Reference value :  4.68793e-08
 Reference value :  4.69793e-08
 Reference value :  4.70793e-08
 Reference value :  4.71160e-08
 Reference value :  4.71810e-08
 Reference value :  4.72589e-08
 Reference value :  4.73549e-08
 Reference value :  4.74549e-08
 Reference value :  4.74850e-08
 Reference value :  4.75117e-08
 Reference value :  4.75710e-08
 Reference value :  4.76705e-08
 Reference value :  4.77205e-08
 Reference value :  4.78205e-08
 Reference value :  4.79205e-08
 Reference value :  4.79592e-08
 Reference value :  4.80274e-08
 Reference value :  4.81057e-08
 Reference value :  4.82024e-08
 Reference value :  4.83024e-08
 Reference value :  4.83313e-08
 Reference value :  4.83935e-08
 Reference value :  4.84745e-08
 Reference value :  4.85745e-08
 Reference value :  4.86745e-08
 Reference value :  4.87745e-08
 Reference value :  4.88121e-08
 Reference value :  4.88772e-08
 Reference value :  4.89961e-08
 Reference value :  4.91771e-08
 Reference value :  4.92042e-08
 Reference value :  4.92652e-08
 Reference value :  4.98926e-08
 Reference value :  4.99926e-08
 Reference value :  5.00219e-08
 Reference value :  5.00489e-08
 Reference value :  5.01078e-08
 Reference value :  5.02069e-08
 Reference value :  5.03069e-08
 Reference value :  5.04069e-08
 Reference value :  5.13729e-08
 Reference value :  5.23200e-08
 Reference value :  5.24168e-08
 Reference value :  5.25168e-08
 Reference value :  5.25554e-08
 Reference value :  5.25809e-08
 Reference value :  5.26494e-08
 Reference value :  5.27431e-08
 Reference value :  5.27931e-08
 Reference value :  5.28931e-08
 Reference value :  5.29931e-08
 Reference value :  5.30236e-08
 Reference value :  5.30826e-08
 Reference value :  5.31607e-08
 Reference value :  5.32582e-08
 Reference value :  5.33582e-08
 Reference value :  5.34082e-08
 Reference value :  5.34373e-08
 Reference value :  5.35166e-08
 Reference value :  5.47534e-08
 Reference value :  5.57893e-08
 Reference value :  5.58893e-08
 Reference value :  5.59393e-08
 Reference value :  5.59673e-08
 Reference value :  5.60479e-08
 Reference value :  5.61412e-08
 Reference value :  5.62412e-08
 Reference value :  5.63412e-08
 Reference value :  5.64198e-08
 Reference value :  5.64849e-08
 Reference value :  5.65706e-08
 Reference value :  5.66706e-08
 Reference value :  5.67706e-08
 Reference value :  5.67986e-08
 Reference value :  5.68704e-08
 Reference value :  5.70110e-08
 Reference value :  5.71110e-08
 Reference value :  5.72110e-08
 Reference value :  5.84578e-08
 Reference value :  5.84824e-08
 Reference value :  5.85476e-08
 Reference value :  5.86426e-08
 Reference value :  5.86926e-08
 Reference value :  5.87926e-08
 Reference value :  5.88926e-08
 Reference value :  5.89239e-08
 Reference value :  5.89551e-08
 Reference value :  5.89817e-08
 Reference value :  5.90595e-08
 Reference value :  5.91584e-08
 Reference value :  5.92584e-08
 Reference value :  5.93084e-08
 Reference value :  5.93367e-08
 Reference value :  5.94163e-08
 Reference value :  6.25569e-08
 Reference value :  6.26069e-08
 Reference value :  6.26569e-08
 Reference value :  6.26865e-08
 Reference value :  6.27510e-08
 Reference value :  6.28308e-08
 Reference value :  6.29270e-08
 Reference value :  6.30270e-08
 Reference value :  6.31126e-08
 Reference value :  6.31420e-08
 Reference value :  6.32023e-08
 Reference value :  6.32850e-08
 Reference value :  6.33823e-08
 Reference value :  6.34823e-08
 Reference value :  6.35160e-08
 Reference value :  6.35785e-08
 Reference value :  6.45248e-08
 Reference value :  6.45748e-08
 Reference value :  6.46748e-08
 Reference value :  6.47748e-08
 Reference value :  6.48612e-08
 Reference value :  6.48918e-08
 Reference value :  6.49676e-08
 Reference value :  6.50646e-08
 Reference value :  6.51646e-08
 Reference value :  6.61712e-08
 Reference value :  6.62700e-08
 Reference value :  6.63700e-08
 Reference value :  6.64700e-08
 Reference value :  6.65070e-08
 Reference value :  6.65737e-08
 Reference value :  6.66534e-08
 Reference value :  6.67491e-08
 Reference value :  6.68491e-08
 Reference value :  6.68771e-08
 Reference value :  6.69039e-08
 Reference value :  6.69616e-08
 Reference value :  6.70604e-08
 Reference value :  6.81720e-08
 Reference value :  6.81974e-08
 Reference value :  6.82602e-08
 Reference value :  6.83467e-08
 Reference value :  6.84467e-08
 Reference value :  6.84967e-08
 Reference value :  6.85763e-08
 Reference value :  6.86405e-08
 Reference value :  6.87208e-08
 Reference value :  6.88179e-08
 Reference value :  6.89179e-08
 Reference value :  6.90032e-08
 Reference value :  6.90319e-08
 Reference value :  6.90924e-08
 Reference value :  6.91751e-08
 Reference value :  6.92724e-08
 Reference value :  6.93724e-08
 Reference value :  6.94059e-08
 Reference value :  6.94683e-08
 Reference value :  6.95514e-08
 Reference value :  6.96507e-08
 Reference value :  6.97507e-08
 Reference value :  6.98507e-08
 Reference value :  6.98900e-08
 Reference value :  6.99594e-08
 Reference value :  7.00432e-08
 Reference value :  7.11534e-08
 Reference value :  7.12348e-08
 Reference value :  7.13348e-08
 Reference value :  7.14348e-08
 Reference value :  7.19217e-08
 Reference value :  7.19835e-08
 Reference value :  7.20665e-08
 Reference value :  7.21635e-08
 Reference value :  7.22635e-08
 Reference value :  7.23635e-08
 Reference value :  7.24039e-08
 Reference value :  7.24747e-08
 Reference value :  7.25566e-08
 Reference value :  7.26552e-08
 Reference value :  7.27552e-08
 Reference value :  7.27876e-08
 Reference value :  7.28701e-08
 Reference value :  7.29631e-08
 Reference value :  7.30631e-08
 Reference value :  7.31631e-08
 Reference value :  7.32467e-08
 Reference value :  7.33220e-08
 Reference value :  7.34176e-08
 Reference value :  7.37365e-08
 Reference value :  7.38301e-08
 Reference value :  7.55312e-08
 Reference value :  7.56312e-08
 Reference value :  7.57312e-08
 Reference value :  7.58087e-08
 Reference value :  7.58370e-08
 Reference value :  7.59105e-08
 Reference value :  7.60063e-08
 Reference value :  7.61063e-08
 Reference value :  7.61380e-08
 Reference value :  7.62793e-08
 Reference value :  7.63770e-08
 Reference value :  7.64770e-08
 Reference value :  7.65770e-08
 Reference value :  7.66172e-08
 Reference value :  7.66856e-08
 Reference value :  7.67583e-08
 Reference value :  7.68527e-08
 Reference value :  7.69527e-08
 Reference value :  7.69841e-08
 Reference value :  7.70450e-08
 Reference value :  7.71267e-08
 Reference value :  7.72267e-08
 Reference value :  7.73267e-08
 Reference value :  7.74267e-08
 Reference value :  7.74653e-08
 Reference value :  7.75314e-08
 Reference value :  7.76051e-08
 Reference value :  7.77013e-08
 Reference value :  7.78013e-08
 Reference value :  7.78330e-08
 Reference value :  7.78929e-08
 Reference value :  7.79745e-08
 Reference value :  7.89725e-08
 Reference value :  7.90725e-08
 Reference value :  7.91609e-08
 Reference value :  7.92267e-08
 Reference value :  7.93002e-08
 Reference value :  7.93964e-08
 Reference value :  7.94964e-08
 Reference value :  7.95281e-08
 Reference value :  7.95893e-08
 Reference value :  7.96712e-08
 Reference value :  7.97712e-08
 Reference value :  7.98712e-08
 Reference value :  7.99712e-08
 Reference value :  8.00100e-08
 Reference value :  8.00762e-08
 Reference value :  8.01497e-08
 Reference value :  8.02458e-08
 Reference value :  8.03458e-08
 Reference value :  8.03776e-08
 Reference value :  8.04378e-08
 Reference value :  8.05195e-08
 Reference value :  8.06182e-08
 Reference value :  8.07182e-08
 Reference value :  8.08182e-08
 Reference value :  8.08579e-08
 Reference value :  8.09255e-08
 Reference value :  8.09984e-08
 Reference value :  8.10933e-08
 Reference value :  8.11933e-08
 Reference value :  8.12250e-08
 Reference value :  8.12857e-08
 Reference value :  8.13675e-08
 Reference value :  8.14675e-08
 Reference value :  8.15675e-08
 Reference value :  8.16675e-08
 Reference value :  8.17063e-08
 Reference value :  8.17726e-08
 Reference value :  8.24145e-08
 Reference value :  8.25145e-08
 Reference value :  8.25541e-08
 Reference value :  8.26216e-08
 Reference value :  8.26944e-08
 Reference value :  8.27892e-08
 Reference value :  8.28892e-08
 Reference value :  8.38313e-08
 Reference value :  8.39132e-08
 Reference value :  8.41632e-08
 Reference value :  8.42520e-08
 Reference value :  8.43181e-08
 Reference value :  8.43915e-08
 Reference value :  8.44875e-08
 Reference value :  8.45875e-08
 Reference value :  8.46195e-08
 Reference value :  8.46802e-08
 Reference value :  8.47620e-08
 Reference value :  8.48620e-08
 Reference value :  8.49620e-08
 Reference value :  8.51677e-08
 Reference value :  8.52412e-08
 Reference value :  8.53370e-08
 Reference value :  8.54370e-08
 Reference value :  8.54690e-08
 Reference value :  8.55286e-08
 Reference value :  8.56102e-08
 Reference value :  8.57074e-08
 Reference value :  8.58074e-08
 Reference value :  8.59074e-08
 Reference value :  8.59478e-08
 Reference value :  8.60165e-08
 Reference value :  8.60891e-08
 Reference value :  8.61832e-08
 Reference value :  8.62832e-08
 Reference value :  8.63147e-08
 Reference value :  8.63795e-08
 Reference value :  8.64605e-08
 Reference value :  8.65605e-08
 Reference value :  8.66605e-08
 Reference value :  8.67605e-08
 Reference value :  8.67981e-08
 Reference value :  8.68627e-08
 Reference value :  8.69371e-08
 Reference value :  8.70347e-08
 Reference value :  8.71347e-08
 Reference value :  8.71666e-08
 Reference value :  8.72260e-08
 Reference value :  8.73074e-08
 Reference value :  8.74040e-08
 Reference value :  8.84568e-08
 Reference value :  8.84941e-08
 Reference value :  8.85582e-08
 Reference value :  8.86315e-08
 Reference value :  8.87283e-08
 Reference value :  8.88283e-08
 Reference value :  8.88603e-08
 Reference value :  8.89239e-08
 Reference value :  8.90069e-08
 Reference value :  8.94819e-08
 Reference value :  8.95787e-08
 Reference value :  8.96787e-08
 Reference value :  8.97109e-08
 Reference value :  8.97747e-08
 Reference value :  8.98576e-08
 Reference value :  8.99576e-08
 Reference value :  9.00576e-08
 Reference value :  9.01576e-08
 Reference value :  9.01951e-08
 Reference value :  9.02596e-08
 Reference value :  9.03334e-08
 Reference value :  9.04304e-08
 Reference value :  9.05304e-08
 Reference value :  9.05627e-08
 Reference value :  9.06277e-08
 Reference value :  9.07091e-08
 Reference value :  9.18486e-08
 Reference value :  9.18904e-08
 Reference value :  9.19591e-08
 Reference value :  9.20303e-08
 Reference value :  9.21233e-08
 Reference value :  9.22233e-08
 Reference value :  9.22552e-08
 Reference value :  9.22849e-08
 Reference value :  9.23477e-08
 Reference value :  9.24477e-08
 Reference value :  9.25477e-08
 Reference value :  9.26477e-08
 Reference value :  9.27352e-08
 Reference value :  9.27999e-08
 Reference value :  9.28729e-08
 Reference value :  9.30185e-08
 Reference value :  9.30996e-08
 Reference value :  9.31263e-08
 Reference value :  9.31879e-08
 Reference value :  9.32879e-08
 Reference value :  9.33879e-08
 Reference value :  9.34879e-08
 Reference value :  9.35741e-08
 Reference value :  9.39657e-08
 Reference value :  9.40261e-08
 Reference value :  9.41252e-08
 Reference value :  9.42252e-08
 Reference value :  9.43252e-08
 Reference value :  9.44100e-08
 Reference value :  9.44741e-08
 Reference value :  9.45538e-08
 Reference value :  9.46490e-08
 Reference value :  9.47490e-08
 Reference value :  9.47789e-08
 Reference value :  9.48044e-08
 Reference value :  9.48641e-08
 Reference value :  9.49633e-08
 Reference value :  9.50633e-08
 Reference value :  9.51633e-08
 Reference value :  9.52064e-08
 Reference value :  9.52394e-08
 Reference value :  9.52675e-08
 Reference value :  9.53223e-08
 Reference value :  9.53723e-08
 Reference value :  9.54685e-08
 Reference value :  9.55685e-08
 Reference value :  9.56185e-08
 Reference value :  9.56452e-08
 Reference value :  9.57099e-08
 Reference value :  9.57943e-08
 Reference value :  9.58443e-08
 Reference value :  9.59443e-08
 Reference value :  9.60443e-08
 Reference value :  9.60799e-08
 Reference value :  9.61628e-08
 Reference value :  9.62506e-08
 Reference value :  9.69391e-08
 Reference value :  9.70448e-08
 Reference value :  9.71421e-08
 Reference value :  9.72421e-08
 Reference value :  9.73193e-08
 Reference value :  9.73876e-08
 Reference value :  9.74720e-08
 Reference value :  9.75220e-08
 Reference value :  9.76220e-08
 Reference value :  9.77220e-08
 Reference value :  9.77491e-08
 Reference value :  9.77760e-08
 Reference value :  9.78342e-08
 Reference value :  9.79325e-08
 Reference value :  9.89830e-08
 Reference value :  9.90104e-08
 Reference value :  9.90834e-08
 Reference value :  9.91815e-08
 Reference value :  1.05091e-07
 Reference value :  1.11229e-07
 Reference value :  1.19751e-07
No. of Data Rows : 2827
sim/harness: analysis complete
Note: Simulation executed from .control section 
