
Note: Compatibility modes selected: hs a


Circuit: ** sch_path: /home/ubuntu/github/sky130-pll/.loom/worktrees/issue-165/sim/vco-supply-pushing/testbench/tb_vco_pushing.sch

option SCALE: Scale is set to 1e-06 for instance and model parameters
option SCALE: Scale is set to 1e-06 for instance and model parameters
option SCALE: Scale is set to 1e-06 for instance and model parameters
option SCALE: Scale is set to 1e-06 for instance and model parameters
Doing analysis at TEMP = 27.000000 and TNOM = 27.000000

Using KLU as Direct Linear Solver
Operating point simulation skipped by 'uic',
  now using transient initial conditions.
 Reference value :  5.00000e-13
 Reference value :  5.30465e-13
 Reference value :  7.13256e-13
 Reference value :  1.15318e-09
 Reference value :  1.30318e-09
 Reference value :  1.40318e-09
 Reference value :  1.55318e-09
 Reference value :  1.70318e-09
 Reference value :  1.80318e-09
 Reference value :  1.90318e-09
 Reference value :  2.05318e-09
 Reference value :  2.15318e-09
 Reference value :  2.25318e-09
 Reference value :  2.35318e-09
 Reference value :  2.50318e-09
 Reference value :  2.65318e-09
 Reference value :  2.85318e-09
 Reference value :  3.10318e-09
 Reference value :  3.25318e-09
 Reference value :  3.40318e-09
 Reference value :  3.50318e-09
 Reference value :  3.65318e-09
 Reference value :  3.75318e-09
 Reference value :  3.90318e-09
 Reference value :  4.05318e-09
 Reference value :  8.83129e-09
 Reference value :  8.98129e-09
 Reference value :  9.08129e-09
 Reference value :  9.23129e-09
 Reference value :  9.33129e-09
 Reference value :  9.48129e-09
 Reference value :  9.63129e-09
 Reference value :  9.78129e-09
 Reference value :  9.88129e-09
 Reference value :  9.98129e-09
 Reference value :  1.01313e-08
 Reference value :  1.02313e-08
 Reference value :  1.03313e-08
 Reference value :  1.03728e-08
 Reference value :  1.05176e-08
 Reference value :  1.06676e-08
 Reference value :  1.08176e-08
 Reference value :  1.09676e-08
 Reference value :  1.11176e-08
 Reference value :  1.12676e-08
 Reference value :  1.14176e-08
 Reference value :  1.15176e-08
 Reference value :  1.16176e-08
 Reference value :  1.17176e-08
 Reference value :  1.18676e-08
 Reference value :  1.20176e-08
 Reference value :  1.21176e-08
 Reference value :  1.22676e-08
 Reference value :  1.24176e-08
 Reference value :  1.25676e-08
 Reference value :  1.27176e-08
 Reference value :  1.28176e-08
 Reference value :  1.29676e-08
 Reference value :  1.31176e-08
 Reference value :  1.32176e-08
 Reference value :  1.33176e-08
 Reference value :  1.34176e-08
 Reference value :  1.35676e-08
 Reference value :  1.46564e-08
 Reference value :  1.48064e-08
 Reference value :  1.49064e-08
 Reference value :  1.50564e-08
 Reference value :  1.52064e-08
 Reference value :  1.71064e-08
 Reference value :  1.72064e-08
 Reference value :  1.73564e-08
 Reference value :  1.74564e-08
 Reference value :  1.76064e-08
 Reference value :  1.77564e-08
 Reference value :  1.79064e-08
 Reference value :  3.35036e-08
 Reference value :  3.36536e-08
 Reference value :  4.70201e-08
 Reference value :  4.71701e-08
 Reference value :  4.73201e-08
 Reference value :  4.74201e-08
 Reference value :  4.75201e-08
 Reference value :  4.76201e-08
 Reference value :  4.77201e-08
 Reference value :  4.78701e-08
 Reference value :  4.80201e-08
 Reference value :  4.81201e-08
 Reference value :  4.82701e-08
 Reference value :  4.84201e-08
 Reference value :  4.85201e-08
 Reference value :  4.85630e-08
 Reference value :  4.87091e-08
 Reference value :  4.88591e-08
 Reference value :  4.89591e-08
 Reference value :  4.91091e-08
 Reference value :  4.92091e-08
 Reference value :  4.93091e-08
 Reference value :  4.94591e-08
 Reference value :  4.96091e-08
 Reference value :  5.03591e-08
 Reference value :  5.04591e-08
 Reference value :  5.06091e-08
 Reference value :  5.07091e-08
 Reference value :  5.29091e-08
 Reference value :  5.30045e-08
 Reference value :  5.31545e-08
 Reference value :  5.50545e-08
 Reference value :  5.51545e-08
 Reference value :  5.53045e-08
 Reference value :  5.54545e-08
 Reference value :  5.56045e-08
 Reference value :  5.57545e-08
 Reference value :  5.58545e-08
 Reference value :  5.59545e-08
 Reference value :  5.60545e-08
 Reference value :  5.61545e-08
 Reference value :  5.63045e-08
 Reference value :  5.64545e-08
 Reference value :  5.65545e-08
 Reference value :  5.67045e-08
 Reference value :  5.68045e-08
 Reference value :  5.69545e-08
 Reference value :  5.70989e-08
 Reference value :  5.71947e-08
 Reference value :  5.73447e-08
 Reference value :  5.74947e-08
 Reference value :  5.76447e-08
 Reference value :  5.77947e-08
 Reference value :  5.79447e-08
 Reference value :  5.80947e-08
 Reference value :  5.81947e-08
 Reference value :  5.83447e-08
 Reference value :  5.84447e-08
 Reference value :  5.85947e-08
 Reference value :  5.87447e-08
 Reference value :  5.88947e-08
 Reference value :  5.90447e-08
 Reference value :  5.91947e-08
 Reference value :  5.92947e-08
 Reference value :  5.94447e-08
 Reference value :  5.95447e-08
 Reference value :  5.96947e-08
 Reference value :  5.98447e-08
 Reference value :  5.99947e-08
 Reference value :  6.01447e-08
 Reference value :  6.03447e-08
 Reference value :  6.04947e-08
 Reference value :  6.06447e-08
 Reference value :  6.07947e-08
 Reference value :  6.09447e-08
 Reference value :  6.10947e-08
 Reference value :  6.12447e-08
 Reference value :  6.13447e-08
 Reference value :  6.13852e-08
 Reference value :  6.14787e-08
 Reference value :  6.36287e-08
 Reference value :  6.37787e-08
 Reference value :  6.39287e-08
 Reference value :  6.40787e-08
 Reference value :  6.42287e-08
 Reference value :  6.44287e-08
 Reference value :  6.45787e-08
 Reference value :  6.47287e-08
 Reference value :  6.48287e-08
 Reference value :  6.49287e-08
 Reference value :  6.50787e-08
 Reference value :  6.52287e-08
 Reference value :  6.53287e-08
 Reference value :  6.54287e-08
 Reference value :  6.55287e-08
 Reference value :  6.55681e-08
 Reference value :  6.57064e-08
 Reference value :  6.58564e-08
 Reference value :  6.60064e-08
 Reference value :  6.61064e-08
 Reference value :  6.62564e-08
 Reference value :  6.64064e-08
 Reference value :  6.65564e-08
 Reference value :  6.66564e-08
 Reference value :  6.68064e-08
 Reference value :  6.69564e-08
 Reference value :  6.71064e-08
 Reference value :  6.72064e-08
 Reference value :  6.73064e-08
 Reference value :  6.74064e-08
 Reference value :  6.81064e-08
 Reference value :  7.20443e-08
 Reference value :  7.38943e-08
 Reference value :  7.39943e-08
 Reference value :  7.40846e-08
 Reference value :  8.05229e-08
 Reference value :  8.06729e-08
 Reference value :  8.08229e-08
 Reference value :  8.09229e-08
 Reference value :  8.10229e-08
 Reference value :  8.11729e-08
 Reference value :  8.13229e-08
 Reference value :  8.14729e-08
 Reference value :  8.16229e-08
 Reference value :  8.17229e-08
 Reference value :  8.18729e-08
 Reference value :  8.20229e-08
 Reference value :  8.21729e-08
 Reference value :  8.23229e-08
 Reference value :  8.24229e-08
 Reference value :  8.25229e-08
 Reference value :  8.25658e-08
 Reference value :  8.26618e-08
 Reference value :  8.28118e-08
 Reference value :  8.29118e-08
 Reference value :  8.30618e-08
 Reference value :  8.32118e-08
 Reference value :  8.33118e-08
 Reference value :  8.34618e-08
 Reference value :  8.36118e-08
 Reference value :  8.37618e-08
 Reference value :  8.39118e-08
 Reference value :  8.40618e-08
 Reference value :  8.42118e-08
 Reference value :  8.43618e-08
 Reference value :  8.45118e-08
 Reference value :  8.46618e-08
 Reference value :  8.48118e-08
 Reference value :  8.49618e-08
 Reference value :  8.52618e-08
 Reference value :  8.54118e-08
 Reference value :  8.55618e-08
 Reference value :  8.62118e-08
 Reference value :  8.63618e-08
 Reference value :  8.65118e-08
 Reference value :  8.66618e-08
 Reference value :  8.67618e-08
 Reference value :  8.69118e-08
 Reference value :  8.70572e-08
 Reference value :  8.72072e-08
 Reference value :  8.73572e-08
 Reference value :  8.87572e-08
 Reference value :  8.89072e-08
 Reference value :  8.90572e-08
 Reference value :  8.92072e-08
 Reference value :  8.93072e-08
 Reference value :  8.94572e-08
 Reference value :  8.96072e-08
 Reference value :  8.97572e-08
 Reference value :  9.11015e-08
 Reference value :  9.12473e-08
 Reference value :  9.13973e-08
 Reference value :  9.15473e-08
 Reference value :  9.16973e-08
 Reference value :  9.18473e-08
 Reference value :  9.19973e-08
 Reference value :  9.21473e-08
 Reference value :  9.22973e-08
 Reference value :  9.24473e-08
 Reference value :  9.25973e-08
 Reference value :  9.27473e-08
 Reference value :  9.28973e-08
 Reference value :  9.30473e-08
 Reference value :  9.31473e-08
 Reference value :  9.32473e-08
 Reference value :  9.33973e-08
 Reference value :  9.35473e-08
 Reference value :  9.36473e-08
 Reference value :  9.37473e-08
 Reference value :  9.38473e-08
 Reference value :  9.39473e-08
 Reference value :  9.40973e-08
 Reference value :  9.42973e-08
 Reference value :  9.44973e-08
 Reference value :  9.46473e-08
 Reference value :  9.47973e-08
 Reference value :  9.49473e-08
 Reference value :  9.50473e-08
 Reference value :  9.51473e-08
 Reference value :  9.52973e-08
 Reference value :  9.53879e-08
 Reference value :  9.55313e-08
 Reference value :  9.56813e-08
 Reference value :  9.58313e-08
 Reference value :  9.59813e-08
 Reference value :  9.61313e-08
 Reference value :  9.62813e-08
 Reference value :  9.75813e-08
 Reference value :  9.76813e-08
 Reference value :  9.78313e-08
 Reference value :  9.86813e-08
 Reference value :  9.88313e-08
 Reference value :  9.89813e-08
 Reference value :  9.91313e-08
 Reference value :  9.96138e-08
 Reference value :  9.97091e-08
 Reference value :  9.98591e-08
 Reference value :  1.00009e-07
 Reference value :  1.00159e-07
 Reference value :  1.00259e-07
 Reference value :  1.00359e-07
 Reference value :  1.00509e-07
 Reference value :  1.00609e-07
 Reference value :  1.00709e-07
 Reference value :  1.00859e-07
 Reference value :  1.01509e-07
 Reference value :  1.01609e-07
 Reference value :  1.01759e-07
 Reference value :  1.01909e-07
 Reference value :  1.02059e-07
 Reference value :  1.02209e-07
 Reference value :  1.02309e-07
 Reference value :  1.02909e-07
 Reference value :  1.08130e-07
 Reference value :  1.10280e-07
 Reference value :  1.16276e-07
 Reference value :  1.16426e-07
 Reference value :  1.16526e-07
 Reference value :  1.16569e-07
 Reference value :  1.17215e-07
 Reference value :  1.17315e-07
 Reference value :  1.17415e-07
 Reference value :  1.17565e-07
 Reference value :  1.17665e-07
 Reference value :  1.19865e-07
No. of Data Rows : 2425
Doing analysis at TEMP = 27.000000 and TNOM = 27.000000

Using KLU as Direct Linear Solver
Operating point simulation skipped by 'uic',
  now using transient initial conditions.
 Reference value :  5.00000e-13
 Reference value :  5.30462e-13
 Reference value :  7.72296e-10
 Reference value :  2.92230e-09
 Reference value :  3.02230e-09
 Reference value :  3.06284e-09
 Reference value :  3.17788e-09
 Reference value :  3.27788e-09
 Reference value :  3.37788e-09
 Reference value :  3.47788e-09
 Reference value :  3.62788e-09
 Reference value :  3.77788e-09
 Reference value :  3.87788e-09
 Reference value :  4.02788e-09
 Reference value :  4.12788e-09
 Reference value :  4.27788e-09
 Reference value :  4.37788e-09
 Reference value :  4.52788e-09
 Reference value :  4.67788e-09
 Reference value :  4.82788e-09
 Reference value :  4.92669e-09
 Reference value :  4.96490e-09
 Reference value :  5.05507e-09
 Reference value :  5.20507e-09
 Reference value :  5.30507e-09
 Reference value :  5.40507e-09
 Reference value :  5.55507e-09
 Reference value :  7.77589e-09
 Reference value :  7.87589e-09
 Reference value :  8.02589e-09
 Reference value :  8.12589e-09
 Reference value :  8.27589e-09
 Reference value :  8.37589e-09
 Reference value :  8.47589e-09
 Reference value :  8.57589e-09
 Reference value :  8.66132e-09
 Reference value :  9.83397e-09
 Reference value :  9.98397e-09
 Reference value :  1.01340e-08
 Reference value :  1.02840e-08
 Reference value :  1.03840e-08
 Reference value :  1.05200e-08
 Reference value :  1.06078e-08
 Reference value :  1.07578e-08
 Reference value :  1.20078e-08
 Reference value :  1.21078e-08
 Reference value :  1.22578e-08
 Reference value :  1.39315e-08
 Reference value :  1.40315e-08
 Reference value :  1.41315e-08
 Reference value :  1.42160e-08
 Reference value :  1.42937e-08
 Reference value :  1.43852e-08
 Reference value :  1.63094e-08
 Reference value :  1.64094e-08
 Reference value :  1.65094e-08
 Reference value :  1.66594e-08
 Reference value :  1.67594e-08
 Reference value :  1.68594e-08
 Reference value :  1.69594e-08
 Reference value :  1.70594e-08
 Reference value :  1.71594e-08
 Reference value :  1.72594e-08
 Reference value :  1.73594e-08
 Reference value :  1.84797e-08
 Reference value :  1.86297e-08
 Reference value :  1.87797e-08
 Reference value :  1.89297e-08
 Reference value :  1.90297e-08
 Reference value :  1.91797e-08
 Reference value :  2.09358e-08
 Reference value :  2.19591e-08
 Reference value :  2.20591e-08
 Reference value :  2.22091e-08
 Reference value :  2.23091e-08
 Reference value :  2.24591e-08
 Reference value :  2.26091e-08
 Reference value :  2.27091e-08
 Reference value :  2.28591e-08
 Reference value :  2.29591e-08
 Reference value :  2.31091e-08
 Reference value :  2.32091e-08
 Reference value :  2.33591e-08
 Reference value :  2.34591e-08
 Reference value :  2.35441e-08
 Reference value :  2.36820e-08
 Reference value :  2.38320e-08
 Reference value :  2.39320e-08
 Reference value :  2.49820e-08
 Reference value :  2.51320e-08
 Reference value :  2.52320e-08
 Reference value :  2.53320e-08
 Reference value :  2.53673e-08
 Reference value :  2.54868e-08
 Reference value :  2.56368e-08
 Reference value :  2.57368e-08
 Reference value :  2.58868e-08
 Reference value :  2.60368e-08
 Reference value :  2.61368e-08
 Reference value :  2.62868e-08
 Reference value :  2.63868e-08
 Reference value :  2.64868e-08
 Reference value :  2.66368e-08
 Reference value :  2.67868e-08
 Reference value :  2.69868e-08
 Reference value :  2.71368e-08
 Reference value :  2.79109e-08
 Reference value :  2.94242e-08
 Reference value :  3.51448e-08
 Reference value :  3.82540e-08
 Reference value :  4.09840e-08
 Reference value :  4.27821e-08
 Reference value :  4.46908e-08
 Reference value :  4.47908e-08
 Reference value :  4.48908e-08
 Reference value :  4.49908e-08
 Reference value :  4.50908e-08
 Reference value :  4.69058e-08
 Reference value :  4.70558e-08
 Reference value :  4.76905e-08
 Reference value :  4.77797e-08
 Reference value :  4.79247e-08
 Reference value :  4.80747e-08
 Reference value :  4.81747e-08
 Reference value :  4.83247e-08
 Reference value :  4.84747e-08
 Reference value :  4.85747e-08
 Reference value :  4.86747e-08
 Reference value :  4.88247e-08
 Reference value :  4.89747e-08
 Reference value :  4.91247e-08
 Reference value :  4.92747e-08
 Reference value :  4.94247e-08
 Reference value :  4.95247e-08
 Reference value :  4.95591e-08
 Reference value :  4.96366e-08
 Reference value :  4.97779e-08
 Reference value :  4.99279e-08
 Reference value :  5.00279e-08
 Reference value :  5.01779e-08
 Reference value :  5.02779e-08
 Reference value :  5.04279e-08
 Reference value :  5.06279e-08
 Reference value :  5.07279e-08
 Reference value :  5.08779e-08
 Reference value :  5.10279e-08
 Reference value :  5.11279e-08
 Reference value :  5.12779e-08
 Reference value :  5.13779e-08
 Reference value :  5.14126e-08
 Reference value :  5.15014e-08
 Reference value :  5.18005e-08
 Reference value :  5.19005e-08
 Reference value :  5.20505e-08
 Reference value :  5.21505e-08
 Reference value :  5.23005e-08
 Reference value :  5.24005e-08
 Reference value :  5.25005e-08
 Reference value :  5.26505e-08
 Reference value :  5.28005e-08
 Reference value :  5.29505e-08
 Reference value :  5.31005e-08
 Reference value :  5.32005e-08
 Reference value :  5.32842e-08
 Reference value :  5.34177e-08
 Reference value :  5.35177e-08
 Reference value :  5.36177e-08
 Reference value :  5.37177e-08
 Reference value :  5.38177e-08
 Reference value :  5.39177e-08
 Reference value :  5.40177e-08
 Reference value :  5.41677e-08
 Reference value :  5.43177e-08
 Reference value :  5.44177e-08
 Reference value :  5.45677e-08
 Reference value :  5.46677e-08
 Reference value :  5.47677e-08
 Reference value :  5.49177e-08
 Reference value :  5.50177e-08
 Reference value :  5.51062e-08
 Reference value :  5.51406e-08
 Reference value :  5.52683e-08
 Reference value :  5.54683e-08
 Reference value :  5.55683e-08
 Reference value :  5.57183e-08
 Reference value :  5.58183e-08
 Reference value :  5.59183e-08
 Reference value :  5.60683e-08
 Reference value :  5.61683e-08
 Reference value :  5.69183e-08
 Reference value :  5.70050e-08
 Reference value :  5.71374e-08
 Reference value :  5.72874e-08
 Reference value :  5.73874e-08
 Reference value :  5.75374e-08
 Reference value :  5.77374e-08
 Reference value :  5.78874e-08
 Reference value :  5.80374e-08
 Reference value :  5.81374e-08
 Reference value :  5.82874e-08
 Reference value :  5.83874e-08
 Reference value :  5.85374e-08
 Reference value :  5.86374e-08
 Reference value :  5.87374e-08
 Reference value :  5.88256e-08
 Reference value :  5.88604e-08
 Reference value :  6.07255e-08
 Reference value :  6.08587e-08
 Reference value :  6.10087e-08
 Reference value :  6.24587e-08
 Reference value :  6.25465e-08
 Reference value :  6.25830e-08
 Reference value :  6.27100e-08
 Reference value :  6.28100e-08
 Reference value :  6.29100e-08
 Reference value :  6.30100e-08
 Reference value :  6.31100e-08
 Reference value :  6.44100e-08
 Reference value :  6.62740e-08
 Reference value :  6.63569e-08
 Reference value :  6.64496e-08
 Reference value :  6.65996e-08
 Reference value :  6.66996e-08
 Reference value :  6.67996e-08
 Reference value :  6.69496e-08
 Reference value :  6.70996e-08
 Reference value :  6.72496e-08
 Reference value :  6.73996e-08
 Reference value :  7.04729e-08
 Reference value :  7.06229e-08
 Reference value :  7.09229e-08
 Reference value :  7.10229e-08
 Reference value :  7.11229e-08
 Reference value :  7.12729e-08
 Reference value :  7.14229e-08
 Reference value :  7.16229e-08
 Reference value :  7.17729e-08
 Reference value :  7.18603e-08
 Reference value :  7.19413e-08
 Reference value :  7.20322e-08
 Reference value :  7.21822e-08
 Reference value :  7.23322e-08
 Reference value :  7.24822e-08
 Reference value :  7.25822e-08
 Reference value :  7.27322e-08
 Reference value :  7.28322e-08
 Reference value :  7.29322e-08
 Reference value :  7.33322e-08
 Reference value :  7.34822e-08
 Reference value :  7.36322e-08
 Reference value :  7.37170e-08
 Reference value :  7.37989e-08
 Reference value :  7.39438e-08
 Reference value :  7.40438e-08
 Reference value :  7.41438e-08
 Reference value :  7.42438e-08
 Reference value :  7.43938e-08
 Reference value :  7.44938e-08
 Reference value :  7.46438e-08
 Reference value :  7.47438e-08
 Reference value :  7.48438e-08
 Reference value :  7.49938e-08
 Reference value :  8.22732e-08
 Reference value :  9.33588e-08
 Reference value :  1.05627e-07
 Reference value :  1.18304e-07
No. of Data Rows : 2464
Doing analysis at TEMP = 27.000000 and TNOM = 27.000000

Using KLU as Direct Linear Solver
Operating point simulation skipped by 'uic',
  now using transient initial conditions.
 Reference value :  4.85179e-09
 Reference value :  1.39587e-08
 Reference value :  1.99193e-08
 Reference value :  2.96522e-08
 Reference value :  3.92485e-08
 Reference value :  4.86873e-08
 Reference value :  5.29177e-08
 Reference value :  5.99520e-08
 Reference value :  7.06236e-08
 Reference value :  7.66335e-08
 Reference value :  8.59039e-08
 Reference value :  9.29687e-08
 Reference value :  1.02964e-07
 Reference value :  1.11516e-07
 Reference value :  1.19152e-07
No. of Data Rows : 2590
Doing analysis at TEMP = 27.000000 and TNOM = 27.000000

Using KLU as Direct Linear Solver
Operating point simulation skipped by 'uic',
  now using transient initial conditions.
 Reference value :  5.51416e-09
 Reference value :  1.29719e-08
 Reference value :  1.96705e-08
 Reference value :  2.75226e-08
 Reference value :  3.67901e-08
 Reference value :  3.83298e-08
 Reference value :  3.84298e-08
 Reference value :  4.48203e-08
 Reference value :  5.38277e-08
 Reference value :  6.29026e-08
 Reference value :  7.14568e-08
 Reference value :  8.05629e-08
 Reference value :  9.01392e-08
 Reference value :  9.58197e-08
 Reference value :  1.04968e-07
 Reference value :  1.15120e-07
No. of Data Rows : 2717
sim/harness: analysis complete
Note: Simulation executed from .control section 
