
Note: Compatibility modes selected: hs a


Circuit: ** sch_path: /home/ubuntu/github/sky130-pll/.loom/worktrees/issue-165/sim/vco-supply-pushing/testbench/tb_vco_pushing.sch

option SCALE: Scale is set to 1e-06 for instance and model parameters
option SCALE: Scale is set to 1e-06 for instance and model parameters
option SCALE: Scale is set to 1e-06 for instance and model parameters
option SCALE: Scale is set to 1e-06 for instance and model parameters
Doing analysis at TEMP = 27.000000 and TNOM = 27.000000

Using KLU as Direct Linear Solver
Operating point simulation skipped by 'uic',
  now using transient initial conditions.
 Reference value :  5.00000e-13
 Reference value :  1.50161e-08
 Reference value :  3.11725e-08
 Reference value :  3.54017e-08
 Reference value :  3.79017e-08
 Reference value :  4.84149e-08
 Reference value :  6.50098e-08
 Reference value :  7.40631e-08
 Reference value :  8.87445e-08
 Reference value :  1.01449e-07
 Reference value :  1.17748e-07
No. of Data Rows : 2431
Doing analysis at TEMP = 27.000000 and TNOM = 27.000000

Using KLU as Direct Linear Solver
Operating point simulation skipped by 'uic',
  now using transient initial conditions.
 Reference value :  1.09981e-08
 Reference value :  2.71238e-08
 Reference value :  3.98374e-08
 Reference value :  5.23764e-08
 Reference value :  6.34717e-08
 Reference value :  7.87114e-08
 Reference value :  9.22506e-08
 Reference value :  1.03146e-07
 Reference value :  1.15985e-07
No. of Data Rows : 2481
Doing analysis at TEMP = 27.000000 and TNOM = 27.000000

Using KLU as Direct Linear Solver
Operating point simulation skipped by 'uic',
  now using transient initial conditions.
 Reference value :  4.97157e-09
 Reference value :  1.23658e-08
 Reference value :  2.09043e-08
 Reference value :  3.19040e-08
 Reference value :  4.09624e-08
 Reference value :  5.08191e-08
 Reference value :  5.70956e-08
 Reference value :  6.80958e-08
 Reference value :  7.84716e-08
 Reference value :  8.71314e-08
 Reference value :  9.69157e-08
 Reference value :  1.05100e-07
 Reference value :  1.16747e-07
No. of Data Rows : 2691
Doing analysis at TEMP = 27.000000 and TNOM = 27.000000

Using KLU as Direct Linear Solver
Operating point simulation skipped by 'uic',
  now using transient initial conditions.
 Reference value :  4.49581e-09
 Reference value :  1.10052e-08
 Reference value :  2.14639e-08
 Reference value :  3.03364e-08
 Reference value :  3.51695e-08
 Reference value :  4.39595e-08
 Reference value :  5.25250e-08
 Reference value :  6.21192e-08
 Reference value :  6.80277e-08
 Reference value :  7.65336e-08
 Reference value :  8.43088e-08
 Reference value :  9.00067e-08
 Reference value :  9.93617e-08
 Reference value :  1.06683e-07
 Reference value :  1.16931e-07
No. of Data Rows : 2771
sim/harness: analysis complete
Note: Simulation executed from .control section 
