
Note: Compatibility modes selected: hs a


Circuit: ** sch_path: /home/ubuntu/github/sky130-pll/.loom/worktrees/issue-165/sim/vco-supply-pushing/testbench/tb_vco_pushing.sch

option SCALE: Scale is set to 1e-06 for instance and model parameters
option SCALE: Scale is set to 1e-06 for instance and model parameters
option SCALE: Scale is set to 1e-06 for instance and model parameters
option SCALE: Scale is set to 1e-06 for instance and model parameters
Doing analysis at TEMP = 27.000000 and TNOM = 27.000000

Using KLU as Direct Linear Solver
Operating point simulation skipped by 'uic',
  now using transient initial conditions.
 Reference value :  5.00000e-13
 Reference value :  8.49109e-09
 Reference value :  1.89781e-08
 Reference value :  2.43599e-08
 Reference value :  3.16927e-08
 Reference value :  4.57710e-08
 Reference value :  6.15494e-08
 Reference value :  7.22451e-08
 Reference value :  8.45735e-08
 Reference value :  9.92813e-08
 Reference value :  1.15460e-07
No. of Data Rows : 2437
Doing analysis at TEMP = 27.000000 and TNOM = 27.000000

Using KLU as Direct Linear Solver
Operating point simulation skipped by 'uic',
  now using transient initial conditions.
 Reference value :  2.04660e-09
 Reference value :  1.59301e-08
 Reference value :  2.96265e-08
 Reference value :  4.00586e-08
 Reference value :  4.80463e-08
 Reference value :  5.80524e-08
 Reference value :  6.72370e-08
 Reference value :  6.73155e-08
 Reference value :  6.74076e-08
 Reference value :  7.28541e-08
 Reference value :  7.32541e-08
 Reference value :  7.59051e-08
 Reference value :  7.61551e-08
 Reference value :  7.62551e-08
 Reference value :  7.70051e-08
 Reference value :  8.33080e-08
 Reference value :  8.83231e-08
 Reference value :  9.41640e-08
 Reference value :  1.02578e-07
 Reference value :  1.13426e-07
No. of Data Rows : 2486
Doing analysis at TEMP = 27.000000 and TNOM = 27.000000

Using KLU as Direct Linear Solver
Operating point simulation skipped by 'uic',
  now using transient initial conditions.
 Reference value :  1.82039e-09
 Reference value :  1.07846e-08
 Reference value :  1.82554e-08
 Reference value :  2.40600e-08
 Reference value :  2.79721e-08
 Reference value :  3.25062e-08
 Reference value :  3.70538e-08
 Reference value :  4.09735e-08
 Reference value :  4.41681e-08
 Reference value :  4.77195e-08
 Reference value :  5.58355e-08
 Reference value :  6.25465e-08
 Reference value :  7.00485e-08
 Reference value :  7.76495e-08
 Reference value :  8.31034e-08
 Reference value :  8.61836e-08
 Reference value :  9.49503e-08
 Reference value :  1.02798e-07
 Reference value :  1.11355e-07
 Reference value :  1.19569e-07
No. of Data Rows : 2730
Doing analysis at TEMP = 27.000000 and TNOM = 27.000000

Using KLU as Direct Linear Solver
Operating point simulation skipped by 'uic',
  now using transient initial conditions.
 Reference value :  6.75893e-09
 Reference value :  1.19297e-08
 Reference value :  1.86552e-08
 Reference value :  2.61170e-08
 Reference value :  3.38730e-08
 Reference value :  4.07446e-08
 Reference value :  4.95051e-08
 Reference value :  5.60171e-08
 Reference value :  6.43737e-08
 Reference value :  7.13702e-08
 Reference value :  7.89483e-08
 Reference value :  8.79758e-08
 Reference value :  9.54099e-08
 Reference value :  9.71077e-08
 Reference value :  1.05542e-07
 Reference value :  1.13190e-07
No. of Data Rows : 2833
sim/harness: analysis complete
Note: Simulation executed from .control section 
