
Note: Compatibility modes selected: hs a


Circuit: ** sch_path: /users/rwalters/github/sky130-pll/.loom/worktrees/issue-131/sim/divider-n4/testbench/tb_divider_n4.sch

option SCALE: Scale is set to 1e-06 for instance and model parameters
option SCALE: Scale is set to 1e-06 for instance and model parameters
option SCALE: Scale is set to 1e-06 for instance and model parameters
option SCALE: Scale is set to 1e-06 for instance and model parameters
Doing analysis at TEMP = -40.000000 and TNOM = 27.000000

Using KLU as Direct Linear Solver
 Reference value :  0.00000e+00
 Reference value :  6.37300e-10
 Reference value :  1.45730e-09
 Reference value :  2.15962e-09
 Reference value :  2.99962e-09
 Reference value :  3.85962e-09
 Reference value :  4.51963e-09
 Reference value :  5.47000e-09
 Reference value :  6.31963e-09
 Reference value :  7.27963e-09
 Reference value :  8.03962e-09
 Reference value :  8.77962e-09
 Reference value :  9.67962e-09
 Reference value :  1.02996e-08
 Reference value :  1.10996e-08
 Reference value :  1.19596e-08
 Reference value :  1.25796e-08
 Reference value :  1.31996e-08
 Reference value :  1.40134e-08
 Reference value :  1.48196e-08
 Reference value :  1.57196e-08
 Reference value :  1.63396e-08
 Reference value :  1.71596e-08
 Reference value :  1.80125e-08
 Reference value :  1.87796e-08
 Reference value :  1.96796e-08
 Reference value :  2.03396e-08
 Reference value :  2.09196e-08
 Reference value :  2.15196e-08
 Reference value :  2.21996e-08
 Reference value :  2.30396e-08
 Reference value :  2.39396e-08
 Reference value :  2.44596e-08
 Reference value :  2.53596e-08
 Reference value :  2.60996e-08
 Reference value :  2.69596e-08
 Reference value :  2.78196e-08
 Reference value :  2.83996e-08
 Reference value :  2.90396e-08
 Reference value :  2.97996e-08
 Reference value :  3.03796e-08
 Reference value :  3.12596e-08
 Reference value :  3.20134e-08
 Reference value :  3.26396e-08
 Reference value :  3.34796e-08
 Reference value :  3.41996e-08
 Reference value :  3.50996e-08
 Reference value :  3.60000e-08
 Reference value :  3.65596e-08
 Reference value :  3.72196e-08
 Reference value :  3.79796e-08
 Reference value :  3.86396e-08
 Reference value :  3.95196e-08
 Reference value :  4.02196e-08
 Reference value :  4.08996e-08
 Reference value :  4.19396e-08
 Reference value :  4.25796e-08
 Reference value :  4.34796e-08
 Reference value :  4.41796e-08
 Reference value :  4.47396e-08
 Reference value :  4.53996e-08
 Reference value :  4.61196e-08
 Reference value :  4.69396e-08
 Reference value :  4.78196e-08
 Reference value :  4.83996e-08
 Reference value :  4.92196e-08
 Reference value :  5.00134e-08
 Reference value :  5.07796e-08
 Reference value :  5.16796e-08
 Reference value :  5.22996e-08
 Reference value :  5.28796e-08
 Reference value :  5.34596e-08
 Reference value :  5.41196e-08
 Reference value :  5.50196e-08
 Reference value :  5.59396e-08
 Reference value :  5.64796e-08
 Reference value :  5.73596e-08
 Reference value :  5.80996e-08
 Reference value :  5.89596e-08
 Reference value :  5.98996e-08
 Reference value :  6.04996e-08
 Reference value :  6.11596e-08
 Reference value :  6.19898e-08
 Reference value :  6.26196e-08
 Reference value :  6.34796e-08
 Reference value :  6.41396e-08
 Reference value :  6.48196e-08
 Reference value :  6.57396e-08
 Reference value :  6.64196e-08
 Reference value :  6.73596e-08
 Reference value :  6.80996e-08
 Reference value :  6.87996e-08
 Reference value :  6.93596e-08
 Reference value :  7.00996e-08
 Reference value :  7.09396e-08
 Reference value :  7.18196e-08
 Reference value :  7.23973e-08
 Reference value :  7.32773e-08
 Reference value :  7.40256e-08
 Reference value :  7.48196e-08
 Reference value :  7.57196e-08
 Reference value :  7.63796e-08
 Reference value :  7.69996e-08
 Reference value :  7.78396e-08
 Reference value :  7.85196e-08
 Reference value :  7.93396e-08
 Reference value :  8.00596e-08
 Reference value :  8.06996e-08
 Reference value :  8.15996e-08
 Reference value :  8.22596e-08
 Reference value :  8.31796e-08
 Reference value :  8.40125e-08
 Reference value :  8.45973e-08
 Reference value :  8.52573e-08
 Reference value :  8.60038e-08
 Reference value :  8.66996e-08
 Reference value :  8.75996e-08
 Reference value :  8.82596e-08
 Reference value :  8.90396e-08
 Reference value :  8.99796e-08
 Reference value :  9.06396e-08
 Reference value :  9.15796e-08
 Reference value :  9.22796e-08
 Reference value :  9.29196e-08
 Reference value :  9.37196e-08
 Reference value :  9.43996e-08
 Reference value :  9.53196e-08
 Reference value :  9.60796e-08
 Reference value :  9.67796e-08
 Reference value :  9.76796e-08
 Reference value :  9.83396e-08
 Reference value :  9.94396e-08
 Reference value :  1.00120e-07
 Reference value :  1.00800e-07
 Reference value :  1.01360e-07
 Reference value :  1.02100e-07
 Reference value :  1.02960e-07
 Reference value :  1.03880e-07
 Reference value :  1.04420e-07
 Reference value :  1.05300e-07
 Reference value :  1.06040e-07
 Reference value :  1.06840e-07
 Reference value :  1.07740e-07
 Reference value :  1.08380e-07
 Reference value :  1.09040e-07
 Reference value :  1.09900e-07
 Reference value :  1.10580e-07
 Reference value :  1.11500e-07
 Reference value :  1.12237e-07
 Reference value :  1.13017e-07
 Reference value :  1.13957e-07
 Reference value :  1.14640e-07
 Reference value :  1.15560e-07
 Reference value :  1.16260e-07
 Reference value :  1.16900e-07
 Reference value :  1.17540e-07
 Reference value :  1.18220e-07
 Reference value :  1.19140e-07
 Reference value :  1.20001e-07
 Reference value :  1.20580e-07
 Reference value :  1.21460e-07
 Reference value :  1.22180e-07
 Reference value :  1.23040e-07
 Reference value :  1.23960e-07
 Reference value :  1.24520e-07
 Reference value :  1.25160e-07
 Reference value :  1.25990e-07
 Reference value :  1.26660e-07
 Reference value :  1.27540e-07
 Reference value :  1.28260e-07
 Reference value :  1.29020e-07
 Reference value :  1.29940e-07
 Reference value :  1.30600e-07
 Reference value :  1.31540e-07
 Reference value :  1.32220e-07
 Reference value :  1.32880e-07
 Reference value :  1.33500e-07
 Reference value :  1.34180e-07
 Reference value :  1.35100e-07
 Reference value :  1.36001e-07
 Reference value :  1.36600e-07
 Reference value :  1.37520e-07
 Reference value :  1.38200e-07
 Reference value :  1.39240e-07
 Reference value :  1.40015e-07
 Reference value :  1.40620e-07
 Reference value :  1.41300e-07
 Reference value :  1.42060e-07
 Reference value :  1.42880e-07
 Reference value :  1.43780e-07
 Reference value :  1.44360e-07
 Reference value :  1.45220e-07
 Reference value :  1.46015e-07
 Reference value :  1.46840e-07
 Reference value :  1.47780e-07
 Reference value :  1.48400e-07
 Reference value :  1.49040e-07
 Reference value :  1.49760e-07
 Reference value :  1.50400e-07
 Reference value :  1.51320e-07
 Reference value :  1.52060e-07
 Reference value :  1.52800e-07
 Reference value :  1.53720e-07
 Reference value :  1.54380e-07
 Reference value :  1.55300e-07
 Reference value :  1.56040e-07
 Reference value :  1.56660e-07
 Reference value :  1.57300e-07
 Reference value :  1.58015e-07
 Reference value :  1.58760e-07
 Reference value :  1.59640e-07
 Reference value :  1.60260e-07
 Reference value :  1.60980e-07
 Reference value :  1.61880e-07
 Reference value :  1.62500e-07
 Reference value :  1.63440e-07
 Reference value :  1.64140e-07
 Reference value :  1.64820e-07
 Reference value :  1.65400e-07
 Reference value :  1.66140e-07
 Reference value :  1.67020e-07
 Reference value :  1.67920e-07
 Reference value :  1.68460e-07
 Reference value :  1.69360e-07
 Reference value :  1.70100e-07
 Reference value :  1.70960e-07
 Reference value :  1.71880e-07
 Reference value :  1.72460e-07
 Reference value :  1.73120e-07
 Reference value :  1.73980e-07
 Reference value :  1.74660e-07
 Reference value :  1.75580e-07
 Reference value :  1.76320e-07
 Reference value :  1.77100e-07
 Reference value :  1.77980e-07
 Reference value :  1.78620e-07
 Reference value :  1.79500e-07
 Reference value :  1.80180e-07
 Reference value :  1.80820e-07
 Reference value :  1.81380e-07
 Reference value :  1.82120e-07
 Reference value :  1.83020e-07
 Reference value :  1.83900e-07
 Reference value :  1.84440e-07
 Reference value :  1.85320e-07
 Reference value :  1.86080e-07
 Reference value :  1.86940e-07
 Reference value :  1.87880e-07
 Reference value :  1.88500e-07
 Reference value :  1.89180e-07
 Reference value :  1.90015e-07
 Reference value :  1.90860e-07
 Reference value :  1.91800e-07
 Reference value :  1.92400e-07
 Reference value :  1.93300e-07
 Reference value :  1.94060e-07
 Reference value :  1.94860e-07
 Reference value :  1.95780e-07
 Reference value :  1.96380e-07
 Reference value :  1.96980e-07
 Reference value :  1.97640e-07
 Reference value :  1.98360e-07
 Reference value :  1.99300e-07
 Reference value :  2.00060e-07
 Reference value :  2.00820e-07
 Reference value :  2.01760e-07
 Reference value :  2.02460e-07
 Reference value :  2.03380e-07
 Reference value :  2.04100e-07
 Reference value :  2.04780e-07
 Reference value :  2.05540e-07
 Reference value :  2.06240e-07
 Reference value :  2.07180e-07
 Reference value :  2.08015e-07
 Reference value :  2.08720e-07
 Reference value :  2.09660e-07
 Reference value :  2.10340e-07
 Reference value :  2.11280e-07
 Reference value :  2.12026e-07
 Reference value :  2.12700e-07
 Reference value :  2.13300e-07
 Reference value :  2.14060e-07
 Reference value :  2.14980e-07
 Reference value :  2.15960e-07
 Reference value :  2.16580e-07
 Reference value :  2.17560e-07
 Reference value :  2.18300e-07
 Reference value :  2.19300e-07
No. of Data Rows : 11885
sim/harness: analysis complete
Note: Simulation executed from .control section 
Note: Starting dynamic gmin stepping
Note: Dynamic gmin stepping completed
