
Note: Compatibility modes selected: hs a


Circuit: ** sch_path: /users/rwalters/github/sky130-pll/.loom/worktrees/issue-131/sim/divider-n4/testbench/tb_divider_n4.sch

option SCALE: Scale is set to 1e-06 for instance and model parameters
option SCALE: Scale is set to 1e-06 for instance and model parameters
option SCALE: Scale is set to 1e-06 for instance and model parameters
option SCALE: Scale is set to 1e-06 for instance and model parameters
Doing analysis at TEMP = -40.000000 and TNOM = 27.000000

Using KLU as Direct Linear Solver
 Reference value :  0.00000e+00
 Reference value :  6.17300e-10
 Reference value :  1.49730e-09
 Reference value :  2.13963e-09
 Reference value :  2.97962e-09
 Reference value :  3.85962e-09
 Reference value :  4.49963e-09
 Reference value :  5.43000e-09
 Reference value :  6.25963e-09
 Reference value :  7.21963e-09
 Reference value :  8.01512e-09
 Reference value :  8.69962e-09
 Reference value :  9.59962e-09
 Reference value :  1.02796e-08
 Reference value :  1.11196e-08
 Reference value :  1.19396e-08
 Reference value :  1.24996e-08
 Reference value :  1.31196e-08
 Reference value :  1.40000e-08
 Reference value :  1.46196e-08
 Reference value :  1.55196e-08
 Reference value :  1.61996e-08
 Reference value :  1.70396e-08
 Reference value :  1.79796e-08
 Reference value :  1.85996e-08
 Reference value :  1.94596e-08
 Reference value :  2.01396e-08
 Reference value :  2.06996e-08
 Reference value :  2.12996e-08
 Reference value :  2.20256e-08
 Reference value :  2.28396e-08
 Reference value :  2.37196e-08
 Reference value :  2.42996e-08
 Reference value :  2.50996e-08
 Reference value :  2.59796e-08
 Reference value :  2.66996e-08
 Reference value :  2.75996e-08
 Reference value :  2.82396e-08
 Reference value :  2.87996e-08
 Reference value :  2.95396e-08
 Reference value :  3.01596e-08
 Reference value :  3.09796e-08
 Reference value :  3.18796e-08
 Reference value :  3.24396e-08
 Reference value :  3.33196e-08
 Reference value :  3.40596e-08
 Reference value :  3.48996e-08
 Reference value :  3.57796e-08
 Reference value :  3.63396e-08
 Reference value :  3.68596e-08
 Reference value :  3.76196e-08
 Reference value :  3.82796e-08
 Reference value :  3.91596e-08
 Reference value :  3.99898e-08
 Reference value :  4.05196e-08
 Reference value :  4.14396e-08
 Reference value :  4.20996e-08
 Reference value :  4.28796e-08
 Reference value :  4.37396e-08
 Reference value :  4.42996e-08
 Reference value :  4.48796e-08
 Reference value :  4.57396e-08
 Reference value :  4.63996e-08
 Reference value :  4.72996e-08
 Reference value :  4.80256e-08
 Reference value :  4.87396e-08
 Reference value :  4.96396e-08
 Reference value :  5.02596e-08
 Reference value :  5.10796e-08
 Reference value :  5.19596e-08
 Reference value :  5.25396e-08
 Reference value :  5.30596e-08
 Reference value :  5.39596e-08
 Reference value :  5.46196e-08
 Reference value :  5.55396e-08
 Reference value :  5.61996e-08
 Reference value :  5.70196e-08
 Reference value :  5.79596e-08
 Reference value :  5.86596e-08
 Reference value :  5.95596e-08
 Reference value :  6.02196e-08
 Reference value :  6.07996e-08
 Reference value :  6.15996e-08
 Reference value :  6.22796e-08
 Reference value :  6.31596e-08
 Reference value :  6.40012e-08
 Reference value :  6.46196e-08
 Reference value :  6.55396e-08
 Reference value :  6.62196e-08
 Reference value :  6.71396e-08
 Reference value :  6.80081e-08
 Reference value :  6.85596e-08
 Reference value :  6.91196e-08
 Reference value :  6.99898e-08
 Reference value :  7.05996e-08
 Reference value :  7.14796e-08
 Reference value :  7.21773e-08
 Reference value :  7.28973e-08
 Reference value :  7.37973e-08
 Reference value :  7.44596e-08
 Reference value :  7.53196e-08
 Reference value :  7.60396e-08
 Reference value :  7.66796e-08
 Reference value :  7.73396e-08
 Reference value :  7.80596e-08
 Reference value :  7.88196e-08
 Reference value :  7.97396e-08
 Reference value :  8.03396e-08
 Reference value :  8.11796e-08
 Reference value :  8.20134e-08
 Reference value :  8.27996e-08
 Reference value :  8.37396e-08
 Reference value :  8.43373e-08
 Reference value :  8.48773e-08
 Reference value :  8.56173e-08
 Reference value :  8.63596e-08
 Reference value :  8.72596e-08
 Reference value :  8.80256e-08
 Reference value :  8.87596e-08
 Reference value :  8.96996e-08
 Reference value :  9.03996e-08
 Reference value :  9.13196e-08
 Reference value :  9.20596e-08
 Reference value :  9.26996e-08
 Reference value :  9.34796e-08
 Reference value :  9.41596e-08
 Reference value :  9.50596e-08
 Reference value :  9.59596e-08
 Reference value :  9.65396e-08
 Reference value :  9.76396e-08
 Reference value :  9.82996e-08
 Reference value :  9.92396e-08
 Reference value :  1.00019e-07
 Reference value :  1.00620e-07
 Reference value :  1.01200e-07
 Reference value :  1.02013e-07
 Reference value :  1.02780e-07
 Reference value :  1.03660e-07
 Reference value :  1.04300e-07
 Reference value :  1.05120e-07
 Reference value :  1.06000e-07
 Reference value :  1.06700e-07
 Reference value :  1.07620e-07
 Reference value :  1.08280e-07
 Reference value :  1.08880e-07
 Reference value :  1.09740e-07
 Reference value :  1.10420e-07
 Reference value :  1.11360e-07
 Reference value :  1.12117e-07
 Reference value :  1.12877e-07
 Reference value :  1.13797e-07
 Reference value :  1.14480e-07
 Reference value :  1.15420e-07
 Reference value :  1.16120e-07
 Reference value :  1.16720e-07
 Reference value :  1.17380e-07
 Reference value :  1.18080e-07
 Reference value :  1.18920e-07
 Reference value :  1.19840e-07
 Reference value :  1.20400e-07
 Reference value :  1.21300e-07
 Reference value :  1.22040e-07
 Reference value :  1.22860e-07
 Reference value :  1.23740e-07
 Reference value :  1.24320e-07
 Reference value :  1.24900e-07
 Reference value :  1.25780e-07
 Reference value :  1.26520e-07
 Reference value :  1.27460e-07
 Reference value :  1.28180e-07
 Reference value :  1.28980e-07
 Reference value :  1.29900e-07
 Reference value :  1.30580e-07
 Reference value :  1.31500e-07
 Reference value :  1.32200e-07
 Reference value :  1.32760e-07
 Reference value :  1.33480e-07
 Reference value :  1.34160e-07
 Reference value :  1.35040e-07
 Reference value :  1.35940e-07
 Reference value :  1.36500e-07
 Reference value :  1.37460e-07
 Reference value :  1.38240e-07
 Reference value :  1.39140e-07
 Reference value :  1.40001e-07
 Reference value :  1.40560e-07
 Reference value :  1.41240e-07
 Reference value :  1.42013e-07
 Reference value :  1.42740e-07
 Reference value :  1.43680e-07
 Reference value :  1.44320e-07
 Reference value :  1.45220e-07
 Reference value :  1.46019e-07
 Reference value :  1.46840e-07
 Reference value :  1.47780e-07
 Reference value :  1.48380e-07
 Reference value :  1.48940e-07
 Reference value :  1.49740e-07
 Reference value :  1.50420e-07
 Reference value :  1.51340e-07
 Reference value :  1.52060e-07
 Reference value :  1.52840e-07
 Reference value :  1.53780e-07
 Reference value :  1.54460e-07
 Reference value :  1.55340e-07
 Reference value :  1.56040e-07
 Reference value :  1.56660e-07
 Reference value :  1.57360e-07
 Reference value :  1.58080e-07
 Reference value :  1.58880e-07
 Reference value :  1.59720e-07
 Reference value :  1.60300e-07
 Reference value :  1.61160e-07
 Reference value :  1.62000e-07
 Reference value :  1.62700e-07
 Reference value :  1.63620e-07
 Reference value :  1.64280e-07
 Reference value :  1.64840e-07
 Reference value :  1.65620e-07
 Reference value :  1.66280e-07
 Reference value :  1.67140e-07
 Reference value :  1.68001e-07
 Reference value :  1.68580e-07
 Reference value :  1.69500e-07
 Reference value :  1.70200e-07
 Reference value :  1.71120e-07
 Reference value :  1.72001e-07
 Reference value :  1.72560e-07
 Reference value :  1.73260e-07
 Reference value :  1.74019e-07
 Reference value :  1.74840e-07
 Reference value :  1.75720e-07
 Reference value :  1.76540e-07
 Reference value :  1.77440e-07
 Reference value :  1.78120e-07
 Reference value :  1.78960e-07
 Reference value :  1.79840e-07
 Reference value :  1.80400e-07
 Reference value :  1.80940e-07
 Reference value :  1.81760e-07
 Reference value :  1.82440e-07
 Reference value :  1.83340e-07
 Reference value :  1.84040e-07
 Reference value :  1.84800e-07
 Reference value :  1.85680e-07
 Reference value :  1.86380e-07
 Reference value :  1.87320e-07
 Reference value :  1.88060e-07
 Reference value :  1.88700e-07
 Reference value :  1.89500e-07
 Reference value :  1.90220e-07
 Reference value :  1.91140e-07
 Reference value :  1.92004e-07
 Reference value :  1.92660e-07
 Reference value :  1.93620e-07
 Reference value :  1.94300e-07
 Reference value :  1.95180e-07
 Reference value :  1.96013e-07
 Reference value :  1.96560e-07
 Reference value :  1.97060e-07
 Reference value :  1.97980e-07
 Reference value :  1.98680e-07
 Reference value :  1.99620e-07
 Reference value :  2.00280e-07
 Reference value :  2.01140e-07
 Reference value :  2.02008e-07
 Reference value :  2.02800e-07
 Reference value :  2.03720e-07
 Reference value :  2.04340e-07
 Reference value :  2.04960e-07
 Reference value :  2.05900e-07
 Reference value :  2.06600e-07
 Reference value :  2.07540e-07
 Reference value :  2.08240e-07
 Reference value :  2.09100e-07
 Reference value :  2.10001e-07
 Reference value :  2.10700e-07
 Reference value :  2.11640e-07
 Reference value :  2.12260e-07
 Reference value :  2.12820e-07
 Reference value :  2.13580e-07
 Reference value :  2.14280e-07
 Reference value :  2.15240e-07
 Reference value :  2.16040e-07
 Reference value :  2.16840e-07
 Reference value :  2.17800e-07
 Reference value :  2.18540e-07
 Reference value :  2.19520e-07
No. of Data Rows : 11885
sim/harness: analysis complete
Note: Simulation executed from .control section 
Note: Starting dynamic gmin stepping
Note: Dynamic gmin stepping completed
