
Note: Compatibility modes selected: hs a


Circuit: ** sch_path: /users/rwalters/github/sky130-pll/.loom/worktrees/issue-131/sim/divider-n4/testbench/tb_divider_n4.sch

option SCALE: Scale is set to 1e-06 for instance and model parameters
option SCALE: Scale is set to 1e-06 for instance and model parameters
option SCALE: Scale is set to 1e-06 for instance and model parameters
option SCALE: Scale is set to 1e-06 for instance and model parameters
Doing analysis at TEMP = -40.000000 and TNOM = 27.000000

Using KLU as Direct Linear Solver
 Reference value :  0.00000e+00
 Reference value :  5.57300e-10
 Reference value :  1.41730e-09
 Reference value :  2.11963e-09
 Reference value :  3.01962e-09
 Reference value :  3.95962e-09
 Reference value :  4.63963e-09
 Reference value :  5.61000e-09
 Reference value :  6.35963e-09
 Reference value :  7.21963e-09
 Reference value :  8.01250e-09
 Reference value :  8.49962e-09
 Reference value :  9.29962e-09
 Reference value :  1.00256e-08
 Reference value :  1.08396e-08
 Reference value :  1.17396e-08
 Reference value :  1.23196e-08
 Reference value :  1.29596e-08
 Reference value :  1.38796e-08
 Reference value :  1.45596e-08
 Reference value :  1.54196e-08
 Reference value :  1.60796e-08
 Reference value :  1.67796e-08
 Reference value :  1.76596e-08
 Reference value :  1.82996e-08
 Reference value :  1.91796e-08
 Reference value :  2.00013e-08
 Reference value :  2.04996e-08
 Reference value :  2.09396e-08
 Reference value :  2.18996e-08
 Reference value :  2.25396e-08
 Reference value :  2.33796e-08
 Reference value :  2.40796e-08
 Reference value :  2.48196e-08
 Reference value :  2.56996e-08
 Reference value :  2.62596e-08
 Reference value :  2.71596e-08
 Reference value :  2.79898e-08
 Reference value :  2.84796e-08
 Reference value :  2.91396e-08
 Reference value :  3.00013e-08
 Reference value :  3.06796e-08
 Reference value :  3.15396e-08
 Reference value :  3.21796e-08
 Reference value :  3.29196e-08
 Reference value :  3.38196e-08
 Reference value :  3.44396e-08
 Reference value :  3.53396e-08
 Reference value :  3.60596e-08
 Reference value :  3.65796e-08
 Reference value :  3.70396e-08
 Reference value :  3.79596e-08
 Reference value :  3.85996e-08
 Reference value :  3.94996e-08
 Reference value :  4.01196e-08
 Reference value :  4.08596e-08
 Reference value :  4.17196e-08
 Reference value :  4.23396e-08
 Reference value :  4.32396e-08
 Reference value :  4.40186e-08
 Reference value :  4.45996e-08
 Reference value :  4.53396e-08
 Reference value :  4.60596e-08
 Reference value :  4.68596e-08
 Reference value :  4.77396e-08
 Reference value :  4.82796e-08
 Reference value :  4.90996e-08
 Reference value :  5.00000e-08
 Reference value :  5.07396e-08
 Reference value :  5.16396e-08
 Reference value :  5.22596e-08
 Reference value :  5.27196e-08
 Reference value :  5.34196e-08
 Reference value :  5.41196e-08
 Reference value :  5.50396e-08
 Reference value :  5.59396e-08
 Reference value :  5.64596e-08
 Reference value :  5.73596e-08
 Reference value :  5.80596e-08
 Reference value :  5.88596e-08
 Reference value :  5.97196e-08
 Reference value :  6.02796e-08
 Reference value :  6.08796e-08
 Reference value :  6.17996e-08
 Reference value :  6.24596e-08
 Reference value :  6.33796e-08
 Reference value :  6.40996e-08
 Reference value :  6.48796e-08
 Reference value :  6.58196e-08
 Reference value :  6.64796e-08
 Reference value :  6.73396e-08
 Reference value :  6.80396e-08
 Reference value :  6.85996e-08
 Reference value :  6.91396e-08
 Reference value :  7.00000e-08
 Reference value :  7.06196e-08
 Reference value :  7.14996e-08
 Reference value :  7.21973e-08
 Reference value :  7.30173e-08
 Reference value :  7.38973e-08
 Reference value :  7.44996e-08
 Reference value :  7.53796e-08
 Reference value :  7.60596e-08
 Reference value :  7.66596e-08
 Reference value :  7.74396e-08
 Reference value :  7.80996e-08
 Reference value :  7.89596e-08
 Reference value :  7.98596e-08
 Reference value :  8.04196e-08
 Reference value :  8.13196e-08
 Reference value :  8.20396e-08
 Reference value :  8.28396e-08
 Reference value :  8.36996e-08
 Reference value :  8.43173e-08
 Reference value :  8.48373e-08
 Reference value :  8.56373e-08
 Reference value :  8.62996e-08
 Reference value :  8.72196e-08
 Reference value :  8.80151e-08
 Reference value :  8.86796e-08
 Reference value :  8.95796e-08
 Reference value :  9.02396e-08
 Reference value :  9.11596e-08
 Reference value :  9.20038e-08
 Reference value :  9.25396e-08
 Reference value :  9.32596e-08
 Reference value :  9.41196e-08
 Reference value :  9.50196e-08
 Reference value :  9.59396e-08
 Reference value :  9.64996e-08
 Reference value :  9.74196e-08
 Reference value :  9.81196e-08
 Reference value :  9.90196e-08
 Reference value :  9.98796e-08
 Reference value :  1.00400e-07
 Reference value :  1.00880e-07
 Reference value :  1.01660e-07
 Reference value :  1.02300e-07
 Reference value :  1.03200e-07
 Reference value :  1.04013e-07
 Reference value :  1.04660e-07
 Reference value :  1.05580e-07
 Reference value :  1.06240e-07
 Reference value :  1.07180e-07
 Reference value :  1.08013e-07
 Reference value :  1.08600e-07
 Reference value :  1.09380e-07
 Reference value :  1.10100e-07
 Reference value :  1.10980e-07
 Reference value :  1.11960e-07
 Reference value :  1.12557e-07
 Reference value :  1.13457e-07
 Reference value :  1.14140e-07
 Reference value :  1.15020e-07
 Reference value :  1.15920e-07
 Reference value :  1.16420e-07
 Reference value :  1.16900e-07
 Reference value :  1.17720e-07
 Reference value :  1.18380e-07
 Reference value :  1.19260e-07
 Reference value :  1.20013e-07
 Reference value :  1.20640e-07
 Reference value :  1.21540e-07
 Reference value :  1.22160e-07
 Reference value :  1.23080e-07
 Reference value :  1.24000e-07
 Reference value :  1.24520e-07
 Reference value :  1.25220e-07
 Reference value :  1.26015e-07
 Reference value :  1.26800e-07
 Reference value :  1.27720e-07
 Reference value :  1.28320e-07
 Reference value :  1.29200e-07
 Reference value :  1.30013e-07
 Reference value :  1.30740e-07
 Reference value :  1.31640e-07
 Reference value :  1.32260e-07
 Reference value :  1.32760e-07
 Reference value :  1.33620e-07
 Reference value :  1.34240e-07
 Reference value :  1.35140e-07
 Reference value :  1.36001e-07
 Reference value :  1.36560e-07
 Reference value :  1.37440e-07
 Reference value :  1.38120e-07
 Reference value :  1.38980e-07
 Reference value :  1.39960e-07
 Reference value :  1.40480e-07
 Reference value :  1.41180e-07
 Reference value :  1.42013e-07
 Reference value :  1.42780e-07
 Reference value :  1.43700e-07
 Reference value :  1.44300e-07
 Reference value :  1.45140e-07
 Reference value :  1.46004e-07
 Reference value :  1.46740e-07
 Reference value :  1.47660e-07
 Reference value :  1.48280e-07
 Reference value :  1.48760e-07
 Reference value :  1.49540e-07
 Reference value :  1.50180e-07
 Reference value :  1.51040e-07
 Reference value :  1.51940e-07
 Reference value :  1.52420e-07
 Reference value :  1.53260e-07
 Reference value :  1.54013e-07
 Reference value :  1.54700e-07
 Reference value :  1.55580e-07
 Reference value :  1.56220e-07
 Reference value :  1.56780e-07
 Reference value :  1.57660e-07
 Reference value :  1.58320e-07
 Reference value :  1.59240e-07
 Reference value :  1.60019e-07
 Reference value :  1.60740e-07
 Reference value :  1.61660e-07
 Reference value :  1.62280e-07
 Reference value :  1.63200e-07
 Reference value :  1.64008e-07
 Reference value :  1.64540e-07
 Reference value :  1.65040e-07
 Reference value :  1.65960e-07
 Reference value :  1.66620e-07
 Reference value :  1.67540e-07
 Reference value :  1.68200e-07
 Reference value :  1.68980e-07
 Reference value :  1.69920e-07
 Reference value :  1.70560e-07
 Reference value :  1.71680e-07
 Reference value :  1.72280e-07
 Reference value :  1.72860e-07
 Reference value :  1.73740e-07
 Reference value :  1.74380e-07
 Reference value :  1.75280e-07
 Reference value :  1.76019e-07
 Reference value :  1.76680e-07
 Reference value :  1.77620e-07
 Reference value :  1.78260e-07
 Reference value :  1.79180e-07
 Reference value :  1.80008e-07
 Reference value :  1.80520e-07
 Reference value :  1.81000e-07
 Reference value :  1.81940e-07
 Reference value :  1.82620e-07
 Reference value :  1.83560e-07
 Reference value :  1.84240e-07
 Reference value :  1.85080e-07
 Reference value :  1.86000e-07
 Reference value :  1.86720e-07
 Reference value :  1.87680e-07
 Reference value :  1.88300e-07
 Reference value :  1.88900e-07
 Reference value :  1.89800e-07
 Reference value :  1.90440e-07
 Reference value :  1.91300e-07
 Reference value :  1.92040e-07
 Reference value :  1.92800e-07
 Reference value :  1.93760e-07
 Reference value :  1.94420e-07
 Reference value :  1.95340e-07
 Reference value :  1.96060e-07
 Reference value :  1.96620e-07
 Reference value :  1.97220e-07
 Reference value :  1.98015e-07
 Reference value :  1.98820e-07
 Reference value :  1.99760e-07
 Reference value :  2.00340e-07
 Reference value :  2.01280e-07
 Reference value :  2.02040e-07
 Reference value :  2.02920e-07
 Reference value :  2.03860e-07
 Reference value :  2.04440e-07
 Reference value :  2.05080e-07
 Reference value :  2.05990e-07
 Reference value :  2.06680e-07
 Reference value :  2.07620e-07
 Reference value :  2.08260e-07
 Reference value :  2.09160e-07
 Reference value :  2.10013e-07
 Reference value :  2.10840e-07
 Reference value :  2.11820e-07
 Reference value :  2.12400e-07
 Reference value :  2.12900e-07
 Reference value :  2.13860e-07
 Reference value :  2.14660e-07
 Reference value :  2.15680e-07
 Reference value :  2.16340e-07
 Reference value :  2.17400e-07
 Reference value :  2.18180e-07
 Reference value :  2.19200e-07
No. of Data Rows : 11885
sim/harness: analysis complete
Note: Simulation executed from .control section 
Note: Starting dynamic gmin stepping
Note: Dynamic gmin stepping completed
