
Note: Compatibility modes selected: hs a


Circuit: ** sch_path: /users/rwalters/github/sky130-pll/.loom/worktrees/issue-131/sim/divider-n4/testbench/tb_divider_n4.sch

option SCALE: Scale is set to 1e-06 for instance and model parameters
option SCALE: Scale is set to 1e-06 for instance and model parameters
option SCALE: Scale is set to 1e-06 for instance and model parameters
option SCALE: Scale is set to 1e-06 for instance and model parameters
Doing analysis at TEMP = 125.000000 and TNOM = 27.000000

Using KLU as Direct Linear Solver
 Reference value :  0.00000e+00
 Reference value :  7.37300e-10
 Reference value :  1.77730e-09
 Reference value :  2.57962e-09
 Reference value :  3.49962e-09
 Reference value :  4.31963e-09
 Reference value :  5.29000e-09
 Reference value :  6.17963e-09
 Reference value :  7.21963e-09
 Reference value :  8.05962e-09
 Reference value :  8.97962e-09
 Reference value :  9.93962e-09
 Reference value :  1.06196e-08
 Reference value :  1.14796e-08
 Reference value :  1.20596e-08
 Reference value :  1.26996e-08
 Reference value :  1.34596e-08
 Reference value :  1.41396e-08
 Reference value :  1.50796e-08
 Reference value :  1.60134e-08
 Reference value :  1.67396e-08
 Reference value :  1.76996e-08
 Reference value :  1.83196e-08
 Reference value :  1.92196e-08
 Reference value :  2.00125e-08
 Reference value :  2.06396e-08
 Reference value :  2.12996e-08
 Reference value :  2.20256e-08
 Reference value :  2.28796e-08
 Reference value :  2.37596e-08
 Reference value :  2.43996e-08
 Reference value :  2.53196e-08
 Reference value :  2.60596e-08
 Reference value :  2.69196e-08
 Reference value :  2.78596e-08
 Reference value :  2.84596e-08
 Reference value :  2.91196e-08
 Reference value :  2.99898e-08
 Reference value :  3.06196e-08
 Reference value :  3.15196e-08
 Reference value :  3.21996e-08
 Reference value :  3.29596e-08
 Reference value :  3.37796e-08
 Reference value :  3.44196e-08
 Reference value :  3.53196e-08
 Reference value :  3.60596e-08
 Reference value :  3.67396e-08
 Reference value :  3.75396e-08
 Reference value :  3.82596e-08
 Reference value :  3.91596e-08
 Reference value :  4.00125e-08
 Reference value :  4.07796e-08
 Reference value :  4.17396e-08
 Reference value :  4.24596e-08
 Reference value :  4.34196e-08
 Reference value :  4.41196e-08
 Reference value :  4.47596e-08
 Reference value :  4.54996e-08
 Reference value :  4.61796e-08
 Reference value :  4.70596e-08
 Reference value :  4.79196e-08
 Reference value :  4.84996e-08
 Reference value :  4.94196e-08
 Reference value :  5.01196e-08
 Reference value :  5.10396e-08
 Reference value :  5.19796e-08
 Reference value :  5.25996e-08
 Reference value :  5.32996e-08
 Reference value :  5.40396e-08
 Reference value :  5.48596e-08
 Reference value :  5.57396e-08
 Reference value :  5.63196e-08
 Reference value :  5.73596e-08
 Reference value :  5.80596e-08
 Reference value :  5.88596e-08
 Reference value :  5.97996e-08
 Reference value :  6.04196e-08
 Reference value :  6.10996e-08
 Reference value :  6.19898e-08
 Reference value :  6.26596e-08
 Reference value :  6.35596e-08
 Reference value :  6.42196e-08
 Reference value :  6.51196e-08
 Reference value :  6.59898e-08
 Reference value :  6.66596e-08
 Reference value :  6.75596e-08
 Reference value :  6.82996e-08
 Reference value :  6.89196e-08
 Reference value :  6.96596e-08
 Reference value :  7.02796e-08
 Reference value :  7.10596e-08
 Reference value :  7.19196e-08
 Reference value :  7.24373e-08
 Reference value :  7.32973e-08
 Reference value :  7.40151e-08
 Reference value :  7.48396e-08
 Reference value :  7.58396e-08
 Reference value :  7.65396e-08
 Reference value :  7.73996e-08
 Reference value :  7.83196e-08
 Reference value :  7.93596e-08
 Reference value :  8.02596e-08
 Reference value :  8.12596e-08
 Reference value :  8.21196e-08
 Reference value :  8.31596e-08
 Reference value :  8.40773e-08
 Reference value :  8.48373e-08
 Reference value :  8.57173e-08
 Reference value :  8.65596e-08
 Reference value :  8.76396e-08
 Reference value :  8.83796e-08
 Reference value :  8.91596e-08
 Reference value :  8.99898e-08
 Reference value :  9.06196e-08
 Reference value :  9.14596e-08
 Reference value :  9.21396e-08
 Reference value :  9.27596e-08
 Reference value :  9.35596e-08
 Reference value :  9.41796e-08
 Reference value :  9.50796e-08
 Reference value :  9.59796e-08
 Reference value :  9.65396e-08
 Reference value :  9.74596e-08
 Reference value :  9.80996e-08
 Reference value :  9.87796e-08
 Reference value :  9.95996e-08
 Reference value :  1.00220e-07
 Reference value :  1.00800e-07
 Reference value :  1.01460e-07
 Reference value :  1.02080e-07
 Reference value :  1.02880e-07
 Reference value :  1.03740e-07
 Reference value :  1.04320e-07
 Reference value :  1.05100e-07
 Reference value :  1.06001e-07
 Reference value :  1.06620e-07
 Reference value :  1.07400e-07
 Reference value :  1.08060e-07
 Reference value :  1.08740e-07
 Reference value :  1.09540e-07
 Reference value :  1.10260e-07
 Reference value :  1.11140e-07
 Reference value :  1.12006e-07
 Reference value :  1.12717e-07
 Reference value :  1.13697e-07
 Reference value :  1.14240e-07
 Reference value :  1.15080e-07
 Reference value :  1.15860e-07
 Reference value :  1.16380e-07
 Reference value :  1.16940e-07
 Reference value :  1.17720e-07
 Reference value :  1.18320e-07
 Reference value :  1.19080e-07
 Reference value :  1.19920e-07
 Reference value :  1.20460e-07
 Reference value :  1.21300e-07
 Reference value :  1.22013e-07
 Reference value :  1.22700e-07
 Reference value :  1.23560e-07
 Reference value :  1.24220e-07
 Reference value :  1.24860e-07
 Reference value :  1.25700e-07
 Reference value :  1.26400e-07
 Reference value :  1.27300e-07
 Reference value :  1.28060e-07
 Reference value :  1.28900e-07
 Reference value :  1.29820e-07
 Reference value :  1.30480e-07
 Reference value :  1.31420e-07
 Reference value :  1.32120e-07
 Reference value :  1.32860e-07
 Reference value :  1.33700e-07
 Reference value :  1.34420e-07
 Reference value :  1.35320e-07
 Reference value :  1.36080e-07
 Reference value :  1.36920e-07
 Reference value :  1.37860e-07
 Reference value :  1.38540e-07
 Reference value :  1.39400e-07
 Reference value :  1.40080e-07
 Reference value :  1.40760e-07
 Reference value :  1.41560e-07
 Reference value :  1.42260e-07
 Reference value :  1.43400e-07
 Reference value :  1.44160e-07
 Reference value :  1.45000e-07
 Reference value :  1.45920e-07
 Reference value :  1.46600e-07
 Reference value :  1.47520e-07
 Reference value :  1.48260e-07
 Reference value :  1.48900e-07
 Reference value :  1.49720e-07
 Reference value :  1.50380e-07
 Reference value :  1.51340e-07
 Reference value :  1.52080e-07
 Reference value :  1.52860e-07
 Reference value :  1.53740e-07
 Reference value :  1.54400e-07
 Reference value :  1.55380e-07
 Reference value :  1.56060e-07
 Reference value :  1.56720e-07
 Reference value :  1.57540e-07
 Reference value :  1.58240e-07
 Reference value :  1.59240e-07
 Reference value :  1.60019e-07
 Reference value :  1.60800e-07
 Reference value :  1.61720e-07
 Reference value :  1.62360e-07
 Reference value :  1.63300e-07
 Reference value :  1.64040e-07
 Reference value :  1.64700e-07
 Reference value :  1.65440e-07
 Reference value :  1.66120e-07
 Reference value :  1.67000e-07
 Reference value :  1.67920e-07
 Reference value :  1.68560e-07
 Reference value :  1.69480e-07
 Reference value :  1.70160e-07
 Reference value :  1.71160e-07
 Reference value :  1.72004e-07
 Reference value :  1.72620e-07
 Reference value :  1.73380e-07
 Reference value :  1.74080e-07
 Reference value :  1.74940e-07
 Reference value :  1.75840e-07
 Reference value :  1.76460e-07
 Reference value :  1.77400e-07
 Reference value :  1.78100e-07
 Reference value :  1.79000e-07
 Reference value :  1.80000e-07
 Reference value :  1.80600e-07
 Reference value :  1.81300e-07
 Reference value :  1.82060e-07
 Reference value :  1.82940e-07
 Reference value :  1.83860e-07
 Reference value :  1.84560e-07
 Reference value :  1.85500e-07
 Reference value :  1.86180e-07
 Reference value :  1.87100e-07
 Reference value :  1.88000e-07
 Reference value :  1.88600e-07
 Reference value :  1.89480e-07
 Reference value :  1.90180e-07
 Reference value :  1.91100e-07
 Reference value :  1.92001e-07
 Reference value :  1.92660e-07
 Reference value :  1.93640e-07
 Reference value :  1.94340e-07
 Reference value :  1.95240e-07
 Reference value :  1.96015e-07
 Reference value :  1.96680e-07
 Reference value :  1.97420e-07
 Reference value :  1.98540e-07
 Reference value :  2.00080e-07
 Reference value :  2.01400e-07
 Reference value :  2.02140e-07
 Reference value :  2.03040e-07
 Reference value :  2.03900e-07
 Reference value :  2.04500e-07
 Reference value :  2.05220e-07
 Reference value :  2.06015e-07
 Reference value :  2.06840e-07
 Reference value :  2.07760e-07
 Reference value :  2.08400e-07
 Reference value :  2.09340e-07
 Reference value :  2.10080e-07
 Reference value :  2.10940e-07
 Reference value :  2.11880e-07
 Reference value :  2.12480e-07
 Reference value :  2.13160e-07
 Reference value :  2.14008e-07
 Reference value :  2.14780e-07
 Reference value :  2.15700e-07
 Reference value :  2.16380e-07
 Reference value :  2.17540e-07
 Reference value :  2.18280e-07
 Reference value :  2.19260e-07
No. of Data Rows : 11885
sim/harness: analysis complete
Note: Simulation executed from .control section 
Note: Starting dynamic gmin stepping
Note: Dynamic gmin stepping completed
