
Note: Compatibility modes selected: hs a


Circuit: ** sch_path: /users/rwalters/github/sky130-pll/.loom/worktrees/issue-131/sim/divider-n4/testbench/tb_divider_n4.sch

option SCALE: Scale is set to 1e-06 for instance and model parameters
option SCALE: Scale is set to 1e-06 for instance and model parameters
option SCALE: Scale is set to 1e-06 for instance and model parameters
option SCALE: Scale is set to 1e-06 for instance and model parameters
Doing analysis at TEMP = 125.000000 and TNOM = 27.000000

Using KLU as Direct Linear Solver
 Reference value :  0.00000e+00
 Reference value :  7.57300e-10
 Reference value :  1.77730e-09
 Reference value :  2.57962e-09
 Reference value :  3.51962e-09
 Reference value :  4.17963e-09
 Reference value :  5.01400e-09
 Reference value :  5.89000e-09
 Reference value :  6.49963e-09
 Reference value :  7.35963e-09
 Reference value :  8.05962e-09
 Reference value :  8.83962e-09
 Reference value :  9.83962e-09
 Reference value :  1.05796e-08
 Reference value :  1.14996e-08
 Reference value :  1.21796e-08
 Reference value :  1.27796e-08
 Reference value :  1.36196e-08
 Reference value :  1.42796e-08
 Reference value :  1.51196e-08
 Reference value :  1.60013e-08
 Reference value :  1.66396e-08
 Reference value :  1.74796e-08
 Reference value :  1.81596e-08
 Reference value :  1.91396e-08
 Reference value :  2.00038e-08
 Reference value :  2.05796e-08
 Reference value :  2.12396e-08
 Reference value :  2.20012e-08
 Reference value :  2.27396e-08
 Reference value :  2.35996e-08
 Reference value :  2.41996e-08
 Reference value :  2.49796e-08
 Reference value :  2.58796e-08
 Reference value :  2.64996e-08
 Reference value :  2.72996e-08
 Reference value :  2.80186e-08
 Reference value :  2.87196e-08
 Reference value :  2.95796e-08
 Reference value :  3.02596e-08
 Reference value :  3.11796e-08
 Reference value :  3.20134e-08
 Reference value :  3.27596e-08
 Reference value :  3.36996e-08
 Reference value :  3.43596e-08
 Reference value :  3.52996e-08
 Reference value :  3.60596e-08
 Reference value :  3.67196e-08
 Reference value :  3.74596e-08
 Reference value :  3.80796e-08
 Reference value :  3.89196e-08
 Reference value :  3.97596e-08
 Reference value :  4.03396e-08
 Reference value :  4.11796e-08
 Reference value :  4.20013e-08
 Reference value :  4.26196e-08
 Reference value :  4.35196e-08
 Reference value :  4.41996e-08
 Reference value :  4.48796e-08
 Reference value :  4.58196e-08
 Reference value :  4.65396e-08
 Reference value :  4.74396e-08
 Reference value :  4.81396e-08
 Reference value :  4.88796e-08
 Reference value :  4.97396e-08
 Reference value :  5.03596e-08
 Reference value :  5.13996e-08
 Reference value :  5.20596e-08
 Reference value :  5.26796e-08
 Reference value :  5.33796e-08
 Reference value :  5.40186e-08
 Reference value :  5.48396e-08
 Reference value :  5.57196e-08
 Reference value :  5.63396e-08
 Reference value :  5.71596e-08
 Reference value :  5.80038e-08
 Reference value :  5.86796e-08
 Reference value :  5.95396e-08
 Reference value :  6.01996e-08
 Reference value :  6.08396e-08
 Reference value :  6.16796e-08
 Reference value :  6.22796e-08
 Reference value :  6.30996e-08
 Reference value :  6.39796e-08
 Reference value :  6.44796e-08
 Reference value :  6.52996e-08
 Reference value :  6.60125e-08
 Reference value :  6.66996e-08
 Reference value :  6.75796e-08
 Reference value :  6.83196e-08
 Reference value :  6.90196e-08
 Reference value :  6.99396e-08
 Reference value :  7.08196e-08
 Reference value :  7.18396e-08
 Reference value :  7.26373e-08
 Reference value :  7.36773e-08
 Reference value :  7.45196e-08
 Reference value :  7.55596e-08
 Reference value :  7.62996e-08
 Reference value :  7.71396e-08
 Reference value :  7.80186e-08
 Reference value :  7.89796e-08
 Reference value :  8.00012e-08
 Reference value :  8.05396e-08
 Reference value :  8.13396e-08
 Reference value :  8.20134e-08
 Reference value :  8.27396e-08
 Reference value :  8.35596e-08
 Reference value :  8.41573e-08
 Reference value :  8.47973e-08
 Reference value :  8.54973e-08
 Reference value :  8.60396e-08
 Reference value :  8.68996e-08
 Reference value :  8.77596e-08
 Reference value :  8.83396e-08
 Reference value :  8.91596e-08
 Reference value :  8.99396e-08
 Reference value :  9.05196e-08
 Reference value :  9.13196e-08
 Reference value :  9.20125e-08
 Reference value :  9.25196e-08
 Reference value :  9.31596e-08
 Reference value :  9.39396e-08
 Reference value :  9.45996e-08
 Reference value :  9.53996e-08
 Reference value :  9.60151e-08
 Reference value :  9.66396e-08
 Reference value :  9.73796e-08
 Reference value :  9.80151e-08
 Reference value :  9.87796e-08
 Reference value :  9.96996e-08
 Reference value :  1.00300e-07
 Reference value :  1.00940e-07
 Reference value :  1.01780e-07
 Reference value :  1.02400e-07
 Reference value :  1.03360e-07
 Reference value :  1.04015e-07
 Reference value :  1.04640e-07
 Reference value :  1.05520e-07
 Reference value :  1.06160e-07
 Reference value :  1.06920e-07
 Reference value :  1.07740e-07
 Reference value :  1.08280e-07
 Reference value :  1.09040e-07
 Reference value :  1.09800e-07
 Reference value :  1.10440e-07
 Reference value :  1.11260e-07
 Reference value :  1.12013e-07
 Reference value :  1.12617e-07
 Reference value :  1.13397e-07
 Reference value :  1.14015e-07
 Reference value :  1.14800e-07
 Reference value :  1.15700e-07
 Reference value :  1.16280e-07
 Reference value :  1.16920e-07
 Reference value :  1.17740e-07
 Reference value :  1.18360e-07
 Reference value :  1.19320e-07
 Reference value :  1.20040e-07
 Reference value :  1.20780e-07
 Reference value :  1.21700e-07
 Reference value :  1.22380e-07
 Reference value :  1.23320e-07
 Reference value :  1.24080e-07
 Reference value :  1.24760e-07
 Reference value :  1.25680e-07
 Reference value :  1.26380e-07
 Reference value :  1.27300e-07
 Reference value :  1.28040e-07
 Reference value :  1.28800e-07
 Reference value :  1.29680e-07
 Reference value :  1.30300e-07
 Reference value :  1.31200e-07
 Reference value :  1.32008e-07
 Reference value :  1.32580e-07
 Reference value :  1.33320e-07
 Reference value :  1.34120e-07
 Reference value :  1.35040e-07
 Reference value :  1.35960e-07
 Reference value :  1.36500e-07
 Reference value :  1.37380e-07
 Reference value :  1.38160e-07
 Reference value :  1.39060e-07
 Reference value :  1.39940e-07
 Reference value :  1.40500e-07
 Reference value :  1.41220e-07
 Reference value :  1.42008e-07
 Reference value :  1.42720e-07
 Reference value :  1.43580e-07
 Reference value :  1.44220e-07
 Reference value :  1.45080e-07
 Reference value :  1.45920e-07
 Reference value :  1.46540e-07
 Reference value :  1.47460e-07
 Reference value :  1.48140e-07
 Reference value :  1.48820e-07
 Reference value :  1.49620e-07
 Reference value :  1.50240e-07
 Reference value :  1.51160e-07
 Reference value :  1.52001e-07
 Reference value :  1.52660e-07
 Reference value :  1.53560e-07
 Reference value :  1.54220e-07
 Reference value :  1.55120e-07
 Reference value :  1.56000e-07
 Reference value :  1.56540e-07
 Reference value :  1.57320e-07
 Reference value :  1.58040e-07
 Reference value :  1.58920e-07
 Reference value :  1.59820e-07
 Reference value :  1.60420e-07
 Reference value :  1.61400e-07
 Reference value :  1.62080e-07
 Reference value :  1.62940e-07
 Reference value :  1.63800e-07
 Reference value :  1.64380e-07
 Reference value :  1.65000e-07
 Reference value :  1.65820e-07
 Reference value :  1.66480e-07
 Reference value :  1.67400e-07
 Reference value :  1.68100e-07
 Reference value :  1.68960e-07
 Reference value :  1.69900e-07
 Reference value :  1.70600e-07
 Reference value :  1.71520e-07
 Reference value :  1.72220e-07
 Reference value :  1.72900e-07
 Reference value :  1.73800e-07
 Reference value :  1.74560e-07
 Reference value :  1.75480e-07
 Reference value :  1.76160e-07
 Reference value :  1.76980e-07
 Reference value :  1.77860e-07
 Reference value :  1.78540e-07
 Reference value :  1.79540e-07
 Reference value :  1.80220e-07
 Reference value :  1.80840e-07
 Reference value :  1.81640e-07
 Reference value :  1.82260e-07
 Reference value :  1.83240e-07
 Reference value :  1.84015e-07
 Reference value :  1.84700e-07
 Reference value :  1.85600e-07
 Reference value :  1.86280e-07
 Reference value :  1.87200e-07
 Reference value :  1.88320e-07
 Reference value :  1.89780e-07
 Reference value :  1.90940e-07
 Reference value :  1.91880e-07
 Reference value :  1.92460e-07
 Reference value :  1.93300e-07
 Reference value :  1.94013e-07
 Reference value :  1.94800e-07
 Reference value :  1.95720e-07
 Reference value :  1.96320e-07
 Reference value :  1.96940e-07
 Reference value :  1.97780e-07
 Reference value :  1.98440e-07
 Reference value :  1.99340e-07
 Reference value :  2.00060e-07
 Reference value :  2.00840e-07
 Reference value :  2.01760e-07
 Reference value :  2.02440e-07
 Reference value :  2.03380e-07
 Reference value :  2.04080e-07
 Reference value :  2.04740e-07
 Reference value :  2.05620e-07
 Reference value :  2.06560e-07
 Reference value :  2.07540e-07
 Reference value :  2.08220e-07
 Reference value :  2.09140e-07
 Reference value :  2.10008e-07
 Reference value :  2.10840e-07
 Reference value :  2.11760e-07
 Reference value :  2.12400e-07
 Reference value :  2.13100e-07
 Reference value :  2.13980e-07
 Reference value :  2.14740e-07
 Reference value :  2.15720e-07
 Reference value :  2.16360e-07
 Reference value :  2.17300e-07
 Reference value :  2.18080e-07
 Reference value :  2.18960e-07
 Reference value :  2.19900e-07
No. of Data Rows : 11885
sim/harness: analysis complete
Note: Simulation executed from .control section 
Note: Starting dynamic gmin stepping
Note: Dynamic gmin stepping completed
