
Note: Compatibility modes selected: hs a


Circuit: ** sch_path: /users/rwalters/github/sky130-pll/.loom/worktrees/issue-131/sim/divider-n4/testbench/tb_divider_n4.sch

option SCALE: Scale is set to 1e-06 for instance and model parameters
option SCALE: Scale is set to 1e-06 for instance and model parameters
option SCALE: Scale is set to 1e-06 for instance and model parameters
option SCALE: Scale is set to 1e-06 for instance and model parameters
Doing analysis at TEMP = 27.000000 and TNOM = 27.000000

Using KLU as Direct Linear Solver
 Reference value :  0.00000e+00
 Reference value :  7.37300e-10
 Reference value :  1.75730e-09
 Reference value :  2.67962e-09
 Reference value :  3.75962e-09
 Reference value :  4.67963e-09
 Reference value :  6.00813e-09
 Reference value :  6.93963e-09
 Reference value :  7.91963e-09
 Reference value :  8.67962e-09
 Reference value :  9.61962e-09
 Reference value :  1.02996e-08
 Reference value :  1.13396e-08
 Reference value :  1.21596e-08
 Reference value :  1.29796e-08
 Reference value :  1.39596e-08
 Reference value :  1.47596e-08
 Reference value :  1.57596e-08
 Reference value :  1.63996e-08
 Reference value :  1.72996e-08
 Reference value :  1.80151e-08
 Reference value :  1.86596e-08
 Reference value :  1.94396e-08
 Reference value :  2.01396e-08
 Reference value :  2.08196e-08
 Reference value :  2.15396e-08
 Reference value :  2.22996e-08
 Reference value :  2.32196e-08
 Reference value :  2.40125e-08
 Reference value :  2.46796e-08
 Reference value :  2.55396e-08
 Reference value :  2.61596e-08
 Reference value :  2.70196e-08
 Reference value :  2.79396e-08
 Reference value :  2.85596e-08
 Reference value :  2.92596e-08
 Reference value :  3.00186e-08
 Reference value :  3.09396e-08
 Reference value :  3.18796e-08
 Reference value :  3.24996e-08
 Reference value :  3.34396e-08
 Reference value :  3.41396e-08
 Reference value :  3.49796e-08
 Reference value :  3.58196e-08
 Reference value :  3.64196e-08
 Reference value :  3.70396e-08
 Reference value :  3.77996e-08
 Reference value :  3.83996e-08
 Reference value :  3.92596e-08
 Reference value :  4.00125e-08
 Reference value :  4.07596e-08
 Reference value :  4.16596e-08
 Reference value :  4.23596e-08
 Reference value :  4.32996e-08
 Reference value :  4.40596e-08
 Reference value :  4.47996e-08
 Reference value :  4.56396e-08
 Reference value :  4.63996e-08
 Reference value :  4.73396e-08
 Reference value :  4.80996e-08
 Reference value :  4.89396e-08
 Reference value :  4.98396e-08
 Reference value :  5.05396e-08
 Reference value :  5.14196e-08
 Reference value :  5.20996e-08
 Reference value :  5.27796e-08
 Reference value :  5.33596e-08
 Reference value :  5.40396e-08
 Reference value :  5.48596e-08
 Reference value :  5.57596e-08
 Reference value :  5.64196e-08
 Reference value :  5.74196e-08
 Reference value :  5.81996e-08
 Reference value :  5.90996e-08
 Reference value :  5.99898e-08
 Reference value :  6.05996e-08
 Reference value :  6.12996e-08
 Reference value :  6.20256e-08
 Reference value :  6.28396e-08
 Reference value :  6.37996e-08
 Reference value :  6.43996e-08
 Reference value :  6.52396e-08
 Reference value :  6.60186e-08
 Reference value :  6.68196e-08
 Reference value :  6.76996e-08
 Reference value :  6.83396e-08
 Reference value :  6.89996e-08
 Reference value :  6.97196e-08
 Reference value :  7.03596e-08
 Reference value :  7.11996e-08
 Reference value :  7.20060e-08
 Reference value :  7.26573e-08
 Reference value :  7.35373e-08
 Reference value :  7.41796e-08
 Reference value :  7.49796e-08
 Reference value :  7.58996e-08
 Reference value :  7.64596e-08
 Reference value :  7.71196e-08
 Reference value :  7.79396e-08
 Reference value :  7.85396e-08
 Reference value :  7.93596e-08
 Reference value :  8.00396e-08
 Reference value :  8.08596e-08
 Reference value :  8.18596e-08
 Reference value :  8.26596e-08
 Reference value :  8.36996e-08
 Reference value :  8.44973e-08
 Reference value :  8.52573e-08
 Reference value :  8.61396e-08
 Reference value :  8.71996e-08
 Reference value :  8.80796e-08
 Reference value :  8.90196e-08
 Reference value :  9.00038e-08
 Reference value :  9.08796e-08
 Reference value :  9.18996e-08
 Reference value :  9.26596e-08
 Reference value :  9.33996e-08
 Reference value :  9.40596e-08
 Reference value :  9.48596e-08
 Reference value :  9.56796e-08
 Reference value :  9.62796e-08
 Reference value :  9.70796e-08
 Reference value :  9.78996e-08
 Reference value :  9.84996e-08
 Reference value :  9.93796e-08
 Reference value :  1.00080e-07
 Reference value :  1.00780e-07
 Reference value :  1.01440e-07
 Reference value :  1.02160e-07
 Reference value :  1.02960e-07
 Reference value :  1.03720e-07
 Reference value :  1.04300e-07
 Reference value :  1.05000e-07
 Reference value :  1.05740e-07
 Reference value :  1.06480e-07
 Reference value :  1.07300e-07
 Reference value :  1.08013e-07
 Reference value :  1.08640e-07
 Reference value :  1.09300e-07
 Reference value :  1.10004e-07
 Reference value :  1.10660e-07
 Reference value :  1.11460e-07
 Reference value :  1.12077e-07
 Reference value :  1.12837e-07
 Reference value :  1.13757e-07
 Reference value :  1.14440e-07
 Reference value :  1.15360e-07
 Reference value :  1.16080e-07
 Reference value :  1.16820e-07
 Reference value :  1.17480e-07
 Reference value :  1.18160e-07
 Reference value :  1.18960e-07
 Reference value :  1.19760e-07
 Reference value :  1.20360e-07
 Reference value :  1.21160e-07
 Reference value :  1.21990e-07
 Reference value :  1.22540e-07
 Reference value :  1.23360e-07
 Reference value :  1.24015e-07
 Reference value :  1.24620e-07
 Reference value :  1.25340e-07
 Reference value :  1.26013e-07
 Reference value :  1.26700e-07
 Reference value :  1.27500e-07
 Reference value :  1.28160e-07
 Reference value :  1.28960e-07
 Reference value :  1.29840e-07
 Reference value :  1.30480e-07
 Reference value :  1.31380e-07
 Reference value :  1.32100e-07
 Reference value :  1.32820e-07
 Reference value :  1.33500e-07
 Reference value :  1.34200e-07
 Reference value :  1.35080e-07
 Reference value :  1.35980e-07
 Reference value :  1.36580e-07
 Reference value :  1.37560e-07
 Reference value :  1.38240e-07
 Reference value :  1.39180e-07
 Reference value :  1.40013e-07
 Reference value :  1.40720e-07
 Reference value :  1.41520e-07
 Reference value :  1.42240e-07
 Reference value :  1.43140e-07
 Reference value :  1.43980e-07
 Reference value :  1.44580e-07
 Reference value :  1.45460e-07
 Reference value :  1.46140e-07
 Reference value :  1.47020e-07
 Reference value :  1.48019e-07
 Reference value :  1.48760e-07
 Reference value :  1.49420e-07
 Reference value :  1.50120e-07
 Reference value :  1.51000e-07
 Reference value :  1.51880e-07
 Reference value :  1.52560e-07
 Reference value :  1.53460e-07
 Reference value :  1.54140e-07
 Reference value :  1.55000e-07
 Reference value :  1.55860e-07
 Reference value :  1.56440e-07
 Reference value :  1.57120e-07
 Reference value :  1.57980e-07
 Reference value :  1.58640e-07
 Reference value :  1.59600e-07
 Reference value :  1.60240e-07
 Reference value :  1.61020e-07
 Reference value :  1.61940e-07
 Reference value :  1.62660e-07
 Reference value :  1.63600e-07
 Reference value :  1.64280e-07
 Reference value :  1.64940e-07
 Reference value :  1.65660e-07
 Reference value :  1.66300e-07
 Reference value :  1.67240e-07
 Reference value :  1.68015e-07
 Reference value :  1.68740e-07
 Reference value :  1.69660e-07
 Reference value :  1.70280e-07
 Reference value :  1.71200e-07
 Reference value :  1.72013e-07
 Reference value :  1.72700e-07
 Reference value :  1.73500e-07
 Reference value :  1.74180e-07
 Reference value :  1.75140e-07
 Reference value :  1.76000e-07
 Reference value :  1.76640e-07
 Reference value :  1.77520e-07
 Reference value :  1.78180e-07
 Reference value :  1.79080e-07
 Reference value :  1.79980e-07
 Reference value :  1.80580e-07
 Reference value :  1.81220e-07
 Reference value :  1.82004e-07
 Reference value :  1.82760e-07
 Reference value :  1.83740e-07
 Reference value :  1.84400e-07
 Reference value :  1.85300e-07
 Reference value :  1.86060e-07
 Reference value :  1.86940e-07
 Reference value :  1.87860e-07
 Reference value :  1.88520e-07
 Reference value :  1.89280e-07
 Reference value :  1.90026e-07
 Reference value :  1.90880e-07
 Reference value :  1.91800e-07
 Reference value :  1.92440e-07
 Reference value :  1.93440e-07
 Reference value :  1.94140e-07
 Reference value :  1.95040e-07
 Reference value :  1.95940e-07
 Reference value :  1.96540e-07
 Reference value :  1.97180e-07
 Reference value :  1.97990e-07
 Reference value :  1.98700e-07
 Reference value :  1.99620e-07
 Reference value :  2.00280e-07
 Reference value :  2.01300e-07
 Reference value :  2.02780e-07
 Reference value :  2.04120e-07
 Reference value :  2.04960e-07
 Reference value :  2.05820e-07
 Reference value :  2.06500e-07
 Reference value :  2.07380e-07
 Reference value :  2.08060e-07
 Reference value :  2.08840e-07
 Reference value :  2.09760e-07
 Reference value :  2.10420e-07
 Reference value :  2.11320e-07
 Reference value :  2.12060e-07
 Reference value :  2.12780e-07
 Reference value :  2.13440e-07
 Reference value :  2.14140e-07
 Reference value :  2.15040e-07
 Reference value :  2.15940e-07
 Reference value :  2.16580e-07
 Reference value :  2.17520e-07
 Reference value :  2.18180e-07
 Reference value :  2.19080e-07
No. of Data Rows : 11885
sim/harness: analysis complete
Note: Simulation executed from .control section 
