
Note: Compatibility modes selected: hs a


Circuit: ** sch_path: /users/rwalters/github/sky130-pll/.loom/worktrees/issue-131/sim/divider-n4/testbench/tb_divider_n4.sch

option SCALE: Scale is set to 1e-06 for instance and model parameters
option SCALE: Scale is set to 1e-06 for instance and model parameters
option SCALE: Scale is set to 1e-06 for instance and model parameters
option SCALE: Scale is set to 1e-06 for instance and model parameters
Doing analysis at TEMP = -40.000000 and TNOM = 27.000000

Using KLU as Direct Linear Solver
 Reference value :  0.00000e+00
 Reference value :  6.17300e-10
 Reference value :  1.45730e-09
 Reference value :  2.13963e-09
 Reference value :  2.91962e-09
 Reference value :  3.73962e-09
 Reference value :  4.33963e-09
 Reference value :  5.13000e-09
 Reference value :  6.09963e-09
 Reference value :  6.99963e-09
 Reference value :  7.93963e-09
 Reference value :  8.49962e-09
 Reference value :  9.25962e-09
 Reference value :  1.00134e-08
 Reference value :  1.07796e-08
 Reference value :  1.16996e-08
 Reference value :  1.23396e-08
 Reference value :  1.29996e-08
 Reference value :  1.37396e-08
 Reference value :  1.43596e-08
 Reference value :  1.50796e-08
 Reference value :  1.59196e-08
 Reference value :  1.65196e-08
 Reference value :  1.72996e-08
 Reference value :  1.80013e-08
 Reference value :  1.86596e-08
 Reference value :  1.94396e-08
 Reference value :  2.00596e-08
 Reference value :  2.06596e-08
 Reference value :  2.12396e-08
 Reference value :  2.18996e-08
 Reference value :  2.25796e-08
 Reference value :  2.33796e-08
 Reference value :  2.40186e-08
 Reference value :  2.46396e-08
 Reference value :  2.54396e-08
 Reference value :  2.60996e-08
 Reference value :  2.69396e-08
 Reference value :  2.77796e-08
 Reference value :  2.83396e-08
 Reference value :  2.89796e-08
 Reference value :  2.96596e-08
 Reference value :  3.02596e-08
 Reference value :  3.10396e-08
 Reference value :  3.18996e-08
 Reference value :  3.24596e-08
 Reference value :  3.31396e-08
 Reference value :  3.38596e-08
 Reference value :  3.43596e-08
 Reference value :  3.51196e-08
 Reference value :  3.58596e-08
 Reference value :  3.63796e-08
 Reference value :  3.69396e-08
 Reference value :  3.74596e-08
 Reference value :  3.80151e-08
 Reference value :  3.86996e-08
 Reference value :  3.94596e-08
 Reference value :  4.00596e-08
 Reference value :  4.06796e-08
 Reference value :  4.14396e-08
 Reference value :  4.20596e-08
 Reference value :  4.27796e-08
 Reference value :  4.35396e-08
 Reference value :  4.40796e-08
 Reference value :  4.46796e-08
 Reference value :  4.53196e-08
 Reference value :  4.60125e-08
 Reference value :  4.66796e-08
 Reference value :  4.74396e-08
 Reference value :  4.80256e-08
 Reference value :  4.85596e-08
 Reference value :  4.92596e-08
 Reference value :  4.99596e-08
 Reference value :  5.04196e-08
 Reference value :  5.11196e-08
 Reference value :  5.18196e-08
 Reference value :  5.23396e-08
 Reference value :  5.28796e-08
 Reference value :  5.33996e-08
 Reference value :  5.40013e-08
 Reference value :  5.45596e-08
 Reference value :  5.53196e-08
 Reference value :  5.60081e-08
 Reference value :  5.64996e-08
 Reference value :  5.71596e-08
 Reference value :  5.78596e-08
 Reference value :  5.83396e-08
 Reference value :  5.91996e-08
 Reference value :  5.98596e-08
 Reference value :  6.03396e-08
 Reference value :  6.09196e-08
 Reference value :  6.15796e-08
 Reference value :  6.22596e-08
 Reference value :  6.29996e-08
 Reference value :  6.37596e-08
 Reference value :  6.42796e-08
 Reference value :  6.48596e-08
 Reference value :  6.55996e-08
 Reference value :  6.61996e-08
 Reference value :  6.70796e-08
 Reference value :  6.78196e-08
 Reference value :  6.83196e-08
 Reference value :  6.88996e-08
 Reference value :  6.96396e-08
 Reference value :  7.02196e-08
 Reference value :  7.09796e-08
 Reference value :  7.16796e-08
 Reference value :  7.21973e-08
 Reference value :  7.28573e-08
 Reference value :  7.37173e-08
 Reference value :  7.42796e-08
 Reference value :  7.50196e-08
 Reference value :  7.57996e-08
 Reference value :  7.63396e-08
 Reference value :  7.69196e-08
 Reference value :  7.75196e-08
 Reference value :  7.80996e-08
 Reference value :  7.88596e-08
 Reference value :  7.95996e-08
 Reference value :  8.01396e-08
 Reference value :  8.07596e-08
 Reference value :  8.14996e-08
 Reference value :  8.20796e-08
 Reference value :  8.27596e-08
 Reference value :  8.37396e-08
 Reference value :  8.44573e-08
 Reference value :  8.50173e-08
 Reference value :  8.55173e-08
 Reference value :  8.60596e-08
 Reference value :  8.67196e-08
 Reference value :  8.74396e-08
 Reference value :  8.82996e-08
 Reference value :  8.89796e-08
 Reference value :  8.98396e-08
 Reference value :  9.03596e-08
 Reference value :  9.10996e-08
 Reference value :  9.18596e-08
 Reference value :  9.26196e-08
 Reference value :  9.35796e-08
 Reference value :  9.41796e-08
 Reference value :  9.49196e-08
 Reference value :  9.57996e-08
 Reference value :  9.63396e-08
 Reference value :  9.70796e-08
 Reference value :  9.78396e-08
 Reference value :  9.84196e-08
 Reference value :  9.91996e-08
 Reference value :  9.99796e-08
 Reference value :  1.00500e-07
 Reference value :  1.01040e-07
 Reference value :  1.01560e-07
 Reference value :  1.02140e-07
 Reference value :  1.02980e-07
 Reference value :  1.03900e-07
 Reference value :  1.04380e-07
 Reference value :  1.05080e-07
 Reference value :  1.05840e-07
 Reference value :  1.06340e-07
 Reference value :  1.07100e-07
 Reference value :  1.08000e-07
 Reference value :  1.08560e-07
 Reference value :  1.09160e-07
 Reference value :  1.09880e-07
 Reference value :  1.10400e-07
 Reference value :  1.11160e-07
 Reference value :  1.11960e-07
 Reference value :  1.12477e-07
 Reference value :  1.13237e-07
 Reference value :  1.14001e-07
 Reference value :  1.14580e-07
 Reference value :  1.15320e-07
 Reference value :  1.16000e-07
 Reference value :  1.16500e-07
 Reference value :  1.17060e-07
 Reference value :  1.17660e-07
 Reference value :  1.18220e-07
 Reference value :  1.18960e-07
 Reference value :  1.19720e-07
 Reference value :  1.20300e-07
 Reference value :  1.21020e-07
 Reference value :  1.21840e-07
 Reference value :  1.22360e-07
 Reference value :  1.23140e-07
 Reference value :  1.23960e-07
 Reference value :  1.24480e-07
 Reference value :  1.25100e-07
 Reference value :  1.25840e-07
 Reference value :  1.26420e-07
 Reference value :  1.27180e-07
 Reference value :  1.27980e-07
 Reference value :  1.28480e-07
 Reference value :  1.29200e-07
 Reference value :  1.29940e-07
 Reference value :  1.30440e-07
 Reference value :  1.31160e-07
 Reference value :  1.31900e-07
 Reference value :  1.32380e-07
 Reference value :  1.32960e-07
 Reference value :  1.33500e-07
 Reference value :  1.34040e-07
 Reference value :  1.34740e-07
 Reference value :  1.35480e-07
 Reference value :  1.36040e-07
 Reference value :  1.36600e-07
 Reference value :  1.37400e-07
 Reference value :  1.38013e-07
 Reference value :  1.38620e-07
 Reference value :  1.39360e-07
 Reference value :  1.40001e-07
 Reference value :  1.40460e-07
 Reference value :  1.41000e-07
 Reference value :  1.41620e-07
 Reference value :  1.42160e-07
 Reference value :  1.42880e-07
 Reference value :  1.43600e-07
 Reference value :  1.44140e-07
 Reference value :  1.44740e-07
 Reference value :  1.45520e-07
 Reference value :  1.46080e-07
 Reference value :  1.46780e-07
 Reference value :  1.47560e-07
 Reference value :  1.48160e-07
 Reference value :  1.48800e-07
 Reference value :  1.49320e-07
 Reference value :  1.49980e-07
 Reference value :  1.50500e-07
 Reference value :  1.51260e-07
 Reference value :  1.52000e-07
 Reference value :  1.52500e-07
 Reference value :  1.53260e-07
 Reference value :  1.54004e-07
 Reference value :  1.54900e-07
 Reference value :  1.55980e-07
 Reference value :  1.56560e-07
 Reference value :  1.57140e-07
 Reference value :  1.57880e-07
 Reference value :  1.58400e-07
 Reference value :  1.59160e-07
 Reference value :  1.59960e-07
 Reference value :  1.60480e-07
 Reference value :  1.61220e-07
 Reference value :  1.61980e-07
 Reference value :  1.62520e-07
 Reference value :  1.63280e-07
 Reference value :  1.64008e-07
 Reference value :  1.64580e-07
 Reference value :  1.65160e-07
 Reference value :  1.65760e-07
 Reference value :  1.66340e-07
 Reference value :  1.67080e-07
 Reference value :  1.67880e-07
 Reference value :  1.68420e-07
 Reference value :  1.69180e-07
 Reference value :  1.69980e-07
 Reference value :  1.70560e-07
 Reference value :  1.71380e-07
 Reference value :  1.72040e-07
 Reference value :  1.72700e-07
 Reference value :  1.73340e-07
 Reference value :  1.74019e-07
 Reference value :  1.74700e-07
 Reference value :  1.75480e-07
 Reference value :  1.76140e-07
 Reference value :  1.76760e-07
 Reference value :  1.77540e-07
 Reference value :  1.78160e-07
 Reference value :  1.78920e-07
 Reference value :  1.79700e-07
 Reference value :  1.80260e-07
 Reference value :  1.80860e-07
 Reference value :  1.81440e-07
 Reference value :  1.82015e-07
 Reference value :  1.82720e-07
 Reference value :  1.83500e-07
 Reference value :  1.84100e-07
 Reference value :  1.84760e-07
 Reference value :  1.85480e-07
 Reference value :  1.86080e-07
 Reference value :  1.86780e-07
 Reference value :  1.87560e-07
 Reference value :  1.88140e-07
 Reference value :  1.88760e-07
 Reference value :  1.89340e-07
 Reference value :  1.90013e-07
 Reference value :  1.90740e-07
 Reference value :  1.91700e-07
 Reference value :  1.92540e-07
 Reference value :  1.93360e-07
 Reference value :  1.94026e-07
 Reference value :  1.95060e-07
 Reference value :  1.96160e-07
 Reference value :  1.97180e-07
 Reference value :  1.98140e-07
 Reference value :  1.99280e-07
 Reference value :  2.00420e-07
 Reference value :  2.01400e-07
 Reference value :  2.02240e-07
 Reference value :  2.03300e-07
 Reference value :  2.04220e-07
 Reference value :  2.05100e-07
 Reference value :  2.06013e-07
 Reference value :  2.07440e-07
 Reference value :  2.08340e-07
 Reference value :  2.09380e-07
 Reference value :  2.10300e-07
 Reference value :  2.11440e-07
 Reference value :  2.12340e-07
 Reference value :  2.13180e-07
 Reference value :  2.14013e-07
 Reference value :  2.14920e-07
 Reference value :  2.16001e-07
 Reference value :  2.16800e-07
 Reference value :  2.17920e-07
 Reference value :  2.18820e-07
 Reference value :  2.19940e-07
No. of Data Rows : 11885
sim/harness: analysis complete
Note: Simulation executed from .control section 
Note: Starting dynamic gmin stepping
Note: Dynamic gmin stepping completed
