
Note: Compatibility modes selected: hs a


Circuit: ** sch_path: /users/rwalters/github/sky130-pll/.loom/worktrees/issue-131/sim/divider-n4/testbench/tb_divider_n4.sch

option SCALE: Scale is set to 1e-06 for instance and model parameters
option SCALE: Scale is set to 1e-06 for instance and model parameters
option SCALE: Scale is set to 1e-06 for instance and model parameters
option SCALE: Scale is set to 1e-06 for instance and model parameters
Doing analysis at TEMP = -40.000000 and TNOM = 27.000000

Using KLU as Direct Linear Solver
 Reference value :  0.00000e+00
 Reference value :  6.57300e-10
 Reference value :  1.49730e-09
 Reference value :  2.09963e-09
 Reference value :  2.91962e-09
 Reference value :  3.83962e-09
 Reference value :  4.47963e-09
 Reference value :  5.35000e-09
 Reference value :  6.07963e-09
 Reference value :  6.85963e-09
 Reference value :  7.65963e-09
 Reference value :  8.17962e-09
 Reference value :  8.93962e-09
 Reference value :  9.85962e-09
 Reference value :  1.04396e-08
 Reference value :  1.11996e-08
 Reference value :  1.20038e-08
 Reference value :  1.24796e-08
 Reference value :  1.30796e-08
 Reference value :  1.38796e-08
 Reference value :  1.44196e-08
 Reference value :  1.52596e-08
 Reference value :  1.60186e-08
 Reference value :  1.65996e-08
 Reference value :  1.74196e-08
 Reference value :  1.80396e-08
 Reference value :  1.88196e-08
 Reference value :  1.96796e-08
 Reference value :  2.02796e-08
 Reference value :  2.08396e-08
 Reference value :  2.14996e-08
 Reference value :  2.21196e-08
 Reference value :  2.28796e-08
 Reference value :  2.36996e-08
 Reference value :  2.42396e-08
 Reference value :  2.49996e-08
 Reference value :  2.58196e-08
 Reference value :  2.63196e-08
 Reference value :  2.70796e-08
 Reference value :  2.78196e-08
 Reference value :  2.82796e-08
 Reference value :  2.87596e-08
 Reference value :  2.94796e-08
 Reference value :  3.00596e-08
 Reference value :  3.07396e-08
 Reference value :  3.14996e-08
 Reference value :  3.20996e-08
 Reference value :  3.27196e-08
 Reference value :  3.35196e-08
 Reference value :  3.40796e-08
 Reference value :  3.47996e-08
 Reference value :  3.55796e-08
 Reference value :  3.61396e-08
 Reference value :  3.66596e-08
 Reference value :  3.71396e-08
 Reference value :  3.78996e-08
 Reference value :  3.84996e-08
 Reference value :  3.92796e-08
 Reference value :  4.00038e-08
 Reference value :  4.04996e-08
 Reference value :  4.12196e-08
 Reference value :  4.19396e-08
 Reference value :  4.24196e-08
 Reference value :  4.31196e-08
 Reference value :  4.38396e-08
 Reference value :  4.42596e-08
 Reference value :  4.47196e-08
 Reference value :  4.53596e-08
 Reference value :  4.60081e-08
 Reference value :  4.65596e-08
 Reference value :  4.73196e-08
 Reference value :  4.80081e-08
 Reference value :  4.85196e-08
 Reference value :  4.92796e-08
 Reference value :  4.99796e-08
 Reference value :  5.04396e-08
 Reference value :  5.11396e-08
 Reference value :  5.19796e-08
 Reference value :  5.23996e-08
 Reference value :  5.28596e-08
 Reference value :  5.34796e-08
 Reference value :  5.40596e-08
 Reference value :  5.47996e-08
 Reference value :  5.55396e-08
 Reference value :  5.60996e-08
 Reference value :  5.67196e-08
 Reference value :  5.74196e-08
 Reference value :  5.80134e-08
 Reference value :  5.86796e-08
 Reference value :  5.94996e-08
 Reference value :  6.01196e-08
 Reference value :  6.05996e-08
 Reference value :  6.11996e-08
 Reference value :  6.20125e-08
 Reference value :  6.27396e-08
 Reference value :  6.35196e-08
 Reference value :  6.40796e-08
 Reference value :  6.46396e-08
 Reference value :  6.53596e-08
 Reference value :  6.60256e-08
 Reference value :  6.67796e-08
 Reference value :  6.75596e-08
 Reference value :  6.81196e-08
 Reference value :  6.86596e-08
 Reference value :  6.91796e-08
 Reference value :  6.98996e-08
 Reference value :  7.04196e-08
 Reference value :  7.11996e-08
 Reference value :  7.19596e-08
 Reference value :  7.23973e-08
 Reference value :  7.31373e-08
 Reference value :  7.38973e-08
 Reference value :  7.43796e-08
 Reference value :  7.51596e-08
 Reference value :  7.60038e-08
 Reference value :  7.65396e-08
 Reference value :  7.73196e-08
 Reference value :  7.80000e-08
 Reference value :  7.84996e-08
 Reference value :  7.92196e-08
 Reference value :  7.99196e-08
 Reference value :  8.04196e-08
 Reference value :  8.14796e-08
 Reference value :  8.20256e-08
 Reference value :  8.28396e-08
 Reference value :  8.35596e-08
 Reference value :  8.41373e-08
 Reference value :  8.47373e-08
 Reference value :  8.56573e-08
 Reference value :  8.64996e-08
 Reference value :  8.72596e-08
 Reference value :  8.80013e-08
 Reference value :  8.85596e-08
 Reference value :  8.93196e-08
 Reference value :  9.00186e-08
 Reference value :  9.06596e-08
 Reference value :  9.14796e-08
 Reference value :  9.20796e-08
 Reference value :  9.25796e-08
 Reference value :  9.32396e-08
 Reference value :  9.39796e-08
 Reference value :  9.44996e-08
 Reference value :  9.52996e-08
 Reference value :  9.60996e-08
 Reference value :  9.67396e-08
 Reference value :  9.74796e-08
 Reference value :  9.80796e-08
 Reference value :  9.87796e-08
 Reference value :  9.95196e-08
 Reference value :  1.00120e-07
 Reference value :  1.00740e-07
 Reference value :  1.01380e-07
 Reference value :  1.02026e-07
 Reference value :  1.02660e-07
 Reference value :  1.03420e-07
 Reference value :  1.04040e-07
 Reference value :  1.04640e-07
 Reference value :  1.05400e-07
 Reference value :  1.06040e-07
 Reference value :  1.06760e-07
 Reference value :  1.07520e-07
 Reference value :  1.08080e-07
 Reference value :  1.08560e-07
 Reference value :  1.09160e-07
 Reference value :  1.09960e-07
 Reference value :  1.10500e-07
 Reference value :  1.11280e-07
 Reference value :  1.12000e-07
 Reference value :  1.12457e-07
 Reference value :  1.13277e-07
 Reference value :  1.14013e-07
 Reference value :  1.14680e-07
 Reference value :  1.15460e-07
 Reference value :  1.16080e-07
 Reference value :  1.16640e-07
 Reference value :  1.17160e-07
 Reference value :  1.17980e-07
 Reference value :  1.18520e-07
 Reference value :  1.19320e-07
 Reference value :  1.20008e-07
 Reference value :  1.20520e-07
 Reference value :  1.21320e-07
 Reference value :  1.22013e-07
 Reference value :  1.22620e-07
 Reference value :  1.23360e-07
 Reference value :  1.24012e-07
 Reference value :  1.24460e-07
 Reference value :  1.24980e-07
 Reference value :  1.25760e-07
 Reference value :  1.26260e-07
 Reference value :  1.27020e-07
 Reference value :  1.27760e-07
 Reference value :  1.28260e-07
 Reference value :  1.28900e-07
 Reference value :  1.29580e-07
 Reference value :  1.30120e-07
 Reference value :  1.30820e-07
 Reference value :  1.31580e-07
 Reference value :  1.32140e-07
 Reference value :  1.32660e-07
 Reference value :  1.33100e-07
 Reference value :  1.33820e-07
 Reference value :  1.34300e-07
 Reference value :  1.35040e-07
 Reference value :  1.35800e-07
 Reference value :  1.36280e-07
 Reference value :  1.36940e-07
 Reference value :  1.37700e-07
 Reference value :  1.38240e-07
 Reference value :  1.38980e-07
 Reference value :  1.39740e-07
 Reference value :  1.40260e-07
 Reference value :  1.40780e-07
 Reference value :  1.41500e-07
 Reference value :  1.42060e-07
 Reference value :  1.42760e-07
 Reference value :  1.43520e-07
 Reference value :  1.44080e-07
 Reference value :  1.44700e-07
 Reference value :  1.45480e-07
 Reference value :  1.46100e-07
 Reference value :  1.46860e-07
 Reference value :  1.47960e-07
 Reference value :  1.48620e-07
 Reference value :  1.49160e-07
 Reference value :  1.49960e-07
 Reference value :  1.50480e-07
 Reference value :  1.51220e-07
 Reference value :  1.51980e-07
 Reference value :  1.52420e-07
 Reference value :  1.53220e-07
 Reference value :  1.54000e-07
 Reference value :  1.54560e-07
 Reference value :  1.55340e-07
 Reference value :  1.56013e-07
 Reference value :  1.56500e-07
 Reference value :  1.57100e-07
 Reference value :  1.57920e-07
 Reference value :  1.58480e-07
 Reference value :  1.59280e-07
 Reference value :  1.60000e-07
 Reference value :  1.60480e-07
 Reference value :  1.61280e-07
 Reference value :  1.62012e-07
 Reference value :  1.62680e-07
 Reference value :  1.63500e-07
 Reference value :  1.64120e-07
 Reference value :  1.64700e-07
 Reference value :  1.65300e-07
 Reference value :  1.66013e-07
 Reference value :  1.66680e-07
 Reference value :  1.67440e-07
 Reference value :  1.68060e-07
 Reference value :  1.68740e-07
 Reference value :  1.69520e-07
 Reference value :  1.70120e-07
 Reference value :  1.70900e-07
 Reference value :  1.71720e-07
 Reference value :  1.72240e-07
 Reference value :  1.72720e-07
 Reference value :  1.73420e-07
 Reference value :  1.74060e-07
 Reference value :  1.74780e-07
 Reference value :  1.75560e-07
 Reference value :  1.76140e-07
 Reference value :  1.76800e-07
 Reference value :  1.77580e-07
 Reference value :  1.78120e-07
 Reference value :  1.78880e-07
 Reference value :  1.79660e-07
 Reference value :  1.80220e-07
 Reference value :  1.80720e-07
 Reference value :  1.81280e-07
 Reference value :  1.82001e-07
 Reference value :  1.82560e-07
 Reference value :  1.83440e-07
 Reference value :  1.84220e-07
 Reference value :  1.85220e-07
 Reference value :  1.86008e-07
 Reference value :  1.86720e-07
 Reference value :  1.87880e-07
 Reference value :  1.88740e-07
 Reference value :  1.89980e-07
 Reference value :  1.91080e-07
 Reference value :  1.92140e-07
 Reference value :  1.93340e-07
 Reference value :  1.94620e-07
 Reference value :  1.96000e-07
 Reference value :  1.96640e-07
 Reference value :  1.97500e-07
 Reference value :  1.98420e-07
 Reference value :  1.99540e-07
 Reference value :  2.00360e-07
 Reference value :  2.01480e-07
 Reference value :  2.02360e-07
 Reference value :  2.03520e-07
 Reference value :  2.04360e-07
 Reference value :  2.05260e-07
 Reference value :  2.06160e-07
 Reference value :  2.07260e-07
 Reference value :  2.08140e-07
 Reference value :  2.09120e-07
 Reference value :  2.10060e-07
 Reference value :  2.11120e-07
 Reference value :  2.12080e-07
 Reference value :  2.12860e-07
 Reference value :  2.13840e-07
 Reference value :  2.14720e-07
 Reference value :  2.15860e-07
 Reference value :  2.16640e-07
 Reference value :  2.17740e-07
 Reference value :  2.18840e-07
No. of Data Rows : 11885
sim/harness: analysis complete
Note: Simulation executed from .control section 
Note: Starting dynamic gmin stepping
Note: Dynamic gmin stepping completed
