
Note: Compatibility modes selected: hs a


Circuit: ** sch_path: /users/rwalters/github/sky130-pll/.loom/worktrees/issue-131/sim/divider-n4/testbench/tb_divider_n4.sch

option SCALE: Scale is set to 1e-06 for instance and model parameters
option SCALE: Scale is set to 1e-06 for instance and model parameters
option SCALE: Scale is set to 1e-06 for instance and model parameters
option SCALE: Scale is set to 1e-06 for instance and model parameters
Doing analysis at TEMP = 125.000000 and TNOM = 27.000000

Using KLU as Direct Linear Solver
 Reference value :  0.00000e+00
 Reference value :  5.37300e-10
 Reference value :  1.39730e-09
 Reference value :  2.07963e-09
 Reference value :  2.85962e-09
 Reference value :  3.71962e-09
 Reference value :  4.33963e-09
 Reference value :  5.11000e-09
 Reference value :  5.95000e-09
 Reference value :  6.59963e-09
 Reference value :  7.43963e-09
 Reference value :  8.09962e-09
 Reference value :  8.83962e-09
 Reference value :  9.81962e-09
 Reference value :  1.04396e-08
 Reference value :  1.12796e-08
 Reference value :  1.20134e-08
 Reference value :  1.26596e-08
 Reference value :  1.33396e-08
 Reference value :  1.40151e-08
 Reference value :  1.47396e-08
 Reference value :  1.54996e-08
 Reference value :  1.60996e-08
 Reference value :  1.68996e-08
 Reference value :  1.77796e-08
 Reference value :  1.84196e-08
 Reference value :  1.93396e-08
 Reference value :  2.00256e-08
 Reference value :  2.05996e-08
 Reference value :  2.11596e-08
 Reference value :  2.17996e-08
 Reference value :  2.23596e-08
 Reference value :  2.31996e-08
 Reference value :  2.39796e-08
 Reference value :  2.44996e-08
 Reference value :  2.52996e-08
 Reference value :  2.60125e-08
 Reference value :  2.66996e-08
 Reference value :  2.74996e-08
 Reference value :  2.81196e-08
 Reference value :  2.87796e-08
 Reference value :  2.94796e-08
 Reference value :  3.01196e-08
 Reference value :  3.08996e-08
 Reference value :  3.16996e-08
 Reference value :  3.23196e-08
 Reference value :  3.30596e-08
 Reference value :  3.38396e-08
 Reference value :  3.44196e-08
 Reference value :  3.52196e-08
 Reference value :  3.59596e-08
 Reference value :  3.64396e-08
 Reference value :  3.70396e-08
 Reference value :  3.76796e-08
 Reference value :  3.81796e-08
 Reference value :  3.91396e-08
 Reference value :  4.00125e-08
 Reference value :  4.07596e-08
 Reference value :  4.16996e-08
 Reference value :  4.22596e-08
 Reference value :  4.30596e-08
 Reference value :  4.38396e-08
 Reference value :  4.43796e-08
 Reference value :  4.50196e-08
 Reference value :  4.59898e-08
 Reference value :  4.67396e-08
 Reference value :  4.75596e-08
 Reference value :  4.82996e-08
 Reference value :  4.88996e-08
 Reference value :  4.96196e-08
 Reference value :  5.02996e-08
 Reference value :  5.11196e-08
 Reference value :  5.20081e-08
 Reference value :  5.25596e-08
 Reference value :  5.31396e-08
 Reference value :  5.37596e-08
 Reference value :  5.42996e-08
 Reference value :  5.50596e-08
 Reference value :  5.59396e-08
 Reference value :  5.64796e-08
 Reference value :  5.73596e-08
 Reference value :  5.80081e-08
 Reference value :  5.90396e-08
 Reference value :  5.98596e-08
 Reference value :  6.03996e-08
 Reference value :  6.10396e-08
 Reference value :  6.18396e-08
 Reference value :  6.23996e-08
 Reference value :  6.31996e-08
 Reference value :  6.39796e-08
 Reference value :  6.45196e-08
 Reference value :  6.53196e-08
 Reference value :  6.60596e-08
 Reference value :  6.67996e-08
 Reference value :  6.75596e-08
 Reference value :  6.81396e-08
 Reference value :  6.87596e-08
 Reference value :  6.93596e-08
 Reference value :  6.99898e-08
 Reference value :  7.05596e-08
 Reference value :  7.13596e-08
 Reference value :  7.20245e-08
 Reference value :  7.27173e-08
 Reference value :  7.35173e-08
 Reference value :  7.40996e-08
 Reference value :  7.48596e-08
 Reference value :  7.56796e-08
 Reference value :  7.62596e-08
 Reference value :  7.68996e-08
 Reference value :  7.75996e-08
 Reference value :  7.81796e-08
 Reference value :  7.89596e-08
 Reference value :  7.97396e-08
 Reference value :  8.03396e-08
 Reference value :  8.10596e-08
 Reference value :  8.17996e-08
 Reference value :  8.23596e-08
 Reference value :  8.31596e-08
 Reference value :  8.39796e-08
 Reference value :  8.45173e-08
 Reference value :  8.51173e-08
 Reference value :  8.58573e-08
 Reference value :  8.64596e-08
 Reference value :  8.72796e-08
 Reference value :  8.80081e-08
 Reference value :  8.86196e-08
 Reference value :  8.94596e-08
 Reference value :  9.01196e-08
 Reference value :  9.08996e-08
 Reference value :  9.16796e-08
 Reference value :  9.22796e-08
 Reference value :  9.29396e-08
 Reference value :  9.36996e-08
 Reference value :  9.42996e-08
 Reference value :  9.51396e-08
 Reference value :  9.59796e-08
 Reference value :  9.65396e-08
 Reference value :  9.73596e-08
 Reference value :  9.80256e-08
 Reference value :  9.87996e-08
 Reference value :  9.96196e-08
 Reference value :  1.00260e-07
 Reference value :  1.00880e-07
 Reference value :  1.01500e-07
 Reference value :  1.02040e-07
 Reference value :  1.02820e-07
 Reference value :  1.03680e-07
 Reference value :  1.04300e-07
 Reference value :  1.05020e-07
 Reference value :  1.05820e-07
 Reference value :  1.06400e-07
 Reference value :  1.07220e-07
 Reference value :  1.08004e-07
 Reference value :  1.08580e-07
 Reference value :  1.09240e-07
 Reference value :  1.10000e-07
 Reference value :  1.10600e-07
 Reference value :  1.11420e-07
 Reference value :  1.12097e-07
 Reference value :  1.12757e-07
 Reference value :  1.13577e-07
 Reference value :  1.14200e-07
 Reference value :  1.15020e-07
 Reference value :  1.15820e-07
 Reference value :  1.16360e-07
 Reference value :  1.16980e-07
 Reference value :  1.17600e-07
 Reference value :  1.18240e-07
 Reference value :  1.19100e-07
 Reference value :  1.19960e-07
 Reference value :  1.20520e-07
 Reference value :  1.21360e-07
 Reference value :  1.22019e-07
 Reference value :  1.22700e-07
 Reference value :  1.23520e-07
 Reference value :  1.24140e-07
 Reference value :  1.24840e-07
 Reference value :  1.25580e-07
 Reference value :  1.26180e-07
 Reference value :  1.26980e-07
 Reference value :  1.27800e-07
 Reference value :  1.28400e-07
 Reference value :  1.29160e-07
 Reference value :  1.29960e-07
 Reference value :  1.30560e-07
 Reference value :  1.31360e-07
 Reference value :  1.32015e-07
 Reference value :  1.32600e-07
 Reference value :  1.33240e-07
 Reference value :  1.33940e-07
 Reference value :  1.34560e-07
 Reference value :  1.35380e-07
 Reference value :  1.36026e-07
 Reference value :  1.36720e-07
 Reference value :  1.37560e-07
 Reference value :  1.38180e-07
 Reference value :  1.38980e-07
 Reference value :  1.39780e-07
 Reference value :  1.40360e-07
 Reference value :  1.41000e-07
 Reference value :  1.41780e-07
 Reference value :  1.42400e-07
 Reference value :  1.43260e-07
 Reference value :  1.44013e-07
 Reference value :  1.44660e-07
 Reference value :  1.45480e-07
 Reference value :  1.46140e-07
 Reference value :  1.46940e-07
 Reference value :  1.47800e-07
 Reference value :  1.48380e-07
 Reference value :  1.49000e-07
 Reference value :  1.49640e-07
 Reference value :  1.50140e-07
 Reference value :  1.50920e-07
 Reference value :  1.51860e-07
 Reference value :  1.52420e-07
 Reference value :  1.53240e-07
 Reference value :  1.54004e-07
 Reference value :  1.54640e-07
 Reference value :  1.55360e-07
 Reference value :  1.56013e-07
 Reference value :  1.56640e-07
 Reference value :  1.57320e-07
 Reference value :  1.58015e-07
 Reference value :  1.58780e-07
 Reference value :  1.59620e-07
 Reference value :  1.60240e-07
 Reference value :  1.60980e-07
 Reference value :  1.61720e-07
 Reference value :  1.62280e-07
 Reference value :  1.63100e-07
 Reference value :  1.63920e-07
 Reference value :  1.64440e-07
 Reference value :  1.65000e-07
 Reference value :  1.65600e-07
 Reference value :  1.66120e-07
 Reference value :  1.66900e-07
 Reference value :  1.67720e-07
 Reference value :  1.68280e-07
 Reference value :  1.69020e-07
 Reference value :  1.69840e-07
 Reference value :  1.70460e-07
 Reference value :  1.71300e-07
 Reference value :  1.72015e-07
 Reference value :  1.72680e-07
 Reference value :  1.73400e-07
 Reference value :  1.74040e-07
 Reference value :  1.74800e-07
 Reference value :  1.75640e-07
 Reference value :  1.76260e-07
 Reference value :  1.76980e-07
 Reference value :  1.77900e-07
 Reference value :  1.78480e-07
 Reference value :  1.79300e-07
 Reference value :  1.80015e-07
 Reference value :  1.80640e-07
 Reference value :  1.81260e-07
 Reference value :  1.81920e-07
 Reference value :  1.82500e-07
 Reference value :  1.83340e-07
 Reference value :  1.84015e-07
 Reference value :  1.84640e-07
 Reference value :  1.85480e-07
 Reference value :  1.86120e-07
 Reference value :  1.86920e-07
 Reference value :  1.87760e-07
 Reference value :  1.88340e-07
 Reference value :  1.89020e-07
 Reference value :  1.89820e-07
 Reference value :  1.90420e-07
 Reference value :  1.91200e-07
 Reference value :  1.91980e-07
 Reference value :  1.92520e-07
 Reference value :  1.93360e-07
 Reference value :  1.94019e-07
 Reference value :  1.94760e-07
 Reference value :  1.95580e-07
 Reference value :  1.96160e-07
 Reference value :  1.96820e-07
 Reference value :  1.97440e-07
 Reference value :  1.98015e-07
 Reference value :  1.98760e-07
 Reference value :  1.99620e-07
 Reference value :  2.00260e-07
 Reference value :  2.01120e-07
 Reference value :  2.01960e-07
 Reference value :  2.02560e-07
 Reference value :  2.03400e-07
 Reference value :  2.04040e-07
 Reference value :  2.04720e-07
 Reference value :  2.05440e-07
 Reference value :  2.06080e-07
 Reference value :  2.06880e-07
 Reference value :  2.07720e-07
 Reference value :  2.08320e-07
 Reference value :  2.09080e-07
 Reference value :  2.09880e-07
 Reference value :  2.10440e-07
 Reference value :  2.11200e-07
 Reference value :  2.12001e-07
 Reference value :  2.12560e-07
 Reference value :  2.13180e-07
 Reference value :  2.13840e-07
 Reference value :  2.14400e-07
 Reference value :  2.15220e-07
 Reference value :  2.16001e-07
 Reference value :  2.16580e-07
 Reference value :  2.17400e-07
 Reference value :  2.18080e-07
 Reference value :  2.18880e-07
 Reference value :  2.19760e-07
No. of Data Rows : 11885
sim/harness: analysis complete
Note: Simulation executed from .control section 
Note: Starting dynamic gmin stepping
Note: Dynamic gmin stepping completed
