
Note: Compatibility modes selected: hs a


Circuit: ** sch_path: /users/rwalters/github/sky130-pll/.loom/worktrees/issue-131/sim/divider-n4/testbench/tb_divider_n4.sch

option SCALE: Scale is set to 1e-06 for instance and model parameters
option SCALE: Scale is set to 1e-06 for instance and model parameters
option SCALE: Scale is set to 1e-06 for instance and model parameters
option SCALE: Scale is set to 1e-06 for instance and model parameters
Doing analysis at TEMP = 125.000000 and TNOM = 27.000000

Using KLU as Direct Linear Solver
 Reference value :  0.00000e+00
 Reference value :  5.37300e-10
 Reference value :  1.35730e-09
 Reference value :  2.03963e-09
 Reference value :  2.81962e-09
 Reference value :  3.63962e-09
 Reference value :  4.25963e-09
 Reference value :  5.01400e-09
 Reference value :  5.89000e-09
 Reference value :  6.47963e-09
 Reference value :  7.31963e-09
 Reference value :  8.03962e-09
 Reference value :  8.77962e-09
 Reference value :  9.57962e-09
 Reference value :  1.02196e-08
 Reference value :  1.10196e-08
 Reference value :  1.18396e-08
 Reference value :  1.24396e-08
 Reference value :  1.31796e-08
 Reference value :  1.39596e-08
 Reference value :  1.45196e-08
 Reference value :  1.52996e-08
 Reference value :  1.60038e-08
 Reference value :  1.65796e-08
 Reference value :  1.73796e-08
 Reference value :  1.80396e-08
 Reference value :  1.87796e-08
 Reference value :  1.95996e-08
 Reference value :  2.01796e-08
 Reference value :  2.07796e-08
 Reference value :  2.13596e-08
 Reference value :  2.20134e-08
 Reference value :  2.26996e-08
 Reference value :  2.34596e-08
 Reference value :  2.40796e-08
 Reference value :  2.47396e-08
 Reference value :  2.55196e-08
 Reference value :  2.61396e-08
 Reference value :  2.69196e-08
 Reference value :  2.77196e-08
 Reference value :  2.82596e-08
 Reference value :  2.88796e-08
 Reference value :  2.95596e-08
 Reference value :  3.01596e-08
 Reference value :  3.08996e-08
 Reference value :  3.16996e-08
 Reference value :  3.22796e-08
 Reference value :  3.29596e-08
 Reference value :  3.37596e-08
 Reference value :  3.43396e-08
 Reference value :  3.50796e-08
 Reference value :  3.57996e-08
 Reference value :  3.63396e-08
 Reference value :  3.69796e-08
 Reference value :  3.75796e-08
 Reference value :  3.82996e-08
 Reference value :  3.91796e-08
 Reference value :  4.00038e-08
 Reference value :  4.06396e-08
 Reference value :  4.14396e-08
 Reference value :  4.20796e-08
 Reference value :  4.28196e-08
 Reference value :  4.35996e-08
 Reference value :  4.41396e-08
 Reference value :  4.48996e-08
 Reference value :  4.57596e-08
 Reference value :  4.63796e-08
 Reference value :  4.72596e-08
 Reference value :  4.79898e-08
 Reference value :  4.84196e-08
 Reference value :  4.91396e-08
 Reference value :  4.98996e-08
 Reference value :  5.04796e-08
 Reference value :  5.12796e-08
 Reference value :  5.20081e-08
 Reference value :  5.25796e-08
 Reference value :  5.31396e-08
 Reference value :  5.38596e-08
 Reference value :  5.44196e-08
 Reference value :  5.51596e-08
 Reference value :  5.60038e-08
 Reference value :  5.67596e-08
 Reference value :  5.75796e-08
 Reference value :  5.81796e-08
 Reference value :  5.89396e-08
 Reference value :  5.97196e-08
 Reference value :  6.02796e-08
 Reference value :  6.08796e-08
 Reference value :  6.15396e-08
 Reference value :  6.21596e-08
 Reference value :  6.28996e-08
 Reference value :  6.36996e-08
 Reference value :  6.42796e-08
 Reference value :  6.48996e-08
 Reference value :  6.56596e-08
 Reference value :  6.62396e-08
 Reference value :  6.70396e-08
 Reference value :  6.77996e-08
 Reference value :  6.83396e-08
 Reference value :  6.89596e-08
 Reference value :  6.95796e-08
 Reference value :  7.01796e-08
 Reference value :  7.08996e-08
 Reference value :  7.16596e-08
 Reference value :  7.22573e-08
 Reference value :  7.29573e-08
 Reference value :  7.37373e-08
 Reference value :  7.42996e-08
 Reference value :  7.50796e-08
 Reference value :  7.58596e-08
 Reference value :  7.63596e-08
 Reference value :  7.69996e-08
 Reference value :  7.76796e-08
 Reference value :  7.82396e-08
 Reference value :  7.89996e-08
 Reference value :  7.97796e-08
 Reference value :  8.03396e-08
 Reference value :  8.10796e-08
 Reference value :  8.18996e-08
 Reference value :  8.24996e-08
 Reference value :  8.32996e-08
 Reference value :  8.40133e-08
 Reference value :  8.46373e-08
 Reference value :  8.52373e-08
 Reference value :  8.59173e-08
 Reference value :  8.64996e-08
 Reference value :  8.73196e-08
 Reference value :  8.80134e-08
 Reference value :  8.85996e-08
 Reference value :  8.94196e-08
 Reference value :  9.00396e-08
 Reference value :  9.07796e-08
 Reference value :  9.15796e-08
 Reference value :  9.21996e-08
 Reference value :  9.28796e-08
 Reference value :  9.35996e-08
 Reference value :  9.41996e-08
 Reference value :  9.49996e-08
 Reference value :  9.57996e-08
 Reference value :  9.63596e-08
 Reference value :  9.71196e-08
 Reference value :  9.79196e-08
 Reference value :  9.85196e-08
 Reference value :  9.93196e-08
 Reference value :  1.00019e-07
 Reference value :  1.00660e-07
 Reference value :  1.01260e-07
 Reference value :  1.01980e-07
 Reference value :  1.02540e-07
 Reference value :  1.03300e-07
 Reference value :  1.04013e-07
 Reference value :  1.04660e-07
 Reference value :  1.05480e-07
 Reference value :  1.06100e-07
 Reference value :  1.06840e-07
 Reference value :  1.07640e-07
 Reference value :  1.08240e-07
 Reference value :  1.08900e-07
 Reference value :  1.09560e-07
 Reference value :  1.10160e-07
 Reference value :  1.10920e-07
 Reference value :  1.11740e-07
 Reference value :  1.12317e-07
 Reference value :  1.13017e-07
 Reference value :  1.13837e-07
 Reference value :  1.14440e-07
 Reference value :  1.15260e-07
 Reference value :  1.16013e-07
 Reference value :  1.16620e-07
 Reference value :  1.17240e-07
 Reference value :  1.17960e-07
 Reference value :  1.18460e-07
 Reference value :  1.19220e-07
 Reference value :  1.20000e-07
 Reference value :  1.20540e-07
 Reference value :  1.21360e-07
 Reference value :  1.22019e-07
 Reference value :  1.22760e-07
 Reference value :  1.23560e-07
 Reference value :  1.24160e-07
 Reference value :  1.24840e-07
 Reference value :  1.25520e-07
 Reference value :  1.26140e-07
 Reference value :  1.26900e-07
 Reference value :  1.27680e-07
 Reference value :  1.28240e-07
 Reference value :  1.28920e-07
 Reference value :  1.29700e-07
 Reference value :  1.30300e-07
 Reference value :  1.31120e-07
 Reference value :  1.31920e-07
 Reference value :  1.32460e-07
 Reference value :  1.33200e-07
 Reference value :  1.33920e-07
 Reference value :  1.34500e-07
 Reference value :  1.35300e-07
 Reference value :  1.36015e-07
 Reference value :  1.36660e-07
 Reference value :  1.37480e-07
 Reference value :  1.38100e-07
 Reference value :  1.38880e-07
 Reference value :  1.39720e-07
 Reference value :  1.40320e-07
 Reference value :  1.41000e-07
 Reference value :  1.41760e-07
 Reference value :  1.42360e-07
 Reference value :  1.43160e-07
 Reference value :  1.43990e-07
 Reference value :  1.44540e-07
 Reference value :  1.45320e-07
 Reference value :  1.46015e-07
 Reference value :  1.46740e-07
 Reference value :  1.47480e-07
 Reference value :  1.48100e-07
 Reference value :  1.48760e-07
 Reference value :  1.49380e-07
 Reference value :  1.50013e-07
 Reference value :  1.50680e-07
 Reference value :  1.51380e-07
 Reference value :  1.52015e-07
 Reference value :  1.52640e-07
 Reference value :  1.53460e-07
 Reference value :  1.54100e-07
 Reference value :  1.54900e-07
 Reference value :  1.55720e-07
 Reference value :  1.56300e-07
 Reference value :  1.56960e-07
 Reference value :  1.57640e-07
 Reference value :  1.58200e-07
 Reference value :  1.58960e-07
 Reference value :  1.59760e-07
 Reference value :  1.60320e-07
 Reference value :  1.61000e-07
 Reference value :  1.61780e-07
 Reference value :  1.62360e-07
 Reference value :  1.63160e-07
 Reference value :  1.63980e-07
 Reference value :  1.64480e-07
 Reference value :  1.65080e-07
 Reference value :  1.65700e-07
 Reference value :  1.66300e-07
 Reference value :  1.67120e-07
 Reference value :  1.67960e-07
 Reference value :  1.68500e-07
 Reference value :  1.69320e-07
 Reference value :  1.70013e-07
 Reference value :  1.70680e-07
 Reference value :  1.71500e-07
 Reference value :  1.72120e-07
 Reference value :  1.72800e-07
 Reference value :  1.73460e-07
 Reference value :  1.74080e-07
 Reference value :  1.74820e-07
 Reference value :  1.75620e-07
 Reference value :  1.76220e-07
 Reference value :  1.76980e-07
 Reference value :  1.77820e-07
 Reference value :  1.78400e-07
 Reference value :  1.79240e-07
 Reference value :  1.80004e-07
 Reference value :  1.80540e-07
 Reference value :  1.81160e-07
 Reference value :  1.81840e-07
 Reference value :  1.82420e-07
 Reference value :  1.83220e-07
 Reference value :  1.84001e-07
 Reference value :  1.84580e-07
 Reference value :  1.85420e-07
 Reference value :  1.86060e-07
 Reference value :  1.86820e-07
 Reference value :  1.87540e-07
 Reference value :  1.88160e-07
 Reference value :  1.88820e-07
 Reference value :  1.89520e-07
 Reference value :  1.90140e-07
 Reference value :  1.90880e-07
 Reference value :  1.91640e-07
 Reference value :  1.92260e-07
 Reference value :  1.93000e-07
 Reference value :  1.93840e-07
 Reference value :  1.94460e-07
 Reference value :  1.95300e-07
 Reference value :  1.96013e-07
 Reference value :  1.96620e-07
 Reference value :  1.97240e-07
 Reference value :  1.97940e-07
 Reference value :  1.98500e-07
 Reference value :  1.99300e-07
 Reference value :  2.00013e-07
 Reference value :  2.00620e-07
 Reference value :  2.01580e-07
 Reference value :  2.02180e-07
 Reference value :  2.02980e-07
 Reference value :  2.03920e-07
 Reference value :  2.04460e-07
 Reference value :  2.05220e-07
 Reference value :  2.06000e-07
 Reference value :  2.06740e-07
 Reference value :  2.07460e-07
 Reference value :  2.08080e-07
 Reference value :  2.08760e-07
 Reference value :  2.09600e-07
 Reference value :  2.10220e-07
 Reference value :  2.11020e-07
 Reference value :  2.11820e-07
 Reference value :  2.12380e-07
 Reference value :  2.13100e-07
 Reference value :  2.13740e-07
 Reference value :  2.14320e-07
 Reference value :  2.15140e-07
 Reference value :  2.15980e-07
 Reference value :  2.16500e-07
 Reference value :  2.17260e-07
 Reference value :  2.18004e-07
 Reference value :  2.18900e-07
 Reference value :  2.19740e-07
No. of Data Rows : 11885
sim/harness: analysis complete
Note: Simulation executed from .control section 
Note: Starting dynamic gmin stepping
Note: Dynamic gmin stepping completed
