
Note: Compatibility modes selected: hs a


Circuit: ** sch_path: /users/rwalters/github/sky130-pll/.loom/worktrees/issue-131/sim/divider-n4/testbench/tb_divider_n4.sch

option SCALE: Scale is set to 1e-06 for instance and model parameters
option SCALE: Scale is set to 1e-06 for instance and model parameters
option SCALE: Scale is set to 1e-06 for instance and model parameters
option SCALE: Scale is set to 1e-06 for instance and model parameters
Doing analysis at TEMP = 125.000000 and TNOM = 27.000000

Using KLU as Direct Linear Solver
 Reference value :  0.00000e+00
 Reference value :  5.77300e-10
 Reference value :  1.43730e-09
 Reference value :  2.11963e-09
 Reference value :  2.91962e-09
 Reference value :  3.77962e-09
 Reference value :  4.41963e-09
 Reference value :  5.27000e-09
 Reference value :  6.09963e-09
 Reference value :  6.89963e-09
 Reference value :  7.69963e-09
 Reference value :  8.29962e-09
 Reference value :  9.03962e-09
 Reference value :  9.83962e-09
 Reference value :  1.04396e-08
 Reference value :  1.12796e-08
 Reference value :  1.20125e-08
 Reference value :  1.26196e-08
 Reference value :  1.32796e-08
 Reference value :  1.40038e-08
 Reference value :  1.46796e-08
 Reference value :  1.56396e-08
 Reference value :  1.62596e-08
 Reference value :  1.69996e-08
 Reference value :  1.77396e-08
 Reference value :  1.82996e-08
 Reference value :  1.90996e-08
 Reference value :  1.99396e-08
 Reference value :  2.04596e-08
 Reference value :  2.10596e-08
 Reference value :  2.18196e-08
 Reference value :  2.23796e-08
 Reference value :  2.31996e-08
 Reference value :  2.40000e-08
 Reference value :  2.45196e-08
 Reference value :  2.53396e-08
 Reference value :  2.60256e-08
 Reference value :  2.67596e-08
 Reference value :  2.75396e-08
 Reference value :  2.81596e-08
 Reference value :  2.87396e-08
 Reference value :  2.93796e-08
 Reference value :  3.00151e-08
 Reference value :  3.07396e-08
 Reference value :  3.15796e-08
 Reference value :  3.21996e-08
 Reference value :  3.30596e-08
 Reference value :  3.39796e-08
 Reference value :  3.46396e-08
 Reference value :  3.55596e-08
 Reference value :  3.61596e-08
 Reference value :  3.67596e-08
 Reference value :  3.73996e-08
 Reference value :  3.80256e-08
 Reference value :  3.87596e-08
 Reference value :  3.96796e-08
 Reference value :  4.03796e-08
 Reference value :  4.12596e-08
 Reference value :  4.20134e-08
 Reference value :  4.27196e-08
 Reference value :  4.34396e-08
 Reference value :  4.40256e-08
 Reference value :  4.46396e-08
 Reference value :  4.53396e-08
 Reference value :  4.60134e-08
 Reference value :  4.67196e-08
 Reference value :  4.76196e-08
 Reference value :  4.82796e-08
 Reference value :  4.89996e-08
 Reference value :  4.98396e-08
 Reference value :  5.04196e-08
 Reference value :  5.11996e-08
 Reference value :  5.20038e-08
 Reference value :  5.26796e-08
 Reference value :  5.33596e-08
 Reference value :  5.40151e-08
 Reference value :  5.47396e-08
 Reference value :  5.56796e-08
 Reference value :  5.62196e-08
 Reference value :  5.69396e-08
 Reference value :  5.77196e-08
 Reference value :  5.82796e-08
 Reference value :  5.90996e-08
 Reference value :  5.99196e-08
 Reference value :  6.04596e-08
 Reference value :  6.10396e-08
 Reference value :  6.17796e-08
 Reference value :  6.23596e-08
 Reference value :  6.31796e-08
 Reference value :  6.39796e-08
 Reference value :  6.44596e-08
 Reference value :  6.52596e-08
 Reference value :  6.60038e-08
 Reference value :  6.66396e-08
 Reference value :  6.74596e-08
 Reference value :  6.80596e-08
 Reference value :  6.86796e-08
 Reference value :  6.92796e-08
 Reference value :  7.00081e-08
 Reference value :  7.06596e-08
 Reference value :  7.14396e-08
 Reference value :  7.20773e-08
 Reference value :  7.27773e-08
 Reference value :  7.35773e-08
 Reference value :  7.41596e-08
 Reference value :  7.49196e-08
 Reference value :  7.57196e-08
 Reference value :  7.62796e-08
 Reference value :  7.68596e-08
 Reference value :  7.77796e-08
 Reference value :  7.83996e-08
 Reference value :  7.92396e-08
 Reference value :  8.00081e-08
 Reference value :  8.05796e-08
 Reference value :  8.13996e-08
 Reference value :  8.20256e-08
 Reference value :  8.27596e-08
 Reference value :  8.35796e-08
 Reference value :  8.42173e-08
 Reference value :  8.48373e-08
 Reference value :  8.55173e-08
 Reference value :  8.60796e-08
 Reference value :  8.68796e-08
 Reference value :  8.76996e-08
 Reference value :  8.82996e-08
 Reference value :  8.90796e-08
 Reference value :  8.99196e-08
 Reference value :  9.05396e-08
 Reference value :  9.13796e-08
 Reference value :  9.20596e-08
 Reference value :  9.27196e-08
 Reference value :  9.34396e-08
 Reference value :  9.40796e-08
 Reference value :  9.48996e-08
 Reference value :  9.56996e-08
 Reference value :  9.62996e-08
 Reference value :  9.70396e-08
 Reference value :  9.78796e-08
 Reference value :  9.84596e-08
 Reference value :  9.92796e-08
 Reference value :  1.00004e-07
 Reference value :  1.00560e-07
 Reference value :  1.01140e-07
 Reference value :  1.01980e-07
 Reference value :  1.02600e-07
 Reference value :  1.03420e-07
 Reference value :  1.04060e-07
 Reference value :  1.04720e-07
 Reference value :  1.05560e-07
 Reference value :  1.06200e-07
 Reference value :  1.07020e-07
 Reference value :  1.07820e-07
 Reference value :  1.08380e-07
 Reference value :  1.09000e-07
 Reference value :  1.09820e-07
 Reference value :  1.10400e-07
 Reference value :  1.11220e-07
 Reference value :  1.12002e-07
 Reference value :  1.12597e-07
 Reference value :  1.13437e-07
 Reference value :  1.14100e-07
 Reference value :  1.14880e-07
 Reference value :  1.15700e-07
 Reference value :  1.16300e-07
 Reference value :  1.16880e-07
 Reference value :  1.17560e-07
 Reference value :  1.18180e-07
 Reference value :  1.19120e-07
 Reference value :  1.19960e-07
 Reference value :  1.20520e-07
 Reference value :  1.21320e-07
 Reference value :  1.22015e-07
 Reference value :  1.22720e-07
 Reference value :  1.23580e-07
 Reference value :  1.24220e-07
 Reference value :  1.24820e-07
 Reference value :  1.25600e-07
 Reference value :  1.26200e-07
 Reference value :  1.27000e-07
 Reference value :  1.27800e-07
 Reference value :  1.28360e-07
 Reference value :  1.29140e-07
 Reference value :  1.29940e-07
 Reference value :  1.30520e-07
 Reference value :  1.31360e-07
 Reference value :  1.32019e-07
 Reference value :  1.32660e-07
 Reference value :  1.33280e-07
 Reference value :  1.34013e-07
 Reference value :  1.34740e-07
 Reference value :  1.35540e-07
 Reference value :  1.36160e-07
 Reference value :  1.36880e-07
 Reference value :  1.37740e-07
 Reference value :  1.38340e-07
 Reference value :  1.39200e-07
 Reference value :  1.40001e-07
 Reference value :  1.40600e-07
 Reference value :  1.41300e-07
 Reference value :  1.42013e-07
 Reference value :  1.42760e-07
 Reference value :  1.43620e-07
 Reference value :  1.44240e-07
 Reference value :  1.45000e-07
 Reference value :  1.45800e-07
 Reference value :  1.46300e-07
 Reference value :  1.47140e-07
 Reference value :  1.47980e-07
 Reference value :  1.48520e-07
 Reference value :  1.49100e-07
 Reference value :  1.49880e-07
 Reference value :  1.50380e-07
 Reference value :  1.51140e-07
 Reference value :  1.51960e-07
 Reference value :  1.52500e-07
 Reference value :  1.53340e-07
 Reference value :  1.54100e-07
 Reference value :  1.54920e-07
 Reference value :  1.55740e-07
 Reference value :  1.56320e-07
 Reference value :  1.56920e-07
 Reference value :  1.57700e-07
 Reference value :  1.58300e-07
 Reference value :  1.59100e-07
 Reference value :  1.59900e-07
 Reference value :  1.60400e-07
 Reference value :  1.61160e-07
 Reference value :  1.61940e-07
 Reference value :  1.62500e-07
 Reference value :  1.63320e-07
 Reference value :  1.64015e-07
 Reference value :  1.64580e-07
 Reference value :  1.65140e-07
 Reference value :  1.65960e-07
 Reference value :  1.66580e-07
 Reference value :  1.67440e-07
 Reference value :  1.68100e-07
 Reference value :  1.68860e-07
 Reference value :  1.69700e-07
 Reference value :  1.70280e-07
 Reference value :  1.71100e-07
 Reference value :  1.71940e-07
 Reference value :  1.72480e-07
 Reference value :  1.73120e-07
 Reference value :  1.73940e-07
 Reference value :  1.74540e-07
 Reference value :  1.75380e-07
 Reference value :  1.76080e-07
 Reference value :  1.76880e-07
 Reference value :  1.77720e-07
 Reference value :  1.78300e-07
 Reference value :  1.79140e-07
 Reference value :  1.79990e-07
 Reference value :  1.80500e-07
 Reference value :  1.81060e-07
 Reference value :  1.81860e-07
 Reference value :  1.82480e-07
 Reference value :  1.83320e-07
 Reference value :  1.84015e-07
 Reference value :  1.84700e-07
 Reference value :  1.85560e-07
 Reference value :  1.86200e-07
 Reference value :  1.87020e-07
 Reference value :  1.87840e-07
 Reference value :  1.88340e-07
 Reference value :  1.88960e-07
 Reference value :  1.89780e-07
 Reference value :  1.90400e-07
 Reference value :  1.91220e-07
 Reference value :  1.92001e-07
 Reference value :  1.92520e-07
 Reference value :  1.93340e-07
 Reference value :  1.94019e-07
 Reference value :  1.94780e-07
 Reference value :  1.95640e-07
 Reference value :  1.96280e-07
 Reference value :  1.96900e-07
 Reference value :  1.97600e-07
 Reference value :  1.98200e-07
 Reference value :  1.99040e-07
 Reference value :  1.99860e-07
 Reference value :  2.00420e-07
 Reference value :  2.01240e-07
 Reference value :  2.02013e-07
 Reference value :  2.02680e-07
 Reference value :  2.03540e-07
 Reference value :  2.04160e-07
 Reference value :  2.04760e-07
 Reference value :  2.05500e-07
 Reference value :  2.06220e-07
 Reference value :  2.07040e-07
 Reference value :  2.07800e-07
 Reference value :  2.08380e-07
 Reference value :  2.09160e-07
 Reference value :  2.09960e-07
 Reference value :  2.10540e-07
 Reference value :  2.11380e-07
 Reference value :  2.12040e-07
 Reference value :  2.12660e-07
 Reference value :  2.13260e-07
 Reference value :  2.14004e-07
 Reference value :  2.14700e-07
 Reference value :  2.15560e-07
 Reference value :  2.16220e-07
 Reference value :  2.16920e-07
 Reference value :  2.17740e-07
 Reference value :  2.18580e-07
 Reference value :  2.19420e-07
No. of Data Rows : 11885
sim/harness: analysis complete
Note: Simulation executed from .control section 
Note: Starting dynamic gmin stepping
Note: Dynamic gmin stepping completed
