
Note: Compatibility modes selected: hs a


Circuit: ** sch_path: /users/rwalters/github/sky130-pll/.loom/worktrees/issue-131/sim/divider-n4/testbench/tb_divider_n4.sch

option SCALE: Scale is set to 1e-06 for instance and model parameters
option SCALE: Scale is set to 1e-06 for instance and model parameters
option SCALE: Scale is set to 1e-06 for instance and model parameters
option SCALE: Scale is set to 1e-06 for instance and model parameters
Doing analysis at TEMP = 27.000000 and TNOM = 27.000000

Using KLU as Direct Linear Solver
 Reference value :  0.00000e+00
 Reference value :  6.97300e-10
 Reference value :  1.55730e-09
 Reference value :  2.21962e-09
 Reference value :  3.03962e-09
 Reference value :  3.85962e-09
 Reference value :  4.35963e-09
 Reference value :  5.15000e-09
 Reference value :  6.01863e-09
 Reference value :  6.77963e-09
 Reference value :  7.51963e-09
 Reference value :  8.17962e-09
 Reference value :  8.83962e-09
 Reference value :  9.61962e-09
 Reference value :  1.02196e-08
 Reference value :  1.09796e-08
 Reference value :  1.17996e-08
 Reference value :  1.24396e-08
 Reference value :  1.30996e-08
 Reference value :  1.38396e-08
 Reference value :  1.44196e-08
 Reference value :  1.52196e-08
 Reference value :  1.60038e-08
 Reference value :  1.66396e-08
 Reference value :  1.74796e-08
 Reference value :  1.80996e-08
 Reference value :  1.88796e-08
 Reference value :  1.96796e-08
 Reference value :  2.02796e-08
 Reference value :  2.08996e-08
 Reference value :  2.15196e-08
 Reference value :  2.21396e-08
 Reference value :  2.28396e-08
 Reference value :  2.35596e-08
 Reference value :  2.40996e-08
 Reference value :  2.47196e-08
 Reference value :  2.54996e-08
 Reference value :  2.60996e-08
 Reference value :  2.67996e-08
 Reference value :  2.75396e-08
 Reference value :  2.80996e-08
 Reference value :  2.87396e-08
 Reference value :  2.93396e-08
 Reference value :  3.00134e-08
 Reference value :  3.06596e-08
 Reference value :  3.14196e-08
 Reference value :  3.20396e-08
 Reference value :  3.26796e-08
 Reference value :  3.34396e-08
 Reference value :  3.40186e-08
 Reference value :  3.46996e-08
 Reference value :  3.55396e-08
 Reference value :  3.61196e-08
 Reference value :  3.67596e-08
 Reference value :  3.73196e-08
 Reference value :  3.79596e-08
 Reference value :  3.84596e-08
 Reference value :  3.91596e-08
 Reference value :  3.98596e-08
 Reference value :  4.03596e-08
 Reference value :  4.09596e-08
 Reference value :  4.16796e-08
 Reference value :  4.22196e-08
 Reference value :  4.29196e-08
 Reference value :  4.36396e-08
 Reference value :  4.41796e-08
 Reference value :  4.48196e-08
 Reference value :  4.54596e-08
 Reference value :  4.60396e-08
 Reference value :  4.66996e-08
 Reference value :  4.73996e-08
 Reference value :  4.80134e-08
 Reference value :  4.86196e-08
 Reference value :  4.93596e-08
 Reference value :  5.00013e-08
 Reference value :  5.05396e-08
 Reference value :  5.12796e-08
 Reference value :  5.20125e-08
 Reference value :  5.26596e-08
 Reference value :  5.32396e-08
 Reference value :  5.38996e-08
 Reference value :  5.43796e-08
 Reference value :  5.50796e-08
 Reference value :  5.58196e-08
 Reference value :  5.63796e-08
 Reference value :  5.71996e-08
 Reference value :  5.79196e-08
 Reference value :  5.84396e-08
 Reference value :  5.93196e-08
 Reference value :  6.00796e-08
 Reference value :  6.07196e-08
 Reference value :  6.13396e-08
 Reference value :  6.20038e-08
 Reference value :  6.25396e-08
 Reference value :  6.33396e-08
 Reference value :  6.40256e-08
 Reference value :  6.46396e-08
 Reference value :  6.53796e-08
 Reference value :  6.60186e-08
 Reference value :  6.66996e-08
 Reference value :  6.74196e-08
 Reference value :  6.80256e-08
 Reference value :  6.86396e-08
 Reference value :  6.91996e-08
 Reference value :  6.98196e-08
 Reference value :  7.03396e-08
 Reference value :  7.10996e-08
 Reference value :  7.18396e-08
 Reference value :  7.23773e-08
 Reference value :  7.31573e-08
 Reference value :  7.40081e-08
 Reference value :  7.48596e-08
 Reference value :  7.55796e-08
 Reference value :  7.61196e-08
 Reference value :  7.67196e-08
 Reference value :  7.72996e-08
 Reference value :  7.80000e-08
 Reference value :  7.88996e-08
 Reference value :  7.96396e-08
 Reference value :  8.03396e-08
 Reference value :  8.09796e-08
 Reference value :  8.17196e-08
 Reference value :  8.22796e-08
 Reference value :  8.33796e-08
 Reference value :  8.43173e-08
 Reference value :  8.49173e-08
 Reference value :  8.54773e-08
 Reference value :  8.61196e-08
 Reference value :  8.68596e-08
 Reference value :  8.76796e-08
 Reference value :  8.82396e-08
 Reference value :  8.89396e-08
 Reference value :  8.97396e-08
 Reference value :  9.02796e-08
 Reference value :  9.10796e-08
 Reference value :  9.18196e-08
 Reference value :  9.23596e-08
 Reference value :  9.29996e-08
 Reference value :  9.38396e-08
 Reference value :  9.44796e-08
 Reference value :  9.51996e-08
 Reference value :  9.59796e-08
 Reference value :  9.64796e-08
 Reference value :  9.71796e-08
 Reference value :  9.79596e-08
 Reference value :  9.86396e-08
 Reference value :  9.94796e-08
 Reference value :  1.00100e-07
 Reference value :  1.00700e-07
 Reference value :  1.01260e-07
 Reference value :  1.01940e-07
 Reference value :  1.02520e-07
 Reference value :  1.03280e-07
 Reference value :  1.04008e-07
 Reference value :  1.04580e-07
 Reference value :  1.05360e-07
 Reference value :  1.06013e-07
 Reference value :  1.06580e-07
 Reference value :  1.07340e-07
 Reference value :  1.08013e-07
 Reference value :  1.08620e-07
 Reference value :  1.09260e-07
 Reference value :  1.09960e-07
 Reference value :  1.10520e-07
 Reference value :  1.11320e-07
 Reference value :  1.12013e-07
 Reference value :  1.12637e-07
 Reference value :  1.13397e-07
 Reference value :  1.14040e-07
 Reference value :  1.14780e-07
 Reference value :  1.15580e-07
 Reference value :  1.16180e-07
 Reference value :  1.16940e-07
 Reference value :  1.17520e-07
 Reference value :  1.18100e-07
 Reference value :  1.18840e-07
 Reference value :  1.19620e-07
 Reference value :  1.20220e-07
 Reference value :  1.20860e-07
 Reference value :  1.21600e-07
 Reference value :  1.22180e-07
 Reference value :  1.22860e-07
 Reference value :  1.23600e-07
 Reference value :  1.24140e-07
 Reference value :  1.24780e-07
 Reference value :  1.25420e-07
 Reference value :  1.26026e-07
 Reference value :  1.26700e-07
 Reference value :  1.27400e-07
 Reference value :  1.28013e-07
 Reference value :  1.28540e-07
 Reference value :  1.29260e-07
 Reference value :  1.29990e-07
 Reference value :  1.30540e-07
 Reference value :  1.31240e-07
 Reference value :  1.31980e-07
 Reference value :  1.32420e-07
 Reference value :  1.32940e-07
 Reference value :  1.33480e-07
 Reference value :  1.34040e-07
 Reference value :  1.34700e-07
 Reference value :  1.35400e-07
 Reference value :  1.36013e-07
 Reference value :  1.36580e-07
 Reference value :  1.37360e-07
 Reference value :  1.38012e-07
 Reference value :  1.38640e-07
 Reference value :  1.39440e-07
 Reference value :  1.40040e-07
 Reference value :  1.40700e-07
 Reference value :  1.41320e-07
 Reference value :  1.42013e-07
 Reference value :  1.42640e-07
 Reference value :  1.43400e-07
 Reference value :  1.44026e-07
 Reference value :  1.44640e-07
 Reference value :  1.45440e-07
 Reference value :  1.46180e-07
 Reference value :  1.47200e-07
 Reference value :  1.48100e-07
 Reference value :  1.48700e-07
 Reference value :  1.49300e-07
 Reference value :  1.49960e-07
 Reference value :  1.50480e-07
 Reference value :  1.51240e-07
 Reference value :  1.52001e-07
 Reference value :  1.52540e-07
 Reference value :  1.53320e-07
 Reference value :  1.54008e-07
 Reference value :  1.54660e-07
 Reference value :  1.55420e-07
 Reference value :  1.56060e-07
 Reference value :  1.56720e-07
 Reference value :  1.57360e-07
 Reference value :  1.58019e-07
 Reference value :  1.58720e-07
 Reference value :  1.59460e-07
 Reference value :  1.60080e-07
 Reference value :  1.60740e-07
 Reference value :  1.61560e-07
 Reference value :  1.62180e-07
 Reference value :  1.62960e-07
 Reference value :  1.63780e-07
 Reference value :  1.64360e-07
 Reference value :  1.64980e-07
 Reference value :  1.65580e-07
 Reference value :  1.66180e-07
 Reference value :  1.66900e-07
 Reference value :  1.67680e-07
 Reference value :  1.68340e-07
 Reference value :  1.69020e-07
 Reference value :  1.69800e-07
 Reference value :  1.70420e-07
 Reference value :  1.71320e-07
 Reference value :  1.72013e-07
 Reference value :  1.72560e-07
 Reference value :  1.73220e-07
 Reference value :  1.73960e-07
 Reference value :  1.74540e-07
 Reference value :  1.75300e-07
 Reference value :  1.76008e-07
 Reference value :  1.76580e-07
 Reference value :  1.77340e-07
 Reference value :  1.78008e-07
 Reference value :  1.78640e-07
 Reference value :  1.79400e-07
 Reference value :  1.80026e-07
 Reference value :  1.80660e-07
 Reference value :  1.81240e-07
 Reference value :  1.81860e-07
 Reference value :  1.82420e-07
 Reference value :  1.83220e-07
 Reference value :  1.84040e-07
 Reference value :  1.85020e-07
 Reference value :  1.85920e-07
 Reference value :  1.86540e-07
 Reference value :  1.87640e-07
 Reference value :  1.88500e-07
 Reference value :  1.89740e-07
 Reference value :  1.90820e-07
 Reference value :  1.92008e-07
 Reference value :  1.93120e-07
 Reference value :  1.94100e-07
 Reference value :  1.95140e-07
 Reference value :  1.96026e-07
 Reference value :  1.96900e-07
 Reference value :  1.97820e-07
 Reference value :  1.98680e-07
 Reference value :  1.99740e-07
 Reference value :  2.00540e-07
 Reference value :  2.01660e-07
 Reference value :  2.02580e-07
 Reference value :  2.03700e-07
 Reference value :  2.04580e-07
 Reference value :  2.05520e-07
 Reference value :  2.06400e-07
 Reference value :  2.07460e-07
 Reference value :  2.08380e-07
 Reference value :  2.09360e-07
 Reference value :  2.10260e-07
 Reference value :  2.11360e-07
 Reference value :  2.12260e-07
 Reference value :  2.13120e-07
 Reference value :  2.14008e-07
 Reference value :  2.15000e-07
 Reference value :  2.16008e-07
 Reference value :  2.16900e-07
 Reference value :  2.18008e-07
 Reference value :  2.19060e-07
No. of Data Rows : 11885
sim/harness: analysis complete
Note: Simulation executed from .control section 
Note: Starting dynamic gmin stepping
Note: Dynamic gmin stepping completed
