
Note: Compatibility modes selected: hs a


Circuit: ** sch_path: /users/rwalters/github/sky130-pll/.loom/worktrees/issue-131/sim/divider-n4/testbench/tb_divider_n4.sch

option SCALE: Scale is set to 1e-06 for instance and model parameters
option SCALE: Scale is set to 1e-06 for instance and model parameters
option SCALE: Scale is set to 1e-06 for instance and model parameters
option SCALE: Scale is set to 1e-06 for instance and model parameters
Doing analysis at TEMP = 27.000000 and TNOM = 27.000000

Using KLU as Direct Linear Solver
 Reference value :  0.00000e+00
 Reference value :  5.57300e-10
 Reference value :  1.35730e-09
 Reference value :  2.01863e-09
 Reference value :  2.77962e-09
 Reference value :  3.55962e-09
 Reference value :  4.21963e-09
 Reference value :  5.00200e-09
 Reference value :  5.81000e-09
 Reference value :  6.45963e-09
 Reference value :  7.19963e-09
 Reference value :  8.00125e-09
 Reference value :  8.65962e-09
 Reference value :  9.47962e-09
 Reference value :  1.00796e-08
 Reference value :  1.08796e-08
 Reference value :  1.16796e-08
 Reference value :  1.22596e-08
 Reference value :  1.28796e-08
 Reference value :  1.36396e-08
 Reference value :  1.42596e-08
 Reference value :  1.50196e-08
 Reference value :  1.57596e-08
 Reference value :  1.62796e-08
 Reference value :  1.69596e-08
 Reference value :  1.76996e-08
 Reference value :  1.82596e-08
 Reference value :  1.90196e-08
 Reference value :  1.97796e-08
 Reference value :  2.02796e-08
 Reference value :  2.08596e-08
 Reference value :  2.14596e-08
 Reference value :  2.20596e-08
 Reference value :  2.27996e-08
 Reference value :  2.35396e-08
 Reference value :  2.41196e-08
 Reference value :  2.47996e-08
 Reference value :  2.55796e-08
 Reference value :  2.61196e-08
 Reference value :  2.68396e-08
 Reference value :  2.76196e-08
 Reference value :  2.82396e-08
 Reference value :  2.87996e-08
 Reference value :  2.94796e-08
 Reference value :  3.00596e-08
 Reference value :  3.07196e-08
 Reference value :  3.14396e-08
 Reference value :  3.20151e-08
 Reference value :  3.25396e-08
 Reference value :  3.32596e-08
 Reference value :  3.39396e-08
 Reference value :  3.44596e-08
 Reference value :  3.51996e-08
 Reference value :  3.58996e-08
 Reference value :  3.63796e-08
 Reference value :  3.69396e-08
 Reference value :  3.75396e-08
 Reference value :  3.81396e-08
 Reference value :  3.88396e-08
 Reference value :  3.95196e-08
 Reference value :  4.00396e-08
 Reference value :  4.06196e-08
 Reference value :  4.14996e-08
 Reference value :  4.20186e-08
 Reference value :  4.26396e-08
 Reference value :  4.33796e-08
 Reference value :  4.40186e-08
 Reference value :  4.46196e-08
 Reference value :  4.51996e-08
 Reference value :  4.59596e-08
 Reference value :  4.64596e-08
 Reference value :  4.71596e-08
 Reference value :  4.78996e-08
 Reference value :  4.84196e-08
 Reference value :  4.93196e-08
 Reference value :  5.00038e-08
 Reference value :  5.05796e-08
 Reference value :  5.13396e-08
 Reference value :  5.21596e-08
 Reference value :  5.27796e-08
 Reference value :  5.33596e-08
 Reference value :  5.40038e-08
 Reference value :  5.45596e-08
 Reference value :  5.52996e-08
 Reference value :  5.60151e-08
 Reference value :  5.66796e-08
 Reference value :  5.74196e-08
 Reference value :  5.80396e-08
 Reference value :  5.87796e-08
 Reference value :  5.95396e-08
 Reference value :  6.00796e-08
 Reference value :  6.06996e-08
 Reference value :  6.13196e-08
 Reference value :  6.20081e-08
 Reference value :  6.26196e-08
 Reference value :  6.33996e-08
 Reference value :  6.40151e-08
 Reference value :  6.45796e-08
 Reference value :  6.53196e-08
 Reference value :  6.60996e-08
 Reference value :  6.70196e-08
 Reference value :  6.78996e-08
 Reference value :  6.83796e-08
 Reference value :  6.89196e-08
 Reference value :  6.94996e-08
 Reference value :  7.00396e-08
 Reference value :  7.08996e-08
 Reference value :  7.18596e-08
 Reference value :  7.23773e-08
 Reference value :  7.31973e-08
 Reference value :  7.39173e-08
 Reference value :  7.44796e-08
 Reference value :  7.54196e-08
 Reference value :  7.62996e-08
 Reference value :  7.70596e-08
 Reference value :  7.77796e-08
 Reference value :  7.84396e-08
 Reference value :  7.92396e-08
 Reference value :  7.99898e-08
 Reference value :  8.05596e-08
 Reference value :  8.12996e-08
 Reference value :  8.20151e-08
 Reference value :  8.27196e-08
 Reference value :  8.35196e-08
 Reference value :  8.41373e-08
 Reference value :  8.47173e-08
 Reference value :  8.52973e-08
 Reference value :  8.60134e-08
 Reference value :  8.68996e-08
 Reference value :  8.76396e-08
 Reference value :  8.81996e-08
 Reference value :  8.88796e-08
 Reference value :  8.96396e-08
 Reference value :  9.01796e-08
 Reference value :  9.10196e-08
 Reference value :  9.19196e-08
 Reference value :  9.24596e-08
 Reference value :  9.30796e-08
 Reference value :  9.37996e-08
 Reference value :  9.43596e-08
 Reference value :  9.51396e-08
 Reference value :  9.59196e-08
 Reference value :  9.64396e-08
 Reference value :  9.72396e-08
 Reference value :  9.80000e-08
 Reference value :  9.85596e-08
 Reference value :  9.92796e-08
 Reference value :  1.00001e-07
 Reference value :  1.00520e-07
 Reference value :  1.01120e-07
 Reference value :  1.01880e-07
 Reference value :  1.02400e-07
 Reference value :  1.03140e-07
 Reference value :  1.03940e-07
 Reference value :  1.04480e-07
 Reference value :  1.05300e-07
 Reference value :  1.06013e-07
 Reference value :  1.06660e-07
 Reference value :  1.07480e-07
 Reference value :  1.08100e-07
 Reference value :  1.08740e-07
 Reference value :  1.09440e-07
 Reference value :  1.10060e-07
 Reference value :  1.10800e-07
 Reference value :  1.11580e-07
 Reference value :  1.12197e-07
 Reference value :  1.12877e-07
 Reference value :  1.13637e-07
 Reference value :  1.14180e-07
 Reference value :  1.14940e-07
 Reference value :  1.15660e-07
 Reference value :  1.16200e-07
 Reference value :  1.16780e-07
 Reference value :  1.17340e-07
 Reference value :  1.18013e-07
 Reference value :  1.18680e-07
 Reference value :  1.19420e-07
 Reference value :  1.20015e-07
 Reference value :  1.20580e-07
 Reference value :  1.21300e-07
 Reference value :  1.22004e-07
 Reference value :  1.22600e-07
 Reference value :  1.23320e-07
 Reference value :  1.24012e-07
 Reference value :  1.24540e-07
 Reference value :  1.25080e-07
 Reference value :  1.25760e-07
 Reference value :  1.26240e-07
 Reference value :  1.27000e-07
 Reference value :  1.27740e-07
 Reference value :  1.28260e-07
 Reference value :  1.28900e-07
 Reference value :  1.29640e-07
 Reference value :  1.30240e-07
 Reference value :  1.30960e-07
 Reference value :  1.31720e-07
 Reference value :  1.32260e-07
 Reference value :  1.32860e-07
 Reference value :  1.33640e-07
 Reference value :  1.34180e-07
 Reference value :  1.34940e-07
 Reference value :  1.35700e-07
 Reference value :  1.36240e-07
 Reference value :  1.36920e-07
 Reference value :  1.37700e-07
 Reference value :  1.38280e-07
 Reference value :  1.39080e-07
 Reference value :  1.40008e-07
 Reference value :  1.40780e-07
 Reference value :  1.41640e-07
 Reference value :  1.42200e-07
 Reference value :  1.43020e-07
 Reference value :  1.43760e-07
 Reference value :  1.44300e-07
 Reference value :  1.45020e-07
 Reference value :  1.45840e-07
 Reference value :  1.46420e-07
 Reference value :  1.47200e-07
 Reference value :  1.47980e-07
 Reference value :  1.48500e-07
 Reference value :  1.49060e-07
 Reference value :  1.49800e-07
 Reference value :  1.50380e-07
 Reference value :  1.51180e-07
 Reference value :  1.51980e-07
 Reference value :  1.52460e-07
 Reference value :  1.53240e-07
 Reference value :  1.54001e-07
 Reference value :  1.54640e-07
 Reference value :  1.55460e-07
 Reference value :  1.56100e-07
 Reference value :  1.56740e-07
 Reference value :  1.57440e-07
 Reference value :  1.58080e-07
 Reference value :  1.58860e-07
 Reference value :  1.59680e-07
 Reference value :  1.60240e-07
 Reference value :  1.60940e-07
 Reference value :  1.61760e-07
 Reference value :  1.62360e-07
 Reference value :  1.63140e-07
 Reference value :  1.63960e-07
 Reference value :  1.64480e-07
 Reference value :  1.65040e-07
 Reference value :  1.65700e-07
 Reference value :  1.66280e-07
 Reference value :  1.67080e-07
 Reference value :  1.67880e-07
 Reference value :  1.68400e-07
 Reference value :  1.69160e-07
 Reference value :  1.69960e-07
 Reference value :  1.70540e-07
 Reference value :  1.71280e-07
 Reference value :  1.72004e-07
 Reference value :  1.72540e-07
 Reference value :  1.73140e-07
 Reference value :  1.73920e-07
 Reference value :  1.74460e-07
 Reference value :  1.75220e-07
 Reference value :  1.75990e-07
 Reference value :  1.76520e-07
 Reference value :  1.77540e-07
 Reference value :  1.78440e-07
 Reference value :  1.79340e-07
 Reference value :  1.80013e-07
 Reference value :  1.80840e-07
 Reference value :  1.81900e-07
 Reference value :  1.83080e-07
 Reference value :  1.84220e-07
 Reference value :  1.85400e-07
 Reference value :  1.86660e-07
 Reference value :  1.87740e-07
 Reference value :  1.88540e-07
 Reference value :  1.89440e-07
 Reference value :  1.90360e-07
 Reference value :  1.91520e-07
 Reference value :  1.92700e-07
 Reference value :  1.93820e-07
 Reference value :  1.94760e-07
 Reference value :  1.95880e-07
 Reference value :  1.96960e-07
 Reference value :  1.98000e-07
 Reference value :  1.98960e-07
 Reference value :  2.00013e-07
 Reference value :  2.00920e-07
 Reference value :  2.02004e-07
 Reference value :  2.02940e-07
 Reference value :  2.04008e-07
 Reference value :  2.04820e-07
 Reference value :  2.05860e-07
 Reference value :  2.06780e-07
 Reference value :  2.07880e-07
 Reference value :  2.08740e-07
 Reference value :  2.09880e-07
 Reference value :  2.10820e-07
 Reference value :  2.11920e-07
 Reference value :  2.12720e-07
 Reference value :  2.13680e-07
 Reference value :  2.14720e-07
 Reference value :  2.15980e-07
 Reference value :  2.16920e-07
 Reference value :  2.18008e-07
 Reference value :  2.19060e-07
No. of Data Rows : 11885
sim/harness: analysis complete
Note: Simulation executed from .control section 
Note: Starting dynamic gmin stepping
Note: Dynamic gmin stepping completed
