
Note: Compatibility modes selected: hs a


Circuit: ** sch_path: /users/rwalters/github/sky130-pll/.loom/worktrees/issue-131/sim/divider-n4/testbench/tb_divider_n4.sch

option SCALE: Scale is set to 1e-06 for instance and model parameters
option SCALE: Scale is set to 1e-06 for instance and model parameters
option SCALE: Scale is set to 1e-06 for instance and model parameters
option SCALE: Scale is set to 1e-06 for instance and model parameters
Doing analysis at TEMP = 27.000000 and TNOM = 27.000000

Using KLU as Direct Linear Solver
 Reference value :  0.00000e+00
 Reference value :  5.57300e-10
 Reference value :  1.39730e-09
 Reference value :  2.07963e-09
 Reference value :  2.81962e-09
 Reference value :  3.57962e-09
 Reference value :  4.13963e-09
 Reference value :  4.87963e-09
 Reference value :  5.57000e-09
 Reference value :  6.17963e-09
 Reference value :  6.95963e-09
 Reference value :  7.73963e-09
 Reference value :  8.25962e-09
 Reference value :  8.99962e-09
 Reference value :  9.75962e-09
 Reference value :  1.02996e-08
 Reference value :  1.10796e-08
 Reference value :  1.18396e-08
 Reference value :  1.23396e-08
 Reference value :  1.29196e-08
 Reference value :  1.36996e-08
 Reference value :  1.42596e-08
 Reference value :  1.49796e-08
 Reference value :  1.57596e-08
 Reference value :  1.63596e-08
 Reference value :  1.70996e-08
 Reference value :  1.78996e-08
 Reference value :  1.84396e-08
 Reference value :  1.91396e-08
 Reference value :  1.98796e-08
 Reference value :  2.03196e-08
 Reference value :  2.08396e-08
 Reference value :  2.14196e-08
 Reference value :  2.20125e-08
 Reference value :  2.25796e-08
 Reference value :  2.33196e-08
 Reference value :  2.40013e-08
 Reference value :  2.44996e-08
 Reference value :  2.52596e-08
 Reference value :  2.60000e-08
 Reference value :  2.65596e-08
 Reference value :  2.72996e-08
 Reference value :  2.79898e-08
 Reference value :  2.83996e-08
 Reference value :  2.89196e-08
 Reference value :  2.98796e-08
 Reference value :  3.03596e-08
 Reference value :  3.10196e-08
 Reference value :  3.17596e-08
 Reference value :  3.22796e-08
 Reference value :  3.30396e-08
 Reference value :  3.37796e-08
 Reference value :  3.42996e-08
 Reference value :  3.50796e-08
 Reference value :  3.57596e-08
 Reference value :  3.62396e-08
 Reference value :  3.68196e-08
 Reference value :  3.74596e-08
 Reference value :  3.81396e-08
 Reference value :  3.88596e-08
 Reference value :  3.95996e-08
 Reference value :  4.02796e-08
 Reference value :  4.11396e-08
 Reference value :  4.19396e-08
 Reference value :  4.24596e-08
 Reference value :  4.31796e-08
 Reference value :  4.38996e-08
 Reference value :  4.44196e-08
 Reference value :  4.50796e-08
 Reference value :  4.58596e-08
 Reference value :  4.63796e-08
 Reference value :  4.71596e-08
 Reference value :  4.79396e-08
 Reference value :  4.83996e-08
 Reference value :  4.91596e-08
 Reference value :  4.99396e-08
 Reference value :  5.04396e-08
 Reference value :  5.11796e-08
 Reference value :  5.19396e-08
 Reference value :  5.24196e-08
 Reference value :  5.29196e-08
 Reference value :  5.35996e-08
 Reference value :  5.42396e-08
 Reference value :  5.51596e-08
 Reference value :  5.60151e-08
 Reference value :  5.65796e-08
 Reference value :  5.73196e-08
 Reference value :  5.80013e-08
 Reference value :  5.84996e-08
 Reference value :  5.93196e-08
 Reference value :  6.01996e-08
 Reference value :  6.07196e-08
 Reference value :  6.15596e-08
 Reference value :  6.20996e-08
 Reference value :  6.28196e-08
 Reference value :  6.37196e-08
 Reference value :  6.45196e-08
 Reference value :  6.55996e-08
 Reference value :  6.61396e-08
 Reference value :  6.69396e-08
 Reference value :  6.77596e-08
 Reference value :  6.82996e-08
 Reference value :  6.88996e-08
 Reference value :  6.95396e-08
 Reference value :  7.01596e-08
 Reference value :  7.09196e-08
 Reference value :  7.17196e-08
 Reference value :  7.22973e-08
 Reference value :  7.29773e-08
 Reference value :  7.37773e-08
 Reference value :  7.43396e-08
 Reference value :  7.53196e-08
 Reference value :  7.60125e-08
 Reference value :  7.65396e-08
 Reference value :  7.71996e-08
 Reference value :  7.79396e-08
 Reference value :  7.84396e-08
 Reference value :  7.92396e-08
 Reference value :  8.00796e-08
 Reference value :  8.08996e-08
 Reference value :  8.17396e-08
 Reference value :  8.22596e-08
 Reference value :  8.29996e-08
 Reference value :  8.37796e-08
 Reference value :  8.43373e-08
 Reference value :  8.48973e-08
 Reference value :  8.55973e-08
 Reference value :  8.61796e-08
 Reference value :  8.69396e-08
 Reference value :  8.76996e-08
 Reference value :  8.82196e-08
 Reference value :  8.89196e-08
 Reference value :  8.97196e-08
 Reference value :  9.02996e-08
 Reference value :  9.10796e-08
 Reference value :  9.17996e-08
 Reference value :  9.23196e-08
 Reference value :  9.29396e-08
 Reference value :  9.37396e-08
 Reference value :  9.43396e-08
 Reference value :  9.50796e-08
 Reference value :  9.58796e-08
 Reference value :  9.64196e-08
 Reference value :  9.72196e-08
 Reference value :  9.80013e-08
 Reference value :  9.86196e-08
 Reference value :  9.93996e-08
 Reference value :  1.00015e-07
 Reference value :  1.00600e-07
 Reference value :  1.01140e-07
 Reference value :  1.01920e-07
 Reference value :  1.02440e-07
 Reference value :  1.03200e-07
 Reference value :  1.03960e-07
 Reference value :  1.04440e-07
 Reference value :  1.05180e-07
 Reference value :  1.05940e-07
 Reference value :  1.06480e-07
 Reference value :  1.07260e-07
 Reference value :  1.08000e-07
 Reference value :  1.08480e-07
 Reference value :  1.09040e-07
 Reference value :  1.09760e-07
 Reference value :  1.10240e-07
 Reference value :  1.10960e-07
 Reference value :  1.11720e-07
 Reference value :  1.12277e-07
 Reference value :  1.12917e-07
 Reference value :  1.13617e-07
 Reference value :  1.14120e-07
 Reference value :  1.14820e-07
 Reference value :  1.15540e-07
 Reference value :  1.16080e-07
 Reference value :  1.16660e-07
 Reference value :  1.17180e-07
 Reference value :  1.17960e-07
 Reference value :  1.18480e-07
 Reference value :  1.19240e-07
 Reference value :  1.19940e-07
 Reference value :  1.20540e-07
 Reference value :  1.21320e-07
 Reference value :  1.22015e-07
 Reference value :  1.22660e-07
 Reference value :  1.23400e-07
 Reference value :  1.24015e-07
 Reference value :  1.24560e-07
 Reference value :  1.25180e-07
 Reference value :  1.25980e-07
 Reference value :  1.26500e-07
 Reference value :  1.27300e-07
 Reference value :  1.28120e-07
 Reference value :  1.29100e-07
 Reference value :  1.30013e-07
 Reference value :  1.30640e-07
 Reference value :  1.31440e-07
 Reference value :  1.32026e-07
 Reference value :  1.32600e-07
 Reference value :  1.33120e-07
 Reference value :  1.33940e-07
 Reference value :  1.34500e-07
 Reference value :  1.35280e-07
 Reference value :  1.36004e-07
 Reference value :  1.36580e-07
 Reference value :  1.37360e-07
 Reference value :  1.38026e-07
 Reference value :  1.38760e-07
 Reference value :  1.39580e-07
 Reference value :  1.40180e-07
 Reference value :  1.40740e-07
 Reference value :  1.41460e-07
 Reference value :  1.42080e-07
 Reference value :  1.42820e-07
 Reference value :  1.43640e-07
 Reference value :  1.44240e-07
 Reference value :  1.44960e-07
 Reference value :  1.45800e-07
 Reference value :  1.46400e-07
 Reference value :  1.47220e-07
 Reference value :  1.48001e-07
 Reference value :  1.48500e-07
 Reference value :  1.49040e-07
 Reference value :  1.49880e-07
 Reference value :  1.50420e-07
 Reference value :  1.51200e-07
 Reference value :  1.52000e-07
 Reference value :  1.52540e-07
 Reference value :  1.53320e-07
 Reference value :  1.54008e-07
 Reference value :  1.54660e-07
 Reference value :  1.55480e-07
 Reference value :  1.56080e-07
 Reference value :  1.56680e-07
 Reference value :  1.57380e-07
 Reference value :  1.58026e-07
 Reference value :  1.58720e-07
 Reference value :  1.59440e-07
 Reference value :  1.60060e-07
 Reference value :  1.60700e-07
 Reference value :  1.61480e-07
 Reference value :  1.62080e-07
 Reference value :  1.62780e-07
 Reference value :  1.63540e-07
 Reference value :  1.64120e-07
 Reference value :  1.64740e-07
 Reference value :  1.65560e-07
 Reference value :  1.66460e-07
 Reference value :  1.67320e-07
 Reference value :  1.68019e-07
 Reference value :  1.69040e-07
 Reference value :  1.70180e-07
 Reference value :  1.71520e-07
 Reference value :  1.72540e-07
 Reference value :  1.73600e-07
 Reference value :  1.74700e-07
 Reference value :  1.75780e-07
 Reference value :  1.76560e-07
 Reference value :  1.77640e-07
 Reference value :  1.78540e-07
 Reference value :  1.79680e-07
 Reference value :  1.80460e-07
 Reference value :  1.81320e-07
 Reference value :  1.82280e-07
 Reference value :  1.83760e-07
 Reference value :  1.84640e-07
 Reference value :  1.85860e-07
 Reference value :  1.86800e-07
 Reference value :  1.87940e-07
 Reference value :  1.88680e-07
 Reference value :  1.89660e-07
 Reference value :  1.90560e-07
 Reference value :  1.91640e-07
 Reference value :  1.92480e-07
 Reference value :  1.93620e-07
 Reference value :  1.94540e-07
 Reference value :  1.95640e-07
 Reference value :  1.96460e-07
 Reference value :  1.97320e-07
 Reference value :  1.98220e-07
 Reference value :  1.99340e-07
 Reference value :  2.00300e-07
 Reference value :  2.01480e-07
 Reference value :  2.02460e-07
 Reference value :  2.04001e-07
 Reference value :  2.04820e-07
 Reference value :  2.05960e-07
 Reference value :  2.06900e-07
 Reference value :  2.08019e-07
 Reference value :  2.09120e-07
 Reference value :  2.10180e-07
 Reference value :  2.11400e-07
 Reference value :  2.12380e-07
 Reference value :  2.13320e-07
 Reference value :  2.14360e-07
 Reference value :  2.15620e-07
 Reference value :  2.16580e-07
 Reference value :  2.18019e-07
 Reference value :  2.19440e-07
No. of Data Rows : 11885
sim/harness: analysis complete
Note: Simulation executed from .control section 
Note: Starting dynamic gmin stepping
Note: Dynamic gmin stepping completed
