
Note: Compatibility modes selected: hs a


Circuit: ** sch_path: /users/rwalters/github/sky130-pll/.loom/worktrees/issue-131/sim/divider-n4/testbench/tb_divider_n4.sch

option SCALE: Scale is set to 1e-06 for instance and model parameters
option SCALE: Scale is set to 1e-06 for instance and model parameters
option SCALE: Scale is set to 1e-06 for instance and model parameters
option SCALE: Scale is set to 1e-06 for instance and model parameters
Doing analysis at TEMP = -40.000000 and TNOM = 27.000000

Using KLU as Direct Linear Solver
 Reference value :  0.00000e+00
 Reference value :  6.77300e-10
 Reference value :  1.63730e-09
 Reference value :  2.43962e-09
 Reference value :  3.35962e-09
 Reference value :  4.13963e-09
 Reference value :  5.03000e-09
 Reference value :  6.05963e-09
 Reference value :  6.89963e-09
 Reference value :  7.81963e-09
 Reference value :  8.47962e-09
 Reference value :  9.37962e-09
 Reference value :  1.01396e-08
 Reference value :  1.10396e-08
 Reference value :  1.19898e-08
 Reference value :  1.26196e-08
 Reference value :  1.33996e-08
 Reference value :  1.40996e-08
 Reference value :  1.49996e-08
 Reference value :  1.59596e-08
 Reference value :  1.65996e-08
 Reference value :  1.75196e-08
 Reference value :  1.82396e-08
 Reference value :  1.91596e-08
 Reference value :  2.00125e-08
 Reference value :  2.06996e-08
 Reference value :  2.14196e-08
 Reference value :  2.20151e-08
 Reference value :  2.28196e-08
 Reference value :  2.37196e-08
 Reference value :  2.43596e-08
 Reference value :  2.51796e-08
 Reference value :  2.60125e-08
 Reference value :  2.68196e-08
 Reference value :  2.77596e-08
 Reference value :  2.84396e-08
 Reference value :  2.91996e-08
 Reference value :  2.99596e-08
 Reference value :  3.06596e-08
 Reference value :  3.15996e-08
 Reference value :  3.22996e-08
 Reference value :  3.30796e-08
 Reference value :  3.40000e-08
 Reference value :  3.47196e-08
 Reference value :  3.56796e-08
 Reference value :  3.63596e-08
 Reference value :  3.71196e-08
 Reference value :  3.78196e-08
 Reference value :  3.87996e-08
 Reference value :  4.00996e-08
 Reference value :  4.14996e-08
 Reference value :  4.27796e-08
 Reference value :  4.40596e-08
 Reference value :  4.51796e-08
 Reference value :  4.60038e-08
 Reference value :  4.74996e-08
 Reference value :  4.88396e-08
 Reference value :  5.02996e-08
 Reference value :  5.18996e-08
 Reference value :  5.31196e-08
 Reference value :  5.42796e-08
 Reference value :  5.59596e-08
 Reference value :  5.72996e-08
 Reference value :  5.86396e-08
 Reference value :  6.01196e-08
 Reference value :  6.14596e-08
 Reference value :  6.28196e-08
 Reference value :  6.42996e-08
 Reference value :  6.58196e-08
 Reference value :  6.72596e-08
 Reference value :  6.86196e-08
 Reference value :  6.98796e-08
 Reference value :  7.12996e-08
 Reference value :  7.26573e-08
 Reference value :  7.41596e-08
 Reference value :  7.57996e-08
 Reference value :  7.70596e-08
 Reference value :  7.82396e-08
 Reference value :  7.98996e-08
 Reference value :  8.12396e-08
 Reference value :  8.26996e-08
 Reference value :  8.40773e-08
 Reference value :  8.53773e-08
 Reference value :  8.64796e-08
 Reference value :  8.79396e-08
 Reference value :  8.87796e-08
 Reference value :  9.00396e-08
 Reference value :  9.12196e-08
 Reference value :  9.21396e-08
 Reference value :  9.31396e-08
 Reference value :  9.43996e-08
 Reference value :  9.60081e-08
 Reference value :  9.73996e-08
 Reference value :  9.88396e-08
 Reference value :  1.00240e-07
 Reference value :  1.01400e-07
 Reference value :  1.02360e-07
 Reference value :  1.04001e-07
 Reference value :  1.05380e-07
 Reference value :  1.06700e-07
 Reference value :  1.08180e-07
 Reference value :  1.09260e-07
 Reference value :  1.10140e-07
 Reference value :  1.11260e-07
 Reference value :  1.12257e-07
 Reference value :  1.13457e-07
 Reference value :  1.14400e-07
 Reference value :  1.15980e-07
 Reference value :  1.16780e-07
 Reference value :  1.18015e-07
 Reference value :  1.19200e-07
 Reference value :  1.20160e-07
 Reference value :  1.21140e-07
 Reference value :  1.22160e-07
 Reference value :  1.23400e-07
 Reference value :  1.24320e-07
 Reference value :  1.25340e-07
 Reference value :  1.26480e-07
 Reference value :  1.27900e-07
 Reference value :  1.29060e-07
 Reference value :  1.30460e-07
 Reference value :  1.31800e-07
 Reference value :  1.32820e-07
 Reference value :  1.34001e-07
 Reference value :  1.35140e-07
 Reference value :  1.36360e-07
 Reference value :  1.37940e-07
 Reference value :  1.39380e-07
 Reference value :  1.40740e-07
 Reference value :  1.42026e-07
 Reference value :  1.43660e-07
 Reference value :  1.45000e-07
 Reference value :  1.46360e-07
 Reference value :  1.48000e-07
 Reference value :  1.49160e-07
 Reference value :  1.50220e-07
 Reference value :  1.51760e-07
 Reference value :  1.53080e-07
 Reference value :  1.54140e-07
 Reference value :  1.55480e-07
 Reference value :  1.56580e-07
 Reference value :  1.57960e-07
 Reference value :  1.58980e-07
 Reference value :  1.60260e-07
 Reference value :  1.61440e-07
 Reference value :  1.62800e-07
 Reference value :  1.63740e-07
 Reference value :  1.64420e-07
 Reference value :  1.65140e-07
 Reference value :  1.65820e-07
 Reference value :  1.66440e-07
 Reference value :  1.67380e-07
 Reference value :  1.68100e-07
 Reference value :  1.68880e-07
 Reference value :  1.69800e-07
 Reference value :  1.70480e-07
 Reference value :  1.71400e-07
 Reference value :  1.72120e-07
 Reference value :  1.72880e-07
 Reference value :  1.73640e-07
 Reference value :  1.74280e-07
 Reference value :  1.75220e-07
 Reference value :  1.76013e-07
 Reference value :  1.76680e-07
 Reference value :  1.77600e-07
 Reference value :  1.78280e-07
 Reference value :  1.79160e-07
 Reference value :  1.80015e-07
 Reference value :  1.80760e-07
 Reference value :  1.81480e-07
 Reference value :  1.82140e-07
 Reference value :  1.83020e-07
 Reference value :  1.83960e-07
 Reference value :  1.84580e-07
 Reference value :  1.85500e-07
 Reference value :  1.86240e-07
 Reference value :  1.87140e-07
 Reference value :  1.88004e-07
 Reference value :  1.88680e-07
 Reference value :  1.89420e-07
 Reference value :  1.90100e-07
 Reference value :  1.90940e-07
 Reference value :  1.91860e-07
 Reference value :  1.92500e-07
 Reference value :  1.93380e-07
 Reference value :  1.94120e-07
 Reference value :  1.95020e-07
 Reference value :  1.95960e-07
 Reference value :  1.96600e-07
 Reference value :  1.97300e-07
 Reference value :  1.98004e-07
 Reference value :  1.98760e-07
 Reference value :  1.99680e-07
 Reference value :  2.00360e-07
 Reference value :  2.01200e-07
 Reference value :  2.02013e-07
 Reference value :  2.02800e-07
 Reference value :  2.03680e-07
 Reference value :  2.04340e-07
 Reference value :  2.05080e-07
 Reference value :  2.05840e-07
 Reference value :  2.06520e-07
 Reference value :  2.07440e-07
 Reference value :  2.08180e-07
 Reference value :  2.08980e-07
 Reference value :  2.09980e-07
 Reference value :  2.10720e-07
 Reference value :  2.11660e-07
 Reference value :  2.12440e-07
 Reference value :  2.13200e-07
 Reference value :  2.13980e-07
 Reference value :  2.14740e-07
 Reference value :  2.15740e-07
 Reference value :  2.16460e-07
 Reference value :  2.17400e-07
 Reference value :  2.18180e-07
 Reference value :  2.19160e-07
No. of Data Rows : 11885
sim/harness: analysis complete
Note: Simulation executed from .control section 
Note: Starting dynamic gmin stepping
Note: Dynamic gmin stepping completed
