
Note: Compatibility modes selected: hs a


Circuit: ** sch_path: /users/rwalters/github/sky130-pll/.loom/worktrees/issue-131/sim/divider-n4/testbench/tb_divider_n4.sch

option SCALE: Scale is set to 1e-06 for instance and model parameters
option SCALE: Scale is set to 1e-06 for instance and model parameters
option SCALE: Scale is set to 1e-06 for instance and model parameters
option SCALE: Scale is set to 1e-06 for instance and model parameters
Doing analysis at TEMP = -40.000000 and TNOM = 27.000000

Using KLU as Direct Linear Solver
 Reference value :  0.00000e+00
 Reference value :  6.17300e-10
 Reference value :  1.53730e-09
 Reference value :  2.25962e-09
 Reference value :  3.21962e-09
 Reference value :  4.01863e-09
 Reference value :  4.87963e-09
 Reference value :  5.98500e-09
 Reference value :  6.69963e-09
 Reference value :  7.65963e-09
 Reference value :  8.35962e-09
 Reference value :  9.23962e-09
 Reference value :  1.00256e-08
 Reference value :  1.08996e-08
 Reference value :  1.18396e-08
 Reference value :  1.24596e-08
 Reference value :  1.31396e-08
 Reference value :  1.40000e-08
 Reference value :  1.47196e-08
 Reference value :  1.55996e-08
 Reference value :  1.62796e-08
 Reference value :  1.70796e-08
 Reference value :  1.79596e-08
 Reference value :  1.86396e-08
 Reference value :  1.95796e-08
 Reference value :  2.02796e-08
 Reference value :  2.09396e-08
 Reference value :  2.15796e-08
 Reference value :  2.22796e-08
 Reference value :  2.31796e-08
 Reference value :  2.40125e-08
 Reference value :  2.46996e-08
 Reference value :  2.55996e-08
 Reference value :  2.62996e-08
 Reference value :  2.72396e-08
 Reference value :  2.80396e-08
 Reference value :  2.87396e-08
 Reference value :  2.94196e-08
 Reference value :  3.01596e-08
 Reference value :  3.11396e-08
 Reference value :  3.22396e-08
 Reference value :  3.36596e-08
 Reference value :  3.49796e-08
 Reference value :  3.62396e-08
 Reference value :  3.71996e-08
 Reference value :  3.81596e-08
 Reference value :  3.92996e-08
 Reference value :  4.06396e-08
 Reference value :  4.21396e-08
 Reference value :  4.37996e-08
 Reference value :  4.49396e-08
 Reference value :  4.61996e-08
 Reference value :  4.78596e-08
 Reference value :  4.91996e-08
 Reference value :  5.05796e-08
 Reference value :  5.20396e-08
 Reference value :  5.31796e-08
 Reference value :  5.44396e-08
 Reference value :  5.60081e-08
 Reference value :  5.74396e-08
 Reference value :  5.88596e-08
 Reference value :  6.02996e-08
 Reference value :  6.15796e-08
 Reference value :  6.29996e-08
 Reference value :  6.43996e-08
 Reference value :  6.60038e-08
 Reference value :  6.75196e-08
 Reference value :  6.87796e-08
 Reference value :  7.00038e-08
 Reference value :  7.13596e-08
 Reference value :  7.26773e-08
 Reference value :  7.41396e-08
 Reference value :  7.57996e-08
 Reference value :  7.69196e-08
 Reference value :  7.81796e-08
 Reference value :  7.97596e-08
 Reference value :  8.08196e-08
 Reference value :  8.19898e-08
 Reference value :  8.31796e-08
 Reference value :  8.42773e-08
 Reference value :  8.50373e-08
 Reference value :  8.60038e-08
 Reference value :  8.74596e-08
 Reference value :  8.87996e-08
 Reference value :  9.02396e-08
 Reference value :  9.19196e-08
 Reference value :  9.30396e-08
 Reference value :  9.41796e-08
 Reference value :  9.55596e-08
 Reference value :  9.68996e-08
 Reference value :  9.83596e-08
 Reference value :  9.98996e-08
 Reference value :  1.00980e-07
 Reference value :  1.02001e-07
 Reference value :  1.02920e-07
 Reference value :  1.04013e-07
 Reference value :  1.04960e-07
 Reference value :  1.06100e-07
 Reference value :  1.07240e-07
 Reference value :  1.08540e-07
 Reference value :  1.09440e-07
 Reference value :  1.10900e-07
 Reference value :  1.12015e-07
 Reference value :  1.12957e-07
 Reference value :  1.14013e-07
 Reference value :  1.15100e-07
 Reference value :  1.16140e-07
 Reference value :  1.16980e-07
 Reference value :  1.18000e-07
 Reference value :  1.19200e-07
 Reference value :  1.20400e-07
 Reference value :  1.21860e-07
 Reference value :  1.23260e-07
 Reference value :  1.24340e-07
 Reference value :  1.25360e-07
 Reference value :  1.26660e-07
 Reference value :  1.28000e-07
 Reference value :  1.29180e-07
 Reference value :  1.30640e-07
 Reference value :  1.32120e-07
 Reference value :  1.33300e-07
 Reference value :  1.34660e-07
 Reference value :  1.36160e-07
 Reference value :  1.37720e-07
 Reference value :  1.39080e-07
 Reference value :  1.40440e-07
 Reference value :  1.41700e-07
 Reference value :  1.42960e-07
 Reference value :  1.44300e-07
 Reference value :  1.45880e-07
 Reference value :  1.46900e-07
 Reference value :  1.48060e-07
 Reference value :  1.49060e-07
 Reference value :  1.50240e-07
 Reference value :  1.51440e-07
 Reference value :  1.52620e-07
 Reference value :  1.53920e-07
 Reference value :  1.55280e-07
 Reference value :  1.56060e-07
 Reference value :  1.56780e-07
 Reference value :  1.57500e-07
 Reference value :  1.58180e-07
 Reference value :  1.59040e-07
 Reference value :  1.59980e-07
 Reference value :  1.60540e-07
 Reference value :  1.61460e-07
 Reference value :  1.62160e-07
 Reference value :  1.63060e-07
 Reference value :  1.63980e-07
 Reference value :  1.64560e-07
 Reference value :  1.65160e-07
 Reference value :  1.65940e-07
 Reference value :  1.66580e-07
 Reference value :  1.67500e-07
 Reference value :  1.68160e-07
 Reference value :  1.68960e-07
 Reference value :  1.69860e-07
 Reference value :  1.70540e-07
 Reference value :  1.71420e-07
 Reference value :  1.72120e-07
 Reference value :  1.72840e-07
 Reference value :  1.73600e-07
 Reference value :  1.74280e-07
 Reference value :  1.75220e-07
 Reference value :  1.76019e-07
 Reference value :  1.76740e-07
 Reference value :  1.77680e-07
 Reference value :  1.78380e-07
 Reference value :  1.79320e-07
 Reference value :  1.80060e-07
 Reference value :  1.80760e-07
 Reference value :  1.81340e-07
 Reference value :  1.82026e-07
 Reference value :  1.82820e-07
 Reference value :  1.83740e-07
 Reference value :  1.84380e-07
 Reference value :  1.85240e-07
 Reference value :  1.86026e-07
 Reference value :  1.86900e-07
 Reference value :  1.87840e-07
 Reference value :  1.88460e-07
 Reference value :  1.89140e-07
 Reference value :  1.90000e-07
 Reference value :  1.90680e-07
 Reference value :  1.91600e-07
 Reference value :  1.92300e-07
 Reference value :  1.93140e-07
 Reference value :  1.94004e-07
 Reference value :  1.94780e-07
 Reference value :  1.95700e-07
 Reference value :  1.96340e-07
 Reference value :  1.96980e-07
 Reference value :  1.97640e-07
 Reference value :  1.98320e-07
 Reference value :  1.99240e-07
 Reference value :  2.00026e-07
 Reference value :  2.00780e-07
 Reference value :  2.01780e-07
 Reference value :  2.02520e-07
 Reference value :  2.03520e-07
 Reference value :  2.04280e-07
 Reference value :  2.04960e-07
 Reference value :  2.05860e-07
 Reference value :  2.06580e-07
 Reference value :  2.07560e-07
 Reference value :  2.08300e-07
 Reference value :  2.09220e-07
 Reference value :  2.10040e-07
 Reference value :  2.10980e-07
 Reference value :  2.11990e-07
 Reference value :  2.12640e-07
 Reference value :  2.13300e-07
 Reference value :  2.14060e-07
 Reference value :  2.14960e-07
 Reference value :  2.15960e-07
 Reference value :  2.16600e-07
 Reference value :  2.17600e-07
 Reference value :  2.18420e-07
 Reference value :  2.19420e-07
No. of Data Rows : 11885
sim/harness: analysis complete
Note: Simulation executed from .control section 
Note: Starting dynamic gmin stepping
Note: Dynamic gmin stepping completed
