
Note: Compatibility modes selected: hs a


Circuit: ** sch_path: /users/rwalters/github/sky130-pll/.loom/worktrees/issue-131/sim/divider-n4/testbench/tb_divider_n4.sch

option SCALE: Scale is set to 1e-06 for instance and model parameters
option SCALE: Scale is set to 1e-06 for instance and model parameters
option SCALE: Scale is set to 1e-06 for instance and model parameters
option SCALE: Scale is set to 1e-06 for instance and model parameters
Doing analysis at TEMP = 125.000000 and TNOM = 27.000000

Using KLU as Direct Linear Solver
 Reference value :  0.00000e+00
 Reference value :  6.57300e-10
 Reference value :  1.57730e-09
 Reference value :  2.23962e-09
 Reference value :  3.21962e-09
 Reference value :  4.02563e-09
 Reference value :  4.95963e-09
 Reference value :  6.00813e-09
 Reference value :  6.77963e-09
 Reference value :  7.73963e-09
 Reference value :  8.43962e-09
 Reference value :  9.33962e-09
 Reference value :  1.01196e-08
 Reference value :  1.09596e-08
 Reference value :  1.18396e-08
 Reference value :  1.24796e-08
 Reference value :  1.32196e-08
 Reference value :  1.39196e-08
 Reference value :  1.45196e-08
 Reference value :  1.54596e-08
 Reference value :  1.61796e-08
 Reference value :  1.70196e-08
 Reference value :  1.79596e-08
 Reference value :  1.86596e-08
 Reference value :  1.95796e-08
 Reference value :  2.02796e-08
 Reference value :  2.09996e-08
 Reference value :  2.16396e-08
 Reference value :  2.23196e-08
 Reference value :  2.32196e-08
 Reference value :  2.40151e-08
 Reference value :  2.47596e-08
 Reference value :  2.57196e-08
 Reference value :  2.63796e-08
 Reference value :  2.72396e-08
 Reference value :  2.80013e-08
 Reference value :  2.86996e-08
 Reference value :  2.94396e-08
 Reference value :  3.01596e-08
 Reference value :  3.10596e-08
 Reference value :  3.19596e-08
 Reference value :  3.25996e-08
 Reference value :  3.35196e-08
 Reference value :  3.42196e-08
 Reference value :  3.51396e-08
 Reference value :  3.60013e-08
 Reference value :  3.66596e-08
 Reference value :  3.73396e-08
 Reference value :  3.81196e-08
 Reference value :  3.91396e-08
 Reference value :  4.00134e-08
 Reference value :  4.06996e-08
 Reference value :  4.16196e-08
 Reference value :  4.22996e-08
 Reference value :  4.31996e-08
 Reference value :  4.40125e-08
 Reference value :  4.47796e-08
 Reference value :  4.54596e-08
 Reference value :  4.61396e-08
 Reference value :  4.69396e-08
 Reference value :  4.78396e-08
 Reference value :  4.85596e-08
 Reference value :  4.94196e-08
 Reference value :  5.01596e-08
 Reference value :  5.10796e-08
 Reference value :  5.19796e-08
 Reference value :  5.26396e-08
 Reference value :  5.33396e-08
 Reference value :  5.40396e-08
 Reference value :  5.48996e-08
 Reference value :  5.58396e-08
 Reference value :  5.64996e-08
 Reference value :  5.74396e-08
 Reference value :  5.81596e-08
 Reference value :  5.90596e-08
 Reference value :  5.99596e-08
 Reference value :  6.05996e-08
 Reference value :  6.13596e-08
 Reference value :  6.20796e-08
 Reference value :  6.29196e-08
 Reference value :  6.37596e-08
 Reference value :  6.43596e-08
 Reference value :  6.52196e-08
 Reference value :  6.60151e-08
 Reference value :  6.70596e-08
 Reference value :  6.79898e-08
 Reference value :  6.85996e-08
 Reference value :  6.92396e-08
 Reference value :  6.99898e-08
 Reference value :  7.06796e-08
 Reference value :  7.16196e-08
 Reference value :  7.23373e-08
 Reference value :  7.32173e-08
 Reference value :  7.40186e-08
 Reference value :  7.48796e-08
 Reference value :  7.57796e-08
 Reference value :  7.64196e-08
 Reference value :  7.71196e-08
 Reference value :  7.79396e-08
 Reference value :  7.85796e-08
 Reference value :  7.94996e-08
 Reference value :  8.02796e-08
 Reference value :  8.11196e-08
 Reference value :  8.20013e-08
 Reference value :  8.27396e-08
 Reference value :  8.36796e-08
 Reference value :  8.44173e-08
 Reference value :  8.51373e-08
 Reference value :  8.58773e-08
 Reference value :  8.65796e-08
 Reference value :  8.74996e-08
 Reference value :  8.82396e-08
 Reference value :  8.90996e-08
 Reference value :  9.00000e-08
 Reference value :  9.07396e-08
 Reference value :  9.16596e-08
 Reference value :  9.23596e-08
 Reference value :  9.31196e-08
 Reference value :  9.39396e-08
 Reference value :  9.46596e-08
 Reference value :  9.55796e-08
 Reference value :  9.63196e-08
 Reference value :  9.71396e-08
 Reference value :  9.80038e-08
 Reference value :  9.87796e-08
 Reference value :  9.96996e-08
 Reference value :  1.00400e-07
 Reference value :  1.01100e-07
 Reference value :  1.01840e-07
 Reference value :  1.02560e-07
 Reference value :  1.03500e-07
 Reference value :  1.04220e-07
 Reference value :  1.05080e-07
 Reference value :  1.06000e-07
 Reference value :  1.06720e-07
 Reference value :  1.07620e-07
 Reference value :  1.08300e-07
 Reference value :  1.09040e-07
 Reference value :  1.09940e-07
 Reference value :  1.10660e-07
 Reference value :  1.11600e-07
 Reference value :  1.12317e-07
 Reference value :  1.13157e-07
 Reference value :  1.14013e-07
 Reference value :  1.14860e-07
 Reference value :  1.15820e-07
 Reference value :  1.16500e-07
 Reference value :  1.17120e-07
 Reference value :  1.17860e-07
 Reference value :  1.18540e-07
 Reference value :  1.19560e-07
 Reference value :  1.20300e-07
 Reference value :  1.21140e-07
 Reference value :  1.22008e-07
 Reference value :  1.22800e-07
 Reference value :  1.23660e-07
 Reference value :  1.24300e-07
 Reference value :  1.25020e-07
 Reference value :  1.25820e-07
 Reference value :  1.26540e-07
 Reference value :  1.27440e-07
 Reference value :  1.28180e-07
 Reference value :  1.28940e-07
 Reference value :  1.29820e-07
 Reference value :  1.30520e-07
 Reference value :  1.31420e-07
 Reference value :  1.32120e-07
 Reference value :  1.32840e-07
 Reference value :  1.33480e-07
 Reference value :  1.34160e-07
 Reference value :  1.35000e-07
 Reference value :  1.35880e-07
 Reference value :  1.36520e-07
 Reference value :  1.37420e-07
 Reference value :  1.38140e-07
 Reference value :  1.39000e-07
 Reference value :  1.39880e-07
 Reference value :  1.40560e-07
 Reference value :  1.41300e-07
 Reference value :  1.42019e-07
 Reference value :  1.42860e-07
 Reference value :  1.43780e-07
 Reference value :  1.44460e-07
 Reference value :  1.45380e-07
 Reference value :  1.46120e-07
 Reference value :  1.47000e-07
 Reference value :  1.47940e-07
 Reference value :  1.48620e-07
 Reference value :  1.49340e-07
 Reference value :  1.50060e-07
 Reference value :  1.50940e-07
 Reference value :  1.51820e-07
 Reference value :  1.52500e-07
 Reference value :  1.53400e-07
 Reference value :  1.54200e-07
 Reference value :  1.55200e-07
 Reference value :  1.56013e-07
 Reference value :  1.56720e-07
 Reference value :  1.57420e-07
 Reference value :  1.58140e-07
 Reference value :  1.58980e-07
 Reference value :  1.59860e-07
 Reference value :  1.60520e-07
 Reference value :  1.61400e-07
 Reference value :  1.62120e-07
 Reference value :  1.63000e-07
 Reference value :  1.63900e-07
 Reference value :  1.64540e-07
 Reference value :  1.65220e-07
 Reference value :  1.65980e-07
 Reference value :  1.66660e-07
 Reference value :  1.67540e-07
 Reference value :  1.68300e-07
 Reference value :  1.69100e-07
 Reference value :  1.70000e-07
 Reference value :  1.70700e-07
 Reference value :  1.71540e-07
 Reference value :  1.72200e-07
 Reference value :  1.72900e-07
 Reference value :  1.73580e-07
 Reference value :  1.74180e-07
 Reference value :  1.75200e-07
 Reference value :  1.76013e-07
 Reference value :  1.76760e-07
 Reference value :  1.77660e-07
 Reference value :  1.78360e-07
 Reference value :  1.79280e-07
 Reference value :  1.80080e-07
 Reference value :  1.80880e-07
 Reference value :  1.81620e-07
 Reference value :  1.82340e-07
 Reference value :  1.83300e-07
 Reference value :  1.84080e-07
 Reference value :  1.85000e-07
 Reference value :  1.86004e-07
 Reference value :  1.86800e-07
 Reference value :  1.87740e-07
 Reference value :  1.88420e-07
 Reference value :  1.89160e-07
 Reference value :  1.89990e-07
 Reference value :  1.90660e-07
 Reference value :  1.91520e-07
 Reference value :  1.92200e-07
 Reference value :  1.93000e-07
 Reference value :  1.93860e-07
 Reference value :  1.94560e-07
 Reference value :  1.95440e-07
 Reference value :  1.96120e-07
 Reference value :  1.96860e-07
 Reference value :  1.97520e-07
 Reference value :  1.98200e-07
 Reference value :  1.99100e-07
 Reference value :  2.00000e-07
 Reference value :  2.00660e-07
 Reference value :  2.01580e-07
 Reference value :  2.02260e-07
 Reference value :  2.03180e-07
 Reference value :  2.04013e-07
 Reference value :  2.04680e-07
 Reference value :  2.05420e-07
 Reference value :  2.06120e-07
 Reference value :  2.06940e-07
 Reference value :  2.07860e-07
 Reference value :  2.08540e-07
 Reference value :  2.09400e-07
 Reference value :  2.10140e-07
 Reference value :  2.11060e-07
 Reference value :  2.12004e-07
 Reference value :  2.12720e-07
 Reference value :  2.13440e-07
 Reference value :  2.14160e-07
 Reference value :  2.15120e-07
 Reference value :  2.16004e-07
 Reference value :  2.16780e-07
 Reference value :  2.17760e-07
 Reference value :  2.18500e-07
 Reference value :  2.19440e-07
No. of Data Rows : 11885
sim/harness: analysis complete
Note: Simulation executed from .control section 
