
Note: Compatibility modes selected: hs a


Circuit: ** sch_path: /users/rwalters/github/sky130-pll/.loom/worktrees/issue-131/sim/divider-n4/testbench/tb_divider_n4.sch

option SCALE: Scale is set to 1e-06 for instance and model parameters
option SCALE: Scale is set to 1e-06 for instance and model parameters
option SCALE: Scale is set to 1e-06 for instance and model parameters
option SCALE: Scale is set to 1e-06 for instance and model parameters
Doing analysis at TEMP = 125.000000 and TNOM = 27.000000

Using KLU as Direct Linear Solver
 Reference value :  0.00000e+00
 Reference value :  6.17300e-10
 Reference value :  1.55730e-09
 Reference value :  2.27962e-09
 Reference value :  3.19962e-09
 Reference value :  4.01250e-09
 Reference value :  4.77963e-09
 Reference value :  5.67000e-09
 Reference value :  6.37963e-09
 Reference value :  7.27963e-09
 Reference value :  8.02562e-09
 Reference value :  8.83962e-09
 Reference value :  9.75962e-09
 Reference value :  1.04796e-08
 Reference value :  1.13396e-08
 Reference value :  1.20186e-08
 Reference value :  1.26396e-08
 Reference value :  1.33796e-08
 Reference value :  1.40996e-08
 Reference value :  1.50196e-08
 Reference value :  1.59196e-08
 Reference value :  1.65396e-08
 Reference value :  1.74396e-08
 Reference value :  1.81396e-08
 Reference value :  1.90196e-08
 Reference value :  1.99196e-08
 Reference value :  2.04796e-08
 Reference value :  2.10796e-08
 Reference value :  2.19196e-08
 Reference value :  2.27596e-08
 Reference value :  2.38196e-08
 Reference value :  2.44596e-08
 Reference value :  2.53196e-08
 Reference value :  2.60396e-08
 Reference value :  2.68796e-08
 Reference value :  2.77796e-08
 Reference value :  2.83796e-08
 Reference value :  2.90196e-08
 Reference value :  2.98596e-08
 Reference value :  3.04596e-08
 Reference value :  3.13396e-08
 Reference value :  3.20396e-08
 Reference value :  3.27796e-08
 Reference value :  3.36396e-08
 Reference value :  3.43196e-08
 Reference value :  3.52196e-08
 Reference value :  3.60256e-08
 Reference value :  3.67196e-08
 Reference value :  3.73996e-08
 Reference value :  3.80796e-08
 Reference value :  3.89796e-08
 Reference value :  3.98996e-08
 Reference value :  4.05596e-08
 Reference value :  4.14596e-08
 Reference value :  4.21596e-08
 Reference value :  4.30396e-08
 Reference value :  4.39196e-08
 Reference value :  4.44996e-08
 Reference value :  4.52196e-08
 Reference value :  4.60125e-08
 Reference value :  4.66996e-08
 Reference value :  4.75596e-08
 Reference value :  4.82596e-08
 Reference value :  4.90596e-08
 Reference value :  5.00396e-08
 Reference value :  5.08596e-08
 Reference value :  5.17396e-08
 Reference value :  5.23396e-08
 Reference value :  5.29396e-08
 Reference value :  5.36796e-08
 Reference value :  5.43796e-08
 Reference value :  5.52796e-08
 Reference value :  5.60396e-08
 Reference value :  5.68596e-08
 Reference value :  5.77996e-08
 Reference value :  5.84596e-08
 Reference value :  5.93196e-08
 Reference value :  6.00125e-08
 Reference value :  6.06396e-08
 Reference value :  6.13196e-08
 Reference value :  6.20596e-08
 Reference value :  6.29596e-08
 Reference value :  6.38596e-08
 Reference value :  6.44996e-08
 Reference value :  6.53596e-08
 Reference value :  6.60996e-08
 Reference value :  6.70396e-08
 Reference value :  6.79898e-08
 Reference value :  6.85796e-08
 Reference value :  6.92196e-08
 Reference value :  7.00038e-08
 Reference value :  7.07596e-08
 Reference value :  7.16996e-08
 Reference value :  7.23573e-08
 Reference value :  7.32373e-08
 Reference value :  7.40151e-08
 Reference value :  7.48196e-08
 Reference value :  7.57396e-08
 Reference value :  7.63796e-08
 Reference value :  7.70796e-08
 Reference value :  7.79796e-08
 Reference value :  7.86996e-08
 Reference value :  7.95996e-08
 Reference value :  8.02996e-08
 Reference value :  8.11396e-08
 Reference value :  8.20013e-08
 Reference value :  8.27396e-08
 Reference value :  8.36396e-08
 Reference value :  8.43173e-08
 Reference value :  8.49573e-08
 Reference value :  8.57973e-08
 Reference value :  8.64796e-08
 Reference value :  8.74196e-08
 Reference value :  8.81796e-08
 Reference value :  8.89996e-08
 Reference value :  8.99196e-08
 Reference value :  9.06196e-08
 Reference value :  9.15196e-08
 Reference value :  9.22396e-08
 Reference value :  9.29396e-08
 Reference value :  9.38396e-08
 Reference value :  9.45396e-08
 Reference value :  9.54796e-08
 Reference value :  9.62396e-08
 Reference value :  9.70196e-08
 Reference value :  9.79396e-08
 Reference value :  9.85996e-08
 Reference value :  9.94796e-08
 Reference value :  1.00180e-07
 Reference value :  1.00820e-07
 Reference value :  1.01540e-07
 Reference value :  1.02280e-07
 Reference value :  1.03200e-07
 Reference value :  1.04013e-07
 Reference value :  1.04780e-07
 Reference value :  1.05640e-07
 Reference value :  1.06260e-07
 Reference value :  1.07140e-07
 Reference value :  1.08001e-07
 Reference value :  1.08580e-07
 Reference value :  1.09300e-07
 Reference value :  1.10080e-07
 Reference value :  1.10860e-07
 Reference value :  1.11720e-07
 Reference value :  1.12377e-07
 Reference value :  1.13137e-07
 Reference value :  1.13937e-07
 Reference value :  1.14600e-07
 Reference value :  1.15440e-07
 Reference value :  1.16080e-07
 Reference value :  1.16740e-07
 Reference value :  1.17400e-07
 Reference value :  1.18080e-07
 Reference value :  1.18900e-07
 Reference value :  1.19800e-07
 Reference value :  1.20380e-07
 Reference value :  1.21240e-07
 Reference value :  1.22015e-07
 Reference value :  1.22840e-07
 Reference value :  1.23760e-07
 Reference value :  1.24400e-07
 Reference value :  1.25100e-07
 Reference value :  1.25990e-07
 Reference value :  1.26720e-07
 Reference value :  1.27660e-07
 Reference value :  1.28400e-07
 Reference value :  1.29280e-07
 Reference value :  1.30080e-07
 Reference value :  1.30960e-07
 Reference value :  1.31840e-07
 Reference value :  1.32480e-07
 Reference value :  1.33100e-07
 Reference value :  1.33990e-07
 Reference value :  1.34760e-07
 Reference value :  1.35660e-07
 Reference value :  1.36320e-07
 Reference value :  1.37140e-07
 Reference value :  1.38000e-07
 Reference value :  1.38700e-07
 Reference value :  1.39560e-07
 Reference value :  1.40240e-07
 Reference value :  1.40900e-07
 Reference value :  1.41720e-07
 Reference value :  1.42420e-07
 Reference value :  1.43300e-07
 Reference value :  1.44040e-07
 Reference value :  1.44920e-07
 Reference value :  1.45760e-07
 Reference value :  1.46420e-07
 Reference value :  1.47320e-07
 Reference value :  1.48080e-07
 Reference value :  1.48740e-07
 Reference value :  1.49380e-07
 Reference value :  1.50060e-07
 Reference value :  1.50860e-07
 Reference value :  1.51700e-07
 Reference value :  1.52300e-07
 Reference value :  1.53100e-07
 Reference value :  1.53900e-07
 Reference value :  1.54580e-07
 Reference value :  1.55460e-07
 Reference value :  1.56160e-07
 Reference value :  1.56860e-07
 Reference value :  1.57680e-07
 Reference value :  1.58420e-07
 Reference value :  1.59380e-07
 Reference value :  1.60180e-07
 Reference value :  1.61060e-07
 Reference value :  1.61980e-07
 Reference value :  1.62720e-07
 Reference value :  1.63700e-07
 Reference value :  1.64380e-07
 Reference value :  1.65100e-07
 Reference value :  1.65990e-07
 Reference value :  1.66740e-07
 Reference value :  1.67660e-07
 Reference value :  1.68320e-07
 Reference value :  1.69200e-07
 Reference value :  1.70008e-07
 Reference value :  1.70760e-07
 Reference value :  1.71640e-07
 Reference value :  1.72280e-07
 Reference value :  1.72920e-07
 Reference value :  1.73760e-07
 Reference value :  1.74440e-07
 Reference value :  1.75300e-07
 Reference value :  1.76019e-07
 Reference value :  1.76780e-07
 Reference value :  1.77660e-07
 Reference value :  1.78340e-07
 Reference value :  1.79240e-07
 Reference value :  1.80013e-07
 Reference value :  1.80660e-07
 Reference value :  1.81320e-07
 Reference value :  1.82013e-07
 Reference value :  1.82820e-07
 Reference value :  1.83720e-07
 Reference value :  1.84320e-07
 Reference value :  1.85240e-07
 Reference value :  1.86013e-07
 Reference value :  1.86760e-07
 Reference value :  1.87660e-07
 Reference value :  1.88300e-07
 Reference value :  1.88920e-07
 Reference value :  1.89880e-07
 Reference value :  1.90600e-07
 Reference value :  1.91580e-07
 Reference value :  1.92340e-07
 Reference value :  1.93240e-07
 Reference value :  1.94026e-07
 Reference value :  1.94920e-07
 Reference value :  1.95880e-07
 Reference value :  1.96540e-07
 Reference value :  1.97200e-07
 Reference value :  1.98001e-07
 Reference value :  1.98840e-07
 Reference value :  1.99860e-07
 Reference value :  2.00600e-07
 Reference value :  2.01500e-07
 Reference value :  2.02220e-07
 Reference value :  2.03220e-07
 Reference value :  2.04019e-07
 Reference value :  2.04740e-07
 Reference value :  2.05560e-07
 Reference value :  2.06360e-07
 Reference value :  2.07300e-07
 Reference value :  2.08080e-07
 Reference value :  2.08840e-07
 Reference value :  2.09600e-07
 Reference value :  2.10260e-07
 Reference value :  2.11020e-07
 Reference value :  2.11800e-07
 Reference value :  2.12380e-07
 Reference value :  2.13000e-07
 Reference value :  2.13840e-07
 Reference value :  2.14500e-07
 Reference value :  2.15480e-07
 Reference value :  2.16240e-07
 Reference value :  2.17100e-07
 Reference value :  2.18013e-07
 Reference value :  2.18900e-07
 Reference value :  2.19880e-07
No. of Data Rows : 11885
sim/harness: analysis complete
Note: Simulation executed from .control section 
