
Note: Compatibility modes selected: hs a


Circuit: ** sch_path: /users/rwalters/github/sky130-pll/.loom/worktrees/issue-131/sim/divider-n4/testbench/tb_divider_n4.sch

option SCALE: Scale is set to 1e-06 for instance and model parameters
option SCALE: Scale is set to 1e-06 for instance and model parameters
option SCALE: Scale is set to 1e-06 for instance and model parameters
option SCALE: Scale is set to 1e-06 for instance and model parameters
Doing analysis at TEMP = 27.000000 and TNOM = 27.000000

Using KLU as Direct Linear Solver
 Reference value :  0.00000e+00
 Reference value :  7.17300e-10
 Reference value :  1.73730e-09
 Reference value :  2.45962e-09
 Reference value :  3.49962e-09
 Reference value :  4.25963e-09
 Reference value :  5.21000e-09
 Reference value :  6.19963e-09
 Reference value :  7.21963e-09
 Reference value :  8.03962e-09
 Reference value :  8.85962e-09
 Reference value :  9.83962e-09
 Reference value :  1.05596e-08
 Reference value :  1.14596e-08
 Reference value :  1.22596e-08
 Reference value :  1.30596e-08
 Reference value :  1.38196e-08
 Reference value :  1.45196e-08
 Reference value :  1.54196e-08
 Reference value :  1.62396e-08
 Reference value :  1.70796e-08
 Reference value :  1.80038e-08
 Reference value :  1.87996e-08
 Reference value :  1.97796e-08
 Reference value :  2.04996e-08
 Reference value :  2.12196e-08
 Reference value :  2.19596e-08
 Reference value :  2.27196e-08
 Reference value :  2.35996e-08
 Reference value :  2.42996e-08
 Reference value :  2.51596e-08
 Reference value :  2.60081e-08
 Reference value :  2.66596e-08
 Reference value :  2.74596e-08
 Reference value :  2.81996e-08
 Reference value :  2.89396e-08
 Reference value :  2.97396e-08
 Reference value :  3.04596e-08
 Reference value :  3.13596e-08
 Reference value :  3.20996e-08
 Reference value :  3.28596e-08
 Reference value :  3.37996e-08
 Reference value :  3.44396e-08
 Reference value :  3.53396e-08
 Reference value :  3.60796e-08
 Reference value :  3.68196e-08
 Reference value :  3.74596e-08
 Reference value :  3.81596e-08
 Reference value :  3.90196e-08
 Reference value :  3.98796e-08
 Reference value :  4.04196e-08
 Reference value :  4.12996e-08
 Reference value :  4.20596e-08
 Reference value :  4.28996e-08
 Reference value :  4.38396e-08
 Reference value :  4.44996e-08
 Reference value :  4.52596e-08
 Reference value :  4.60125e-08
 Reference value :  4.67996e-08
 Reference value :  4.76796e-08
 Reference value :  4.83596e-08
 Reference value :  4.91796e-08
 Reference value :  5.00134e-08
 Reference value :  5.09396e-08
 Reference value :  5.19898e-08
 Reference value :  5.26596e-08
 Reference value :  5.32996e-08
 Reference value :  5.40038e-08
 Reference value :  5.47596e-08
 Reference value :  5.56396e-08
 Reference value :  5.63196e-08
 Reference value :  5.71196e-08
 Reference value :  5.79796e-08
 Reference value :  5.86196e-08
 Reference value :  5.94596e-08
 Reference value :  6.01596e-08
 Reference value :  6.08796e-08
 Reference value :  6.16796e-08
 Reference value :  6.23796e-08
 Reference value :  6.32796e-08
 Reference value :  6.40796e-08
 Reference value :  6.48996e-08
 Reference value :  6.58596e-08
 Reference value :  6.65596e-08
 Reference value :  6.74996e-08
 Reference value :  6.82396e-08
 Reference value :  6.89996e-08
 Reference value :  6.96596e-08
 Reference value :  7.03396e-08
 Reference value :  7.12596e-08
 Reference value :  7.20181e-08
 Reference value :  7.27973e-08
 Reference value :  7.37173e-08
 Reference value :  7.43996e-08
 Reference value :  7.52396e-08
 Reference value :  7.60038e-08
 Reference value :  7.66796e-08
 Reference value :  7.73796e-08
 Reference value :  7.81396e-08
 Reference value :  7.92596e-08
 Reference value :  8.00134e-08
 Reference value :  8.07196e-08
 Reference value :  8.15796e-08
 Reference value :  8.22796e-08
 Reference value :  8.31996e-08
 Reference value :  8.40149e-08
 Reference value :  8.47173e-08
 Reference value :  8.53773e-08
 Reference value :  8.60796e-08
 Reference value :  8.69596e-08
 Reference value :  8.78396e-08
 Reference value :  8.84196e-08
 Reference value :  8.92396e-08
 Reference value :  9.00134e-08
 Reference value :  9.08196e-08
 Reference value :  9.17396e-08
 Reference value :  9.24396e-08
 Reference value :  9.31796e-08
 Reference value :  9.40000e-08
 Reference value :  9.47396e-08
 Reference value :  9.57196e-08
 Reference value :  9.63996e-08
 Reference value :  9.72996e-08
 Reference value :  9.80796e-08
 Reference value :  9.89396e-08
 Reference value :  9.98596e-08
 Reference value :  1.00540e-07
 Reference value :  1.01240e-07
 Reference value :  1.01980e-07
 Reference value :  1.02700e-07
 Reference value :  1.03600e-07
 Reference value :  1.04320e-07
 Reference value :  1.05140e-07
 Reference value :  1.06013e-07
 Reference value :  1.06780e-07
 Reference value :  1.07720e-07
 Reference value :  1.08420e-07
 Reference value :  1.09160e-07
 Reference value :  1.10000e-07
 Reference value :  1.10740e-07
 Reference value :  1.11680e-07
 Reference value :  1.12377e-07
 Reference value :  1.13237e-07
 Reference value :  1.14019e-07
 Reference value :  1.14860e-07
 Reference value :  1.15800e-07
 Reference value :  1.16480e-07
 Reference value :  1.17180e-07
 Reference value :  1.17920e-07
 Reference value :  1.18640e-07
 Reference value :  1.19560e-07
 Reference value :  1.20280e-07
 Reference value :  1.21080e-07
 Reference value :  1.22008e-07
 Reference value :  1.22800e-07
 Reference value :  1.23740e-07
 Reference value :  1.24440e-07
 Reference value :  1.25200e-07
 Reference value :  1.26008e-07
 Reference value :  1.26760e-07
 Reference value :  1.27700e-07
 Reference value :  1.28360e-07
 Reference value :  1.29180e-07
 Reference value :  1.30013e-07
 Reference value :  1.30800e-07
 Reference value :  1.31840e-07
 Reference value :  1.32520e-07
 Reference value :  1.33180e-07
 Reference value :  1.33940e-07
 Reference value :  1.34620e-07
 Reference value :  1.35440e-07
 Reference value :  1.36100e-07
 Reference value :  1.36860e-07
 Reference value :  1.37800e-07
 Reference value :  1.38520e-07
 Reference value :  1.39440e-07
 Reference value :  1.40160e-07
 Reference value :  1.40940e-07
 Reference value :  1.41800e-07
 Reference value :  1.42480e-07
 Reference value :  1.43380e-07
 Reference value :  1.44100e-07
 Reference value :  1.44880e-07
 Reference value :  1.45760e-07
 Reference value :  1.46420e-07
 Reference value :  1.47280e-07
 Reference value :  1.48019e-07
 Reference value :  1.48760e-07
 Reference value :  1.49380e-07
 Reference value :  1.50026e-07
 Reference value :  1.50840e-07
 Reference value :  1.51760e-07
 Reference value :  1.52360e-07
 Reference value :  1.53200e-07
 Reference value :  1.54013e-07
 Reference value :  1.54800e-07
 Reference value :  1.55720e-07
 Reference value :  1.56440e-07
 Reference value :  1.57180e-07
 Reference value :  1.58000e-07
 Reference value :  1.58720e-07
 Reference value :  1.59660e-07
 Reference value :  1.60380e-07
 Reference value :  1.61280e-07
 Reference value :  1.62060e-07
 Reference value :  1.62920e-07
 Reference value :  1.63820e-07
 Reference value :  1.64520e-07
 Reference value :  1.65200e-07
 Reference value :  1.65980e-07
 Reference value :  1.66800e-07
 Reference value :  1.67720e-07
 Reference value :  1.68400e-07
 Reference value :  1.69180e-07
 Reference value :  1.70013e-07
 Reference value :  1.70820e-07
 Reference value :  1.71700e-07
 Reference value :  1.72400e-07
 Reference value :  1.73120e-07
 Reference value :  1.73900e-07
 Reference value :  1.74600e-07
 Reference value :  1.75520e-07
 Reference value :  1.76240e-07
 Reference value :  1.77000e-07
 Reference value :  1.77920e-07
 Reference value :  1.78580e-07
 Reference value :  1.79480e-07
 Reference value :  1.80240e-07
 Reference value :  1.81000e-07
 Reference value :  1.81620e-07
 Reference value :  1.82260e-07
 Reference value :  1.83140e-07
 Reference value :  1.83960e-07
 Reference value :  1.84540e-07
 Reference value :  1.85380e-07
 Reference value :  1.86026e-07
 Reference value :  1.86800e-07
 Reference value :  1.87700e-07
 Reference value :  1.88400e-07
 Reference value :  1.89140e-07
 Reference value :  1.89980e-07
 Reference value :  1.90700e-07
 Reference value :  1.91660e-07
 Reference value :  1.92400e-07
 Reference value :  1.93340e-07
 Reference value :  1.94120e-07
 Reference value :  1.95020e-07
 Reference value :  1.96000e-07
 Reference value :  1.96680e-07
 Reference value :  1.97420e-07
 Reference value :  1.98160e-07
 Reference value :  1.99080e-07
 Reference value :  2.00000e-07
 Reference value :  2.00600e-07
 Reference value :  2.01500e-07
 Reference value :  2.02200e-07
 Reference value :  2.03040e-07
 Reference value :  2.03980e-07
 Reference value :  2.04640e-07
 Reference value :  2.05360e-07
 Reference value :  2.06060e-07
 Reference value :  2.06900e-07
 Reference value :  2.07780e-07
 Reference value :  2.08420e-07
 Reference value :  2.09240e-07
 Reference value :  2.10026e-07
 Reference value :  2.10860e-07
 Reference value :  2.11780e-07
 Reference value :  2.12460e-07
 Reference value :  2.13160e-07
 Reference value :  2.13900e-07
 Reference value :  2.14580e-07
 Reference value :  2.15500e-07
 Reference value :  2.16220e-07
 Reference value :  2.16940e-07
 Reference value :  2.17900e-07
 Reference value :  2.18560e-07
 Reference value :  2.19420e-07
No. of Data Rows : 11885
sim/harness: analysis complete
Note: Simulation executed from .control section 
