
Note: Compatibility modes selected: hs a


Circuit: ** sch_path: /users/rwalters/github/sky130-pll/.loom/worktrees/issue-131/sim/divider-n4/testbench/tb_divider_n4.sch

option SCALE: Scale is set to 1e-06 for instance and model parameters
option SCALE: Scale is set to 1e-06 for instance and model parameters
option SCALE: Scale is set to 1e-06 for instance and model parameters
option SCALE: Scale is set to 1e-06 for instance and model parameters
Doing analysis at TEMP = 27.000000 and TNOM = 27.000000

Using KLU as Direct Linear Solver
 Reference value :  0.00000e+00
 Reference value :  6.77300e-10
 Reference value :  1.67730e-09
 Reference value :  2.47962e-09
 Reference value :  3.45962e-09
 Reference value :  4.19963e-09
 Reference value :  5.11000e-09
 Reference value :  6.01513e-09
 Reference value :  6.83963e-09
 Reference value :  7.81963e-09
 Reference value :  8.49962e-09
 Reference value :  9.37962e-09
 Reference value :  1.01196e-08
 Reference value :  1.09996e-08
 Reference value :  1.19796e-08
 Reference value :  1.25796e-08
 Reference value :  1.33996e-08
 Reference value :  1.41596e-08
 Reference value :  1.50596e-08
 Reference value :  1.59898e-08
 Reference value :  1.66196e-08
 Reference value :  1.75396e-08
 Reference value :  1.82596e-08
 Reference value :  1.91196e-08
 Reference value :  1.99898e-08
 Reference value :  2.05396e-08
 Reference value :  2.11796e-08
 Reference value :  2.19396e-08
 Reference value :  2.25596e-08
 Reference value :  2.34996e-08
 Reference value :  2.41796e-08
 Reference value :  2.50396e-08
 Reference value :  2.59596e-08
 Reference value :  2.67596e-08
 Reference value :  2.76796e-08
 Reference value :  2.83196e-08
 Reference value :  2.89996e-08
 Reference value :  2.98396e-08
 Reference value :  3.05196e-08
 Reference value :  3.14196e-08
 Reference value :  3.21196e-08
 Reference value :  3.29196e-08
 Reference value :  3.38796e-08
 Reference value :  3.45396e-08
 Reference value :  3.53796e-08
 Reference value :  3.60186e-08
 Reference value :  3.66796e-08
 Reference value :  3.73596e-08
 Reference value :  3.80796e-08
 Reference value :  3.89796e-08
 Reference value :  3.98796e-08
 Reference value :  4.04796e-08
 Reference value :  4.13796e-08
 Reference value :  4.20996e-08
 Reference value :  4.29596e-08
 Reference value :  4.38596e-08
 Reference value :  4.44596e-08
 Reference value :  4.51196e-08
 Reference value :  4.60134e-08
 Reference value :  4.69996e-08
 Reference value :  4.79796e-08
 Reference value :  4.84996e-08
 Reference value :  4.93996e-08
 Reference value :  5.00996e-08
 Reference value :  5.09596e-08
 Reference value :  5.18396e-08
 Reference value :  5.24396e-08
 Reference value :  5.30196e-08
 Reference value :  5.38396e-08
 Reference value :  5.44796e-08
 Reference value :  5.53596e-08
 Reference value :  5.60596e-08
 Reference value :  5.68396e-08
 Reference value :  5.77796e-08
 Reference value :  5.84596e-08
 Reference value :  5.93996e-08
 Reference value :  6.01596e-08
 Reference value :  6.08596e-08
 Reference value :  6.16996e-08
 Reference value :  6.24396e-08
 Reference value :  6.33596e-08
 Reference value :  6.40996e-08
 Reference value :  6.48996e-08
 Reference value :  6.58196e-08
 Reference value :  6.64996e-08
 Reference value :  6.73996e-08
 Reference value :  6.80996e-08
 Reference value :  6.87596e-08
 Reference value :  6.94796e-08
 Reference value :  7.01796e-08
 Reference value :  7.09796e-08
 Reference value :  7.18596e-08
 Reference value :  7.24773e-08
 Reference value :  7.33973e-08
 Reference value :  7.43596e-08
 Reference value :  7.52396e-08
 Reference value :  7.60151e-08
 Reference value :  7.66396e-08
 Reference value :  7.73796e-08
 Reference value :  7.80996e-08
 Reference value :  7.89996e-08
 Reference value :  7.98996e-08
 Reference value :  8.04996e-08
 Reference value :  8.14396e-08
 Reference value :  8.21796e-08
 Reference value :  8.30596e-08
 Reference value :  8.39196e-08
 Reference value :  8.44573e-08
 Reference value :  8.50773e-08
 Reference value :  8.58973e-08
 Reference value :  8.66196e-08
 Reference value :  8.75796e-08
 Reference value :  8.82596e-08
 Reference value :  8.91196e-08
 Reference value :  9.00013e-08
 Reference value :  9.07596e-08
 Reference value :  9.17196e-08
 Reference value :  9.23996e-08
 Reference value :  9.30996e-08
 Reference value :  9.40000e-08
 Reference value :  9.47396e-08
 Reference value :  9.56596e-08
 Reference value :  9.63396e-08
 Reference value :  9.71996e-08
 Reference value :  9.80151e-08
 Reference value :  9.88196e-08
 Reference value :  9.97196e-08
 Reference value :  1.00380e-07
 Reference value :  1.01000e-07
 Reference value :  1.01900e-07
 Reference value :  1.02600e-07
 Reference value :  1.03540e-07
 Reference value :  1.04220e-07
 Reference value :  1.05080e-07
 Reference value :  1.06000e-07
 Reference value :  1.06720e-07
 Reference value :  1.07660e-07
 Reference value :  1.08340e-07
 Reference value :  1.09020e-07
 Reference value :  1.09920e-07
 Reference value :  1.10660e-07
 Reference value :  1.11560e-07
 Reference value :  1.12277e-07
 Reference value :  1.13157e-07
 Reference value :  1.14013e-07
 Reference value :  1.14800e-07
 Reference value :  1.15700e-07
 Reference value :  1.16340e-07
 Reference value :  1.17020e-07
 Reference value :  1.17900e-07
 Reference value :  1.18640e-07
 Reference value :  1.19540e-07
 Reference value :  1.20260e-07
 Reference value :  1.21140e-07
 Reference value :  1.22001e-07
 Reference value :  1.22740e-07
 Reference value :  1.23620e-07
 Reference value :  1.24280e-07
 Reference value :  1.24940e-07
 Reference value :  1.25800e-07
 Reference value :  1.26620e-07
 Reference value :  1.27560e-07
 Reference value :  1.28260e-07
 Reference value :  1.29120e-07
 Reference value :  1.30004e-07
 Reference value :  1.30640e-07
 Reference value :  1.31500e-07
 Reference value :  1.32180e-07
 Reference value :  1.32820e-07
 Reference value :  1.33580e-07
 Reference value :  1.34280e-07
 Reference value :  1.35120e-07
 Reference value :  1.35980e-07
 Reference value :  1.36600e-07
 Reference value :  1.37500e-07
 Reference value :  1.38180e-07
 Reference value :  1.39060e-07
 Reference value :  1.39940e-07
 Reference value :  1.40520e-07
 Reference value :  1.41180e-07
 Reference value :  1.42004e-07
 Reference value :  1.42760e-07
 Reference value :  1.43620e-07
 Reference value :  1.44280e-07
 Reference value :  1.45100e-07
 Reference value :  1.45960e-07
 Reference value :  1.46600e-07
 Reference value :  1.47520e-07
 Reference value :  1.48200e-07
 Reference value :  1.48840e-07
 Reference value :  1.49620e-07
 Reference value :  1.50360e-07
 Reference value :  1.51280e-07
 Reference value :  1.52040e-07
 Reference value :  1.52860e-07
 Reference value :  1.53840e-07
 Reference value :  1.54480e-07
 Reference value :  1.55440e-07
 Reference value :  1.56160e-07
 Reference value :  1.56820e-07
 Reference value :  1.57680e-07
 Reference value :  1.58400e-07
 Reference value :  1.59400e-07
 Reference value :  1.60160e-07
 Reference value :  1.60940e-07
 Reference value :  1.61840e-07
 Reference value :  1.62480e-07
 Reference value :  1.63380e-07
 Reference value :  1.64060e-07
 Reference value :  1.64740e-07
 Reference value :  1.65420e-07
 Reference value :  1.66120e-07
 Reference value :  1.67040e-07
 Reference value :  1.67960e-07
 Reference value :  1.68540e-07
 Reference value :  1.69440e-07
 Reference value :  1.70140e-07
 Reference value :  1.70980e-07
 Reference value :  1.71880e-07
 Reference value :  1.72520e-07
 Reference value :  1.73180e-07
 Reference value :  1.74012e-07
 Reference value :  1.74800e-07
 Reference value :  1.75620e-07
 Reference value :  1.76240e-07
 Reference value :  1.77000e-07
 Reference value :  1.77820e-07
 Reference value :  1.78420e-07
 Reference value :  1.79360e-07
 Reference value :  1.80100e-07
 Reference value :  1.80760e-07
 Reference value :  1.81480e-07
 Reference value :  1.82200e-07
 Reference value :  1.83160e-07
 Reference value :  1.84013e-07
 Reference value :  1.84800e-07
 Reference value :  1.85800e-07
 Reference value :  1.86540e-07
 Reference value :  1.87480e-07
 Reference value :  1.88220e-07
 Reference value :  1.88960e-07
 Reference value :  1.89990e-07
 Reference value :  1.90740e-07
 Reference value :  1.91680e-07
 Reference value :  1.92320e-07
 Reference value :  1.93160e-07
 Reference value :  1.94001e-07
 Reference value :  1.94720e-07
 Reference value :  1.95600e-07
 Reference value :  1.96220e-07
 Reference value :  1.96860e-07
 Reference value :  1.97580e-07
 Reference value :  1.98260e-07
 Reference value :  1.99140e-07
 Reference value :  1.99990e-07
 Reference value :  2.00580e-07
 Reference value :  2.01520e-07
 Reference value :  2.02200e-07
 Reference value :  2.03120e-07
 Reference value :  2.04001e-07
 Reference value :  2.04600e-07
 Reference value :  2.05340e-07
 Reference value :  2.06060e-07
 Reference value :  2.06940e-07
 Reference value :  2.07860e-07
 Reference value :  2.08420e-07
 Reference value :  2.09380e-07
 Reference value :  2.10080e-07
 Reference value :  2.10920e-07
 Reference value :  2.11820e-07
 Reference value :  2.12420e-07
 Reference value :  2.13000e-07
 Reference value :  2.13940e-07
 Reference value :  2.14680e-07
 Reference value :  2.15680e-07
 Reference value :  2.16380e-07
 Reference value :  2.17360e-07
 Reference value :  2.18140e-07
 Reference value :  2.19080e-07
No. of Data Rows : 11885
sim/harness: analysis complete
Note: Simulation executed from .control section 
