
Note: Compatibility modes selected: hs a


Circuit: ** sch_path: /users/rwalters/github/sky130-pll/.loom/worktrees/issue-131/sim/divider-n4/testbench/tb_divider_n4.sch

option SCALE: Scale is set to 1e-06 for instance and model parameters
option SCALE: Scale is set to 1e-06 for instance and model parameters
option SCALE: Scale is set to 1e-06 for instance and model parameters
option SCALE: Scale is set to 1e-06 for instance and model parameters
Doing analysis at TEMP = -40.000000 and TNOM = 27.000000

Using KLU as Direct Linear Solver
 Reference value :  0.00000e+00
 Reference value :  6.97300e-10
 Reference value :  1.67730e-09
 Reference value :  2.35962e-09
 Reference value :  3.33962e-09
 Reference value :  4.13963e-09
 Reference value :  5.01400e-09
 Reference value :  6.00813e-09
 Reference value :  6.73963e-09
 Reference value :  7.65963e-09
 Reference value :  8.35962e-09
 Reference value :  9.19962e-09
 Reference value :  1.00134e-08
 Reference value :  1.08196e-08
 Reference value :  1.17996e-08
 Reference value :  1.24996e-08
 Reference value :  1.32196e-08
 Reference value :  1.40081e-08
 Reference value :  1.47796e-08
 Reference value :  1.57396e-08
 Reference value :  1.63796e-08
 Reference value :  1.71596e-08
 Reference value :  1.80081e-08
 Reference value :  1.88796e-08
 Reference value :  1.98796e-08
 Reference value :  2.06396e-08
 Reference value :  2.13396e-08
 Reference value :  2.20256e-08
 Reference value :  2.29396e-08
 Reference value :  2.39596e-08
 Reference value :  2.45396e-08
 Reference value :  2.54996e-08
 Reference value :  2.62596e-08
 Reference value :  2.72996e-08
 Reference value :  2.80996e-08
 Reference value :  2.88396e-08
 Reference value :  2.96596e-08
 Reference value :  3.02396e-08
 Reference value :  3.09796e-08
 Reference value :  3.18796e-08
 Reference value :  3.24796e-08
 Reference value :  3.33396e-08
 Reference value :  3.40996e-08
 Reference value :  3.49996e-08
 Reference value :  3.58996e-08
 Reference value :  3.64996e-08
 Reference value :  3.71196e-08
 Reference value :  3.76796e-08
 Reference value :  3.83196e-08
 Reference value :  3.91796e-08
 Reference value :  4.00081e-08
 Reference value :  4.06396e-08
 Reference value :  4.15596e-08
 Reference value :  4.22396e-08
 Reference value :  4.30596e-08
 Reference value :  4.38596e-08
 Reference value :  4.44596e-08
 Reference value :  4.51796e-08
 Reference value :  4.60000e-08
 Reference value :  4.66796e-08
 Reference value :  4.75996e-08
 Reference value :  4.82196e-08
 Reference value :  4.89796e-08
 Reference value :  4.99396e-08
 Reference value :  5.06196e-08
 Reference value :  5.14996e-08
 Reference value :  5.21996e-08
 Reference value :  5.29196e-08
 Reference value :  5.35196e-08
 Reference value :  5.41396e-08
 Reference value :  5.50196e-08
 Reference value :  5.59196e-08
 Reference value :  5.65396e-08
 Reference value :  5.74396e-08
 Reference value :  5.81596e-08
 Reference value :  5.90596e-08
 Reference value :  5.99898e-08
 Reference value :  6.06396e-08
 Reference value :  6.13596e-08
 Reference value :  6.20596e-08
 Reference value :  6.28996e-08
 Reference value :  6.38596e-08
 Reference value :  6.45196e-08
 Reference value :  6.53996e-08
 Reference value :  6.61196e-08
 Reference value :  6.69596e-08
 Reference value :  6.78596e-08
 Reference value :  6.84996e-08
 Reference value :  6.91396e-08
 Reference value :  6.97796e-08
 Reference value :  7.04196e-08
 Reference value :  7.13596e-08
 Reference value :  7.20773e-08
 Reference value :  7.27373e-08
 Reference value :  7.35773e-08
 Reference value :  7.42196e-08
 Reference value :  7.50796e-08
 Reference value :  7.59596e-08
 Reference value :  7.65396e-08
 Reference value :  7.72396e-08
 Reference value :  7.80038e-08
 Reference value :  7.87196e-08
 Reference value :  7.96396e-08
 Reference value :  8.03396e-08
 Reference value :  8.11396e-08
 Reference value :  8.20125e-08
 Reference value :  8.27796e-08
 Reference value :  8.36996e-08
 Reference value :  8.43773e-08
 Reference value :  8.50373e-08
 Reference value :  8.56173e-08
 Reference value :  8.62396e-08
 Reference value :  8.71396e-08
 Reference value :  8.80038e-08
 Reference value :  8.85796e-08
 Reference value :  8.94996e-08
 Reference value :  9.02196e-08
 Reference value :  9.11196e-08
 Reference value :  9.20012e-08
 Reference value :  9.26396e-08
 Reference value :  9.33596e-08
 Reference value :  9.40396e-08
 Reference value :  9.48596e-08
 Reference value :  9.57596e-08
 Reference value :  9.64196e-08
 Reference value :  9.71996e-08
 Reference value :  9.80125e-08
 Reference value :  9.87396e-08
 Reference value :  9.96996e-08
 Reference value :  1.00420e-07
 Reference value :  1.01100e-07
 Reference value :  1.01680e-07
 Reference value :  1.02360e-07
 Reference value :  1.03280e-07
 Reference value :  1.04040e-07
 Reference value :  1.04740e-07
 Reference value :  1.05680e-07
 Reference value :  1.06340e-07
 Reference value :  1.07260e-07
 Reference value :  1.08019e-07
 Reference value :  1.08740e-07
 Reference value :  1.09440e-07
 Reference value :  1.10120e-07
 Reference value :  1.10920e-07
 Reference value :  1.11820e-07
 Reference value :  1.12457e-07
 Reference value :  1.13297e-07
 Reference value :  1.14060e-07
 Reference value :  1.14920e-07
 Reference value :  1.15840e-07
 Reference value :  1.16480e-07
 Reference value :  1.17140e-07
 Reference value :  1.17800e-07
 Reference value :  1.18500e-07
 Reference value :  1.19420e-07
 Reference value :  1.20180e-07
 Reference value :  1.20960e-07
 Reference value :  1.21900e-07
 Reference value :  1.22580e-07
 Reference value :  1.23500e-07
 Reference value :  1.24180e-07
 Reference value :  1.24900e-07
 Reference value :  1.25600e-07
 Reference value :  1.26240e-07
 Reference value :  1.27140e-07
 Reference value :  1.28001e-07
 Reference value :  1.28600e-07
 Reference value :  1.29480e-07
 Reference value :  1.30200e-07
 Reference value :  1.31060e-07
 Reference value :  1.31980e-07
 Reference value :  1.32600e-07
 Reference value :  1.33240e-07
 Reference value :  1.33900e-07
 Reference value :  1.34520e-07
 Reference value :  1.35480e-07
 Reference value :  1.36200e-07
 Reference value :  1.36920e-07
 Reference value :  1.37840e-07
 Reference value :  1.38520e-07
 Reference value :  1.39460e-07
 Reference value :  1.40160e-07
 Reference value :  1.40920e-07
 Reference value :  1.41660e-07
 Reference value :  1.42360e-07
 Reference value :  1.43280e-07
 Reference value :  1.44040e-07
 Reference value :  1.44800e-07
 Reference value :  1.45740e-07
 Reference value :  1.46400e-07
 Reference value :  1.47320e-07
 Reference value :  1.48080e-07
 Reference value :  1.48820e-07
 Reference value :  1.49380e-07
 Reference value :  1.50019e-07
 Reference value :  1.50820e-07
 Reference value :  1.51740e-07
 Reference value :  1.52400e-07
 Reference value :  1.53200e-07
 Reference value :  1.54013e-07
 Reference value :  1.54800e-07
 Reference value :  1.55720e-07
 Reference value :  1.56400e-07
 Reference value :  1.57120e-07
 Reference value :  1.57920e-07
 Reference value :  1.58580e-07
 Reference value :  1.59480e-07
 Reference value :  1.60200e-07
 Reference value :  1.60940e-07
 Reference value :  1.61820e-07
 Reference value :  1.62480e-07
 Reference value :  1.63380e-07
 Reference value :  1.64120e-07
 Reference value :  1.64880e-07
 Reference value :  1.65480e-07
 Reference value :  1.66100e-07
 Reference value :  1.66940e-07
 Reference value :  1.67880e-07
 Reference value :  1.68480e-07
 Reference value :  1.69340e-07
 Reference value :  1.70100e-07
 Reference value :  1.70980e-07
 Reference value :  1.71920e-07
 Reference value :  1.72580e-07
 Reference value :  1.73300e-07
 Reference value :  1.74019e-07
 Reference value :  1.74840e-07
 Reference value :  1.75800e-07
 Reference value :  1.76440e-07
 Reference value :  1.77200e-07
 Reference value :  1.78013e-07
 Reference value :  1.78760e-07
 Reference value :  1.79680e-07
 Reference value :  1.80360e-07
 Reference value :  1.81020e-07
 Reference value :  1.81620e-07
 Reference value :  1.82220e-07
 Reference value :  1.83080e-07
 Reference value :  1.83960e-07
 Reference value :  1.84540e-07
 Reference value :  1.85420e-07
 Reference value :  1.86140e-07
 Reference value :  1.87020e-07
 Reference value :  1.87960e-07
 Reference value :  1.88620e-07
 Reference value :  1.89360e-07
 Reference value :  1.90080e-07
 Reference value :  1.90920e-07
 Reference value :  1.91860e-07
 Reference value :  1.92500e-07
 Reference value :  1.93360e-07
 Reference value :  1.94120e-07
 Reference value :  1.95000e-07
 Reference value :  1.95940e-07
 Reference value :  1.96580e-07
 Reference value :  1.97220e-07
 Reference value :  1.97880e-07
 Reference value :  1.98540e-07
 Reference value :  1.99440e-07
 Reference value :  2.00160e-07
 Reference value :  2.00920e-07
 Reference value :  2.01840e-07
 Reference value :  2.02500e-07
 Reference value :  2.03440e-07
 Reference value :  2.04160e-07
 Reference value :  2.04900e-07
 Reference value :  2.05620e-07
 Reference value :  2.06280e-07
 Reference value :  2.07180e-07
 Reference value :  2.08013e-07
 Reference value :  2.08700e-07
 Reference value :  2.09620e-07
 Reference value :  2.10280e-07
 Reference value :  2.11200e-07
 Reference value :  2.12013e-07
 Reference value :  2.12680e-07
 Reference value :  2.13260e-07
 Reference value :  2.13940e-07
 Reference value :  2.14600e-07
 Reference value :  2.15460e-07
 Reference value :  2.16160e-07
 Reference value :  2.16900e-07
 Reference value :  2.17900e-07
 Reference value :  2.18620e-07
 Reference value :  2.19620e-07
No. of Data Rows : 11885
sim/harness: analysis complete
Note: Simulation executed from .control section 
Note: Starting dynamic gmin stepping
Note: Dynamic gmin stepping completed
