
Note: Compatibility modes selected: hs a


Circuit: ** sch_path: /users/rwalters/github/sky130-pll/.loom/worktrees/issue-131/sim/divider-n4/testbench/tb_divider_n4.sch

option SCALE: Scale is set to 1e-06 for instance and model parameters
option SCALE: Scale is set to 1e-06 for instance and model parameters
option SCALE: Scale is set to 1e-06 for instance and model parameters
option SCALE: Scale is set to 1e-06 for instance and model parameters
Doing analysis at TEMP = 125.000000 and TNOM = 27.000000

Using KLU as Direct Linear Solver
 Reference value :  0.00000e+00
 Reference value :  7.17300e-10
 Reference value :  1.69730e-09
 Reference value :  2.47962e-09
 Reference value :  3.41962e-09
 Reference value :  4.13963e-09
 Reference value :  5.00000e-09
 Reference value :  6.00125e-09
 Reference value :  6.79963e-09
 Reference value :  7.69963e-09
 Reference value :  8.47962e-09
 Reference value :  9.41962e-09
 Reference value :  1.01796e-08
 Reference value :  1.10796e-08
 Reference value :  1.19898e-08
 Reference value :  1.26596e-08
 Reference value :  1.35196e-08
 Reference value :  1.42196e-08
 Reference value :  1.51396e-08
 Reference value :  1.60125e-08
 Reference value :  1.67596e-08
 Reference value :  1.76996e-08
 Reference value :  1.84196e-08
 Reference value :  1.93796e-08
 Reference value :  2.01596e-08
 Reference value :  2.09596e-08
 Reference value :  2.16796e-08
 Reference value :  2.23396e-08
 Reference value :  2.32596e-08
 Reference value :  2.40396e-08
 Reference value :  2.48596e-08
 Reference value :  2.58196e-08
 Reference value :  2.65196e-08
 Reference value :  2.73996e-08
 Reference value :  2.81196e-08
 Reference value :  2.88796e-08
 Reference value :  2.96596e-08
 Reference value :  3.03396e-08
 Reference value :  3.12596e-08
 Reference value :  3.20396e-08
 Reference value :  3.28596e-08
 Reference value :  3.37996e-08
 Reference value :  3.44796e-08
 Reference value :  3.54196e-08
 Reference value :  3.61796e-08
 Reference value :  3.69396e-08
 Reference value :  3.76396e-08
 Reference value :  3.82596e-08
 Reference value :  3.91796e-08
 Reference value :  4.00134e-08
 Reference value :  4.07796e-08
 Reference value :  4.17196e-08
 Reference value :  4.24396e-08
 Reference value :  4.35796e-08
 Reference value :  4.46996e-08
 Reference value :  4.59796e-08
 Reference value :  4.73196e-08
 Reference value :  4.85596e-08
 Reference value :  4.98796e-08
 Reference value :  5.08996e-08
 Reference value :  5.21196e-08
 Reference value :  5.35196e-08
 Reference value :  5.48196e-08
 Reference value :  5.63196e-08
 Reference value :  5.78396e-08
 Reference value :  5.92796e-08
 Reference value :  6.06796e-08
 Reference value :  6.20186e-08
 Reference value :  6.34996e-08
 Reference value :  6.49196e-08
 Reference value :  6.63396e-08
 Reference value :  6.80000e-08
 Reference value :  6.92596e-08
 Reference value :  7.04996e-08
 Reference value :  7.20149e-08
 Reference value :  7.35573e-08
 Reference value :  7.50196e-08
 Reference value :  7.64796e-08
 Reference value :  7.79196e-08
 Reference value :  7.93596e-08
 Reference value :  8.07596e-08
 Reference value :  8.22596e-08
 Reference value :  8.38396e-08
 Reference value :  8.51573e-08
 Reference value :  8.63596e-08
 Reference value :  8.80013e-08
 Reference value :  8.94996e-08
 Reference value :  9.08596e-08
 Reference value :  9.23396e-08
 Reference value :  9.36796e-08
 Reference value :  9.47396e-08
 Reference value :  9.59196e-08
 Reference value :  9.69996e-08
 Reference value :  9.81596e-08
 Reference value :  9.91996e-08
 Reference value :  1.00400e-07
 Reference value :  1.01740e-07
 Reference value :  1.03140e-07
 Reference value :  1.04580e-07
 Reference value :  1.06060e-07
 Reference value :  1.07620e-07
 Reference value :  1.08820e-07
 Reference value :  1.10000e-07
 Reference value :  1.11460e-07
 Reference value :  1.12897e-07
 Reference value :  1.14260e-07
 Reference value :  1.15940e-07
 Reference value :  1.16900e-07
 Reference value :  1.17800e-07
 Reference value :  1.18720e-07
 Reference value :  1.19880e-07
 Reference value :  1.20940e-07
 Reference value :  1.22013e-07
 Reference value :  1.23500e-07
 Reference value :  1.24460e-07
 Reference value :  1.25940e-07
 Reference value :  1.27000e-07
 Reference value :  1.28026e-07
 Reference value :  1.29040e-07
 Reference value :  1.30080e-07
 Reference value :  1.31300e-07
 Reference value :  1.32280e-07
 Reference value :  1.33320e-07
 Reference value :  1.34380e-07
 Reference value :  1.35780e-07
 Reference value :  1.37020e-07
 Reference value :  1.38440e-07
 Reference value :  1.39800e-07
 Reference value :  1.40860e-07
 Reference value :  1.42120e-07
 Reference value :  1.43400e-07
 Reference value :  1.44620e-07
 Reference value :  1.46100e-07
 Reference value :  1.47740e-07
 Reference value :  1.49080e-07
 Reference value :  1.50300e-07
 Reference value :  1.51980e-07
 Reference value :  1.53380e-07
 Reference value :  1.54740e-07
 Reference value :  1.56220e-07
 Reference value :  1.57560e-07
 Reference value :  1.58820e-07
 Reference value :  1.60200e-07
 Reference value :  1.61760e-07
 Reference value :  1.62800e-07
 Reference value :  1.64026e-07
 Reference value :  1.65200e-07
 Reference value :  1.66400e-07
 Reference value :  1.67620e-07
 Reference value :  1.68820e-07
 Reference value :  1.70015e-07
 Reference value :  1.71500e-07
 Reference value :  1.72260e-07
 Reference value :  1.73060e-07
 Reference value :  1.73860e-07
 Reference value :  1.74560e-07
 Reference value :  1.75420e-07
 Reference value :  1.76180e-07
 Reference value :  1.77060e-07
 Reference value :  1.77980e-07
 Reference value :  1.78680e-07
 Reference value :  1.79620e-07
 Reference value :  1.80340e-07
 Reference value :  1.81080e-07
 Reference value :  1.81800e-07
 Reference value :  1.82460e-07
 Reference value :  1.83360e-07
 Reference value :  1.84100e-07
 Reference value :  1.84900e-07
 Reference value :  1.85820e-07
 Reference value :  1.86520e-07
 Reference value :  1.87420e-07
 Reference value :  1.88140e-07
 Reference value :  1.89000e-07
 Reference value :  1.89820e-07
 Reference value :  1.90560e-07
 Reference value :  1.91480e-07
 Reference value :  1.92240e-07
 Reference value :  1.93080e-07
 Reference value :  1.94000e-07
 Reference value :  1.94740e-07
 Reference value :  1.95680e-07
 Reference value :  1.96420e-07
 Reference value :  1.97180e-07
 Reference value :  1.97900e-07
 Reference value :  1.98600e-07
 Reference value :  1.99500e-07
 Reference value :  2.00240e-07
 Reference value :  2.01040e-07
 Reference value :  2.01960e-07
 Reference value :  2.02660e-07
 Reference value :  2.03580e-07
 Reference value :  2.04340e-07
 Reference value :  2.05140e-07
 Reference value :  2.05960e-07
 Reference value :  2.06680e-07
 Reference value :  2.07620e-07
 Reference value :  2.08380e-07
 Reference value :  2.09220e-07
 Reference value :  2.10019e-07
 Reference value :  2.10880e-07
 Reference value :  2.11820e-07
 Reference value :  2.12520e-07
 Reference value :  2.13240e-07
 Reference value :  2.13920e-07
 Reference value :  2.14600e-07
 Reference value :  2.15520e-07
 Reference value :  2.16260e-07
 Reference value :  2.17080e-07
 Reference value :  2.18000e-07
 Reference value :  2.18740e-07
 Reference value :  2.19700e-07
No. of Data Rows : 11885
sim/harness: analysis complete
Note: Simulation executed from .control section 
Note: Starting dynamic gmin stepping
Note: Dynamic gmin stepping completed
