
Note: Compatibility modes selected: hs a


Circuit: ** sch_path: /users/rwalters/github/sky130-pll/.loom/worktrees/issue-131/sim/divider-n4/testbench/tb_divider_n4.sch

option SCALE: Scale is set to 1e-06 for instance and model parameters
option SCALE: Scale is set to 1e-06 for instance and model parameters
option SCALE: Scale is set to 1e-06 for instance and model parameters
option SCALE: Scale is set to 1e-06 for instance and model parameters
Doing analysis at TEMP = 27.000000 and TNOM = 27.000000

Using KLU as Direct Linear Solver
 Reference value :  0.00000e+00
 Reference value :  6.57300e-10
 Reference value :  1.65730e-09
 Reference value :  2.47962e-09
 Reference value :  3.55962e-09
 Reference value :  4.33963e-09
 Reference value :  5.29000e-09
 Reference value :  6.15963e-09
 Reference value :  7.13963e-09
 Reference value :  8.00375e-09
 Reference value :  8.75962e-09
 Reference value :  9.77962e-09
 Reference value :  1.05796e-08
 Reference value :  1.15796e-08
 Reference value :  1.22596e-08
 Reference value :  1.30796e-08
 Reference value :  1.37996e-08
 Reference value :  1.43596e-08
 Reference value :  1.52596e-08
 Reference value :  1.60151e-08
 Reference value :  1.67396e-08
 Reference value :  1.76996e-08
 Reference value :  1.83396e-08
 Reference value :  1.91996e-08
 Reference value :  2.00081e-08
 Reference value :  2.06196e-08
 Reference value :  2.12596e-08
 Reference value :  2.20081e-08
 Reference value :  2.27796e-08
 Reference value :  2.36996e-08
 Reference value :  2.43796e-08
 Reference value :  2.52596e-08
 Reference value :  2.60256e-08
 Reference value :  2.67596e-08
 Reference value :  2.75796e-08
 Reference value :  2.82396e-08
 Reference value :  2.89596e-08
 Reference value :  2.97996e-08
 Reference value :  3.04796e-08
 Reference value :  3.13596e-08
 Reference value :  3.21596e-08
 Reference value :  3.28796e-08
 Reference value :  3.37796e-08
 Reference value :  3.44596e-08
 Reference value :  3.53396e-08
 Reference value :  3.60796e-08
 Reference value :  3.67996e-08
 Reference value :  3.74796e-08
 Reference value :  3.81596e-08
 Reference value :  3.90596e-08
 Reference value :  3.99796e-08
 Reference value :  4.06196e-08
 Reference value :  4.15396e-08
 Reference value :  4.22396e-08
 Reference value :  4.31596e-08
 Reference value :  4.40125e-08
 Reference value :  4.47196e-08
 Reference value :  4.54996e-08
 Reference value :  4.61996e-08
 Reference value :  4.71196e-08
 Reference value :  4.80038e-08
 Reference value :  4.86996e-08
 Reference value :  4.96196e-08
 Reference value :  5.02996e-08
 Reference value :  5.11996e-08
 Reference value :  5.20081e-08
 Reference value :  5.26796e-08
 Reference value :  5.33396e-08
 Reference value :  5.40796e-08
 Reference value :  5.49196e-08
 Reference value :  5.57996e-08
 Reference value :  5.63796e-08
 Reference value :  5.71596e-08
 Reference value :  5.80013e-08
 Reference value :  5.86596e-08
 Reference value :  5.95196e-08
 Reference value :  6.01996e-08
 Reference value :  6.09196e-08
 Reference value :  6.17196e-08
 Reference value :  6.23396e-08
 Reference value :  6.32396e-08
 Reference value :  6.40256e-08
 Reference value :  6.47796e-08
 Reference value :  6.57196e-08
 Reference value :  6.64196e-08
 Reference value :  6.73196e-08
 Reference value :  6.80596e-08
 Reference value :  6.88196e-08
 Reference value :  6.94996e-08
 Reference value :  7.02196e-08
 Reference value :  7.11196e-08
 Reference value :  7.20000e-08
 Reference value :  7.26773e-08
 Reference value :  7.35773e-08
 Reference value :  7.42796e-08
 Reference value :  7.51996e-08
 Reference value :  7.60125e-08
 Reference value :  7.66996e-08
 Reference value :  7.74396e-08
 Reference value :  7.81596e-08
 Reference value :  7.90396e-08
 Reference value :  7.99396e-08
 Reference value :  8.05596e-08
 Reference value :  8.14796e-08
 Reference value :  8.21996e-08
 Reference value :  8.30796e-08
 Reference value :  8.39796e-08
 Reference value :  8.45973e-08
 Reference value :  8.52773e-08
 Reference value :  8.60134e-08
 Reference value :  8.68196e-08
 Reference value :  8.77396e-08
 Reference value :  8.83996e-08
 Reference value :  8.92796e-08
 Reference value :  9.00396e-08
 Reference value :  9.09196e-08
 Reference value :  9.18396e-08
 Reference value :  9.24796e-08
 Reference value :  9.32196e-08
 Reference value :  9.40081e-08
 Reference value :  9.47396e-08
 Reference value :  9.56196e-08
 Reference value :  9.62796e-08
 Reference value :  9.70796e-08
 Reference value :  9.79898e-08
 Reference value :  9.86796e-08
 Reference value :  9.95996e-08
 Reference value :  1.00320e-07
 Reference value :  1.01000e-07
 Reference value :  1.01760e-07
 Reference value :  1.02480e-07
 Reference value :  1.03420e-07
 Reference value :  1.04160e-07
 Reference value :  1.04980e-07
 Reference value :  1.05960e-07
 Reference value :  1.06660e-07
 Reference value :  1.07580e-07
 Reference value :  1.08280e-07
 Reference value :  1.09000e-07
 Reference value :  1.09800e-07
 Reference value :  1.10460e-07
 Reference value :  1.11340e-07
 Reference value :  1.12057e-07
 Reference value :  1.12857e-07
 Reference value :  1.13737e-07
 Reference value :  1.14400e-07
 Reference value :  1.15340e-07
 Reference value :  1.16060e-07
 Reference value :  1.16760e-07
 Reference value :  1.17400e-07
 Reference value :  1.18120e-07
 Reference value :  1.19000e-07
 Reference value :  1.19880e-07
 Reference value :  1.20520e-07
 Reference value :  1.21440e-07
 Reference value :  1.22160e-07
 Reference value :  1.23120e-07
 Reference value :  1.24001e-07
 Reference value :  1.24680e-07
 Reference value :  1.25460e-07
 Reference value :  1.26180e-07
 Reference value :  1.27100e-07
 Reference value :  1.28000e-07
 Reference value :  1.28660e-07
 Reference value :  1.29580e-07
 Reference value :  1.30280e-07
 Reference value :  1.31220e-07
 Reference value :  1.32019e-07
 Reference value :  1.32720e-07
 Reference value :  1.33380e-07
 Reference value :  1.34100e-07
 Reference value :  1.34980e-07
 Reference value :  1.35860e-07
 Reference value :  1.36500e-07
 Reference value :  1.37400e-07
 Reference value :  1.38120e-07
 Reference value :  1.39000e-07
 Reference value :  1.39920e-07
 Reference value :  1.40560e-07
 Reference value :  1.41320e-07
 Reference value :  1.42060e-07
 Reference value :  1.42920e-07
 Reference value :  1.43840e-07
 Reference value :  1.44480e-07
 Reference value :  1.45380e-07
 Reference value :  1.46100e-07
 Reference value :  1.46980e-07
 Reference value :  1.47860e-07
 Reference value :  1.48480e-07
 Reference value :  1.49120e-07
 Reference value :  1.49920e-07
 Reference value :  1.50620e-07
 Reference value :  1.51560e-07
 Reference value :  1.52280e-07
 Reference value :  1.53100e-07
 Reference value :  1.54000e-07
 Reference value :  1.54720e-07
 Reference value :  1.55640e-07
 Reference value :  1.56360e-07
 Reference value :  1.57100e-07
 Reference value :  1.57990e-07
 Reference value :  1.58720e-07
 Reference value :  1.59660e-07
 Reference value :  1.60360e-07
 Reference value :  1.61200e-07
 Reference value :  1.62015e-07
 Reference value :  1.62860e-07
 Reference value :  1.63780e-07
 Reference value :  1.64400e-07
 Reference value :  1.65080e-07
 Reference value :  1.65860e-07
 Reference value :  1.66540e-07
 Reference value :  1.67460e-07
 Reference value :  1.68120e-07
 Reference value :  1.68900e-07
 Reference value :  1.69800e-07
 Reference value :  1.70460e-07
 Reference value :  1.71420e-07
 Reference value :  1.72120e-07
 Reference value :  1.72860e-07
 Reference value :  1.73640e-07
 Reference value :  1.74340e-07
 Reference value :  1.75260e-07
 Reference value :  1.76040e-07
 Reference value :  1.76860e-07
 Reference value :  1.77800e-07
 Reference value :  1.78500e-07
 Reference value :  1.79420e-07
 Reference value :  1.80160e-07
 Reference value :  1.80880e-07
 Reference value :  1.81600e-07
 Reference value :  1.82300e-07
 Reference value :  1.83220e-07
 Reference value :  1.84015e-07
 Reference value :  1.84760e-07
 Reference value :  1.85680e-07
 Reference value :  1.86360e-07
 Reference value :  1.87260e-07
 Reference value :  1.88015e-07
 Reference value :  1.88760e-07
 Reference value :  1.89560e-07
 Reference value :  1.90260e-07
 Reference value :  1.91180e-07
 Reference value :  1.92013e-07
 Reference value :  1.92700e-07
 Reference value :  1.93640e-07
 Reference value :  1.94300e-07
 Reference value :  1.95220e-07
 Reference value :  1.96013e-07
 Reference value :  1.96700e-07
 Reference value :  1.97380e-07
 Reference value :  1.98100e-07
 Reference value :  1.98960e-07
 Reference value :  1.99860e-07
 Reference value :  2.00480e-07
 Reference value :  2.01360e-07
 Reference value :  2.02060e-07
 Reference value :  2.02920e-07
 Reference value :  2.03800e-07
 Reference value :  2.04400e-07
 Reference value :  2.05140e-07
 Reference value :  2.06001e-07
 Reference value :  2.06800e-07
 Reference value :  2.07760e-07
 Reference value :  2.08460e-07
 Reference value :  2.09460e-07
 Reference value :  2.10240e-07
 Reference value :  2.11280e-07
 Reference value :  2.12100e-07
 Reference value :  2.12880e-07
 Reference value :  2.13680e-07
 Reference value :  2.14440e-07
 Reference value :  2.15460e-07
 Reference value :  2.16300e-07
 Reference value :  2.17260e-07
 Reference value :  2.18140e-07
 Reference value :  2.19160e-07
No. of Data Rows : 11885
sim/harness: analysis complete
Note: Simulation executed from .control section 
Note: Starting dynamic gmin stepping
Note: Dynamic gmin stepping completed
