
Note: Compatibility modes selected: hs a


Circuit: ** sch_path: /users/rwalters/github/sky130-pll/.loom/worktrees/issue-131/sim/divider-n4/testbench/tb_divider_n4.sch

option SCALE: Scale is set to 1e-06 for instance and model parameters
option SCALE: Scale is set to 1e-06 for instance and model parameters
option SCALE: Scale is set to 1e-06 for instance and model parameters
option SCALE: Scale is set to 1e-06 for instance and model parameters
Doing analysis at TEMP = 27.000000 and TNOM = 27.000000

Using KLU as Direct Linear Solver
 Reference value :  0.00000e+00
 Reference value :  7.17300e-10
 Reference value :  1.65730e-09
 Reference value :  2.39962e-09
 Reference value :  3.35962e-09
 Reference value :  4.11963e-09
 Reference value :  5.00000e-09
 Reference value :  5.93000e-09
 Reference value :  6.65963e-09
 Reference value :  7.61963e-09
 Reference value :  8.33962e-09
 Reference value :  9.19962e-09
 Reference value :  1.00151e-08
 Reference value :  1.09196e-08
 Reference value :  1.18196e-08
 Reference value :  1.25196e-08
 Reference value :  1.33196e-08
 Reference value :  1.40256e-08
 Reference value :  1.48796e-08
 Reference value :  1.57196e-08
 Reference value :  1.64196e-08
 Reference value :  1.73196e-08
 Reference value :  1.81396e-08
 Reference value :  1.91596e-08
 Reference value :  2.00596e-08
 Reference value :  2.08796e-08
 Reference value :  2.16596e-08
 Reference value :  2.23796e-08
 Reference value :  2.32796e-08
 Reference value :  2.40596e-08
 Reference value :  2.49596e-08
 Reference value :  2.59898e-08
 Reference value :  2.67596e-08
 Reference value :  2.76596e-08
 Reference value :  2.83996e-08
 Reference value :  2.91596e-08
 Reference value :  2.97996e-08
 Reference value :  3.03996e-08
 Reference value :  3.12796e-08
 Reference value :  3.20186e-08
 Reference value :  3.27996e-08
 Reference value :  3.36596e-08
 Reference value :  3.42996e-08
 Reference value :  3.51596e-08
 Reference value :  3.60000e-08
 Reference value :  3.66396e-08
 Reference value :  3.73596e-08
 Reference value :  3.80125e-08
 Reference value :  3.87396e-08
 Reference value :  3.96596e-08
 Reference value :  4.03796e-08
 Reference value :  4.11996e-08
 Reference value :  4.19898e-08
 Reference value :  4.25996e-08
 Reference value :  4.34596e-08
 Reference value :  4.41596e-08
 Reference value :  4.49396e-08
 Reference value :  4.57196e-08
 Reference value :  4.63996e-08
 Reference value :  4.71996e-08
 Reference value :  4.80013e-08
 Reference value :  4.86996e-08
 Reference value :  4.95596e-08
 Reference value :  5.02596e-08
 Reference value :  5.11196e-08
 Reference value :  5.20013e-08
 Reference value :  5.26796e-08
 Reference value :  5.34196e-08
 Reference value :  5.40256e-08
 Reference value :  5.48796e-08
 Reference value :  5.57796e-08
 Reference value :  5.64796e-08
 Reference value :  5.73596e-08
 Reference value :  5.81196e-08
 Reference value :  5.90196e-08
 Reference value :  5.99396e-08
 Reference value :  6.05796e-08
 Reference value :  6.13596e-08
 Reference value :  6.20396e-08
 Reference value :  6.29196e-08
 Reference value :  6.38396e-08
 Reference value :  6.44996e-08
 Reference value :  6.53396e-08
 Reference value :  6.60796e-08
 Reference value :  6.69196e-08
 Reference value :  6.78196e-08
 Reference value :  6.85196e-08
 Reference value :  6.92596e-08
 Reference value :  6.99396e-08
 Reference value :  7.04996e-08
 Reference value :  7.13396e-08
 Reference value :  7.20245e-08
 Reference value :  7.27973e-08
 Reference value :  7.36573e-08
 Reference value :  7.43396e-08
 Reference value :  7.52996e-08
 Reference value :  7.60396e-08
 Reference value :  7.67796e-08
 Reference value :  7.75196e-08
 Reference value :  7.81796e-08
 Reference value :  7.90596e-08
 Reference value :  7.99898e-08
 Reference value :  8.07196e-08
 Reference value :  8.16196e-08
 Reference value :  8.23396e-08
 Reference value :  8.32196e-08
 Reference value :  8.40133e-08
 Reference value :  8.47373e-08
 Reference value :  8.54373e-08
 Reference value :  8.60396e-08
 Reference value :  8.68396e-08
 Reference value :  8.77596e-08
 Reference value :  8.84596e-08
 Reference value :  8.93196e-08
 Reference value :  9.00796e-08
 Reference value :  9.09196e-08
 Reference value :  9.18196e-08
 Reference value :  9.24796e-08
 Reference value :  9.32596e-08
 Reference value :  9.40038e-08
 Reference value :  9.47196e-08
 Reference value :  9.56396e-08
 Reference value :  9.63396e-08
 Reference value :  9.70996e-08
 Reference value :  9.79898e-08
 Reference value :  9.86596e-08
 Reference value :  9.95796e-08
 Reference value :  1.00280e-07
 Reference value :  1.01060e-07
 Reference value :  1.01740e-07
 Reference value :  1.02380e-07
 Reference value :  1.03300e-07
 Reference value :  1.04040e-07
 Reference value :  1.04840e-07
 Reference value :  1.05760e-07
 Reference value :  1.06460e-07
 Reference value :  1.07360e-07
 Reference value :  1.08080e-07
 Reference value :  1.08820e-07
 Reference value :  1.09580e-07
 Reference value :  1.10260e-07
 Reference value :  1.11160e-07
 Reference value :  1.12006e-07
 Reference value :  1.12717e-07
 Reference value :  1.13617e-07
 Reference value :  1.14340e-07
 Reference value :  1.15260e-07
 Reference value :  1.16019e-07
 Reference value :  1.16780e-07
 Reference value :  1.17520e-07
 Reference value :  1.18140e-07
 Reference value :  1.19020e-07
 Reference value :  1.19940e-07
 Reference value :  1.20660e-07
 Reference value :  1.21560e-07
 Reference value :  1.22280e-07
 Reference value :  1.23180e-07
 Reference value :  1.24004e-07
 Reference value :  1.24660e-07
 Reference value :  1.25440e-07
 Reference value :  1.26080e-07
 Reference value :  1.26880e-07
 Reference value :  1.27780e-07
 Reference value :  1.28460e-07
 Reference value :  1.29280e-07
 Reference value :  1.30040e-07
 Reference value :  1.30860e-07
 Reference value :  1.31740e-07
 Reference value :  1.32440e-07
 Reference value :  1.33200e-07
 Reference value :  1.33900e-07
 Reference value :  1.34520e-07
 Reference value :  1.35460e-07
 Reference value :  1.36200e-07
 Reference value :  1.37020e-07
 Reference value :  1.37900e-07
 Reference value :  1.38600e-07
 Reference value :  1.39520e-07
 Reference value :  1.40240e-07
 Reference value :  1.41040e-07
 Reference value :  1.41840e-07
 Reference value :  1.42520e-07
 Reference value :  1.43420e-07
 Reference value :  1.44160e-07
 Reference value :  1.44980e-07
 Reference value :  1.45920e-07
 Reference value :  1.46620e-07
 Reference value :  1.47520e-07
 Reference value :  1.48240e-07
 Reference value :  1.49020e-07
 Reference value :  1.49680e-07
 Reference value :  1.50280e-07
 Reference value :  1.51160e-07
 Reference value :  1.52004e-07
 Reference value :  1.52700e-07
 Reference value :  1.53600e-07
 Reference value :  1.54300e-07
 Reference value :  1.55180e-07
 Reference value :  1.56013e-07
 Reference value :  1.56720e-07
 Reference value :  1.57520e-07
 Reference value :  1.58200e-07
 Reference value :  1.59060e-07
 Reference value :  1.59980e-07
 Reference value :  1.60640e-07
 Reference value :  1.61520e-07
 Reference value :  1.62200e-07
 Reference value :  1.63040e-07
 Reference value :  1.63920e-07
 Reference value :  1.64580e-07
 Reference value :  1.65340e-07
 Reference value :  1.66008e-07
 Reference value :  1.66740e-07
 Reference value :  1.67640e-07
 Reference value :  1.68380e-07
 Reference value :  1.69220e-07
 Reference value :  1.70015e-07
 Reference value :  1.70820e-07
 Reference value :  1.71760e-07
 Reference value :  1.72480e-07
 Reference value :  1.73300e-07
 Reference value :  1.74015e-07
 Reference value :  1.74800e-07
 Reference value :  1.75720e-07
 Reference value :  1.76460e-07
 Reference value :  1.77300e-07
 Reference value :  1.78026e-07
 Reference value :  1.78820e-07
 Reference value :  1.79740e-07
 Reference value :  1.80400e-07
 Reference value :  1.81180e-07
 Reference value :  1.81840e-07
 Reference value :  1.82420e-07
 Reference value :  1.83320e-07
 Reference value :  1.84040e-07
 Reference value :  1.84780e-07
 Reference value :  1.85660e-07
 Reference value :  1.86340e-07
 Reference value :  1.87200e-07
 Reference value :  1.88013e-07
 Reference value :  1.88760e-07
 Reference value :  1.89560e-07
 Reference value :  1.90260e-07
 Reference value :  1.91160e-07
 Reference value :  1.92008e-07
 Reference value :  1.92740e-07
 Reference value :  1.93660e-07
 Reference value :  1.94360e-07
 Reference value :  1.95260e-07
 Reference value :  1.96026e-07
 Reference value :  1.96800e-07
 Reference value :  1.97520e-07
 Reference value :  1.98140e-07
 Reference value :  1.99000e-07
 Reference value :  1.99900e-07
 Reference value :  2.00560e-07
 Reference value :  2.01400e-07
 Reference value :  2.02160e-07
 Reference value :  2.03040e-07
 Reference value :  2.03960e-07
 Reference value :  2.04600e-07
 Reference value :  2.05400e-07
 Reference value :  2.06080e-07
 Reference value :  2.06980e-07
 Reference value :  2.07860e-07
 Reference value :  2.08560e-07
 Reference value :  2.09420e-07
 Reference value :  2.10140e-07
 Reference value :  2.11000e-07
 Reference value :  2.11960e-07
 Reference value :  2.12600e-07
 Reference value :  2.13320e-07
 Reference value :  2.14001e-07
 Reference value :  2.14700e-07
 Reference value :  2.15560e-07
 Reference value :  2.16200e-07
 Reference value :  2.17040e-07
 Reference value :  2.17880e-07
 Reference value :  2.18540e-07
 Reference value :  2.19440e-07
No. of Data Rows : 11885
sim/harness: analysis complete
Note: Simulation executed from .control section 
Note: Starting dynamic gmin stepping
Note: Dynamic gmin stepping completed
