
Note: Compatibility modes selected: hs a


Circuit: ** sch_path: /users/rwalters/github/sky130-pll/.loom/worktrees/issue-131/sim/divider-n4/testbench/tb_divider_n4.sch

option SCALE: Scale is set to 1e-06 for instance and model parameters
option SCALE: Scale is set to 1e-06 for instance and model parameters
option SCALE: Scale is set to 1e-06 for instance and model parameters
option SCALE: Scale is set to 1e-06 for instance and model parameters
Doing analysis at TEMP = -40.000000 and TNOM = 27.000000

Using KLU as Direct Linear Solver
 Reference value :  0.00000e+00
 Reference value :  6.37300e-10
 Reference value :  1.57730e-09
 Reference value :  2.25962e-09
 Reference value :  3.19962e-09
 Reference value :  4.01338e-09
 Reference value :  4.77963e-09
 Reference value :  5.83000e-09
 Reference value :  6.59963e-09
 Reference value :  7.57963e-09
 Reference value :  8.27962e-09
 Reference value :  8.97962e-09
 Reference value :  9.89962e-09
 Reference value :  1.05596e-08
 Reference value :  1.15196e-08
 Reference value :  1.21996e-08
 Reference value :  1.29396e-08
 Reference value :  1.37196e-08
 Reference value :  1.44396e-08
 Reference value :  1.53396e-08
 Reference value :  1.60796e-08
 Reference value :  1.68596e-08
 Reference value :  1.77796e-08
 Reference value :  1.84596e-08
 Reference value :  1.93796e-08
 Reference value :  2.01196e-08
 Reference value :  2.08396e-08
 Reference value :  2.14596e-08
 Reference value :  2.21396e-08
 Reference value :  2.29996e-08
 Reference value :  2.39196e-08
 Reference value :  2.45196e-08
 Reference value :  2.53996e-08
 Reference value :  2.61396e-08
 Reference value :  2.70196e-08
 Reference value :  2.79596e-08
 Reference value :  2.85796e-08
 Reference value :  2.92396e-08
 Reference value :  3.00151e-08
 Reference value :  3.08196e-08
 Reference value :  3.17596e-08
 Reference value :  3.24196e-08
 Reference value :  3.33196e-08
 Reference value :  3.40596e-08
 Reference value :  3.48996e-08
 Reference value :  3.57996e-08
 Reference value :  3.64196e-08
 Reference value :  3.71196e-08
 Reference value :  3.77596e-08
 Reference value :  3.84396e-08
 Reference value :  3.93396e-08
 Reference value :  4.00796e-08
 Reference value :  4.08596e-08
 Reference value :  4.17996e-08
 Reference value :  4.24996e-08
 Reference value :  4.34396e-08
 Reference value :  4.41796e-08
 Reference value :  4.49196e-08
 Reference value :  4.56596e-08
 Reference value :  4.63396e-08
 Reference value :  4.72396e-08
 Reference value :  4.80186e-08
 Reference value :  4.87396e-08
 Reference value :  4.96396e-08
 Reference value :  5.02796e-08
 Reference value :  5.11796e-08
 Reference value :  5.20081e-08
 Reference value :  5.26396e-08
 Reference value :  5.32796e-08
 Reference value :  5.39898e-08
 Reference value :  5.46196e-08
 Reference value :  5.55396e-08
 Reference value :  5.62396e-08
 Reference value :  5.69996e-08
 Reference value :  5.78996e-08
 Reference value :  5.85396e-08
 Reference value :  5.94796e-08
 Reference value :  6.01796e-08
 Reference value :  6.08996e-08
 Reference value :  6.16196e-08
 Reference value :  6.23196e-08
 Reference value :  6.32196e-08
 Reference value :  6.40134e-08
 Reference value :  6.46996e-08
 Reference value :  6.56196e-08
 Reference value :  6.62996e-08
 Reference value :  6.72196e-08
 Reference value :  6.80151e-08
 Reference value :  6.86796e-08
 Reference value :  6.92996e-08
 Reference value :  6.99898e-08
 Reference value :  7.06396e-08
 Reference value :  7.15396e-08
 Reference value :  7.22373e-08
 Reference value :  7.30173e-08
 Reference value :  7.39373e-08
 Reference value :  7.45996e-08
 Reference value :  7.54996e-08
 Reference value :  7.62196e-08
 Reference value :  7.69596e-08
 Reference value :  7.77196e-08
 Reference value :  7.84396e-08
 Reference value :  7.93596e-08
 Reference value :  8.00996e-08
 Reference value :  8.08596e-08
 Reference value :  8.17996e-08
 Reference value :  8.24596e-08
 Reference value :  8.33996e-08
 Reference value :  8.41173e-08
 Reference value :  8.48373e-08
 Reference value :  8.54173e-08
 Reference value :  8.60796e-08
 Reference value :  8.69196e-08
 Reference value :  8.78596e-08
 Reference value :  8.84796e-08
 Reference value :  8.93196e-08
 Reference value :  9.00596e-08
 Reference value :  9.08996e-08
 Reference value :  9.18196e-08
 Reference value :  9.24596e-08
 Reference value :  9.33196e-08
 Reference value :  9.40396e-08
 Reference value :  9.48596e-08
 Reference value :  9.57796e-08
 Reference value :  9.64196e-08
 Reference value :  9.72996e-08
 Reference value :  9.80596e-08
 Reference value :  9.88996e-08
 Reference value :  9.98396e-08
 Reference value :  1.00480e-07
 Reference value :  1.01120e-07
 Reference value :  1.01740e-07
 Reference value :  1.02420e-07
 Reference value :  1.03280e-07
 Reference value :  1.04026e-07
 Reference value :  1.04680e-07
 Reference value :  1.05620e-07
 Reference value :  1.06300e-07
 Reference value :  1.07220e-07
 Reference value :  1.08019e-07
 Reference value :  1.08740e-07
 Reference value :  1.09480e-07
 Reference value :  1.10180e-07
 Reference value :  1.11100e-07
 Reference value :  1.12000e-07
 Reference value :  1.12597e-07
 Reference value :  1.13517e-07
 Reference value :  1.14220e-07
 Reference value :  1.15080e-07
 Reference value :  1.15990e-07
 Reference value :  1.16600e-07
 Reference value :  1.17260e-07
 Reference value :  1.17960e-07
 Reference value :  1.18640e-07
 Reference value :  1.19560e-07
 Reference value :  1.20260e-07
 Reference value :  1.21040e-07
 Reference value :  1.21960e-07
 Reference value :  1.22620e-07
 Reference value :  1.23540e-07
 Reference value :  1.24240e-07
 Reference value :  1.24960e-07
 Reference value :  1.25700e-07
 Reference value :  1.26400e-07
 Reference value :  1.27320e-07
 Reference value :  1.28080e-07
 Reference value :  1.28840e-07
 Reference value :  1.29780e-07
 Reference value :  1.30440e-07
 Reference value :  1.31360e-07
 Reference value :  1.32080e-07
 Reference value :  1.32820e-07
 Reference value :  1.33400e-07
 Reference value :  1.34060e-07
 Reference value :  1.34880e-07
 Reference value :  1.35820e-07
 Reference value :  1.36460e-07
 Reference value :  1.37280e-07
 Reference value :  1.38026e-07
 Reference value :  1.38840e-07
 Reference value :  1.39740e-07
 Reference value :  1.40360e-07
 Reference value :  1.41060e-07
 Reference value :  1.41800e-07
 Reference value :  1.42460e-07
 Reference value :  1.43360e-07
 Reference value :  1.44100e-07
 Reference value :  1.44860e-07
 Reference value :  1.45800e-07
 Reference value :  1.46460e-07
 Reference value :  1.47380e-07
 Reference value :  1.48100e-07
 Reference value :  1.48820e-07
 Reference value :  1.49420e-07
 Reference value :  1.50080e-07
 Reference value :  1.50920e-07
 Reference value :  1.51800e-07
 Reference value :  1.52440e-07
 Reference value :  1.53280e-07
 Reference value :  1.54013e-07
 Reference value :  1.54760e-07
 Reference value :  1.55660e-07
 Reference value :  1.56320e-07
 Reference value :  1.57040e-07
 Reference value :  1.57780e-07
 Reference value :  1.58440e-07
 Reference value :  1.59320e-07
 Reference value :  1.60060e-07
 Reference value :  1.60780e-07
 Reference value :  1.61660e-07
 Reference value :  1.62280e-07
 Reference value :  1.63180e-07
 Reference value :  1.64013e-07
 Reference value :  1.64680e-07
 Reference value :  1.65300e-07
 Reference value :  1.66001e-07
 Reference value :  1.66720e-07
 Reference value :  1.67640e-07
 Reference value :  1.68360e-07
 Reference value :  1.69100e-07
 Reference value :  1.69980e-07
 Reference value :  1.70620e-07
 Reference value :  1.71500e-07
 Reference value :  1.72160e-07
 Reference value :  1.72860e-07
 Reference value :  1.73540e-07
 Reference value :  1.74220e-07
 Reference value :  1.75160e-07
 Reference value :  1.76000e-07
 Reference value :  1.76580e-07
 Reference value :  1.77480e-07
 Reference value :  1.78160e-07
 Reference value :  1.79020e-07
 Reference value :  1.79920e-07
 Reference value :  1.80520e-07
 Reference value :  1.81180e-07
 Reference value :  1.81760e-07
 Reference value :  1.82360e-07
 Reference value :  1.83220e-07
 Reference value :  1.84008e-07
 Reference value :  1.84600e-07
 Reference value :  1.85440e-07
 Reference value :  1.86120e-07
 Reference value :  1.86920e-07
 Reference value :  1.87820e-07
 Reference value :  1.88460e-07
 Reference value :  1.89160e-07
 Reference value :  1.89960e-07
 Reference value :  1.90600e-07
 Reference value :  1.91500e-07
 Reference value :  1.92160e-07
 Reference value :  1.92960e-07
 Reference value :  1.93900e-07
 Reference value :  1.94560e-07
 Reference value :  1.95480e-07
 Reference value :  1.96140e-07
 Reference value :  1.96840e-07
 Reference value :  1.97420e-07
 Reference value :  1.98080e-07
 Reference value :  1.98920e-07
 Reference value :  1.99840e-07
 Reference value :  2.00440e-07
 Reference value :  2.01260e-07
 Reference value :  2.02026e-07
 Reference value :  2.02840e-07
 Reference value :  2.03720e-07
 Reference value :  2.04360e-07
 Reference value :  2.05080e-07
 Reference value :  2.05860e-07
 Reference value :  2.06540e-07
 Reference value :  2.07400e-07
 Reference value :  2.08120e-07
 Reference value :  2.08880e-07
 Reference value :  2.09800e-07
 Reference value :  2.10480e-07
 Reference value :  2.11340e-07
 Reference value :  2.12080e-07
 Reference value :  2.12760e-07
 Reference value :  2.13380e-07
 Reference value :  2.14015e-07
 Reference value :  2.14780e-07
 Reference value :  2.15700e-07
 Reference value :  2.16380e-07
 Reference value :  2.17300e-07
 Reference value :  2.18140e-07
 Reference value :  2.19120e-07
No. of Data Rows : 11885
sim/harness: analysis complete
Note: Simulation executed from .control section 
Note: Starting dynamic gmin stepping
Note: Dynamic gmin stepping completed
