
Note: Compatibility modes selected: hs a


Circuit: ** sch_path: /users/rwalters/github/sky130-pll/.loom/worktrees/issue-131/sim/divider-n4/testbench/tb_divider_n4.sch

option SCALE: Scale is set to 1e-06 for instance and model parameters
option SCALE: Scale is set to 1e-06 for instance and model parameters
option SCALE: Scale is set to 1e-06 for instance and model parameters
option SCALE: Scale is set to 1e-06 for instance and model parameters
Doing analysis at TEMP = -40.000000 and TNOM = 27.000000

Using KLU as Direct Linear Solver
 Reference value :  0.00000e+00
 Reference value :  6.57300e-10
 Reference value :  1.59730e-09
 Reference value :  2.31962e-09
 Reference value :  3.27962e-09
 Reference value :  4.05963e-09
 Reference value :  4.89963e-09
 Reference value :  5.97000e-09
 Reference value :  6.65963e-09
 Reference value :  7.67963e-09
 Reference value :  8.31962e-09
 Reference value :  9.07962e-09
 Reference value :  9.98981e-09
 Reference value :  1.06796e-08
 Reference value :  1.16196e-08
 Reference value :  1.22796e-08
 Reference value :  1.29396e-08
 Reference value :  1.37796e-08
 Reference value :  1.44796e-08
 Reference value :  1.54196e-08
 Reference value :  1.61396e-08
 Reference value :  1.69196e-08
 Reference value :  1.78596e-08
 Reference value :  1.85396e-08
 Reference value :  1.94796e-08
 Reference value :  2.01796e-08
 Reference value :  2.08396e-08
 Reference value :  2.14396e-08
 Reference value :  2.21596e-08
 Reference value :  2.30396e-08
 Reference value :  2.39396e-08
 Reference value :  2.44596e-08
 Reference value :  2.53796e-08
 Reference value :  2.61196e-08
 Reference value :  2.69996e-08
 Reference value :  2.79396e-08
 Reference value :  2.85396e-08
 Reference value :  2.91596e-08
 Reference value :  3.00125e-08
 Reference value :  3.07796e-08
 Reference value :  3.17396e-08
 Reference value :  3.23996e-08
 Reference value :  3.33396e-08
 Reference value :  3.40796e-08
 Reference value :  3.49396e-08
 Reference value :  3.58596e-08
 Reference value :  3.64396e-08
 Reference value :  3.70596e-08
 Reference value :  3.78196e-08
 Reference value :  3.84796e-08
 Reference value :  3.93996e-08
 Reference value :  4.01196e-08
 Reference value :  4.09196e-08
 Reference value :  4.18796e-08
 Reference value :  4.25996e-08
 Reference value :  4.35596e-08
 Reference value :  4.42596e-08
 Reference value :  4.49196e-08
 Reference value :  4.57396e-08
 Reference value :  4.64196e-08
 Reference value :  4.73396e-08
 Reference value :  4.80796e-08
 Reference value :  4.88596e-08
 Reference value :  4.97796e-08
 Reference value :  5.04396e-08
 Reference value :  5.13396e-08
 Reference value :  5.20596e-08
 Reference value :  5.27196e-08
 Reference value :  5.32796e-08
 Reference value :  5.40186e-08
 Reference value :  5.47796e-08
 Reference value :  5.56996e-08
 Reference value :  5.63396e-08
 Reference value :  5.71396e-08
 Reference value :  5.80038e-08
 Reference value :  5.86996e-08
 Reference value :  5.96396e-08
 Reference value :  6.02996e-08
 Reference value :  6.09396e-08
 Reference value :  6.17396e-08
 Reference value :  6.24196e-08
 Reference value :  6.33596e-08
 Reference value :  6.40796e-08
 Reference value :  6.48596e-08
 Reference value :  6.57996e-08
 Reference value :  6.64796e-08
 Reference value :  6.73996e-08
 Reference value :  6.81196e-08
 Reference value :  6.87796e-08
 Reference value :  6.93396e-08
 Reference value :  7.00396e-08
 Reference value :  7.08196e-08
 Reference value :  7.17196e-08
 Reference value :  7.23373e-08
 Reference value :  7.32173e-08
 Reference value :  7.40151e-08
 Reference value :  7.48196e-08
 Reference value :  7.57596e-08
 Reference value :  7.63796e-08
 Reference value :  7.69996e-08
 Reference value :  7.78996e-08
 Reference value :  7.85796e-08
 Reference value :  7.95396e-08
 Reference value :  8.02396e-08
 Reference value :  8.10596e-08
 Reference value :  8.19898e-08
 Reference value :  8.26796e-08
 Reference value :  8.36196e-08
 Reference value :  8.42973e-08
 Reference value :  8.49173e-08
 Reference value :  8.55373e-08
 Reference value :  8.62196e-08
 Reference value :  8.71396e-08
 Reference value :  8.80038e-08
 Reference value :  8.86196e-08
 Reference value :  8.95596e-08
 Reference value :  9.02396e-08
 Reference value :  9.11596e-08
 Reference value :  9.20081e-08
 Reference value :  9.26196e-08
 Reference value :  9.34796e-08
 Reference value :  9.41796e-08
 Reference value :  9.50796e-08
 Reference value :  9.59796e-08
 Reference value :  9.65596e-08
 Reference value :  9.74996e-08
 Reference value :  9.81996e-08
 Reference value :  9.91396e-08
 Reference value :  1.00008e-07
 Reference value :  1.00620e-07
 Reference value :  1.01200e-07
 Reference value :  1.01990e-07
 Reference value :  1.02660e-07
 Reference value :  1.03560e-07
 Reference value :  1.04220e-07
 Reference value :  1.04940e-07
 Reference value :  1.05820e-07
 Reference value :  1.06520e-07
 Reference value :  1.07460e-07
 Reference value :  1.08160e-07
 Reference value :  1.08860e-07
 Reference value :  1.09660e-07
 Reference value :  1.10360e-07
 Reference value :  1.11320e-07
 Reference value :  1.12077e-07
 Reference value :  1.12857e-07
 Reference value :  1.13797e-07
 Reference value :  1.14500e-07
 Reference value :  1.15420e-07
 Reference value :  1.16100e-07
 Reference value :  1.16780e-07
 Reference value :  1.17340e-07
 Reference value :  1.18100e-07
 Reference value :  1.18940e-07
 Reference value :  1.19860e-07
 Reference value :  1.20420e-07
 Reference value :  1.21340e-07
 Reference value :  1.22100e-07
 Reference value :  1.22980e-07
 Reference value :  1.23900e-07
 Reference value :  1.24500e-07
 Reference value :  1.25120e-07
 Reference value :  1.26001e-07
 Reference value :  1.26720e-07
 Reference value :  1.27660e-07
 Reference value :  1.28320e-07
 Reference value :  1.29200e-07
 Reference value :  1.30015e-07
 Reference value :  1.30820e-07
 Reference value :  1.31740e-07
 Reference value :  1.32360e-07
 Reference value :  1.32980e-07
 Reference value :  1.33660e-07
 Reference value :  1.34340e-07
 Reference value :  1.35260e-07
 Reference value :  1.36026e-07
 Reference value :  1.36740e-07
 Reference value :  1.37680e-07
 Reference value :  1.38340e-07
 Reference value :  1.39260e-07
 Reference value :  1.40019e-07
 Reference value :  1.40660e-07
 Reference value :  1.41280e-07
 Reference value :  1.42100e-07
 Reference value :  1.42920e-07
 Reference value :  1.43840e-07
 Reference value :  1.44420e-07
 Reference value :  1.45340e-07
 Reference value :  1.46100e-07
 Reference value :  1.46980e-07
 Reference value :  1.47920e-07
 Reference value :  1.48500e-07
 Reference value :  1.49080e-07
 Reference value :  1.49860e-07
 Reference value :  1.50540e-07
 Reference value :  1.51460e-07
 Reference value :  1.52180e-07
 Reference value :  1.52920e-07
 Reference value :  1.53840e-07
 Reference value :  1.54520e-07
 Reference value :  1.55380e-07
 Reference value :  1.56060e-07
 Reference value :  1.56740e-07
 Reference value :  1.57400e-07
 Reference value :  1.58120e-07
 Reference value :  1.58960e-07
 Reference value :  1.59840e-07
 Reference value :  1.60420e-07
 Reference value :  1.61280e-07
 Reference value :  1.62026e-07
 Reference value :  1.62820e-07
 Reference value :  1.63700e-07
 Reference value :  1.64340e-07
 Reference value :  1.64960e-07
 Reference value :  1.65600e-07
 Reference value :  1.66240e-07
 Reference value :  1.67120e-07
 Reference value :  1.68001e-07
 Reference value :  1.68620e-07
 Reference value :  1.69580e-07
 Reference value :  1.70200e-07
 Reference value :  1.71100e-07
 Reference value :  1.71980e-07
 Reference value :  1.72540e-07
 Reference value :  1.73120e-07
 Reference value :  1.73990e-07
 Reference value :  1.74640e-07
 Reference value :  1.75520e-07
 Reference value :  1.76180e-07
 Reference value :  1.76920e-07
 Reference value :  1.77840e-07
 Reference value :  1.78480e-07
 Reference value :  1.79380e-07
 Reference value :  1.80100e-07
 Reference value :  1.80740e-07
 Reference value :  1.81300e-07
 Reference value :  1.82019e-07
 Reference value :  1.82760e-07
 Reference value :  1.83600e-07
 Reference value :  1.84220e-07
 Reference value :  1.84940e-07
 Reference value :  1.85780e-07
 Reference value :  1.86420e-07
 Reference value :  1.87300e-07
 Reference value :  1.88026e-07
 Reference value :  1.88700e-07
 Reference value :  1.89360e-07
 Reference value :  1.90080e-07
 Reference value :  1.90920e-07
 Reference value :  1.91820e-07
 Reference value :  1.92400e-07
 Reference value :  1.93300e-07
 Reference value :  1.94060e-07
 Reference value :  1.94920e-07
 Reference value :  1.95860e-07
 Reference value :  1.96460e-07
 Reference value :  1.97020e-07
 Reference value :  1.97700e-07
 Reference value :  1.98380e-07
 Reference value :  1.99300e-07
 Reference value :  2.00060e-07
 Reference value :  2.00780e-07
 Reference value :  2.01760e-07
 Reference value :  2.02440e-07
 Reference value :  2.03360e-07
 Reference value :  2.04080e-07
 Reference value :  2.04740e-07
 Reference value :  2.05400e-07
 Reference value :  2.06140e-07
 Reference value :  2.06980e-07
 Reference value :  2.07900e-07
 Reference value :  2.08460e-07
 Reference value :  2.09380e-07
 Reference value :  2.10120e-07
 Reference value :  2.11000e-07
 Reference value :  2.11940e-07
 Reference value :  2.12480e-07
 Reference value :  2.13060e-07
 Reference value :  2.13800e-07
 Reference value :  2.14480e-07
 Reference value :  2.15360e-07
 Reference value :  2.16080e-07
 Reference value :  2.16800e-07
 Reference value :  2.17720e-07
 Reference value :  2.18500e-07
 Reference value :  2.19560e-07
No. of Data Rows : 11885
sim/harness: analysis complete
Note: Simulation executed from .control section 
Note: Starting dynamic gmin stepping
Note: Dynamic gmin stepping completed
