
Note: Compatibility modes selected: hs a


Circuit: ** sch_path: /users/rwalters/github/sky130-pll/.loom/worktrees/issue-131/sim/divider-n4/testbench/tb_divider_n4.sch

option SCALE: Scale is set to 1e-06 for instance and model parameters
option SCALE: Scale is set to 1e-06 for instance and model parameters
option SCALE: Scale is set to 1e-06 for instance and model parameters
option SCALE: Scale is set to 1e-06 for instance and model parameters
Doing analysis at TEMP = 125.000000 and TNOM = 27.000000

Using KLU as Direct Linear Solver
 Reference value :  0.00000e+00
 Reference value :  5.57300e-10
 Reference value :  1.45730e-09
 Reference value :  2.13963e-09
 Reference value :  2.99962e-09
 Reference value :  3.89962e-09
 Reference value :  4.59963e-09
 Reference value :  5.49000e-09
 Reference value :  6.25963e-09
 Reference value :  7.17963e-09
 Reference value :  8.00812e-09
 Reference value :  8.63962e-09
 Reference value :  9.53962e-09
 Reference value :  1.01196e-08
 Reference value :  1.08996e-08
 Reference value :  1.17396e-08
 Reference value :  1.23596e-08
 Reference value :  1.30596e-08
 Reference value :  1.38396e-08
 Reference value :  1.45196e-08
 Reference value :  1.54196e-08
 Reference value :  1.61596e-08
 Reference value :  1.69196e-08
 Reference value :  1.77796e-08
 Reference value :  1.83596e-08
 Reference value :  1.91996e-08
 Reference value :  2.00081e-08
 Reference value :  2.05996e-08
 Reference value :  2.12596e-08
 Reference value :  2.20125e-08
 Reference value :  2.27996e-08
 Reference value :  2.36596e-08
 Reference value :  2.43196e-08
 Reference value :  2.51196e-08
 Reference value :  2.59796e-08
 Reference value :  2.65996e-08
 Reference value :  2.74396e-08
 Reference value :  2.80796e-08
 Reference value :  2.87196e-08
 Reference value :  2.94196e-08
 Reference value :  3.00596e-08
 Reference value :  3.08996e-08
 Reference value :  3.17796e-08
 Reference value :  3.24196e-08
 Reference value :  3.32996e-08
 Reference value :  3.40256e-08
 Reference value :  3.47996e-08
 Reference value :  3.56996e-08
 Reference value :  3.63196e-08
 Reference value :  3.69596e-08
 Reference value :  3.77196e-08
 Reference value :  3.83796e-08
 Reference value :  3.92996e-08
 Reference value :  4.00256e-08
 Reference value :  4.06996e-08
 Reference value :  4.15596e-08
 Reference value :  4.21996e-08
 Reference value :  4.30396e-08
 Reference value :  4.39196e-08
 Reference value :  4.44796e-08
 Reference value :  4.52196e-08
 Reference value :  4.59796e-08
 Reference value :  4.66596e-08
 Reference value :  4.75596e-08
 Reference value :  4.82196e-08
 Reference value :  4.89596e-08
 Reference value :  4.97996e-08
 Reference value :  5.04196e-08
 Reference value :  5.12996e-08
 Reference value :  5.20396e-08
 Reference value :  5.26996e-08
 Reference value :  5.33596e-08
 Reference value :  5.40796e-08
 Reference value :  5.49596e-08
 Reference value :  5.58996e-08
 Reference value :  5.65196e-08
 Reference value :  5.74396e-08
 Reference value :  5.81196e-08
 Reference value :  5.89396e-08
 Reference value :  5.97596e-08
 Reference value :  6.03396e-08
 Reference value :  6.09996e-08
 Reference value :  6.17796e-08
 Reference value :  6.24596e-08
 Reference value :  6.33796e-08
 Reference value :  6.41196e-08
 Reference value :  6.49196e-08
 Reference value :  6.58596e-08
 Reference value :  6.64996e-08
 Reference value :  6.74196e-08
 Reference value :  6.81196e-08
 Reference value :  6.87396e-08
 Reference value :  6.94196e-08
 Reference value :  7.01196e-08
 Reference value :  7.10196e-08
 Reference value :  7.18996e-08
 Reference value :  7.25773e-08
 Reference value :  7.34973e-08
 Reference value :  7.41396e-08
 Reference value :  7.49796e-08
 Reference value :  7.58196e-08
 Reference value :  7.63996e-08
 Reference value :  7.70596e-08
 Reference value :  7.78596e-08
 Reference value :  7.85396e-08
 Reference value :  7.94596e-08
 Reference value :  8.01596e-08
 Reference value :  8.09396e-08
 Reference value :  8.18796e-08
 Reference value :  8.25196e-08
 Reference value :  8.33796e-08
 Reference value :  8.40573e-08
 Reference value :  8.47173e-08
 Reference value :  8.54573e-08
 Reference value :  8.61596e-08
 Reference value :  8.70796e-08
 Reference value :  8.80000e-08
 Reference value :  8.86396e-08
 Reference value :  8.95796e-08
 Reference value :  9.03196e-08
 Reference value :  9.12796e-08
 Reference value :  9.20256e-08
 Reference value :  9.27196e-08
 Reference value :  9.34796e-08
 Reference value :  9.40996e-08
 Reference value :  9.49796e-08
 Reference value :  9.60037e-08
 Reference value :  9.66596e-08
 Reference value :  9.75796e-08
 Reference value :  9.82596e-08
 Reference value :  9.91596e-08
 Reference value :  1.00004e-07
 Reference value :  1.00600e-07
 Reference value :  1.01220e-07
 Reference value :  1.02008e-07
 Reference value :  1.02780e-07
 Reference value :  1.03680e-07
 Reference value :  1.04340e-07
 Reference value :  1.05220e-07
 Reference value :  1.06019e-07
 Reference value :  1.06820e-07
 Reference value :  1.07740e-07
 Reference value :  1.08400e-07
 Reference value :  1.09120e-07
 Reference value :  1.09940e-07
 Reference value :  1.10660e-07
 Reference value :  1.11580e-07
 Reference value :  1.12297e-07
 Reference value :  1.13137e-07
 Reference value :  1.14008e-07
 Reference value :  1.14740e-07
 Reference value :  1.15640e-07
 Reference value :  1.16300e-07
 Reference value :  1.16920e-07
 Reference value :  1.17700e-07
 Reference value :  1.18380e-07
 Reference value :  1.19300e-07
 Reference value :  1.20026e-07
 Reference value :  1.20820e-07
 Reference value :  1.21720e-07
 Reference value :  1.22360e-07
 Reference value :  1.23240e-07
 Reference value :  1.24013e-07
 Reference value :  1.24640e-07
 Reference value :  1.25400e-07
 Reference value :  1.26040e-07
 Reference value :  1.26920e-07
 Reference value :  1.27820e-07
 Reference value :  1.28440e-07
 Reference value :  1.29360e-07
 Reference value :  1.30100e-07
 Reference value :  1.30960e-07
 Reference value :  1.31880e-07
 Reference value :  1.32460e-07
 Reference value :  1.33080e-07
 Reference value :  1.33940e-07
 Reference value :  1.34640e-07
 Reference value :  1.35560e-07
 Reference value :  1.36360e-07
 Reference value :  1.37260e-07
 Reference value :  1.38015e-07
 Reference value :  1.38800e-07
 Reference value :  1.39700e-07
 Reference value :  1.40320e-07
 Reference value :  1.40980e-07
 Reference value :  1.41760e-07
 Reference value :  1.42460e-07
 Reference value :  1.43360e-07
 Reference value :  1.44100e-07
 Reference value :  1.44900e-07
 Reference value :  1.45840e-07
 Reference value :  1.46520e-07
 Reference value :  1.47440e-07
 Reference value :  1.48120e-07
 Reference value :  1.48780e-07
 Reference value :  1.49520e-07
 Reference value :  1.50220e-07
 Reference value :  1.51120e-07
 Reference value :  1.52004e-07
 Reference value :  1.52700e-07
 Reference value :  1.53660e-07
 Reference value :  1.54340e-07
 Reference value :  1.55200e-07
 Reference value :  1.56008e-07
 Reference value :  1.56580e-07
 Reference value :  1.57260e-07
 Reference value :  1.57990e-07
 Reference value :  1.58620e-07
 Reference value :  1.59500e-07
 Reference value :  1.60200e-07
 Reference value :  1.60960e-07
 Reference value :  1.61880e-07
 Reference value :  1.62540e-07
 Reference value :  1.63440e-07
 Reference value :  1.64140e-07
 Reference value :  1.64800e-07
 Reference value :  1.65520e-07
 Reference value :  1.66200e-07
 Reference value :  1.67080e-07
 Reference value :  1.67990e-07
 Reference value :  1.68700e-07
 Reference value :  1.69620e-07
 Reference value :  1.70280e-07
 Reference value :  1.71200e-07
 Reference value :  1.72026e-07
 Reference value :  1.72720e-07
 Reference value :  1.73480e-07
 Reference value :  1.74100e-07
 Reference value :  1.74960e-07
 Reference value :  1.76013e-07
 Reference value :  1.76700e-07
 Reference value :  1.77600e-07
 Reference value :  1.78220e-07
 Reference value :  1.79080e-07
 Reference value :  1.79980e-07
 Reference value :  1.80520e-07
 Reference value :  1.81160e-07
 Reference value :  1.82001e-07
 Reference value :  1.82700e-07
 Reference value :  1.83620e-07
 Reference value :  1.84300e-07
 Reference value :  1.85140e-07
 Reference value :  1.86004e-07
 Reference value :  1.86740e-07
 Reference value :  1.87680e-07
 Reference value :  1.88320e-07
 Reference value :  1.89060e-07
 Reference value :  1.89900e-07
 Reference value :  1.90600e-07
 Reference value :  1.91540e-07
 Reference value :  1.92280e-07
 Reference value :  1.93140e-07
 Reference value :  1.94001e-07
 Reference value :  1.94660e-07
 Reference value :  1.95560e-07
 Reference value :  1.96220e-07
 Reference value :  1.96880e-07
 Reference value :  1.97680e-07
 Reference value :  1.98420e-07
 Reference value :  1.99340e-07
 Reference value :  2.00080e-07
 Reference value :  2.00920e-07
 Reference value :  2.01880e-07
 Reference value :  2.02560e-07
 Reference value :  2.03460e-07
 Reference value :  2.04180e-07
 Reference value :  2.04860e-07
 Reference value :  2.05680e-07
 Reference value :  2.06340e-07
 Reference value :  2.07280e-07
 Reference value :  2.08060e-07
 Reference value :  2.08880e-07
 Reference value :  2.09820e-07
 Reference value :  2.10480e-07
 Reference value :  2.11380e-07
 Reference value :  2.12100e-07
 Reference value :  2.12780e-07
 Reference value :  2.13560e-07
 Reference value :  2.14320e-07
 Reference value :  2.15300e-07
 Reference value :  2.16080e-07
 Reference value :  2.16960e-07
 Reference value :  2.17940e-07
 Reference value :  2.18680e-07
 Reference value :  2.19680e-07
No. of Data Rows : 11885
sim/harness: analysis complete
Note: Simulation executed from .control section 
Note: Starting dynamic gmin stepping
Note: Dynamic gmin stepping completed
