
Note: Compatibility modes selected: hs a


Circuit: ** sch_path: /users/rwalters/github/sky130-pll/.loom/worktrees/issue-131/sim/divider-n4/testbench/tb_divider_n4.sch

option SCALE: Scale is set to 1e-06 for instance and model parameters
option SCALE: Scale is set to 1e-06 for instance and model parameters
option SCALE: Scale is set to 1e-06 for instance and model parameters
option SCALE: Scale is set to 1e-06 for instance and model parameters
Doing analysis at TEMP = 125.000000 and TNOM = 27.000000

Using KLU as Direct Linear Solver
 Reference value :  0.00000e+00
 Reference value :  6.97300e-10
 Reference value :  1.67730e-09
 Reference value :  2.45962e-09
 Reference value :  3.39962e-09
 Reference value :  4.09963e-09
 Reference value :  4.89963e-09
 Reference value :  5.77000e-09
 Reference value :  6.43963e-09
 Reference value :  7.29963e-09
 Reference value :  8.01863e-09
 Reference value :  8.73962e-09
 Reference value :  9.63962e-09
 Reference value :  1.03396e-08
 Reference value :  1.12396e-08
 Reference value :  1.20151e-08
 Reference value :  1.26796e-08
 Reference value :  1.33796e-08
 Reference value :  1.40256e-08
 Reference value :  1.47796e-08
 Reference value :  1.56196e-08
 Reference value :  1.62796e-08
 Reference value :  1.70796e-08
 Reference value :  1.79396e-08
 Reference value :  1.85996e-08
 Reference value :  1.94996e-08
 Reference value :  2.01996e-08
 Reference value :  2.08596e-08
 Reference value :  2.15196e-08
 Reference value :  2.21596e-08
 Reference value :  2.30396e-08
 Reference value :  2.39796e-08
 Reference value :  2.45596e-08
 Reference value :  2.54396e-08
 Reference value :  2.61396e-08
 Reference value :  2.69596e-08
 Reference value :  2.78396e-08
 Reference value :  2.83996e-08
 Reference value :  2.90596e-08
 Reference value :  2.98596e-08
 Reference value :  3.05396e-08
 Reference value :  3.14196e-08
 Reference value :  3.20996e-08
 Reference value :  3.27796e-08
 Reference value :  3.36596e-08
 Reference value :  3.42596e-08
 Reference value :  3.50996e-08
 Reference value :  3.59796e-08
 Reference value :  3.65196e-08
 Reference value :  3.71396e-08
 Reference value :  3.78996e-08
 Reference value :  3.85396e-08
 Reference value :  3.94196e-08
 Reference value :  4.01196e-08
 Reference value :  4.08996e-08
 Reference value :  4.17596e-08
 Reference value :  4.23196e-08
 Reference value :  4.31796e-08
 Reference value :  4.40038e-08
 Reference value :  4.45996e-08
 Reference value :  4.51796e-08
 Reference value :  4.59898e-08
 Reference value :  4.66396e-08
 Reference value :  4.74996e-08
 Reference value :  4.81796e-08
 Reference value :  4.89196e-08
 Reference value :  4.98196e-08
 Reference value :  5.04596e-08
 Reference value :  5.12996e-08
 Reference value :  5.20186e-08
 Reference value :  5.26596e-08
 Reference value :  5.32396e-08
 Reference value :  5.40038e-08
 Reference value :  5.47196e-08
 Reference value :  5.56396e-08
 Reference value :  5.62996e-08
 Reference value :  5.71596e-08
 Reference value :  5.80000e-08
 Reference value :  5.86796e-08
 Reference value :  5.95996e-08
 Reference value :  6.02796e-08
 Reference value :  6.09596e-08
 Reference value :  6.17796e-08
 Reference value :  6.24396e-08
 Reference value :  6.33196e-08
 Reference value :  6.40186e-08
 Reference value :  6.47196e-08
 Reference value :  6.55796e-08
 Reference value :  6.62396e-08
 Reference value :  6.71396e-08
 Reference value :  6.80037e-08
 Reference value :  6.86196e-08
 Reference value :  6.92596e-08
 Reference value :  7.00134e-08
 Reference value :  7.07796e-08
 Reference value :  7.16796e-08
 Reference value :  7.23373e-08
 Reference value :  7.31573e-08
 Reference value :  7.40013e-08
 Reference value :  7.46596e-08
 Reference value :  7.55396e-08
 Reference value :  7.61996e-08
 Reference value :  7.68596e-08
 Reference value :  7.76396e-08
 Reference value :  7.83196e-08
 Reference value :  7.91396e-08
 Reference value :  8.00000e-08
 Reference value :  8.05596e-08
 Reference value :  8.14396e-08
 Reference value :  8.21196e-08
 Reference value :  8.29796e-08
 Reference value :  8.38796e-08
 Reference value :  8.44773e-08
 Reference value :  8.51373e-08
 Reference value :  8.59886e-08
 Reference value :  8.66396e-08
 Reference value :  8.75996e-08
 Reference value :  8.82596e-08
 Reference value :  8.90796e-08
 Reference value :  8.99898e-08
 Reference value :  9.06596e-08
 Reference value :  9.15796e-08
 Reference value :  9.22796e-08
 Reference value :  9.29596e-08
 Reference value :  9.37796e-08
 Reference value :  9.44596e-08
 Reference value :  9.53796e-08
 Reference value :  9.61196e-08
 Reference value :  9.68796e-08
 Reference value :  9.77796e-08
 Reference value :  9.84396e-08
 Reference value :  9.95196e-08
 Reference value :  1.00200e-07
 Reference value :  1.00860e-07
 Reference value :  1.01580e-07
 Reference value :  1.02260e-07
 Reference value :  1.03160e-07
 Reference value :  1.04004e-07
 Reference value :  1.04640e-07
 Reference value :  1.05520e-07
 Reference value :  1.06200e-07
 Reference value :  1.07080e-07
 Reference value :  1.07960e-07
 Reference value :  1.08560e-07
 Reference value :  1.09240e-07
 Reference value :  1.10015e-07
 Reference value :  1.10840e-07
 Reference value :  1.11720e-07
 Reference value :  1.12397e-07
 Reference value :  1.13297e-07
 Reference value :  1.14060e-07
 Reference value :  1.14900e-07
 Reference value :  1.15820e-07
 Reference value :  1.16440e-07
 Reference value :  1.17100e-07
 Reference value :  1.17920e-07
 Reference value :  1.18600e-07
 Reference value :  1.19500e-07
 Reference value :  1.20200e-07
 Reference value :  1.21000e-07
 Reference value :  1.21900e-07
 Reference value :  1.22560e-07
 Reference value :  1.23440e-07
 Reference value :  1.24140e-07
 Reference value :  1.24820e-07
 Reference value :  1.25540e-07
 Reference value :  1.26180e-07
 Reference value :  1.27060e-07
 Reference value :  1.27940e-07
 Reference value :  1.28520e-07
 Reference value :  1.29420e-07
 Reference value :  1.30120e-07
 Reference value :  1.30980e-07
 Reference value :  1.31900e-07
 Reference value :  1.32500e-07
 Reference value :  1.33140e-07
 Reference value :  1.33980e-07
 Reference value :  1.34660e-07
 Reference value :  1.35560e-07
 Reference value :  1.36220e-07
 Reference value :  1.37020e-07
 Reference value :  1.37920e-07
 Reference value :  1.38600e-07
 Reference value :  1.39620e-07
 Reference value :  1.40280e-07
 Reference value :  1.40940e-07
 Reference value :  1.41760e-07
 Reference value :  1.42440e-07
 Reference value :  1.43320e-07
 Reference value :  1.44026e-07
 Reference value :  1.44760e-07
 Reference value :  1.45700e-07
 Reference value :  1.46380e-07
 Reference value :  1.47300e-07
 Reference value :  1.48040e-07
 Reference value :  1.48760e-07
 Reference value :  1.49440e-07
 Reference value :  1.50140e-07
 Reference value :  1.51000e-07
 Reference value :  1.51900e-07
 Reference value :  1.52520e-07
 Reference value :  1.53420e-07
 Reference value :  1.54120e-07
 Reference value :  1.54980e-07
 Reference value :  1.55900e-07
 Reference value :  1.56500e-07
 Reference value :  1.57160e-07
 Reference value :  1.57990e-07
 Reference value :  1.58660e-07
 Reference value :  1.59460e-07
 Reference value :  1.60120e-07
 Reference value :  1.60840e-07
 Reference value :  1.61700e-07
 Reference value :  1.62360e-07
 Reference value :  1.63200e-07
 Reference value :  1.64008e-07
 Reference value :  1.64640e-07
 Reference value :  1.65280e-07
 Reference value :  1.66019e-07
 Reference value :  1.66840e-07
 Reference value :  1.67740e-07
 Reference value :  1.68340e-07
 Reference value :  1.69180e-07
 Reference value :  1.70004e-07
 Reference value :  1.70700e-07
 Reference value :  1.71620e-07
 Reference value :  1.72280e-07
 Reference value :  1.72960e-07
 Reference value :  1.73780e-07
 Reference value :  1.74480e-07
 Reference value :  1.75360e-07
 Reference value :  1.76080e-07
 Reference value :  1.76820e-07
 Reference value :  1.77960e-07
 Reference value :  1.78600e-07
 Reference value :  1.79480e-07
 Reference value :  1.80140e-07
 Reference value :  1.80820e-07
 Reference value :  1.81500e-07
 Reference value :  1.82160e-07
 Reference value :  1.83060e-07
 Reference value :  1.83960e-07
 Reference value :  1.84600e-07
 Reference value :  1.85480e-07
 Reference value :  1.86180e-07
 Reference value :  1.87020e-07
 Reference value :  1.87940e-07
 Reference value :  1.88540e-07
 Reference value :  1.89240e-07
 Reference value :  1.90019e-07
 Reference value :  1.90880e-07
 Reference value :  1.91840e-07
 Reference value :  1.92480e-07
 Reference value :  1.93400e-07
 Reference value :  1.94140e-07
 Reference value :  1.95020e-07
 Reference value :  1.95920e-07
 Reference value :  1.96480e-07
 Reference value :  1.97120e-07
 Reference value :  1.97920e-07
 Reference value :  1.98560e-07
 Reference value :  1.99480e-07
 Reference value :  2.00220e-07
 Reference value :  2.01040e-07
 Reference value :  2.01960e-07
 Reference value :  2.02640e-07
 Reference value :  2.03580e-07
 Reference value :  2.04280e-07
 Reference value :  2.04960e-07
 Reference value :  2.05800e-07
 Reference value :  2.06500e-07
 Reference value :  2.07420e-07
 Reference value :  2.08140e-07
 Reference value :  2.08940e-07
 Reference value :  2.09880e-07
 Reference value :  2.10580e-07
 Reference value :  2.11520e-07
 Reference value :  2.12200e-07
 Reference value :  2.12880e-07
 Reference value :  2.13600e-07
 Reference value :  2.14300e-07
 Reference value :  2.15220e-07
 Reference value :  2.16019e-07
 Reference value :  2.16820e-07
 Reference value :  2.17780e-07
 Reference value :  2.18500e-07
 Reference value :  2.19440e-07
No. of Data Rows : 11885
sim/harness: analysis complete
Note: Simulation executed from .control section 
Note: Starting dynamic gmin stepping
Note: Dynamic gmin stepping completed
