
Note: Compatibility modes selected: hs a


Circuit: ** sch_path: /users/rwalters/github/sky130-pll/.loom/worktrees/issue-131/sim/divider-n4/testbench/tb_divider_n4.sch

option SCALE: Scale is set to 1e-06 for instance and model parameters
option SCALE: Scale is set to 1e-06 for instance and model parameters
option SCALE: Scale is set to 1e-06 for instance and model parameters
option SCALE: Scale is set to 1e-06 for instance and model parameters
Doing analysis at TEMP = 125.000000 and TNOM = 27.000000

Using KLU as Direct Linear Solver
 Reference value :  0.00000e+00
 Reference value :  6.77300e-10
 Reference value :  1.65730e-09
 Reference value :  2.33962e-09
 Reference value :  3.29962e-09
 Reference value :  4.05963e-09
 Reference value :  4.97963e-09
 Reference value :  6.00813e-09
 Reference value :  6.81963e-09
 Reference value :  7.73963e-09
 Reference value :  8.35962e-09
 Reference value :  9.11962e-09
 Reference value :  9.93962e-09
 Reference value :  1.05596e-08
 Reference value :  1.14396e-08
 Reference value :  1.21396e-08
 Reference value :  1.28796e-08
 Reference value :  1.36796e-08
 Reference value :  1.43596e-08
 Reference value :  1.52596e-08
 Reference value :  1.60134e-08
 Reference value :  1.67196e-08
 Reference value :  1.74796e-08
 Reference value :  1.81196e-08
 Reference value :  1.89796e-08
 Reference value :  1.98596e-08
 Reference value :  2.04796e-08
 Reference value :  2.11396e-08
 Reference value :  2.18396e-08
 Reference value :  2.25396e-08
 Reference value :  2.34196e-08
 Reference value :  2.41596e-08
 Reference value :  2.49396e-08
 Reference value :  2.57796e-08
 Reference value :  2.63796e-08
 Reference value :  2.72396e-08
 Reference value :  2.80125e-08
 Reference value :  2.86596e-08
 Reference value :  2.93796e-08
 Reference value :  3.00796e-08
 Reference value :  3.08796e-08
 Reference value :  3.17196e-08
 Reference value :  3.23796e-08
 Reference value :  3.31396e-08
 Reference value :  3.40038e-08
 Reference value :  3.46996e-08
 Reference value :  3.55596e-08
 Reference value :  3.61596e-08
 Reference value :  3.68196e-08
 Reference value :  3.74396e-08
 Reference value :  3.80796e-08
 Reference value :  3.89196e-08
 Reference value :  3.97996e-08
 Reference value :  4.04196e-08
 Reference value :  4.12396e-08
 Reference value :  4.20125e-08
 Reference value :  4.27196e-08
 Reference value :  4.35796e-08
 Reference value :  4.42396e-08
 Reference value :  4.49596e-08
 Reference value :  4.56596e-08
 Reference value :  4.62796e-08
 Reference value :  4.71796e-08
 Reference value :  4.80000e-08
 Reference value :  4.85396e-08
 Reference value :  4.94796e-08
 Reference value :  5.01596e-08
 Reference value :  5.09796e-08
 Reference value :  5.18596e-08
 Reference value :  5.24596e-08
 Reference value :  5.31196e-08
 Reference value :  5.38596e-08
 Reference value :  5.45196e-08
 Reference value :  5.53796e-08
 Reference value :  5.60596e-08
 Reference value :  5.67796e-08
 Reference value :  5.76196e-08
 Reference value :  5.82596e-08
 Reference value :  5.91196e-08
 Reference value :  5.99898e-08
 Reference value :  6.06196e-08
 Reference value :  6.13596e-08
 Reference value :  6.20596e-08
 Reference value :  6.28996e-08
 Reference value :  6.38196e-08
 Reference value :  6.44796e-08
 Reference value :  6.53596e-08
 Reference value :  6.60796e-08
 Reference value :  6.68796e-08
 Reference value :  6.77396e-08
 Reference value :  6.83596e-08
 Reference value :  6.90196e-08
 Reference value :  6.96996e-08
 Reference value :  7.03796e-08
 Reference value :  7.12796e-08
 Reference value :  7.20373e-08
 Reference value :  7.28373e-08
 Reference value :  7.37573e-08
 Reference value :  7.44396e-08
 Reference value :  7.53596e-08
 Reference value :  7.60396e-08
 Reference value :  7.67396e-08
 Reference value :  7.74396e-08
 Reference value :  7.81196e-08
 Reference value :  7.89596e-08
 Reference value :  7.97996e-08
 Reference value :  8.04196e-08
 Reference value :  8.12396e-08
 Reference value :  8.20134e-08
 Reference value :  8.27796e-08
 Reference value :  8.35996e-08
 Reference value :  8.42573e-08
 Reference value :  8.49173e-08
 Reference value :  8.56373e-08
 Reference value :  8.62996e-08
 Reference value :  8.71796e-08
 Reference value :  8.80013e-08
 Reference value :  8.86796e-08
 Reference value :  8.95796e-08
 Reference value :  9.02796e-08
 Reference value :  9.11596e-08
 Reference value :  9.20012e-08
 Reference value :  9.26196e-08
 Reference value :  9.33196e-08
 Reference value :  9.40256e-08
 Reference value :  9.48796e-08
 Reference value :  9.57796e-08
 Reference value :  9.64396e-08
 Reference value :  9.72996e-08
 Reference value :  9.80596e-08
 Reference value :  9.89196e-08
 Reference value :  9.98196e-08
 Reference value :  1.00460e-07
 Reference value :  1.01140e-07
 Reference value :  1.01900e-07
 Reference value :  1.02560e-07
 Reference value :  1.03520e-07
 Reference value :  1.04320e-07
 Reference value :  1.05140e-07
 Reference value :  1.06001e-07
 Reference value :  1.06720e-07
 Reference value :  1.07620e-07
 Reference value :  1.08320e-07
 Reference value :  1.09040e-07
 Reference value :  1.09820e-07
 Reference value :  1.10480e-07
 Reference value :  1.11380e-07
 Reference value :  1.12097e-07
 Reference value :  1.12877e-07
 Reference value :  1.13797e-07
 Reference value :  1.14480e-07
 Reference value :  1.15400e-07
 Reference value :  1.16100e-07
 Reference value :  1.16800e-07
 Reference value :  1.17480e-07
 Reference value :  1.18180e-07
 Reference value :  1.19080e-07
 Reference value :  1.19980e-07
 Reference value :  1.20600e-07
 Reference value :  1.21520e-07
 Reference value :  1.22200e-07
 Reference value :  1.23060e-07
 Reference value :  1.23960e-07
 Reference value :  1.24580e-07
 Reference value :  1.25340e-07
 Reference value :  1.26040e-07
 Reference value :  1.26860e-07
 Reference value :  1.27760e-07
 Reference value :  1.28400e-07
 Reference value :  1.29240e-07
 Reference value :  1.30008e-07
 Reference value :  1.30720e-07
 Reference value :  1.31580e-07
 Reference value :  1.32260e-07
 Reference value :  1.32900e-07
 Reference value :  1.33580e-07
 Reference value :  1.34300e-07
 Reference value :  1.35180e-07
 Reference value :  1.36004e-07
 Reference value :  1.36700e-07
 Reference value :  1.37580e-07
 Reference value :  1.38280e-07
 Reference value :  1.39180e-07
 Reference value :  1.40008e-07
 Reference value :  1.40680e-07
 Reference value :  1.41400e-07
 Reference value :  1.42100e-07
 Reference value :  1.42940e-07
 Reference value :  1.43900e-07
 Reference value :  1.44600e-07
 Reference value :  1.45480e-07
 Reference value :  1.46160e-07
 Reference value :  1.47020e-07
 Reference value :  1.47920e-07
 Reference value :  1.48500e-07
 Reference value :  1.49160e-07
 Reference value :  1.49900e-07
 Reference value :  1.50580e-07
 Reference value :  1.51500e-07
 Reference value :  1.52220e-07
 Reference value :  1.53040e-07
 Reference value :  1.53960e-07
 Reference value :  1.54640e-07
 Reference value :  1.55540e-07
 Reference value :  1.56220e-07
 Reference value :  1.56960e-07
 Reference value :  1.57760e-07
 Reference value :  1.58440e-07
 Reference value :  1.59340e-07
 Reference value :  1.60080e-07
 Reference value :  1.60880e-07
 Reference value :  1.61740e-07
 Reference value :  1.62360e-07
 Reference value :  1.63240e-07
 Reference value :  1.64004e-07
 Reference value :  1.64580e-07
 Reference value :  1.65220e-07
 Reference value :  1.65940e-07
 Reference value :  1.66620e-07
 Reference value :  1.67460e-07
 Reference value :  1.68160e-07
 Reference value :  1.68960e-07
 Reference value :  1.69860e-07
 Reference value :  1.70560e-07
 Reference value :  1.71460e-07
 Reference value :  1.72160e-07
 Reference value :  1.72860e-07
 Reference value :  1.73640e-07
 Reference value :  1.74300e-07
 Reference value :  1.75180e-07
 Reference value :  1.76013e-07
 Reference value :  1.76720e-07
 Reference value :  1.77620e-07
 Reference value :  1.78300e-07
 Reference value :  1.79220e-07
 Reference value :  1.80008e-07
 Reference value :  1.80660e-07
 Reference value :  1.81320e-07
 Reference value :  1.82180e-07
 Reference value :  1.83040e-07
 Reference value :  1.83900e-07
 Reference value :  1.84500e-07
 Reference value :  1.85360e-07
 Reference value :  1.86060e-07
 Reference value :  1.86880e-07
 Reference value :  1.87780e-07
 Reference value :  1.88420e-07
 Reference value :  1.89120e-07
 Reference value :  1.89940e-07
 Reference value :  1.90600e-07
 Reference value :  1.91480e-07
 Reference value :  1.92200e-07
 Reference value :  1.93040e-07
 Reference value :  1.93960e-07
 Reference value :  1.94660e-07
 Reference value :  1.95620e-07
 Reference value :  1.96320e-07
 Reference value :  1.97020e-07
 Reference value :  1.97780e-07
 Reference value :  1.98500e-07
 Reference value :  1.99420e-07
 Reference value :  2.00140e-07
 Reference value :  2.01000e-07
 Reference value :  2.01900e-07
 Reference value :  2.02560e-07
 Reference value :  2.03420e-07
 Reference value :  2.04140e-07
 Reference value :  2.04900e-07
 Reference value :  2.05700e-07
 Reference value :  2.06380e-07
 Reference value :  2.07300e-07
 Reference value :  2.08060e-07
 Reference value :  2.08880e-07
 Reference value :  2.09780e-07
 Reference value :  2.10460e-07
 Reference value :  2.11380e-07
 Reference value :  2.12120e-07
 Reference value :  2.12840e-07
 Reference value :  2.13520e-07
 Reference value :  2.14220e-07
 Reference value :  2.15160e-07
 Reference value :  2.16004e-07
 Reference value :  2.16680e-07
 Reference value :  2.17580e-07
 Reference value :  2.18260e-07
 Reference value :  2.19180e-07
No. of Data Rows : 11885
sim/harness: analysis complete
Note: Simulation executed from .control section 
Note: Starting dynamic gmin stepping
Note: Dynamic gmin stepping completed
