
Note: Compatibility modes selected: hs a


Circuit: ** sch_path: /users/rwalters/github/sky130-pll/.loom/worktrees/issue-131/sim/divider-n4/testbench/tb_divider_n4.sch

option SCALE: Scale is set to 1e-06 for instance and model parameters
option SCALE: Scale is set to 1e-06 for instance and model parameters
option SCALE: Scale is set to 1e-06 for instance and model parameters
option SCALE: Scale is set to 1e-06 for instance and model parameters
Doing analysis at TEMP = 27.000000 and TNOM = 27.000000

Using KLU as Direct Linear Solver
 Reference value :  0.00000e+00
 Reference value :  7.97300e-10
 Reference value :  1.71730e-09
 Reference value :  2.43962e-09
 Reference value :  3.37962e-09
 Reference value :  4.11963e-09
 Reference value :  5.00600e-09
 Reference value :  6.01863e-09
 Reference value :  6.85963e-09
 Reference value :  7.81963e-09
 Reference value :  8.51962e-09
 Reference value :  9.47962e-09
 Reference value :  1.02196e-08
 Reference value :  1.10796e-08
 Reference value :  1.20000e-08
 Reference value :  1.26596e-08
 Reference value :  1.34396e-08
 Reference value :  1.41596e-08
 Reference value :  1.50596e-08
 Reference value :  1.59898e-08
 Reference value :  1.66596e-08
 Reference value :  1.75996e-08
 Reference value :  1.82996e-08
 Reference value :  1.92596e-08
 Reference value :  2.00256e-08
 Reference value :  2.07596e-08
 Reference value :  2.14396e-08
 Reference value :  2.21596e-08
 Reference value :  2.30396e-08
 Reference value :  2.39796e-08
 Reference value :  2.46196e-08
 Reference value :  2.55396e-08
 Reference value :  2.62596e-08
 Reference value :  2.71596e-08
 Reference value :  2.80081e-08
 Reference value :  2.86996e-08
 Reference value :  2.94596e-08
 Reference value :  3.01996e-08
 Reference value :  3.11196e-08
 Reference value :  3.20038e-08
 Reference value :  3.26596e-08
 Reference value :  3.36196e-08
 Reference value :  3.43396e-08
 Reference value :  3.52996e-08
 Reference value :  3.60996e-08
 Reference value :  3.68196e-08
 Reference value :  3.74796e-08
 Reference value :  3.81796e-08
 Reference value :  3.90596e-08
 Reference value :  3.99898e-08
 Reference value :  4.06796e-08
 Reference value :  4.15996e-08
 Reference value :  4.22996e-08
 Reference value :  4.32196e-08
 Reference value :  4.40596e-08
 Reference value :  4.48196e-08
 Reference value :  4.56396e-08
 Reference value :  4.63796e-08
 Reference value :  4.73396e-08
 Reference value :  4.80796e-08
 Reference value :  4.89196e-08
 Reference value :  4.98596e-08
 Reference value :  5.05396e-08
 Reference value :  5.14596e-08
 Reference value :  5.21996e-08
 Reference value :  5.29196e-08
 Reference value :  5.35796e-08
 Reference value :  5.42596e-08
 Reference value :  5.51796e-08
 Reference value :  5.60081e-08
 Reference value :  5.67196e-08
 Reference value :  5.76596e-08
 Reference value :  5.83396e-08
 Reference value :  5.92396e-08
 Reference value :  6.00186e-08
 Reference value :  6.07396e-08
 Reference value :  6.14796e-08
 Reference value :  6.21796e-08
 Reference value :  6.30996e-08
 Reference value :  6.40012e-08
 Reference value :  6.46596e-08
 Reference value :  6.55996e-08
 Reference value :  6.63196e-08
 Reference value :  6.72396e-08
 Reference value :  6.80186e-08
 Reference value :  6.87396e-08
 Reference value :  6.93996e-08
 Reference value :  7.00996e-08
 Reference value :  7.09996e-08
 Reference value :  7.19396e-08
 Reference value :  7.25573e-08
 Reference value :  7.34973e-08
 Reference value :  7.41796e-08
 Reference value :  7.50396e-08
 Reference value :  7.59396e-08
 Reference value :  7.65596e-08
 Reference value :  7.73396e-08
 Reference value :  7.80596e-08
 Reference value :  7.89396e-08
 Reference value :  7.98796e-08
 Reference value :  8.05196e-08
 Reference value :  8.14396e-08
 Reference value :  8.21796e-08
 Reference value :  8.30996e-08
 Reference value :  8.40060e-08
 Reference value :  8.46773e-08
 Reference value :  8.53573e-08
 Reference value :  8.60796e-08
 Reference value :  8.69796e-08
 Reference value :  8.79196e-08
 Reference value :  8.85796e-08
 Reference value :  8.94996e-08
 Reference value :  9.02396e-08
 Reference value :  9.11596e-08
 Reference value :  9.20081e-08
 Reference value :  9.26996e-08
 Reference value :  9.34796e-08
 Reference value :  9.41996e-08
 Reference value :  9.51196e-08
 Reference value :  9.60012e-08
 Reference value :  9.66796e-08
 Reference value :  9.76196e-08
 Reference value :  9.83796e-08
 Reference value :  9.94796e-08
 Reference value :  1.00200e-07
 Reference value :  1.00920e-07
 Reference value :  1.01580e-07
 Reference value :  1.02280e-07
 Reference value :  1.03220e-07
 Reference value :  1.04026e-07
 Reference value :  1.04820e-07
 Reference value :  1.05760e-07
 Reference value :  1.06460e-07
 Reference value :  1.07380e-07
 Reference value :  1.08100e-07
 Reference value :  1.08860e-07
 Reference value :  1.09600e-07
 Reference value :  1.10300e-07
 Reference value :  1.11160e-07
 Reference value :  1.12013e-07
 Reference value :  1.12737e-07
 Reference value :  1.13677e-07
 Reference value :  1.14400e-07
 Reference value :  1.15340e-07
 Reference value :  1.16120e-07
 Reference value :  1.16860e-07
 Reference value :  1.17560e-07
 Reference value :  1.18260e-07
 Reference value :  1.19200e-07
 Reference value :  1.20019e-07
 Reference value :  1.20800e-07
 Reference value :  1.21700e-07
 Reference value :  1.22400e-07
 Reference value :  1.23340e-07
 Reference value :  1.24100e-07
 Reference value :  1.24860e-07
 Reference value :  1.25660e-07
 Reference value :  1.26380e-07
 Reference value :  1.27300e-07
 Reference value :  1.28080e-07
 Reference value :  1.28900e-07
 Reference value :  1.29840e-07
 Reference value :  1.30560e-07
 Reference value :  1.31480e-07
 Reference value :  1.32240e-07
 Reference value :  1.32960e-07
 Reference value :  1.33640e-07
 Reference value :  1.34360e-07
 Reference value :  1.35300e-07
 Reference value :  1.36060e-07
 Reference value :  1.36880e-07
 Reference value :  1.37820e-07
 Reference value :  1.38520e-07
 Reference value :  1.39420e-07
 Reference value :  1.40180e-07
 Reference value :  1.40920e-07
 Reference value :  1.41720e-07
 Reference value :  1.42440e-07
 Reference value :  1.43380e-07
 Reference value :  1.44140e-07
 Reference value :  1.44920e-07
 Reference value :  1.45860e-07
 Reference value :  1.46540e-07
 Reference value :  1.47460e-07
 Reference value :  1.48160e-07
 Reference value :  1.48860e-07
 Reference value :  1.49500e-07
 Reference value :  1.50180e-07
 Reference value :  1.51080e-07
 Reference value :  1.52000e-07
 Reference value :  1.52660e-07
 Reference value :  1.53600e-07
 Reference value :  1.54300e-07
 Reference value :  1.55220e-07
 Reference value :  1.56015e-07
 Reference value :  1.56740e-07
 Reference value :  1.57500e-07
 Reference value :  1.58220e-07
 Reference value :  1.59160e-07
 Reference value :  1.60004e-07
 Reference value :  1.60680e-07
 Reference value :  1.61600e-07
 Reference value :  1.62240e-07
 Reference value :  1.63140e-07
 Reference value :  1.64001e-07
 Reference value :  1.64620e-07
 Reference value :  1.65260e-07
 Reference value :  1.66004e-07
 Reference value :  1.66740e-07
 Reference value :  1.67620e-07
 Reference value :  1.68320e-07
 Reference value :  1.69160e-07
 Reference value :  1.69990e-07
 Reference value :  1.70700e-07
 Reference value :  1.71640e-07
 Reference value :  1.72360e-07
 Reference value :  1.73060e-07
 Reference value :  1.73880e-07
 Reference value :  1.74580e-07
 Reference value :  1.75520e-07
 Reference value :  1.76300e-07
 Reference value :  1.77140e-07
 Reference value :  1.77990e-07
 Reference value :  1.78700e-07
 Reference value :  1.79600e-07
 Reference value :  1.80280e-07
 Reference value :  1.80940e-07
 Reference value :  1.81600e-07
 Reference value :  1.82340e-07
 Reference value :  1.83240e-07
 Reference value :  1.84013e-07
 Reference value :  1.84720e-07
 Reference value :  1.85640e-07
 Reference value :  1.86300e-07
 Reference value :  1.87200e-07
 Reference value :  1.88013e-07
 Reference value :  1.88700e-07
 Reference value :  1.89420e-07
 Reference value :  1.90100e-07
 Reference value :  1.90920e-07
 Reference value :  1.91780e-07
 Reference value :  1.92420e-07
 Reference value :  1.93220e-07
 Reference value :  1.94001e-07
 Reference value :  1.94720e-07
 Reference value :  1.95600e-07
 Reference value :  1.96300e-07
 Reference value :  1.97000e-07
 Reference value :  1.97660e-07
 Reference value :  1.98360e-07
 Reference value :  1.99280e-07
 Reference value :  2.00026e-07
 Reference value :  2.00760e-07
 Reference value :  2.01700e-07
 Reference value :  2.02420e-07
 Reference value :  2.03360e-07
 Reference value :  2.04120e-07
 Reference value :  2.04840e-07
 Reference value :  2.05560e-07
 Reference value :  2.06240e-07
 Reference value :  2.07180e-07
 Reference value :  2.08013e-07
 Reference value :  2.08740e-07
 Reference value :  2.09680e-07
 Reference value :  2.10340e-07
 Reference value :  2.11260e-07
 Reference value :  2.12026e-07
 Reference value :  2.12760e-07
 Reference value :  2.13380e-07
 Reference value :  2.14060e-07
 Reference value :  2.14900e-07
 Reference value :  2.15840e-07
 Reference value :  2.16460e-07
 Reference value :  2.17340e-07
 Reference value :  2.18100e-07
 Reference value :  2.18980e-07
 Reference value :  2.19900e-07
No. of Data Rows : 11885
sim/harness: analysis complete
Note: Simulation executed from .control section 
