
Note: Compatibility modes selected: hs a


Circuit: ** sch_path: /users/rwalters/github/sky130-pll/.loom/worktrees/issue-81/sim/pll-lock/testbench/tb_pll_lock.sch

option SCALE: Scale is set to 1e-06 for instance and model parameters
option SCALE: Scale is set to 1e-06 for instance and model parameters
option SCALE: Scale is set to 1e-06 for instance and model parameters
option SCALE: Scale is set to 1e-06 for instance and model parameters
Doing analysis at TEMP = 125.000000 and TNOM = 27.000000

Using KLU as Direct Linear Solver
 Reference value :  0.00000e+00
 Reference value :  6.77500e-10
 Reference value :  1.94857e-09
 Reference value :  6.70000e-09
 Reference value :  1.35000e-08
 Reference value :  2.05000e-08
 Reference value :  2.77000e-08
 Reference value :  3.77000e-08
 Reference value :  4.75000e-08
 Reference value :  5.30229e-08
 Reference value :  6.30229e-08
 Reference value :  7.28229e-08
 Reference value :  8.28229e-08
 Reference value :  9.28229e-08
 Reference value :  1.00850e-07
 Reference value :  1.06532e-07
 Reference value :  1.14932e-07
 Reference value :  1.24532e-07
 Reference value :  1.34132e-07
 Reference value :  1.43932e-07
 Reference value :  1.50423e-07
 Reference value :  1.59423e-07
 Reference value :  1.69623e-07
 Reference value :  1.79423e-07
 Reference value :  1.89023e-07
 Reference value :  1.98823e-07
 Reference value :  2.03992e-07
 Reference value :  2.11992e-07
 Reference value :  2.20792e-07
 Reference value :  2.30792e-07
 Reference value :  2.40592e-07
 Reference value :  2.49500e-07
 Reference value :  2.56223e-07
 Reference value :  2.66023e-07
 Reference value :  2.76023e-07
 Reference value :  2.85823e-07
 Reference value :  2.95623e-07
 Reference value :  3.01592e-07
 Reference value :  3.08792e-07
 Reference value :  3.17792e-07
 Reference value :  3.27592e-07
 Reference value :  3.37592e-07
 Reference value :  3.47392e-07
 Reference value :  3.53023e-07
 Reference value :  3.62623e-07
 Reference value :  3.72623e-07
 Reference value :  3.82423e-07
 Reference value :  3.92423e-07
 Reference value :  4.00850e-07
 Reference value :  4.06592e-07
 Reference value :  4.15192e-07
 Reference value :  4.24992e-07
 Reference value :  4.34992e-07
 Reference value :  4.44792e-07
 Reference value :  4.51223e-07
 Reference value :  4.60823e-07
 Reference value :  4.71023e-07
 Reference value :  4.80623e-07
 Reference value :  4.90423e-07
 Reference value :  5.00060e-07
 Reference value :  5.04992e-07
 Reference value :  5.13192e-07
 Reference value :  5.22592e-07
 Reference value :  5.32392e-07
 Reference value :  5.42392e-07
 Reference value :  5.50018e-07
 Reference value :  5.58023e-07
 Reference value :  5.68023e-07
 Reference value :  5.78023e-07
 Reference value :  5.87823e-07
 Reference value :  5.97623e-07
 Reference value :  6.03192e-07
 Reference value :  6.11192e-07
 Reference value :  6.19992e-07
 Reference value :  6.30192e-07
 Reference value :  6.40192e-07
 Reference value :  6.49300e-07
 Reference value :  6.55623e-07
 Reference value :  6.66023e-07
 Reference value :  6.81023e-07
 Reference value :  6.95223e-07
 Reference value :  7.01592e-07
 Reference value :  7.08992e-07
 Reference value :  7.17792e-07
 Reference value :  7.27792e-07
 Reference value :  7.37992e-07
 Reference value :  7.48192e-07
 Reference value :  7.53423e-07
 Reference value :  7.63423e-07
 Reference value :  7.73223e-07
 Reference value :  7.83023e-07
 Reference value :  7.92823e-07
 Reference value :  8.00850e-07
 Reference value :  8.06592e-07
 Reference value :  8.15192e-07
 Reference value :  8.24792e-07
 Reference value :  8.34792e-07
 Reference value :  8.44592e-07
 Reference value :  8.50823e-07
 Reference value :  8.60023e-07
 Reference value :  8.69823e-07
 Reference value :  8.79823e-07
 Reference value :  8.89823e-07
 Reference value :  8.99811e-07
 Reference value :  9.04592e-07
 Reference value :  9.12792e-07
 Reference value :  9.21992e-07
 Reference value :  9.32392e-07
 Reference value :  9.42192e-07
 Reference value :  9.50018e-07
 Reference value :  9.58223e-07
 Reference value :  9.68023e-07
 Reference value :  9.78023e-07
 Reference value :  9.88223e-07
 Reference value :  9.98223e-07
 Reference value :  1.00359e-06
 Reference value :  1.01179e-06
 Reference value :  1.02099e-06
 Reference value :  1.03119e-06
 Reference value :  1.04099e-06
 Reference value :  1.04970e-06
 Reference value :  1.05682e-06
 Reference value :  1.06662e-06
 Reference value :  1.07662e-06
 Reference value :  1.08642e-06
 Reference value :  1.09662e-06
 Reference value :  1.10259e-06
 Reference value :  1.11019e-06
 Reference value :  1.11919e-06
 Reference value :  1.12919e-06
 Reference value :  1.13919e-06
 Reference value :  1.14890e-06
 Reference value :  1.15482e-06
 Reference value :  1.16482e-06
 Reference value :  1.17482e-06
 Reference value :  1.18482e-06
 Reference value :  1.19482e-06
 Reference value :  1.20122e-06
 Reference value :  1.20859e-06
 Reference value :  1.21739e-06
 Reference value :  1.22759e-06
 Reference value :  1.23739e-06
 Reference value :  1.24739e-06
 Reference value :  1.25342e-06
 Reference value :  1.26342e-06
 Reference value :  1.27322e-06
 Reference value :  1.28322e-06
 Reference value :  1.29322e-06
 Reference value :  1.30093e-06
 Reference value :  1.30699e-06
 Reference value :  1.31559e-06
 Reference value :  1.32559e-06
 Reference value :  1.33579e-06
 Reference value :  1.34599e-06
 Reference value :  1.35182e-06
 Reference value :  1.36122e-06
 Reference value :  1.37122e-06
 Reference value :  1.38122e-06
 Reference value :  1.39142e-06
 Reference value :  1.40050e-06
 Reference value :  1.40579e-06
 Reference value :  1.41419e-06
 Reference value :  1.42359e-06
 Reference value :  1.43379e-06
 Reference value :  1.44399e-06
 Reference value :  1.45062e-06
 Reference value :  1.45982e-06
 Reference value :  1.46982e-06
 Reference value :  1.47982e-06
 Reference value :  1.48982e-06
 Reference value :  1.49981e-06
 Reference value :  1.50479e-06
 Reference value :  1.51339e-06
 Reference value :  1.52299e-06
 Reference value :  1.53299e-06
 Reference value :  1.54299e-06
 Reference value :  1.55005e-06
 Reference value :  1.55842e-06
 Reference value :  1.56822e-06
 Reference value :  1.57802e-06
 Reference value :  1.58862e-06
 Reference value :  1.59862e-06
 Reference value :  1.60379e-06
 Reference value :  1.61199e-06
 Reference value :  1.62099e-06
 Reference value :  1.63079e-06
 Reference value :  1.64079e-06
 Reference value :  1.64970e-06
 Reference value :  1.65702e-06
 Reference value :  1.66702e-06
 Reference value :  1.67702e-06
 Reference value :  1.68722e-06
 Reference value :  1.69722e-06
 Reference value :  1.70279e-06
 Reference value :  1.71059e-06
 Reference value :  1.71999e-06
 Reference value :  1.72999e-06
 Reference value :  1.73999e-06
 Reference value :  1.74914e-06
 Reference value :  1.75562e-06
 Reference value :  1.76562e-06
 Reference value :  1.77562e-06
 Reference value :  1.78562e-06
 Reference value :  1.79542e-06
 Reference value :  1.80159e-06
 Reference value :  1.80899e-06
 Reference value :  1.81799e-06
 Reference value :  1.82799e-06
 Reference value :  1.83799e-06
 Reference value :  1.84839e-06
 Reference value :  1.85402e-06
 Reference value :  1.86402e-06
 Reference value :  1.87382e-06
 Reference value :  1.88402e-06
 Reference value :  1.89382e-06
 Reference value :  1.90100e-06
 Reference value :  1.90719e-06
 Reference value :  1.91579e-06
 Reference value :  1.92579e-06
 Reference value :  1.93599e-06
 Reference value :  1.94639e-06
 Reference value :  1.95242e-06
 Reference value :  1.96242e-06
 Reference value :  1.97262e-06
 Reference value :  1.98282e-06
 Reference value :  1.99282e-06
 Reference value :  2.00093e-06
 Reference value :  2.00699e-06
 Reference value :  2.01559e-06
 Reference value :  2.02539e-06
 Reference value :  2.03519e-06
 Reference value :  2.04539e-06
 Reference value :  2.05162e-06
 Reference value :  2.06122e-06
 Reference value :  2.07122e-06
 Reference value :  2.08142e-06
 Reference value :  2.09162e-06
 Reference value :  2.10050e-06
 Reference value :  2.10579e-06
 Reference value :  2.11419e-06
 Reference value :  2.12399e-06
 Reference value :  2.13419e-06
 Reference value :  2.14419e-06
 Reference value :  2.15062e-06
 Reference value :  2.15982e-06
 Reference value :  2.16982e-06
 Reference value :  2.18022e-06
 Reference value :  2.19082e-06
 Reference value :  2.20014e-06
 Reference value :  2.20539e-06
 Reference value :  2.21399e-06
 Reference value :  2.22339e-06
 Reference value :  2.23339e-06
 Reference value :  2.24339e-06
 Reference value :  2.25027e-06
 Reference value :  2.25962e-06
 Reference value :  2.26942e-06
 Reference value :  2.27922e-06
 Reference value :  2.28922e-06
 Reference value :  2.29922e-06
 Reference value :  2.30439e-06
 Reference value :  2.31279e-06
 Reference value :  2.32219e-06
 Reference value :  2.33219e-06
 Reference value :  2.34239e-06
 Reference value :  2.35002e-06
 Reference value :  2.35802e-06
 Reference value :  2.36802e-06
 Reference value :  2.37822e-06
 Reference value :  2.38822e-06
 Reference value :  2.39822e-06
 Reference value :  2.40359e-06
 Reference value :  2.41179e-06
 Reference value :  2.42079e-06
 Reference value :  2.43079e-06
 Reference value :  2.44099e-06
 Reference value :  2.44970e-06
 Reference value :  2.45682e-06
 Reference value :  2.46702e-06
 Reference value :  2.47722e-06
 Reference value :  2.48742e-06
 Reference value :  2.49762e-06
 Reference value :  2.50319e-06
 Reference value :  2.51119e-06
 Reference value :  2.52039e-06
 Reference value :  2.53059e-06
 Reference value :  2.54079e-06
 Reference value :  2.54970e-06
 Reference value :  2.55662e-06
 Reference value :  2.56682e-06
 Reference value :  2.57702e-06
 Reference value :  2.58702e-06
 Reference value :  2.59722e-06
 Reference value :  2.60299e-06
 Reference value :  2.61059e-06
 Reference value :  2.61999e-06
 Reference value :  2.63059e-06
 Reference value :  2.64059e-06
 Reference value :  2.64950e-06
 Reference value :  2.65642e-06
 Reference value :  2.66642e-06
 Reference value :  2.67642e-06
 Reference value :  2.68702e-06
 Reference value :  2.69722e-06
 Reference value :  2.70319e-06
 Reference value :  2.71179e-06
 Reference value :  2.72119e-06
 Reference value :  2.73179e-06
 Reference value :  2.74239e-06
 Reference value :  2.75002e-06
 Reference value :  2.75842e-06
 Reference value :  2.76882e-06
 Reference value :  2.77902e-06
 Reference value :  2.78922e-06
 Reference value :  2.79942e-06
 Reference value :  2.80439e-06
 Reference value :  2.81299e-06
 Reference value :  2.82279e-06
 Reference value :  2.83319e-06
 Reference value :  2.84339e-06
 Reference value :  2.85027e-06
 Reference value :  2.85982e-06
 Reference value :  2.87002e-06
 Reference value :  2.88082e-06
 Reference value :  2.89122e-06
 Reference value :  2.90070e-06
 Reference value :  2.90699e-06
 Reference value :  2.91579e-06
 Reference value :  2.92639e-06
 Reference value :  2.93659e-06
 Reference value :  2.94679e-06
 Reference value :  2.95262e-06
 Reference value :  2.96242e-06
 Reference value :  2.97242e-06
 Reference value :  2.98282e-06
 Reference value :  2.99282e-06
No. of Data Rows : 15440
sim/harness: analysis complete
Note: Simulation executed from .control section 
Warning: singular matrix:  check node xxxtop.xxlf.xr1.t1

Note: Starting dynamic gmin stepping
Note: Dynamic gmin stepping completed
