
Note: Compatibility modes selected: hs a


Circuit: ** sch_path: /users/rwalters/github/sky130-pll/.loom/worktrees/issue-81/sim/pll-lock/testbench/tb_pll_lock.sch

option SCALE: Scale is set to 1e-06 for instance and model parameters
option SCALE: Scale is set to 1e-06 for instance and model parameters
option SCALE: Scale is set to 1e-06 for instance and model parameters
option SCALE: Scale is set to 1e-06 for instance and model parameters
Doing analysis at TEMP = 125.000000 and TNOM = 27.000000

Using KLU as Direct Linear Solver
 Reference value :  0.00000e+00
 Reference value :  2.35251e-09
 Reference value :  5.50000e-09
 Reference value :  1.19000e-08
 Reference value :  1.89000e-08
 Reference value :  2.59000e-08
 Reference value :  3.59000e-08
 Reference value :  4.59000e-08
 Reference value :  5.19550e-08
 Reference value :  5.91550e-08
 Reference value :  6.61550e-08
 Reference value :  7.31550e-08
 Reference value :  8.01550e-08
 Reference value :  8.83550e-08
 Reference value :  9.83550e-08
 Reference value :  1.03186e-07
 Reference value :  1.11786e-07
 Reference value :  1.21586e-07
 Reference value :  1.31786e-07
 Reference value :  1.41986e-07
 Reference value :  1.50020e-07
 Reference value :  1.56352e-07
 Reference value :  1.63352e-07
 Reference value :  1.70352e-07
 Reference value :  1.77352e-07
 Reference value :  1.84352e-07
 Reference value :  1.91152e-07
 Reference value :  1.99352e-07
 Reference value :  2.04018e-07
 Reference value :  2.14018e-07
 Reference value :  2.24018e-07
 Reference value :  2.34018e-07
 Reference value :  2.44018e-07
 Reference value :  2.50952e-07
 Reference value :  2.57952e-07
 Reference value :  2.64952e-07
 Reference value :  2.72152e-07
 Reference value :  2.79152e-07
 Reference value :  2.85952e-07
 Reference value :  2.93152e-07
 Reference value :  3.00700e-07
 Reference value :  3.07018e-07
 Reference value :  3.17018e-07
 Reference value :  3.27018e-07
 Reference value :  3.37018e-07
 Reference value :  3.47018e-07
 Reference value :  3.52952e-07
 Reference value :  3.59752e-07
 Reference value :  3.66952e-07
 Reference value :  3.73952e-07
 Reference value :  3.80952e-07
 Reference value :  3.87752e-07
 Reference value :  3.94552e-07
 Reference value :  4.01052e-07
 Reference value :  4.09218e-07
 Reference value :  4.19218e-07
 Reference value :  4.29618e-07
 Reference value :  4.39618e-07
 Reference value :  4.49700e-07
 Reference value :  4.55352e-07
 Reference value :  4.62552e-07
 Reference value :  4.69752e-07
 Reference value :  4.77152e-07
 Reference value :  4.84152e-07
 Reference value :  4.91152e-07
 Reference value :  4.99152e-07
 Reference value :  5.04018e-07
 Reference value :  5.14218e-07
 Reference value :  5.24418e-07
 Reference value :  5.34418e-07
 Reference value :  5.44618e-07
 Reference value :  5.51152e-07
 Reference value :  5.58152e-07
 Reference value :  5.65152e-07
 Reference value :  5.72352e-07
 Reference value :  5.79952e-07
 Reference value :  5.86752e-07
 Reference value :  5.93752e-07
 Reference value :  6.00850e-07
 Reference value :  6.08018e-07
 Reference value :  6.18018e-07
 Reference value :  6.28218e-07
 Reference value :  6.38418e-07
 Reference value :  6.48418e-07
 Reference value :  6.53752e-07
 Reference value :  6.60952e-07
 Reference value :  6.67952e-07
 Reference value :  6.74952e-07
 Reference value :  6.82152e-07
 Reference value :  6.89152e-07
 Reference value :  6.96552e-07
 Reference value :  7.02218e-07
 Reference value :  7.11618e-07
 Reference value :  7.21618e-07
 Reference value :  7.31818e-07
 Reference value :  7.42018e-07
 Reference value :  7.50020e-07
 Reference value :  7.56552e-07
 Reference value :  7.63552e-07
 Reference value :  7.70552e-07
 Reference value :  7.77552e-07
 Reference value :  7.84552e-07
 Reference value :  7.91352e-07
 Reference value :  7.99752e-07
 Reference value :  8.04618e-07
 Reference value :  8.14618e-07
 Reference value :  8.24618e-07
 Reference value :  8.34418e-07
 Reference value :  8.44818e-07
 Reference value :  8.51352e-07
 Reference value :  8.58352e-07
 Reference value :  8.65352e-07
 Reference value :  8.72352e-07
 Reference value :  8.79752e-07
 Reference value :  8.86752e-07
 Reference value :  8.93552e-07
 Reference value :  9.00850e-07
 Reference value :  9.08018e-07
 Reference value :  9.18218e-07
 Reference value :  9.28418e-07
 Reference value :  9.38418e-07
 Reference value :  9.48618e-07
 Reference value :  9.54152e-07
 Reference value :  9.61152e-07
 Reference value :  9.68352e-07
 Reference value :  9.75352e-07
 Reference value :  9.82352e-07
 Reference value :  9.89352e-07
 Reference value :  9.96752e-07
 Reference value :  1.00222e-06
 Reference value :  1.01142e-06
 Reference value :  1.02122e-06
 Reference value :  1.03122e-06
 Reference value :  1.04122e-06
 Reference value :  1.05000e-06
 Reference value :  1.05615e-06
 Reference value :  1.06315e-06
 Reference value :  1.07035e-06
 Reference value :  1.07735e-06
 Reference value :  1.08435e-06
 Reference value :  1.09135e-06
 Reference value :  1.09975e-06
 Reference value :  1.10462e-06
 Reference value :  1.11502e-06
 Reference value :  1.12542e-06
 Reference value :  1.13562e-06
 Reference value :  1.14562e-06
 Reference value :  1.15175e-06
 Reference value :  1.15875e-06
 Reference value :  1.16575e-06
 Reference value :  1.17275e-06
 Reference value :  1.17975e-06
 Reference value :  1.18675e-06
 Reference value :  1.19355e-06
 Reference value :  1.20085e-06
 Reference value :  1.20802e-06
 Reference value :  1.21782e-06
 Reference value :  1.22782e-06
 Reference value :  1.23802e-06
 Reference value :  1.24802e-06
 Reference value :  1.25375e-06
 Reference value :  1.26075e-06
 Reference value :  1.26775e-06
 Reference value :  1.27475e-06
 Reference value :  1.28175e-06
 Reference value :  1.28875e-06
 Reference value :  1.29615e-06
 Reference value :  1.30182e-06
 Reference value :  1.31102e-06
 Reference value :  1.32102e-06
 Reference value :  1.33122e-06
 Reference value :  1.34102e-06
 Reference value :  1.35000e-06
 Reference value :  1.35635e-06
 Reference value :  1.36335e-06
 Reference value :  1.37035e-06
 Reference value :  1.37735e-06
 Reference value :  1.38435e-06
 Reference value :  1.39135e-06
 Reference value :  1.39955e-06
 Reference value :  1.40442e-06
 Reference value :  1.41442e-06
 Reference value :  1.42462e-06
 Reference value :  1.43462e-06
 Reference value :  1.44462e-06
 Reference value :  1.45135e-06
 Reference value :  1.45855e-06
 Reference value :  1.46555e-06
 Reference value :  1.47255e-06
 Reference value :  1.47955e-06
 Reference value :  1.48655e-06
 Reference value :  1.49335e-06
 Reference value :  1.50085e-06
 Reference value :  1.50802e-06
 Reference value :  1.51802e-06
 Reference value :  1.52802e-06
 Reference value :  1.53802e-06
 Reference value :  1.54802e-06
 Reference value :  1.55355e-06
 Reference value :  1.56055e-06
 Reference value :  1.56735e-06
 Reference value :  1.57415e-06
 Reference value :  1.58095e-06
 Reference value :  1.58775e-06
 Reference value :  1.59455e-06
 Reference value :  1.60102e-06
 Reference value :  1.60882e-06
 Reference value :  1.61862e-06
 Reference value :  1.62902e-06
 Reference value :  1.63922e-06
 Reference value :  1.64900e-06
 Reference value :  1.65415e-06
 Reference value :  1.66115e-06
 Reference value :  1.66815e-06
 Reference value :  1.67535e-06
 Reference value :  1.68235e-06
 Reference value :  1.68935e-06
 Reference value :  1.69655e-06
 Reference value :  1.70222e-06
 Reference value :  1.71162e-06
 Reference value :  1.72182e-06
 Reference value :  1.73182e-06
 Reference value :  1.74222e-06
 Reference value :  1.75002e-06
 Reference value :  1.75655e-06
 Reference value :  1.76355e-06
 Reference value :  1.77055e-06
 Reference value :  1.77735e-06
 Reference value :  1.78435e-06
 Reference value :  1.79115e-06
 Reference value :  1.79915e-06
 Reference value :  1.80382e-06
 Reference value :  1.81362e-06
 Reference value :  1.82382e-06
 Reference value :  1.83382e-06
 Reference value :  1.84362e-06
 Reference value :  1.85055e-06
 Reference value :  1.85775e-06
 Reference value :  1.86455e-06
 Reference value :  1.87155e-06
 Reference value :  1.87855e-06
 Reference value :  1.88555e-06
 Reference value :  1.89235e-06
 Reference value :  1.90050e-06
 Reference value :  1.90702e-06
 Reference value :  1.91742e-06
 Reference value :  1.92802e-06
 Reference value :  1.93842e-06
 Reference value :  1.94902e-06
 Reference value :  1.95475e-06
 Reference value :  1.96255e-06
 Reference value :  1.96995e-06
 Reference value :  1.97755e-06
 Reference value :  1.98475e-06
 Reference value :  1.99215e-06
 Reference value :  2.00014e-06
 Reference value :  2.00642e-06
 Reference value :  2.01702e-06
 Reference value :  2.02802e-06
 Reference value :  2.03822e-06
 Reference value :  2.04822e-06
 Reference value :  2.05395e-06
 Reference value :  2.06155e-06
 Reference value :  2.06895e-06
 Reference value :  2.07615e-06
 Reference value :  2.08335e-06
 Reference value :  2.09035e-06
 Reference value :  2.09815e-06
 Reference value :  2.10362e-06
 Reference value :  2.11362e-06
 Reference value :  2.12382e-06
 Reference value :  2.13382e-06
 Reference value :  2.14382e-06
 Reference value :  2.15095e-06
 Reference value :  2.15795e-06
 Reference value :  2.16475e-06
 Reference value :  2.17175e-06
 Reference value :  2.17875e-06
 Reference value :  2.18575e-06
 Reference value :  2.19255e-06
 Reference value :  2.20030e-06
 Reference value :  2.20622e-06
 Reference value :  2.21622e-06
 Reference value :  2.22602e-06
 Reference value :  2.23602e-06
 Reference value :  2.24602e-06
 Reference value :  2.25215e-06
 Reference value :  2.25935e-06
 Reference value :  2.26615e-06
 Reference value :  2.27295e-06
 Reference value :  2.27995e-06
 Reference value :  2.28675e-06
 Reference value :  2.29375e-06
 Reference value :  2.30085e-06
 Reference value :  2.30842e-06
 Reference value :  2.31862e-06
 Reference value :  2.32902e-06
 Reference value :  2.33922e-06
 Reference value :  2.34902e-06
 Reference value :  2.35475e-06
 Reference value :  2.36175e-06
 Reference value :  2.36895e-06
 Reference value :  2.37595e-06
 Reference value :  2.38295e-06
 Reference value :  2.38995e-06
 Reference value :  2.39755e-06
 Reference value :  2.40282e-06
 Reference value :  2.41222e-06
 Reference value :  2.42222e-06
 Reference value :  2.43222e-06
 Reference value :  2.44262e-06
 Reference value :  2.45014e-06
 Reference value :  2.45695e-06
 Reference value :  2.46435e-06
 Reference value :  2.47195e-06
 Reference value :  2.47935e-06
 Reference value :  2.48655e-06
 Reference value :  2.49375e-06
 Reference value :  2.50100e-06
 Reference value :  2.50862e-06
 Reference value :  2.51902e-06
 Reference value :  2.52962e-06
 Reference value :  2.54042e-06
 Reference value :  2.54985e-06
 Reference value :  2.55595e-06
 Reference value :  2.56315e-06
 Reference value :  2.57015e-06
 Reference value :  2.57715e-06
 Reference value :  2.58435e-06
 Reference value :  2.59155e-06
 Reference value :  2.59988e-06
 Reference value :  2.60542e-06
 Reference value :  2.61582e-06
 Reference value :  2.62602e-06
 Reference value :  2.63662e-06
 Reference value :  2.64662e-06
 Reference value :  2.65235e-06
 Reference value :  2.66035e-06
 Reference value :  2.66735e-06
 Reference value :  2.67455e-06
 Reference value :  2.68135e-06
 Reference value :  2.68815e-06
 Reference value :  2.69495e-06
 Reference value :  2.70112e-06
 Reference value :  2.70962e-06
 Reference value :  2.71942e-06
 Reference value :  2.72922e-06
 Reference value :  2.73922e-06
 Reference value :  2.74900e-06
 Reference value :  2.75415e-06
 Reference value :  2.76115e-06
 Reference value :  2.76835e-06
 Reference value :  2.77535e-06
 Reference value :  2.78235e-06
 Reference value :  2.78935e-06
 Reference value :  2.79715e-06
 Reference value :  2.80242e-06
 Reference value :  2.81202e-06
 Reference value :  2.82202e-06
 Reference value :  2.83202e-06
 Reference value :  2.84222e-06
 Reference value :  2.85006e-06
 Reference value :  2.85675e-06
 Reference value :  2.86395e-06
 Reference value :  2.87095e-06
 Reference value :  2.87795e-06
 Reference value :  2.88495e-06
 Reference value :  2.89175e-06
 Reference value :  2.90000e-06
 Reference value :  2.90502e-06
 Reference value :  2.91502e-06
 Reference value :  2.92502e-06
 Reference value :  2.93502e-06
 Reference value :  2.94482e-06
 Reference value :  2.95135e-06
 Reference value :  2.95835e-06
 Reference value :  2.96535e-06
 Reference value :  2.97235e-06
 Reference value :  2.98035e-06
 Reference value :  2.98715e-06
 Reference value :  2.99395e-06
No. of Data Rows : 15408
sim/harness: analysis complete
Note: Simulation executed from .control section 
