
Note: Compatibility modes selected: hs a


Circuit: ** sch_path: /users/rwalters/github/sky130-pll/.loom/worktrees/issue-81/sim/pll-lock/testbench/tb_pll_lock.sch

option SCALE: Scale is set to 1e-06 for instance and model parameters
option SCALE: Scale is set to 1e-06 for instance and model parameters
option SCALE: Scale is set to 1e-06 for instance and model parameters
option SCALE: Scale is set to 1e-06 for instance and model parameters
Doing analysis at TEMP = 125.000000 and TNOM = 27.000000

Using KLU as Direct Linear Solver
 Reference value :  0.00000e+00
 Reference value :  1.97298e-09
 Reference value :  6.50000e-09
 Reference value :  1.37000e-08
 Reference value :  2.05000e-08
 Reference value :  2.71000e-08
 Reference value :  3.63000e-08
 Reference value :  4.63000e-08
 Reference value :  5.24745e-08
 Reference value :  6.14745e-08
 Reference value :  7.14745e-08
 Reference value :  8.12745e-08
 Reference value :  9.08745e-08
 Reference value :  1.00140e-07
 Reference value :  1.05206e-07
 Reference value :  1.13006e-07
 Reference value :  1.22006e-07
 Reference value :  1.32006e-07
 Reference value :  1.42006e-07
 Reference value :  1.50020e-07
 Reference value :  1.57074e-07
 Reference value :  1.66874e-07
 Reference value :  1.76874e-07
 Reference value :  1.86874e-07
 Reference value :  1.96874e-07
 Reference value :  2.02550e-07
 Reference value :  2.10150e-07
 Reference value :  2.19950e-07
 Reference value :  2.29750e-07
 Reference value :  2.39750e-07
 Reference value :  2.49060e-07
 Reference value :  2.56073e-07
 Reference value :  2.69273e-07
 Reference value :  2.82673e-07
 Reference value :  2.97673e-07
 Reference value :  3.05750e-07
 Reference value :  3.19150e-07
 Reference value :  3.31550e-07
 Reference value :  3.41350e-07
 Reference value :  3.50000e-07
 Reference value :  3.56473e-07
 Reference value :  3.66273e-07
 Reference value :  3.76273e-07
 Reference value :  3.86273e-07
 Reference value :  3.96273e-07
 Reference value :  4.02350e-07
 Reference value :  4.09750e-07
 Reference value :  4.19750e-07
 Reference value :  4.29750e-07
 Reference value :  4.39750e-07
 Reference value :  4.49140e-07
 Reference value :  4.54873e-07
 Reference value :  4.63873e-07
 Reference value :  4.73873e-07
 Reference value :  4.84073e-07
 Reference value :  4.93873e-07
 Reference value :  5.01046e-07
 Reference value :  5.07750e-07
 Reference value :  5.17150e-07
 Reference value :  5.27150e-07
 Reference value :  5.37150e-07
 Reference value :  5.46950e-07
 Reference value :  5.52873e-07
 Reference value :  5.61073e-07
 Reference value :  5.71073e-07
 Reference value :  5.81073e-07
 Reference value :  5.91073e-07
 Reference value :  6.00140e-07
 Reference value :  6.05750e-07
 Reference value :  6.14550e-07
 Reference value :  6.24550e-07
 Reference value :  6.34550e-07
 Reference value :  6.44550e-07
 Reference value :  6.51473e-07
 Reference value :  6.59273e-07
 Reference value :  6.69273e-07
 Reference value :  6.79073e-07
 Reference value :  6.89073e-07
 Reference value :  6.98873e-07
 Reference value :  7.04150e-07
 Reference value :  7.12350e-07
 Reference value :  7.22350e-07
 Reference value :  7.32150e-07
 Reference value :  7.41950e-07
 Reference value :  7.50000e-07
 Reference value :  7.56273e-07
 Reference value :  7.65673e-07
 Reference value :  7.75673e-07
 Reference value :  7.85673e-07
 Reference value :  7.95673e-07
 Reference value :  8.01750e-07
 Reference value :  8.09150e-07
 Reference value :  8.18950e-07
 Reference value :  8.28950e-07
 Reference value :  8.38750e-07
 Reference value :  8.48550e-07
 Reference value :  8.54073e-07
 Reference value :  8.62873e-07
 Reference value :  8.72873e-07
 Reference value :  8.82873e-07
 Reference value :  8.92673e-07
 Reference value :  9.00850e-07
 Reference value :  9.06950e-07
 Reference value :  9.16350e-07
 Reference value :  9.26150e-07
 Reference value :  9.36150e-07
 Reference value :  9.46150e-07
 Reference value :  9.52273e-07
 Reference value :  9.60273e-07
 Reference value :  9.70273e-07
 Reference value :  9.80073e-07
 Reference value :  9.90073e-07
 Reference value :  1.00000e-06
 Reference value :  1.00495e-06
 Reference value :  1.01355e-06
 Reference value :  1.02375e-06
 Reference value :  1.03375e-06
 Reference value :  1.04355e-06
 Reference value :  1.05067e-06
 Reference value :  1.05767e-06
 Reference value :  1.06747e-06
 Reference value :  1.07727e-06
 Reference value :  1.08727e-06
 Reference value :  1.09707e-06
 Reference value :  1.10335e-06
 Reference value :  1.11115e-06
 Reference value :  1.12095e-06
 Reference value :  1.13115e-06
 Reference value :  1.14115e-06
 Reference value :  1.14970e-06
 Reference value :  1.15567e-06
 Reference value :  1.16507e-06
 Reference value :  1.17507e-06
 Reference value :  1.18487e-06
 Reference value :  1.19507e-06
 Reference value :  1.20135e-06
 Reference value :  1.20855e-06
 Reference value :  1.21795e-06
 Reference value :  1.22775e-06
 Reference value :  1.23755e-06
 Reference value :  1.24755e-06
 Reference value :  1.25347e-06
 Reference value :  1.26167e-06
 Reference value :  1.27147e-06
 Reference value :  1.28127e-06
 Reference value :  1.29107e-06
 Reference value :  1.30014e-06
 Reference value :  1.30555e-06
 Reference value :  1.31415e-06
 Reference value :  1.32415e-06
 Reference value :  1.33395e-06
 Reference value :  1.34395e-06
 Reference value :  1.35087e-06
 Reference value :  1.35847e-06
 Reference value :  1.36827e-06
 Reference value :  1.37807e-06
 Reference value :  1.38827e-06
 Reference value :  1.39847e-06
 Reference value :  1.40375e-06
 Reference value :  1.41175e-06
 Reference value :  1.42195e-06
 Reference value :  1.43175e-06
 Reference value :  1.44155e-06
 Reference value :  1.45000e-06
 Reference value :  1.45647e-06
 Reference value :  1.46607e-06
 Reference value :  1.47607e-06
 Reference value :  1.48607e-06
 Reference value :  1.49647e-06
 Reference value :  1.50255e-06
 Reference value :  1.50975e-06
 Reference value :  1.51935e-06
 Reference value :  1.52935e-06
 Reference value :  1.53915e-06
 Reference value :  1.54888e-06
 Reference value :  1.55427e-06
 Reference value :  1.56307e-06
 Reference value :  1.57287e-06
 Reference value :  1.58267e-06
 Reference value :  1.59247e-06
 Reference value :  1.60070e-06
 Reference value :  1.60635e-06
 Reference value :  1.61535e-06
 Reference value :  1.62535e-06
 Reference value :  1.63515e-06
 Reference value :  1.64495e-06
 Reference value :  1.65167e-06
 Reference value :  1.65947e-06
 Reference value :  1.66947e-06
 Reference value :  1.67927e-06
 Reference value :  1.68907e-06
 Reference value :  1.69867e-06
 Reference value :  1.70415e-06
 Reference value :  1.71235e-06
 Reference value :  1.72215e-06
 Reference value :  1.73195e-06
 Reference value :  1.74155e-06
 Reference value :  1.75000e-06
 Reference value :  1.75647e-06
 Reference value :  1.76607e-06
 Reference value :  1.77587e-06
 Reference value :  1.78587e-06
 Reference value :  1.79607e-06
 Reference value :  1.80195e-06
 Reference value :  1.80915e-06
 Reference value :  1.81935e-06
 Reference value :  1.82955e-06
 Reference value :  1.83955e-06
 Reference value :  1.84902e-06
 Reference value :  1.85467e-06
 Reference value :  1.86407e-06
 Reference value :  1.87387e-06
 Reference value :  1.88367e-06
 Reference value :  1.89347e-06
 Reference value :  1.90100e-06
 Reference value :  1.90735e-06
 Reference value :  1.91675e-06
 Reference value :  1.92695e-06
 Reference value :  1.93675e-06
 Reference value :  1.94675e-06
 Reference value :  1.95287e-06
 Reference value :  1.96087e-06
 Reference value :  1.97107e-06
 Reference value :  1.98087e-06
 Reference value :  1.99087e-06
 Reference value :  2.00014e-06
 Reference value :  2.00555e-06
 Reference value :  2.01435e-06
 Reference value :  2.02435e-06
 Reference value :  2.03415e-06
 Reference value :  2.04395e-06
 Reference value :  2.05087e-06
 Reference value :  2.05807e-06
 Reference value :  2.06787e-06
 Reference value :  2.07767e-06
 Reference value :  2.08767e-06
 Reference value :  2.09767e-06
 Reference value :  2.10335e-06
 Reference value :  2.11095e-06
 Reference value :  2.12095e-06
 Reference value :  2.13135e-06
 Reference value :  2.14115e-06
 Reference value :  2.14985e-06
 Reference value :  2.15627e-06
 Reference value :  2.16567e-06
 Reference value :  2.17587e-06
 Reference value :  2.18587e-06
 Reference value :  2.19567e-06
 Reference value :  2.20195e-06
 Reference value :  2.20935e-06
 Reference value :  2.21955e-06
 Reference value :  2.22955e-06
 Reference value :  2.23995e-06
 Reference value :  2.24930e-06
 Reference value :  2.25507e-06
 Reference value :  2.26407e-06
 Reference value :  2.27387e-06
 Reference value :  2.28347e-06
 Reference value :  2.29327e-06
 Reference value :  2.30102e-06
 Reference value :  2.30735e-06
 Reference value :  2.31695e-06
 Reference value :  2.32675e-06
 Reference value :  2.33655e-06
 Reference value :  2.34655e-06
 Reference value :  2.35267e-06
 Reference value :  2.36067e-06
 Reference value :  2.37047e-06
 Reference value :  2.38047e-06
 Reference value :  2.39027e-06
 Reference value :  2.40002e-06
 Reference value :  2.40495e-06
 Reference value :  2.41335e-06
 Reference value :  2.42315e-06
 Reference value :  2.43315e-06
 Reference value :  2.44315e-06
 Reference value :  2.45027e-06
 Reference value :  2.45727e-06
 Reference value :  2.46687e-06
 Reference value :  2.47687e-06
 Reference value :  2.48707e-06
 Reference value :  2.49747e-06
 Reference value :  2.50335e-06
 Reference value :  2.51135e-06
 Reference value :  2.52155e-06
 Reference value :  2.53155e-06
 Reference value :  2.54155e-06
 Reference value :  2.55000e-06
 Reference value :  2.55627e-06
 Reference value :  2.56607e-06
 Reference value :  2.57607e-06
 Reference value :  2.58587e-06
 Reference value :  2.59607e-06
 Reference value :  2.60235e-06
 Reference value :  2.60975e-06
 Reference value :  2.61955e-06
 Reference value :  2.62935e-06
 Reference value :  2.63955e-06
 Reference value :  2.64914e-06
 Reference value :  2.65487e-06
 Reference value :  2.66407e-06
 Reference value :  2.67387e-06
 Reference value :  2.68367e-06
 Reference value :  2.69367e-06
 Reference value :  2.70102e-06
 Reference value :  2.70755e-06
 Reference value :  2.71715e-06
 Reference value :  2.72715e-06
 Reference value :  2.73735e-06
 Reference value :  2.74755e-06
 Reference value :  2.75347e-06
 Reference value :  2.76247e-06
 Reference value :  2.77247e-06
 Reference value :  2.78247e-06
 Reference value :  2.79227e-06
 Reference value :  2.80085e-06
 Reference value :  2.80675e-06
 Reference value :  2.81615e-06
 Reference value :  2.82595e-06
 Reference value :  2.83575e-06
 Reference value :  2.84555e-06
 Reference value :  2.85227e-06
 Reference value :  2.86067e-06
 Reference value :  2.87087e-06
 Reference value :  2.88107e-06
 Reference value :  2.89127e-06
 Reference value :  2.90030e-06
 Reference value :  2.90575e-06
 Reference value :  2.91455e-06
 Reference value :  2.92475e-06
 Reference value :  2.93495e-06
 Reference value :  2.94475e-06
 Reference value :  2.95127e-06
 Reference value :  2.95847e-06
 Reference value :  2.96847e-06
 Reference value :  2.97847e-06
 Reference value :  2.98867e-06
 Reference value :  2.99887e-06
No. of Data Rows : 15404
sim/harness: analysis complete
Note: Simulation executed from .control section 
Warning: singular matrix:  check node xxxtop.xxlf.xr1.t1

Note: Starting dynamic gmin stepping
Note: Dynamic gmin stepping completed
