
Note: Compatibility modes selected: hs a


Circuit: ** sch_path: /users/rwalters/github/sky130-pll/.loom/worktrees/issue-81/sim/pll-lock/testbench/tb_pll_lock.sch

option SCALE: Scale is set to 1e-06 for instance and model parameters
option SCALE: Scale is set to 1e-06 for instance and model parameters
option SCALE: Scale is set to 1e-06 for instance and model parameters
option SCALE: Scale is set to 1e-06 for instance and model parameters
Doing analysis at TEMP = 27.000000 and TNOM = 27.000000

Using KLU as Direct Linear Solver
 Reference value :  0.00000e+00
 Reference value :  1.85371e-09
 Reference value :  6.70000e-09
 Reference value :  1.45000e-08
 Reference value :  2.13000e-08
 Reference value :  2.81000e-08
 Reference value :  3.57000e-08
 Reference value :  4.59000e-08
 Reference value :  5.16029e-08
 Reference value :  6.16029e-08
 Reference value :  7.16029e-08
 Reference value :  8.18029e-08
 Reference value :  9.18029e-08
 Reference value :  1.00700e-07
 Reference value :  1.05744e-07
 Reference value :  1.15344e-07
 Reference value :  1.25344e-07
 Reference value :  1.35544e-07
 Reference value :  1.45544e-07
 Reference value :  1.51603e-07
 Reference value :  1.61603e-07
 Reference value :  1.71603e-07
 Reference value :  1.81803e-07
 Reference value :  1.91803e-07
 Reference value :  2.00700e-07
 Reference value :  2.06335e-07
 Reference value :  2.15535e-07
 Reference value :  2.25335e-07
 Reference value :  2.35535e-07
 Reference value :  2.45335e-07
 Reference value :  2.51403e-07
 Reference value :  2.61003e-07
 Reference value :  2.71403e-07
 Reference value :  2.81403e-07
 Reference value :  2.91803e-07
 Reference value :  3.00700e-07
 Reference value :  3.06535e-07
 Reference value :  3.15735e-07
 Reference value :  3.25935e-07
 Reference value :  3.36135e-07
 Reference value :  3.46535e-07
 Reference value :  3.53403e-07
 Reference value :  3.63803e-07
 Reference value :  3.74003e-07
 Reference value :  3.84203e-07
 Reference value :  3.94003e-07
 Reference value :  4.01015e-07
 Reference value :  4.07535e-07
 Reference value :  4.17135e-07
 Reference value :  4.27335e-07
 Reference value :  4.37735e-07
 Reference value :  4.47535e-07
 Reference value :  4.53203e-07
 Reference value :  4.63403e-07
 Reference value :  4.73403e-07
 Reference value :  4.83403e-07
 Reference value :  4.93403e-07
 Reference value :  5.00850e-07
 Reference value :  5.06935e-07
 Reference value :  5.16535e-07
 Reference value :  5.26535e-07
 Reference value :  5.36335e-07
 Reference value :  5.46335e-07
 Reference value :  5.52403e-07
 Reference value :  5.62403e-07
 Reference value :  5.72403e-07
 Reference value :  5.82403e-07
 Reference value :  5.92603e-07
 Reference value :  6.00700e-07
 Reference value :  6.06335e-07
 Reference value :  6.15335e-07
 Reference value :  6.25735e-07
 Reference value :  6.35535e-07
 Reference value :  6.45535e-07
 Reference value :  6.51603e-07
 Reference value :  6.61403e-07
 Reference value :  6.71803e-07
 Reference value :  6.81803e-07
 Reference value :  6.91803e-07
 Reference value :  7.00700e-07
 Reference value :  7.06535e-07
 Reference value :  7.16135e-07
 Reference value :  7.26335e-07
 Reference value :  7.36335e-07
 Reference value :  7.46735e-07
 Reference value :  7.52603e-07
 Reference value :  7.62403e-07
 Reference value :  7.72403e-07
 Reference value :  7.82403e-07
 Reference value :  7.92403e-07
 Reference value :  8.00700e-07
 Reference value :  8.06535e-07
 Reference value :  8.15735e-07
 Reference value :  8.25735e-07
 Reference value :  8.35935e-07
 Reference value :  8.45935e-07
 Reference value :  8.51803e-07
 Reference value :  8.61803e-07
 Reference value :  8.71803e-07
 Reference value :  8.81803e-07
 Reference value :  8.91803e-07
 Reference value :  9.00700e-07
 Reference value :  9.06335e-07
 Reference value :  9.15335e-07
 Reference value :  9.25535e-07
 Reference value :  9.35735e-07
 Reference value :  9.45735e-07
 Reference value :  9.51803e-07
 Reference value :  9.61803e-07
 Reference value :  9.71803e-07
 Reference value :  9.81803e-07
 Reference value :  9.91803e-07
 Reference value :  1.00070e-06
 Reference value :  1.00633e-06
 Reference value :  1.01593e-06
 Reference value :  1.02593e-06
 Reference value :  1.03593e-06
 Reference value :  1.04593e-06
 Reference value :  1.05200e-06
 Reference value :  1.06200e-06
 Reference value :  1.07200e-06
 Reference value :  1.08200e-06
 Reference value :  1.09220e-06
 Reference value :  1.10070e-06
 Reference value :  1.10633e-06
 Reference value :  1.11553e-06
 Reference value :  1.12573e-06
 Reference value :  1.13573e-06
 Reference value :  1.14573e-06
 Reference value :  1.15160e-06
 Reference value :  1.16160e-06
 Reference value :  1.17160e-06
 Reference value :  1.18140e-06
 Reference value :  1.19160e-06
 Reference value :  1.20050e-06
 Reference value :  1.20553e-06
 Reference value :  1.21433e-06
 Reference value :  1.22453e-06
 Reference value :  1.23473e-06
 Reference value :  1.24493e-06
 Reference value :  1.25100e-06
 Reference value :  1.26120e-06
 Reference value :  1.27120e-06
 Reference value :  1.28140e-06
 Reference value :  1.29120e-06
 Reference value :  1.30030e-06
 Reference value :  1.30533e-06
 Reference value :  1.31413e-06
 Reference value :  1.32413e-06
 Reference value :  1.33433e-06
 Reference value :  1.34433e-06
 Reference value :  1.35060e-06
 Reference value :  1.36040e-06
 Reference value :  1.37040e-06
 Reference value :  1.38060e-06
 Reference value :  1.39040e-06
 Reference value :  1.40002e-06
 Reference value :  1.40493e-06
 Reference value :  1.41333e-06
 Reference value :  1.42373e-06
 Reference value :  1.43373e-06
 Reference value :  1.44453e-06
 Reference value :  1.45080e-06
 Reference value :  1.46040e-06
 Reference value :  1.47020e-06
 Reference value :  1.48040e-06
 Reference value :  1.49040e-06
 Reference value :  1.50014e-06
 Reference value :  1.50513e-06
 Reference value :  1.51373e-06
 Reference value :  1.52393e-06
 Reference value :  1.53393e-06
 Reference value :  1.54373e-06
 Reference value :  1.55020e-06
 Reference value :  1.56020e-06
 Reference value :  1.57040e-06
 Reference value :  1.58040e-06
 Reference value :  1.59060e-06
 Reference value :  1.60014e-06
 Reference value :  1.60513e-06
 Reference value :  1.61353e-06
 Reference value :  1.62353e-06
 Reference value :  1.63333e-06
 Reference value :  1.64333e-06
 Reference value :  1.65004e-06
 Reference value :  1.65920e-06
 Reference value :  1.66940e-06
 Reference value :  1.67920e-06
 Reference value :  1.68920e-06
 Reference value :  1.69920e-06
 Reference value :  1.70393e-06
 Reference value :  1.71173e-06
 Reference value :  1.72213e-06
 Reference value :  1.73233e-06
 Reference value :  1.74233e-06
 Reference value :  1.74998e-06
 Reference value :  1.75820e-06
 Reference value :  1.76840e-06
 Reference value :  1.77880e-06
 Reference value :  1.78900e-06
 Reference value :  1.79920e-06
 Reference value :  1.80373e-06
 Reference value :  1.81193e-06
 Reference value :  1.82193e-06
 Reference value :  1.83193e-06
 Reference value :  1.84193e-06
 Reference value :  1.84998e-06
 Reference value :  1.85820e-06
 Reference value :  1.86820e-06
 Reference value :  1.87820e-06
 Reference value :  1.88820e-06
 Reference value :  1.89820e-06
 Reference value :  1.90333e-06
 Reference value :  1.91153e-06
 Reference value :  1.92173e-06
 Reference value :  1.93173e-06
 Reference value :  1.94193e-06
 Reference value :  1.94998e-06
 Reference value :  1.95840e-06
 Reference value :  1.96840e-06
 Reference value :  1.97860e-06
 Reference value :  1.98900e-06
 Reference value :  1.99900e-06
 Reference value :  2.00373e-06
 Reference value :  2.01153e-06
 Reference value :  2.02133e-06
 Reference value :  2.03133e-06
 Reference value :  2.04113e-06
 Reference value :  2.04985e-06
 Reference value :  2.05760e-06
 Reference value :  2.06780e-06
 Reference value :  2.07800e-06
 Reference value :  2.08800e-06
 Reference value :  2.09800e-06
 Reference value :  2.10313e-06
 Reference value :  2.11093e-06
 Reference value :  2.12093e-06
 Reference value :  2.13113e-06
 Reference value :  2.14153e-06
 Reference value :  2.14985e-06
 Reference value :  2.15760e-06
 Reference value :  2.16780e-06
 Reference value :  2.17800e-06
 Reference value :  2.18840e-06
 Reference value :  2.19840e-06
 Reference value :  2.20353e-06
 Reference value :  2.21173e-06
 Reference value :  2.22193e-06
 Reference value :  2.23213e-06
 Reference value :  2.24193e-06
 Reference value :  2.24998e-06
 Reference value :  2.25820e-06
 Reference value :  2.26820e-06
 Reference value :  2.27820e-06
 Reference value :  2.28840e-06
 Reference value :  2.29840e-06
 Reference value :  2.30353e-06
 Reference value :  2.31133e-06
 Reference value :  2.32153e-06
 Reference value :  2.33153e-06
 Reference value :  2.34153e-06
 Reference value :  2.34985e-06
 Reference value :  2.35740e-06
 Reference value :  2.36760e-06
 Reference value :  2.37760e-06
 Reference value :  2.38760e-06
 Reference value :  2.39760e-06
 Reference value :  2.40273e-06
 Reference value :  2.41033e-06
 Reference value :  2.42033e-06
 Reference value :  2.43033e-06
 Reference value :  2.44033e-06
 Reference value :  2.44950e-06
 Reference value :  2.45620e-06
 Reference value :  2.46600e-06
 Reference value :  2.47600e-06
 Reference value :  2.48580e-06
 Reference value :  2.49580e-06
 Reference value :  2.50153e-06
 Reference value :  2.50853e-06
 Reference value :  2.51813e-06
 Reference value :  2.52793e-06
 Reference value :  2.53793e-06
 Reference value :  2.54793e-06
 Reference value :  2.55400e-06
 Reference value :  2.56400e-06
 Reference value :  2.57400e-06
 Reference value :  2.58420e-06
 Reference value :  2.59420e-06
 Reference value :  2.60105e-06
 Reference value :  2.60773e-06
 Reference value :  2.61733e-06
 Reference value :  2.62713e-06
 Reference value :  2.63733e-06
 Reference value :  2.64733e-06
 Reference value :  2.65340e-06
 Reference value :  2.66320e-06
 Reference value :  2.67340e-06
 Reference value :  2.68320e-06
 Reference value :  2.69320e-06
 Reference value :  2.70085e-06
 Reference value :  2.70673e-06
 Reference value :  2.71573e-06
 Reference value :  2.72573e-06
 Reference value :  2.73613e-06
 Reference value :  2.74613e-06
 Reference value :  2.75200e-06
 Reference value :  2.76200e-06
 Reference value :  2.77200e-06
 Reference value :  2.78220e-06
 Reference value :  2.79220e-06
 Reference value :  2.80070e-06
 Reference value :  2.80653e-06
 Reference value :  2.81573e-06
 Reference value :  2.82573e-06
 Reference value :  2.83593e-06
 Reference value :  2.84593e-06
 Reference value :  2.85180e-06
 Reference value :  2.86180e-06
 Reference value :  2.87200e-06
 Reference value :  2.88220e-06
 Reference value :  2.89220e-06
 Reference value :  2.90070e-06
 Reference value :  2.90653e-06
 Reference value :  2.91573e-06
 Reference value :  2.92573e-06
 Reference value :  2.93593e-06
 Reference value :  2.94593e-06
 Reference value :  2.95200e-06
 Reference value :  2.96180e-06
 Reference value :  2.97160e-06
 Reference value :  2.98160e-06
 Reference value :  2.99160e-06
No. of Data Rows : 15437
sim/harness: analysis complete
Note: Simulation executed from .control section 
Warning: singular matrix:  check node xxxtop.xxlf.xr1.t1

Note: Starting dynamic gmin stepping
Note: Dynamic gmin stepping completed
