
Note: Compatibility modes selected: hs a


Circuit: ** sch_path: /users/rwalters/github/sky130-pll/.loom/worktrees/issue-81/sim/pll-lock/testbench/tb_pll_lock.sch

option SCALE: Scale is set to 1e-06 for instance and model parameters
option SCALE: Scale is set to 1e-06 for instance and model parameters
option SCALE: Scale is set to 1e-06 for instance and model parameters
option SCALE: Scale is set to 1e-06 for instance and model parameters
Doing analysis at TEMP = -40.000000 and TNOM = 27.000000

Using KLU as Direct Linear Solver
 Reference value :  0.00000e+00
 Reference value :  3.19615e-09
 Reference value :  5.28725e-09
 Reference value :  6.00792e-09
 Reference value :  6.67400e-09
 Reference value :  7.40845e-09
 Reference value :  8.05641e-09
 Reference value :  8.69104e-09
 Reference value :  9.49762e-09
 Reference value :  1.01928e-08
 Reference value :  1.10454e-08
 Reference value :  1.17407e-08
 Reference value :  1.18289e-08
 Reference value :  1.27657e-08
 Reference value :  1.35782e-08
 Reference value :  1.43692e-08
 Reference value :  1.51278e-08
 Reference value :  1.59965e-08
 Reference value :  1.65411e-08
 Reference value :  1.71226e-08
 Reference value :  1.77704e-08
 Reference value :  1.81393e-08
 Reference value :  1.89738e-08
 Reference value :  1.97136e-08
 Reference value :  1.97688e-08
 Reference value :  2.05298e-08
 Reference value :  2.12815e-08
 Reference value :  2.13664e-08
 Reference value :  2.23594e-08
 Reference value :  2.31713e-08
 Reference value :  2.40958e-08
 Reference value :  2.51511e-08
 Reference value :  2.60425e-08
 Reference value :  2.61167e-08
 Reference value :  2.69285e-08
 Reference value :  2.73965e-08
 Reference value :  2.79900e-08
 Reference value :  2.89752e-08
 Reference value :  2.92349e-08
 Reference value :  2.98671e-08
 Reference value :  3.04750e-08
 Reference value :  3.10912e-08
 Reference value :  3.20614e-08
 Reference value :  3.24219e-08
 Reference value :  3.32594e-08
 Reference value :  3.40275e-08
 Reference value :  3.40680e-08
 Reference value :  3.48456e-08
 Reference value :  3.56231e-08
 Reference value :  3.56425e-08
 Reference value :  3.65801e-08
 Reference value :  3.71654e-08
 Reference value :  3.79156e-08
 Reference value :  3.87663e-08
 Reference value :  3.88092e-08
 Reference value :  3.96253e-08
 Reference value :  4.04167e-08
 Reference value :  4.12387e-08
 Reference value :  4.19254e-08
 Reference value :  4.28211e-08
 Reference value :  4.35485e-08
 Reference value :  4.45012e-08
 Reference value :  4.50593e-08
 Reference value :  4.55157e-08
 Reference value :  4.62630e-08
 Reference value :  4.67394e-08
 Reference value :  4.76185e-08
 Reference value :  4.82513e-08
 Reference value :  4.82919e-08
 Reference value :  4.90723e-08
 Reference value :  4.99082e-08
 Reference value :  5.07828e-08
 Reference value :  5.15938e-08
 Reference value :  5.27282e-08
 Reference value :  5.33676e-08
 Reference value :  5.45890e-08
 Reference value :  5.46781e-08
 Reference value :  5.56771e-08
 Reference value :  5.61846e-08
 Reference value :  5.69878e-08
 Reference value :  5.77938e-08
 Reference value :  5.78458e-08
 Reference value :  5.87258e-08
 Reference value :  5.94002e-08
 Reference value :  5.99946e-08
 Reference value :  6.05775e-08
 Reference value :  6.12546e-08
 Reference value :  6.26276e-08
 Reference value :  6.26663e-08
 Reference value :  6.35074e-08
 Reference value :  6.42139e-08
 Reference value :  6.42809e-08
 Reference value :  6.51592e-08
 Reference value :  6.58561e-08
 Reference value :  6.67220e-08
 Reference value :  6.74392e-08
 Reference value :  6.75428e-08
 Reference value :  6.84023e-08
 Reference value :  6.90735e-08
 Reference value :  6.98154e-08
 Reference value :  7.05384e-08
 Reference value :  7.06922e-08
 Reference value :  7.15395e-08
 Reference value :  7.24314e-08
 Reference value :  7.32338e-08
 Reference value :  7.38433e-08
 Reference value :  7.42620e-08
 Reference value :  7.51868e-08
 Reference value :  7.58900e-08
 Reference value :  7.67058e-08
 Reference value :  7.72189e-08
 Reference value :  7.81052e-08
 Reference value :  7.88160e-08
 Reference value :  7.98219e-08
 Reference value :  8.04631e-08
 Reference value :  8.13553e-08
 Reference value :  8.21708e-08
 Reference value :  8.30439e-08
 Reference value :  8.42569e-08
 Reference value :  8.53258e-08
 Reference value :  8.58198e-08
 Reference value :  8.64662e-08
 Reference value :  8.70321e-08
 Reference value :  8.79104e-08
 Reference value :  8.84532e-08
 Reference value :  8.86709e-08
 Reference value :  8.96075e-08
 Reference value :  9.03397e-08
 Reference value :  9.03902e-08
 Reference value :  9.13077e-08
 Reference value :  9.20130e-08
 Reference value :  9.30371e-08
 Reference value :  9.37062e-08
 Reference value :  9.44671e-08
 Reference value :  9.50415e-08
 Reference value :  9.53901e-08
 Reference value :  9.62535e-08
 Reference value :  9.70628e-08
 Reference value :  9.71478e-08
 Reference value :  9.80950e-08
 Reference value :  9.87836e-08
 Reference value :  9.96738e-08
 Reference value :  1.00481e-07
 Reference value :  1.00490e-07
 Reference value :  1.00828e-07
 Reference value :  1.01558e-07
 Reference value :  1.02169e-07
 Reference value :  1.03078e-07
 Reference value :  1.03877e-07
 Reference value :  1.04656e-07
 Reference value :  1.05305e-07
 Reference value :  1.05870e-07
 Reference value :  1.06917e-07
 Reference value :  1.07294e-07
 Reference value :  1.08194e-07
 Reference value :  1.09029e-07
 Reference value :  1.09085e-07
 Reference value :  1.09939e-07
 Reference value :  1.10819e-07
 Reference value :  1.11651e-07
 Reference value :  1.12475e-07
 Reference value :  1.12493e-07
 Reference value :  1.13391e-07
 Reference value :  1.14253e-07
 Reference value :  1.15090e-07
 Reference value :  1.15753e-07
 Reference value :  1.16829e-07
 Reference value :  1.17679e-07
 Reference value :  1.18655e-07
 Reference value :  1.19311e-07
 Reference value :  1.20222e-07
 Reference value :  1.21003e-07
 Reference value :  1.21885e-07
 Reference value :  1.22643e-07
 Reference value :  1.23686e-07
 Reference value :  1.24433e-07
 Reference value :  1.25090e-07
 Reference value :  1.25833e-07
 Reference value :  1.26443e-07
 Reference value :  1.27816e-07
 Reference value :  1.28672e-07
 Reference value :  1.29172e-07
 Reference value :  1.29592e-07
 Reference value :  1.30632e-07
 Reference value :  1.31191e-07
 Reference value :  1.31350e-07
 Reference value :  1.32188e-07
 Reference value :  1.33039e-07
 Reference value :  1.33059e-07
 Reference value :  1.33932e-07
 Reference value :  1.34752e-07
 Reference value :  1.34836e-07
 Reference value :  1.35780e-07
 Reference value :  1.36801e-07
 Reference value :  1.37719e-07
 Reference value :  1.38496e-07
 Reference value :  1.39549e-07
 Reference value :  1.40223e-07
 Reference value :  1.41312e-07
 Reference value :  1.41647e-07
 Reference value :  1.42266e-07
 Reference value :  1.43376e-07
 Reference value :  1.43459e-07
 Reference value :  1.44281e-07
 Reference value :  1.44936e-07
 Reference value :  1.45136e-07
 Reference value :  1.46062e-07
 Reference value :  1.46819e-07
 Reference value :  1.47763e-07
 Reference value :  1.48693e-07
 Reference value :  1.49674e-07
 Reference value :  1.50274e-07
 Reference value :  1.51167e-07
 Reference value :  1.52083e-07
 Reference value :  1.53005e-07
 Reference value :  1.53850e-07
 Reference value :  1.54750e-07
 Reference value :  1.55517e-07
 Reference value :  1.56447e-07
 Reference value :  1.57238e-07
 Reference value :  1.58182e-07
 Reference value :  1.58823e-07
 Reference value :  1.58932e-07
 Reference value :  1.59851e-07
 Reference value :  1.60676e-07
 Reference value :  1.60756e-07
 Reference value :  1.61789e-07
 Reference value :  1.62699e-07
 Reference value :  1.63656e-07
 Reference value :  1.64204e-07
 Reference value :  1.65161e-07
 Reference value :  1.65903e-07
 Reference value :  1.66472e-07
 Reference value :  1.67157e-07
 Reference value :  1.67720e-07
 Reference value :  1.68701e-07
 Reference value :  1.69480e-07
 Reference value :  1.69550e-07
 Reference value :  1.70525e-07
 Reference value :  1.71294e-07
 Reference value :  1.71981e-07
 Reference value :  1.72390e-07
 Reference value :  1.73097e-07
 Reference value :  1.73141e-07
 Reference value :  1.74021e-07
 Reference value :  1.74522e-07
 Reference value :  1.74880e-07
 Reference value :  1.75824e-07
 Reference value :  1.76679e-07
 Reference value :  1.77644e-07
 Reference value :  1.78501e-07
 Reference value :  1.79494e-07
 Reference value :  1.80241e-07
 Reference value :  1.81032e-07
 Reference value :  1.81674e-07
 Reference value :  1.82060e-07
 Reference value :  1.82983e-07
 Reference value :  1.83864e-07
 Reference value :  1.83932e-07
 Reference value :  1.85015e-07
 Reference value :  1.85943e-07
 Reference value :  1.87005e-07
 Reference value :  1.87941e-07
 Reference value :  1.88728e-07
 Reference value :  1.89187e-07
 Reference value :  1.89339e-07
 Reference value :  1.90274e-07
 Reference value :  1.91102e-07
 Reference value :  1.91629e-07
 Reference value :  1.92279e-07
 Reference value :  1.92949e-07
 Reference value :  1.93900e-07
 Reference value :  1.94776e-07
 Reference value :  1.94800e-07
 Reference value :  1.95729e-07
 Reference value :  1.96412e-07
 Reference value :  1.96600e-07
 Reference value :  1.97600e-07
 Reference value :  1.98391e-07
 Reference value :  1.98478e-07
 Reference value :  1.99420e-07
 Reference value :  2.00089e-07
 Reference value :  2.00847e-07
 Reference value :  2.01675e-07
 Reference value :  2.02439e-07
 Reference value :  2.03377e-07
 Reference value :  2.03933e-07
 Reference value :  2.04885e-07
 Reference value :  2.05784e-07
 Reference value :  2.06746e-07
 Reference value :  2.07616e-07
 Reference value :  2.07680e-07
 Reference value :  2.08684e-07
 Reference value :  2.09463e-07
 Reference value :  2.10525e-07
 Reference value :  2.11244e-07
 Reference value :  2.12422e-07
 Reference value :  2.13408e-07
 Reference value :  2.14402e-07
 Reference value :  2.15000e-07
 Reference value :  2.16070e-07
 Reference value :  2.16804e-07
 Reference value :  2.17448e-07
 Reference value :  2.18144e-07
 Reference value :  2.18754e-07
 Reference value :  2.19620e-07
 Reference value :  2.20169e-07
 Reference value :  2.20551e-07
 Reference value :  2.21565e-07
 Reference value :  2.22363e-07
 Reference value :  2.23541e-07
 Reference value :  2.24497e-07
 Reference value :  2.25743e-07
 Reference value :  2.26072e-07
 Reference value :  2.27080e-07
 Reference value :  2.27850e-07
 Reference value :  2.27942e-07
 Reference value :  2.28839e-07
 Reference value :  2.29770e-07
 Reference value :  2.31062e-07
 Reference value :  2.32595e-07
 Reference value :  2.33425e-07
 Reference value :  2.34817e-07
 Reference value :  2.35528e-07
 Reference value :  2.37251e-07
 Reference value :  2.38947e-07
 Reference value :  2.40810e-07
 Reference value :  2.41537e-07
 Reference value :  2.42627e-07
 Reference value :  2.43873e-07
 Reference value :  2.45404e-07
 Reference value :  2.46607e-07
 Reference value :  2.48215e-07
 Reference value :  2.48448e-07
 Reference value :  2.49884e-07
 Reference value :  2.51321e-07
 Reference value :  2.52668e-07
 Reference value :  2.53760e-07
 Reference value :  2.54453e-07
 Reference value :  2.55662e-07
 Reference value :  2.57026e-07
 Reference value :  2.58743e-07
 Reference value :  2.60527e-07
 Reference value :  2.61979e-07
 Reference value :  2.63199e-07
 Reference value :  2.64497e-07
 Reference value :  2.65044e-07
 Reference value :  2.66395e-07
 Reference value :  2.66999e-07
 Reference value :  2.68788e-07
 Reference value :  2.69182e-07
 Reference value :  2.70946e-07
 Reference value :  2.72568e-07
 Reference value :  2.72830e-07
 Reference value :  2.73987e-07
 Reference value :  2.75106e-07
 Reference value :  2.76242e-07
 Reference value :  2.76387e-07
 Reference value :  2.77248e-07
 Reference value :  2.78106e-07
 Reference value :  2.79048e-07
 Reference value :  2.80058e-07
 Reference value :  2.80187e-07
 Reference value :  2.81179e-07
 Reference value :  2.81628e-07
 Reference value :  2.82223e-07
 Reference value :  2.83230e-07
 Reference value :  2.84084e-07
 Reference value :  2.85013e-07
 Reference value :  2.85749e-07
 Reference value :  2.86985e-07
 Reference value :  2.87827e-07
 Reference value :  2.87873e-07
 Reference value :  2.88970e-07
 Reference value :  2.89758e-07
 Reference value :  2.90754e-07
 Reference value :  2.91519e-07
 Reference value :  2.92185e-07
 Reference value :  2.92872e-07
 Reference value :  2.93589e-07
 Reference value :  2.94596e-07
 Reference value :  2.95398e-07
 Reference value :  2.95515e-07
 Reference value :  2.96500e-07
 Reference value :  2.97446e-07
 Reference value :  2.97482e-07
 Reference value :  2.98423e-07
 Reference value :  2.99323e-07
 Reference value :  2.99420e-07
 Reference value :  3.00442e-07
 Reference value :  3.01024e-07
 Reference value :  3.01747e-07
 Reference value :  3.02804e-07
 Reference value :  3.03257e-07
 Reference value :  3.04251e-07
 Reference value :  3.05144e-07
 Reference value :  3.06317e-07
 Reference value :  3.07157e-07
 Reference value :  3.08203e-07
 Reference value :  3.09151e-07
 Reference value :  3.10173e-07
 Reference value :  3.11031e-07
 Reference value :  3.11959e-07
 Reference value :  3.12486e-07
 Reference value :  3.12858e-07
 Reference value :  3.13709e-07
 Reference value :  3.14460e-07
 Reference value :  3.15094e-07
 Reference value :  3.16451e-07
 Reference value :  3.16728e-07
 Reference value :  3.17735e-07
 Reference value :  3.18685e-07
 Reference value :  3.19688e-07
 Reference value :  3.20484e-07
 Reference value :  3.20604e-07
 Reference value :  3.21308e-07
 Reference value :  3.22366e-07
 Reference value :  3.22549e-07
 Reference value :  3.23536e-07
 Reference value :  3.24452e-07
 Reference value :  3.24554e-07
 Reference value :  3.25540e-07
 Reference value :  3.26360e-07
 Reference value :  3.27108e-07
 Reference value :  3.28121e-07
 Reference value :  3.28680e-07
 Reference value :  3.30017e-07
 Reference value :  3.30298e-07
 Reference value :  3.31316e-07
 Reference value :  3.32232e-07
 Reference value :  3.32292e-07
 Reference value :  3.33232e-07
 Reference value :  3.33996e-07
 Reference value :  3.34842e-07
 Reference value :  3.36011e-07
 Reference value :  3.36141e-07
 Reference value :  3.37056e-07
 Reference value :  3.37602e-07
 Reference value :  3.38666e-07
 Reference value :  3.39700e-07
 Reference value :  3.39960e-07
 Reference value :  3.41104e-07
 Reference value :  3.41918e-07
 Reference value :  3.41998e-07
 Reference value :  3.43036e-07
 Reference value :  3.43916e-07
 Reference value :  3.44861e-07
 Reference value :  3.45547e-07
 Reference value :  3.45837e-07
 Reference value :  3.46858e-07
 Reference value :  3.47775e-07
 Reference value :  3.47818e-07
 Reference value :  3.48794e-07
 Reference value :  3.49688e-07
 Reference value :  3.50891e-07
 Reference value :  3.51739e-07
 Reference value :  3.52737e-07
 Reference value :  3.53375e-07
 Reference value :  3.53709e-07
 Reference value :  3.54575e-07
 Reference value :  3.55668e-07
 Reference value :  3.55675e-07
 Reference value :  3.56722e-07
 Reference value :  3.57630e-07
 Reference value :  3.57718e-07
 Reference value :  3.58735e-07
 Reference value :  3.59597e-07
 Reference value :  3.59641e-07
 Reference value :  3.60349e-07
 Reference value :  3.60928e-07
 Reference value :  3.61569e-07
 Reference value :  3.62570e-07
 Reference value :  3.63243e-07
 Reference value :  3.64105e-07
 Reference value :  3.65681e-07
 Reference value :  3.66559e-07
 Reference value :  3.67518e-07
 Reference value :  3.68529e-07
 Reference value :  3.69504e-07
 Reference value :  3.70906e-07
 Reference value :  3.72432e-07
 Reference value :  3.73386e-07
 Reference value :  3.74379e-07
 Reference value :  3.75286e-07
 Reference value :  3.76234e-07
 Reference value :  3.76930e-07
 Reference value :  3.77625e-07
 Reference value :  3.78536e-07
 Reference value :  3.79325e-07
 Reference value :  3.80432e-07
 Reference value :  3.81304e-07
 Reference value :  3.82392e-07
 Reference value :  3.83263e-07
 Reference value :  3.84296e-07
 Reference value :  3.85235e-07
 Reference value :  3.85301e-07
 Reference value :  3.86389e-07
 Reference value :  3.87248e-07
 Reference value :  3.87338e-07
 Reference value :  3.88521e-07
 Reference value :  3.89400e-07
 Reference value :  3.90471e-07
 Reference value :  3.91455e-07
 Reference value :  3.92359e-07
 Reference value :  3.93325e-07
 Reference value :  3.94439e-07
 Reference value :  3.95275e-07
 Reference value :  3.96436e-07
 Reference value :  3.97248e-07
 Reference value :  3.98271e-07
 Reference value :  3.99250e-07
 Reference value :  3.99296e-07
 Reference value :  4.00351e-07
 Reference value :  4.01214e-07
 Reference value :  4.02259e-07
 Reference value :  4.02957e-07
 Reference value :  4.03252e-07
 Reference value :  4.04337e-07
 Reference value :  4.05207e-07
 Reference value :  4.05583e-07
 Reference value :  4.06566e-07
 Reference value :  4.07221e-07
 Reference value :  4.08123e-07
 Reference value :  4.08982e-07
 Reference value :  4.09237e-07
 Reference value :  4.09882e-07
 Reference value :  4.10654e-07
 Reference value :  4.11236e-07
 Reference value :  4.12423e-07
 Reference value :  4.13242e-07
 Reference value :  4.14282e-07
 Reference value :  4.15225e-07
 Reference value :  4.15665e-07
 Reference value :  4.16694e-07
 Reference value :  4.17295e-07
 Reference value :  4.18330e-07
 Reference value :  4.19267e-07
 Reference value :  4.19285e-07
 Reference value :  4.20389e-07
 Reference value :  4.21231e-07
 Reference value :  4.22362e-07
 Reference value :  4.23224e-07
 Reference value :  4.23322e-07
 Reference value :  4.24277e-07
 Reference value :  4.25204e-07
 Reference value :  4.26386e-07
 Reference value :  4.27280e-07
 Reference value :  4.27347e-07
 Reference value :  4.28399e-07
 Reference value :  4.29131e-07
 Reference value :  4.29273e-07
 Reference value :  4.30435e-07
 Reference value :  4.31359e-07
 Reference value :  4.32498e-07
 Reference value :  4.33306e-07
 Reference value :  4.33312e-07
 Reference value :  4.34435e-07
 Reference value :  4.35272e-07
 Reference value :  4.35318e-07
 Reference value :  4.36479e-07
 Reference value :  4.37415e-07
 Reference value :  4.38449e-07
 Reference value :  4.39377e-07
 Reference value :  4.40534e-07
 Reference value :  4.41554e-07
 Reference value :  4.42762e-07
 Reference value :  4.43678e-07
 Reference value :  4.44751e-07
 Reference value :  4.45334e-07
 Reference value :  4.46370e-07
 Reference value :  4.47346e-07
 Reference value :  4.48380e-07
 Reference value :  4.49029e-07
 Reference value :  4.49927e-07
 Reference value :  4.50899e-07
 Reference value :  4.51796e-07
 Reference value :  4.52705e-07
 Reference value :  4.53727e-07
 Reference value :  4.55050e-07
 Reference value :  4.56136e-07
 Reference value :  4.57149e-07
 Reference value :  4.57452e-07
 Reference value :  4.58201e-07
 Reference value :  4.59337e-07
 Reference value :  4.59840e-07
 Reference value :  4.60850e-07
 Reference value :  4.61533e-07
 Reference value :  4.61571e-07
 Reference value :  4.62594e-07
 Reference value :  4.63391e-07
 Reference value :  4.63881e-07
 Reference value :  4.65049e-07
 Reference value :  4.65597e-07
 Reference value :  4.66647e-07
 Reference value :  4.67705e-07
 Reference value :  4.68697e-07
 Reference value :  4.69696e-07
 Reference value :  4.69756e-07
 Reference value :  4.70838e-07
 Reference value :  4.71810e-07
 Reference value :  4.72905e-07
 Reference value :  4.74094e-07
 Reference value :  4.75205e-07
 Reference value :  4.76152e-07
 Reference value :  4.77175e-07
 Reference value :  4.77818e-07
 Reference value :  4.78663e-07
 Reference value :  4.79084e-07
 Reference value :  4.79758e-07
 Reference value :  4.80965e-07
 Reference value :  4.81952e-07
 Reference value :  4.82898e-07
 Reference value :  4.83704e-07
 Reference value :  4.83912e-07
 Reference value :  4.85048e-07
 Reference value :  4.86032e-07
 Reference value :  4.87141e-07
 Reference value :  4.88149e-07
 Reference value :  4.89471e-07
 Reference value :  4.90642e-07
 Reference value :  4.91347e-07
 Reference value :  4.92054e-07
 Reference value :  4.93219e-07
 Reference value :  4.94194e-07
 Reference value :  4.95287e-07
 Reference value :  4.95902e-07
 Reference value :  4.98013e-07
 Reference value :  4.99545e-07
 Reference value :  5.00343e-07
 Reference value :  5.01452e-07
 Reference value :  5.02376e-07
 Reference value :  5.02448e-07
 Reference value :  5.03580e-07
 Reference value :  5.04520e-07
 Reference value :  5.05753e-07
 Reference value :  5.06558e-07
 Reference value :  5.07423e-07
 Reference value :  5.08658e-07
 Reference value :  5.09775e-07
 Reference value :  5.10734e-07
 Reference value :  5.11857e-07
 Reference value :  5.12430e-07
 Reference value :  5.12745e-07
 Reference value :  5.13690e-07
 Reference value :  5.14190e-07
 Reference value :  5.14805e-07
 Reference value :  5.15861e-07
 Reference value :  5.16675e-07
 Reference value :  5.17164e-07
 Reference value :  5.18164e-07
 Reference value :  5.19336e-07
 Reference value :  5.20225e-07
 Reference value :  5.20940e-07
 Reference value :  5.21946e-07
 Reference value :  5.22447e-07
 Reference value :  5.23461e-07
 Reference value :  5.24540e-07
 Reference value :  5.25625e-07
 Reference value :  5.26413e-07
 Reference value :  5.27859e-07
 Reference value :  5.28519e-07
 Reference value :  5.29066e-07
 Reference value :  5.29893e-07
 Reference value :  5.30503e-07
 Reference value :  5.31118e-07
 Reference value :  5.32123e-07
 Reference value :  5.33091e-07
 Reference value :  5.33969e-07
 Reference value :  5.35218e-07
 Reference value :  5.35226e-07
 Reference value :  5.36293e-07
 Reference value :  5.37257e-07
 Reference value :  5.38382e-07
 Reference value :  5.39309e-07
 Reference value :  5.39334e-07
 Reference value :  5.40383e-07
 Reference value :  5.41363e-07
 Reference value :  5.42428e-07
 Reference value :  5.43437e-07
 Reference value :  5.44649e-07
 Reference value :  5.45591e-07
 Reference value :  5.46677e-07
 Reference value :  5.47293e-07
 Reference value :  5.47517e-07
 Reference value :  5.48288e-07
 Reference value :  5.49074e-07
 Reference value :  5.49586e-07
 Reference value :  5.50414e-07
 Reference value :  5.51278e-07
 Reference value :  5.52220e-07
 Reference value :  5.53169e-07
 Reference value :  5.53701e-07
 Reference value :  5.54799e-07
 Reference value :  5.55845e-07
 Reference value :  5.56939e-07
 Reference value :  5.57834e-07
 Reference value :  5.58985e-07
 Reference value :  5.59974e-07
 Reference value :  5.61045e-07
 Reference value :  5.61692e-07
 Reference value :  5.62905e-07
 Reference value :  5.63538e-07
 Reference value :  5.64031e-07
 Reference value :  5.65179e-07
 Reference value :  5.65756e-07
 Reference value :  5.66101e-07
 Reference value :  5.67182e-07
 Reference value :  5.68156e-07
 Reference value :  5.68190e-07
 Reference value :  5.69227e-07
 Reference value :  5.69976e-07
 Reference value :  5.70260e-07
 Reference value :  5.71343e-07
 Reference value :  5.72328e-07
 Reference value :  5.73085e-07
 Reference value :  5.73909e-07
 Reference value :  5.75221e-07
 Reference value :  5.76469e-07
 Reference value :  5.77502e-07
 Reference value :  5.78520e-07
 Reference value :  5.79657e-07
 Reference value :  5.80444e-07
 Reference value :  5.80624e-07
 Reference value :  5.81717e-07
 Reference value :  5.82425e-07
 Reference value :  5.82724e-07
 Reference value :  5.83904e-07
 Reference value :  5.84778e-07
 Reference value :  5.85942e-07
 Reference value :  5.86963e-07
 Reference value :  5.87029e-07
 Reference value :  5.88285e-07
 Reference value :  5.89107e-07
 Reference value :  5.89987e-07
 Reference value :  5.90749e-07
 Reference value :  5.91240e-07
 Reference value :  5.92279e-07
 Reference value :  5.93294e-07
 Reference value :  5.93338e-07
 Reference value :  5.94666e-07
 Reference value :  5.95760e-07
 Reference value :  5.97027e-07
 Reference value :  5.98097e-07
 Reference value :  5.99001e-07
 Reference value :  5.99628e-07
 Reference value :  6.00836e-07
 Reference value :  6.01921e-07
 Reference value :  6.03042e-07
 Reference value :  6.03784e-07
 Reference value :  6.05059e-07
 Reference value :  6.05950e-07
 Reference value :  6.07016e-07
 Reference value :  6.08020e-07
 Reference value :  6.08040e-07
 Reference value :  6.09109e-07
 Reference value :  6.10074e-07
 Reference value :  6.11011e-07
 Reference value :  6.12256e-07
 Reference value :  6.12263e-07
 Reference value :  6.13374e-07
 Reference value :  6.14193e-07
 Reference value :  6.14651e-07
 Reference value :  6.15481e-07
 Reference value :  6.16082e-07
 Reference value :  6.16867e-07
 Reference value :  6.17796e-07
 Reference value :  6.18515e-07
 Reference value :  6.19593e-07
 Reference value :  6.20585e-07
 Reference value :  6.20697e-07
 Reference value :  6.21764e-07
 Reference value :  6.22763e-07
 Reference value :  6.23923e-07
 Reference value :  6.24958e-07
 Reference value :  6.26049e-07
 Reference value :  6.27073e-07
 Reference value :  6.28241e-07
 Reference value :  6.28975e-07
 Reference value :  6.30188e-07
 Reference value :  6.31253e-07
 Reference value :  6.32485e-07
 Reference value :  6.33187e-07
 Reference value :  6.34250e-07
 Reference value :  6.34884e-07
 Reference value :  6.35516e-07
 Reference value :  6.36711e-07
 Reference value :  6.37354e-07
 Reference value :  6.38607e-07
 Reference value :  6.39458e-07
 Reference value :  6.40535e-07
 Reference value :  6.41528e-07
 Reference value :  6.42400e-07
 Reference value :  6.43054e-07
 Reference value :  6.43654e-07
 Reference value :  6.44733e-07
 Reference value :  6.45771e-07
 Reference value :  6.46722e-07
 Reference value :  6.47272e-07
 Reference value :  6.47858e-07
 Reference value :  6.48984e-07
 Reference value :  6.50008e-07
 Reference value :  6.51071e-07
 Reference value :  6.51748e-07
 Reference value :  6.52097e-07
 Reference value :  6.53168e-07
 Reference value :  6.54169e-07
 Reference value :  6.54191e-07
 Reference value :  6.55341e-07
 Reference value :  6.56341e-07
 Reference value :  6.57494e-07
 Reference value :  6.58349e-07
 Reference value :  6.59423e-07
 Reference value :  6.60073e-07
 Reference value :  6.61277e-07
 Reference value :  6.62605e-07
 Reference value :  6.63723e-07
 Reference value :  6.64600e-07
 Reference value :  6.65690e-07
 Reference value :  6.66261e-07
 Reference value :  6.67056e-07
 Reference value :  6.68187e-07
 Reference value :  6.68812e-07
 Reference value :  6.69951e-07
 Reference value :  6.71022e-07
 Reference value :  6.72205e-07
 Reference value :  6.73039e-07
 Reference value :  6.74172e-07
 Reference value :  6.75155e-07
 Reference value :  6.76470e-07
 Reference value :  6.77252e-07
 Reference value :  6.77723e-07
 Reference value :  6.79029e-07
 Reference value :  6.80738e-07
 Reference value :  6.81505e-07
 Reference value :  6.82398e-07
 Reference value :  6.83629e-07
 Reference value :  6.83682e-07
 Reference value :  6.84879e-07
 Reference value :  6.85782e-07
 Reference value :  6.85824e-07
 Reference value :  6.87014e-07
 Reference value :  6.87644e-07
 Reference value :  6.88709e-07
 Reference value :  6.89554e-07
 Reference value :  6.90039e-07
 Reference value :  6.91128e-07
 Reference value :  6.92137e-07
 Reference value :  6.92158e-07
 Reference value :  6.93216e-07
 Reference value :  6.94075e-07
 Reference value :  6.95112e-07
 Reference value :  6.95886e-07
 Reference value :  6.96808e-07
 Reference value :  6.97900e-07
 Reference value :  6.98741e-07
 Reference value :  6.99859e-07
 Reference value :  7.01125e-07
 Reference value :  7.02273e-07
 Reference value :  7.03067e-07
 Reference value :  7.04359e-07
 Reference value :  7.04958e-07
 Reference value :  7.06053e-07
 Reference value :  7.07100e-07
 Reference value :  7.07998e-07
 Reference value :  7.09220e-07
 Reference value :  7.10618e-07
 Reference value :  7.11605e-07
 Reference value :  7.12793e-07
 Reference value :  7.13509e-07
 Reference value :  7.14603e-07
 Reference value :  7.15579e-07
 Reference value :  7.16652e-07
 Reference value :  7.17536e-07
 Reference value :  7.18866e-07
 Reference value :  7.19913e-07
 Reference value :  7.20659e-07
 Reference value :  7.21498e-07
 Reference value :  7.22217e-07
 Reference value :  7.23397e-07
 Reference value :  7.24021e-07
 Reference value :  7.25151e-07
 Reference value :  7.26156e-07
 Reference value :  7.27258e-07
 Reference value :  7.28202e-07
 Reference value :  7.29115e-07
 Reference value :  7.30406e-07
 Reference value :  7.31531e-07
 Reference value :  7.32454e-07
 Reference value :  7.32504e-07
 Reference value :  7.33691e-07
 Reference value :  7.34551e-07
 Reference value :  7.35785e-07
 Reference value :  7.36671e-07
 Reference value :  7.36678e-07
 Reference value :  7.37919e-07
 Reference value :  7.38781e-07
 Reference value :  7.38835e-07
 Reference value :  7.39945e-07
 Reference value :  7.40593e-07
 Reference value :  7.41706e-07
 Reference value :  7.42736e-07
 Reference value :  7.43228e-07
 Reference value :  7.44387e-07
 Reference value :  7.45044e-07
 Reference value :  7.46295e-07
 Reference value :  7.47337e-07
 Reference value :  7.48504e-07
 Reference value :  7.49244e-07
 Reference value :  7.50418e-07
 Reference value :  7.51367e-07
 Reference value :  7.52321e-07
 Reference value :  7.53511e-07
 Reference value :  7.53561e-07
 Reference value :  7.54632e-07
 Reference value :  7.55409e-07
 Reference value :  7.56548e-07
 Reference value :  7.57172e-07
 Reference value :  7.57741e-07
 Reference value :  7.58838e-07
 Reference value :  7.59853e-07
 Reference value :  7.60689e-07
 Reference value :  7.61662e-07
 Reference value :  7.62329e-07
 Reference value :  7.63553e-07
 Reference value :  7.64439e-07
 Reference value :  7.65723e-07
 Reference value :  7.66219e-07
 Reference value :  7.66226e-07
 Reference value :  7.67360e-07
 Reference value :  7.68363e-07
 Reference value :  7.68405e-07
 Reference value :  7.69459e-07
 Reference value :  7.70449e-07
 Reference value :  7.71334e-07
 Reference value :  7.72427e-07
 Reference value :  7.72686e-07
 Reference value :  7.73629e-07
 Reference value :  7.74230e-07
 Reference value :  7.74838e-07
 Reference value :  7.75622e-07
 Reference value :  7.76246e-07
 Reference value :  7.77131e-07
 Reference value :  7.78335e-07
 Reference value :  7.79049e-07
 Reference value :  7.79833e-07
 Reference value :  7.80749e-07
 Reference value :  7.81213e-07
 Reference value :  7.82355e-07
 Reference value :  7.83370e-07
 Reference value :  7.83403e-07
 Reference value :  7.84632e-07
 Reference value :  7.85444e-07
 Reference value :  7.86528e-07
 Reference value :  7.87702e-07
 Reference value :  7.88836e-07
 Reference value :  7.89732e-07
 Reference value :  7.90964e-07
 Reference value :  7.91992e-07
 Reference value :  7.93042e-07
 Reference value :  7.93516e-07
 Reference value :  7.93967e-07
 Reference value :  7.95083e-07
 Reference value :  7.96103e-07
 Reference value :  7.96203e-07
 Reference value :  7.97264e-07
 Reference value :  7.98269e-07
 Reference value :  7.98370e-07
 Reference value :  7.99536e-07
 Reference value :  8.00301e-07
 Reference value :  8.00459e-07
 Reference value :  8.01092e-07
 Reference value :  8.01842e-07
 Reference value :  8.02658e-07
 Reference value :  8.03909e-07
 Reference value :  8.04823e-07
 Reference value :  8.05958e-07
 Reference value :  8.06974e-07
 Reference value :  8.06989e-07
 Reference value :  8.07772e-07
 Reference value :  8.08687e-07
 Reference value :  8.09968e-07
 Reference value :  8.10750e-07
 Reference value :  8.11320e-07
 Reference value :  8.12204e-07
 Reference value :  8.13619e-07
 Reference value :  8.14764e-07
 Reference value :  8.15586e-07
 Reference value :  8.16391e-07
 Reference value :  8.17423e-07
 Reference value :  8.17813e-07
 Reference value :  8.18776e-07
 Reference value :  8.19327e-07
 Reference value :  8.20637e-07
 Reference value :  8.21437e-07
 Reference value :  8.22056e-07
 Reference value :  8.23191e-07
 Reference value :  8.24262e-07
 Reference value :  8.25512e-07
 Reference value :  8.26451e-07
 Reference value :  8.27370e-07
 Reference value :  8.27795e-07
 Reference value :  8.28312e-07
 Reference value :  8.29407e-07
 Reference value :  8.29752e-07
 Reference value :  8.30443e-07
 Reference value :  8.31716e-07
 Reference value :  8.32672e-07
 Reference value :  8.33717e-07
 Reference value :  8.34682e-07
 Reference value :  8.35846e-07
 Reference value :  8.36765e-07
 Reference value :  8.37649e-07
 Reference value :  8.38257e-07
 Reference value :  8.39147e-07
 Reference value :  8.40266e-07
 Reference value :  8.41021e-07
 Reference value :  8.42152e-07
 Reference value :  8.43132e-07
 Reference value :  8.44255e-07
 Reference value :  8.45221e-07
 Reference value :  8.46309e-07
 Reference value :  8.47285e-07
 Reference value :  8.47509e-07
 Reference value :  8.48823e-07
 Reference value :  8.49475e-07
 Reference value :  8.50460e-07
 Reference value :  8.51581e-07
 Reference value :  8.52744e-07
 Reference value :  8.53720e-07
 Reference value :  8.54755e-07
 Reference value :  8.55312e-07
 Reference value :  8.55788e-07
 Reference value :  8.56760e-07
 Reference value :  8.57579e-07
 Reference value :  8.58178e-07
 Reference value :  8.59263e-07
 Reference value :  8.59993e-07
 Reference value :  8.61062e-07
 Reference value :  8.62163e-07
 Reference value :  8.63462e-07
 Reference value :  8.64392e-07
 Reference value :  8.65584e-07
 Reference value :  8.66510e-07
 Reference value :  8.67561e-07
 Reference value :  8.68436e-07
 Reference value :  8.69925e-07
 Reference value :  8.70766e-07
 Reference value :  8.71814e-07
 Reference value :  8.72697e-07
 Reference value :  8.72708e-07
 Reference value :  8.73808e-07
 Reference value :  8.74821e-07
 Reference value :  8.75541e-07
 Reference value :  8.76323e-07
 Reference value :  8.77014e-07
 Reference value :  8.78108e-07
 Reference value :  8.79142e-07
 Reference value :  8.79191e-07
 Reference value :  8.80048e-07
 Reference value :  8.80759e-07
 Reference value :  8.81308e-07
 Reference value :  8.82488e-07
 Reference value :  8.82978e-07
 Reference value :  8.83416e-07
 Reference value :  8.84703e-07
 Reference value :  8.85606e-07
 Reference value :  8.85613e-07
 Reference value :  8.86749e-07
 Reference value :  8.87590e-07
 Reference value :  8.87798e-07
 Reference value :  8.88899e-07
 Reference value :  8.89718e-07
 Reference value :  8.89930e-07
 Reference value :  8.91013e-07
 Reference value :  8.91701e-07
 Reference value :  8.92212e-07
 Reference value :  8.93412e-07
 Reference value :  8.94245e-07
 Reference value :  8.95337e-07
 Reference value :  8.96046e-07
 Reference value :  8.97659e-07
 Reference value :  8.98600e-07
 Reference value :  8.99738e-07
 Reference value :  9.00216e-07
 Reference value :  9.01000e-07
 Reference value :  9.02087e-07
 Reference value :  9.02978e-07
 Reference value :  9.03846e-07
 Reference value :  9.04872e-07
 Reference value :  9.05413e-07
 Reference value :  9.06519e-07
 Reference value :  9.07289e-07
 Reference value :  9.08489e-07
 Reference value :  9.09519e-07
 Reference value :  9.10710e-07
 Reference value :  9.11625e-07
 Reference value :  9.12426e-07
 Reference value :  9.13264e-07
 Reference value :  9.14083e-07
 Reference value :  9.15225e-07
 Reference value :  9.16009e-07
 Reference value :  9.17148e-07
 Reference value :  9.18005e-07
 Reference value :  9.18203e-07
 Reference value :  9.18987e-07
 Reference value :  9.19880e-07
 Reference value :  9.20762e-07
 Reference value :  9.21859e-07
 Reference value :  9.22933e-07
 Reference value :  9.24087e-07
 Reference value :  9.24885e-07
 Reference value :  9.25931e-07
 Reference value :  9.26810e-07
 Reference value :  9.27707e-07
 Reference value :  9.28934e-07
 Reference value :  9.29972e-07
 Reference value :  9.30785e-07
 Reference value :  9.31068e-07
 Reference value :  9.32303e-07
 Reference value :  9.33199e-07
 Reference value :  9.33840e-07
 Reference value :  9.34665e-07
 Reference value :  9.35360e-07
 Reference value :  9.36453e-07
 Reference value :  9.37121e-07
 Reference value :  9.37489e-07
 Reference value :  9.38548e-07
 Reference value :  9.39631e-07
 Reference value :  9.40696e-07
 Reference value :  9.41881e-07
 Reference value :  9.43170e-07
 Reference value :  9.44136e-07
 Reference value :  9.45224e-07
 Reference value :  9.46067e-07
 Reference value :  9.47386e-07
 Reference value :  9.48062e-07
 Reference value :  9.49129e-07
 Reference value :  9.49863e-07
 Reference value :  9.50702e-07
 Reference value :  9.51734e-07
 Reference value :  9.52593e-07
 Reference value :  9.53617e-07
 Reference value :  9.54517e-07
 Reference value :  9.55460e-07
 Reference value :  9.56242e-07
 Reference value :  9.56951e-07
 Reference value :  9.58118e-07
 Reference value :  9.58413e-07
 Reference value :  9.59163e-07
 Reference value :  9.60575e-07
 Reference value :  9.60705e-07
 Reference value :  9.61689e-07
 Reference value :  9.62199e-07
 Reference value :  9.63180e-07
 Reference value :  9.64226e-07
 Reference value :  9.64876e-07
 Reference value :  9.65984e-07
 Reference value :  9.66973e-07
 Reference value :  9.68189e-07
 Reference value :  9.69103e-07
 Reference value :  9.70144e-07
 Reference value :  9.70660e-07
 Reference value :  9.71226e-07
 Reference value :  9.72352e-07
 Reference value :  9.73354e-07
 Reference value :  9.74308e-07
 Reference value :  9.75156e-07
 Reference value :  9.75516e-07
 Reference value :  9.76358e-07
 Reference value :  9.77242e-07
 Reference value :  9.77946e-07
 Reference value :  9.79118e-07
 Reference value :  9.80049e-07
 Reference value :  9.81195e-07
 Reference value :  9.82105e-07
 Reference value :  9.83218e-07
 Reference value :  9.84025e-07
 Reference value :  9.85293e-07
 Reference value :  9.86271e-07
 Reference value :  9.86948e-07
 Reference value :  9.87703e-07
 Reference value :  9.88353e-07
 Reference value :  9.89138e-07
 Reference value :  9.89887e-07
 Reference value :  9.90749e-07
 Reference value :  9.91884e-07
 Reference value :  9.92729e-07
 Reference value :  9.92795e-07
 Reference value :  9.93957e-07
 Reference value :  9.94868e-07
 Reference value :  9.95966e-07
 Reference value :  9.96869e-07
 Reference value :  9.97911e-07
 Reference value :  9.98761e-07
 Reference value :  1.00013e-06
 Reference value :  1.00095e-06
 Reference value :  1.00185e-06
 Reference value :  1.00274e-06
 Reference value :  1.00399e-06
 Reference value :  1.00499e-06
 Reference value :  1.00596e-06
 Reference value :  1.00699e-06
 Reference value :  1.00756e-06
 Reference value :  1.00809e-06
 Reference value :  1.00924e-06
 Reference value :  1.01026e-06
 Reference value :  1.01130e-06
 Reference value :  1.01224e-06
 Reference value :  1.01235e-06
 Reference value :  1.01344e-06
 Reference value :  1.01444e-06
 Reference value :  1.01555e-06
 Reference value :  1.01633e-06
 Reference value :  1.01662e-06
 Reference value :  1.01744e-06
 Reference value :  1.01849e-06
 Reference value :  1.01882e-06
 Reference value :  1.01995e-06
 Reference value :  1.02103e-06
 Reference value :  1.02229e-06
 Reference value :  1.02321e-06
 Reference value :  1.02326e-06
 Reference value :  1.02434e-06
 Reference value :  1.02484e-06
 Reference value :  1.02535e-06
 Reference value :  1.02615e-06
 Reference value :  1.02734e-06
 Reference value :  1.02752e-06
 Reference value :  1.02831e-06
 Reference value :  1.02935e-06
 Reference value :  1.02970e-06
 Reference value :  1.03084e-06
 Reference value :  1.03188e-06
 Reference value :  1.03297e-06
 Reference value :  1.03401e-06
 Reference value :  1.03406e-06
 Reference value :  1.03511e-06
 Reference value :  1.03615e-06
 Reference value :  1.03729e-06
 Reference value :  1.03836e-06
 Reference value :  1.03953e-06
 Reference value :  1.04035e-06
 Reference value :  1.04119e-06
 Reference value :  1.04193e-06
 Reference value :  1.04245e-06
 Reference value :  1.04353e-06
 Reference value :  1.04420e-06
 Reference value :  1.04455e-06
 Reference value :  1.04549e-06
 Reference value :  1.04637e-06
 Reference value :  1.04666e-06
 Reference value :  1.04742e-06
 Reference value :  1.04856e-06
 Reference value :  1.04991e-06
 Reference value :  1.05080e-06
 Reference value :  1.05192e-06
 Reference value :  1.05293e-06
 Reference value :  1.05387e-06
 Reference value :  1.05503e-06
 Reference value :  1.05506e-06
 Reference value :  1.05630e-06
 Reference value :  1.05718e-06
 Reference value :  1.05811e-06
 Reference value :  1.05917e-06
 Reference value :  1.05974e-06
 Reference value :  1.06072e-06
 Reference value :  1.06148e-06
 Reference value :  1.06257e-06
 Reference value :  1.06350e-06
 Reference value :  1.06445e-06
 Reference value :  1.06520e-06
 Reference value :  1.06563e-06
 Reference value :  1.06675e-06
 Reference value :  1.06779e-06
 Reference value :  1.06894e-06
 Reference value :  1.06979e-06
 Reference value :  1.07074e-06
 Reference value :  1.07160e-06
 Reference value :  1.07192e-06
 Reference value :  1.07271e-06
 Reference value :  1.07350e-06
 Reference value :  1.07406e-06
 Reference value :  1.07530e-06
 Reference value :  1.07633e-06
 Reference value :  1.07756e-06
 Reference value :  1.07857e-06
 Reference value :  1.08030e-06
 Reference value :  1.08053e-06
 Reference value :  1.08169e-06
 Reference value :  1.08262e-06
 Reference value :  1.08268e-06
 Reference value :  1.08373e-06
 Reference value :  1.08475e-06
 Reference value :  1.08551e-06
 Reference value :  1.08643e-06
 Reference value :  1.08687e-06
 Reference value :  1.08694e-06
 Reference value :  1.08796e-06
 Reference value :  1.08900e-06
 Reference value :  1.08987e-06
 Reference value :  1.09099e-06
 Reference value :  1.09233e-06
 Reference value :  1.09306e-06
 Reference value :  1.09333e-06
 Reference value :  1.09369e-06
 Reference value :  1.09480e-06
 Reference value :  1.09551e-06
 Reference value :  1.09552e-06
 Reference value :  1.09666e-06
 Reference value :  1.09762e-06
 Reference value :  1.09882e-06
 Reference value :  1.09984e-06
 Reference value :  1.10073e-06
 Reference value :  1.10170e-06
 Reference value :  1.10202e-06
 Reference value :  1.10316e-06
 Reference value :  1.10416e-06
 Reference value :  1.10427e-06
 Reference value :  1.10535e-06
 Reference value :  1.10638e-06
 Reference value :  1.10750e-06
 Reference value :  1.10853e-06
 Reference value :  1.10973e-06
 Reference value :  1.11037e-06
 Reference value :  1.11164e-06
 Reference value :  1.11268e-06
 Reference value :  1.11337e-06
 Reference value :  1.11437e-06
 Reference value :  1.11533e-06
 Reference value :  1.11649e-06
 Reference value :  1.11723e-06
 Reference value :  1.11809e-06
 Reference value :  1.11879e-06
 Reference value :  1.11972e-06
 Reference value :  1.12092e-06
 Reference value :  1.12188e-06
 Reference value :  1.12307e-06
 Reference value :  1.12402e-06
 Reference value :  1.12532e-06
 Reference value :  1.12588e-06
 Reference value :  1.12700e-06
 Reference value :  1.12802e-06
 Reference value :  1.12803e-06
 Reference value :  1.12912e-06
 Reference value :  1.13000e-06
 Reference value :  1.13114e-06
 Reference value :  1.13166e-06
 Reference value :  1.13252e-06
 Reference value :  1.13372e-06
 Reference value :  1.13472e-06
 Reference value :  1.13596e-06
 Reference value :  1.13725e-06
 Reference value :  1.13814e-06
 Reference value :  1.13871e-06
 Reference value :  1.13983e-06
 Reference value :  1.14060e-06
 Reference value :  1.14190e-06
 Reference value :  1.14293e-06
 Reference value :  1.14298e-06
 Reference value :  1.14429e-06
 Reference value :  1.14510e-06
 Reference value :  1.14620e-06
 Reference value :  1.14725e-06
 Reference value :  1.14763e-06
 Reference value :  1.14857e-06
 Reference value :  1.14911e-06
 Reference value :  1.14938e-06
 Reference value :  1.15000e-06
 Reference value :  1.15075e-06
 Reference value :  1.15145e-06
 Reference value :  1.15238e-06
 Reference value :  1.15350e-06
 Reference value :  1.15470e-06
 Reference value :  1.15566e-06
 Reference value :  1.15568e-06
 Reference value :  1.15699e-06
 Reference value :  1.15779e-06
 Reference value :  1.15890e-06
 Reference value :  1.15983e-06
 Reference value :  1.16083e-06
 Reference value :  1.16160e-06
 Reference value :  1.16255e-06
 Reference value :  1.16351e-06
 Reference value :  1.16498e-06
 Reference value :  1.16567e-06
 Reference value :  1.16615e-06
 Reference value :  1.16723e-06
 Reference value :  1.16805e-06
 Reference value :  1.16844e-06
 Reference value :  1.16972e-06
 Reference value :  1.17070e-06
 Reference value :  1.17184e-06
 Reference value :  1.17279e-06
 Reference value :  1.17396e-06
 Reference value :  1.17463e-06
 Reference value :  1.17574e-06
 Reference value :  1.17673e-06
 Reference value :  1.17791e-06
 Reference value :  1.17889e-06
 Reference value :  1.18001e-06
 Reference value :  1.18093e-06
 Reference value :  1.18097e-06
 Reference value :  1.18203e-06
 Reference value :  1.18276e-06
 Reference value :  1.18339e-06
 Reference value :  1.18451e-06
 Reference value :  1.18535e-06
 Reference value :  1.18649e-06
 Reference value :  1.18735e-06
 Reference value :  1.18847e-06
 Reference value :  1.18949e-06
 Reference value :  1.19058e-06
 Reference value :  1.19164e-06
 Reference value :  1.19166e-06
 Reference value :  1.19273e-06
 Reference value :  1.19378e-06
 Reference value :  1.19379e-06
 Reference value :  1.19486e-06
 Reference value :  1.19596e-06
 Reference value :  1.19596e-06
 Reference value :  1.19707e-06
 Reference value :  1.19811e-06
 Reference value :  1.19925e-06
 Reference value :  1.20001e-06
 Reference value :  1.20056e-06
 Reference value :  1.20150e-06
 Reference value :  1.20193e-06
 Reference value :  1.20250e-06
 Reference value :  1.20363e-06
 Reference value :  1.20413e-06
 Reference value :  1.20501e-06
 Reference value :  1.20631e-06
 Reference value :  1.20690e-06
 Reference value :  1.20809e-06
 Reference value :  1.20906e-06
 Reference value :  1.21019e-06
 Reference value :  1.21123e-06
 Reference value :  1.21207e-06
 Reference value :  1.21307e-06
 Reference value :  1.21377e-06
 Reference value :  1.21492e-06
 Reference value :  1.21562e-06
 Reference value :  1.21651e-06
 Reference value :  1.21756e-06
 Reference value :  1.21777e-06
 Reference value :  1.21868e-06
 Reference value :  1.21983e-06
 Reference value :  1.21996e-06
 Reference value :  1.22107e-06
 Reference value :  1.22188e-06
 Reference value :  1.22216e-06
 Reference value :  1.22328e-06
 Reference value :  1.22431e-06
 Reference value :  1.22439e-06
 Reference value :  1.22571e-06
 Reference value :  1.22657e-06
 Reference value :  1.22786e-06
 Reference value :  1.22867e-06
 Reference value :  1.22982e-06
 Reference value :  1.23082e-06
 Reference value :  1.23206e-06
 Reference value :  1.23309e-06
 Reference value :  1.23429e-06
 Reference value :  1.23504e-06
 Reference value :  1.23509e-06
 Reference value :  1.23627e-06
 Reference value :  1.23719e-06
 Reference value :  1.23724e-06
 Reference value :  1.23831e-06
 Reference value :  1.23909e-06
 Reference value :  1.23935e-06
 Reference value :  1.24042e-06
 Reference value :  1.24144e-06
 Reference value :  1.24254e-06
 Reference value :  1.24370e-06
 Reference value :  1.24480e-06
 Reference value :  1.24572e-06
 Reference value :  1.24577e-06
 Reference value :  1.24694e-06
 Reference value :  1.24784e-06
 Reference value :  1.24792e-06
 Reference value :  1.24914e-06
 Reference value :  1.25011e-06
 Reference value :  1.25126e-06
 Reference value :  1.25201e-06
 Reference value :  1.25318e-06
 Reference value :  1.25404e-06
 Reference value :  1.25449e-06
 Reference value :  1.25541e-06
 Reference value :  1.25606e-06
 Reference value :  1.25628e-06
 Reference value :  1.25731e-06
 Reference value :  1.25826e-06
 Reference value :  1.25916e-06
 Reference value :  1.26036e-06
 Reference value :  1.26047e-06
 Reference value :  1.26161e-06
 Reference value :  1.26252e-06
 Reference value :  1.26362e-06
 Reference value :  1.26439e-06
 Reference value :  1.26458e-06
 Reference value :  1.26562e-06
 Reference value :  1.26657e-06
 Reference value :  1.26778e-06
 Reference value :  1.26878e-06
 Reference value :  1.26988e-06
 Reference value :  1.27087e-06
 Reference value :  1.27095e-06
 Reference value :  1.27211e-06
 Reference value :  1.27297e-06
 Reference value :  1.27305e-06
 Reference value :  1.27407e-06
 Reference value :  1.27478e-06
 Reference value :  1.27550e-06
 Reference value :  1.27649e-06
 Reference value :  1.27741e-06
 Reference value :  1.27861e-06
 Reference value :  1.27992e-06
 Reference value :  1.28082e-06
 Reference value :  1.28134e-06
 Reference value :  1.28247e-06
 Reference value :  1.28336e-06
 Reference value :  1.28363e-06
 Reference value :  1.28478e-06
 Reference value :  1.28583e-06
 Reference value :  1.28699e-06
 Reference value :  1.28769e-06
 Reference value :  1.28858e-06
 Reference value :  1.28982e-06
 Reference value :  1.28987e-06
 Reference value :  1.29093e-06
 Reference value :  1.29165e-06
 Reference value :  1.29197e-06
 Reference value :  1.29334e-06
 Reference value :  1.29410e-06
 Reference value :  1.29515e-06
 Reference value :  1.29601e-06
 Reference value :  1.29631e-06
 Reference value :  1.29746e-06
 Reference value :  1.29843e-06
 Reference value :  1.29957e-06
 Reference value :  1.30038e-06
 Reference value :  1.30054e-06
 Reference value :  1.30110e-06
 Reference value :  1.30243e-06
 Reference value :  1.30309e-06
 Reference value :  1.30422e-06
 Reference value :  1.30484e-06
 Reference value :  1.30578e-06
 Reference value :  1.30708e-06
 Reference value :  1.30817e-06
 Reference value :  1.30879e-06
 Reference value :  1.30934e-06
 Reference value :  1.31044e-06
 Reference value :  1.31128e-06
 Reference value :  1.31247e-06
 Reference value :  1.31361e-06
 Reference value :  1.31488e-06
 Reference value :  1.31573e-06
 Reference value :  1.31689e-06
 Reference value :  1.31794e-06
 Reference value :  1.31915e-06
 Reference value :  1.32002e-06
 Reference value :  1.32098e-06
 Reference value :  1.32232e-06
 Reference value :  1.32362e-06
 Reference value :  1.32441e-06
 Reference value :  1.32558e-06
 Reference value :  1.32657e-06
 Reference value :  1.32665e-06
 Reference value :  1.32787e-06
 Reference value :  1.32851e-06
 Reference value :  1.32881e-06
 Reference value :  1.32995e-06
 Reference value :  1.33099e-06
 Reference value :  1.33218e-06
 Reference value :  1.33322e-06
 Reference value :  1.33437e-06
 Reference value :  1.33563e-06
 Reference value :  1.33678e-06
 Reference value :  1.33769e-06
 Reference value :  1.33774e-06
 Reference value :  1.33906e-06
 Reference value :  1.33993e-06
 Reference value :  1.34108e-06
 Reference value :  1.34222e-06
 Reference value :  1.34355e-06
 Reference value :  1.34455e-06
 Reference value :  1.34570e-06
 Reference value :  1.34638e-06
 Reference value :  1.34658e-06
 Reference value :  1.34783e-06
 Reference value :  1.34888e-06
 Reference value :  1.35004e-06
 Reference value :  1.35109e-06
 Reference value :  1.35225e-06
 Reference value :  1.35345e-06
 Reference value :  1.35496e-06
 Reference value :  1.35567e-06
 Reference value :  1.35702e-06
 Reference value :  1.35794e-06
 Reference value :  1.35799e-06
 Reference value :  1.35923e-06
 Reference value :  1.36030e-06
 Reference value :  1.36144e-06
 Reference value :  1.36210e-06
 Reference value :  1.36279e-06
 Reference value :  1.36399e-06
 Reference value :  1.36500e-06
 Reference value :  1.36632e-06
 Reference value :  1.36713e-06
 Reference value :  1.36716e-06
 Reference value :  1.36831e-06
 Reference value :  1.36954e-06
 Reference value :  1.37065e-06
 Reference value :  1.37178e-06
 Reference value :  1.37308e-06
 Reference value :  1.37399e-06
 Reference value :  1.37518e-06
 Reference value :  1.37581e-06
 Reference value :  1.37710e-06
 Reference value :  1.37836e-06
 Reference value :  1.37866e-06
 Reference value :  1.38003e-06
 Reference value :  1.38113e-06
 Reference value :  1.38248e-06
 Reference value :  1.38340e-06
 Reference value :  1.38461e-06
 Reference value :  1.38494e-06
 Reference value :  1.38566e-06
 Reference value :  1.38700e-06
 Reference value :  1.38814e-06
 Reference value :  1.38955e-06
 Reference value :  1.39029e-06
 Reference value :  1.39178e-06
 Reference value :  1.39288e-06
 Reference value :  1.39399e-06
 Reference value :  1.39520e-06
 Reference value :  1.39649e-06
 Reference value :  1.39767e-06
 Reference value :  1.39894e-06
 Reference value :  1.40000e-06
 Reference value :  1.40110e-06
 Reference value :  1.40218e-06
 Reference value :  1.40357e-06
 Reference value :  1.40431e-06
 Reference value :  1.40523e-06
 Reference value :  1.40623e-06
 Reference value :  1.40726e-06
 Reference value :  1.40875e-06
 Reference value :  1.41029e-06
 Reference value :  1.41165e-06
 Reference value :  1.41303e-06
 Reference value :  1.41407e-06
 Reference value :  1.41542e-06
 Reference value :  1.41653e-06
 Reference value :  1.41774e-06
 Reference value :  1.41904e-06
 Reference value :  1.42032e-06
 Reference value :  1.42100e-06
 Reference value :  1.42187e-06
 Reference value :  1.42270e-06
 Reference value :  1.42330e-06
 Reference value :  1.42431e-06
 Reference value :  1.42545e-06
 Reference value :  1.42572e-06
 Reference value :  1.42712e-06
 Reference value :  1.42815e-06
 Reference value :  1.42928e-06
 Reference value :  1.43027e-06
 Reference value :  1.43156e-06
 Reference value :  1.43269e-06
 Reference value :  1.43395e-06
 Reference value :  1.43488e-06
 Reference value :  1.43627e-06
 Reference value :  1.43725e-06
 Reference value :  1.43857e-06
 Reference value :  1.43971e-06
 Reference value :  1.44098e-06
 Reference value :  1.44208e-06
 Reference value :  1.44341e-06
 Reference value :  1.44410e-06
 Reference value :  1.44425e-06
 Reference value :  1.44541e-06
 Reference value :  1.44664e-06
 Reference value :  1.44807e-06
 Reference value :  1.44918e-06
 Reference value :  1.45036e-06
 Reference value :  1.45135e-06
 Reference value :  1.45253e-06
 Reference value :  1.45348e-06
 Reference value :  1.45453e-06
 Reference value :  1.45564e-06
 Reference value :  1.45720e-06
 Reference value :  1.45837e-06
 Reference value :  1.45993e-06
 Reference value :  1.46093e-06
 Reference value :  1.46202e-06
 Reference value :  1.46281e-06
 Reference value :  1.46312e-06
 Reference value :  1.46442e-06
 Reference value :  1.46551e-06
 Reference value :  1.46676e-06
 Reference value :  1.46788e-06
 Reference value :  1.46918e-06
 Reference value :  1.47012e-06
 Reference value :  1.47135e-06
 Reference value :  1.47250e-06
 Reference value :  1.47379e-06
 Reference value :  1.47513e-06
 Reference value :  1.47650e-06
 Reference value :  1.47720e-06
 Reference value :  1.47863e-06
 Reference value :  1.47965e-06
 Reference value :  1.48080e-06
 Reference value :  1.48146e-06
 Reference value :  1.48204e-06
 Reference value :  1.48327e-06
 Reference value :  1.48372e-06
 Reference value :  1.48446e-06
 Reference value :  1.48584e-06
 Reference value :  1.48699e-06
 Reference value :  1.48814e-06
 Reference value :  1.48921e-06
 Reference value :  1.48925e-06
 Reference value :  1.49063e-06
 Reference value :  1.49163e-06
 Reference value :  1.49169e-06
 Reference value :  1.49303e-06
 Reference value :  1.49401e-06
 Reference value :  1.49530e-06
 Reference value :  1.49638e-06
 Reference value :  1.49716e-06
 Reference value :  1.49831e-06
 Reference value :  1.50000e-06
 Reference value :  1.50075e-06
 Reference value :  1.50140e-06
 Reference value :  1.50258e-06
 Reference value :  1.50329e-06
 Reference value :  1.50370e-06
 Reference value :  1.50507e-06
 Reference value :  1.50636e-06
 Reference value :  1.50757e-06
 Reference value :  1.50856e-06
 Reference value :  1.50996e-06
 Reference value :  1.51102e-06
 Reference value :  1.51226e-06
 Reference value :  1.51339e-06
 Reference value :  1.51345e-06
 Reference value :  1.51488e-06
 Reference value :  1.51622e-06
 Reference value :  1.51775e-06
 Reference value :  1.51934e-06
 Reference value :  1.52012e-06
 Reference value :  1.52086e-06
 Reference value :  1.52215e-06
 Reference value :  1.52298e-06
 Reference value :  1.52421e-06
 Reference value :  1.52538e-06
 Reference value :  1.52652e-06
 Reference value :  1.52719e-06
 Reference value :  1.52895e-06
 Reference value :  1.52986e-06
 Reference value :  1.53042e-06
 Reference value :  1.53163e-06
 Reference value :  1.53244e-06
 Reference value :  1.53387e-06
 Reference value :  1.53483e-06
 Reference value :  1.53614e-06
 Reference value :  1.53715e-06
 Reference value :  1.53836e-06
 Reference value :  1.53951e-06
 Reference value :  1.54067e-06
 Reference value :  1.54131e-06
 Reference value :  1.54202e-06
 Reference value :  1.54322e-06
 Reference value :  1.54414e-06
 Reference value :  1.54548e-06
 Reference value :  1.54649e-06
 Reference value :  1.54778e-06
 Reference value :  1.54901e-06
 Reference value :  1.55019e-06
 Reference value :  1.55112e-06
 Reference value :  1.55119e-06
 Reference value :  1.55249e-06
 Reference value :  1.55345e-06
 Reference value :  1.55351e-06
 Reference value :  1.55465e-06
 Reference value :  1.55577e-06
 Reference value :  1.55586e-06
 Reference value :  1.55714e-06
 Reference value :  1.55812e-06
 Reference value :  1.55935e-06
 Reference value :  1.56056e-06
 Reference value :  1.56189e-06
 Reference value :  1.56272e-06
 Reference value :  1.56286e-06
 Reference value :  1.56421e-06
 Reference value :  1.56535e-06
 Reference value :  1.56658e-06
 Reference value :  1.56740e-06
 Reference value :  1.56884e-06
 Reference value :  1.56974e-06
 Reference value :  1.57109e-06
 Reference value :  1.57213e-06
 Reference value :  1.57328e-06
 Reference value :  1.57439e-06
 Reference value :  1.57573e-06
 Reference value :  1.57685e-06
 Reference value :  1.57805e-06
 Reference value :  1.57909e-06
 Reference value :  1.58029e-06
 Reference value :  1.58135e-06
 Reference value :  1.58269e-06
 Reference value :  1.58383e-06
 Reference value :  1.58529e-06
 Reference value :  1.58676e-06
 Reference value :  1.58788e-06
 Reference value :  1.58835e-06
 Reference value :  1.58955e-06
 Reference value :  1.59065e-06
 Reference value :  1.59203e-06
 Reference value :  1.59306e-06
 Reference value :  1.59432e-06
 Reference value :  1.59544e-06
 Reference value :  1.59681e-06
 Reference value :  1.59787e-06
 Reference value :  1.59791e-06
 Reference value :  1.59922e-06
 Reference value :  1.59975e-06
 Reference value :  1.60024e-06
 Reference value :  1.60100e-06
 Reference value :  1.60176e-06
 Reference value :  1.60279e-06
 Reference value :  1.60414e-06
 Reference value :  1.60522e-06
 Reference value :  1.60647e-06
 Reference value :  1.60735e-06
 Reference value :  1.60878e-06
 Reference value :  1.60999e-06
 Reference value :  1.61112e-06
 Reference value :  1.61215e-06
 Reference value :  1.61348e-06
 Reference value :  1.61452e-06
 Reference value :  1.61538e-06
 Reference value :  1.61652e-06
 Reference value :  1.61692e-06
 Reference value :  1.61845e-06
 Reference value :  1.61934e-06
 Reference value :  1.62054e-06
 Reference value :  1.62148e-06
 Reference value :  1.62288e-06
 Reference value :  1.62404e-06
 Reference value :  1.62419e-06
 Reference value :  1.62561e-06
 Reference value :  1.62648e-06
 Reference value :  1.62771e-06
 Reference value :  1.62883e-06
 Reference value :  1.63008e-06
 Reference value :  1.63092e-06
 Reference value :  1.63171e-06
 Reference value :  1.63294e-06
 Reference value :  1.63393e-06
 Reference value :  1.63514e-06
 Reference value :  1.63724e-06
 Reference value :  1.63812e-06
 Reference value :  1.63938e-06
 Reference value :  1.63995e-06
 Reference value :  1.64065e-06
 Reference value :  1.64201e-06
 Reference value :  1.64276e-06
 Reference value :  1.64397e-06
 Reference value :  1.64507e-06
 Reference value :  1.64628e-06
 Reference value :  1.64736e-06
 Reference value :  1.64857e-06
 Reference value :  1.64972e-06
 Reference value :  1.65103e-06
 Reference value :  1.65192e-06
 Reference value :  1.65316e-06
 Reference value :  1.65424e-06
 Reference value :  1.65543e-06
 Reference value :  1.65640e-06
 Reference value :  1.65722e-06
 Reference value :  1.65810e-06
 Reference value :  1.65893e-06
 Reference value :  1.65996e-06
 Reference value :  1.66111e-06
 Reference value :  1.66227e-06
 Reference value :  1.66330e-06
 Reference value :  1.66441e-06
 Reference value :  1.66545e-06
 Reference value :  1.66691e-06
 Reference value :  1.66775e-06
 Reference value :  1.66888e-06
 Reference value :  1.66989e-06
 Reference value :  1.67117e-06
 Reference value :  1.67222e-06
 Reference value :  1.67234e-06
 Reference value :  1.67350e-06
 Reference value :  1.67450e-06
 Reference value :  1.67566e-06
 Reference value :  1.67665e-06
 Reference value :  1.67678e-06
 Reference value :  1.67797e-06
 Reference value :  1.67851e-06
 Reference value :  1.67904e-06
 Reference value :  1.68040e-06
 Reference value :  1.68165e-06
 Reference value :  1.68280e-06
 Reference value :  1.68358e-06
 Reference value :  1.68489e-06
 Reference value :  1.68585e-06
 Reference value :  1.68590e-06
 Reference value :  1.68707e-06
 Reference value :  1.68815e-06
 Reference value :  1.68938e-06
 Reference value :  1.69048e-06
 Reference value :  1.69170e-06
 Reference value :  1.69273e-06
 Reference value :  1.69415e-06
 Reference value :  1.69504e-06
 Reference value :  1.69638e-06
 Reference value :  1.69713e-06
 Reference value :  1.69824e-06
 Reference value :  1.69873e-06
 Reference value :  1.69962e-06
 Reference value :  1.70084e-06
 Reference value :  1.70185e-06
 Reference value :  1.70290e-06
 Reference value :  1.70393e-06
 Reference value :  1.70430e-06
 Reference value :  1.70555e-06
 Reference value :  1.70665e-06
 Reference value :  1.70673e-06
 Reference value :  1.70808e-06
 Reference value :  1.70897e-06
 Reference value :  1.71033e-06
 Reference value :  1.71135e-06
 Reference value :  1.71266e-06
 Reference value :  1.71367e-06
 Reference value :  1.71427e-06
 Reference value :  1.71528e-06
 Reference value :  1.71635e-06
 Reference value :  1.71760e-06
 Reference value :  1.71865e-06
 Reference value :  1.71994e-06
 Reference value :  1.72062e-06
 Reference value :  1.72199e-06
 Reference value :  1.72311e-06
 Reference value :  1.72444e-06
 Reference value :  1.72538e-06
 Reference value :  1.72661e-06
 Reference value :  1.72753e-06
 Reference value :  1.72874e-06
 Reference value :  1.72987e-06
 Reference value :  1.72998e-06
 Reference value :  1.73116e-06
 Reference value :  1.73225e-06
 Reference value :  1.73361e-06
 Reference value :  1.73466e-06
 Reference value :  1.73593e-06
 Reference value :  1.73653e-06
 Reference value :  1.73789e-06
 Reference value :  1.73930e-06
 Reference value :  1.73938e-06
 Reference value :  1.74070e-06
 Reference value :  1.74186e-06
 Reference value :  1.74330e-06
 Reference value :  1.74404e-06
 Reference value :  1.74539e-06
 Reference value :  1.74642e-06
 Reference value :  1.74779e-06
 Reference value :  1.74887e-06
 Reference value :  1.75017e-06
 Reference value :  1.75155e-06
 Reference value :  1.75277e-06
 Reference value :  1.75353e-06
 Reference value :  1.75489e-06
 Reference value :  1.75570e-06
 Reference value :  1.75591e-06
 Reference value :  1.75715e-06
 Reference value :  1.75835e-06
 Reference value :  1.75841e-06
 Reference value :  1.75990e-06
 Reference value :  1.76079e-06
 Reference value :  1.76204e-06
 Reference value :  1.76295e-06
 Reference value :  1.76381e-06
 Reference value :  1.76503e-06
 Reference value :  1.76561e-06
 Reference value :  1.76685e-06
 Reference value :  1.76802e-06
 Reference value :  1.76934e-06
 Reference value :  1.77058e-06
 Reference value :  1.77189e-06
 Reference value :  1.77290e-06
 Reference value :  1.77425e-06
 Reference value :  1.77496e-06
 Reference value :  1.77546e-06
 Reference value :  1.77686e-06
 Reference value :  1.77787e-06
 Reference value :  1.77798e-06
 Reference value :  1.77923e-06
 Reference value :  1.78051e-06
 Reference value :  1.78177e-06
 Reference value :  1.78289e-06
 Reference value :  1.78419e-06
 Reference value :  1.78547e-06
 Reference value :  1.78673e-06
 Reference value :  1.78760e-06
 Reference value :  1.78916e-06
 Reference value :  1.79043e-06
 Reference value :  1.79200e-06
 Reference value :  1.79298e-06
 Reference value :  1.79449e-06
 Reference value :  1.79551e-06
 Reference value :  1.79687e-06
 Reference value :  1.79755e-06
 Reference value :  1.79947e-06
 Reference value :  1.80099e-06
 Reference value :  1.80217e-06
 Reference value :  1.80307e-06
 Reference value :  1.80456e-06
 Reference value :  1.80561e-06
 Reference value :  1.80709e-06
 Reference value :  1.80823e-06
 Reference value :  1.80963e-06
 Reference value :  1.81090e-06
 Reference value :  1.81249e-06
 Reference value :  1.81449e-06
 Reference value :  1.81570e-06
 Reference value :  1.81701e-06
 Reference value :  1.81777e-06
 Reference value :  1.81828e-06
 Reference value :  1.81967e-06
 Reference value :  1.82073e-06
 Reference value :  1.82173e-06
 Reference value :  1.82293e-06
 Reference value :  1.82325e-06
 Reference value :  1.82472e-06
 Reference value :  1.82577e-06
 Reference value :  1.82714e-06
 Reference value :  1.82818e-06
 Reference value :  1.82913e-06
 Reference value :  1.83037e-06
 Reference value :  1.83074e-06
 Reference value :  1.83219e-06
 Reference value :  1.83322e-06
 Reference value :  1.83449e-06
 Reference value :  1.83578e-06
 Reference value :  1.83715e-06
 Reference value :  1.83781e-06
 Reference value :  1.83818e-06
 Reference value :  1.83940e-06
 Reference value :  1.84010e-06
 Reference value :  1.84064e-06
 Reference value :  1.84204e-06
 Reference value :  1.84327e-06
 Reference value :  1.84476e-06
 Reference value :  1.84550e-06
 Reference value :  1.84678e-06
 Reference value :  1.84799e-06
 Reference value :  1.84914e-06
 Reference value :  1.85010e-06
 Reference value :  1.85043e-06
 Reference value :  1.85174e-06
 Reference value :  1.85287e-06
 Reference value :  1.85420e-06
 Reference value :  1.85530e-06
 Reference value :  1.85658e-06
 Reference value :  1.85737e-06
 Reference value :  1.85790e-06
 Reference value :  1.85920e-06
 Reference value :  1.86017e-06
 Reference value :  1.86157e-06
 Reference value :  1.86265e-06
 Reference value :  1.86396e-06
 Reference value :  1.86503e-06
 Reference value :  1.86509e-06
 Reference value :  1.86657e-06
 Reference value :  1.86759e-06
 Reference value :  1.86892e-06
 Reference value :  1.86994e-06
 Reference value :  1.87095e-06
 Reference value :  1.87230e-06
 Reference value :  1.87351e-06
 Reference value :  1.87431e-06
 Reference value :  1.87610e-06
 Reference value :  1.87716e-06
 Reference value :  1.87736e-06
 Reference value :  1.87853e-06
 Reference value :  1.87921e-06
 Reference value :  1.88061e-06
 Reference value :  1.88213e-06
 Reference value :  1.88227e-06
 Reference value :  1.88377e-06
 Reference value :  1.88473e-06
 Reference value :  1.88616e-06
 Reference value :  1.88717e-06
 Reference value :  1.88833e-06
 Reference value :  1.88934e-06
 Reference value :  1.88971e-06
 Reference value :  1.89064e-06
 Reference value :  1.89171e-06
 Reference value :  1.89228e-06
 Reference value :  1.89366e-06
 Reference value :  1.89485e-06
 Reference value :  1.89627e-06
 Reference value :  1.89730e-06
 Reference value :  1.89869e-06
 Reference value :  1.89961e-06
 Reference value :  1.90075e-06
 Reference value :  1.90143e-06
 Reference value :  1.90234e-06
 Reference value :  1.90381e-06
 Reference value :  1.90500e-06
 Reference value :  1.90648e-06
 Reference value :  1.90812e-06
 Reference value :  1.90922e-06
 Reference value :  1.90992e-06
 Reference value :  1.91117e-06
 Reference value :  1.91166e-06
 Reference value :  1.91278e-06
 Reference value :  1.91425e-06
 Reference value :  1.91491e-06
 Reference value :  1.91625e-06
 Reference value :  1.91746e-06
 Reference value :  1.91879e-06
 Reference value :  1.92009e-06
 Reference value :  1.92150e-06
 Reference value :  1.92256e-06
 Reference value :  1.92406e-06
 Reference value :  1.92510e-06
 Reference value :  1.92653e-06
 Reference value :  1.92761e-06
 Reference value :  1.92911e-06
 Reference value :  1.93034e-06
 Reference value :  1.93166e-06
 Reference value :  1.93251e-06
 Reference value :  1.93395e-06
 Reference value :  1.93499e-06
 Reference value :  1.93646e-06
 Reference value :  1.93753e-06
 Reference value :  1.93760e-06
 Reference value :  1.93920e-06
 Reference value :  1.93993e-06
 Reference value :  1.94125e-06
 Reference value :  1.94188e-06
 Reference value :  1.94243e-06
 Reference value :  1.94366e-06
 Reference value :  1.94490e-06
 Reference value :  1.94635e-06
 Reference value :  1.94732e-06
 Reference value :  1.94874e-06
 Reference value :  1.95050e-06
 Reference value :  1.95183e-06
 Reference value :  1.95236e-06
 Reference value :  1.95347e-06
 Reference value :  1.95444e-06
 Reference value :  1.95569e-06
 Reference value :  1.95687e-06
 Reference value :  1.95826e-06
 Reference value :  1.95929e-06
 Reference value :  1.96068e-06
 Reference value :  1.96160e-06
 Reference value :  1.96169e-06
 Reference value :  1.96288e-06
 Reference value :  1.96342e-06
 Reference value :  1.96400e-06
 Reference value :  1.96480e-06
 Reference value :  1.96560e-06
 Reference value :  1.96636e-06
 Reference value :  1.96774e-06
 Reference value :  1.96885e-06
 Reference value :  1.97013e-06
 Reference value :  1.97109e-06
 Reference value :  1.97247e-06
 Reference value :  1.97343e-06
 Reference value :  1.97349e-06
 Reference value :  1.97493e-06
 Reference value :  1.97594e-06
 Reference value :  1.97705e-06
 Reference value :  1.97821e-06
 Reference value :  1.97962e-06
 Reference value :  1.98047e-06
 Reference value :  1.98181e-06
 Reference value :  1.98279e-06
 Reference value :  1.98289e-06
 Reference value :  1.98421e-06
 Reference value :  1.98528e-06
 Reference value :  1.98676e-06
 Reference value :  1.98758e-06
 Reference value :  1.98879e-06
 Reference value :  1.98995e-06
 Reference value :  1.99003e-06
 Reference value :  1.99130e-06
 Reference value :  1.99239e-06
 Reference value :  1.99368e-06
 Reference value :  1.99456e-06
 Reference value :  1.99475e-06
 Reference value :  1.99616e-06
 Reference value :  1.99720e-06
 Reference value :  1.99849e-06
 Reference value :  1.99962e-06
 Reference value :  1.99967e-06
 Reference value :  2.00099e-06
 Reference value :  2.00195e-06
 Reference value :  2.00340e-06
 Reference value :  2.00408e-06
 Reference value :  2.00475e-06
 Reference value :  2.00617e-06
 Reference value :  2.00694e-06
 Reference value :  2.00828e-06
 Reference value :  2.00932e-06
 Reference value :  2.01062e-06
 Reference value :  2.01176e-06
 Reference value :  2.01316e-06
 Reference value :  2.01417e-06
 Reference value :  2.01427e-06
 Reference value :  2.01573e-06
 Reference value :  2.01664e-06
 Reference value :  2.01792e-06
 Reference value :  2.01903e-06
 Reference value :  2.02045e-06
 Reference value :  2.02128e-06
 Reference value :  2.02189e-06
 Reference value :  2.02307e-06
 Reference value :  2.02392e-06
 Reference value :  2.02492e-06
 Reference value :  2.02581e-06
 Reference value :  2.02634e-06
 Reference value :  2.02756e-06
 Reference value :  2.02861e-06
 Reference value :  2.02878e-06
 Reference value :  2.03019e-06
 Reference value :  2.03134e-06
 Reference value :  2.03270e-06
 Reference value :  2.03360e-06
 Reference value :  2.03456e-06
 Reference value :  2.03546e-06
 Reference value :  2.03661e-06
 Reference value :  2.03789e-06
 Reference value :  2.03911e-06
 Reference value :  2.04024e-06
 Reference value :  2.04088e-06
 Reference value :  2.04225e-06
 Reference value :  2.04335e-06
 Reference value :  2.04461e-06
 Reference value :  2.04539e-06
 Reference value :  2.04613e-06
 Reference value :  2.04809e-06
 Reference value :  2.04824e-06
 Reference value :  2.04956e-06
 Reference value :  2.05051e-06
 Reference value :  2.05160e-06
 Reference value :  2.05267e-06
 Reference value :  2.05318e-06
 Reference value :  2.05455e-06
 Reference value :  2.05562e-06
 Reference value :  2.05705e-06
 Reference value :  2.05831e-06
 Reference value :  2.05962e-06
 Reference value :  2.06065e-06
 Reference value :  2.06211e-06
 Reference value :  2.06331e-06
 Reference value :  2.06470e-06
 Reference value :  2.06544e-06
 Reference value :  2.06570e-06
 Reference value :  2.06714e-06
 Reference value :  2.06843e-06
 Reference value :  2.06957e-06
 Reference value :  2.07064e-06
 Reference value :  2.07211e-06
 Reference value :  2.07326e-06
 Reference value :  2.07466e-06
 Reference value :  2.07576e-06
 Reference value :  2.07706e-06
 Reference value :  2.07838e-06
 Reference value :  2.07969e-06
 Reference value :  2.08091e-06
 Reference value :  2.08227e-06
 Reference value :  2.08305e-06
 Reference value :  2.08336e-06
 Reference value :  2.08473e-06
 Reference value :  2.08553e-06
 Reference value :  2.08585e-06
 Reference value :  2.08698e-06
 Reference value :  2.08796e-06
 Reference value :  2.08937e-06
 Reference value :  2.09012e-06
 Reference value :  2.09108e-06
 Reference value :  2.09251e-06
 Reference value :  2.09371e-06
 Reference value :  2.09512e-06
 Reference value :  2.09624e-06
 Reference value :  2.09764e-06
 Reference value :  2.09885e-06
 Reference value :  2.09892e-06
 Reference value :  2.10022e-06
 Reference value :  2.10113e-06
 Reference value :  2.10148e-06
 Reference value :  2.10264e-06
 Reference value :  2.10336e-06
 Reference value :  2.10407e-06
 Reference value :  2.10532e-06
 Reference value :  2.10612e-06
 Reference value :  2.10662e-06
 Reference value :  2.10731e-06
 Reference value :  2.10831e-06
 Reference value :  2.10930e-06
 Reference value :  2.11051e-06
 Reference value :  2.11208e-06
 Reference value :  2.11354e-06
 Reference value :  2.11461e-06
 Reference value :  2.11604e-06
 Reference value :  2.11724e-06
 Reference value :  2.11861e-06
 Reference value :  2.11970e-06
 Reference value :  2.12108e-06
 Reference value :  2.12244e-06
 Reference value :  2.12402e-06
 Reference value :  2.12496e-06
 Reference value :  2.12645e-06
 Reference value :  2.12753e-06
 Reference value :  2.12762e-06
 Reference value :  2.12907e-06
 Reference value :  2.13018e-06
 Reference value :  2.13159e-06
 Reference value :  2.13281e-06
 Reference value :  2.13428e-06
 Reference value :  2.13552e-06
 Reference value :  2.13700e-06
 Reference value :  2.13812e-06
 Reference value :  2.13942e-06
 Reference value :  2.14065e-06
 Reference value :  2.14216e-06
 Reference value :  2.14284e-06
 Reference value :  2.14417e-06
 Reference value :  2.14539e-06
 Reference value :  2.14669e-06
 Reference value :  2.14773e-06
 Reference value :  2.14793e-06
 Reference value :  2.14914e-06
 Reference value :  2.14971e-06
 Reference value :  2.15047e-06
 Reference value :  2.15184e-06
 Reference value :  2.15268e-06
 Reference value :  2.15369e-06
 Reference value :  2.15462e-06
 Reference value :  2.15541e-06
 Reference value :  2.15678e-06
 Reference value :  2.15783e-06
 Reference value :  2.15913e-06
 Reference value :  2.16026e-06
 Reference value :  2.16042e-06
 Reference value :  2.16184e-06
 Reference value :  2.16287e-06
 Reference value :  2.16431e-06
 Reference value :  2.16545e-06
 Reference value :  2.16673e-06
 Reference value :  2.16783e-06
 Reference value :  2.16923e-06
 Reference value :  2.17015e-06
 Reference value :  2.17032e-06
 Reference value :  2.17160e-06
 Reference value :  2.17233e-06
 Reference value :  2.17286e-06
 Reference value :  2.17413e-06
 Reference value :  2.17533e-06
 Reference value :  2.17637e-06
 Reference value :  2.17740e-06
 Reference value :  2.17897e-06
 Reference value :  2.18011e-06
 Reference value :  2.18170e-06
 Reference value :  2.18288e-06
 Reference value :  2.18415e-06
 Reference value :  2.18537e-06
 Reference value :  2.18648e-06
 Reference value :  2.18755e-06
 Reference value :  2.18798e-06
 Reference value :  2.18931e-06
 Reference value :  2.19062e-06
 Reference value :  2.19193e-06
 Reference value :  2.19307e-06
 Reference value :  2.19315e-06
 Reference value :  2.19458e-06
 Reference value :  2.19568e-06
 Reference value :  2.19710e-06
 Reference value :  2.19833e-06
 Reference value :  2.19971e-06
 Reference value :  2.20096e-06
 Reference value :  2.20232e-06
 Reference value :  2.20360e-06
 Reference value :  2.20530e-06
 Reference value :  2.20599e-06
 Reference value :  2.20737e-06
 Reference value :  2.20858e-06
 Reference value :  2.21001e-06
 Reference value :  2.21099e-06
 Reference value :  2.21114e-06
 Reference value :  2.21270e-06
 Reference value :  2.21349e-06
 Reference value :  2.21377e-06
 Reference value :  2.21527e-06
 Reference value :  2.21633e-06
 Reference value :  2.21784e-06
 Reference value :  2.21889e-06
 Reference value :  2.21998e-06
 Reference value :  2.22135e-06
 Reference value :  2.22291e-06
 Reference value :  2.22411e-06
 Reference value :  2.22414e-06
 Reference value :  2.22555e-06
 Reference value :  2.22677e-06
 Reference value :  2.22818e-06
 Reference value :  2.22942e-06
 Reference value :  2.23094e-06
 Reference value :  2.23195e-06
 Reference value :  2.23359e-06
 Reference value :  2.23469e-06
 Reference value :  2.23609e-06
 Reference value :  2.23711e-06
 Reference value :  2.23766e-06
 Reference value :  2.23916e-06
 Reference value :  2.23975e-06
 Reference value :  2.24119e-06
 Reference value :  2.24241e-06
 Reference value :  2.24386e-06
 Reference value :  2.24508e-06
 Reference value :  2.24652e-06
 Reference value :  2.24777e-06
 Reference value :  2.24940e-06
 Reference value :  2.25037e-06
 Reference value :  2.25189e-06
 Reference value :  2.25305e-06
 Reference value :  2.25448e-06
 Reference value :  2.25586e-06
 Reference value :  2.25726e-06
 Reference value :  2.25795e-06
 Reference value :  2.25846e-06
 Reference value :  2.25995e-06
 Reference value :  2.26114e-06
 Reference value :  2.26122e-06
 Reference value :  2.26256e-06
 Reference value :  2.26393e-06
 Reference value :  2.26549e-06
 Reference value :  2.26668e-06
 Reference value :  2.26812e-06
 Reference value :  2.26877e-06
 Reference value :  2.26933e-06
 Reference value :  2.27059e-06
 Reference value :  2.27141e-06
 Reference value :  2.27338e-06
 Reference value :  2.27469e-06
 Reference value :  2.27630e-06
 Reference value :  2.27751e-06
 Reference value :  2.27759e-06
 Reference value :  2.27912e-06
 Reference value :  2.27969e-06
 Reference value :  2.28029e-06
 Reference value :  2.28176e-06
 Reference value :  2.28239e-06
 Reference value :  2.28308e-06
 Reference value :  2.28427e-06
 Reference value :  2.28544e-06
 Reference value :  2.28736e-06
 Reference value :  2.28901e-06
 Reference value :  2.29063e-06
 Reference value :  2.29249e-06
 Reference value :  2.29370e-06
 Reference value :  2.29425e-06
 Reference value :  2.29571e-06
 Reference value :  2.29705e-06
 Reference value :  2.29710e-06
 Reference value :  2.29863e-06
 Reference value :  2.29985e-06
 Reference value :  2.30074e-06
 Reference value :  2.30180e-06
 Reference value :  2.30292e-06
 Reference value :  2.30432e-06
 Reference value :  2.30508e-06
 Reference value :  2.30555e-06
 Reference value :  2.30685e-06
 Reference value :  2.30837e-06
 Reference value :  2.30843e-06
 Reference value :  2.30996e-06
 Reference value :  2.31121e-06
 Reference value :  2.31269e-06
 Reference value :  2.31417e-06
 Reference value :  2.31590e-06
 Reference value :  2.31797e-06
 Reference value :  2.31890e-06
 Reference value :  2.32076e-06
 Reference value :  2.32223e-06
 Reference value :  2.32411e-06
 Reference value :  2.32521e-06
 Reference value :  2.32625e-06
 Reference value :  2.32737e-06
 Reference value :  2.32798e-06
 Reference value :  2.32945e-06
 Reference value :  2.33073e-06
 Reference value :  2.33193e-06
 Reference value :  2.33354e-06
 Reference value :  2.33360e-06
 Reference value :  2.33537e-06
 Reference value :  2.33606e-06
 Reference value :  2.33622e-06
 Reference value :  2.33767e-06
 Reference value :  2.33887e-06
 Reference value :  2.34042e-06
 Reference value :  2.34174e-06
 Reference value :  2.34339e-06
 Reference value :  2.34424e-06
 Reference value :  2.34565e-06
 Reference value :  2.34668e-06
 Reference value :  2.34816e-06
 Reference value :  2.34900e-06
 Reference value :  2.34958e-06
 Reference value :  2.35100e-06
 Reference value :  2.35224e-06
 Reference value :  2.35235e-06
 Reference value :  2.35372e-06
 Reference value :  2.35488e-06
 Reference value :  2.35634e-06
 Reference value :  2.35761e-06
 Reference value :  2.36015e-06
 Reference value :  2.36162e-06
 Reference value :  2.36268e-06
 Reference value :  2.36415e-06
 Reference value :  2.36531e-06
 Reference value :  2.36536e-06
 Reference value :  2.36666e-06
 Reference value :  2.36798e-06
 Reference value :  2.36947e-06
 Reference value :  2.37058e-06
 Reference value :  2.37206e-06
 Reference value :  2.37266e-06
 Reference value :  2.37322e-06
 Reference value :  2.37479e-06
 Reference value :  2.37598e-06
 Reference value :  2.37732e-06
 Reference value :  2.37850e-06
 Reference value :  2.37990e-06
 Reference value :  2.38116e-06
 Reference value :  2.38257e-06
 Reference value :  2.38391e-06
 Reference value :  2.38589e-06
 Reference value :  2.38700e-06
 Reference value :  2.38836e-06
 Reference value :  2.38925e-06
 Reference value :  2.39085e-06
 Reference value :  2.39209e-06
 Reference value :  2.39342e-06
 Reference value :  2.39399e-06
 Reference value :  2.39564e-06
 Reference value :  2.39681e-06
 Reference value :  2.39735e-06
 Reference value :  2.39882e-06
 Reference value :  2.40020e-06
 Reference value :  2.40126e-06
 Reference value :  2.40203e-06
 Reference value :  2.40322e-06
 Reference value :  2.40463e-06
 Reference value :  2.40560e-06
 Reference value :  2.40567e-06
 Reference value :  2.40713e-06
 Reference value :  2.40832e-06
 Reference value :  2.40942e-06
 Reference value :  2.41024e-06
 Reference value :  2.41109e-06
 Reference value :  2.41253e-06
 Reference value :  2.41314e-06
 Reference value :  2.41384e-06
 Reference value :  2.41538e-06
 Reference value :  2.41602e-06
 Reference value :  2.41701e-06
 Reference value :  2.41831e-06
 Reference value :  2.41944e-06
 Reference value :  2.42111e-06
 Reference value :  2.42208e-06
 Reference value :  2.42354e-06
 Reference value :  2.42483e-06
 Reference value :  2.42630e-06
 Reference value :  2.42774e-06
 Reference value :  2.42932e-06
 Reference value :  2.43031e-06
 Reference value :  2.43149e-06
 Reference value :  2.43307e-06
 Reference value :  2.43313e-06
 Reference value :  2.43455e-06
 Reference value :  2.43582e-06
 Reference value :  2.43720e-06
 Reference value :  2.43840e-06
 Reference value :  2.43860e-06
 Reference value :  2.43990e-06
 Reference value :  2.44041e-06
 Reference value :  2.44137e-06
 Reference value :  2.44286e-06
 Reference value :  2.44440e-06
 Reference value :  2.44606e-06
 Reference value :  2.44793e-06
 Reference value :  2.44906e-06
 Reference value :  2.44978e-06
 Reference value :  2.45138e-06
 Reference value :  2.45235e-06
 Reference value :  2.45263e-06
 Reference value :  2.45399e-06
 Reference value :  2.45545e-06
 Reference value :  2.45696e-06
 Reference value :  2.45833e-06
 Reference value :  2.45987e-06
 Reference value :  2.46103e-06
 Reference value :  2.46236e-06
 Reference value :  2.46299e-06
 Reference value :  2.46410e-06
 Reference value :  2.46566e-06
 Reference value :  2.46692e-06
 Reference value :  2.46828e-06
 Reference value :  2.46978e-06
 Reference value :  2.47106e-06
 Reference value :  2.47245e-06
 Reference value :  2.47400e-06
 Reference value :  2.47522e-06
 Reference value :  2.47680e-06
 Reference value :  2.47826e-06
 Reference value :  2.47988e-06
 Reference value :  2.48104e-06
 Reference value :  2.48253e-06
 Reference value :  2.48355e-06
 Reference value :  2.48513e-06
 Reference value :  2.48590e-06
 Reference value :  2.48693e-06
 Reference value :  2.48840e-06
 Reference value :  2.48900e-06
 Reference value :  2.48986e-06
 Reference value :  2.49116e-06
 Reference value :  2.49230e-06
 Reference value :  2.49380e-06
 Reference value :  2.49535e-06
 Reference value :  2.49709e-06
 Reference value :  2.49841e-06
 Reference value :  2.49858e-06
 Reference value :  2.50000e-06
 Reference value :  2.50081e-06
 Reference value :  2.50151e-06
 Reference value :  2.50300e-06
 Reference value :  2.50439e-06
 Reference value :  2.50606e-06
 Reference value :  2.50758e-06
 Reference value :  2.50928e-06
 Reference value :  2.51042e-06
 Reference value :  2.51170e-06
 Reference value :  2.51244e-06
 Reference value :  2.51337e-06
 Reference value :  2.51502e-06
 Reference value :  2.51634e-06
 Reference value :  2.51784e-06
 Reference value :  2.51922e-06
 Reference value :  2.52070e-06
 Reference value :  2.52215e-06
 Reference value :  2.52266e-06
 Reference value :  2.52527e-06
 Reference value :  2.52801e-06
 Reference value :  2.53031e-06
 Reference value :  2.53183e-06
 Reference value :  2.53394e-06
 Reference value :  2.53626e-06
 Reference value :  2.53691e-06
 Reference value :  2.53952e-06
 Reference value :  2.54155e-06
 Reference value :  2.54395e-06
 Reference value :  2.54503e-06
 Reference value :  2.54646e-06
 Reference value :  2.54703e-06
 Reference value :  2.54883e-06
 Reference value :  2.54989e-06
 Reference value :  2.55102e-06
 Reference value :  2.55249e-06
 Reference value :  2.55406e-06
 Reference value :  2.55528e-06
 Reference value :  2.55646e-06
 Reference value :  2.55788e-06
 Reference value :  2.55879e-06
 Reference value :  2.56029e-06
 Reference value :  2.56162e-06
 Reference value :  2.56320e-06
 Reference value :  2.56483e-06
 Reference value :  2.56662e-06
 Reference value :  2.56855e-06
 Reference value :  2.56980e-06
 Reference value :  2.57131e-06
 Reference value :  2.57269e-06
 Reference value :  2.57485e-06
 Reference value :  2.57490e-06
 Reference value :  2.57641e-06
 Reference value :  2.57758e-06
 Reference value :  2.57902e-06
 Reference value :  2.58023e-06
 Reference value :  2.58136e-06
 Reference value :  2.58231e-06
 Reference value :  2.58380e-06
 Reference value :  2.58517e-06
 Reference value :  2.58654e-06
 Reference value :  2.58769e-06
 Reference value :  2.58856e-06
 Reference value :  2.59012e-06
 Reference value :  2.59132e-06
 Reference value :  2.59288e-06
 Reference value :  2.59422e-06
 Reference value :  2.59593e-06
 Reference value :  2.59686e-06
 Reference value :  2.59846e-06
 Reference value :  2.59964e-06
 Reference value :  2.60087e-06
 Reference value :  2.60181e-06
 Reference value :  2.60278e-06
 Reference value :  2.60425e-06
 Reference value :  2.60524e-06
 Reference value :  2.60666e-06
 Reference value :  2.60800e-06
 Reference value :  2.60910e-06
 Reference value :  2.61057e-06
 Reference value :  2.61247e-06
 Reference value :  2.61371e-06
 Reference value :  2.61538e-06
 Reference value :  2.61692e-06
 Reference value :  2.61876e-06
 Reference value :  2.62075e-06
 Reference value :  2.62200e-06
 Reference value :  2.62346e-06
 Reference value :  2.62450e-06
 Reference value :  2.62482e-06
 Reference value :  2.62623e-06
 Reference value :  2.62682e-06
 Reference value :  2.62798e-06
 Reference value :  2.62935e-06
 Reference value :  2.63055e-06
 Reference value :  2.63224e-06
 Reference value :  2.63357e-06
 Reference value :  2.63473e-06
 Reference value :  2.63597e-06
 Reference value :  2.63767e-06
 Reference value :  2.63854e-06
 Reference value :  2.63980e-06
 Reference value :  2.64024e-06
 Reference value :  2.64128e-06
 Reference value :  2.64266e-06
 Reference value :  2.64404e-06
 Reference value :  2.64414e-06
 Reference value :  2.64557e-06
 Reference value :  2.64686e-06
 Reference value :  2.64816e-06
 Reference value :  2.64886e-06
 Reference value :  2.65030e-06
 Reference value :  2.65147e-06
 Reference value :  2.65242e-06
 Reference value :  2.65388e-06
 Reference value :  2.65522e-06
 Reference value :  2.65650e-06
 Reference value :  2.65805e-06
 Reference value :  2.65959e-06
 Reference value :  2.66098e-06
 Reference value :  2.66255e-06
 Reference value :  2.66382e-06
 Reference value :  2.66568e-06
 Reference value :  2.66687e-06
 Reference value :  2.66841e-06
 Reference value :  2.67036e-06
 Reference value :  2.67145e-06
 Reference value :  2.67232e-06
 Reference value :  2.67394e-06
 Reference value :  2.67493e-06
 Reference value :  2.67517e-06
 Reference value :  2.67648e-06
 Reference value :  2.67812e-06
 Reference value :  2.67977e-06
 Reference value :  2.68134e-06
 Reference value :  2.68280e-06
 Reference value :  2.68426e-06
 Reference value :  2.68643e-06
 Reference value :  2.68682e-06
 Reference value :  2.68863e-06
 Reference value :  2.68969e-06
 Reference value :  2.69131e-06
 Reference value :  2.69267e-06
 Reference value :  2.69275e-06
 Reference value :  2.69431e-06
 Reference value :  2.69545e-06
 Reference value :  2.69563e-06
 Reference value :  2.69714e-06
 Reference value :  2.69778e-06
 Reference value :  2.69860e-06
 Reference value :  2.69984e-06
 Reference value :  2.70046e-06
 Reference value :  2.70114e-06
 Reference value :  2.70161e-06
 Reference value :  2.70265e-06
 Reference value :  2.70383e-06
 Reference value :  2.70566e-06
 Reference value :  2.70671e-06
 Reference value :  2.70759e-06
 Reference value :  2.70907e-06
 Reference value :  2.71013e-06
 Reference value :  2.71055e-06
 Reference value :  2.71207e-06
 Reference value :  2.71362e-06
 Reference value :  2.71519e-06
 Reference value :  2.71666e-06
 Reference value :  2.71836e-06
 Reference value :  2.72052e-06
 Reference value :  2.72163e-06
 Reference value :  2.72243e-06
 Reference value :  2.72412e-06
 Reference value :  2.72484e-06
 Reference value :  2.72536e-06
 Reference value :  2.72684e-06
 Reference value :  2.72837e-06
 Reference value :  2.72978e-06
 Reference value :  2.73116e-06
 Reference value :  2.73132e-06
 Reference value :  2.73285e-06
 Reference value :  2.73417e-06
 Reference value :  2.73548e-06
 Reference value :  2.73689e-06
 Reference value :  2.73839e-06
 Reference value :  2.73978e-06
 Reference value :  2.74096e-06
 Reference value :  2.74280e-06
 Reference value :  2.74433e-06
 Reference value :  2.74570e-06
 Reference value :  2.74727e-06
 Reference value :  2.74839e-06
 Reference value :  2.74940e-06
 Reference value :  2.75061e-06
 Reference value :  2.75121e-06
 Reference value :  2.75249e-06
 Reference value :  2.75400e-06
 Reference value :  2.75559e-06
 Reference value :  2.75663e-06
 Reference value :  2.75680e-06
 Reference value :  2.75824e-06
 Reference value :  2.75971e-06
 Reference value :  2.76130e-06
 Reference value :  2.76239e-06
 Reference value :  2.76384e-06
 Reference value :  2.76513e-06
 Reference value :  2.76672e-06
 Reference value :  2.76773e-06
 Reference value :  2.76790e-06
 Reference value :  2.76935e-06
 Reference value :  2.76999e-06
 Reference value :  2.77064e-06
 Reference value :  2.77191e-06
 Reference value :  2.77259e-06
 Reference value :  2.77337e-06
 Reference value :  2.77463e-06
 Reference value :  2.77605e-06
 Reference value :  2.77748e-06
 Reference value :  2.77886e-06
 Reference value :  2.78032e-06
 Reference value :  2.78159e-06
 Reference value :  2.78293e-06
 Reference value :  2.78356e-06
 Reference value :  2.78555e-06
 Reference value :  2.78667e-06
 Reference value :  2.78862e-06
 Reference value :  2.78970e-06
 Reference value :  2.79120e-06
 Reference value :  2.79227e-06
 Reference value :  2.79247e-06
 Reference value :  2.79394e-06
 Reference value :  2.79473e-06
 Reference value :  2.79667e-06
 Reference value :  2.79808e-06
 Reference value :  2.79958e-06
 Reference value :  2.80101e-06
 Reference value :  2.80232e-06
 Reference value :  2.80362e-06
 Reference value :  2.80363e-06
 Reference value :  2.80511e-06
 Reference value :  2.80641e-06
 Reference value :  2.80772e-06
 Reference value :  2.80883e-06
 Reference value :  2.80923e-06
 Reference value :  2.81067e-06
 Reference value :  2.81200e-06
 Reference value :  2.81212e-06
 Reference value :  2.81364e-06
 Reference value :  2.81489e-06
 Reference value :  2.81498e-06
 Reference value :  2.81653e-06
 Reference value :  2.81747e-06
 Reference value :  2.81765e-06
 Reference value :  2.81910e-06
 Reference value :  2.82041e-06
 Reference value :  2.82048e-06
 Reference value :  2.82188e-06
 Reference value :  2.82299e-06
 Reference value :  2.82331e-06
 Reference value :  2.82482e-06
 Reference value :  2.82603e-06
 Reference value :  2.82609e-06
 Reference value :  2.82748e-06
 Reference value :  2.82880e-06
 Reference value :  2.82986e-06
 Reference value :  2.83081e-06
 Reference value :  2.83211e-06
 Reference value :  2.83373e-06
 Reference value :  2.83597e-06
 Reference value :  2.83713e-06
 Reference value :  2.83723e-06
 Reference value :  2.83861e-06
 Reference value :  2.83926e-06
 Reference value :  2.83990e-06
 Reference value :  2.84138e-06
 Reference value :  2.84223e-06
 Reference value :  2.84375e-06
 Reference value :  2.84481e-06
 Reference value :  2.84538e-06
 Reference value :  2.84661e-06
 Reference value :  2.84825e-06
 Reference value :  2.84967e-06
 Reference value :  2.85102e-06
 Reference value :  2.85254e-06
 Reference value :  2.85368e-06
 Reference value :  2.85532e-06
 Reference value :  2.85638e-06
 Reference value :  2.85777e-06
 Reference value :  2.85903e-06
 Reference value :  2.85916e-06
 Reference value :  2.86045e-06
 Reference value :  2.86166e-06
 Reference value :  2.86337e-06
 Reference value :  2.86439e-06
 Reference value :  2.86473e-06
 Reference value :  2.86620e-06
 Reference value :  2.86752e-06
 Reference value :  2.86763e-06
 Reference value :  2.86900e-06
 Reference value :  2.87013e-06
 Reference value :  2.87039e-06
 Reference value :  2.87191e-06
 Reference value :  2.87313e-06
 Reference value :  2.87321e-06
 Reference value :  2.87459e-06
 Reference value :  2.87586e-06
 Reference value :  2.87753e-06
 Reference value :  2.87880e-06
 Reference value :  2.87889e-06
 Reference value :  2.88040e-06
 Reference value :  2.88164e-06
 Reference value :  2.88313e-06
 Reference value :  2.88462e-06
 Reference value :  2.88627e-06
 Reference value :  2.88738e-06
 Reference value :  2.88889e-06
 Reference value :  2.89044e-06
 Reference value :  2.89195e-06
 Reference value :  2.89323e-06
 Reference value :  2.89471e-06
 Reference value :  2.89630e-06
 Reference value :  2.89794e-06
 Reference value :  2.89913e-06
 Reference value :  2.90068e-06
 Reference value :  2.90197e-06
 Reference value :  2.90204e-06
 Reference value :  2.90357e-06
 Reference value :  2.90500e-06
 Reference value :  2.90660e-06
 Reference value :  2.90795e-06
 Reference value :  2.90946e-06
 Reference value :  2.91005e-06
 Reference value :  2.91126e-06
 Reference value :  2.91260e-06
 Reference value :  2.91382e-06
 Reference value :  2.91543e-06
 Reference value :  2.91697e-06
 Reference value :  2.91847e-06
 Reference value :  2.91982e-06
 Reference value :  2.92137e-06
 Reference value :  2.92284e-06
 Reference value :  2.92436e-06
 Reference value :  2.92553e-06
 Reference value :  2.92753e-06
 Reference value :  2.92916e-06
 Reference value :  2.93113e-06
 Reference value :  2.93331e-06
 Reference value :  2.93450e-06
 Reference value :  2.93528e-06
 Reference value :  2.93683e-06
 Reference value :  2.93791e-06
 Reference value :  2.93810e-06
 Reference value :  2.93987e-06
 Reference value :  2.94109e-06
 Reference value :  2.94278e-06
 Reference value :  2.94412e-06
 Reference value :  2.94556e-06
 Reference value :  2.94654e-06
 Reference value :  2.94833e-06
 Reference value :  2.94948e-06
 Reference value :  2.95032e-06
 Reference value :  2.95203e-06
 Reference value :  2.95345e-06
 Reference value :  2.95497e-06
 Reference value :  2.95584e-06
 Reference value :  2.95661e-06
 Reference value :  2.95833e-06
 Reference value :  2.95925e-06
 Reference value :  2.96048e-06
 Reference value :  2.96164e-06
 Reference value :  2.96224e-06
 Reference value :  2.96290e-06
 Reference value :  2.96449e-06
 Reference value :  2.96511e-06
 Reference value :  2.96614e-06
 Reference value :  2.96791e-06
 Reference value :  2.96952e-06
 Reference value :  2.97122e-06
 Reference value :  2.97247e-06
 Reference value :  2.97414e-06
 Reference value :  2.97553e-06
 Reference value :  2.97571e-06
 Reference value :  2.97748e-06
 Reference value :  2.97889e-06
 Reference value :  2.98027e-06
 Reference value :  2.98222e-06
 Reference value :  2.98391e-06
 Reference value :  2.98496e-06
 Reference value :  2.98653e-06
 Reference value :  2.98728e-06
 Reference value :  2.98867e-06
 Reference value :  2.99008e-06
 Reference value :  2.99077e-06
 Reference value :  2.99229e-06
 Reference value :  2.99388e-06
 Reference value :  2.99522e-06
 Reference value :  2.99700e-06
 Reference value :  2.99851e-06
 Reference value :  3.00000e-06
No. of Data Rows : 29668
sim/harness: analysis complete
Note: Simulation executed from .control section 
Warning: singular matrix:  check node xxxtop.xxlf.xr1.t1

Note: Starting dynamic gmin stepping
Note: Dynamic gmin stepping completed
