
Note: Compatibility modes selected: hs a


Circuit: ** sch_path: /users/rwalters/github/sky130-pll/.loom/worktrees/issue-81/sim/pll-lock/testbench/tb_pll_lock.sch

option SCALE: Scale is set to 1e-06 for instance and model parameters
option SCALE: Scale is set to 1e-06 for instance and model parameters
option SCALE: Scale is set to 1e-06 for instance and model parameters
option SCALE: Scale is set to 1e-06 for instance and model parameters
Doing analysis at TEMP = -40.000000 and TNOM = 27.000000

Using KLU as Direct Linear Solver
 Reference value :  0.00000e+00
 Reference value :  2.39548e-09
 Reference value :  8.70000e-09
 Reference value :  1.55000e-08
 Reference value :  2.25000e-08
 Reference value :  2.95000e-08
 Reference value :  3.79000e-08
 Reference value :  4.83000e-08
 Reference value :  5.54025e-08
 Reference value :  6.56025e-08
 Reference value :  7.56025e-08
 Reference value :  8.58025e-08
 Reference value :  9.60025e-08
 Reference value :  1.01397e-07
 Reference value :  1.06130e-07
 Reference value :  1.13530e-07
 Reference value :  1.20530e-07
 Reference value :  1.27730e-07
 Reference value :  1.34730e-07
 Reference value :  1.41930e-07
 Reference value :  1.49000e-07
 Reference value :  1.55802e-07
 Reference value :  1.66002e-07
 Reference value :  1.76602e-07
 Reference value :  1.86602e-07
 Reference value :  1.96802e-07
 Reference value :  2.01937e-07
 Reference value :  2.09937e-07
 Reference value :  2.20137e-07
 Reference value :  2.30737e-07
 Reference value :  2.40937e-07
 Reference value :  2.49850e-07
 Reference value :  2.57402e-07
 Reference value :  2.70802e-07
 Reference value :  2.81602e-07
 Reference value :  2.92002e-07
 Reference value :  3.00700e-07
 Reference value :  3.06615e-07
 Reference value :  3.16815e-07
 Reference value :  3.27015e-07
 Reference value :  3.37415e-07
 Reference value :  3.47615e-07
 Reference value :  3.54002e-07
 Reference value :  3.64202e-07
 Reference value :  3.74202e-07
 Reference value :  3.84402e-07
 Reference value :  3.94602e-07
 Reference value :  4.01105e-07
 Reference value :  4.08415e-07
 Reference value :  4.18415e-07
 Reference value :  4.28615e-07
 Reference value :  4.38815e-07
 Reference value :  4.49000e-07
 Reference value :  4.55402e-07
 Reference value :  4.65802e-07
 Reference value :  4.76002e-07
 Reference value :  4.86602e-07
 Reference value :  4.97002e-07
 Reference value :  5.02615e-07
 Reference value :  5.10415e-07
 Reference value :  5.20615e-07
 Reference value :  5.30815e-07
 Reference value :  5.41415e-07
 Reference value :  5.49979e-07
 Reference value :  5.58402e-07
 Reference value :  5.68802e-07
 Reference value :  5.79002e-07
 Reference value :  5.89402e-07
 Reference value :  5.99402e-07
 Reference value :  6.04615e-07
 Reference value :  6.13415e-07
 Reference value :  6.23615e-07
 Reference value :  6.34015e-07
 Reference value :  6.44615e-07
 Reference value :  6.51202e-07
 Reference value :  6.61602e-07
 Reference value :  6.71602e-07
 Reference value :  6.82402e-07
 Reference value :  6.92602e-07
 Reference value :  7.00850e-07
 Reference value :  7.07215e-07
 Reference value :  7.18015e-07
 Reference value :  7.28815e-07
 Reference value :  7.39015e-07
 Reference value :  7.49020e-07
 Reference value :  7.55602e-07
 Reference value :  7.65802e-07
 Reference value :  7.76002e-07
 Reference value :  7.86402e-07
 Reference value :  7.97002e-07
 Reference value :  8.02615e-07
 Reference value :  8.10815e-07
 Reference value :  8.21615e-07
 Reference value :  8.32215e-07
 Reference value :  8.42815e-07
 Reference value :  8.50013e-07
 Reference value :  8.59402e-07
 Reference value :  8.69402e-07
 Reference value :  8.80802e-07
 Reference value :  8.91002e-07
 Reference value :  9.00500e-07
 Reference value :  9.06215e-07
 Reference value :  9.16015e-07
 Reference value :  9.26215e-07
 Reference value :  9.37015e-07
 Reference value :  9.47215e-07
 Reference value :  9.53402e-07
 Reference value :  9.63602e-07
 Reference value :  9.73802e-07
 Reference value :  9.83802e-07
 Reference value :  9.94002e-07
 Reference value :  1.00102e-06
 Reference value :  1.00802e-06
 Reference value :  1.01822e-06
 Reference value :  1.02842e-06
 Reference value :  1.03882e-06
 Reference value :  1.04902e-06
 Reference value :  1.05640e-06
 Reference value :  1.06700e-06
 Reference value :  1.07720e-06
 Reference value :  1.08760e-06
 Reference value :  1.09760e-06
 Reference value :  1.10342e-06
 Reference value :  1.11222e-06
 Reference value :  1.12262e-06
 Reference value :  1.13262e-06
 Reference value :  1.14302e-06
 Reference value :  1.15004e-06
 Reference value :  1.15940e-06
 Reference value :  1.16960e-06
 Reference value :  1.17960e-06
 Reference value :  1.19040e-06
 Reference value :  1.20006e-06
 Reference value :  1.20502e-06
 Reference value :  1.21422e-06
 Reference value :  1.22482e-06
 Reference value :  1.23502e-06
 Reference value :  1.24522e-06
 Reference value :  1.25140e-06
 Reference value :  1.26220e-06
 Reference value :  1.27260e-06
 Reference value :  1.28280e-06
 Reference value :  1.29300e-06
 Reference value :  1.30093e-06
 Reference value :  1.30702e-06
 Reference value :  1.31702e-06
 Reference value :  1.32722e-06
 Reference value :  1.33742e-06
 Reference value :  1.34762e-06
 Reference value :  1.35400e-06
 Reference value :  1.36420e-06
 Reference value :  1.37520e-06
 Reference value :  1.38620e-06
 Reference value :  1.39660e-06
 Reference value :  1.40242e-06
 Reference value :  1.41122e-06
 Reference value :  1.42142e-06
 Reference value :  1.43242e-06
 Reference value :  1.44282e-06
 Reference value :  1.45020e-06
 Reference value :  1.46000e-06
 Reference value :  1.47060e-06
 Reference value :  1.48080e-06
 Reference value :  1.49100e-06
 Reference value :  1.50030e-06
 Reference value :  1.50542e-06
 Reference value :  1.51502e-06
 Reference value :  1.52562e-06
 Reference value :  1.53582e-06
 Reference value :  1.54602e-06
 Reference value :  1.55360e-06
 Reference value :  1.56400e-06
 Reference value :  1.57480e-06
 Reference value :  1.58500e-06
 Reference value :  1.59560e-06
 Reference value :  1.60182e-06
 Reference value :  1.60962e-06
 Reference value :  1.62082e-06
 Reference value :  1.63102e-06
 Reference value :  1.64162e-06
 Reference value :  1.64998e-06
 Reference value :  1.65840e-06
 Reference value :  1.66880e-06
 Reference value :  1.67880e-06
 Reference value :  1.68920e-06
 Reference value :  1.69980e-06
 Reference value :  1.70482e-06
 Reference value :  1.71442e-06
 Reference value :  1.72482e-06
 Reference value :  1.73522e-06
 Reference value :  1.74602e-06
 Reference value :  1.75240e-06
 Reference value :  1.76300e-06
 Reference value :  1.77300e-06
 Reference value :  1.78320e-06
 Reference value :  1.79320e-06
 Reference value :  1.80093e-06
 Reference value :  1.80742e-06
 Reference value :  1.81762e-06
 Reference value :  1.82862e-06
 Reference value :  1.83962e-06
 Reference value :  1.84970e-06
 Reference value :  1.85680e-06
 Reference value :  1.86700e-06
 Reference value :  1.87760e-06
 Reference value :  1.88800e-06
 Reference value :  1.89840e-06
 Reference value :  1.90362e-06
 Reference value :  1.91242e-06
 Reference value :  1.92302e-06
 Reference value :  1.93362e-06
 Reference value :  1.94362e-06
 Reference value :  1.95060e-06
 Reference value :  1.96080e-06
 Reference value :  1.97140e-06
 Reference value :  1.98160e-06
 Reference value :  1.99220e-06
 Reference value :  2.00085e-06
 Reference value :  2.00722e-06
 Reference value :  2.01702e-06
 Reference value :  2.02702e-06
 Reference value :  2.03702e-06
 Reference value :  2.04722e-06
 Reference value :  2.05320e-06
 Reference value :  2.06320e-06
 Reference value :  2.07360e-06
 Reference value :  2.08380e-06
 Reference value :  2.09400e-06
 Reference value :  2.10102e-06
 Reference value :  2.10862e-06
 Reference value :  2.11942e-06
 Reference value :  2.13082e-06
 Reference value :  2.14142e-06
 Reference value :  2.15000e-06
 Reference value :  2.15900e-06
 Reference value :  2.16960e-06
 Reference value :  2.17980e-06
 Reference value :  2.19000e-06
 Reference value :  2.20006e-06
 Reference value :  2.20522e-06
 Reference value :  2.21442e-06
 Reference value :  2.22482e-06
 Reference value :  2.23542e-06
 Reference value :  2.24602e-06
 Reference value :  2.25240e-06
 Reference value :  2.26260e-06
 Reference value :  2.27280e-06
 Reference value :  2.28300e-06
 Reference value :  2.29440e-06
 Reference value :  2.30104e-06
 Reference value :  2.30922e-06
 Reference value :  2.32002e-06
 Reference value :  2.33122e-06
 Reference value :  2.34162e-06
 Reference value :  2.35001e-06
 Reference value :  2.35920e-06
 Reference value :  2.37020e-06
 Reference value :  2.38100e-06
 Reference value :  2.39160e-06
 Reference value :  2.40070e-06
 Reference value :  2.40642e-06
 Reference value :  2.41602e-06
 Reference value :  2.42622e-06
 Reference value :  2.43662e-06
 Reference value :  2.44682e-06
 Reference value :  2.45320e-06
 Reference value :  2.46360e-06
 Reference value :  2.47420e-06
 Reference value :  2.48460e-06
 Reference value :  2.49480e-06
 Reference value :  2.50122e-06
 Reference value :  2.50882e-06
 Reference value :  2.51942e-06
 Reference value :  2.52962e-06
 Reference value :  2.53982e-06
 Reference value :  2.54985e-06
 Reference value :  2.55720e-06
 Reference value :  2.56780e-06
 Reference value :  2.57820e-06
 Reference value :  2.58860e-06
 Reference value :  2.59940e-06
 Reference value :  2.60462e-06
 Reference value :  2.61482e-06
 Reference value :  2.62522e-06
 Reference value :  2.63562e-06
 Reference value :  2.64622e-06
 Reference value :  2.65240e-06
 Reference value :  2.66300e-06
 Reference value :  2.67420e-06
 Reference value :  2.68620e-06
 Reference value :  2.69680e-06
 Reference value :  2.70242e-06
 Reference value :  2.71022e-06
 Reference value :  2.72062e-06
 Reference value :  2.73122e-06
 Reference value :  2.74142e-06
 Reference value :  2.74998e-06
 Reference value :  2.75840e-06
 Reference value :  2.76860e-06
 Reference value :  2.77860e-06
 Reference value :  2.78860e-06
 Reference value :  2.79860e-06
 Reference value :  2.80402e-06
 Reference value :  2.81282e-06
 Reference value :  2.82322e-06
 Reference value :  2.83342e-06
 Reference value :  2.84362e-06
 Reference value :  2.85020e-06
 Reference value :  2.86000e-06
 Reference value :  2.87040e-06
 Reference value :  2.88080e-06
 Reference value :  2.89120e-06
 Reference value :  2.90050e-06
 Reference value :  2.90622e-06
 Reference value :  2.91602e-06
 Reference value :  2.92742e-06
 Reference value :  2.93802e-06
 Reference value :  2.94900e-06
 Reference value :  2.95540e-06
 Reference value :  2.96620e-06
 Reference value :  2.97660e-06
 Reference value :  2.98720e-06
 Reference value :  2.99740e-06
No. of Data Rows : 15438
sim/harness: analysis complete
Note: Simulation executed from .control section 
Warning: singular matrix:  check node xxxtop.xxlf.xr1.t1

Note: Starting dynamic gmin stepping
Note: Dynamic gmin stepping completed
