
Note: Compatibility modes selected: hs a


Circuit: ** sch_path: /users/rwalters/github/sky130-pll/.loom/worktrees/issue-81/sim/pll-lock/testbench/tb_pll_lock.sch

option SCALE: Scale is set to 1e-06 for instance and model parameters
option SCALE: Scale is set to 1e-06 for instance and model parameters
option SCALE: Scale is set to 1e-06 for instance and model parameters
option SCALE: Scale is set to 1e-06 for instance and model parameters
Doing analysis at TEMP = 125.000000 and TNOM = 27.000000

Using KLU as Direct Linear Solver
 Reference value :  0.00000e+00
 Reference value :  3.99917e-09
 Reference value :  1.01000e-08
 Reference value :  1.81000e-08
 Reference value :  2.87000e-08
 Reference value :  3.95000e-08
 Reference value :  4.91400e-08
 Reference value :  5.56131e-08
 Reference value :  6.54131e-08
 Reference value :  7.56131e-08
 Reference value :  8.60131e-08
 Reference value :  9.62131e-08
 Reference value :  1.01995e-07
 Reference value :  1.09595e-07
 Reference value :  1.16795e-07
 Reference value :  1.24395e-07
 Reference value :  1.33195e-07
 Reference value :  1.44195e-07
 Reference value :  1.50813e-07
 Reference value :  1.60413e-07
 Reference value :  1.70613e-07
 Reference value :  1.81213e-07
 Reference value :  1.91613e-07
 Reference value :  2.00700e-07
 Reference value :  2.06595e-07
 Reference value :  2.13795e-07
 Reference value :  2.20795e-07
 Reference value :  2.28995e-07
 Reference value :  2.38995e-07
 Reference value :  2.48897e-07
 Reference value :  2.54413e-07
 Reference value :  2.64413e-07
 Reference value :  2.75013e-07
 Reference value :  2.85613e-07
 Reference value :  2.96213e-07
 Reference value :  3.02395e-07
 Reference value :  3.10395e-07
 Reference value :  3.17795e-07
 Reference value :  3.25795e-07
 Reference value :  3.35595e-07
 Reference value :  3.46395e-07
 Reference value :  3.52213e-07
 Reference value :  3.61813e-07
 Reference value :  3.71813e-07
 Reference value :  3.82813e-07
 Reference value :  3.93213e-07
 Reference value :  4.00972e-07
 Reference value :  4.07995e-07
 Reference value :  4.15395e-07
 Reference value :  4.23195e-07
 Reference value :  4.32395e-07
 Reference value :  4.42595e-07
 Reference value :  4.50258e-07
 Reference value :  4.58813e-07
 Reference value :  4.68613e-07
 Reference value :  4.78813e-07
 Reference value :  4.89013e-07
 Reference value :  4.99013e-07
 Reference value :  5.04595e-07
 Reference value :  5.11595e-07
 Reference value :  5.18795e-07
 Reference value :  5.26395e-07
 Reference value :  5.35395e-07
 Reference value :  5.45595e-07
 Reference value :  5.52013e-07
 Reference value :  5.61413e-07
 Reference value :  5.71013e-07
 Reference value :  5.81213e-07
 Reference value :  5.92013e-07
 Reference value :  6.00850e-07
 Reference value :  6.07195e-07
 Reference value :  6.14595e-07
 Reference value :  6.21795e-07
 Reference value :  6.30395e-07
 Reference value :  6.40995e-07
 Reference value :  6.49850e-07
 Reference value :  6.57413e-07
 Reference value :  6.67213e-07
 Reference value :  6.77413e-07
 Reference value :  6.87813e-07
 Reference value :  6.98213e-07
 Reference value :  7.03795e-07
 Reference value :  7.11395e-07
 Reference value :  7.18595e-07
 Reference value :  7.26995e-07
 Reference value :  7.37395e-07
 Reference value :  7.47995e-07
 Reference value :  7.54213e-07
 Reference value :  7.66813e-07
 Reference value :  7.77613e-07
 Reference value :  7.88213e-07
 Reference value :  7.98613e-07
 Reference value :  8.04595e-07
 Reference value :  8.11595e-07
 Reference value :  8.18795e-07
 Reference value :  8.26795e-07
 Reference value :  8.35995e-07
 Reference value :  8.46195e-07
 Reference value :  8.52413e-07
 Reference value :  8.62213e-07
 Reference value :  8.73813e-07
 Reference value :  8.84613e-07
 Reference value :  8.95013e-07
 Reference value :  9.01395e-07
 Reference value :  9.08995e-07
 Reference value :  9.15995e-07
 Reference value :  9.23195e-07
 Reference value :  9.32195e-07
 Reference value :  9.42595e-07
 Reference value :  9.50052e-07
 Reference value :  9.58813e-07
 Reference value :  9.68413e-07
 Reference value :  9.78613e-07
 Reference value :  9.88813e-07
 Reference value :  9.99413e-07
 Reference value :  1.00499e-06
 Reference value :  1.01219e-06
 Reference value :  1.01959e-06
 Reference value :  1.02779e-06
 Reference value :  1.03799e-06
 Reference value :  1.04819e-06
 Reference value :  1.05361e-06
 Reference value :  1.06341e-06
 Reference value :  1.07361e-06
 Reference value :  1.08381e-06
 Reference value :  1.09421e-06
 Reference value :  1.10101e-06
 Reference value :  1.10819e-06
 Reference value :  1.11499e-06
 Reference value :  1.12239e-06
 Reference value :  1.13139e-06
 Reference value :  1.14179e-06
 Reference value :  1.15000e-06
 Reference value :  1.15781e-06
 Reference value :  1.16841e-06
 Reference value :  1.17861e-06
 Reference value :  1.18921e-06
 Reference value :  1.19981e-06
 Reference value :  1.20519e-06
 Reference value :  1.21299e-06
 Reference value :  1.21999e-06
 Reference value :  1.22819e-06
 Reference value :  1.23799e-06
 Reference value :  1.24839e-06
 Reference value :  1.25461e-06
 Reference value :  1.26461e-06
 Reference value :  1.27541e-06
 Reference value :  1.28601e-06
 Reference value :  1.29761e-06
 Reference value :  1.30379e-06
 Reference value :  1.31159e-06
 Reference value :  1.31919e-06
 Reference value :  1.32699e-06
 Reference value :  1.33639e-06
 Reference value :  1.34699e-06
 Reference value :  1.35261e-06
 Reference value :  1.36201e-06
 Reference value :  1.37201e-06
 Reference value :  1.38221e-06
 Reference value :  1.39221e-06
 Reference value :  1.40085e-06
 Reference value :  1.40719e-06
 Reference value :  1.41419e-06
 Reference value :  1.42139e-06
 Reference value :  1.42959e-06
 Reference value :  1.43979e-06
 Reference value :  1.44950e-06
 Reference value :  1.45581e-06
 Reference value :  1.46561e-06
 Reference value :  1.47621e-06
 Reference value :  1.48641e-06
 Reference value :  1.49661e-06
 Reference value :  1.50259e-06
 Reference value :  1.51039e-06
 Reference value :  1.51779e-06
 Reference value :  1.52539e-06
 Reference value :  1.53419e-06
 Reference value :  1.54459e-06
 Reference value :  1.55101e-06
 Reference value :  1.56061e-06
 Reference value :  1.57081e-06
 Reference value :  1.58101e-06
 Reference value :  1.59121e-06
 Reference value :  1.60050e-06
 Reference value :  1.60619e-06
 Reference value :  1.61339e-06
 Reference value :  1.62059e-06
 Reference value :  1.62859e-06
 Reference value :  1.63839e-06
 Reference value :  1.64859e-06
 Reference value :  1.65401e-06
 Reference value :  1.66341e-06
 Reference value :  1.67341e-06
 Reference value :  1.68381e-06
 Reference value :  1.69381e-06
 Reference value :  1.70100e-06
 Reference value :  1.70819e-06
 Reference value :  1.71519e-06
 Reference value :  1.72219e-06
 Reference value :  1.73039e-06
 Reference value :  1.74079e-06
 Reference value :  1.74970e-06
 Reference value :  1.75621e-06
 Reference value :  1.76601e-06
 Reference value :  1.77641e-06
 Reference value :  1.78641e-06
 Reference value :  1.79661e-06
 Reference value :  1.80239e-06
 Reference value :  1.80999e-06
 Reference value :  1.81719e-06
 Reference value :  1.82459e-06
 Reference value :  1.83339e-06
 Reference value :  1.84399e-06
 Reference value :  1.85081e-06
 Reference value :  1.86021e-06
 Reference value :  1.87041e-06
 Reference value :  1.88061e-06
 Reference value :  1.89061e-06
 Reference value :  1.90050e-06
 Reference value :  1.90619e-06
 Reference value :  1.91319e-06
 Reference value :  1.92039e-06
 Reference value :  1.92859e-06
 Reference value :  1.93879e-06
 Reference value :  1.94900e-06
 Reference value :  1.95421e-06
 Reference value :  1.96441e-06
 Reference value :  1.97481e-06
 Reference value :  1.98521e-06
 Reference value :  1.99601e-06
 Reference value :  2.00239e-06
 Reference value :  2.00999e-06
 Reference value :  2.01679e-06
 Reference value :  2.02399e-06
 Reference value :  2.03299e-06
 Reference value :  2.04319e-06
 Reference value :  2.05012e-06
 Reference value :  2.05841e-06
 Reference value :  2.06841e-06
 Reference value :  2.07861e-06
 Reference value :  2.08881e-06
 Reference value :  2.09881e-06
 Reference value :  2.10439e-06
 Reference value :  2.11179e-06
 Reference value :  2.11899e-06
 Reference value :  2.12719e-06
 Reference value :  2.13699e-06
 Reference value :  2.14719e-06
 Reference value :  2.15301e-06
 Reference value :  2.16281e-06
 Reference value :  2.17281e-06
 Reference value :  2.18301e-06
 Reference value :  2.19301e-06
 Reference value :  2.20097e-06
 Reference value :  2.20759e-06
 Reference value :  2.21459e-06
 Reference value :  2.22159e-06
 Reference value :  2.22999e-06
 Reference value :  2.23979e-06
 Reference value :  2.24914e-06
 Reference value :  2.25521e-06
 Reference value :  2.26521e-06
 Reference value :  2.27561e-06
 Reference value :  2.28601e-06
 Reference value :  2.29641e-06
 Reference value :  2.30219e-06
 Reference value :  2.30979e-06
 Reference value :  2.31719e-06
 Reference value :  2.32459e-06
 Reference value :  2.33319e-06
 Reference value :  2.34339e-06
 Reference value :  2.35012e-06
 Reference value :  2.35861e-06
 Reference value :  2.36841e-06
 Reference value :  2.37841e-06
 Reference value :  2.38841e-06
 Reference value :  2.39861e-06
 Reference value :  2.40399e-06
 Reference value :  2.41119e-06
 Reference value :  2.41839e-06
 Reference value :  2.42619e-06
 Reference value :  2.43559e-06
 Reference value :  2.44579e-06
 Reference value :  2.45181e-06
 Reference value :  2.46121e-06
 Reference value :  2.47101e-06
 Reference value :  2.48121e-06
 Reference value :  2.49141e-06
 Reference value :  2.50070e-06
 Reference value :  2.50639e-06
 Reference value :  2.51339e-06
 Reference value :  2.52019e-06
 Reference value :  2.52859e-06
 Reference value :  2.53819e-06
 Reference value :  2.54839e-06
 Reference value :  2.55381e-06
 Reference value :  2.56361e-06
 Reference value :  2.57381e-06
 Reference value :  2.58381e-06
 Reference value :  2.59401e-06
 Reference value :  2.60100e-06
 Reference value :  2.60779e-06
 Reference value :  2.61479e-06
 Reference value :  2.62219e-06
 Reference value :  2.63059e-06
 Reference value :  2.64099e-06
 Reference value :  2.64985e-06
 Reference value :  2.65721e-06
 Reference value :  2.66721e-06
 Reference value :  2.67741e-06
 Reference value :  2.68781e-06
 Reference value :  2.69841e-06
 Reference value :  2.70399e-06
 Reference value :  2.71139e-06
 Reference value :  2.71859e-06
 Reference value :  2.72659e-06
 Reference value :  2.73639e-06
 Reference value :  2.74659e-06
 Reference value :  2.75241e-06
 Reference value :  2.76181e-06
 Reference value :  2.77301e-06
 Reference value :  2.78301e-06
 Reference value :  2.79341e-06
 Reference value :  2.80097e-06
 Reference value :  2.80779e-06
 Reference value :  2.81479e-06
 Reference value :  2.82219e-06
 Reference value :  2.83059e-06
 Reference value :  2.84059e-06
 Reference value :  2.84950e-06
 Reference value :  2.85561e-06
 Reference value :  2.86541e-06
 Reference value :  2.87541e-06
 Reference value :  2.88541e-06
 Reference value :  2.89541e-06
 Reference value :  2.90159e-06
 Reference value :  2.90899e-06
 Reference value :  2.91579e-06
 Reference value :  2.92299e-06
 Reference value :  2.93139e-06
 Reference value :  2.94139e-06
 Reference value :  2.94985e-06
 Reference value :  2.95721e-06
 Reference value :  2.96701e-06
 Reference value :  2.97741e-06
 Reference value :  2.98741e-06
 Reference value :  2.99781e-06
No. of Data Rows : 15431
sim/harness: analysis complete
Note: Simulation executed from .control section 
Note: Starting dynamic gmin stepping
Note: Dynamic gmin stepping completed
