
Note: Compatibility modes selected: hs a


Circuit: ** sch_path: /users/rwalters/github/sky130-pll/.loom/worktrees/issue-81/sim/pll-lock/testbench/tb_pll_lock.sch

option SCALE: Scale is set to 1e-06 for instance and model parameters
option SCALE: Scale is set to 1e-06 for instance and model parameters
option SCALE: Scale is set to 1e-06 for instance and model parameters
option SCALE: Scale is set to 1e-06 for instance and model parameters
Doing analysis at TEMP = 27.000000 and TNOM = 27.000000

Using KLU as Direct Linear Solver
 Reference value :  0.00000e+00
 Reference value :  2.37752e-09
 Reference value :  7.10000e-09
 Reference value :  1.45000e-08
 Reference value :  2.25000e-08
 Reference value :  3.27000e-08
 Reference value :  4.31000e-08
 Reference value :  5.01874e-08
 Reference value :  5.75978e-08
 Reference value :  6.47978e-08
 Reference value :  7.19978e-08
 Reference value :  7.97978e-08
 Reference value :  8.71978e-08
 Reference value :  9.67978e-08
 Reference value :  1.02762e-07
 Reference value :  1.13162e-07
 Reference value :  1.23762e-07
 Reference value :  1.33762e-07
 Reference value :  1.44162e-07
 Reference value :  1.50405e-07
 Reference value :  1.57381e-07
 Reference value :  1.64581e-07
 Reference value :  1.71581e-07
 Reference value :  1.78781e-07
 Reference value :  1.85781e-07
 Reference value :  1.93181e-07
 Reference value :  2.00700e-07
 Reference value :  2.07066e-07
 Reference value :  2.17666e-07
 Reference value :  2.27866e-07
 Reference value :  2.38666e-07
 Reference value :  2.49060e-07
 Reference value :  2.54381e-07
 Reference value :  2.61781e-07
 Reference value :  2.69381e-07
 Reference value :  2.76781e-07
 Reference value :  2.83981e-07
 Reference value :  2.91381e-07
 Reference value :  3.00140e-07
 Reference value :  3.05666e-07
 Reference value :  3.16066e-07
 Reference value :  3.26266e-07
 Reference value :  3.36666e-07
 Reference value :  3.46866e-07
 Reference value :  3.52181e-07
 Reference value :  3.59381e-07
 Reference value :  3.66781e-07
 Reference value :  3.73981e-07
 Reference value :  3.81381e-07
 Reference value :  3.88781e-07
 Reference value :  3.97381e-07
 Reference value :  4.03266e-07
 Reference value :  4.13066e-07
 Reference value :  4.23666e-07
 Reference value :  4.34066e-07
 Reference value :  4.44466e-07
 Reference value :  4.50781e-07
 Reference value :  4.57981e-07
 Reference value :  4.65381e-07
 Reference value :  4.72581e-07
 Reference value :  4.79581e-07
 Reference value :  4.86981e-07
 Reference value :  4.94781e-07
 Reference value :  5.01266e-07
 Reference value :  5.09866e-07
 Reference value :  5.20666e-07
 Reference value :  5.30866e-07
 Reference value :  5.41266e-07
 Reference value :  5.50020e-07
 Reference value :  5.55781e-07
 Reference value :  5.63181e-07
 Reference value :  5.70381e-07
 Reference value :  5.77581e-07
 Reference value :  5.84781e-07
 Reference value :  5.92181e-07
 Reference value :  6.00140e-07
 Reference value :  6.06466e-07
 Reference value :  6.16866e-07
 Reference value :  6.27266e-07
 Reference value :  6.37466e-07
 Reference value :  6.47466e-07
 Reference value :  6.52781e-07
 Reference value :  6.59781e-07
 Reference value :  6.66981e-07
 Reference value :  6.74181e-07
 Reference value :  6.81581e-07
 Reference value :  6.88781e-07
 Reference value :  6.96781e-07
 Reference value :  7.02866e-07
 Reference value :  7.12666e-07
 Reference value :  7.23466e-07
 Reference value :  7.34066e-07
 Reference value :  7.44066e-07
 Reference value :  7.50270e-07
 Reference value :  7.57381e-07
 Reference value :  7.64381e-07
 Reference value :  7.71781e-07
 Reference value :  7.78781e-07
 Reference value :  7.85781e-07
 Reference value :  7.93381e-07
 Reference value :  8.00850e-07
 Reference value :  8.07866e-07
 Reference value :  8.18466e-07
 Reference value :  8.29466e-07
 Reference value :  8.39866e-07
 Reference value :  8.49500e-07
 Reference value :  8.55181e-07
 Reference value :  8.62381e-07
 Reference value :  8.69781e-07
 Reference value :  8.77181e-07
 Reference value :  8.84781e-07
 Reference value :  8.92781e-07
 Reference value :  9.00700e-07
 Reference value :  9.07866e-07
 Reference value :  9.18666e-07
 Reference value :  9.30866e-07
 Reference value :  9.41866e-07
 Reference value :  9.50122e-07
 Reference value :  9.56981e-07
 Reference value :  9.64181e-07
 Reference value :  9.71381e-07
 Reference value :  9.78781e-07
 Reference value :  9.85781e-07
 Reference value :  9.93381e-07
 Reference value :  1.00085e-06
 Reference value :  1.00807e-06
 Reference value :  1.01827e-06
 Reference value :  1.02887e-06
 Reference value :  1.03927e-06
 Reference value :  1.04914e-06
 Reference value :  1.05438e-06
 Reference value :  1.06178e-06
 Reference value :  1.06878e-06
 Reference value :  1.07618e-06
 Reference value :  1.08358e-06
 Reference value :  1.09098e-06
 Reference value :  1.09978e-06
 Reference value :  1.10467e-06
 Reference value :  1.11467e-06
 Reference value :  1.12567e-06
 Reference value :  1.13607e-06
 Reference value :  1.14767e-06
 Reference value :  1.15318e-06
 Reference value :  1.16098e-06
 Reference value :  1.16858e-06
 Reference value :  1.17618e-06
 Reference value :  1.18338e-06
 Reference value :  1.19058e-06
 Reference value :  1.20000e-06
 Reference value :  1.20527e-06
 Reference value :  1.21567e-06
 Reference value :  1.22607e-06
 Reference value :  1.23667e-06
 Reference value :  1.24707e-06
 Reference value :  1.25278e-06
 Reference value :  1.25998e-06
 Reference value :  1.26698e-06
 Reference value :  1.27418e-06
 Reference value :  1.28138e-06
 Reference value :  1.28838e-06
 Reference value :  1.29618e-06
 Reference value :  1.30187e-06
 Reference value :  1.31067e-06
 Reference value :  1.32067e-06
 Reference value :  1.33127e-06
 Reference value :  1.34127e-06
 Reference value :  1.35019e-06
 Reference value :  1.35958e-06
 Reference value :  1.36738e-06
 Reference value :  1.37458e-06
 Reference value :  1.38178e-06
 Reference value :  1.38938e-06
 Reference value :  1.40006e-06
 Reference value :  1.40727e-06
 Reference value :  1.41867e-06
 Reference value :  1.42927e-06
 Reference value :  1.44067e-06
 Reference value :  1.45012e-06
 Reference value :  1.45778e-06
 Reference value :  1.46618e-06
 Reference value :  1.47318e-06
 Reference value :  1.48038e-06
 Reference value :  1.49078e-06
 Reference value :  1.49938e-06
 Reference value :  1.50467e-06
 Reference value :  1.51447e-06
 Reference value :  1.52587e-06
 Reference value :  1.53867e-06
 Reference value :  1.54914e-06
 Reference value :  1.55438e-06
 Reference value :  1.56178e-06
 Reference value :  1.56898e-06
 Reference value :  1.57878e-06
 Reference value :  1.58658e-06
 Reference value :  1.59498e-06
 Reference value :  1.60127e-06
 Reference value :  1.61007e-06
 Reference value :  1.62527e-06
 Reference value :  1.63687e-06
 Reference value :  1.64727e-06
 Reference value :  1.65278e-06
 Reference value :  1.66058e-06
 Reference value :  1.66878e-06
 Reference value :  1.67678e-06
 Reference value :  1.68438e-06
 Reference value :  1.69238e-06
 Reference value :  1.70014e-06
 Reference value :  1.70607e-06
 Reference value :  1.71927e-06
 Reference value :  1.73667e-06
 Reference value :  1.74707e-06
 Reference value :  1.75358e-06
 Reference value :  1.76118e-06
 Reference value :  1.76878e-06
 Reference value :  1.77858e-06
 Reference value :  1.78698e-06
 Reference value :  1.79478e-06
 Reference value :  1.80114e-06
 Reference value :  1.80967e-06
 Reference value :  1.82307e-06
 Reference value :  1.83627e-06
 Reference value :  1.84667e-06
 Reference value :  1.85198e-06
 Reference value :  1.85938e-06
 Reference value :  1.87098e-06
 Reference value :  1.88438e-06
 Reference value :  1.89178e-06
 Reference value :  1.90006e-06
 Reference value :  1.90547e-06
 Reference value :  1.91587e-06
 Reference value :  1.92987e-06
 Reference value :  1.94027e-06
 Reference value :  1.95019e-06
 Reference value :  1.95738e-06
 Reference value :  1.96478e-06
 Reference value :  1.97198e-06
 Reference value :  1.98058e-06
 Reference value :  1.98818e-06
 Reference value :  1.99858e-06
 Reference value :  2.00827e-06
 Reference value :  2.02747e-06
 Reference value :  2.04827e-06
 Reference value :  2.05938e-06
 Reference value :  2.07298e-06
 Reference value :  2.08618e-06
 Reference value :  2.10070e-06
 Reference value :  2.11667e-06
 Reference value :  2.13267e-06
 Reference value :  2.14930e-06
 Reference value :  2.16018e-06
 Reference value :  2.17098e-06
 Reference value :  2.17858e-06
 Reference value :  2.18638e-06
 Reference value :  2.19618e-06
 Reference value :  2.20187e-06
 Reference value :  2.21147e-06
 Reference value :  2.22207e-06
 Reference value :  2.23367e-06
 Reference value :  2.24587e-06
 Reference value :  2.25178e-06
 Reference value :  2.25878e-06
 Reference value :  2.26618e-06
 Reference value :  2.27398e-06
 Reference value :  2.28378e-06
 Reference value :  2.29118e-06
 Reference value :  2.29978e-06
 Reference value :  2.30467e-06
 Reference value :  2.31707e-06
 Reference value :  2.32927e-06
 Reference value :  2.33967e-06
 Reference value :  2.34914e-06
 Reference value :  2.35478e-06
 Reference value :  2.36418e-06
 Reference value :  2.37198e-06
 Reference value :  2.37938e-06
 Reference value :  2.38698e-06
 Reference value :  2.39498e-06
 Reference value :  2.40387e-06
 Reference value :  2.41387e-06
 Reference value :  2.42527e-06
 Reference value :  2.43587e-06
 Reference value :  2.44807e-06
 Reference value :  2.45558e-06
 Reference value :  2.46298e-06
 Reference value :  2.47018e-06
 Reference value :  2.47758e-06
 Reference value :  2.48678e-06
 Reference value :  2.49478e-06
 Reference value :  2.50102e-06
 Reference value :  2.50887e-06
 Reference value :  2.52007e-06
 Reference value :  2.53187e-06
 Reference value :  2.54247e-06
 Reference value :  2.55012e-06
 Reference value :  2.55718e-06
 Reference value :  2.56658e-06
 Reference value :  2.57398e-06
 Reference value :  2.58158e-06
 Reference value :  2.58918e-06
 Reference value :  2.59938e-06
 Reference value :  2.60587e-06
 Reference value :  2.61647e-06
 Reference value :  2.62747e-06
 Reference value :  2.63827e-06
 Reference value :  2.65058e-06
 Reference value :  2.65818e-06
 Reference value :  2.66538e-06
 Reference value :  2.67258e-06
 Reference value :  2.67958e-06
 Reference value :  2.68678e-06
 Reference value :  2.69938e-06
 Reference value :  2.70427e-06
 Reference value :  2.71387e-06
 Reference value :  2.72407e-06
 Reference value :  2.73647e-06
 Reference value :  2.74687e-06
 Reference value :  2.75218e-06
 Reference value :  2.75938e-06
 Reference value :  2.76698e-06
 Reference value :  2.77638e-06
 Reference value :  2.78398e-06
 Reference value :  2.79158e-06
 Reference value :  2.80014e-06
 Reference value :  2.81027e-06
 Reference value :  2.82047e-06
 Reference value :  2.83067e-06
 Reference value :  2.84087e-06
 Reference value :  2.85000e-06
 Reference value :  2.85858e-06
 Reference value :  2.86578e-06
 Reference value :  2.87298e-06
 Reference value :  2.88018e-06
 Reference value :  2.88858e-06
 Reference value :  2.89738e-06
 Reference value :  2.90307e-06
 Reference value :  2.91307e-06
 Reference value :  2.92407e-06
 Reference value :  2.93627e-06
 Reference value :  2.94687e-06
 Reference value :  2.95238e-06
 Reference value :  2.95978e-06
 Reference value :  2.96698e-06
 Reference value :  2.97598e-06
 Reference value :  2.98338e-06
 Reference value :  2.99078e-06
 Reference value :  2.99978e-06
No. of Data Rows : 15440
sim/harness: analysis complete
Note: Simulation executed from .control section 
Warning: singular matrix:  check node xxxtop.xxlf.xr1.t1

Note: Starting dynamic gmin stepping
Note: Dynamic gmin stepping completed
