
Note: Compatibility modes selected: hs a


Circuit: ** sch_path: /users/rwalters/github/sky130-pll/.loom/worktrees/issue-81/sim/pll-lock/testbench/tb_pll_lock.sch

option SCALE: Scale is set to 1e-06 for instance and model parameters
option SCALE: Scale is set to 1e-06 for instance and model parameters
option SCALE: Scale is set to 1e-06 for instance and model parameters
option SCALE: Scale is set to 1e-06 for instance and model parameters
Doing analysis at TEMP = 27.000000 and TNOM = 27.000000

Using KLU as Direct Linear Solver
 Reference value :  0.00000e+00
 Reference value :  2.18195e-09
 Reference value :  7.30000e-09
 Reference value :  1.41000e-08
 Reference value :  2.19000e-08
 Reference value :  3.49000e-08
 Reference value :  4.63000e-08
 Reference value :  5.24041e-08
 Reference value :  6.22041e-08
 Reference value :  7.24041e-08
 Reference value :  8.26041e-08
 Reference value :  9.26041e-08
 Reference value :  1.00982e-07
 Reference value :  1.09579e-07
 Reference value :  1.20379e-07
 Reference value :  1.31379e-07
 Reference value :  1.42379e-07
 Reference value :  1.50276e-07
 Reference value :  1.59604e-07
 Reference value :  1.70204e-07
 Reference value :  1.80604e-07
 Reference value :  1.90804e-07
 Reference value :  2.00500e-07
 Reference value :  2.05796e-07
 Reference value :  2.13996e-07
 Reference value :  2.22596e-07
 Reference value :  2.32996e-07
 Reference value :  2.43596e-07
 Reference value :  2.51204e-07
 Reference value :  2.60404e-07
 Reference value :  2.71604e-07
 Reference value :  2.82404e-07
 Reference value :  2.93804e-07
 Reference value :  3.01121e-07
 Reference value :  3.09396e-07
 Reference value :  3.16596e-07
 Reference value :  3.28996e-07
 Reference value :  3.39196e-07
 Reference value :  3.49020e-07
 Reference value :  3.55004e-07
 Reference value :  3.65004e-07
 Reference value :  3.75004e-07
 Reference value :  3.85204e-07
 Reference value :  3.95204e-07
 Reference value :  4.01396e-07
 Reference value :  4.09596e-07
 Reference value :  4.16396e-07
 Reference value :  4.25196e-07
 Reference value :  4.35996e-07
 Reference value :  4.46396e-07
 Reference value :  4.52604e-07
 Reference value :  4.62404e-07
 Reference value :  4.72804e-07
 Reference value :  4.82804e-07
 Reference value :  4.93204e-07
 Reference value :  5.00850e-07
 Reference value :  5.07796e-07
 Reference value :  5.15196e-07
 Reference value :  5.24396e-07
 Reference value :  5.35996e-07
 Reference value :  5.47596e-07
 Reference value :  5.54204e-07
 Reference value :  5.65204e-07
 Reference value :  5.75404e-07
 Reference value :  5.85804e-07
 Reference value :  5.96204e-07
 Reference value :  6.02596e-07
 Reference value :  6.11796e-07
 Reference value :  6.19196e-07
 Reference value :  6.29596e-07
 Reference value :  6.39596e-07
 Reference value :  6.49300e-07
 Reference value :  6.55404e-07
 Reference value :  6.65604e-07
 Reference value :  6.76004e-07
 Reference value :  6.86604e-07
 Reference value :  6.97204e-07
 Reference value :  7.03196e-07
 Reference value :  7.11796e-07
 Reference value :  7.20196e-07
 Reference value :  7.30796e-07
 Reference value :  7.41796e-07
 Reference value :  7.50060e-07
 Reference value :  7.58404e-07
 Reference value :  7.69604e-07
 Reference value :  7.80204e-07
 Reference value :  7.91004e-07
 Reference value :  8.00700e-07
 Reference value :  8.06596e-07
 Reference value :  8.14596e-07
 Reference value :  8.22596e-07
 Reference value :  8.32796e-07
 Reference value :  8.42996e-07
 Reference value :  8.50140e-07
 Reference value :  8.58204e-07
 Reference value :  8.69204e-07
 Reference value :  8.79404e-07
 Reference value :  8.90004e-07
 Reference value :  9.00020e-07
 Reference value :  9.05196e-07
 Reference value :  9.13396e-07
 Reference value :  9.21396e-07
 Reference value :  9.31596e-07
 Reference value :  9.42196e-07
 Reference value :  9.50060e-07
 Reference value :  9.57804e-07
 Reference value :  9.68004e-07
 Reference value :  9.78004e-07
 Reference value :  9.88004e-07
 Reference value :  9.98004e-07
 Reference value :  1.00340e-06
 Reference value :  1.01160e-06
 Reference value :  1.01860e-06
 Reference value :  1.02860e-06
 Reference value :  1.03900e-06
 Reference value :  1.04902e-06
 Reference value :  1.05560e-06
 Reference value :  1.06580e-06
 Reference value :  1.07680e-06
 Reference value :  1.08740e-06
 Reference value :  1.09820e-06
 Reference value :  1.10360e-06
 Reference value :  1.11260e-06
 Reference value :  1.12240e-06
 Reference value :  1.13260e-06
 Reference value :  1.14540e-06
 Reference value :  1.15480e-06
 Reference value :  1.16720e-06
 Reference value :  1.17800e-06
 Reference value :  1.18880e-06
 Reference value :  1.19920e-06
 Reference value :  1.20400e-06
 Reference value :  1.21240e-06
 Reference value :  1.21960e-06
 Reference value :  1.23020e-06
 Reference value :  1.24080e-06
 Reference value :  1.25120e-06
 Reference value :  1.26100e-06
 Reference value :  1.27200e-06
 Reference value :  1.28280e-06
 Reference value :  1.29340e-06
 Reference value :  1.30102e-06
 Reference value :  1.30880e-06
 Reference value :  1.31580e-06
 Reference value :  1.32440e-06
 Reference value :  1.33460e-06
 Reference value :  1.34460e-06
 Reference value :  1.35120e-06
 Reference value :  1.35980e-06
 Reference value :  1.37000e-06
 Reference value :  1.38020e-06
 Reference value :  1.39080e-06
 Reference value :  1.40050e-06
 Reference value :  1.40600e-06
 Reference value :  1.41380e-06
 Reference value :  1.42180e-06
 Reference value :  1.43320e-06
 Reference value :  1.44420e-06
 Reference value :  1.45120e-06
 Reference value :  1.46100e-06
 Reference value :  1.47200e-06
 Reference value :  1.48240e-06
 Reference value :  1.49240e-06
 Reference value :  1.50085e-06
 Reference value :  1.50780e-06
 Reference value :  1.51640e-06
 Reference value :  1.52540e-06
 Reference value :  1.53660e-06
 Reference value :  1.54740e-06
 Reference value :  1.55320e-06
 Reference value :  1.56260e-06
 Reference value :  1.57280e-06
 Reference value :  1.58320e-06
 Reference value :  1.59320e-06
 Reference value :  1.60100e-06
 Reference value :  1.60860e-06
 Reference value :  1.61600e-06
 Reference value :  1.62540e-06
 Reference value :  1.63600e-06
 Reference value :  1.64680e-06
 Reference value :  1.65320e-06
 Reference value :  1.66340e-06
 Reference value :  1.67460e-06
 Reference value :  1.68580e-06
 Reference value :  1.69700e-06
 Reference value :  1.70380e-06
 Reference value :  1.71240e-06
 Reference value :  1.71980e-06
 Reference value :  1.73040e-06
 Reference value :  1.74080e-06
 Reference value :  1.74985e-06
 Reference value :  1.75640e-06
 Reference value :  1.76640e-06
 Reference value :  1.77680e-06
 Reference value :  1.78700e-06
 Reference value :  1.79780e-06
 Reference value :  1.80340e-06
 Reference value :  1.81200e-06
 Reference value :  1.81980e-06
 Reference value :  1.83080e-06
 Reference value :  1.84260e-06
 Reference value :  1.85060e-06
 Reference value :  1.85940e-06
 Reference value :  1.86980e-06
 Reference value :  1.87980e-06
 Reference value :  1.88980e-06
 Reference value :  1.90000e-06
 Reference value :  1.90460e-06
 Reference value :  1.91320e-06
 Reference value :  1.92120e-06
 Reference value :  1.93200e-06
 Reference value :  1.94260e-06
 Reference value :  1.95014e-06
 Reference value :  1.95800e-06
 Reference value :  1.96820e-06
 Reference value :  1.97860e-06
 Reference value :  1.98880e-06
 Reference value :  1.99940e-06
 Reference value :  2.00440e-06
 Reference value :  2.01240e-06
 Reference value :  2.01980e-06
 Reference value :  2.03040e-06
 Reference value :  2.04060e-06
 Reference value :  2.04985e-06
 Reference value :  2.05660e-06
 Reference value :  2.06740e-06
 Reference value :  2.07800e-06
 Reference value :  2.08820e-06
 Reference value :  2.09940e-06
 Reference value :  2.10460e-06
 Reference value :  2.11340e-06
 Reference value :  2.12160e-06
 Reference value :  2.13240e-06
 Reference value :  2.14340e-06
 Reference value :  2.15060e-06
 Reference value :  2.15940e-06
 Reference value :  2.16980e-06
 Reference value :  2.18080e-06
 Reference value :  2.19100e-06
 Reference value :  2.20030e-06
 Reference value :  2.20560e-06
 Reference value :  2.21380e-06
 Reference value :  2.22140e-06
 Reference value :  2.23160e-06
 Reference value :  2.24180e-06
 Reference value :  2.25000e-06
 Reference value :  2.25700e-06
 Reference value :  2.26720e-06
 Reference value :  2.27720e-06
 Reference value :  2.28800e-06
 Reference value :  2.29840e-06
 Reference value :  2.30400e-06
 Reference value :  2.31240e-06
 Reference value :  2.32020e-06
 Reference value :  2.33060e-06
 Reference value :  2.34160e-06
 Reference value :  2.35000e-06
 Reference value :  2.35800e-06
 Reference value :  2.36880e-06
 Reference value :  2.37920e-06
 Reference value :  2.38940e-06
 Reference value :  2.40000e-06
 Reference value :  2.40480e-06
 Reference value :  2.41340e-06
 Reference value :  2.42100e-06
 Reference value :  2.43160e-06
 Reference value :  2.44200e-06
 Reference value :  2.45006e-06
 Reference value :  2.46020e-06
 Reference value :  2.47080e-06
 Reference value :  2.48180e-06
 Reference value :  2.49240e-06
 Reference value :  2.50100e-06
 Reference value :  2.50880e-06
 Reference value :  2.51680e-06
 Reference value :  2.52700e-06
 Reference value :  2.53840e-06
 Reference value :  2.54890e-06
 Reference value :  2.55480e-06
 Reference value :  2.56540e-06
 Reference value :  2.57640e-06
 Reference value :  2.58680e-06
 Reference value :  2.59680e-06
 Reference value :  2.60240e-06
 Reference value :  2.61080e-06
 Reference value :  2.61760e-06
 Reference value :  2.62700e-06
 Reference value :  2.63740e-06
 Reference value :  2.64780e-06
 Reference value :  2.65360e-06
 Reference value :  2.66300e-06
 Reference value :  2.67300e-06
 Reference value :  2.68340e-06
 Reference value :  2.69420e-06
 Reference value :  2.70105e-06
 Reference value :  2.70920e-06
 Reference value :  2.71660e-06
 Reference value :  2.72560e-06
 Reference value :  2.73640e-06
 Reference value :  2.74720e-06
 Reference value :  2.75320e-06
 Reference value :  2.76360e-06
 Reference value :  2.77420e-06
 Reference value :  2.78480e-06
 Reference value :  2.79560e-06
 Reference value :  2.80200e-06
 Reference value :  2.81060e-06
 Reference value :  2.81780e-06
 Reference value :  2.82800e-06
 Reference value :  2.83840e-06
 Reference value :  2.84900e-06
 Reference value :  2.85540e-06
 Reference value :  2.86580e-06
 Reference value :  2.87720e-06
 Reference value :  2.88780e-06
 Reference value :  2.89900e-06
 Reference value :  2.90440e-06
 Reference value :  2.91300e-06
 Reference value :  2.92080e-06
 Reference value :  2.93200e-06
 Reference value :  2.94240e-06
 Reference value :  2.95014e-06
 Reference value :  2.95880e-06
 Reference value :  2.96960e-06
 Reference value :  2.98100e-06
 Reference value :  2.99140e-06
No. of Data Rows : 15405
sim/harness: analysis complete
Note: Simulation executed from .control section 
Warning: singular matrix:  check node xxxtop.xxdiv.xcnt5.a_761_289#

Note: Starting dynamic gmin stepping
Note: Dynamic gmin stepping completed
