
Note: Compatibility modes selected: hs a


Circuit: ** sch_path: /users/rwalters/github/sky130-pll/.loom/worktrees/issue-81/sim/pll-lock/testbench/tb_pll_lock.sch

option SCALE: Scale is set to 1e-06 for instance and model parameters
option SCALE: Scale is set to 1e-06 for instance and model parameters
option SCALE: Scale is set to 1e-06 for instance and model parameters
option SCALE: Scale is set to 1e-06 for instance and model parameters
Doing analysis at TEMP = -40.000000 and TNOM = 27.000000

Using KLU as Direct Linear Solver
 Reference value :  0.00000e+00
 Reference value :  4.00371e-09
 Reference value :  6.14000e-09
 Reference value :  7.07970e-09
 Reference value :  8.37834e-09
 Reference value :  9.56576e-09
 Reference value :  1.20571e-08
 Reference value :  1.29022e-08
 Reference value :  1.50941e-08
 Reference value :  1.77425e-08
 Reference value :  2.01459e-08
 Reference value :  2.27351e-08
 Reference value :  2.45630e-08
 Reference value :  2.55820e-08
 Reference value :  2.81962e-08
 Reference value :  2.97879e-08
 Reference value :  3.25372e-08
 Reference value :  3.37954e-08
 Reference value :  3.61865e-08
 Reference value :  3.88313e-08
 Reference value :  4.10564e-08
 Reference value :  4.16714e-08
 Reference value :  4.40847e-08
 Reference value :  4.42681e-08
 Reference value :  4.63509e-08
 Reference value :  4.69757e-08
 Reference value :  4.94632e-08
 Reference value :  5.02805e-08
 Reference value :  5.22466e-08
 Reference value :  5.50206e-08
 Reference value :  5.56900e-08
 Reference value :  5.76336e-08
 Reference value :  6.03109e-08
 Reference value :  6.29222e-08
 Reference value :  6.30901e-08
 Reference value :  6.56047e-08
 Reference value :  6.82846e-08
 Reference value :  6.84464e-08
 Reference value :  7.12115e-08
 Reference value :  7.36211e-08
 Reference value :  7.63186e-08
 Reference value :  7.80888e-08
 Reference value :  7.89134e-08
 Reference value :  8.15747e-08
 Reference value :  8.43139e-08
 Reference value :  8.43273e-08
 Reference value :  8.68969e-08
 Reference value :  8.78821e-08
 Reference value :  8.96986e-08
 Reference value :  9.23862e-08
 Reference value :  9.45153e-08
 Reference value :  9.49332e-08
 Reference value :  9.72965e-08
 Reference value :  9.83157e-08
 Reference value :  9.92231e-08
 Reference value :  1.00622e-07
 Reference value :  1.03058e-07
 Reference value :  1.05707e-07
 Reference value :  1.08248e-07
 Reference value :  1.09649e-07
 Reference value :  1.11068e-07
 Reference value :  1.13374e-07
 Reference value :  1.14434e-07
 Reference value :  1.16488e-07
 Reference value :  1.19113e-07
 Reference value :  1.20037e-07
 Reference value :  1.21728e-07
 Reference value :  1.21743e-07
 Reference value :  1.24391e-07
 Reference value :  1.26913e-07
 Reference value :  1.29368e-07
 Reference value :  1.31363e-07
 Reference value :  1.32014e-07
 Reference value :  1.34710e-07
 Reference value :  1.36124e-07
 Reference value :  1.37140e-07
 Reference value :  1.39742e-07
 Reference value :  1.40446e-07
 Reference value :  1.41818e-07
 Reference value :  1.42292e-07
 Reference value :  1.44602e-07
 Reference value :  1.45082e-07
 Reference value :  1.47539e-07
 Reference value :  1.50093e-07
 Reference value :  1.52316e-07
 Reference value :  1.54781e-07
 Reference value :  1.57108e-07
 Reference value :  1.59478e-07
 Reference value :  1.60835e-07
 Reference value :  1.62251e-07
 Reference value :  1.64820e-07
 Reference value :  1.65721e-07
 Reference value :  1.67254e-07
 Reference value :  1.69798e-07
 Reference value :  1.72385e-07
 Reference value :  1.72535e-07
 Reference value :  1.74849e-07
 Reference value :  1.76670e-07
 Reference value :  1.77286e-07
 Reference value :  1.79821e-07
 Reference value :  1.80753e-07
 Reference value :  1.82343e-07
 Reference value :  1.84879e-07
 Reference value :  1.85840e-07
 Reference value :  1.87419e-07
 Reference value :  1.89954e-07
 Reference value :  1.91980e-07
 Reference value :  1.92565e-07
 Reference value :  1.94981e-07
 Reference value :  1.96284e-07
 Reference value :  1.98875e-07
 Reference value :  2.00742e-07
 Reference value :  2.02767e-07
 Reference value :  2.05384e-07
 Reference value :  2.07212e-07
 Reference value :  2.07800e-07
 Reference value :  2.10231e-07
 Reference value :  2.12766e-07
 Reference value :  2.12893e-07
 Reference value :  2.15453e-07
 Reference value :  2.17920e-07
 Reference value :  2.18054e-07
 Reference value :  2.21498e-07
 Reference value :  2.24231e-07
 Reference value :  2.25873e-07
 Reference value :  2.27496e-07
 Reference value :  2.30282e-07
 Reference value :  2.32783e-07
 Reference value :  2.34856e-07
 Reference value :  2.35257e-07
 Reference value :  2.37379e-07
 Reference value :  2.37804e-07
 Reference value :  2.40134e-07
 Reference value :  2.42142e-07
 Reference value :  2.42559e-07
 Reference value :  2.45076e-07
 Reference value :  2.47512e-07
 Reference value :  2.49961e-07
 Reference value :  2.52413e-07
 Reference value :  2.54681e-07
 Reference value :  2.57014e-07
 Reference value :  2.59274e-07
 Reference value :  2.59467e-07
 Reference value :  2.61039e-07
 Reference value :  2.61863e-07
 Reference value :  2.63943e-07
 Reference value :  2.64167e-07
 Reference value :  2.64961e-07
 Reference value :  2.66683e-07
 Reference value :  2.68891e-07
 Reference value :  2.69548e-07
 Reference value :  2.71588e-07
 Reference value :  2.73546e-07
 Reference value :  2.75921e-07
 Reference value :  2.78039e-07
 Reference value :  2.78788e-07
 Reference value :  2.80403e-07
 Reference value :  2.82758e-07
 Reference value :  2.82877e-07
 Reference value :  2.85312e-07
 Reference value :  2.87284e-07
 Reference value :  2.88410e-07
 Reference value :  2.89596e-07
 Reference value :  2.91890e-07
 Reference value :  2.92023e-07
 Reference value :  2.94111e-07
 Reference value :  2.96245e-07
 Reference value :  2.97133e-07
 Reference value :  2.98662e-07
 Reference value :  3.00850e-07
 Reference value :  3.02155e-07
 Reference value :  3.03177e-07
 Reference value :  3.05271e-07
 Reference value :  3.05494e-07
 Reference value :  3.06103e-07
 Reference value :  3.07662e-07
 Reference value :  3.09643e-07
 Reference value :  3.11174e-07
 Reference value :  3.12198e-07
 Reference value :  3.14427e-07
 Reference value :  3.15504e-07
 Reference value :  3.16697e-07
 Reference value :  3.19007e-07
 Reference value :  3.21057e-07
 Reference value :  3.23402e-07
 Reference value :  3.24645e-07
 Reference value :  3.27383e-07
 Reference value :  3.27773e-07
 Reference value :  3.30131e-07
 Reference value :  3.32263e-07
 Reference value :  3.34348e-07
 Reference value :  3.34425e-07
 Reference value :  3.36716e-07
 Reference value :  3.38821e-07
 Reference value :  3.40858e-07
 Reference value :  3.41047e-07
 Reference value :  3.41995e-07
 Reference value :  3.43159e-07
 Reference value :  3.45523e-07
 Reference value :  3.47788e-07
 Reference value :  3.49907e-07
 Reference value :  3.50824e-07
 Reference value :  3.53205e-07
 Reference value :  3.54559e-07
 Reference value :  3.56231e-07
 Reference value :  3.58521e-07
 Reference value :  3.59466e-07
 Reference value :  3.60557e-07
 Reference value :  3.62141e-07
 Reference value :  3.63829e-07
 Reference value :  3.66348e-07
 Reference value :  3.67128e-07
 Reference value :  3.69343e-07
 Reference value :  3.71666e-07
 Reference value :  3.72572e-07
 Reference value :  3.73551e-07
 Reference value :  3.75707e-07
 Reference value :  3.76509e-07
 Reference value :  3.77945e-07
 Reference value :  3.79848e-07
 Reference value :  3.80422e-07
 Reference value :  3.82153e-07
 Reference value :  3.84298e-07
 Reference value :  3.84427e-07
 Reference value :  3.86416e-07
 Reference value :  3.88707e-07
 Reference value :  3.90779e-07
 Reference value :  3.92954e-07
 Reference value :  3.94829e-07
 Reference value :  3.97127e-07
 Reference value :  3.97327e-07
 Reference value :  3.99133e-07
 Reference value :  3.99558e-07
 Reference value :  4.01013e-07
 Reference value :  4.02644e-07
 Reference value :  4.05180e-07
 Reference value :  4.06156e-07
 Reference value :  4.08249e-07
 Reference value :  4.09757e-07
 Reference value :  4.11263e-07
 Reference value :  4.12686e-07
 Reference value :  4.14542e-07
 Reference value :  4.15641e-07
 Reference value :  4.17271e-07
 Reference value :  4.19394e-07
 Reference value :  4.21254e-07
 Reference value :  4.21529e-07
 Reference value :  4.23141e-07
 Reference value :  4.24653e-07
 Reference value :  4.25843e-07
 Reference value :  4.28146e-07
 Reference value :  4.30178e-07
 Reference value :  4.32389e-07
 Reference value :  4.33063e-07
 Reference value :  4.35503e-07
 Reference value :  4.37198e-07
 Reference value :  4.38999e-07
 Reference value :  4.41263e-07
 Reference value :  4.43269e-07
 Reference value :  4.45387e-07
 Reference value :  4.45467e-07
 Reference value :  4.46771e-07
 Reference value :  4.48156e-07
 Reference value :  4.49675e-07
 Reference value :  4.50246e-07
 Reference value :  4.50890e-07
 Reference value :  4.53011e-07
 Reference value :  4.54505e-07
 Reference value :  4.56192e-07
 Reference value :  4.58290e-07
 Reference value :  4.59444e-07
 Reference value :  4.61778e-07
 Reference value :  4.63323e-07
 Reference value :  4.64996e-07
 Reference value :  4.66907e-07
 Reference value :  4.67819e-07
 Reference value :  4.70047e-07
 Reference value :  4.71221e-07
 Reference value :  4.72839e-07
 Reference value :  4.74817e-07
 Reference value :  4.75760e-07
 Reference value :  4.77614e-07
 Reference value :  4.79670e-07
 Reference value :  4.80574e-07
 Reference value :  4.82044e-07
 Reference value :  4.84027e-07
 Reference value :  4.84382e-07
 Reference value :  4.85744e-07
 Reference value :  4.86919e-07
 Reference value :  4.88477e-07
 Reference value :  4.90218e-07
 Reference value :  4.90303e-07
 Reference value :  4.91810e-07
 Reference value :  4.94107e-07
 Reference value :  4.94524e-07
 Reference value :  4.96726e-07
 Reference value :  4.98200e-07
 Reference value :  4.98866e-07
 Reference value :  5.00850e-07
 Reference value :  5.02601e-07
 Reference value :  5.03218e-07
 Reference value :  5.05380e-07
 Reference value :  5.06288e-07
 Reference value :  5.07466e-07
 Reference value :  5.09521e-07
 Reference value :  5.11692e-07
 Reference value :  5.11775e-07
 Reference value :  5.13879e-07
 Reference value :  5.15785e-07
 Reference value :  5.16045e-07
 Reference value :  5.18279e-07
 Reference value :  5.19437e-07
 Reference value :  5.21010e-07
 Reference value :  5.22668e-07
 Reference value :  5.23551e-07
 Reference value :  5.25428e-07
 Reference value :  5.27369e-07
 Reference value :  5.28789e-07
 Reference value :  5.31028e-07
 Reference value :  5.32896e-07
 Reference value :  5.33227e-07
 Reference value :  5.35489e-07
 Reference value :  5.37618e-07
 Reference value :  5.37744e-07
 Reference value :  5.39901e-07
 Reference value :  5.41700e-07
 Reference value :  5.44043e-07
 Reference value :  5.46013e-07
 Reference value :  5.48078e-07
 Reference value :  5.48280e-07
 Reference value :  5.50664e-07
 Reference value :  5.52705e-07
 Reference value :  5.54449e-07
 Reference value :  5.56665e-07
 Reference value :  5.57516e-07
 Reference value :  5.58791e-07
 Reference value :  5.58806e-07
 Reference value :  5.60914e-07
 Reference value :  5.62946e-07
 Reference value :  5.63049e-07
 Reference value :  5.65137e-07
 Reference value :  5.67132e-07
 Reference value :  5.69399e-07
 Reference value :  5.71431e-07
 Reference value :  5.73801e-07
 Reference value :  5.75536e-07
 Reference value :  5.76717e-07
 Reference value :  5.79832e-07
 Reference value :  5.81987e-07
 Reference value :  5.85482e-07
 Reference value :  5.87577e-07
 Reference value :  5.88346e-07
 Reference value :  5.90489e-07
 Reference value :  5.91172e-07
 Reference value :  5.92370e-07
 Reference value :  5.94498e-07
 Reference value :  5.95367e-07
 Reference value :  5.97661e-07
 Reference value :  5.98949e-07
 Reference value :  6.00517e-07
 Reference value :  6.01990e-07
 Reference value :  6.03425e-07
 Reference value :  6.05123e-07
 Reference value :  6.07008e-07
 Reference value :  6.09126e-07
 Reference value :  6.11102e-07
 Reference value :  6.13099e-07
 Reference value :  6.13248e-07
 Reference value :  6.15507e-07
 Reference value :  6.17506e-07
 Reference value :  6.19361e-07
 Reference value :  6.21367e-07
 Reference value :  6.23572e-07
 Reference value :  6.25171e-07
 Reference value :  6.25587e-07
 Reference value :  6.27885e-07
 Reference value :  6.28731e-07
 Reference value :  6.30000e-07
 Reference value :  6.32081e-07
 Reference value :  6.33965e-07
 Reference value :  6.35978e-07
 Reference value :  6.37003e-07
 Reference value :  6.38171e-07
 Reference value :  6.40380e-07
 Reference value :  6.42314e-07
 Reference value :  6.43831e-07
 Reference value :  6.44927e-07
 Reference value :  6.46462e-07
 Reference value :  6.48136e-07
 Reference value :  6.48552e-07
 Reference value :  6.50115e-07
 Reference value :  6.50639e-07
 Reference value :  6.52758e-07
 Reference value :  6.54528e-07
 Reference value :  6.54767e-07
 Reference value :  6.56905e-07
 Reference value :  6.58911e-07
 Reference value :  6.58984e-07
 Reference value :  6.61209e-07
 Reference value :  6.62019e-07
 Reference value :  6.63095e-07
 Reference value :  6.65268e-07
 Reference value :  6.67060e-07
 Reference value :  6.67298e-07
 Reference value :  6.69551e-07
 Reference value :  6.71419e-07
 Reference value :  6.73482e-07
 Reference value :  6.73613e-07
 Reference value :  6.75510e-07
 Reference value :  6.77657e-07
 Reference value :  6.78488e-07
 Reference value :  6.79623e-07
 Reference value :  6.81375e-07
 Reference value :  6.82704e-07
 Reference value :  6.83720e-07
 Reference value :  6.85870e-07
 Reference value :  6.87812e-07
 Reference value :  6.88008e-07
 Reference value :  6.90308e-07
 Reference value :  6.91039e-07
 Reference value :  6.92062e-07
 Reference value :  6.94114e-07
 Reference value :  6.94971e-07
 Reference value :  6.96073e-07
 Reference value :  6.97620e-07
 Reference value :  6.98754e-07
 Reference value :  7.00280e-07
 Reference value :  7.00355e-07
 Reference value :  7.02326e-07
 Reference value :  7.04350e-07
 Reference value :  7.04503e-07
 Reference value :  7.06425e-07
 Reference value :  7.07942e-07
 Reference value :  7.09874e-07
 Reference value :  7.11214e-07
 Reference value :  7.12473e-07
 Reference value :  7.14452e-07
 Reference value :  7.15064e-07
 Reference value :  7.16577e-07
 Reference value :  7.18551e-07
 Reference value :  7.20091e-07
 Reference value :  7.20703e-07
 Reference value :  7.22688e-07
 Reference value :  7.23675e-07
 Reference value :  7.24890e-07
 Reference value :  7.26928e-07
 Reference value :  7.27048e-07
 Reference value :  7.28899e-07
 Reference value :  7.30913e-07
 Reference value :  7.31640e-07
 Reference value :  7.33015e-07
 Reference value :  7.35178e-07
 Reference value :  7.37177e-07
 Reference value :  7.37320e-07
 Reference value :  7.39375e-07
 Reference value :  7.41181e-07
 Reference value :  7.43181e-07
 Reference value :  7.45151e-07
 Reference value :  7.45366e-07
 Reference value :  7.47480e-07
 Reference value :  7.49000e-07
 Reference value :  7.49287e-07
 Reference value :  7.50328e-07
 Reference value :  7.51985e-07
 Reference value :  7.53641e-07
 Reference value :  7.55664e-07
 Reference value :  7.57410e-07
 Reference value :  7.57480e-07
 Reference value :  7.59703e-07
 Reference value :  7.61601e-07
 Reference value :  7.63618e-07
 Reference value :  7.64556e-07
 Reference value :  7.65937e-07
 Reference value :  7.67737e-07
 Reference value :  7.69560e-07
 Reference value :  7.71555e-07
 Reference value :  7.72684e-07
 Reference value :  7.73644e-07
 Reference value :  7.75685e-07
 Reference value :  7.77598e-07
 Reference value :  7.79705e-07
 Reference value :  7.80632e-07
 Reference value :  7.81644e-07
 Reference value :  7.83772e-07
 Reference value :  7.85801e-07
 Reference value :  7.87813e-07
 Reference value :  7.89375e-07
 Reference value :  7.89795e-07
 Reference value :  7.91833e-07
 Reference value :  7.91952e-07
 Reference value :  7.93629e-07
 Reference value :  7.93854e-07
 Reference value :  7.95922e-07
 Reference value :  7.96592e-07
 Reference value :  7.97905e-07
 Reference value :  7.99876e-07
 Reference value :  8.00449e-07
 Reference value :  8.01833e-07
 Reference value :  8.03827e-07
 Reference value :  8.03959e-07
 Reference value :  8.05787e-07
 Reference value :  8.07947e-07
 Reference value :  8.09843e-07
 Reference value :  8.11954e-07
 Reference value :  8.12079e-07
 Reference value :  8.14104e-07
 Reference value :  8.16075e-07
 Reference value :  8.16820e-07
 Reference value :  8.17920e-07
 Reference value :  8.19939e-07
 Reference value :  8.21920e-07
 Reference value :  8.22032e-07
 Reference value :  8.24064e-07
 Reference value :  8.26052e-07
 Reference value :  8.28276e-07
 Reference value :  8.29857e-07
 Reference value :  8.31831e-07
 Reference value :  8.32731e-07
 Reference value :  8.33729e-07
 Reference value :  8.33801e-07
 Reference value :  8.35846e-07
 Reference value :  8.37689e-07
 Reference value :  8.39250e-07
 Reference value :  8.41628e-07
 Reference value :  8.41743e-07
 Reference value :  8.43599e-07
 Reference value :  8.45804e-07
 Reference value :  8.47943e-07
 Reference value :  8.49300e-07
 Reference value :  8.50925e-07
 Reference value :  8.52272e-07
 Reference value :  8.53450e-07
 Reference value :  8.55446e-07
 Reference value :  8.56927e-07
 Reference value :  8.57349e-07
 Reference value :  8.59389e-07
 Reference value :  8.59520e-07
 Reference value :  8.61408e-07
 Reference value :  8.63392e-07
 Reference value :  8.64183e-07
 Reference value :  8.65541e-07
 Reference value :  8.67265e-07
 Reference value :  8.69131e-07
 Reference value :  8.71244e-07
 Reference value :  8.73108e-07
 Reference value :  8.73215e-07
 Reference value :  8.75189e-07
 Reference value :  8.77011e-07
 Reference value :  8.79097e-07
 Reference value :  8.79212e-07
 Reference value :  8.81047e-07
 Reference value :  8.83044e-07
 Reference value :  8.84877e-07
 Reference value :  8.87004e-07
 Reference value :  8.88779e-07
 Reference value :  8.90768e-07
 Reference value :  8.90890e-07
 Reference value :  8.92289e-07
 Reference value :  8.94025e-07
 Reference value :  8.95109e-07
 Reference value :  8.96762e-07
 Reference value :  8.98617e-07
 Reference value :  8.99338e-07
 Reference value :  9.00493e-07
 Reference value :  9.01732e-07
 Reference value :  9.03470e-07
 Reference value :  9.04495e-07
 Reference value :  9.06497e-07
 Reference value :  9.08084e-07
 Reference value :  9.10199e-07
 Reference value :  9.11052e-07
 Reference value :  9.12690e-07
 Reference value :  9.14545e-07
 Reference value :  9.16436e-07
 Reference value :  9.18331e-07
 Reference value :  9.20129e-07
 Reference value :  9.21701e-07
 Reference value :  9.23091e-07
 Reference value :  9.24115e-07
 Reference value :  9.26058e-07
 Reference value :  9.27450e-07
 Reference value :  9.28075e-07
 Reference value :  9.30087e-07
 Reference value :  9.30921e-07
 Reference value :  9.32181e-07
 Reference value :  9.34108e-07
 Reference value :  9.35916e-07
 Reference value :  9.36036e-07
 Reference value :  9.37900e-07
 Reference value :  9.39834e-07
 Reference value :  9.39989e-07
 Reference value :  9.42006e-07
 Reference value :  9.43976e-07
 Reference value :  9.45863e-07
 Reference value :  9.47691e-07
 Reference value :  9.47848e-07
 Reference value :  9.49810e-07
 Reference value :  9.51488e-07
 Reference value :  9.51706e-07
 Reference value :  9.53793e-07
 Reference value :  9.55492e-07
 Reference value :  9.57434e-07
 Reference value :  9.59061e-07
 Reference value :  9.59551e-07
 Reference value :  9.61487e-07
 Reference value :  9.61615e-07
 Reference value :  9.62526e-07
 Reference value :  9.63309e-07
 Reference value :  9.65287e-07
 Reference value :  9.65407e-07
 Reference value :  9.67343e-07
 Reference value :  9.69316e-07
 Reference value :  9.71193e-07
 Reference value :  9.73397e-07
 Reference value :  9.75055e-07
 Reference value :  9.76906e-07
 Reference value :  9.77400e-07
 Reference value :  9.78664e-07
 Reference value :  9.78880e-07
 Reference value :  9.80640e-07
 Reference value :  9.81518e-07
 Reference value :  9.83284e-07
 Reference value :  9.85054e-07
 Reference value :  9.86681e-07
 Reference value :  9.88641e-07
 Reference value :  9.89973e-07
 Reference value :  9.90590e-07
 Reference value :  9.92546e-07
 Reference value :  9.93285e-07
 Reference value :  9.94353e-07
 Reference value :  9.94974e-07
 Reference value :  9.96652e-07
 Reference value :  9.97756e-07
 Reference value :  9.98370e-07
 Reference value :  1.00034e-06
 Reference value :  1.00176e-06
 Reference value :  1.00372e-06
 Reference value :  1.00495e-06
 Reference value :  1.00614e-06
 Reference value :  1.00813e-06
 Reference value :  1.00980e-06
 Reference value :  1.01003e-06
 Reference value :  1.01202e-06
 Reference value :  1.01348e-06
 Reference value :  1.01391e-06
 Reference value :  1.01589e-06
 Reference value :  1.01775e-06
 Reference value :  1.01788e-06
 Reference value :  1.01986e-06
 Reference value :  1.02171e-06
 Reference value :  1.02340e-06
 Reference value :  1.02460e-06
 Reference value :  1.02583e-06
 Reference value :  1.02761e-06
 Reference value :  1.02869e-06
 Reference value :  1.02931e-06
 Reference value :  1.03131e-06
 Reference value :  1.03143e-06
 Reference value :  1.03314e-06
 Reference value :  1.03513e-06
 Reference value :  1.03515e-06
 Reference value :  1.03603e-06
 Reference value :  1.03706e-06
 Reference value :  1.03901e-06
 Reference value :  1.04092e-06
 Reference value :  1.04108e-06
 Reference value :  1.04296e-06
 Reference value :  1.04487e-06
 Reference value :  1.04675e-06
 Reference value :  1.04688e-06
 Reference value :  1.04860e-06
 Reference value :  1.05025e-06
 Reference value :  1.05136e-06
 Reference value :  1.05366e-06
 Reference value :  1.05502e-06
 Reference value :  1.05624e-06
 Reference value :  1.05823e-06
 Reference value :  1.05908e-06
 Reference value :  1.06013e-06
 Reference value :  1.06207e-06
 Reference value :  1.06404e-06
 Reference value :  1.06590e-06
 Reference value :  1.06781e-06
 Reference value :  1.06791e-06
 Reference value :  1.06981e-06
 Reference value :  1.07161e-06
 Reference value :  1.07168e-06
 Reference value :  1.07359e-06
 Reference value :  1.07371e-06
 Reference value :  1.07553e-06
 Reference value :  1.07748e-06
 Reference value :  1.07934e-06
 Reference value :  1.08096e-06
 Reference value :  1.08210e-06
 Reference value :  1.08455e-06
 Reference value :  1.08622e-06
 Reference value :  1.08683e-06
 Reference value :  1.08858e-06
 Reference value :  1.08927e-06
 Reference value :  1.08988e-06
 Reference value :  1.09065e-06
 Reference value :  1.09114e-06
 Reference value :  1.09283e-06
 Reference value :  1.09402e-06
 Reference value :  1.09443e-06
 Reference value :  1.09641e-06
 Reference value :  1.09652e-06
 Reference value :  1.09852e-06
 Reference value :  1.10029e-06
 Reference value :  1.10123e-06
 Reference value :  1.10333e-06
 Reference value :  1.10488e-06
 Reference value :  1.10588e-06
 Reference value :  1.10792e-06
 Reference value :  1.10804e-06
 Reference value :  1.10974e-06
 Reference value :  1.11180e-06
 Reference value :  1.11193e-06
 Reference value :  1.11368e-06
 Reference value :  1.11564e-06
 Reference value :  1.11721e-06
 Reference value :  1.11933e-06
 Reference value :  1.12048e-06
 Reference value :  1.12130e-06
 Reference value :  1.12301e-06
 Reference value :  1.12343e-06
 Reference value :  1.12473e-06
 Reference value :  1.12515e-06
 Reference value :  1.12721e-06
 Reference value :  1.12898e-06
 Reference value :  1.13088e-06
 Reference value :  1.13175e-06
 Reference value :  1.13291e-06
 Reference value :  1.13508e-06
 Reference value :  1.13668e-06
 Reference value :  1.13848e-06
 Reference value :  1.13870e-06
 Reference value :  1.14059e-06
 Reference value :  1.14061e-06
 Reference value :  1.14246e-06
 Reference value :  1.14445e-06
 Reference value :  1.14641e-06
 Reference value :  1.14819e-06
 Reference value :  1.15010e-06
 Reference value :  1.15138e-06
 Reference value :  1.15199e-06
 Reference value :  1.15407e-06
 Reference value :  1.15499e-06
 Reference value :  1.15578e-06
 Reference value :  1.15754e-06
 Reference value :  1.15863e-06
 Reference value :  1.15965e-06
 Reference value :  1.16149e-06
 Reference value :  1.16304e-06
 Reference value :  1.16341e-06
 Reference value :  1.16533e-06
 Reference value :  1.16684e-06
 Reference value :  1.16726e-06
 Reference value :  1.16868e-06
 Reference value :  1.17004e-06
 Reference value :  1.17101e-06
 Reference value :  1.17306e-06
 Reference value :  1.17484e-06
 Reference value :  1.17675e-06
 Reference value :  1.17688e-06
 Reference value :  1.17726e-06
 Reference value :  1.17853e-06
 Reference value :  1.18053e-06
 Reference value :  1.18214e-06
 Reference value :  1.18236e-06
 Reference value :  1.18430e-06
 Reference value :  1.18491e-06
 Reference value :  1.18622e-06
 Reference value :  1.18793e-06
 Reference value :  1.18889e-06
 Reference value :  1.18983e-06
 Reference value :  1.19160e-06
 Reference value :  1.19179e-06
 Reference value :  1.19366e-06
 Reference value :  1.19546e-06
 Reference value :  1.19549e-06
 Reference value :  1.19670e-06
 Reference value :  1.19865e-06
 Reference value :  1.20000e-06
 Reference value :  1.20137e-06
 Reference value :  1.20317e-06
 Reference value :  1.20496e-06
 Reference value :  1.20679e-06
 Reference value :  1.20880e-06
 Reference value :  1.21058e-06
 Reference value :  1.21143e-06
 Reference value :  1.21246e-06
 Reference value :  1.21436e-06
 Reference value :  1.21615e-06
 Reference value :  1.21630e-06
 Reference value :  1.21814e-06
 Reference value :  1.21903e-06
 Reference value :  1.22053e-06
 Reference value :  1.22225e-06
 Reference value :  1.22374e-06
 Reference value :  1.22555e-06
 Reference value :  1.22659e-06
 Reference value :  1.22742e-06
 Reference value :  1.22931e-06
 Reference value :  1.23113e-06
 Reference value :  1.23115e-06
 Reference value :  1.23295e-06
 Reference value :  1.23398e-06
 Reference value :  1.23480e-06
 Reference value :  1.23675e-06
 Reference value :  1.23850e-06
 Reference value :  1.24052e-06
 Reference value :  1.24231e-06
 Reference value :  1.24244e-06
 Reference value :  1.24415e-06
 Reference value :  1.24559e-06
 Reference value :  1.24726e-06
 Reference value :  1.24835e-06
 Reference value :  1.25003e-06
 Reference value :  1.25190e-06
 Reference value :  1.25337e-06
 Reference value :  1.25530e-06
 Reference value :  1.25703e-06
 Reference value :  1.25892e-06
 Reference value :  1.26082e-06
 Reference value :  1.26090e-06
 Reference value :  1.26269e-06
 Reference value :  1.26362e-06
 Reference value :  1.26463e-06
 Reference value :  1.26665e-06
 Reference value :  1.26845e-06
 Reference value :  1.27021e-06
 Reference value :  1.27174e-06
 Reference value :  1.27199e-06
 Reference value :  1.27385e-06
 Reference value :  1.27525e-06
 Reference value :  1.27564e-06
 Reference value :  1.27742e-06
 Reference value :  1.27751e-06
 Reference value :  1.27820e-06
 Reference value :  1.27955e-06
 Reference value :  1.28126e-06
 Reference value :  1.28213e-06
 Reference value :  1.28296e-06
 Reference value :  1.28484e-06
 Reference value :  1.28625e-06
 Reference value :  1.28668e-06
 Reference value :  1.28835e-06
 Reference value :  1.28952e-06
 Reference value :  1.29171e-06
 Reference value :  1.29248e-06
 Reference value :  1.29431e-06
 Reference value :  1.29616e-06
 Reference value :  1.29805e-06
 Reference value :  1.30000e-06
 Reference value :  1.30176e-06
 Reference value :  1.30178e-06
 Reference value :  1.30361e-06
 Reference value :  1.30449e-06
 Reference value :  1.30552e-06
 Reference value :  1.30742e-06
 Reference value :  1.30897e-06
 Reference value :  1.31113e-06
 Reference value :  1.31188e-06
 Reference value :  1.31321e-06
 Reference value :  1.31507e-06
 Reference value :  1.31660e-06
 Reference value :  1.31835e-06
 Reference value :  1.31963e-06
 Reference value :  1.32045e-06
 Reference value :  1.32230e-06
 Reference value :  1.32244e-06
 Reference value :  1.32413e-06
 Reference value :  1.32551e-06
 Reference value :  1.32613e-06
 Reference value :  1.32762e-06
 Reference value :  1.32804e-06
 Reference value :  1.32989e-06
 Reference value :  1.33170e-06
 Reference value :  1.33364e-06
 Reference value :  1.33539e-06
 Reference value :  1.33730e-06
 Reference value :  1.33895e-06
 Reference value :  1.33919e-06
 Reference value :  1.34110e-06
 Reference value :  1.34122e-06
 Reference value :  1.34216e-06
 Reference value :  1.34294e-06
 Reference value :  1.34488e-06
 Reference value :  1.34669e-06
 Reference value :  1.34674e-06
 Reference value :  1.34856e-06
 Reference value :  1.35006e-06
 Reference value :  1.35207e-06
 Reference value :  1.35350e-06
 Reference value :  1.35407e-06
 Reference value :  1.35596e-06
 Reference value :  1.35780e-06
 Reference value :  1.35969e-06
 Reference value :  1.36008e-06
 Reference value :  1.36336e-06
 Reference value :  1.36472e-06
 Reference value :  1.36519e-06
 Reference value :  1.36716e-06
 Reference value :  1.36830e-06
 Reference value :  1.36892e-06
 Reference value :  1.37069e-06
 Reference value :  1.37152e-06
 Reference value :  1.37257e-06
 Reference value :  1.37268e-06
 Reference value :  1.37445e-06
 Reference value :  1.37526e-06
 Reference value :  1.37688e-06
 Reference value :  1.37836e-06
 Reference value :  1.38001e-06
 Reference value :  1.38199e-06
 Reference value :  1.38367e-06
 Reference value :  1.38556e-06
 Reference value :  1.38752e-06
 Reference value :  1.38921e-06
 Reference value :  1.39010e-06
 Reference value :  1.39113e-06
 Reference value :  1.39298e-06
 Reference value :  1.39467e-06
 Reference value :  1.39502e-06
 Reference value :  1.39686e-06
 Reference value :  1.39858e-06
 Reference value :  1.39865e-06
 Reference value :  1.40065e-06
 Reference value :  1.40172e-06
 Reference value :  1.40368e-06
 Reference value :  1.40476e-06
 Reference value :  1.40574e-06
 Reference value :  1.40622e-06
 Reference value :  1.40805e-06
 Reference value :  1.40827e-06
 Reference value :  1.41004e-06
 Reference value :  1.41192e-06
 Reference value :  1.41352e-06
 Reference value :  1.41564e-06
 Reference value :  1.41677e-06
 Reference value :  1.41758e-06
 Reference value :  1.41956e-06
 Reference value :  1.42131e-06
 Reference value :  1.42323e-06
 Reference value :  1.42336e-06
 Reference value :  1.42513e-06
 Reference value :  1.42704e-06
 Reference value :  1.42735e-06
 Reference value :  1.42882e-06
 Reference value :  1.43104e-06
 Reference value :  1.43280e-06
 Reference value :  1.43448e-06
 Reference value :  1.43538e-06
 Reference value :  1.43650e-06
 Reference value :  1.43831e-06
 Reference value :  1.44006e-06
 Reference value :  1.44198e-06
 Reference value :  1.44383e-06
 Reference value :  1.44579e-06
 Reference value :  1.44742e-06
 Reference value :  1.44900e-06
 Reference value :  1.44987e-06
 Reference value :  1.45124e-06
 Reference value :  1.45329e-06
 Reference value :  1.45495e-06
 Reference value :  1.45677e-06
 Reference value :  1.45860e-06
 Reference value :  1.46052e-06
 Reference value :  1.46160e-06
 Reference value :  1.46355e-06
 Reference value :  1.46455e-06
 Reference value :  1.46575e-06
 Reference value :  1.46663e-06
 Reference value :  1.46828e-06
 Reference value :  1.46973e-06
 Reference value :  1.47161e-06
 Reference value :  1.47173e-06
 Reference value :  1.47347e-06
 Reference value :  1.47562e-06
 Reference value :  1.47747e-06
 Reference value :  1.47902e-06
 Reference value :  1.48068e-06
 Reference value :  1.48090e-06
 Reference value :  1.48269e-06
 Reference value :  1.48280e-06
 Reference value :  1.48465e-06
 Reference value :  1.48653e-06
 Reference value :  1.48851e-06
 Reference value :  1.49036e-06
 Reference value :  1.49202e-06
 Reference value :  1.49390e-06
 Reference value :  1.49497e-06
 Reference value :  1.49579e-06
 Reference value :  1.49775e-06
 Reference value :  1.49787e-06
 Reference value :  1.49875e-06
 Reference value :  1.49992e-06
 Reference value :  1.50148e-06
 Reference value :  1.50342e-06
 Reference value :  1.50353e-06
 Reference value :  1.50535e-06
 Reference value :  1.50548e-06
 Reference value :  1.50731e-06
 Reference value :  1.50910e-06
 Reference value :  1.51109e-06
 Reference value :  1.51294e-06
 Reference value :  1.51459e-06
 Reference value :  1.51486e-06
 Reference value :  1.51674e-06
 Reference value :  1.51687e-06
 Reference value :  1.51860e-06
 Reference value :  1.52059e-06
 Reference value :  1.52241e-06
 Reference value :  1.52242e-06
 Reference value :  1.52434e-06
 Reference value :  1.52533e-06
 Reference value :  1.52670e-06
 Reference value :  1.52790e-06
 Reference value :  1.52882e-06
 Reference value :  1.53015e-06
 Reference value :  1.53197e-06
 Reference value :  1.53394e-06
 Reference value :  1.53564e-06
 Reference value :  1.53752e-06
 Reference value :  1.53940e-06
 Reference value :  1.54112e-06
 Reference value :  1.54290e-06
 Reference value :  1.54351e-06
 Reference value :  1.54566e-06
 Reference value :  1.54721e-06
 Reference value :  1.54862e-06
 Reference value :  1.55025e-06
 Reference value :  1.55118e-06
 Reference value :  1.55267e-06
 Reference value :  1.55469e-06
 Reference value :  1.55575e-06
 Reference value :  1.55616e-06
 Reference value :  1.55806e-06
 Reference value :  1.55842e-06
 Reference value :  1.55993e-06
 Reference value :  1.56112e-06
 Reference value :  1.56174e-06
 Reference value :  1.56231e-06
 Reference value :  1.56376e-06
 Reference value :  1.56550e-06
 Reference value :  1.56733e-06
 Reference value :  1.56734e-06
 Reference value :  1.56924e-06
 Reference value :  1.57107e-06
 Reference value :  1.57317e-06
 Reference value :  1.57476e-06
 Reference value :  1.57664e-06
 Reference value :  1.57846e-06
 Reference value :  1.58027e-06
 Reference value :  1.58031e-06
 Reference value :  1.58228e-06
 Reference value :  1.58394e-06
 Reference value :  1.58588e-06
 Reference value :  1.58780e-06
 Reference value :  1.58792e-06
 Reference value :  1.58965e-06
 Reference value :  1.59155e-06
 Reference value :  1.59220e-06
 Reference value :  1.59365e-06
 Reference value :  1.59551e-06
 Reference value :  1.59717e-06
 Reference value :  1.59910e-06
 Reference value :  1.60025e-06
 Reference value :  1.60232e-06
 Reference value :  1.60294e-06
 Reference value :  1.60491e-06
 Reference value :  1.60664e-06
 Reference value :  1.60741e-06
 Reference value :  1.60872e-06
 Reference value :  1.61087e-06
 Reference value :  1.61253e-06
 Reference value :  1.61451e-06
 Reference value :  1.61631e-06
 Reference value :  1.61835e-06
 Reference value :  1.61855e-06
 Reference value :  1.62024e-06
 Reference value :  1.62208e-06
 Reference value :  1.62267e-06
 Reference value :  1.62405e-06
 Reference value :  1.62592e-06
 Reference value :  1.62605e-06
 Reference value :  1.62775e-06
 Reference value :  1.62961e-06
 Reference value :  1.63167e-06
 Reference value :  1.63372e-06
 Reference value :  1.63535e-06
 Reference value :  1.63747e-06
 Reference value :  1.63901e-06
 Reference value :  1.64091e-06
 Reference value :  1.64276e-06
 Reference value :  1.64460e-06
 Reference value :  1.64664e-06
 Reference value :  1.64861e-06
 Reference value :  1.64961e-06
 Reference value :  1.65038e-06
 Reference value :  1.65228e-06
 Reference value :  1.65307e-06
 Reference value :  1.65396e-06
 Reference value :  1.65576e-06
 Reference value :  1.65676e-06
 Reference value :  1.65756e-06
 Reference value :  1.65947e-06
 Reference value :  1.66086e-06
 Reference value :  1.66270e-06
 Reference value :  1.66369e-06
 Reference value :  1.66512e-06
 Reference value :  1.66697e-06
 Reference value :  1.66710e-06
 Reference value :  1.66878e-06
 Reference value :  1.67084e-06
 Reference value :  1.67170e-06
 Reference value :  1.67257e-06
 Reference value :  1.67468e-06
 Reference value :  1.67666e-06
 Reference value :  1.67837e-06
 Reference value :  1.68019e-06
 Reference value :  1.68213e-06
 Reference value :  1.68389e-06
 Reference value :  1.68584e-06
 Reference value :  1.68701e-06
 Reference value :  1.68761e-06
 Reference value :  1.68968e-06
 Reference value :  1.69148e-06
 Reference value :  1.69338e-06
 Reference value :  1.69531e-06
 Reference value :  1.69732e-06
 Reference value :  1.69893e-06
 Reference value :  1.70095e-06
 Reference value :  1.70272e-06
 Reference value :  1.70479e-06
 Reference value :  1.70497e-06
 Reference value :  1.70669e-06
 Reference value :  1.70870e-06
 Reference value :  1.71037e-06
 Reference value :  1.71237e-06
 Reference value :  1.71258e-06
 Reference value :  1.71429e-06
 Reference value :  1.71634e-06
 Reference value :  1.71766e-06
 Reference value :  1.71920e-06
 Reference value :  1.72110e-06
 Reference value :  1.72193e-06
 Reference value :  1.72382e-06
 Reference value :  1.72531e-06
 Reference value :  1.72573e-06
 Reference value :  1.72768e-06
 Reference value :  1.72951e-06
 Reference value :  1.72968e-06
 Reference value :  1.73180e-06
 Reference value :  1.73335e-06
 Reference value :  1.73546e-06
 Reference value :  1.73701e-06
 Reference value :  1.73908e-06
 Reference value :  1.74086e-06
 Reference value :  1.74087e-06
 Reference value :  1.74287e-06
 Reference value :  1.74461e-06
 Reference value :  1.74474e-06
 Reference value :  1.74648e-06
 Reference value :  1.74712e-06
 Reference value :  1.74825e-06
 Reference value :  1.74841e-06
 Reference value :  1.75000e-06
 Reference value :  1.75071e-06
 Reference value :  1.75199e-06
 Reference value :  1.75388e-06
 Reference value :  1.75589e-06
 Reference value :  1.75761e-06
 Reference value :  1.75944e-06
 Reference value :  1.76153e-06
 Reference value :  1.76318e-06
 Reference value :  1.76511e-06
 Reference value :  1.76659e-06
 Reference value :  1.76700e-06
 Reference value :  1.76902e-06
 Reference value :  1.77065e-06
 Reference value :  1.77268e-06
 Reference value :  1.77448e-06
 Reference value :  1.77635e-06
 Reference value :  1.77656e-06
 Reference value :  1.77819e-06
 Reference value :  1.78001e-06
 Reference value :  1.78084e-06
 Reference value :  1.78205e-06
 Reference value :  1.78385e-06
 Reference value :  1.78578e-06
 Reference value :  1.78771e-06
 Reference value :  1.78948e-06
 Reference value :  1.79086e-06
 Reference value :  1.79145e-06
 Reference value :  1.79332e-06
 Reference value :  1.79348e-06
 Reference value :  1.79534e-06
 Reference value :  1.79717e-06
 Reference value :  1.79901e-06
 Reference value :  1.80070e-06
 Reference value :  1.80086e-06
 Reference value :  1.80267e-06
 Reference value :  1.80364e-06
 Reference value :  1.80464e-06
 Reference value :  1.80661e-06
 Reference value :  1.80673e-06
 Reference value :  1.80855e-06
 Reference value :  1.81052e-06
 Reference value :  1.81173e-06
 Reference value :  1.81232e-06
 Reference value :  1.81424e-06
 Reference value :  1.81595e-06
 Reference value :  1.81769e-06
 Reference value :  1.81857e-06
 Reference value :  1.82177e-06
 Reference value :  1.82321e-06
 Reference value :  1.82383e-06
 Reference value :  1.82564e-06
 Reference value :  1.82734e-06
 Reference value :  1.82959e-06
 Reference value :  1.83137e-06
 Reference value :  1.83317e-06
 Reference value :  1.83410e-06
 Reference value :  1.83685e-06
 Reference value :  1.83865e-06
 Reference value :  1.83885e-06
 Reference value :  1.84066e-06
 Reference value :  1.84138e-06
 Reference value :  1.84267e-06
 Reference value :  1.84445e-06
 Reference value :  1.84529e-06
 Reference value :  1.84627e-06
 Reference value :  1.84818e-06
 Reference value :  1.85006e-06
 Reference value :  1.85197e-06
 Reference value :  1.85375e-06
 Reference value :  1.85379e-06
 Reference value :  1.85575e-06
 Reference value :  1.85752e-06
 Reference value :  1.85945e-06
 Reference value :  1.86105e-06
 Reference value :  1.86120e-06
 Reference value :  1.86301e-06
 Reference value :  1.86475e-06
 Reference value :  1.86648e-06
 Reference value :  1.86821e-06
 Reference value :  1.87011e-06
 Reference value :  1.87135e-06
 Reference value :  1.87196e-06
 Reference value :  1.87388e-06
 Reference value :  1.87464e-06
 Reference value :  1.87555e-06
 Reference value :  1.87743e-06
 Reference value :  1.87921e-06
 Reference value :  1.87923e-06
 Reference value :  1.88113e-06
 Reference value :  1.88278e-06
 Reference value :  1.88466e-06
 Reference value :  1.88654e-06
 Reference value :  1.88655e-06
 Reference value :  1.88843e-06
 Reference value :  1.88986e-06
 Reference value :  1.89008e-06
 Reference value :  1.89197e-06
 Reference value :  1.89353e-06
 Reference value :  1.89545e-06
 Reference value :  1.89711e-06
 Reference value :  1.89836e-06
 Reference value :  1.89954e-06
 Reference value :  1.90070e-06
 Reference value :  1.90253e-06
 Reference value :  1.90342e-06
 Reference value :  1.90428e-06
 Reference value :  1.90625e-06
 Reference value :  1.90808e-06
 Reference value :  1.90966e-06
 Reference value :  1.91060e-06
 Reference value :  1.91141e-06
 Reference value :  1.91327e-06
 Reference value :  1.91495e-06
 Reference value :  1.91508e-06
 Reference value :  1.91694e-06
 Reference value :  1.91845e-06
 Reference value :  1.92057e-06
 Reference value :  1.92227e-06
 Reference value :  1.92401e-06
 Reference value :  1.92556e-06
 Reference value :  1.92732e-06
 Reference value :  1.92844e-06
 Reference value :  1.92907e-06
 Reference value :  1.93081e-06
 Reference value :  1.93087e-06
 Reference value :  1.93165e-06
 Reference value :  1.93254e-06
 Reference value :  1.93389e-06
 Reference value :  1.93490e-06
 Reference value :  1.93612e-06
 Reference value :  1.93789e-06
 Reference value :  1.93830e-06
 Reference value :  1.94137e-06
 Reference value :  1.94320e-06
 Reference value :  1.94552e-06
 Reference value :  1.94675e-06
 Reference value :  1.94913e-06
 Reference value :  1.95090e-06
 Reference value :  1.95376e-06
 Reference value :  1.95579e-06
 Reference value :  1.95729e-06
 Reference value :  1.95921e-06
 Reference value :  1.96034e-06
 Reference value :  1.96096e-06
 Reference value :  1.96260e-06
 Reference value :  1.96352e-06
 Reference value :  1.96446e-06
 Reference value :  1.96627e-06
 Reference value :  1.96639e-06
 Reference value :  1.96798e-06
 Reference value :  1.96957e-06
 Reference value :  1.97057e-06
 Reference value :  1.97287e-06
 Reference value :  1.97349e-06
 Reference value :  1.97519e-06
 Reference value :  1.97688e-06
 Reference value :  1.97825e-06
 Reference value :  1.98015e-06
 Reference value :  1.98087e-06
 Reference value :  1.98245e-06
 Reference value :  1.98426e-06
 Reference value :  1.98565e-06
 Reference value :  1.98605e-06
 Reference value :  1.98815e-06
 Reference value :  1.98966e-06
 Reference value :  1.99141e-06
 Reference value :  1.99196e-06
 Reference value :  1.99347e-06
 Reference value :  1.99541e-06
 Reference value :  1.99704e-06
 Reference value :  1.99885e-06
 Reference value :  2.00050e-06
 Reference value :  2.00079e-06
 Reference value :  2.00263e-06
 Reference value :  2.00429e-06
 Reference value :  2.00465e-06
 Reference value :  2.00648e-06
 Reference value :  2.00808e-06
 Reference value :  2.00820e-06
 Reference value :  2.01005e-06
 Reference value :  2.01016e-06
 Reference value :  2.01206e-06
 Reference value :  2.01400e-06
 Reference value :  2.01569e-06
 Reference value :  2.01748e-06
 Reference value :  2.01870e-06
 Reference value :  2.01929e-06
 Reference value :  2.02116e-06
 Reference value :  2.02130e-06
 Reference value :  2.02218e-06
 Reference value :  2.02305e-06
 Reference value :  2.02431e-06
 Reference value :  2.02541e-06
 Reference value :  2.02667e-06
 Reference value :  2.02865e-06
 Reference value :  2.03037e-06
 Reference value :  2.03048e-06
 Reference value :  2.03231e-06
 Reference value :  2.03405e-06
 Reference value :  2.03589e-06
 Reference value :  2.03603e-06
 Reference value :  2.03798e-06
 Reference value :  2.03965e-06
 Reference value :  2.04151e-06
 Reference value :  2.04334e-06
 Reference value :  2.04529e-06
 Reference value :  2.04700e-06
 Reference value :  2.04845e-06
 Reference value :  2.05025e-06
 Reference value :  2.05182e-06
 Reference value :  2.05263e-06
 Reference value :  2.05441e-06
 Reference value :  2.05542e-06
 Reference value :  2.05640e-06
 Reference value :  2.05827e-06
 Reference value :  2.06027e-06
 Reference value :  2.06208e-06
 Reference value :  2.06368e-06
 Reference value :  2.06389e-06
 Reference value :  2.06595e-06
 Reference value :  2.06764e-06
 Reference value :  2.06910e-06
 Reference value :  2.07010e-06
 Reference value :  2.07145e-06
 Reference value :  2.07335e-06
 Reference value :  2.07516e-06
 Reference value :  2.07708e-06
 Reference value :  2.07839e-06
 Reference value :  2.07899e-06
 Reference value :  2.08101e-06
 Reference value :  2.08246e-06
 Reference value :  2.08270e-06
 Reference value :  2.08446e-06
 Reference value :  2.08465e-06
 Reference value :  2.08550e-06
 Reference value :  2.08644e-06
 Reference value :  2.08803e-06
 Reference value :  2.08842e-06
 Reference value :  2.08951e-06
 Reference value :  2.09033e-06
 Reference value :  2.09219e-06
 Reference value :  2.09230e-06
 Reference value :  2.09413e-06
 Reference value :  2.09607e-06
 Reference value :  2.09764e-06
 Reference value :  2.09812e-06
 Reference value :  2.10002e-06
 Reference value :  2.10101e-06
 Reference value :  2.10183e-06
 Reference value :  2.10382e-06
 Reference value :  2.10536e-06
 Reference value :  2.10744e-06
 Reference value :  2.10808e-06
 Reference value :  2.10998e-06
 Reference value :  2.11176e-06
 Reference value :  2.11316e-06
 Reference value :  2.11390e-06
 Reference value :  2.11510e-06
 Reference value :  2.11567e-06
 Reference value :  2.11661e-06
 Reference value :  2.11715e-06
 Reference value :  2.11852e-06
 Reference value :  2.11941e-06
 Reference value :  2.12106e-06
 Reference value :  2.12319e-06
 Reference value :  2.12493e-06
 Reference value :  2.12651e-06
 Reference value :  2.12827e-06
 Reference value :  2.12843e-06
 Reference value :  2.13033e-06
 Reference value :  2.13213e-06
 Reference value :  2.13400e-06
 Reference value :  2.13466e-06
 Reference value :  2.13594e-06
 Reference value :  2.13766e-06
 Reference value :  2.13967e-06
 Reference value :  2.14026e-06
 Reference value :  2.14165e-06
 Reference value :  2.14364e-06
 Reference value :  2.14541e-06
 Reference value :  2.14675e-06
 Reference value :  2.14801e-06
 Reference value :  2.14956e-06
 Reference value :  2.15062e-06
 Reference value :  2.15272e-06
 Reference value :  2.15284e-06
 Reference value :  2.15460e-06
 Reference value :  2.15644e-06
 Reference value :  2.15657e-06
 Reference value :  2.15847e-06
 Reference value :  2.16020e-06
 Reference value :  2.16185e-06
 Reference value :  2.16352e-06
 Reference value :  2.16428e-06
 Reference value :  2.16576e-06
 Reference value :  2.16731e-06
 Reference value :  2.16894e-06
 Reference value :  2.16921e-06
 Reference value :  2.17105e-06
 Reference value :  2.17272e-06
 Reference value :  2.17440e-06
 Reference value :  2.17560e-06
 Reference value :  2.17642e-06
 Reference value :  2.17820e-06
 Reference value :  2.17897e-06
 Reference value :  2.17994e-06
 Reference value :  2.18002e-06
 Reference value :  2.18193e-06
 Reference value :  2.18368e-06
 Reference value :  2.18532e-06
 Reference value :  2.18632e-06
 Reference value :  2.18883e-06
 Reference value :  2.19071e-06
 Reference value :  2.19238e-06
 Reference value :  2.19369e-06
 Reference value :  2.19465e-06
 Reference value :  2.19635e-06
 Reference value :  2.19776e-06
 Reference value :  2.19944e-06
 Reference value :  2.20043e-06
 Reference value :  2.20190e-06
 Reference value :  2.20359e-06
 Reference value :  2.20487e-06
 Reference value :  2.20488e-06
 Reference value :  2.20662e-06
 Reference value :  2.20675e-06
 Reference value :  2.20753e-06
 Reference value :  2.20862e-06
 Reference value :  2.21021e-06
 Reference value :  2.21097e-06
 Reference value :  2.21220e-06
 Reference value :  2.21423e-06
 Reference value :  2.21585e-06
 Reference value :  2.21704e-06
 Reference value :  2.21867e-06
 Reference value :  2.22016e-06
 Reference value :  2.22131e-06
 Reference value :  2.22230e-06
 Reference value :  2.22404e-06
 Reference value :  2.22471e-06
 Reference value :  2.22573e-06
 Reference value :  2.22745e-06
 Reference value :  2.22880e-06
 Reference value :  2.23050e-06
 Reference value :  2.23138e-06
 Reference value :  2.23284e-06
 Reference value :  2.23469e-06
 Reference value :  2.23482e-06
 Reference value :  2.23636e-06
 Reference value :  2.23817e-06
 Reference value :  2.23830e-06
 Reference value :  2.23915e-06
 Reference value :  2.23994e-06
 Reference value :  2.24174e-06
 Reference value :  2.24353e-06
 Reference value :  2.24518e-06
 Reference value :  2.24533e-06
 Reference value :  2.24724e-06
 Reference value :  2.24926e-06
 Reference value :  2.25044e-06
 Reference value :  2.25233e-06
 Reference value :  2.25346e-06
 Reference value :  2.25571e-06
 Reference value :  2.25758e-06
 Reference value :  2.25928e-06
 Reference value :  2.25946e-06
 Reference value :  2.26031e-06
 Reference value :  2.26132e-06
 Reference value :  2.26317e-06
 Reference value :  2.26318e-06
 Reference value :  2.26441e-06
 Reference value :  2.26657e-06
 Reference value :  2.26717e-06
 Reference value :  2.26813e-06
 Reference value :  2.26850e-06
 Reference value :  2.27036e-06
 Reference value :  2.27182e-06
 Reference value :  2.27332e-06
 Reference value :  2.27445e-06
 Reference value :  2.27647e-06
 Reference value :  2.27765e-06
 Reference value :  2.27877e-06
 Reference value :  2.27939e-06
 Reference value :  2.28086e-06
 Reference value :  2.28203e-06
 Reference value :  2.28429e-06
 Reference value :  2.28555e-06
 Reference value :  2.28687e-06
 Reference value :  2.28878e-06
 Reference value :  2.29047e-06
 Reference value :  2.29228e-06
 Reference value :  2.29243e-06
 Reference value :  2.29409e-06
 Reference value :  2.29565e-06
 Reference value :  2.29636e-06
 Reference value :  2.29784e-06
 Reference value :  2.29795e-06
 Reference value :  2.29987e-06
 Reference value :  2.30059e-06
 Reference value :  2.30162e-06
 Reference value :  2.30271e-06
 Reference value :  2.30365e-06
 Reference value :  2.30545e-06
 Reference value :  2.30736e-06
 Reference value :  2.30912e-06
 Reference value :  2.31107e-06
 Reference value :  2.31253e-06
 Reference value :  2.31295e-06
 Reference value :  2.31494e-06
 Reference value :  2.31648e-06
 Reference value :  2.31668e-06
 Reference value :  2.31864e-06
 Reference value :  2.32058e-06
 Reference value :  2.32237e-06
 Reference value :  2.32333e-06
 Reference value :  2.32441e-06
 Reference value :  2.32637e-06
 Reference value :  2.32768e-06
 Reference value :  2.32809e-06
 Reference value :  2.33004e-06
 Reference value :  2.33077e-06
 Reference value :  2.33200e-06
 Reference value :  2.33388e-06
 Reference value :  2.33570e-06
 Reference value :  2.33581e-06
 Reference value :  2.33780e-06
 Reference value :  2.33793e-06
 Reference value :  2.33976e-06
 Reference value :  2.34173e-06
 Reference value :  2.34364e-06
 Reference value :  2.34371e-06
 Reference value :  2.34579e-06
 Reference value :  2.34745e-06
 Reference value :  2.34751e-06
 Reference value :  2.34941e-06
 Reference value :  2.35030e-06
 Reference value :  2.35134e-06
 Reference value :  2.35315e-06
 Reference value :  2.35400e-06
 Reference value :  2.35607e-06
 Reference value :  2.35779e-06
 Reference value :  2.35905e-06
 Reference value :  2.36105e-06
 Reference value :  2.36176e-06
 Reference value :  2.36420e-06
 Reference value :  2.36574e-06
 Reference value :  2.36695e-06
 Reference value :  2.36892e-06
 Reference value :  2.37037e-06
 Reference value :  2.37076e-06
 Reference value :  2.37285e-06
 Reference value :  2.37467e-06
 Reference value :  2.37478e-06
 Reference value :  2.37682e-06
 Reference value :  2.37860e-06
 Reference value :  2.38057e-06
 Reference value :  2.38255e-06
 Reference value :  2.38452e-06
 Reference value :  2.38649e-06
 Reference value :  2.38651e-06
 Reference value :  2.38848e-06
 Reference value :  2.38966e-06
 Reference value :  2.39073e-06
 Reference value :  2.39250e-06
 Reference value :  2.39328e-06
 Reference value :  2.39435e-06
 Reference value :  2.39629e-06
 Reference value :  2.39707e-06
 Reference value :  2.39820e-06
 Reference value :  2.40017e-06
 Reference value :  2.40112e-06
 Reference value :  2.40219e-06
 Reference value :  2.40351e-06
 Reference value :  2.40491e-06
 Reference value :  2.40672e-06
 Reference value :  2.40854e-06
 Reference value :  2.41013e-06
 Reference value :  2.41217e-06
 Reference value :  2.41329e-06
 Reference value :  2.41408e-06
 Reference value :  2.41612e-06
 Reference value :  2.41614e-06
 Reference value :  2.41803e-06
 Reference value :  2.42006e-06
 Reference value :  2.42019e-06
 Reference value :  2.42201e-06
 Reference value :  2.42400e-06
 Reference value :  2.42412e-06
 Reference value :  2.42584e-06
 Reference value :  2.42778e-06
 Reference value :  2.42857e-06
 Reference value :  2.42975e-06
 Reference value :  2.43017e-06
 Reference value :  2.43211e-06
 Reference value :  2.43413e-06
 Reference value :  2.43613e-06
 Reference value :  2.43836e-06
 Reference value :  2.44040e-06
 Reference value :  2.44207e-06
 Reference value :  2.44215e-06
 Reference value :  2.44408e-06
 Reference value :  2.44507e-06
 Reference value :  2.44609e-06
 Reference value :  2.44816e-06
 Reference value :  2.44906e-06
 Reference value :  2.45069e-06
 Reference value :  2.45287e-06
 Reference value :  2.45422e-06
 Reference value :  2.45628e-06
 Reference value :  2.45749e-06
 Reference value :  2.45962e-06
 Reference value :  2.46064e-06
 Reference value :  2.46170e-06
 Reference value :  2.46231e-06
 Reference value :  2.46420e-06
 Reference value :  2.46447e-06
 Reference value :  2.46639e-06
 Reference value :  2.46654e-06
 Reference value :  2.46858e-06
 Reference value :  2.47037e-06
 Reference value :  2.47249e-06
 Reference value :  2.47407e-06
 Reference value :  2.47449e-06
 Reference value :  2.47652e-06
 Reference value :  2.47742e-06
 Reference value :  2.47844e-06
 Reference value :  2.48019e-06
 Reference value :  2.48193e-06
 Reference value :  2.48447e-06
 Reference value :  2.48525e-06
 Reference value :  2.48786e-06
 Reference value :  2.48924e-06
 Reference value :  2.49059e-06
 Reference value :  2.49063e-06
 Reference value :  2.49261e-06
 Reference value :  2.49341e-06
 Reference value :  2.49463e-06
 Reference value :  2.49607e-06
 Reference value :  2.49670e-06
 Reference value :  2.49726e-06
 Reference value :  2.49890e-06
 Reference value :  2.50091e-06
 Reference value :  2.50196e-06
 Reference value :  2.50335e-06
 Reference value :  2.50491e-06
 Reference value :  2.50672e-06
 Reference value :  2.50888e-06
 Reference value :  2.51068e-06
 Reference value :  2.51095e-06
 Reference value :  2.51300e-06
 Reference value :  2.51492e-06
 Reference value :  2.51499e-06
 Reference value :  2.51705e-06
 Reference value :  2.51919e-06
 Reference value :  2.52112e-06
 Reference value :  2.52298e-06
 Reference value :  2.52469e-06
 Reference value :  2.52607e-06
 Reference value :  2.52723e-06
 Reference value :  2.52908e-06
 Reference value :  2.52929e-06
 Reference value :  2.53046e-06
 Reference value :  2.53128e-06
 Reference value :  2.53349e-06
 Reference value :  2.53563e-06
 Reference value :  2.53787e-06
 Reference value :  2.53981e-06
 Reference value :  2.54210e-06
 Reference value :  2.54367e-06
 Reference value :  2.54588e-06
 Reference value :  2.54730e-06
 Reference value :  2.54771e-06
 Reference value :  2.54985e-06
 Reference value :  2.55099e-06
 Reference value :  2.55181e-06
 Reference value :  2.55389e-06
 Reference value :  2.55403e-06
 Reference value :  2.55587e-06
 Reference value :  2.55815e-06
 Reference value :  2.55919e-06
 Reference value :  2.56001e-06
 Reference value :  2.56196e-06
 Reference value :  2.56261e-06
 Reference value :  2.56360e-06
 Reference value :  2.56377e-06
 Reference value :  2.56418e-06
 Reference value :  2.56620e-06
 Reference value :  2.56831e-06
 Reference value :  2.57038e-06
 Reference value :  2.57206e-06
 Reference value :  2.57226e-06
 Reference value :  2.57424e-06
 Reference value :  2.57437e-06
 Reference value :  2.57639e-06
 Reference value :  2.57845e-06
 Reference value :  2.57987e-06
 Reference value :  2.58050e-06
 Reference value :  2.58254e-06
 Reference value :  2.58439e-06
 Reference value :  2.58655e-06
 Reference value :  2.58747e-06
 Reference value :  2.58848e-06
 Reference value :  2.59055e-06
 Reference value :  2.59200e-06
 Reference value :  2.59262e-06
 Reference value :  2.59468e-06
 Reference value :  2.59558e-06
 Reference value :  2.59675e-06
 Reference value :  2.59892e-06
 Reference value :  2.60013e-06
 Reference value :  2.60169e-06
 Reference value :  2.60309e-06
 Reference value :  2.60515e-06
 Reference value :  2.60720e-06
 Reference value :  2.60891e-06
 Reference value :  2.61094e-06
 Reference value :  2.61107e-06
 Reference value :  2.61295e-06
 Reference value :  2.61515e-06
 Reference value :  2.61642e-06
 Reference value :  2.61836e-06
 Reference value :  2.61986e-06
 Reference value :  2.62115e-06
 Reference value :  2.62345e-06
 Reference value :  2.62537e-06
 Reference value :  2.62752e-06
 Reference value :  2.62941e-06
 Reference value :  2.63152e-06
 Reference value :  2.63216e-06
 Reference value :  2.63359e-06
 Reference value :  2.63582e-06
 Reference value :  2.63765e-06
 Reference value :  2.63972e-06
 Reference value :  2.63985e-06
 Reference value :  2.64199e-06
 Reference value :  2.64418e-06
 Reference value :  2.64582e-06
 Reference value :  2.64779e-06
 Reference value :  2.64902e-06
 Reference value :  2.65125e-06
 Reference value :  2.65203e-06
 Reference value :  2.65423e-06
 Reference value :  2.65633e-06
 Reference value :  2.65823e-06
 Reference value :  2.66020e-06
 Reference value :  2.66152e-06
 Reference value :  2.66211e-06
 Reference value :  2.66393e-06
 Reference value :  2.66467e-06
 Reference value :  2.66601e-06
 Reference value :  2.66824e-06
 Reference value :  2.67035e-06
 Reference value :  2.67229e-06
 Reference value :  2.67326e-06
 Reference value :  2.67493e-06
 Reference value :  2.67688e-06
 Reference value :  2.67867e-06
 Reference value :  2.68028e-06
 Reference value :  2.68144e-06
 Reference value :  2.68396e-06
 Reference value :  2.68573e-06
 Reference value :  2.68634e-06
 Reference value :  2.68845e-06
 Reference value :  2.68858e-06
 Reference value :  2.69057e-06
 Reference value :  2.69262e-06
 Reference value :  2.69413e-06
 Reference value :  2.69449e-06
 Reference value :  2.69677e-06
 Reference value :  2.69762e-06
 Reference value :  2.69859e-06
 Reference value :  2.70099e-06
 Reference value :  2.70158e-06
 Reference value :  2.70273e-06
 Reference value :  2.70477e-06
 Reference value :  2.70671e-06
 Reference value :  2.70884e-06
 Reference value :  2.70897e-06
 Reference value :  2.71084e-06
 Reference value :  2.71290e-06
 Reference value :  2.71446e-06
 Reference value :  2.71489e-06
 Reference value :  2.71652e-06
 Reference value :  2.71740e-06
 Reference value :  2.71880e-06
 Reference value :  2.72057e-06
 Reference value :  2.72154e-06
 Reference value :  2.72327e-06
 Reference value :  2.72508e-06
 Reference value :  2.72678e-06
 Reference value :  2.72887e-06
 Reference value :  2.73073e-06
 Reference value :  2.73246e-06
 Reference value :  2.73308e-06
 Reference value :  2.73419e-06
 Reference value :  2.73456e-06
 Reference value :  2.73650e-06
 Reference value :  2.73796e-06
 Reference value :  2.73836e-06
 Reference value :  2.73843e-06
 Reference value :  2.74040e-06
 Reference value :  2.74223e-06
 Reference value :  2.74411e-06
 Reference value :  2.74525e-06
 Reference value :  2.74679e-06
 Reference value :  2.74822e-06
 Reference value :  2.74983e-06
 Reference value :  2.75166e-06
 Reference value :  2.75358e-06
 Reference value :  2.75447e-06
 Reference value :  2.75574e-06
 Reference value :  2.75726e-06
 Reference value :  2.75915e-06
 Reference value :  2.76078e-06
 Reference value :  2.76098e-06
 Reference value :  2.76283e-06
 Reference value :  2.76360e-06
 Reference value :  2.76459e-06
 Reference value :  2.76612e-06
 Reference value :  2.76724e-06
 Reference value :  2.76894e-06
 Reference value :  2.77013e-06
 Reference value :  2.77151e-06
 Reference value :  2.77320e-06
 Reference value :  2.77433e-06
 Reference value :  2.77577e-06
 Reference value :  2.77755e-06
 Reference value :  2.77825e-06
 Reference value :  2.77929e-06
 Reference value :  2.78114e-06
 Reference value :  2.78127e-06
 Reference value :  2.78311e-06
 Reference value :  2.78480e-06
 Reference value :  2.78640e-06
 Reference value :  2.78828e-06
 Reference value :  2.78948e-06
 Reference value :  2.79118e-06
 Reference value :  2.79180e-06
 Reference value :  2.79261e-06
 Reference value :  2.79365e-06
 Reference value :  2.79489e-06
 Reference value :  2.79581e-06
 Reference value :  2.79763e-06
 Reference value :  2.79906e-06
 Reference value :  2.80070e-06
 Reference value :  2.80246e-06
 Reference value :  2.80427e-06
 Reference value :  2.80592e-06
 Reference value :  2.80755e-06
 Reference value :  2.80939e-06
 Reference value :  2.81054e-06
 Reference value :  2.81167e-06
 Reference value :  2.81313e-06
 Reference value :  2.81477e-06
 Reference value :  2.81656e-06
 Reference value :  2.81663e-06
 Reference value :  2.81828e-06
 Reference value :  2.82017e-06
 Reference value :  2.82104e-06
 Reference value :  2.82236e-06
 Reference value :  2.82379e-06
 Reference value :  2.82468e-06
 Reference value :  2.82546e-06
 Reference value :  2.82735e-06
 Reference value :  2.82956e-06
 Reference value :  2.83097e-06
 Reference value :  2.83242e-06
 Reference value :  2.83433e-06
 Reference value :  2.83564e-06
 Reference value :  2.83680e-06
 Reference value :  2.83796e-06
 Reference value :  2.83935e-06
 Reference value :  2.84112e-06
 Reference value :  2.84251e-06
 Reference value :  2.84438e-06
 Reference value :  2.84500e-06
 Reference value :  2.84644e-06
 Reference value :  2.84804e-06
 Reference value :  2.84900e-06
 Reference value :  2.85052e-06
 Reference value :  2.85199e-06
 Reference value :  2.85279e-06
 Reference value :  2.85317e-06
 Reference value :  2.85455e-06
 Reference value :  2.85580e-06
 Reference value :  2.85662e-06
 Reference value :  2.85836e-06
 Reference value :  2.85843e-06
 Reference value :  2.86012e-06
 Reference value :  2.86013e-06
 Reference value :  2.86208e-06
 Reference value :  2.86347e-06
 Reference value :  2.86530e-06
 Reference value :  2.86646e-06
 Reference value :  2.86686e-06
 Reference value :  2.86714e-06
 Reference value :  2.86888e-06
 Reference value :  2.87030e-06
 Reference value :  2.87167e-06
 Reference value :  2.87258e-06
 Reference value :  2.87372e-06
 Reference value :  2.87549e-06
 Reference value :  2.87624e-06
 Reference value :  2.87713e-06
 Reference value :  2.87843e-06
 Reference value :  2.87915e-06
 Reference value :  2.87999e-06
 Reference value :  2.88051e-06
 Reference value :  2.88228e-06
 Reference value :  2.88303e-06
 Reference value :  2.88398e-06
 Reference value :  2.88610e-06
 Reference value :  2.88744e-06
 Reference value :  2.88908e-06
 Reference value :  2.89074e-06
 Reference value :  2.89081e-06
 Reference value :  2.89268e-06
 Reference value :  2.89422e-06
 Reference value :  2.89598e-06
 Reference value :  2.89664e-06
 Reference value :  2.89761e-06
 Reference value :  2.89943e-06
 Reference value :  2.90088e-06
 Reference value :  2.90242e-06
 Reference value :  2.90334e-06
 Reference value :  2.90446e-06
 Reference value :  2.90634e-06
 Reference value :  2.90726e-06
 Reference value :  2.90802e-06
 Reference value :  2.90977e-06
 Reference value :  2.91072e-06
 Reference value :  2.91133e-06
 Reference value :  2.91306e-06
 Reference value :  2.91448e-06
 Reference value :  2.91470e-06
 Reference value :  2.91656e-06
 Reference value :  2.91842e-06
 Reference value :  2.92002e-06
 Reference value :  2.92142e-06
 Reference value :  2.92337e-06
 Reference value :  2.92422e-06
 Reference value :  2.92554e-06
 Reference value :  2.92687e-06
 Reference value :  2.92864e-06
 Reference value :  2.93025e-06
 Reference value :  2.93180e-06
 Reference value :  2.93191e-06
 Reference value :  2.93384e-06
 Reference value :  2.93551e-06
 Reference value :  2.93713e-06
 Reference value :  2.93859e-06
 Reference value :  2.93861e-06
 Reference value :  2.94038e-06
 Reference value :  2.94193e-06
 Reference value :  2.94209e-06
 Reference value :  2.94390e-06
 Reference value :  2.94518e-06
 Reference value :  2.94659e-06
 Reference value :  2.94827e-06
 Reference value :  2.95011e-06
 Reference value :  2.95103e-06
 Reference value :  2.95190e-06
 Reference value :  2.95216e-06
 Reference value :  2.95398e-06
 Reference value :  2.95556e-06
 Reference value :  2.95732e-06
 Reference value :  2.95899e-06
 Reference value :  2.96083e-06
 Reference value :  2.96196e-06
 Reference value :  2.96237e-06
 Reference value :  2.96413e-06
 Reference value :  2.96491e-06
 Reference value :  2.96602e-06
 Reference value :  2.96755e-06
 Reference value :  2.96829e-06
 Reference value :  2.96912e-06
 Reference value :  2.97095e-06
 Reference value :  2.97253e-06
 Reference value :  2.97255e-06
 Reference value :  2.97427e-06
 Reference value :  2.97440e-06
 Reference value :  2.97591e-06
 Reference value :  2.97785e-06
 Reference value :  2.97925e-06
 Reference value :  2.97939e-06
 Reference value :  2.98103e-06
 Reference value :  2.98225e-06
 Reference value :  2.98267e-06
 Reference value :  2.98422e-06
 Reference value :  2.98598e-06
 Reference value :  2.98772e-06
 Reference value :  2.98897e-06
 Reference value :  2.98923e-06
 Reference value :  2.99100e-06
 Reference value :  2.99176e-06
 Reference value :  2.99264e-06
 Reference value :  2.99417e-06
 Reference value :  2.99501e-06
 Reference value :  2.99604e-06
 Reference value :  2.99611e-06
 Reference value :  2.99816e-06
 Reference value :  2.99920e-06
No. of Data Rows : 21626
sim/harness: analysis complete
Note: Simulation executed from .control section 
Note: Starting dynamic gmin stepping
Warning: Dynamic gmin stepping failed
Note: Starting true gmin stepping
Note: True gmin stepping completed
