
Note: Compatibility modes selected: hs a


Circuit: ** sch_path: /users/rwalters/github/sky130-pll/.loom/worktrees/issue-81/sim/pll-lock/testbench/tb_pll_lock.sch

option SCALE: Scale is set to 1e-06 for instance and model parameters
option SCALE: Scale is set to 1e-06 for instance and model parameters
option SCALE: Scale is set to 1e-06 for instance and model parameters
option SCALE: Scale is set to 1e-06 for instance and model parameters
Doing analysis at TEMP = -40.000000 and TNOM = 27.000000

Using KLU as Direct Linear Solver
 Reference value :  0.00000e+00
 Reference value :  9.16739e-10
 Reference value :  3.73460e-09
 Reference value :  8.30000e-09
 Reference value :  1.53000e-08
 Reference value :  2.25000e-08
 Reference value :  2.95000e-08
 Reference value :  3.83000e-08
 Reference value :  4.85000e-08
 Reference value :  5.42469e-08
 Reference value :  6.44469e-08
 Reference value :  7.48469e-08
 Reference value :  8.50469e-08
 Reference value :  9.50469e-08
 Reference value :  1.01000e-07
 Reference value :  1.07335e-07
 Reference value :  1.17535e-07
 Reference value :  1.27535e-07
 Reference value :  1.37535e-07
 Reference value :  1.47935e-07
 Reference value :  1.53447e-07
 Reference value :  1.63647e-07
 Reference value :  1.73847e-07
 Reference value :  1.84247e-07
 Reference value :  1.94247e-07
 Reference value :  2.01188e-07
 Reference value :  2.08330e-07
 Reference value :  2.16530e-07
 Reference value :  2.25930e-07
 Reference value :  2.36130e-07
 Reference value :  2.46330e-07
 Reference value :  2.52647e-07
 Reference value :  2.62047e-07
 Reference value :  2.72447e-07
 Reference value :  2.82647e-07
 Reference value :  2.92647e-07
 Reference value :  3.00850e-07
 Reference value :  3.06930e-07
 Reference value :  3.14930e-07
 Reference value :  3.23530e-07
 Reference value :  3.33930e-07
 Reference value :  3.43930e-07
 Reference value :  3.51447e-07
 Reference value :  3.60447e-07
 Reference value :  3.70647e-07
 Reference value :  3.80847e-07
 Reference value :  3.91447e-07
 Reference value :  4.00500e-07
 Reference value :  4.05930e-07
 Reference value :  4.14330e-07
 Reference value :  4.22530e-07
 Reference value :  4.32730e-07
 Reference value :  4.42930e-07
 Reference value :  4.50247e-07
 Reference value :  4.58447e-07
 Reference value :  4.68647e-07
 Reference value :  4.79047e-07
 Reference value :  4.89247e-07
 Reference value :  4.99447e-07
 Reference value :  5.04730e-07
 Reference value :  5.12730e-07
 Reference value :  5.20530e-07
 Reference value :  5.30530e-07
 Reference value :  5.40530e-07
 Reference value :  5.49700e-07
 Reference value :  5.55647e-07
 Reference value :  5.65047e-07
 Reference value :  5.74447e-07
 Reference value :  5.84247e-07
 Reference value :  5.94247e-07
 Reference value :  6.01045e-07
 Reference value :  6.07530e-07
 Reference value :  6.14930e-07
 Reference value :  6.23130e-07
 Reference value :  6.32930e-07
 Reference value :  6.42530e-07
 Reference value :  6.50020e-07
 Reference value :  6.57247e-07
 Reference value :  6.66847e-07
 Reference value :  6.76847e-07
 Reference value :  6.86647e-07
 Reference value :  6.96247e-07
 Reference value :  7.02130e-07
 Reference value :  7.08930e-07
 Reference value :  7.21130e-07
 Reference value :  7.31730e-07
 Reference value :  7.41930e-07
 Reference value :  7.50000e-07
 Reference value :  7.56847e-07
 Reference value :  7.66447e-07
 Reference value :  7.75847e-07
 Reference value :  7.85647e-07
 Reference value :  7.95447e-07
 Reference value :  8.01530e-07
 Reference value :  8.08530e-07
 Reference value :  8.16330e-07
 Reference value :  8.25330e-07
 Reference value :  8.35130e-07
 Reference value :  8.45130e-07
 Reference value :  8.51447e-07
 Reference value :  8.59847e-07
 Reference value :  8.69847e-07
 Reference value :  8.79447e-07
 Reference value :  8.89247e-07
 Reference value :  8.99047e-07
 Reference value :  9.04130e-07
 Reference value :  9.11730e-07
 Reference value :  9.19530e-07
 Reference value :  9.29530e-07
 Reference value :  9.39730e-07
 Reference value :  9.49060e-07
 Reference value :  9.54847e-07
 Reference value :  9.64647e-07
 Reference value :  9.74447e-07
 Reference value :  9.85047e-07
 Reference value :  9.94847e-07
 Reference value :  1.00133e-06
 Reference value :  1.00833e-06
 Reference value :  1.01653e-06
 Reference value :  1.02593e-06
 Reference value :  1.03593e-06
 Reference value :  1.04653e-06
 Reference value :  1.05245e-06
 Reference value :  1.06125e-06
 Reference value :  1.07105e-06
 Reference value :  1.08145e-06
 Reference value :  1.09145e-06
 Reference value :  1.10050e-06
 Reference value :  1.10613e-06
 Reference value :  1.11413e-06
 Reference value :  1.12213e-06
 Reference value :  1.13213e-06
 Reference value :  1.14233e-06
 Reference value :  1.15006e-06
 Reference value :  1.15805e-06
 Reference value :  1.16805e-06
 Reference value :  1.17785e-06
 Reference value :  1.18785e-06
 Reference value :  1.19805e-06
 Reference value :  1.20353e-06
 Reference value :  1.21133e-06
 Reference value :  1.21893e-06
 Reference value :  1.22913e-06
 Reference value :  1.23913e-06
 Reference value :  1.24886e-06
 Reference value :  1.25445e-06
 Reference value :  1.26405e-06
 Reference value :  1.27405e-06
 Reference value :  1.28425e-06
 Reference value :  1.29425e-06
 Reference value :  1.30111e-06
 Reference value :  1.30833e-06
 Reference value :  1.31633e-06
 Reference value :  1.32573e-06
 Reference value :  1.33573e-06
 Reference value :  1.34553e-06
 Reference value :  1.35225e-06
 Reference value :  1.36145e-06
 Reference value :  1.37185e-06
 Reference value :  1.38185e-06
 Reference value :  1.39185e-06
 Reference value :  1.40070e-06
 Reference value :  1.40653e-06
 Reference value :  1.41453e-06
 Reference value :  1.42293e-06
 Reference value :  1.43293e-06
 Reference value :  1.44293e-06
 Reference value :  1.45014e-06
 Reference value :  1.45825e-06
 Reference value :  1.46805e-06
 Reference value :  1.47825e-06
 Reference value :  1.48805e-06
 Reference value :  1.49825e-06
 Reference value :  1.50393e-06
 Reference value :  1.51193e-06
 Reference value :  1.51953e-06
 Reference value :  1.52973e-06
 Reference value :  1.54013e-06
 Reference value :  1.54950e-06
 Reference value :  1.55565e-06
 Reference value :  1.56585e-06
 Reference value :  1.57625e-06
 Reference value :  1.58625e-06
 Reference value :  1.59685e-06
 Reference value :  1.60333e-06
 Reference value :  1.61073e-06
 Reference value :  1.61853e-06
 Reference value :  1.62933e-06
 Reference value :  1.63953e-06
 Reference value :  1.64902e-06
 Reference value :  1.65525e-06
 Reference value :  1.66525e-06
 Reference value :  1.67525e-06
 Reference value :  1.68545e-06
 Reference value :  1.69565e-06
 Reference value :  1.70193e-06
 Reference value :  1.70913e-06
 Reference value :  1.71713e-06
 Reference value :  1.72673e-06
 Reference value :  1.73693e-06
 Reference value :  1.74713e-06
 Reference value :  1.75305e-06
 Reference value :  1.76245e-06
 Reference value :  1.77245e-06
 Reference value :  1.78245e-06
 Reference value :  1.79265e-06
 Reference value :  1.80085e-06
 Reference value :  1.80713e-06
 Reference value :  1.81533e-06
 Reference value :  1.82413e-06
 Reference value :  1.83413e-06
 Reference value :  1.84413e-06
 Reference value :  1.85185e-06
 Reference value :  1.86085e-06
 Reference value :  1.87085e-06
 Reference value :  1.88125e-06
 Reference value :  1.89125e-06
 Reference value :  1.90030e-06
 Reference value :  1.90573e-06
 Reference value :  1.91393e-06
 Reference value :  1.92193e-06
 Reference value :  1.93193e-06
 Reference value :  1.94193e-06
 Reference value :  1.95006e-06
 Reference value :  1.95825e-06
 Reference value :  1.96825e-06
 Reference value :  1.97845e-06
 Reference value :  1.98845e-06
 Reference value :  1.99845e-06
 Reference value :  2.00393e-06
 Reference value :  2.01193e-06
 Reference value :  2.01953e-06
 Reference value :  2.02973e-06
 Reference value :  2.03973e-06
 Reference value :  2.04930e-06
 Reference value :  2.05545e-06
 Reference value :  2.06545e-06
 Reference value :  2.07545e-06
 Reference value :  2.08545e-06
 Reference value :  2.09565e-06
 Reference value :  2.10173e-06
 Reference value :  2.10913e-06
 Reference value :  2.11693e-06
 Reference value :  2.12653e-06
 Reference value :  2.13693e-06
 Reference value :  2.14693e-06
 Reference value :  2.15285e-06
 Reference value :  2.16245e-06
 Reference value :  2.17245e-06
 Reference value :  2.18245e-06
 Reference value :  2.19245e-06
 Reference value :  2.20085e-06
 Reference value :  2.20713e-06
 Reference value :  2.21533e-06
 Reference value :  2.22413e-06
 Reference value :  2.23413e-06
 Reference value :  2.24413e-06
 Reference value :  2.25105e-06
 Reference value :  2.25965e-06
 Reference value :  2.26965e-06
 Reference value :  2.27965e-06
 Reference value :  2.29005e-06
 Reference value :  2.30006e-06
 Reference value :  2.30533e-06
 Reference value :  2.31333e-06
 Reference value :  2.32213e-06
 Reference value :  2.33233e-06
 Reference value :  2.34233e-06
 Reference value :  2.35006e-06
 Reference value :  2.35785e-06
 Reference value :  2.36785e-06
 Reference value :  2.37785e-06
 Reference value :  2.38785e-06
 Reference value :  2.39805e-06
 Reference value :  2.40373e-06
 Reference value :  2.41153e-06
 Reference value :  2.41933e-06
 Reference value :  2.42953e-06
 Reference value :  2.43993e-06
 Reference value :  2.44985e-06
 Reference value :  2.45685e-06
 Reference value :  2.46705e-06
 Reference value :  2.47705e-06
 Reference value :  2.48725e-06
 Reference value :  2.49745e-06
 Reference value :  2.50333e-06
 Reference value :  2.51093e-06
 Reference value :  2.51893e-06
 Reference value :  2.52893e-06
 Reference value :  2.53893e-06
 Reference value :  2.54900e-06
 Reference value :  2.55485e-06
 Reference value :  2.56505e-06
 Reference value :  2.57525e-06
 Reference value :  2.58545e-06
 Reference value :  2.59545e-06
 Reference value :  2.60173e-06
 Reference value :  2.60953e-06
 Reference value :  2.61753e-06
 Reference value :  2.62753e-06
 Reference value :  2.63733e-06
 Reference value :  2.64733e-06
 Reference value :  2.65325e-06
 Reference value :  2.66285e-06
 Reference value :  2.67305e-06
 Reference value :  2.68325e-06
 Reference value :  2.69345e-06
 Reference value :  2.70105e-06
 Reference value :  2.70773e-06
 Reference value :  2.71573e-06
 Reference value :  2.72473e-06
 Reference value :  2.73493e-06
 Reference value :  2.74513e-06
 Reference value :  2.75165e-06
 Reference value :  2.76045e-06
 Reference value :  2.77065e-06
 Reference value :  2.78085e-06
 Reference value :  2.79125e-06
 Reference value :  2.80050e-06
 Reference value :  2.80593e-06
 Reference value :  2.81393e-06
 Reference value :  2.82193e-06
 Reference value :  2.83213e-06
 Reference value :  2.84273e-06
 Reference value :  2.85014e-06
 Reference value :  2.85845e-06
 Reference value :  2.86845e-06
 Reference value :  2.87885e-06
 Reference value :  2.88905e-06
 Reference value :  2.89905e-06
 Reference value :  2.90413e-06
 Reference value :  2.91193e-06
 Reference value :  2.92193e-06
 Reference value :  2.93853e-06
 Reference value :  2.95065e-06
 Reference value :  2.96225e-06
 Reference value :  2.97225e-06
 Reference value :  2.98265e-06
 Reference value :  2.99305e-06
No. of Data Rows : 15411
sim/harness: analysis complete
Note: Simulation executed from .control section 
Warning: singular matrix:  check node xxxtop.xxlf.xr1.t1

Note: Starting dynamic gmin stepping
Note: Dynamic gmin stepping completed
