
Note: Compatibility modes selected: hs a


Circuit: ** sch_path: /users/rwalters/github/sky130-pll/.loom/worktrees/issue-81/sim/pll-lock/testbench/tb_pll_lock.sch

option SCALE: Scale is set to 1e-06 for instance and model parameters
option SCALE: Scale is set to 1e-06 for instance and model parameters
option SCALE: Scale is set to 1e-06 for instance and model parameters
option SCALE: Scale is set to 1e-06 for instance and model parameters
Doing analysis at TEMP = -40.000000 and TNOM = 27.000000

Using KLU as Direct Linear Solver
 Reference value :  0.00000e+00
 Reference value :  8.44898e-10
 Reference value :  4.39928e-09
 Reference value :  4.58430e-09
 Reference value :  5.37817e-09
 Reference value :  5.63086e-09
 Reference value :  6.23618e-09
 Reference value :  7.35605e-09
 Reference value :  8.38081e-09
 Reference value :  9.71432e-09
 Reference value :  1.03578e-08
 Reference value :  1.08915e-08
 Reference value :  1.11163e-08
 Reference value :  1.24744e-08
 Reference value :  1.36586e-08
 Reference value :  1.38821e-08
 Reference value :  1.51717e-08
 Reference value :  1.65309e-08
 Reference value :  1.83361e-08
 Reference value :  1.92941e-08
 Reference value :  2.06756e-08
 Reference value :  2.18860e-08
 Reference value :  2.19925e-08
 Reference value :  2.35268e-08
 Reference value :  2.45113e-08
 Reference value :  2.59027e-08
 Reference value :  2.59141e-08
 Reference value :  2.72741e-08
 Reference value :  2.73307e-08
 Reference value :  2.87867e-08
 Reference value :  2.98135e-08
 Reference value :  3.09785e-08
 Reference value :  3.13370e-08
 Reference value :  3.20020e-08
 Reference value :  3.27517e-08
 Reference value :  3.42620e-08
 Reference value :  3.53439e-08
 Reference value :  3.68524e-08
 Reference value :  3.78070e-08
 Reference value :  3.80252e-08
 Reference value :  3.93551e-08
 Reference value :  3.99907e-08
 Reference value :  4.07987e-08
 Reference value :  4.22358e-08
 Reference value :  4.33317e-08
 Reference value :  4.34611e-08
 Reference value :  4.48860e-08
 Reference value :  4.61519e-08
 Reference value :  4.77923e-08
 Reference value :  4.90000e-08
 Reference value :  5.03132e-08
 Reference value :  5.13838e-08
 Reference value :  5.15980e-08
 Reference value :  5.29849e-08
 Reference value :  5.37232e-08
 Reference value :  5.41692e-08
 Reference value :  5.56711e-08
 Reference value :  5.68415e-08
 Reference value :  5.69539e-08
 Reference value :  5.82505e-08
 Reference value :  5.82798e-08
 Reference value :  5.90554e-08
 Reference value :  5.96319e-08
 Reference value :  6.09635e-08
 Reference value :  6.23020e-08
 Reference value :  6.23555e-08
 Reference value :  6.36589e-08
 Reference value :  6.43611e-08
 Reference value :  6.48459e-08
 Reference value :  6.49774e-08
 Reference value :  6.63177e-08
 Reference value :  6.71653e-08
 Reference value :  6.77517e-08
 Reference value :  6.90098e-08
 Reference value :  6.98269e-08
 Reference value :  7.02420e-08
 Reference value :  7.08967e-08
 Reference value :  7.23916e-08
 Reference value :  7.30875e-08
 Reference value :  7.44895e-08
 Reference value :  7.46214e-08
 Reference value :  7.53662e-08
 Reference value :  7.56841e-08
 Reference value :  7.68923e-08
 Reference value :  7.75354e-08
 Reference value :  7.86592e-08
 Reference value :  8.00784e-08
 Reference value :  8.12774e-08
 Reference value :  8.26479e-08
 Reference value :  8.39980e-08
 Reference value :  8.55009e-08
 Reference value :  8.65943e-08
 Reference value :  8.66367e-08
 Reference value :  8.79354e-08
 Reference value :  8.84202e-08
 Reference value :  8.94998e-08
 Reference value :  9.10122e-08
 Reference value :  9.19832e-08
 Reference value :  9.21329e-08
 Reference value :  9.35463e-08
 Reference value :  9.50641e-08
 Reference value :  9.65303e-08
 Reference value :  9.75952e-08
 Reference value :  9.77544e-08
 Reference value :  9.94040e-08
 Reference value :  1.00038e-07
 Reference value :  1.00557e-07
 Reference value :  1.01191e-07
 Reference value :  1.01899e-07
 Reference value :  1.02674e-07
 Reference value :  1.03243e-07
 Reference value :  1.03528e-07
 Reference value :  1.05162e-07
 Reference value :  1.06029e-07
 Reference value :  1.06284e-07
 Reference value :  1.07780e-07
 Reference value :  1.09097e-07
 Reference value :  1.09162e-07
 Reference value :  1.10611e-07
 Reference value :  1.11269e-07
 Reference value :  1.11824e-07
 Reference value :  1.11965e-07
 Reference value :  1.13617e-07
 Reference value :  1.14661e-07
 Reference value :  1.15649e-07
 Reference value :  1.16611e-07
 Reference value :  1.17989e-07
 Reference value :  1.19410e-07
 Reference value :  1.20261e-07
 Reference value :  1.20536e-07
 Reference value :  1.20634e-07
 Reference value :  1.22200e-07
 Reference value :  1.22885e-07
 Reference value :  1.23588e-07
 Reference value :  1.25198e-07
 Reference value :  1.26388e-07
 Reference value :  1.27845e-07
 Reference value :  1.27853e-07
 Reference value :  1.29186e-07
 Reference value :  1.29373e-07
 Reference value :  1.30827e-07
 Reference value :  1.32196e-07
 Reference value :  1.32268e-07
 Reference value :  1.33812e-07
 Reference value :  1.34680e-07
 Reference value :  1.35136e-07
 Reference value :  1.36751e-07
 Reference value :  1.38117e-07
 Reference value :  1.39626e-07
 Reference value :  1.40910e-07
 Reference value :  1.40936e-07
 Reference value :  1.42571e-07
 Reference value :  1.43550e-07
 Reference value :  1.43779e-07
 Reference value :  1.45214e-07
 Reference value :  1.45805e-07
 Reference value :  1.46663e-07
 Reference value :  1.48166e-07
 Reference value :  1.48806e-07
 Reference value :  1.49658e-07
 Reference value :  1.51174e-07
 Reference value :  1.52335e-07
 Reference value :  1.52496e-07
 Reference value :  1.53705e-07
 Reference value :  1.55397e-07
 Reference value :  1.55437e-07
 Reference value :  1.56998e-07
 Reference value :  1.58321e-07
 Reference value :  1.58335e-07
 Reference value :  1.59840e-07
 Reference value :  1.60469e-07
 Reference value :  1.61238e-07
 Reference value :  1.62849e-07
 Reference value :  1.64039e-07
 Reference value :  1.65591e-07
 Reference value :  1.66265e-07
 Reference value :  1.67165e-07
 Reference value :  1.68803e-07
 Reference value :  1.70105e-07
 Reference value :  1.70217e-07
 Reference value :  1.71777e-07
 Reference value :  1.72362e-07
 Reference value :  1.72957e-07
 Reference value :  1.73118e-07
 Reference value :  1.74716e-07
 Reference value :  1.75911e-07
 Reference value :  1.76194e-07
 Reference value :  1.77601e-07
 Reference value :  1.78318e-07
 Reference value :  1.79250e-07
 Reference value :  1.80950e-07
 Reference value :  1.82283e-07
 Reference value :  1.83934e-07
 Reference value :  1.84499e-07
 Reference value :  1.85430e-07
 Reference value :  1.87085e-07
 Reference value :  1.88459e-07
 Reference value :  1.90178e-07
 Reference value :  1.91462e-07
 Reference value :  1.92961e-07
 Reference value :  1.93774e-07
 Reference value :  1.94615e-07
 Reference value :  1.96064e-07
 Reference value :  1.96555e-07
 Reference value :  1.97742e-07
 Reference value :  1.97866e-07
 Reference value :  1.98269e-07
 Reference value :  1.99851e-07
 Reference value :  2.01094e-07
 Reference value :  2.02647e-07
 Reference value :  2.03982e-07
 Reference value :  2.04150e-07
 Reference value :  2.05728e-07
 Reference value :  2.06896e-07
 Reference value :  2.07575e-07
 Reference value :  2.09269e-07
 Reference value :  2.10283e-07
 Reference value :  2.10471e-07
 Reference value :  2.10631e-07
 Reference value :  2.12252e-07
 Reference value :  2.13815e-07
 Reference value :  2.13906e-07
 Reference value :  2.15433e-07
 Reference value :  2.15592e-07
 Reference value :  2.16904e-07
 Reference value :  2.17079e-07
 Reference value :  2.18796e-07
 Reference value :  2.19410e-07
 Reference value :  2.20384e-07
 Reference value :  2.22057e-07
 Reference value :  2.22800e-07
 Reference value :  2.23346e-07
 Reference value :  2.23506e-07
 Reference value :  2.25154e-07
 Reference value :  2.25912e-07
 Reference value :  2.26719e-07
 Reference value :  2.28344e-07
 Reference value :  2.29912e-07
 Reference value :  2.30027e-07
 Reference value :  2.31555e-07
 Reference value :  2.31735e-07
 Reference value :  2.33188e-07
 Reference value :  2.33238e-07
 Reference value :  2.34445e-07
 Reference value :  2.34968e-07
 Reference value :  2.36287e-07
 Reference value :  2.36571e-07
 Reference value :  2.37892e-07
 Reference value :  2.39055e-07
 Reference value :  2.39629e-07
 Reference value :  2.39790e-07
 Reference value :  2.41461e-07
 Reference value :  2.42209e-07
 Reference value :  2.43173e-07
 Reference value :  2.44884e-07
 Reference value :  2.46405e-07
 Reference value :  2.48107e-07
 Reference value :  2.49016e-07
 Reference value :  2.49650e-07
 Reference value :  2.51031e-07
 Reference value :  2.51711e-07
 Reference value :  2.52915e-07
 Reference value :  2.52956e-07
 Reference value :  2.54762e-07
 Reference value :  2.56234e-07
 Reference value :  2.57898e-07
 Reference value :  2.59491e-07
 Reference value :  2.59604e-07
 Reference value :  2.61191e-07
 Reference value :  2.62416e-07
 Reference value :  2.64311e-07
 Reference value :  2.64875e-07
 Reference value :  2.66341e-07
 Reference value :  2.68144e-07
 Reference value :  2.69665e-07
 Reference value :  2.71321e-07
 Reference value :  2.72499e-07
 Reference value :  2.73124e-07
 Reference value :  2.75008e-07
 Reference value :  2.75803e-07
 Reference value :  2.76762e-07
 Reference value :  2.78464e-07
 Reference value :  2.79165e-07
 Reference value :  2.80145e-07
 Reference value :  2.81963e-07
 Reference value :  2.83553e-07
 Reference value :  2.85011e-07
 Reference value :  2.85959e-07
 Reference value :  2.87031e-07
 Reference value :  2.87822e-07
 Reference value :  2.88829e-07
 Reference value :  2.89684e-07
 Reference value :  2.90700e-07
 Reference value :  2.92578e-07
 Reference value :  2.93340e-07
 Reference value :  2.94125e-07
 Reference value :  2.95982e-07
 Reference value :  2.97842e-07
 Reference value :  2.99529e-07
 Reference value :  3.00297e-07
 Reference value :  3.01359e-07
 Reference value :  3.03005e-07
 Reference value :  3.03679e-07
 Reference value :  3.04978e-07
 Reference value :  3.04991e-07
 Reference value :  3.06858e-07
 Reference value :  3.08395e-07
 Reference value :  3.08555e-07
 Reference value :  3.10404e-07
 Reference value :  3.12023e-07
 Reference value :  3.12121e-07
 Reference value :  3.13913e-07
 Reference value :  3.15213e-07
 Reference value :  3.15828e-07
 Reference value :  3.17703e-07
 Reference value :  3.19455e-07
 Reference value :  3.21204e-07
 Reference value :  3.22124e-07
 Reference value :  3.23051e-07
 Reference value :  3.24896e-07
 Reference value :  3.25940e-07
 Reference value :  3.26565e-07
 Reference value :  3.28059e-07
 Reference value :  3.29240e-07
 Reference value :  3.30252e-07
 Reference value :  3.31717e-07
 Reference value :  3.32576e-07
 Reference value :  3.34069e-07
 Reference value :  3.35924e-07
 Reference value :  3.37228e-07
 Reference value :  3.37650e-07
 Reference value :  3.39360e-07
 Reference value :  3.39413e-07
 Reference value :  3.39898e-07
 Reference value :  3.41306e-07
 Reference value :  3.41431e-07
 Reference value :  3.43308e-07
 Reference value :  3.43962e-07
 Reference value :  3.44928e-07
 Reference value :  3.45987e-07
 Reference value :  3.46767e-07
 Reference value :  3.48290e-07
 Reference value :  3.50020e-07
 Reference value :  3.50725e-07
 Reference value :  3.52354e-07
 Reference value :  3.54184e-07
 Reference value :  3.54240e-07
 Reference value :  3.56030e-07
 Reference value :  3.57907e-07
 Reference value :  3.58964e-07
 Reference value :  3.59960e-07
 Reference value :  3.61894e-07
 Reference value :  3.62656e-07
 Reference value :  3.63631e-07
 Reference value :  3.64909e-07
 Reference value :  3.65516e-07
 Reference value :  3.66488e-07
 Reference value :  3.67450e-07
 Reference value :  3.69368e-07
 Reference value :  3.70044e-07
 Reference value :  3.71221e-07
 Reference value :  3.73117e-07
 Reference value :  3.73124e-07
 Reference value :  3.75099e-07
 Reference value :  3.76977e-07
 Reference value :  3.78034e-07
 Reference value :  3.78859e-07
 Reference value :  3.80328e-07
 Reference value :  3.81575e-07
 Reference value :  3.82728e-07
 Reference value :  3.84688e-07
 Reference value :  3.85499e-07
 Reference value :  3.86667e-07
 Reference value :  3.88602e-07
 Reference value :  3.89402e-07
 Reference value :  3.91680e-07
 Reference value :  3.92729e-07
 Reference value :  3.94282e-07
 Reference value :  3.96231e-07
 Reference value :  3.97300e-07
 Reference value :  3.98283e-07
 Reference value :  4.00111e-07
 Reference value :  4.00499e-07
 Reference value :  4.01037e-07
 Reference value :  4.02226e-07
 Reference value :  4.04127e-07
 Reference value :  4.04679e-07
 Reference value :  4.06083e-07
 Reference value :  4.08062e-07
 Reference value :  4.09371e-07
 Reference value :  4.09993e-07
 Reference value :  4.12031e-07
 Reference value :  4.13389e-07
 Reference value :  4.13814e-07
 Reference value :  4.15682e-07
 Reference value :  4.16799e-07
 Reference value :  4.17824e-07
 Reference value :  4.19672e-07
 Reference value :  4.20456e-07
 Reference value :  4.22273e-07
 Reference value :  4.23709e-07
 Reference value :  4.25387e-07
 Reference value :  4.27257e-07
 Reference value :  4.27300e-07
 Reference value :  4.29132e-07
 Reference value :  4.30825e-07
 Reference value :  4.31035e-07
 Reference value :  4.32334e-07
 Reference value :  4.32918e-07
 Reference value :  4.34765e-07
 Reference value :  4.35469e-07
 Reference value :  4.36623e-07
 Reference value :  4.38088e-07
 Reference value :  4.39374e-07
 Reference value :  4.40398e-07
 Reference value :  4.41619e-07
 Reference value :  4.43107e-07
 Reference value :  4.44122e-07
 Reference value :  4.46128e-07
 Reference value :  4.47753e-07
 Reference value :  4.47767e-07
 Reference value :  4.49531e-07
 Reference value :  4.50330e-07
 Reference value :  4.51267e-07
 Reference value :  4.52934e-07
 Reference value :  4.53662e-07
 Reference value :  4.55008e-07
 Reference value :  4.56704e-07
 Reference value :  4.58378e-07
 Reference value :  4.58498e-07
 Reference value :  4.60261e-07
 Reference value :  4.61129e-07
 Reference value :  4.62056e-07
 Reference value :  4.62466e-07
 Reference value :  4.64057e-07
 Reference value :  4.64628e-07
 Reference value :  4.65268e-07
 Reference value :  4.65443e-07
 Reference value :  4.66737e-07
 Reference value :  4.68308e-07
 Reference value :  4.68933e-07
 Reference value :  4.69091e-07
 Reference value :  4.70742e-07
 Reference value :  4.71816e-07
 Reference value :  4.72427e-07
 Reference value :  4.74276e-07
 Reference value :  4.75492e-07
 Reference value :  4.75904e-07
 Reference value :  4.77664e-07
 Reference value :  4.78416e-07
 Reference value :  4.79082e-07
 Reference value :  4.79257e-07
 Reference value :  4.80723e-07
 Reference value :  4.82510e-07
 Reference value :  4.82723e-07
 Reference value :  4.83942e-07
 Reference value :  4.85075e-07
 Reference value :  4.87872e-07
 Reference value :  4.88420e-07
 Reference value :  4.89535e-07
 Reference value :  4.91169e-07
 Reference value :  4.91833e-07
 Reference value :  4.92896e-07
 Reference value :  4.94574e-07
 Reference value :  4.95747e-07
 Reference value :  4.96160e-07
 Reference value :  4.96517e-07
 Reference value :  4.97906e-07
 Reference value :  4.99382e-07
 Reference value :  5.00817e-07
 Reference value :  5.00829e-07
 Reference value :  5.01521e-07
 Reference value :  5.02747e-07
 Reference value :  5.04462e-07
 Reference value :  5.05969e-07
 Reference value :  5.06967e-07
 Reference value :  5.07592e-07
 Reference value :  5.08874e-07
 Reference value :  5.09249e-07
 Reference value :  5.09379e-07
 Reference value :  5.09443e-07
 Reference value :  5.11225e-07
 Reference value :  5.13130e-07
 Reference value :  5.14267e-07
 Reference value :  5.15774e-07
 Reference value :  5.16003e-07
 Reference value :  5.17851e-07
 Reference value :  5.18834e-07
 Reference value :  5.19259e-07
 Reference value :  5.19410e-07
 Reference value :  5.21228e-07
 Reference value :  5.22645e-07
 Reference value :  5.22793e-07
 Reference value :  5.24581e-07
 Reference value :  5.25855e-07
 Reference value :  5.27442e-07
 Reference value :  5.27981e-07
 Reference value :  5.29142e-07
 Reference value :  5.30908e-07
 Reference value :  5.31565e-07
 Reference value :  5.32408e-07
 Reference value :  5.32532e-07
 Reference value :  5.34205e-07
 Reference value :  5.35778e-07
 Reference value :  5.35890e-07
 Reference value :  5.37706e-07
 Reference value :  5.39015e-07
 Reference value :  5.40726e-07
 Reference value :  5.41690e-07
 Reference value :  5.42304e-07
 Reference value :  5.44105e-07
 Reference value :  5.45325e-07
 Reference value :  5.45494e-07
 Reference value :  5.47057e-07
 Reference value :  5.47771e-07
 Reference value :  5.48810e-07
 Reference value :  5.50381e-07
 Reference value :  5.51310e-07
 Reference value :  5.51927e-07
 Reference value :  5.53353e-07
 Reference value :  5.54543e-07
 Reference value :  5.55018e-07
 Reference value :  5.55148e-07
 Reference value :  5.56879e-07
 Reference value :  5.58293e-07
 Reference value :  5.59305e-07
 Reference value :  5.60257e-07
 Reference value :  5.60974e-07
 Reference value :  5.61298e-07
 Reference value :  5.61523e-07
 Reference value :  5.63280e-07
 Reference value :  5.64896e-07
 Reference value :  5.66528e-07
 Reference value :  5.67739e-07
 Reference value :  5.67859e-07
 Reference value :  5.68238e-07
 Reference value :  5.69675e-07
 Reference value :  5.70756e-07
 Reference value :  5.70919e-07
 Reference value :  5.72424e-07
 Reference value :  5.73139e-07
 Reference value :  5.74044e-07
 Reference value :  5.75315e-07
 Reference value :  5.76028e-07
 Reference value :  5.76995e-07
 Reference value :  5.77220e-07
 Reference value :  5.78781e-07
 Reference value :  5.80167e-07
 Reference value :  5.80325e-07
 Reference value :  5.81945e-07
 Reference value :  5.83509e-07
 Reference value :  5.85249e-07
 Reference value :  5.86721e-07
 Reference value :  5.88409e-07
 Reference value :  5.89194e-07
 Reference value :  5.89703e-07
 Reference value :  5.89928e-07
 Reference value :  5.91539e-07
 Reference value :  5.93034e-07
 Reference value :  5.93111e-07
 Reference value :  5.94625e-07
 Reference value :  5.94767e-07
 Reference value :  5.96264e-07
 Reference value :  5.96379e-07
 Reference value :  5.98038e-07
 Reference value :  5.98775e-07
 Reference value :  5.99579e-07
 Reference value :  6.00848e-07
 Reference value :  6.01492e-07
 Reference value :  6.02057e-07
 Reference value :  6.02629e-07
 Reference value :  6.03923e-07
 Reference value :  6.04934e-07
 Reference value :  6.06036e-07
 Reference value :  6.07662e-07
 Reference value :  6.08490e-07
 Reference value :  6.09426e-07
 Reference value :  6.11143e-07
 Reference value :  6.12638e-07
 Reference value :  6.14251e-07
 Reference value :  6.15133e-07
 Reference value :  6.15941e-07
 Reference value :  6.17585e-07
 Reference value :  6.19212e-07
 Reference value :  6.19354e-07
 Reference value :  6.21043e-07
 Reference value :  6.22729e-07
 Reference value :  6.24458e-07
 Reference value :  6.25986e-07
 Reference value :  6.26002e-07
 Reference value :  6.27699e-07
 Reference value :  6.28505e-07
 Reference value :  6.29215e-07
 Reference value :  6.30611e-07
 Reference value :  6.32401e-07
 Reference value :  6.32466e-07
 Reference value :  6.34163e-07
 Reference value :  6.35741e-07
 Reference value :  6.37348e-07
 Reference value :  6.37640e-07
 Reference value :  6.39040e-07
 Reference value :  6.40670e-07
 Reference value :  6.40787e-07
 Reference value :  6.42320e-07
 Reference value :  6.43846e-07
 Reference value :  6.45492e-07
 Reference value :  6.47167e-07
 Reference value :  6.48748e-07
 Reference value :  6.50104e-07
 Reference value :  6.51034e-07
 Reference value :  6.51793e-07
 Reference value :  6.52055e-07
 Reference value :  6.53871e-07
 Reference value :  6.54764e-07
 Reference value :  6.56443e-07
 Reference value :  6.57174e-07
 Reference value :  6.58491e-07
 Reference value :  6.60293e-07
 Reference value :  6.61662e-07
 Reference value :  6.61809e-07
 Reference value :  6.63562e-07
 Reference value :  6.64806e-07
 Reference value :  6.66394e-07
 Reference value :  6.67150e-07
 Reference value :  6.68080e-07
 Reference value :  6.69731e-07
 Reference value :  6.70258e-07
 Reference value :  6.71342e-07
 Reference value :  6.72977e-07
 Reference value :  6.73155e-07
 Reference value :  6.74464e-07
 Reference value :  6.74689e-07
 Reference value :  6.75875e-07
 Reference value :  6.76477e-07
 Reference value :  6.78075e-07
 Reference value :  6.78092e-07
 Reference value :  6.79912e-07
 Reference value :  6.81377e-07
 Reference value :  6.83061e-07
 Reference value :  6.83727e-07
 Reference value :  6.84598e-07
 Reference value :  6.86288e-07
 Reference value :  6.87971e-07
 Reference value :  6.88021e-07
 Reference value :  6.89816e-07
 Reference value :  6.91222e-07
 Reference value :  6.93064e-07
 Reference value :  6.94133e-07
 Reference value :  6.94727e-07
 Reference value :  6.96539e-07
 Reference value :  6.98078e-07
 Reference value :  6.98146e-07
 Reference value :  6.99834e-07
 Reference value :  7.01000e-07
 Reference value :  7.01534e-07
 Reference value :  7.02161e-07
 Reference value :  7.03791e-07
 Reference value :  7.04997e-07
 Reference value :  7.06449e-07
 Reference value :  7.07581e-07
 Reference value :  7.08655e-07
 Reference value :  7.10411e-07
 Reference value :  7.11204e-07
 Reference value :  7.11942e-07
 Reference value :  7.13397e-07
 Reference value :  7.14779e-07
 Reference value :  7.15604e-07
 Reference value :  7.17426e-07
 Reference value :  7.18973e-07
 Reference value :  7.20630e-07
 Reference value :  7.21765e-07
 Reference value :  7.23677e-07
 Reference value :  7.24102e-07
 Reference value :  7.24738e-07
 Reference value :  7.26001e-07
 Reference value :  7.27812e-07
 Reference value :  7.29188e-07
 Reference value :  7.29367e-07
 Reference value :  7.30803e-07
 Reference value :  7.31731e-07
 Reference value :  7.32833e-07
 Reference value :  7.34116e-07
 Reference value :  7.35367e-07
 Reference value :  7.36139e-07
 Reference value :  7.37581e-07
 Reference value :  7.38378e-07
 Reference value :  7.39833e-07
 Reference value :  7.41377e-07
 Reference value :  7.41577e-07
 Reference value :  7.42207e-07
 Reference value :  7.43213e-07
 Reference value :  7.44874e-07
 Reference value :  7.46438e-07
 Reference value :  7.46797e-07
 Reference value :  7.46995e-07
 Reference value :  7.48780e-07
 Reference value :  7.50272e-07
 Reference value :  7.52115e-07
 Reference value :  7.53216e-07
 Reference value :  7.53780e-07
 Reference value :  7.55513e-07
 Reference value :  7.56865e-07
 Reference value :  7.57277e-07
 Reference value :  7.59262e-07
 Reference value :  7.60634e-07
 Reference value :  7.62443e-07
 Reference value :  7.64127e-07
 Reference value :  7.64337e-07
 Reference value :  7.66138e-07
 Reference value :  7.67686e-07
 Reference value :  7.69254e-07
 Reference value :  7.69396e-07
 Reference value :  7.69937e-07
 Reference value :  7.71211e-07
 Reference value :  7.71274e-07
 Reference value :  7.73085e-07
 Reference value :  7.74896e-07
 Reference value :  7.74937e-07
 Reference value :  7.76774e-07
 Reference value :  7.78354e-07
 Reference value :  7.78500e-07
 Reference value :  7.80417e-07
 Reference value :  7.82013e-07
 Reference value :  7.82079e-07
 Reference value :  7.83640e-07
 Reference value :  7.84537e-07
 Reference value :  7.85704e-07
 Reference value :  7.87516e-07
 Reference value :  7.88804e-07
 Reference value :  7.89418e-07
 Reference value :  7.91301e-07
 Reference value :  7.93137e-07
 Reference value :  7.95131e-07
 Reference value :  7.96798e-07
 Reference value :  7.98769e-07
 Reference value :  7.99501e-07
 Reference value :  8.00888e-07
 Reference value :  8.02401e-07
 Reference value :  8.04304e-07
 Reference value :  8.04318e-07
 Reference value :  8.06204e-07
 Reference value :  8.08088e-07
 Reference value :  8.09944e-07
 Reference value :  8.10716e-07
 Reference value :  8.11691e-07
 Reference value :  8.12981e-07
 Reference value :  8.13588e-07
 Reference value :  8.14827e-07
 Reference value :  8.15641e-07
 Reference value :  8.17541e-07
 Reference value :  8.19378e-07
 Reference value :  8.21321e-07
 Reference value :  8.23191e-07
 Reference value :  8.25055e-07
 Reference value :  8.26066e-07
 Reference value :  8.26865e-07
 Reference value :  8.28775e-07
 Reference value :  8.29716e-07
 Reference value :  8.30494e-07
 Reference value :  8.32351e-07
 Reference value :  8.32486e-07
 Reference value :  8.33852e-07
 Reference value :  8.34277e-07
 Reference value :  8.36239e-07
 Reference value :  8.37853e-07
 Reference value :  8.38005e-07
 Reference value :  8.39834e-07
 Reference value :  8.41270e-07
 Reference value :  8.43557e-07
 Reference value :  8.44558e-07
 Reference value :  8.46834e-07
 Reference value :  8.47566e-07
 Reference value :  8.49060e-07
 Reference value :  8.50115e-07
 Reference value :  8.51553e-07
 Reference value :  8.52862e-07
 Reference value :  8.54656e-07
 Reference value :  8.56517e-07
 Reference value :  8.56592e-07
 Reference value :  8.58598e-07
 Reference value :  8.60128e-07
 Reference value :  8.60403e-07
 Reference value :  8.62178e-07
 Reference value :  8.62845e-07
 Reference value :  8.64112e-07
 Reference value :  8.66074e-07
 Reference value :  8.67993e-07
 Reference value :  8.68046e-07
 Reference value :  8.70041e-07
 Reference value :  8.70731e-07
 Reference value :  8.73006e-07
 Reference value :  8.74054e-07
 Reference value :  8.75577e-07
 Reference value :  8.77280e-07
 Reference value :  8.78034e-07
 Reference value :  8.79442e-07
 Reference value :  8.81343e-07
 Reference value :  8.82614e-07
 Reference value :  8.83431e-07
 Reference value :  8.85338e-07
 Reference value :  8.86792e-07
 Reference value :  8.89094e-07
 Reference value :  8.89395e-07
 Reference value :  8.91040e-07
 Reference value :  8.91356e-07
 Reference value :  8.93325e-07
 Reference value :  8.94061e-07
 Reference value :  8.95230e-07
 Reference value :  8.97204e-07
 Reference value :  8.98362e-07
 Reference value :  8.99385e-07
 Reference value :  9.00980e-07
 Reference value :  9.01649e-07
 Reference value :  9.03323e-07
 Reference value :  9.05281e-07
 Reference value :  9.07240e-07
 Reference value :  9.07357e-07
 Reference value :  9.09473e-07
 Reference value :  9.10328e-07
 Reference value :  9.11272e-07
 Reference value :  9.13388e-07
 Reference value :  9.15380e-07
 Reference value :  9.15531e-07
 Reference value :  9.17571e-07
 Reference value :  9.19352e-07
 Reference value :  9.21449e-07
 Reference value :  9.22635e-07
 Reference value :  9.23435e-07
 Reference value :  9.25431e-07
 Reference value :  9.26061e-07
 Reference value :  9.27295e-07
 Reference value :  9.28951e-07
 Reference value :  9.29914e-07
 Reference value :  9.31332e-07
 Reference value :  9.33428e-07
 Reference value :  9.35303e-07
 Reference value :  9.35346e-07
 Reference value :  9.37329e-07
 Reference value :  9.39049e-07
 Reference value :  9.39172e-07
 Reference value :  9.41211e-07
 Reference value :  9.42988e-07
 Reference value :  9.44476e-07
 Reference value :  9.45428e-07
 Reference value :  9.47082e-07
 Reference value :  9.49110e-07
 Reference value :  9.51089e-07
 Reference value :  9.52923e-07
 Reference value :  9.54863e-07
 Reference value :  9.57145e-07
 Reference value :  9.58818e-07
 Reference value :  9.61322e-07
 Reference value :  9.62907e-07
 Reference value :  9.65445e-07
 Reference value :  9.68881e-07
 Reference value :  9.70947e-07
 Reference value :  9.73460e-07
 Reference value :  9.76211e-07
 Reference value :  9.76967e-07
 Reference value :  9.78918e-07
 Reference value :  9.81307e-07
 Reference value :  9.82981e-07
 Reference value :  9.85275e-07
 Reference value :  9.87156e-07
 Reference value :  9.89676e-07
 Reference value :  9.91378e-07
 Reference value :  9.93519e-07
 Reference value :  9.94302e-07
 Reference value :  9.95517e-07
 Reference value :  9.97641e-07
 Reference value :  9.98629e-07
 Reference value :  9.99828e-07
 Reference value :  1.00085e-06
 Reference value :  1.00201e-06
 Reference value :  1.00391e-06
 Reference value :  1.00404e-06
 Reference value :  1.00598e-06
 Reference value :  1.00807e-06
 Reference value :  1.00818e-06
 Reference value :  1.01029e-06
 Reference value :  1.01128e-06
 Reference value :  1.01229e-06
 Reference value :  1.01422e-06
 Reference value :  1.01562e-06
 Reference value :  1.01664e-06
 Reference value :  1.01872e-06
 Reference value :  1.02066e-06
 Reference value :  1.02296e-06
 Reference value :  1.02389e-06
 Reference value :  1.02485e-06
 Reference value :  1.02695e-06
 Reference value :  1.02752e-06
 Reference value :  1.02897e-06
 Reference value :  1.03109e-06
 Reference value :  1.03218e-06
 Reference value :  1.03300e-06
 Reference value :  1.03473e-06
 Reference value :  1.03588e-06
 Reference value :  1.03709e-06
 Reference value :  1.03878e-06
 Reference value :  1.04041e-06
 Reference value :  1.04119e-06
 Reference value :  1.04330e-06
 Reference value :  1.04451e-06
 Reference value :  1.04530e-06
 Reference value :  1.04705e-06
 Reference value :  1.04781e-06
 Reference value :  1.04944e-06
 Reference value :  1.04954e-06
 Reference value :  1.05155e-06
 Reference value :  1.05341e-06
 Reference value :  1.05531e-06
 Reference value :  1.05647e-06
 Reference value :  1.05754e-06
 Reference value :  1.05955e-06
 Reference value :  1.06040e-06
 Reference value :  1.06162e-06
 Reference value :  1.06331e-06
 Reference value :  1.06381e-06
 Reference value :  1.06440e-06
 Reference value :  1.06580e-06
 Reference value :  1.06733e-06
 Reference value :  1.06896e-06
 Reference value :  1.06998e-06
 Reference value :  1.07169e-06
 Reference value :  1.07290e-06
 Reference value :  1.07431e-06
 Reference value :  1.07652e-06
 Reference value :  1.07836e-06
 Reference value :  1.08004e-06
 Reference value :  1.08124e-06
 Reference value :  1.08267e-06
 Reference value :  1.08490e-06
 Reference value :  1.08690e-06
 Reference value :  1.08902e-06
 Reference value :  1.09107e-06
 Reference value :  1.09128e-06
 Reference value :  1.09352e-06
 Reference value :  1.09523e-06
 Reference value :  1.09547e-06
 Reference value :  1.09737e-06
 Reference value :  1.09840e-06
 Reference value :  1.09973e-06
 Reference value :  1.09992e-06
 Reference value :  1.10086e-06
 Reference value :  1.10184e-06
 Reference value :  1.10343e-06
 Reference value :  1.10421e-06
 Reference value :  1.10616e-06
 Reference value :  1.10718e-06
 Reference value :  1.10860e-06
 Reference value :  1.11079e-06
 Reference value :  1.11253e-06
 Reference value :  1.11290e-06
 Reference value :  1.11512e-06
 Reference value :  1.11592e-06
 Reference value :  1.11744e-06
 Reference value :  1.11954e-06
 Reference value :  1.12143e-06
 Reference value :  1.12336e-06
 Reference value :  1.12438e-06
 Reference value :  1.12579e-06
 Reference value :  1.12811e-06
 Reference value :  1.12909e-06
 Reference value :  1.12991e-06
 Reference value :  1.13196e-06
 Reference value :  1.13270e-06
 Reference value :  1.13411e-06
 Reference value :  1.13617e-06
 Reference value :  1.13690e-06
 Reference value :  1.13824e-06
 Reference value :  1.14016e-06
 Reference value :  1.14137e-06
 Reference value :  1.14239e-06
 Reference value :  1.14416e-06
 Reference value :  1.14556e-06
 Reference value :  1.14657e-06
 Reference value :  1.14882e-06
 Reference value :  1.15012e-06
 Reference value :  1.15195e-06
 Reference value :  1.15310e-06
 Reference value :  1.15371e-06
 Reference value :  1.15484e-06
 Reference value :  1.15496e-06
 Reference value :  1.15707e-06
 Reference value :  1.15879e-06
 Reference value :  1.15921e-06
 Reference value :  1.16134e-06
 Reference value :  1.16326e-06
 Reference value :  1.16536e-06
 Reference value :  1.16617e-06
 Reference value :  1.16754e-06
 Reference value :  1.16959e-06
 Reference value :  1.17017e-06
 Reference value :  1.17178e-06
 Reference value :  1.17402e-06
 Reference value :  1.17606e-06
 Reference value :  1.17811e-06
 Reference value :  1.17936e-06
 Reference value :  1.18018e-06
 Reference value :  1.18230e-06
 Reference value :  1.18387e-06
 Reference value :  1.18450e-06
 Reference value :  1.18641e-06
 Reference value :  1.18777e-06
 Reference value :  1.18895e-06
 Reference value :  1.19113e-06
 Reference value :  1.19285e-06
 Reference value :  1.19320e-06
 Reference value :  1.19541e-06
 Reference value :  1.19700e-06
 Reference value :  1.19763e-06
 Reference value :  1.19981e-06
 Reference value :  1.20088e-06
 Reference value :  1.20191e-06
 Reference value :  1.20420e-06
 Reference value :  1.20476e-06
 Reference value :  1.20631e-06
 Reference value :  1.20798e-06
 Reference value :  1.20958e-06
 Reference value :  1.21080e-06
 Reference value :  1.21305e-06
 Reference value :  1.21427e-06
 Reference value :  1.21528e-06
 Reference value :  1.21750e-06
 Reference value :  1.21966e-06
 Reference value :  1.21968e-06
 Reference value :  1.22197e-06
 Reference value :  1.22278e-06
 Reference value :  1.22402e-06
 Reference value :  1.22621e-06
 Reference value :  1.22822e-06
 Reference value :  1.23013e-06
 Reference value :  1.23084e-06
 Reference value :  1.23267e-06
 Reference value :  1.23490e-06
 Reference value :  1.23674e-06
 Reference value :  1.23682e-06
 Reference value :  1.23893e-06
 Reference value :  1.23969e-06
 Reference value :  1.24092e-06
 Reference value :  1.24244e-06
 Reference value :  1.24336e-06
 Reference value :  1.24518e-06
 Reference value :  1.24529e-06
 Reference value :  1.24741e-06
 Reference value :  1.24927e-06
 Reference value :  1.25040e-06
 Reference value :  1.25179e-06
 Reference value :  1.25344e-06
 Reference value :  1.25518e-06
 Reference value :  1.25607e-06
 Reference value :  1.25757e-06
 Reference value :  1.25948e-06
 Reference value :  1.26012e-06
 Reference value :  1.26208e-06
 Reference value :  1.26426e-06
 Reference value :  1.26596e-06
 Reference value :  1.26806e-06
 Reference value :  1.26979e-06
 Reference value :  1.27034e-06
 Reference value :  1.27249e-06
 Reference value :  1.27384e-06
 Reference value :  1.27444e-06
 Reference value :  1.27633e-06
 Reference value :  1.27695e-06
 Reference value :  1.27864e-06
 Reference value :  1.27875e-06
 Reference value :  1.28099e-06
 Reference value :  1.28291e-06
 Reference value :  1.28301e-06
 Reference value :  1.28530e-06
 Reference value :  1.28724e-06
 Reference value :  1.28936e-06
 Reference value :  1.29033e-06
 Reference value :  1.29155e-06
 Reference value :  1.29328e-06
 Reference value :  1.29427e-06
 Reference value :  1.29600e-06
 Reference value :  1.29757e-06
 Reference value :  1.29898e-06
 Reference value :  1.30033e-06
 Reference value :  1.30101e-06
 Reference value :  1.30192e-06
 Reference value :  1.30300e-06
 Reference value :  1.30488e-06
 Reference value :  1.30723e-06
 Reference value :  1.30905e-06
 Reference value :  1.30923e-06
 Reference value :  1.31087e-06
 Reference value :  1.31212e-06
 Reference value :  1.31365e-06
 Reference value :  1.31560e-06
 Reference value :  1.31677e-06
 Reference value :  1.31819e-06
 Reference value :  1.32040e-06
 Reference value :  1.32255e-06
 Reference value :  1.32270e-06
 Reference value :  1.32487e-06
 Reference value :  1.32689e-06
 Reference value :  1.32695e-06
 Reference value :  1.32909e-06
 Reference value :  1.32994e-06
 Reference value :  1.33110e-06
 Reference value :  1.33352e-06
 Reference value :  1.33542e-06
 Reference value :  1.33713e-06
 Reference value :  1.33829e-06
 Reference value :  1.33970e-06
 Reference value :  1.34169e-06
 Reference value :  1.34272e-06
 Reference value :  1.34401e-06
 Reference value :  1.34621e-06
 Reference value :  1.34702e-06
 Reference value :  1.34819e-06
 Reference value :  1.35017e-06
 Reference value :  1.35062e-06
 Reference value :  1.35228e-06
 Reference value :  1.35450e-06
 Reference value :  1.35664e-06
 Reference value :  1.35868e-06
 Reference value :  1.36056e-06
 Reference value :  1.36268e-06
 Reference value :  1.36386e-06
 Reference value :  1.36487e-06
 Reference value :  1.36697e-06
 Reference value :  1.36858e-06
 Reference value :  1.36901e-06
 Reference value :  1.37105e-06
 Reference value :  1.37309e-06
 Reference value :  1.37317e-06
 Reference value :  1.37521e-06
 Reference value :  1.37645e-06
 Reference value :  1.37746e-06
 Reference value :  1.37955e-06
 Reference value :  1.38110e-06
 Reference value :  1.38152e-06
 Reference value :  1.38362e-06
 Reference value :  1.38420e-06
 Reference value :  1.38555e-06
 Reference value :  1.38593e-06
 Reference value :  1.38809e-06
 Reference value :  1.39021e-06
 Reference value :  1.39034e-06
 Reference value :  1.39250e-06
 Reference value :  1.39454e-06
 Reference value :  1.39673e-06
 Reference value :  1.39886e-06
 Reference value :  1.39893e-06
 Reference value :  1.40086e-06
 Reference value :  1.40183e-06
 Reference value :  1.40324e-06
 Reference value :  1.40550e-06
 Reference value :  1.40765e-06
 Reference value :  1.40995e-06
 Reference value :  1.41202e-06
 Reference value :  1.41209e-06
 Reference value :  1.41425e-06
 Reference value :  1.41532e-06
 Reference value :  1.41654e-06
 Reference value :  1.41872e-06
 Reference value :  1.41940e-06
 Reference value :  1.42081e-06
 Reference value :  1.42266e-06
 Reference value :  1.42375e-06
 Reference value :  1.42572e-06
 Reference value :  1.42776e-06
 Reference value :  1.42969e-06
 Reference value :  1.43188e-06
 Reference value :  1.43361e-06
 Reference value :  1.43403e-06
 Reference value :  1.43616e-06
 Reference value :  1.43700e-06
 Reference value :  1.43821e-06
 Reference value :  1.44045e-06
 Reference value :  1.44242e-06
 Reference value :  1.44253e-06
 Reference value :  1.44475e-06
 Reference value :  1.44680e-06
 Reference value :  1.44684e-06
 Reference value :  1.44904e-06
 Reference value :  1.45002e-06
 Reference value :  1.45082e-06
 Reference value :  1.45234e-06
 Reference value :  1.45296e-06
 Reference value :  1.45360e-06
 Reference value :  1.45535e-06
 Reference value :  1.45719e-06
 Reference value :  1.45793e-06
 Reference value :  1.45929e-06
 Reference value :  1.46144e-06
 Reference value :  1.46354e-06
 Reference value :  1.46534e-06
 Reference value :  1.46679e-06
 Reference value :  1.46741e-06
 Reference value :  1.46934e-06
 Reference value :  1.47021e-06
 Reference value :  1.47154e-06
 Reference value :  1.47322e-06
 Reference value :  1.47405e-06
 Reference value :  1.47569e-06
 Reference value :  1.47760e-06
 Reference value :  1.47790e-06
 Reference value :  1.47997e-06
 Reference value :  1.48197e-06
 Reference value :  1.48421e-06
 Reference value :  1.48666e-06
 Reference value :  1.48843e-06
 Reference value :  1.49092e-06
 Reference value :  1.49266e-06
 Reference value :  1.49525e-06
 Reference value :  1.49710e-06
 Reference value :  1.49925e-06
 Reference value :  1.50068e-06
 Reference value :  1.50086e-06
 Reference value :  1.50142e-06
 Reference value :  1.50358e-06
 Reference value :  1.50468e-06
 Reference value :  1.50569e-06
 Reference value :  1.50729e-06
 Reference value :  1.50856e-06
 Reference value :  1.51054e-06
 Reference value :  1.51248e-06
 Reference value :  1.51435e-06
 Reference value :  1.51456e-06
 Reference value :  1.51676e-06
 Reference value :  1.51876e-06
 Reference value :  1.52108e-06
 Reference value :  1.52183e-06
 Reference value :  1.52313e-06
 Reference value :  1.52484e-06
 Reference value :  1.52590e-06
 Reference value :  1.52748e-06
 Reference value :  1.52988e-06
 Reference value :  1.53196e-06
 Reference value :  1.53420e-06
 Reference value :  1.53611e-06
 Reference value :  1.53823e-06
 Reference value :  1.53975e-06
 Reference value :  1.54037e-06
 Reference value :  1.54214e-06
 Reference value :  1.54320e-06
 Reference value :  1.54461e-06
 Reference value :  1.54614e-06
 Reference value :  1.54737e-06
 Reference value :  1.54888e-06
 Reference value :  1.55088e-06
 Reference value :  1.55250e-06
 Reference value :  1.55297e-06
 Reference value :  1.55498e-06
 Reference value :  1.55627e-06
 Reference value :  1.55708e-06
 Reference value :  1.55862e-06
 Reference value :  1.55964e-06
 Reference value :  1.56127e-06
 Reference value :  1.56325e-06
 Reference value :  1.56366e-06
 Reference value :  1.56607e-06
 Reference value :  1.56782e-06
 Reference value :  1.56935e-06
 Reference value :  1.57106e-06
 Reference value :  1.57267e-06
 Reference value :  1.57348e-06
 Reference value :  1.57552e-06
 Reference value :  1.57700e-06
 Reference value :  1.57761e-06
 Reference value :  1.57941e-06
 Reference value :  1.58025e-06
 Reference value :  1.58188e-06
 Reference value :  1.58400e-06
 Reference value :  1.58594e-06
 Reference value :  1.58768e-06
 Reference value :  1.58927e-06
 Reference value :  1.59028e-06
 Reference value :  1.59249e-06
 Reference value :  1.59404e-06
 Reference value :  1.59446e-06
 Reference value :  1.59663e-06
 Reference value :  1.59815e-06
 Reference value :  1.59877e-06
 Reference value :  1.60085e-06
 Reference value :  1.60216e-06
 Reference value :  1.60294e-06
 Reference value :  1.60520e-06
 Reference value :  1.60660e-06
 Reference value :  1.60741e-06
 Reference value :  1.60964e-06
 Reference value :  1.61162e-06
 Reference value :  1.61316e-06
 Reference value :  1.61424e-06
 Reference value :  1.61609e-06
 Reference value :  1.61610e-06
 Reference value :  1.61813e-06
 Reference value :  1.62029e-06
 Reference value :  1.62201e-06
 Reference value :  1.62367e-06
 Reference value :  1.62666e-06
 Reference value :  1.62900e-06
 Reference value :  1.63135e-06
 Reference value :  1.63214e-06
 Reference value :  1.63334e-06
 Reference value :  1.63558e-06
 Reference value :  1.63760e-06
 Reference value :  1.63996e-06
 Reference value :  1.64172e-06
 Reference value :  1.64397e-06
 Reference value :  1.64555e-06
 Reference value :  1.64599e-06
 Reference value :  1.64750e-06
 Reference value :  1.64865e-06
 Reference value :  1.65051e-06
 Reference value :  1.65242e-06
 Reference value :  1.65435e-06
 Reference value :  1.65456e-06
 Reference value :  1.65743e-06
 Reference value :  1.65860e-06
 Reference value :  1.66104e-06
 Reference value :  1.66262e-06
 Reference value :  1.66460e-06
 Reference value :  1.66535e-06
 Reference value :  1.66658e-06
 Reference value :  1.66829e-06
 Reference value :  1.66925e-06
 Reference value :  1.67069e-06
 Reference value :  1.67297e-06
 Reference value :  1.67471e-06
 Reference value :  1.67678e-06
 Reference value :  1.67933e-06
 Reference value :  1.68290e-06
 Reference value :  1.68522e-06
 Reference value :  1.68629e-06
 Reference value :  1.68927e-06
 Reference value :  1.69116e-06
 Reference value :  1.69319e-06
 Reference value :  1.69413e-06
 Reference value :  1.69534e-06
 Reference value :  1.69755e-06
 Reference value :  1.69860e-06
 Reference value :  1.69959e-06
 Reference value :  1.70105e-06
 Reference value :  1.70229e-06
 Reference value :  1.70391e-06
 Reference value :  1.70631e-06
 Reference value :  1.70822e-06
 Reference value :  1.71039e-06
 Reference value :  1.71241e-06
 Reference value :  1.71465e-06
 Reference value :  1.71668e-06
 Reference value :  1.71896e-06
 Reference value :  1.72103e-06
 Reference value :  1.72353e-06
 Reference value :  1.72540e-06
 Reference value :  1.72751e-06
 Reference value :  1.72764e-06
 Reference value :  1.72959e-06
 Reference value :  1.73183e-06
 Reference value :  1.73390e-06
 Reference value :  1.73629e-06
 Reference value :  1.73733e-06
 Reference value :  1.73828e-06
 Reference value :  1.74066e-06
 Reference value :  1.74231e-06
 Reference value :  1.74444e-06
 Reference value :  1.74648e-06
 Reference value :  1.74905e-06
 Reference value :  1.75079e-06
 Reference value :  1.75319e-06
 Reference value :  1.75456e-06
 Reference value :  1.75493e-06
 Reference value :  1.75703e-06
 Reference value :  1.75923e-06
 Reference value :  1.76128e-06
 Reference value :  1.76296e-06
 Reference value :  1.76506e-06
 Reference value :  1.76630e-06
 Reference value :  1.76698e-06
 Reference value :  1.76939e-06
 Reference value :  1.77122e-06
 Reference value :  1.77343e-06
 Reference value :  1.77533e-06
 Reference value :  1.77771e-06
 Reference value :  1.78116e-06
 Reference value :  1.78163e-06
 Reference value :  1.78341e-06
 Reference value :  1.78538e-06
 Reference value :  1.78742e-06
 Reference value :  1.79000e-06
 Reference value :  1.79160e-06
 Reference value :  1.79366e-06
 Reference value :  1.79478e-06
 Reference value :  1.79702e-06
 Reference value :  1.79809e-06
 Reference value :  1.80002e-06
 Reference value :  1.80083e-06
 Reference value :  1.80224e-06
 Reference value :  1.80408e-06
 Reference value :  1.80642e-06
 Reference value :  1.80792e-06
 Reference value :  1.80848e-06
 Reference value :  1.81056e-06
 Reference value :  1.81262e-06
 Reference value :  1.81268e-06
 Reference value :  1.81480e-06
 Reference value :  1.81677e-06
 Reference value :  1.81916e-06
 Reference value :  1.82106e-06
 Reference value :  1.82315e-06
 Reference value :  1.82380e-06
 Reference value :  1.82533e-06
 Reference value :  1.82774e-06
 Reference value :  1.83056e-06
 Reference value :  1.83222e-06
 Reference value :  1.83387e-06
 Reference value :  1.83637e-06
 Reference value :  1.83807e-06
 Reference value :  1.84019e-06
 Reference value :  1.84112e-06
 Reference value :  1.84223e-06
 Reference value :  1.84466e-06
 Reference value :  1.84642e-06
 Reference value :  1.84853e-06
 Reference value :  1.85055e-06
 Reference value :  1.85276e-06
 Reference value :  1.85468e-06
 Reference value :  1.85664e-06
 Reference value :  1.85849e-06
 Reference value :  1.86094e-06
 Reference value :  1.86233e-06
 Reference value :  1.86294e-06
 Reference value :  1.86505e-06
 Reference value :  1.86698e-06
 Reference value :  1.86930e-06
 Reference value :  1.87108e-06
 Reference value :  1.87314e-06
 Reference value :  1.87507e-06
 Reference value :  1.87600e-06
 Reference value :  1.87830e-06
 Reference value :  1.87929e-06
 Reference value :  1.88154e-06
 Reference value :  1.88305e-06
 Reference value :  1.88495e-06
 Reference value :  1.88618e-06
 Reference value :  1.88718e-06
 Reference value :  1.88929e-06
 Reference value :  1.89117e-06
 Reference value :  1.89267e-06
 Reference value :  1.89387e-06
 Reference value :  1.89529e-06
 Reference value :  1.89740e-06
 Reference value :  1.90014e-06
 Reference value :  1.90145e-06
 Reference value :  1.90232e-06
 Reference value :  1.90354e-06
 Reference value :  1.90545e-06
 Reference value :  1.90638e-06
 Reference value :  1.90787e-06
 Reference value :  1.91000e-06
 Reference value :  1.91200e-06
 Reference value :  1.91457e-06
 Reference value :  1.91626e-06
 Reference value :  1.91828e-06
 Reference value :  1.92000e-06
 Reference value :  1.92062e-06
 Reference value :  1.92275e-06
 Reference value :  1.92470e-06
 Reference value :  1.92702e-06
 Reference value :  1.92896e-06
 Reference value :  1.93131e-06
 Reference value :  1.93331e-06
 Reference value :  1.93568e-06
 Reference value :  1.93740e-06
 Reference value :  1.93976e-06
 Reference value :  1.94164e-06
 Reference value :  1.94391e-06
 Reference value :  1.94459e-06
 Reference value :  1.94570e-06
 Reference value :  1.94836e-06
 Reference value :  1.95132e-06
 Reference value :  1.95234e-06
 Reference value :  1.95400e-06
 Reference value :  1.95634e-06
 Reference value :  1.95860e-06
 Reference value :  1.96095e-06
 Reference value :  1.96219e-06
 Reference value :  1.96426e-06
 Reference value :  1.96630e-06
 Reference value :  1.96883e-06
 Reference value :  1.97044e-06
 Reference value :  1.97261e-06
 Reference value :  1.97451e-06
 Reference value :  1.97596e-06
 Reference value :  1.97731e-06
 Reference value :  1.97882e-06
 Reference value :  1.98116e-06
 Reference value :  1.98260e-06
 Reference value :  1.98599e-06
 Reference value :  1.98683e-06
 Reference value :  1.98903e-06
 Reference value :  1.99074e-06
 Reference value :  1.99292e-06
 Reference value :  1.99479e-06
 Reference value :  1.99695e-06
 Reference value :  1.99813e-06
 Reference value :  2.00030e-06
 Reference value :  2.00088e-06
 Reference value :  2.00233e-06
 Reference value :  2.00323e-06
 Reference value :  2.00538e-06
 Reference value :  2.00717e-06
 Reference value :  2.00895e-06
 Reference value :  2.01006e-06
 Reference value :  2.01131e-06
 Reference value :  2.01238e-06
 Reference value :  2.01405e-06
 Reference value :  2.01554e-06
 Reference value :  2.01740e-06
 Reference value :  2.01940e-06
 Reference value :  2.01981e-06
 Reference value :  2.02185e-06
 Reference value :  2.02261e-06
 Reference value :  2.02399e-06
 Reference value :  2.02589e-06
 Reference value :  2.02621e-06
 Reference value :  2.02801e-06
 Reference value :  2.02823e-06
 Reference value :  2.03042e-06
 Reference value :  2.03206e-06
 Reference value :  2.03245e-06
 Reference value :  2.03448e-06
 Reference value :  2.03659e-06
 Reference value :  2.03850e-06
 Reference value :  2.03973e-06
 Reference value :  2.04075e-06
 Reference value :  2.04268e-06
 Reference value :  2.04355e-06
 Reference value :  2.04489e-06
 Reference value :  2.04639e-06
 Reference value :  2.04725e-06
 Reference value :  2.04813e-06
 Reference value :  2.05006e-06
 Reference value :  2.05162e-06
 Reference value :  2.05327e-06
 Reference value :  2.05538e-06
 Reference value :  2.05731e-06
 Reference value :  2.05962e-06
 Reference value :  2.06138e-06
 Reference value :  2.06343e-06
 Reference value :  2.06420e-06
 Reference value :  2.06555e-06
 Reference value :  2.06760e-06
 Reference value :  2.06950e-06
 Reference value :  2.07139e-06
 Reference value :  2.07302e-06
 Reference value :  2.07365e-06
 Reference value :  2.07605e-06
 Reference value :  2.07725e-06
 Reference value :  2.07782e-06
 Reference value :  2.07965e-06
 Reference value :  2.08124e-06
 Reference value :  2.08171e-06
 Reference value :  2.08382e-06
 Reference value :  2.08573e-06
 Reference value :  2.08596e-06
 Reference value :  2.08801e-06
 Reference value :  2.08967e-06
 Reference value :  2.09184e-06
 Reference value :  2.09340e-06
 Reference value :  2.09382e-06
 Reference value :  2.09592e-06
 Reference value :  2.09691e-06
 Reference value :  2.09790e-06
 Reference value :  2.09997e-06
 Reference value :  2.10088e-06
 Reference value :  2.10202e-06
 Reference value :  2.10427e-06
 Reference value :  2.10625e-06
 Reference value :  2.10842e-06
 Reference value :  2.11047e-06
 Reference value :  2.11231e-06
 Reference value :  2.11330e-06
 Reference value :  2.11492e-06
 Reference value :  2.11689e-06
 Reference value :  2.11770e-06
 Reference value :  2.11791e-06
 Reference value :  2.11864e-06
 Reference value :  2.12070e-06
 Reference value :  2.12200e-06
 Reference value :  2.12283e-06
 Reference value :  2.12432e-06
 Reference value :  2.12534e-06
 Reference value :  2.12714e-06
 Reference value :  2.12932e-06
 Reference value :  2.13086e-06
 Reference value :  2.13126e-06
 Reference value :  2.13340e-06
 Reference value :  2.13434e-06
 Reference value :  2.13535e-06
 Reference value :  2.13749e-06
 Reference value :  2.13927e-06
 Reference value :  2.13953e-06
 Reference value :  2.14148e-06
 Reference value :  2.14293e-06
 Reference value :  2.14368e-06
 Reference value :  2.14558e-06
 Reference value :  2.14635e-06
 Reference value :  2.14777e-06
 Reference value :  2.14914e-06
 Reference value :  2.15044e-06
 Reference value :  2.15185e-06
 Reference value :  2.15198e-06
 Reference value :  2.15394e-06
 Reference value :  2.15592e-06
 Reference value :  2.15740e-06
 Reference value :  2.15828e-06
 Reference value :  2.16041e-06
 Reference value :  2.16220e-06
 Reference value :  2.16417e-06
 Reference value :  2.16419e-06
 Reference value :  2.16609e-06
 Reference value :  2.16744e-06
 Reference value :  2.16827e-06
 Reference value :  2.17044e-06
 Reference value :  2.17219e-06
 Reference value :  2.17371e-06
 Reference value :  2.17475e-06
 Reference value :  2.17629e-06
 Reference value :  2.17840e-06
 Reference value :  2.17937e-06
 Reference value :  2.18037e-06
 Reference value :  2.18242e-06
 Reference value :  2.18300e-06
 Reference value :  2.18433e-06
 Reference value :  2.18617e-06
 Reference value :  2.18677e-06
 Reference value :  2.18729e-06
 Reference value :  2.18846e-06
 Reference value :  2.19057e-06
 Reference value :  2.19250e-06
 Reference value :  2.19466e-06
 Reference value :  2.19660e-06
 Reference value :  2.19873e-06
 Reference value :  2.20000e-06
 Reference value :  2.20105e-06
 Reference value :  2.20265e-06
 Reference value :  2.20372e-06
 Reference value :  2.20471e-06
 Reference value :  2.20680e-06
 Reference value :  2.20876e-06
 Reference value :  2.21046e-06
 Reference value :  2.21130e-06
 Reference value :  2.21287e-06
 Reference value :  2.21476e-06
 Reference value :  2.21567e-06
 Reference value :  2.21705e-06
 Reference value :  2.21889e-06
 Reference value :  2.21949e-06
 Reference value :  2.22066e-06
 Reference value :  2.22129e-06
 Reference value :  2.22342e-06
 Reference value :  2.22540e-06
 Reference value :  2.22744e-06
 Reference value :  2.22955e-06
 Reference value :  2.23160e-06
 Reference value :  2.23308e-06
 Reference value :  2.23370e-06
 Reference value :  2.23574e-06
 Reference value :  2.23662e-06
 Reference value :  2.23783e-06
 Reference value :  2.23996e-06
 Reference value :  2.24142e-06
 Reference value :  2.24202e-06
 Reference value :  2.24412e-06
 Reference value :  2.24594e-06
 Reference value :  2.24615e-06
 Reference value :  2.24828e-06
 Reference value :  2.24934e-06
 Reference value :  2.25032e-06
 Reference value :  2.25231e-06
 Reference value :  2.25301e-06
 Reference value :  2.25448e-06
 Reference value :  2.25644e-06
 Reference value :  2.25835e-06
 Reference value :  2.26005e-06
 Reference value :  2.26147e-06
 Reference value :  2.26245e-06
 Reference value :  2.26438e-06
 Reference value :  2.26552e-06
 Reference value :  2.26653e-06
 Reference value :  2.26857e-06
 Reference value :  2.26924e-06
 Reference value :  2.27062e-06
 Reference value :  2.27076e-06
 Reference value :  2.27294e-06
 Reference value :  2.27464e-06
 Reference value :  2.27653e-06
 Reference value :  2.27873e-06
 Reference value :  2.27887e-06
 Reference value :  2.28102e-06
 Reference value :  2.28214e-06
 Reference value :  2.28272e-06
 Reference value :  2.28480e-06
 Reference value :  2.28548e-06
 Reference value :  2.28672e-06
 Reference value :  2.28880e-06
 Reference value :  2.29014e-06
 Reference value :  2.29243e-06
 Reference value :  2.29276e-06
 Reference value :  2.29467e-06
 Reference value :  2.29677e-06
 Reference value :  2.29879e-06
 Reference value :  2.29894e-06
 Reference value :  2.30101e-06
 Reference value :  2.30269e-06
 Reference value :  2.30291e-06
 Reference value :  2.30519e-06
 Reference value :  2.30687e-06
 Reference value :  2.30899e-06
 Reference value :  2.31057e-06
 Reference value :  2.31108e-06
 Reference value :  2.31303e-06
 Reference value :  2.31431e-06
 Reference value :  2.31519e-06
 Reference value :  2.31717e-06
 Reference value :  2.31790e-06
 Reference value :  2.31931e-06
 Reference value :  2.32137e-06
 Reference value :  2.32208e-06
 Reference value :  2.32223e-06
 Reference value :  2.32342e-06
 Reference value :  2.32561e-06
 Reference value :  2.32769e-06
 Reference value :  2.32774e-06
 Reference value :  2.32982e-06
 Reference value :  2.33176e-06
 Reference value :  2.33402e-06
 Reference value :  2.33584e-06
 Reference value :  2.33734e-06
 Reference value :  2.33819e-06
 Reference value :  2.33997e-06
 Reference value :  2.34004e-06
 Reference value :  2.34224e-06
 Reference value :  2.34410e-06
 Reference value :  2.34595e-06
 Reference value :  2.34772e-06
 Reference value :  2.34822e-06
 Reference value :  2.35011e-06
 Reference value :  2.35097e-06
 Reference value :  2.35218e-06
 Reference value :  2.35364e-06
 Reference value :  2.35444e-06
 Reference value :  2.35543e-06
 Reference value :  2.35624e-06
 Reference value :  2.35830e-06
 Reference value :  2.35979e-06
 Reference value :  2.36168e-06
 Reference value :  2.36301e-06
 Reference value :  2.36443e-06
 Reference value :  2.36652e-06
 Reference value :  2.36840e-06
 Reference value :  2.36996e-06
 Reference value :  2.37235e-06
 Reference value :  2.37465e-06
 Reference value :  2.37635e-06
 Reference value :  2.37663e-06
 Reference value :  2.37852e-06
 Reference value :  2.37986e-06
 Reference value :  2.38068e-06
 Reference value :  2.38275e-06
 Reference value :  2.38404e-06
 Reference value :  2.38466e-06
 Reference value :  2.38618e-06
 Reference value :  2.38722e-06
 Reference value :  2.38878e-06
 Reference value :  2.38880e-06
 Reference value :  2.39080e-06
 Reference value :  2.39157e-06
 Reference value :  2.39272e-06
 Reference value :  2.39459e-06
 Reference value :  2.39656e-06
 Reference value :  2.39823e-06
 Reference value :  2.39955e-06
 Reference value :  2.40086e-06
 Reference value :  2.40229e-06
 Reference value :  2.40336e-06
 Reference value :  2.40483e-06
 Reference value :  2.40686e-06
 Reference value :  2.40779e-06
 Reference value :  2.40957e-06
 Reference value :  2.41141e-06
 Reference value :  2.41307e-06
 Reference value :  2.41511e-06
 Reference value :  2.41681e-06
 Reference value :  2.41722e-06
 Reference value :  2.41951e-06
 Reference value :  2.42080e-06
 Reference value :  2.42122e-06
 Reference value :  2.42320e-06
 Reference value :  2.42391e-06
 Reference value :  2.42539e-06
 Reference value :  2.42750e-06
 Reference value :  2.42940e-06
 Reference value :  2.43112e-06
 Reference value :  2.43208e-06
 Reference value :  2.43363e-06
 Reference value :  2.43581e-06
 Reference value :  2.43719e-06
 Reference value :  2.43778e-06
 Reference value :  2.43985e-06
 Reference value :  2.44091e-06
 Reference value :  2.44193e-06
 Reference value :  2.44405e-06
 Reference value :  2.44596e-06
 Reference value :  2.44764e-06
 Reference value :  2.44889e-06
 Reference value :  2.45041e-06
 Reference value :  2.45244e-06
 Reference value :  2.45430e-06
 Reference value :  2.45620e-06
 Reference value :  2.45790e-06
 Reference value :  2.45822e-06
 Reference value :  2.46032e-06
 Reference value :  2.46217e-06
 Reference value :  2.46368e-06
 Reference value :  2.46530e-06
 Reference value :  2.46632e-06
 Reference value :  2.46849e-06
 Reference value :  2.47028e-06
 Reference value :  2.47223e-06
 Reference value :  2.47297e-06
 Reference value :  2.47435e-06
 Reference value :  2.47644e-06
 Reference value :  2.47855e-06
 Reference value :  2.48038e-06
 Reference value :  2.48039e-06
 Reference value :  2.48209e-06
 Reference value :  2.48230e-06
 Reference value :  2.48400e-06
 Reference value :  2.48501e-06
 Reference value :  2.48662e-06
 Reference value :  2.48856e-06
 Reference value :  2.48949e-06
 Reference value :  2.49030e-06
 Reference value :  2.49219e-06
 Reference value :  2.49289e-06
 Reference value :  2.49441e-06
 Reference value :  2.49648e-06
 Reference value :  2.49837e-06
 Reference value :  2.49844e-06
 Reference value :  2.50025e-06
 Reference value :  2.50093e-06
 Reference value :  2.50247e-06
 Reference value :  2.50459e-06
 Reference value :  2.50638e-06
 Reference value :  2.50789e-06
 Reference value :  2.50870e-06
 Reference value :  2.51044e-06
 Reference value :  2.51213e-06
 Reference value :  2.51326e-06
 Reference value :  2.51448e-06
 Reference value :  2.51595e-06
 Reference value :  2.51701e-06
 Reference value :  2.51903e-06
 Reference value :  2.52070e-06
 Reference value :  2.52161e-06
 Reference value :  2.52263e-06
 Reference value :  2.52414e-06
 Reference value :  2.52496e-06
 Reference value :  2.52598e-06
 Reference value :  2.52677e-06
 Reference value :  2.52876e-06
 Reference value :  2.52894e-06
 Reference value :  2.53088e-06
 Reference value :  2.53236e-06
 Reference value :  2.53401e-06
 Reference value :  2.53499e-06
 Reference value :  2.53690e-06
 Reference value :  2.53767e-06
 Reference value :  2.53909e-06
 Reference value :  2.54113e-06
 Reference value :  2.54205e-06
 Reference value :  2.54323e-06
 Reference value :  2.54543e-06
 Reference value :  2.54723e-06
 Reference value :  2.54900e-06
 Reference value :  2.54965e-06
 Reference value :  2.55133e-06
 Reference value :  2.55334e-06
 Reference value :  2.55511e-06
 Reference value :  2.55543e-06
 Reference value :  2.55741e-06
 Reference value :  2.55828e-06
 Reference value :  2.55937e-06
 Reference value :  2.55951e-06
 Reference value :  2.56165e-06
 Reference value :  2.56357e-06
 Reference value :  2.56566e-06
 Reference value :  2.56761e-06
 Reference value :  2.56969e-06
 Reference value :  2.57159e-06
 Reference value :  2.57183e-06
 Reference value :  2.57370e-06
 Reference value :  2.57442e-06
 Reference value :  2.57562e-06
 Reference value :  2.57734e-06
 Reference value :  2.57876e-06
 Reference value :  2.57978e-06
 Reference value :  2.58178e-06
 Reference value :  2.58346e-06
 Reference value :  2.58390e-06
 Reference value :  2.58604e-06
 Reference value :  2.58734e-06
 Reference value :  2.58775e-06
 Reference value :  2.58963e-06
 Reference value :  2.59043e-06
 Reference value :  2.59186e-06
 Reference value :  2.59398e-06
 Reference value :  2.59584e-06
 Reference value :  2.59597e-06
 Reference value :  2.59808e-06
 Reference value :  2.59986e-06
 Reference value :  2.60086e-06
 Reference value :  2.60185e-06
 Reference value :  2.60389e-06
 Reference value :  2.60591e-06
 Reference value :  2.60737e-06
 Reference value :  2.60798e-06
 Reference value :  2.61015e-06
 Reference value :  2.61085e-06
 Reference value :  2.61199e-06
 Reference value :  2.61416e-06
 Reference value :  2.61601e-06
 Reference value :  2.61788e-06
 Reference value :  2.61950e-06
 Reference value :  2.62011e-06
 Reference value :  2.62202e-06
 Reference value :  2.62302e-06
 Reference value :  2.62437e-06
 Reference value :  2.62646e-06
 Reference value :  2.62717e-06
 Reference value :  2.62831e-06
 Reference value :  2.63037e-06
 Reference value :  2.63228e-06
 Reference value :  2.63446e-06
 Reference value :  2.63556e-06
 Reference value :  2.63656e-06
 Reference value :  2.63858e-06
 Reference value :  2.63962e-06
 Reference value :  2.64062e-06
 Reference value :  2.64255e-06
 Reference value :  2.64324e-06
 Reference value :  2.64509e-06
 Reference value :  2.64670e-06
 Reference value :  2.64836e-06
 Reference value :  2.64892e-06
 Reference value :  2.65088e-06
 Reference value :  2.65277e-06
 Reference value :  2.65491e-06
 Reference value :  2.65613e-06
 Reference value :  2.65693e-06
 Reference value :  2.65895e-06
 Reference value :  2.65952e-06
 Reference value :  2.66091e-06
 Reference value :  2.66297e-06
 Reference value :  2.66491e-06
 Reference value :  2.66499e-06
 Reference value :  2.66703e-06
 Reference value :  2.66905e-06
 Reference value :  2.66920e-06
 Reference value :  2.67123e-06
 Reference value :  2.67313e-06
 Reference value :  2.67516e-06
 Reference value :  2.67593e-06
 Reference value :  2.67707e-06
 Reference value :  2.67876e-06
 Reference value :  2.68021e-06
 Reference value :  2.68121e-06
 Reference value :  2.68334e-06
 Reference value :  2.68514e-06
 Reference value :  2.68680e-06
 Reference value :  2.68781e-06
 Reference value :  2.68920e-06
 Reference value :  2.68926e-06
 Reference value :  2.69131e-06
 Reference value :  2.69223e-06
 Reference value :  2.69321e-06
 Reference value :  2.69485e-06
 Reference value :  2.69574e-06
 Reference value :  2.69728e-06
 Reference value :  2.69942e-06
 Reference value :  2.70100e-06
 Reference value :  2.70134e-06
 Reference value :  2.70288e-06
 Reference value :  2.70386e-06
 Reference value :  2.70532e-06
 Reference value :  2.70741e-06
 Reference value :  2.70935e-06
 Reference value :  2.70943e-06
 Reference value :  2.71156e-06
 Reference value :  2.71210e-06
 Reference value :  2.71339e-06
 Reference value :  2.71495e-06
 Reference value :  2.71646e-06
 Reference value :  2.71957e-06
 Reference value :  2.72032e-06
 Reference value :  2.72154e-06
 Reference value :  2.72345e-06
 Reference value :  2.72421e-06
 Reference value :  2.72579e-06
 Reference value :  2.72775e-06
 Reference value :  2.72832e-06
 Reference value :  2.72971e-06
 Reference value :  2.73182e-06
 Reference value :  2.73376e-06
 Reference value :  2.73385e-06
 Reference value :  2.73588e-06
 Reference value :  2.73787e-06
 Reference value :  2.73795e-06
 Reference value :  2.74016e-06
 Reference value :  2.74199e-06
 Reference value :  2.74206e-06
 Reference value :  2.74406e-06
 Reference value :  2.74510e-06
 Reference value :  2.74609e-06
 Reference value :  2.74821e-06
 Reference value :  2.75012e-06
 Reference value :  2.75026e-06
 Reference value :  2.75217e-06
 Reference value :  2.75416e-06
 Reference value :  2.75621e-06
 Reference value :  2.75742e-06
 Reference value :  2.75823e-06
 Reference value :  2.76032e-06
 Reference value :  2.76093e-06
 Reference value :  2.76224e-06
 Reference value :  2.76430e-06
 Reference value :  2.76570e-06
 Reference value :  2.76631e-06
 Reference value :  2.76811e-06
 Reference value :  2.76910e-06
 Reference value :  2.77056e-06
 Reference value :  2.77275e-06
 Reference value :  2.77455e-06
 Reference value :  2.77660e-06
 Reference value :  2.77734e-06
 Reference value :  2.77851e-06
 Reference value :  2.78059e-06
 Reference value :  2.78261e-06
 Reference value :  2.78263e-06
 Reference value :  2.78478e-06
 Reference value :  2.78657e-06
 Reference value :  2.78841e-06
 Reference value :  2.78934e-06
 Reference value :  2.79058e-06
 Reference value :  2.79267e-06
 Reference value :  2.79343e-06
 Reference value :  2.79461e-06
 Reference value :  2.79663e-06
 Reference value :  2.79770e-06
 Reference value :  2.79852e-06
 Reference value :  2.79865e-06
 Reference value :  2.80065e-06
 Reference value :  2.80185e-06
 Reference value :  2.80266e-06
 Reference value :  2.80474e-06
 Reference value :  2.80575e-06
 Reference value :  2.80696e-06
 Reference value :  2.80916e-06
 Reference value :  2.81084e-06
 Reference value :  2.81301e-06
 Reference value :  2.81483e-06
 Reference value :  2.81689e-06
 Reference value :  2.81798e-06
 Reference value :  2.81897e-06
 Reference value :  2.82100e-06
 Reference value :  2.82288e-06
 Reference value :  2.82310e-06
 Reference value :  2.82522e-06
 Reference value :  2.82709e-06
 Reference value :  2.82748e-06
 Reference value :  2.82946e-06
 Reference value :  2.82988e-06
 Reference value :  2.83201e-06
 Reference value :  2.83361e-06
 Reference value :  2.83536e-06
 Reference value :  2.83725e-06
 Reference value :  2.83923e-06
 Reference value :  2.83945e-06
 Reference value :  2.84158e-06
 Reference value :  2.84337e-06
 Reference value :  2.84544e-06
 Reference value :  2.84654e-06
 Reference value :  2.84753e-06
 Reference value :  2.84956e-06
 Reference value :  2.85106e-06
 Reference value :  2.85147e-06
 Reference value :  2.85334e-06
 Reference value :  2.85506e-06
 Reference value :  2.85547e-06
 Reference value :  2.85740e-06
 Reference value :  2.85866e-06
 Reference value :  2.85964e-06
 Reference value :  2.86180e-06
 Reference value :  2.86257e-06
 Reference value :  2.86360e-06
 Reference value :  2.86554e-06
 Reference value :  2.86729e-06
 Reference value :  2.86767e-06
 Reference value :  2.86974e-06
 Reference value :  2.87169e-06
 Reference value :  2.87405e-06
 Reference value :  2.87566e-06
 Reference value :  2.87715e-06
 Reference value :  2.87806e-06
 Reference value :  2.87876e-06
 Reference value :  2.87969e-06
 Reference value :  2.88141e-06
 Reference value :  2.88255e-06
 Reference value :  2.88372e-06
 Reference value :  2.88538e-06
 Reference value :  2.88714e-06
 Reference value :  2.88775e-06
 Reference value :  2.88985e-06
 Reference value :  2.89067e-06
 Reference value :  2.89207e-06
 Reference value :  2.89380e-06
 Reference value :  2.89452e-06
 Reference value :  2.89567e-06
 Reference value :  2.89583e-06
 Reference value :  2.89787e-06
 Reference value :  2.89950e-06
 Reference value :  2.89986e-06
 Reference value :  2.90117e-06
 Reference value :  2.90200e-06
 Reference value :  2.90382e-06
 Reference value :  2.90585e-06
 Reference value :  2.90696e-06
 Reference value :  2.90777e-06
 Reference value :  2.90967e-06
 Reference value :  2.91088e-06
 Reference value :  2.91190e-06
 Reference value :  2.91388e-06
 Reference value :  2.91469e-06
 Reference value :  2.91582e-06
 Reference value :  2.91595e-06
 Reference value :  2.91804e-06
 Reference value :  2.91988e-06
 Reference value :  2.92157e-06
 Reference value :  2.92237e-06
 Reference value :  2.92401e-06
 Reference value :  2.92609e-06
 Reference value :  2.92707e-06
 Reference value :  2.92803e-06
 Reference value :  2.93015e-06
 Reference value :  2.93080e-06
 Reference value :  2.93203e-06
 Reference value :  2.93353e-06
 Reference value :  2.93477e-06
 Reference value :  2.93684e-06
 Reference value :  2.93857e-06
 Reference value :  2.94005e-06
 Reference value :  2.94018e-06
 Reference value :  2.94226e-06
 Reference value :  2.94425e-06
 Reference value :  2.94432e-06
 Reference value :  2.94631e-06
 Reference value :  2.94712e-06
 Reference value :  2.94825e-06
 Reference value :  2.95002e-06
 Reference value :  2.95071e-06
 Reference value :  2.95223e-06
 Reference value :  2.95390e-06
 Reference value :  2.95533e-06
 Reference value :  2.95776e-06
 Reference value :  2.95898e-06
 Reference value :  2.96025e-06
 Reference value :  2.96172e-06
 Reference value :  2.96300e-06
 Reference value :  2.96439e-06
 Reference value :  2.96686e-06
 Reference value :  2.96877e-06
 Reference value :  2.97057e-06
 Reference value :  2.97235e-06
 Reference value :  2.97401e-06
 Reference value :  2.97531e-06
 Reference value :  2.97633e-06
 Reference value :  2.97784e-06
 Reference value :  2.97886e-06
 Reference value :  2.97990e-06
 Reference value :  2.98032e-06
 Reference value :  2.98249e-06
 Reference value :  2.98437e-06
 Reference value :  2.98624e-06
 Reference value :  2.98739e-06
 Reference value :  2.98840e-06
 Reference value :  2.99040e-06
 Reference value :  2.99121e-06
 Reference value :  2.99238e-06
 Reference value :  2.99434e-06
 Reference value :  2.99502e-06
 Reference value :  2.99641e-06
 Reference value :  2.99841e-06
 Reference value :  2.99928e-06
 Reference value :  2.99965e-06
No. of Data Rows : 23176
sim/harness: analysis complete
Note: Simulation executed from .control section 
Warning: singular matrix:  check node xxxtop.vctrl

Note: Starting dynamic gmin stepping
Note: Dynamic gmin stepping completed
