
Note: Compatibility modes selected: hs a


Circuit: ** sch_path: /users/rwalters/github/sky130-pll/.loom/worktrees/issue-81/sim/pll-lock/testbench/tb_pll_lock.sch

option SCALE: Scale is set to 1e-06 for instance and model parameters
option SCALE: Scale is set to 1e-06 for instance and model parameters
option SCALE: Scale is set to 1e-06 for instance and model parameters
option SCALE: Scale is set to 1e-06 for instance and model parameters
Doing analysis at TEMP = 125.000000 and TNOM = 27.000000

Using KLU as Direct Linear Solver
 Reference value :  0.00000e+00
 Reference value :  1.96061e-09
 Reference value :  6.90000e-09
 Reference value :  1.53000e-08
 Reference value :  2.25000e-08
 Reference value :  3.23000e-08
 Reference value :  4.27000e-08
 Reference value :  5.00192e-08
 Reference value :  5.78299e-08
 Reference value :  6.82299e-08
 Reference value :  7.84299e-08
 Reference value :  8.86299e-08
 Reference value :  9.90299e-08
 Reference value :  1.04209e-07
 Reference value :  1.12209e-07
 Reference value :  1.19609e-07
 Reference value :  1.28609e-07
 Reference value :  1.38609e-07
 Reference value :  1.48609e-07
 Reference value :  1.54230e-07
 Reference value :  1.64430e-07
 Reference value :  1.74430e-07
 Reference value :  1.84430e-07
 Reference value :  1.94430e-07
 Reference value :  2.01045e-07
 Reference value :  2.08425e-07
 Reference value :  2.15425e-07
 Reference value :  2.23225e-07
 Reference value :  2.33425e-07
 Reference value :  2.43625e-07
 Reference value :  2.50830e-07
 Reference value :  2.59430e-07
 Reference value :  2.70030e-07
 Reference value :  2.80230e-07
 Reference value :  2.90430e-07
 Reference value :  3.00140e-07
 Reference value :  3.05225e-07
 Reference value :  3.13225e-07
 Reference value :  3.21025e-07
 Reference value :  3.31225e-07
 Reference value :  3.41825e-07
 Reference value :  3.50058e-07
 Reference value :  3.58230e-07
 Reference value :  3.68630e-07
 Reference value :  3.78830e-07
 Reference value :  3.89430e-07
 Reference value :  4.00060e-07
 Reference value :  4.05625e-07
 Reference value :  4.13225e-07
 Reference value :  4.21225e-07
 Reference value :  4.31025e-07
 Reference value :  4.41625e-07
 Reference value :  4.50000e-07
 Reference value :  4.57230e-07
 Reference value :  4.67230e-07
 Reference value :  4.77430e-07
 Reference value :  4.87430e-07
 Reference value :  4.97430e-07
 Reference value :  5.03025e-07
 Reference value :  5.10625e-07
 Reference value :  5.17825e-07
 Reference value :  5.26825e-07
 Reference value :  5.37625e-07
 Reference value :  5.47825e-07
 Reference value :  5.54030e-07
 Reference value :  5.64230e-07
 Reference value :  5.74630e-07
 Reference value :  5.84830e-07
 Reference value :  5.95230e-07
 Reference value :  6.01425e-07
 Reference value :  6.09625e-07
 Reference value :  6.16825e-07
 Reference value :  6.25425e-07
 Reference value :  6.35825e-07
 Reference value :  6.46225e-07
 Reference value :  6.52830e-07
 Reference value :  6.63630e-07
 Reference value :  6.74630e-07
 Reference value :  6.85030e-07
 Reference value :  6.95230e-07
 Reference value :  7.01225e-07
 Reference value :  7.09625e-07
 Reference value :  7.16625e-07
 Reference value :  7.24825e-07
 Reference value :  7.35225e-07
 Reference value :  7.45425e-07
 Reference value :  7.52230e-07
 Reference value :  7.61230e-07
 Reference value :  7.71230e-07
 Reference value :  7.81430e-07
 Reference value :  7.92230e-07
 Reference value :  8.00850e-07
 Reference value :  8.08225e-07
 Reference value :  8.15425e-07
 Reference value :  8.23225e-07
 Reference value :  8.33225e-07
 Reference value :  8.43425e-07
 Reference value :  8.50830e-07
 Reference value :  8.59430e-07
 Reference value :  8.70230e-07
 Reference value :  8.80230e-07
 Reference value :  8.90630e-07
 Reference value :  9.00140e-07
 Reference value :  9.05025e-07
 Reference value :  9.12625e-07
 Reference value :  9.20225e-07
 Reference value :  9.29425e-07
 Reference value :  9.39625e-07
 Reference value :  9.49140e-07
 Reference value :  9.55630e-07
 Reference value :  9.65630e-07
 Reference value :  9.75830e-07
 Reference value :  9.85830e-07
 Reference value :  9.96030e-07
 Reference value :  1.00183e-06
 Reference value :  1.00963e-06
 Reference value :  1.01663e-06
 Reference value :  1.02483e-06
 Reference value :  1.03503e-06
 Reference value :  1.04523e-06
 Reference value :  1.05223e-06
 Reference value :  1.06183e-06
 Reference value :  1.07203e-06
 Reference value :  1.08203e-06
 Reference value :  1.09223e-06
 Reference value :  1.10085e-06
 Reference value :  1.10723e-06
 Reference value :  1.11443e-06
 Reference value :  1.12223e-06
 Reference value :  1.13243e-06
 Reference value :  1.14263e-06
 Reference value :  1.15013e-06
 Reference value :  1.15823e-06
 Reference value :  1.16843e-06
 Reference value :  1.17863e-06
 Reference value :  1.18923e-06
 Reference value :  1.19923e-06
 Reference value :  1.20423e-06
 Reference value :  1.21183e-06
 Reference value :  1.21923e-06
 Reference value :  1.22843e-06
 Reference value :  1.23863e-06
 Reference value :  1.24863e-06
 Reference value :  1.25463e-06
 Reference value :  1.26483e-06
 Reference value :  1.27503e-06
 Reference value :  1.28503e-06
 Reference value :  1.29523e-06
 Reference value :  1.30122e-06
 Reference value :  1.30903e-06
 Reference value :  1.31603e-06
 Reference value :  1.32403e-06
 Reference value :  1.33463e-06
 Reference value :  1.34483e-06
 Reference value :  1.35183e-06
 Reference value :  1.36083e-06
 Reference value :  1.37083e-06
 Reference value :  1.38123e-06
 Reference value :  1.39123e-06
 Reference value :  1.40070e-06
 Reference value :  1.40703e-06
 Reference value :  1.41443e-06
 Reference value :  1.42223e-06
 Reference value :  1.43223e-06
 Reference value :  1.44243e-06
 Reference value :  1.45013e-06
 Reference value :  1.45823e-06
 Reference value :  1.46883e-06
 Reference value :  1.47903e-06
 Reference value :  1.48923e-06
 Reference value :  1.49981e-06
 Reference value :  1.50463e-06
 Reference value :  1.51223e-06
 Reference value :  1.51983e-06
 Reference value :  1.52903e-06
 Reference value :  1.53943e-06
 Reference value :  1.54906e-06
 Reference value :  1.55503e-06
 Reference value :  1.56523e-06
 Reference value :  1.57543e-06
 Reference value :  1.58563e-06
 Reference value :  1.59583e-06
 Reference value :  1.60183e-06
 Reference value :  1.60983e-06
 Reference value :  1.61723e-06
 Reference value :  1.63083e-06
 Reference value :  1.64243e-06
 Reference value :  1.65006e-06
 Reference value :  1.65803e-06
 Reference value :  1.66803e-06
 Reference value :  1.67823e-06
 Reference value :  1.68863e-06
 Reference value :  1.69883e-06
 Reference value :  1.70383e-06
 Reference value :  1.71203e-06
 Reference value :  1.71943e-06
 Reference value :  1.72963e-06
 Reference value :  1.74003e-06
 Reference value :  1.74950e-06
 Reference value :  1.75603e-06
 Reference value :  1.76603e-06
 Reference value :  1.77643e-06
 Reference value :  1.78683e-06
 Reference value :  1.79703e-06
 Reference value :  1.80303e-06
 Reference value :  1.81063e-06
 Reference value :  1.81763e-06
 Reference value :  1.82663e-06
 Reference value :  1.83683e-06
 Reference value :  1.84743e-06
 Reference value :  1.85363e-06
 Reference value :  1.86343e-06
 Reference value :  1.87443e-06
 Reference value :  1.88483e-06
 Reference value :  1.89523e-06
 Reference value :  1.90183e-06
 Reference value :  1.91003e-06
 Reference value :  1.91723e-06
 Reference value :  1.92623e-06
 Reference value :  1.93783e-06
 Reference value :  1.94823e-06
 Reference value :  1.95403e-06
 Reference value :  1.96403e-06
 Reference value :  1.97423e-06
 Reference value :  1.98443e-06
 Reference value :  1.99503e-06
 Reference value :  2.00123e-06
 Reference value :  2.00923e-06
 Reference value :  2.01743e-06
 Reference value :  2.02623e-06
 Reference value :  2.03623e-06
 Reference value :  2.04623e-06
 Reference value :  2.05263e-06
 Reference value :  2.06203e-06
 Reference value :  2.07203e-06
 Reference value :  2.08223e-06
 Reference value :  2.09263e-06
 Reference value :  2.10085e-06
 Reference value :  2.10743e-06
 Reference value :  2.11463e-06
 Reference value :  2.12243e-06
 Reference value :  2.13223e-06
 Reference value :  2.14223e-06
 Reference value :  2.15013e-06
 Reference value :  2.15823e-06
 Reference value :  2.16843e-06
 Reference value :  2.17883e-06
 Reference value :  2.18923e-06
 Reference value :  2.19943e-06
 Reference value :  2.20423e-06
 Reference value :  2.21203e-06
 Reference value :  2.21943e-06
 Reference value :  2.22863e-06
 Reference value :  2.23903e-06
 Reference value :  2.24902e-06
 Reference value :  2.25483e-06
 Reference value :  2.26523e-06
 Reference value :  2.27603e-06
 Reference value :  2.28623e-06
 Reference value :  2.29643e-06
 Reference value :  2.30262e-06
 Reference value :  2.31063e-06
 Reference value :  2.31783e-06
 Reference value :  2.32643e-06
 Reference value :  2.33643e-06
 Reference value :  2.34663e-06
 Reference value :  2.35283e-06
 Reference value :  2.36223e-06
 Reference value :  2.37223e-06
 Reference value :  2.38403e-06
 Reference value :  2.39423e-06
 Reference value :  2.40102e-06
 Reference value :  2.40863e-06
 Reference value :  2.41563e-06
 Reference value :  2.42343e-06
 Reference value :  2.43403e-06
 Reference value :  2.44423e-06
 Reference value :  2.45123e-06
 Reference value :  2.45983e-06
 Reference value :  2.47063e-06
 Reference value :  2.48123e-06
 Reference value :  2.49143e-06
 Reference value :  2.50085e-06
 Reference value :  2.50723e-06
 Reference value :  2.51443e-06
 Reference value :  2.52223e-06
 Reference value :  2.53243e-06
 Reference value :  2.54243e-06
 Reference value :  2.55013e-06
 Reference value :  2.55843e-06
 Reference value :  2.56863e-06
 Reference value :  2.57883e-06
 Reference value :  2.58923e-06
 Reference value :  2.59963e-06
 Reference value :  2.60483e-06
 Reference value :  2.61263e-06
 Reference value :  2.62003e-06
 Reference value :  2.62923e-06
 Reference value :  2.63943e-06
 Reference value :  2.64914e-06
 Reference value :  2.65543e-06
 Reference value :  2.66563e-06
 Reference value :  2.67583e-06
 Reference value :  2.68623e-06
 Reference value :  2.69623e-06
 Reference value :  2.70203e-06
 Reference value :  2.71003e-06
 Reference value :  2.71723e-06
 Reference value :  2.72623e-06
 Reference value :  2.73643e-06
 Reference value :  2.74683e-06
 Reference value :  2.75323e-06
 Reference value :  2.76283e-06
 Reference value :  2.77283e-06
 Reference value :  2.78303e-06
 Reference value :  2.79323e-06
 Reference value :  2.80085e-06
 Reference value :  2.80723e-06
 Reference value :  2.81523e-06
 Reference value :  2.82303e-06
 Reference value :  2.83343e-06
 Reference value :  2.84343e-06
 Reference value :  2.85063e-06
 Reference value :  2.85923e-06
 Reference value :  2.86963e-06
 Reference value :  2.87963e-06
 Reference value :  2.89023e-06
 Reference value :  2.90002e-06
 Reference value :  2.90483e-06
 Reference value :  2.91263e-06
 Reference value :  2.92083e-06
 Reference value :  2.93023e-06
 Reference value :  2.94063e-06
 Reference value :  2.94985e-06
 Reference value :  2.95703e-06
 Reference value :  2.96723e-06
 Reference value :  2.97723e-06
 Reference value :  2.98723e-06
 Reference value :  2.99743e-06
No. of Data Rows : 15405
sim/harness: analysis complete
Note: Simulation executed from .control section 
