
Note: Compatibility modes selected: hs a


Circuit: ** sch_path: /users/rwalters/github/sky130-pll/.loom/worktrees/issue-81/sim/pll-lock/testbench/tb_pll_lock.sch

option SCALE: Scale is set to 1e-06 for instance and model parameters
option SCALE: Scale is set to 1e-06 for instance and model parameters
option SCALE: Scale is set to 1e-06 for instance and model parameters
option SCALE: Scale is set to 1e-06 for instance and model parameters
Doing analysis at TEMP = 125.000000 and TNOM = 27.000000

Using KLU as Direct Linear Solver
 Reference value :  0.00000e+00
 Reference value :  2.46368e-09
 Reference value :  6.00000e-09
 Reference value :  1.25000e-08
 Reference value :  1.93000e-08
 Reference value :  2.71000e-08
 Reference value :  3.71000e-08
 Reference value :  4.63000e-08
 Reference value :  5.12039e-08
 Reference value :  5.82039e-08
 Reference value :  6.52039e-08
 Reference value :  7.24039e-08
 Reference value :  7.96039e-08
 Reference value :  8.66039e-08
 Reference value :  9.36039e-08
 Reference value :  1.00140e-07
 Reference value :  1.05577e-07
 Reference value :  1.12577e-07
 Reference value :  1.21177e-07
 Reference value :  1.31577e-07
 Reference value :  1.41577e-07
 Reference value :  1.50000e-07
 Reference value :  1.55400e-07
 Reference value :  1.62400e-07
 Reference value :  1.69400e-07
 Reference value :  1.76800e-07
 Reference value :  1.84400e-07
 Reference value :  1.92000e-07
 Reference value :  1.99000e-07
 Reference value :  2.04071e-07
 Reference value :  2.11071e-07
 Reference value :  2.19871e-07
 Reference value :  2.30071e-07
 Reference value :  2.40071e-07
 Reference value :  2.49700e-07
 Reference value :  2.55000e-07
 Reference value :  2.62000e-07
 Reference value :  2.69000e-07
 Reference value :  2.76000e-07
 Reference value :  2.83000e-07
 Reference value :  2.90000e-07
 Reference value :  2.97000e-07
 Reference value :  3.01871e-07
 Reference value :  3.08871e-07
 Reference value :  3.16471e-07
 Reference value :  3.26271e-07
 Reference value :  3.36671e-07
 Reference value :  3.46671e-07
 Reference value :  3.52200e-07
 Reference value :  3.59200e-07
 Reference value :  3.66400e-07
 Reference value :  3.73400e-07
 Reference value :  3.80600e-07
 Reference value :  3.87800e-07
 Reference value :  3.94800e-07
 Reference value :  4.00850e-07
 Reference value :  4.07071e-07
 Reference value :  4.14071e-07
 Reference value :  4.24271e-07
 Reference value :  4.34671e-07
 Reference value :  4.44671e-07
 Reference value :  4.51000e-07
 Reference value :  4.58000e-07
 Reference value :  4.65000e-07
 Reference value :  4.72000e-07
 Reference value :  4.79000e-07
 Reference value :  4.86000e-07
 Reference value :  4.93000e-07
 Reference value :  4.99900e-07
 Reference value :  5.05071e-07
 Reference value :  5.12071e-07
 Reference value :  5.21271e-07
 Reference value :  5.31471e-07
 Reference value :  5.41471e-07
 Reference value :  5.50020e-07
 Reference value :  5.56000e-07
 Reference value :  5.63200e-07
 Reference value :  5.70200e-07
 Reference value :  5.77200e-07
 Reference value :  5.84400e-07
 Reference value :  5.91400e-07
 Reference value :  5.98600e-07
 Reference value :  6.03471e-07
 Reference value :  6.10871e-07
 Reference value :  6.19471e-07
 Reference value :  6.29471e-07
 Reference value :  6.39471e-07
 Reference value :  6.49020e-07
 Reference value :  6.54200e-07
 Reference value :  6.61400e-07
 Reference value :  6.68800e-07
 Reference value :  6.76000e-07
 Reference value :  6.83000e-07
 Reference value :  6.90000e-07
 Reference value :  6.97000e-07
 Reference value :  7.01871e-07
 Reference value :  7.09071e-07
 Reference value :  7.17271e-07
 Reference value :  7.28271e-07
 Reference value :  7.38671e-07
 Reference value :  7.48836e-07
 Reference value :  7.53600e-07
 Reference value :  7.60800e-07
 Reference value :  7.67800e-07
 Reference value :  7.75000e-07
 Reference value :  7.82200e-07
 Reference value :  7.89400e-07
 Reference value :  7.96400e-07
 Reference value :  8.01271e-07
 Reference value :  8.08271e-07
 Reference value :  8.15671e-07
 Reference value :  8.25871e-07
 Reference value :  8.36071e-07
 Reference value :  8.46071e-07
 Reference value :  8.51800e-07
 Reference value :  8.58800e-07
 Reference value :  8.66000e-07
 Reference value :  8.73000e-07
 Reference value :  8.80400e-07
 Reference value :  8.87400e-07
 Reference value :  8.94400e-07
 Reference value :  9.00700e-07
 Reference value :  9.06871e-07
 Reference value :  9.13871e-07
 Reference value :  9.24071e-07
 Reference value :  9.34271e-07
 Reference value :  9.44271e-07
 Reference value :  9.51000e-07
 Reference value :  9.58600e-07
 Reference value :  9.66200e-07
 Reference value :  9.73200e-07
 Reference value :  9.80400e-07
 Reference value :  9.87400e-07
 Reference value :  9.94400e-07
 Reference value :  1.00070e-06
 Reference value :  1.00647e-06
 Reference value :  1.01347e-06
 Reference value :  1.02327e-06
 Reference value :  1.03347e-06
 Reference value :  1.04367e-06
 Reference value :  1.05028e-06
 Reference value :  1.05720e-06
 Reference value :  1.06420e-06
 Reference value :  1.07120e-06
 Reference value :  1.07860e-06
 Reference value :  1.08600e-06
 Reference value :  1.09340e-06
 Reference value :  1.10050e-06
 Reference value :  1.10627e-06
 Reference value :  1.11307e-06
 Reference value :  1.12267e-06
 Reference value :  1.13267e-06
 Reference value :  1.14287e-06
 Reference value :  1.15013e-06
 Reference value :  1.15660e-06
 Reference value :  1.16360e-06
 Reference value :  1.17060e-06
 Reference value :  1.17760e-06
 Reference value :  1.18480e-06
 Reference value :  1.19200e-06
 Reference value :  1.19900e-06
 Reference value :  1.20407e-06
 Reference value :  1.21107e-06
 Reference value :  1.21967e-06
 Reference value :  1.22987e-06
 Reference value :  1.24027e-06
 Reference value :  1.24985e-06
 Reference value :  1.25560e-06
 Reference value :  1.26320e-06
 Reference value :  1.27020e-06
 Reference value :  1.27740e-06
 Reference value :  1.28460e-06
 Reference value :  1.29160e-06
 Reference value :  1.29900e-06
 Reference value :  1.30387e-06
 Reference value :  1.31107e-06
 Reference value :  1.31987e-06
 Reference value :  1.33027e-06
 Reference value :  1.34047e-06
 Reference value :  1.34985e-06
 Reference value :  1.35600e-06
 Reference value :  1.36320e-06
 Reference value :  1.37060e-06
 Reference value :  1.37920e-06
 Reference value :  1.38860e-06
 Reference value :  1.39620e-06
 Reference value :  1.40287e-06
 Reference value :  1.41007e-06
 Reference value :  1.42047e-06
 Reference value :  1.43107e-06
 Reference value :  1.44307e-06
 Reference value :  1.45060e-06
 Reference value :  1.45800e-06
 Reference value :  1.46540e-06
 Reference value :  1.47360e-06
 Reference value :  1.48140e-06
 Reference value :  1.48940e-06
 Reference value :  1.49680e-06
 Reference value :  1.50187e-06
 Reference value :  1.50947e-06
 Reference value :  1.51827e-06
 Reference value :  1.52907e-06
 Reference value :  1.53967e-06
 Reference value :  1.54985e-06
 Reference value :  1.55560e-06
 Reference value :  1.56360e-06
 Reference value :  1.57120e-06
 Reference value :  1.57860e-06
 Reference value :  1.58580e-06
 Reference value :  1.59300e-06
 Reference value :  1.60006e-06
 Reference value :  1.60827e-06
 Reference value :  1.61927e-06
 Reference value :  1.63047e-06
 Reference value :  1.64087e-06
 Reference value :  1.64985e-06
 Reference value :  1.65520e-06
 Reference value :  1.66440e-06
 Reference value :  1.67140e-06
 Reference value :  1.67880e-06
 Reference value :  1.68640e-06
 Reference value :  1.69400e-06
 Reference value :  1.70070e-06
 Reference value :  1.70767e-06
 Reference value :  1.71527e-06
 Reference value :  1.72527e-06
 Reference value :  1.73587e-06
 Reference value :  1.74587e-06
 Reference value :  1.75160e-06
 Reference value :  1.75940e-06
 Reference value :  1.76700e-06
 Reference value :  1.77440e-06
 Reference value :  1.78140e-06
 Reference value :  1.78880e-06
 Reference value :  1.79660e-06
 Reference value :  1.80207e-06
 Reference value :  1.80947e-06
 Reference value :  1.81767e-06
 Reference value :  1.82847e-06
 Reference value :  1.83987e-06
 Reference value :  1.84970e-06
 Reference value :  1.85500e-06
 Reference value :  1.86340e-06
 Reference value :  1.87040e-06
 Reference value :  1.87920e-06
 Reference value :  1.88640e-06
 Reference value :  1.89460e-06
 Reference value :  1.90085e-06
 Reference value :  1.90707e-06
 Reference value :  1.91427e-06
 Reference value :  1.92527e-06
 Reference value :  1.93807e-06
 Reference value :  1.94847e-06
 Reference value :  1.95380e-06
 Reference value :  1.96080e-06
 Reference value :  1.96860e-06
 Reference value :  1.97660e-06
 Reference value :  1.98440e-06
 Reference value :  1.99240e-06
 Reference value :  2.00000e-06
 Reference value :  2.00587e-06
 Reference value :  2.01347e-06
 Reference value :  2.02407e-06
 Reference value :  2.03467e-06
 Reference value :  2.04647e-06
 Reference value :  2.05340e-06
 Reference value :  2.06100e-06
 Reference value :  2.06820e-06
 Reference value :  2.07540e-06
 Reference value :  2.08280e-06
 Reference value :  2.09080e-06
 Reference value :  2.09900e-06
 Reference value :  2.10667e-06
 Reference value :  2.11587e-06
 Reference value :  2.12767e-06
 Reference value :  2.13867e-06
 Reference value :  2.14884e-06
 Reference value :  2.15380e-06
 Reference value :  2.16080e-06
 Reference value :  2.16800e-06
 Reference value :  2.17540e-06
 Reference value :  2.18420e-06
 Reference value :  2.19220e-06
 Reference value :  2.20000e-06
 Reference value :  2.20607e-06
 Reference value :  2.21307e-06
 Reference value :  2.22407e-06
 Reference value :  2.23667e-06
 Reference value :  2.24906e-06
 Reference value :  2.25500e-06
 Reference value :  2.26300e-06
 Reference value :  2.27060e-06
 Reference value :  2.27940e-06
 Reference value :  2.28740e-06
 Reference value :  2.29660e-06
 Reference value :  2.30247e-06
 Reference value :  2.30987e-06
 Reference value :  2.31947e-06
 Reference value :  2.33067e-06
 Reference value :  2.34187e-06
 Reference value :  2.35020e-06
 Reference value :  2.35800e-06
 Reference value :  2.36600e-06
 Reference value :  2.37560e-06
 Reference value :  2.38320e-06
 Reference value :  2.39020e-06
 Reference value :  2.39720e-06
 Reference value :  2.40247e-06
 Reference value :  2.41067e-06
 Reference value :  2.42107e-06
 Reference value :  2.43147e-06
 Reference value :  2.44547e-06
 Reference value :  2.45280e-06
 Reference value :  2.46020e-06
 Reference value :  2.46780e-06
 Reference value :  2.47500e-06
 Reference value :  2.48220e-06
 Reference value :  2.48940e-06
 Reference value :  2.49640e-06
 Reference value :  2.50147e-06
 Reference value :  2.50867e-06
 Reference value :  2.51827e-06
 Reference value :  2.52927e-06
 Reference value :  2.54087e-06
 Reference value :  2.55002e-06
 Reference value :  2.55700e-06
 Reference value :  2.56540e-06
 Reference value :  2.57300e-06
 Reference value :  2.58020e-06
 Reference value :  2.58720e-06
 Reference value :  2.59460e-06
 Reference value :  2.60100e-06
 Reference value :  2.60727e-06
 Reference value :  2.61747e-06
 Reference value :  2.63007e-06
 Reference value :  2.64087e-06
 Reference value :  2.64985e-06
 Reference value :  2.65540e-06
 Reference value :  2.66260e-06
 Reference value :  2.66980e-06
 Reference value :  2.67700e-06
 Reference value :  2.68420e-06
 Reference value :  2.69360e-06
 Reference value :  2.70102e-06
 Reference value :  2.70747e-06
 Reference value :  2.71467e-06
 Reference value :  2.72627e-06
 Reference value :  2.73667e-06
 Reference value :  2.74867e-06
 Reference value :  2.75440e-06
 Reference value :  2.76200e-06
 Reference value :  2.77000e-06
 Reference value :  2.77900e-06
 Reference value :  2.78740e-06
 Reference value :  2.79440e-06
 Reference value :  2.80070e-06
 Reference value :  2.80647e-06
 Reference value :  2.81487e-06
 Reference value :  2.82667e-06
 Reference value :  2.83947e-06
 Reference value :  2.84985e-06
 Reference value :  2.85520e-06
 Reference value :  2.86540e-06
 Reference value :  2.87460e-06
 Reference value :  2.88200e-06
 Reference value :  2.89020e-06
 Reference value :  2.89840e-06
 Reference value :  2.90327e-06
 Reference value :  2.91147e-06
 Reference value :  2.92127e-06
 Reference value :  2.93307e-06
 Reference value :  2.94767e-06
 Reference value :  2.95300e-06
 Reference value :  2.96020e-06
 Reference value :  2.96720e-06
 Reference value :  2.97500e-06
 Reference value :  2.98260e-06
 Reference value :  2.98960e-06
 Reference value :  2.99940e-06
No. of Data Rows : 15436
sim/harness: analysis complete
Note: Simulation executed from .control section 
Note: Starting dynamic gmin stepping
Note: Dynamic gmin stepping completed
