
Note: Compatibility modes selected: hs a


Circuit: ** sch_path: /users/rwalters/github/sky130-pll/.loom/worktrees/issue-81/sim/pll-lock/testbench/tb_pll_lock.sch

option SCALE: Scale is set to 1e-06 for instance and model parameters
option SCALE: Scale is set to 1e-06 for instance and model parameters
option SCALE: Scale is set to 1e-06 for instance and model parameters
option SCALE: Scale is set to 1e-06 for instance and model parameters
Doing analysis at TEMP = 27.000000 and TNOM = 27.000000

Using KLU as Direct Linear Solver
 Reference value :  0.00000e+00
 Reference value :  1.92026e-09
 Reference value :  6.50000e-09
 Reference value :  1.33000e-08
 Reference value :  2.03000e-08
 Reference value :  2.71000e-08
 Reference value :  3.63000e-08
 Reference value :  4.63000e-08
 Reference value :  5.21928e-08
 Reference value :  6.19928e-08
 Reference value :  7.21928e-08
 Reference value :  8.25928e-08
 Reference value :  9.25928e-08
 Reference value :  1.00850e-07
 Reference value :  1.06980e-07
 Reference value :  1.17380e-07
 Reference value :  1.27580e-07
 Reference value :  1.37580e-07
 Reference value :  1.47780e-07
 Reference value :  1.53393e-07
 Reference value :  1.63593e-07
 Reference value :  1.73593e-07
 Reference value :  1.83593e-07
 Reference value :  1.93593e-07
 Reference value :  2.00925e-07
 Reference value :  2.07218e-07
 Reference value :  2.17218e-07
 Reference value :  2.27618e-07
 Reference value :  2.37618e-07
 Reference value :  2.48018e-07
 Reference value :  2.53793e-07
 Reference value :  2.63793e-07
 Reference value :  2.73793e-07
 Reference value :  2.84393e-07
 Reference value :  2.94393e-07
 Reference value :  3.01045e-07
 Reference value :  3.08218e-07
 Reference value :  3.18418e-07
 Reference value :  3.28418e-07
 Reference value :  3.39218e-07
 Reference value :  3.49060e-07
 Reference value :  3.55593e-07
 Reference value :  3.65593e-07
 Reference value :  3.76393e-07
 Reference value :  3.86793e-07
 Reference value :  3.97193e-07
 Reference value :  4.02618e-07
 Reference value :  4.11418e-07
 Reference value :  4.21418e-07
 Reference value :  4.31418e-07
 Reference value :  4.41418e-07
 Reference value :  4.49984e-07
 Reference value :  4.57993e-07
 Reference value :  4.68193e-07
 Reference value :  4.78193e-07
 Reference value :  4.88393e-07
 Reference value :  4.98793e-07
 Reference value :  5.04418e-07
 Reference value :  5.16418e-07
 Reference value :  5.30618e-07
 Reference value :  5.43018e-07
 Reference value :  5.50014e-07
 Reference value :  5.59393e-07
 Reference value :  5.69393e-07
 Reference value :  5.79993e-07
 Reference value :  5.90193e-07
 Reference value :  6.00140e-07
 Reference value :  6.05818e-07
 Reference value :  6.16018e-07
 Reference value :  6.26018e-07
 Reference value :  6.36418e-07
 Reference value :  6.47018e-07
 Reference value :  6.53193e-07
 Reference value :  6.63593e-07
 Reference value :  6.73993e-07
 Reference value :  6.84793e-07
 Reference value :  6.94993e-07
 Reference value :  7.01219e-07
 Reference value :  7.09018e-07
 Reference value :  7.19218e-07
 Reference value :  7.30018e-07
 Reference value :  7.40818e-07
 Reference value :  7.49850e-07
 Reference value :  7.56793e-07
 Reference value :  7.66593e-07
 Reference value :  7.76793e-07
 Reference value :  7.87193e-07
 Reference value :  7.97393e-07
 Reference value :  8.02818e-07
 Reference value :  8.11218e-07
 Reference value :  8.21418e-07
 Reference value :  8.31818e-07
 Reference value :  8.41818e-07
 Reference value :  8.50000e-07
 Reference value :  8.58193e-07
 Reference value :  8.68993e-07
 Reference value :  8.79193e-07
 Reference value :  8.89793e-07
 Reference value :  9.00000e-07
 Reference value :  9.04818e-07
 Reference value :  9.14218e-07
 Reference value :  9.24218e-07
 Reference value :  9.34418e-07
 Reference value :  9.44418e-07
 Reference value :  9.50793e-07
 Reference value :  9.60193e-07
 Reference value :  9.70193e-07
 Reference value :  9.80193e-07
 Reference value :  9.90393e-07
 Reference value :  1.00002e-06
 Reference value :  1.00502e-06
 Reference value :  1.01442e-06
 Reference value :  1.02442e-06
 Reference value :  1.03462e-06
 Reference value :  1.04482e-06
 Reference value :  1.05099e-06
 Reference value :  1.06059e-06
 Reference value :  1.07079e-06
 Reference value :  1.08099e-06
 Reference value :  1.09099e-06
 Reference value :  1.10014e-06
 Reference value :  1.10542e-06
 Reference value :  1.11482e-06
 Reference value :  1.12502e-06
 Reference value :  1.13502e-06
 Reference value :  1.14502e-06
 Reference value :  1.15119e-06
 Reference value :  1.16059e-06
 Reference value :  1.17059e-06
 Reference value :  1.18059e-06
 Reference value :  1.19059e-06
 Reference value :  1.20006e-06
 Reference value :  1.20522e-06
 Reference value :  1.21462e-06
 Reference value :  1.22462e-06
 Reference value :  1.23482e-06
 Reference value :  1.24502e-06
 Reference value :  1.25179e-06
 Reference value :  1.26139e-06
 Reference value :  1.27179e-06
 Reference value :  1.28199e-06
 Reference value :  1.29199e-06
 Reference value :  1.30070e-06
 Reference value :  1.30662e-06
 Reference value :  1.31662e-06
 Reference value :  1.32642e-06
 Reference value :  1.33662e-06
 Reference value :  1.34682e-06
 Reference value :  1.35259e-06
 Reference value :  1.36279e-06
 Reference value :  1.37279e-06
 Reference value :  1.38299e-06
 Reference value :  1.39339e-06
 Reference value :  1.40093e-06
 Reference value :  1.40762e-06
 Reference value :  1.41822e-06
 Reference value :  1.42822e-06
 Reference value :  1.43882e-06
 Reference value :  1.44882e-06
 Reference value :  1.45459e-06
 Reference value :  1.46459e-06
 Reference value :  1.47479e-06
 Reference value :  1.48499e-06
 Reference value :  1.49599e-06
 Reference value :  1.50202e-06
 Reference value :  1.51022e-06
 Reference value :  1.52062e-06
 Reference value :  1.53082e-06
 Reference value :  1.54122e-06
 Reference value :  1.54998e-06
 Reference value :  1.55799e-06
 Reference value :  1.56819e-06
 Reference value :  1.57839e-06
 Reference value :  1.58839e-06
 Reference value :  1.59839e-06
 Reference value :  1.60362e-06
 Reference value :  1.61222e-06
 Reference value :  1.62202e-06
 Reference value :  1.63242e-06
 Reference value :  1.64242e-06
 Reference value :  1.65001e-06
 Reference value :  1.65879e-06
 Reference value :  1.66899e-06
 Reference value :  1.67939e-06
 Reference value :  1.68939e-06
 Reference value :  1.69939e-06
 Reference value :  1.70422e-06
 Reference value :  1.71322e-06
 Reference value :  1.72322e-06
 Reference value :  1.73342e-06
 Reference value :  1.74362e-06
 Reference value :  1.75009e-06
 Reference value :  1.75939e-06
 Reference value :  1.76979e-06
 Reference value :  1.77979e-06
 Reference value :  1.78979e-06
 Reference value :  1.79959e-06
 Reference value :  1.80482e-06
 Reference value :  1.81382e-06
 Reference value :  1.82402e-06
 Reference value :  1.83422e-06
 Reference value :  1.84422e-06
 Reference value :  1.85039e-06
 Reference value :  1.85999e-06
 Reference value :  1.86999e-06
 Reference value :  1.88019e-06
 Reference value :  1.89079e-06
 Reference value :  1.90050e-06
 Reference value :  1.90622e-06
 Reference value :  1.91622e-06
 Reference value :  1.92642e-06
 Reference value :  1.93642e-06
 Reference value :  1.94682e-06
 Reference value :  1.95279e-06
 Reference value :  1.96259e-06
 Reference value :  1.97259e-06
 Reference value :  1.98279e-06
 Reference value :  1.99279e-06
 Reference value :  2.00085e-06
 Reference value :  2.00702e-06
 Reference value :  2.01702e-06
 Reference value :  2.02742e-06
 Reference value :  2.04242e-06
 Reference value :  2.05339e-06
 Reference value :  2.06899e-06
 Reference value :  2.08519e-06
 Reference value :  2.10014e-06
 Reference value :  2.11082e-06
 Reference value :  2.12102e-06
 Reference value :  2.13142e-06
 Reference value :  2.14162e-06
 Reference value :  2.14998e-06
 Reference value :  2.15799e-06
 Reference value :  2.16819e-06
 Reference value :  2.17859e-06
 Reference value :  2.18899e-06
 Reference value :  2.19919e-06
 Reference value :  2.20422e-06
 Reference value :  2.21322e-06
 Reference value :  2.22342e-06
 Reference value :  2.23342e-06
 Reference value :  2.24382e-06
 Reference value :  2.25019e-06
 Reference value :  2.25939e-06
 Reference value :  2.26979e-06
 Reference value :  2.27979e-06
 Reference value :  2.28999e-06
 Reference value :  2.30002e-06
 Reference value :  2.30502e-06
 Reference value :  2.31442e-06
 Reference value :  2.32542e-06
 Reference value :  2.33582e-06
 Reference value :  2.34622e-06
 Reference value :  2.35219e-06
 Reference value :  2.36219e-06
 Reference value :  2.37299e-06
 Reference value :  2.38359e-06
 Reference value :  2.39399e-06
 Reference value :  2.40102e-06
 Reference value :  2.40822e-06
 Reference value :  2.41842e-06
 Reference value :  2.42862e-06
 Reference value :  2.43902e-06
 Reference value :  2.44906e-06
 Reference value :  2.45519e-06
 Reference value :  2.46559e-06
 Reference value :  2.47579e-06
 Reference value :  2.48619e-06
 Reference value :  2.49639e-06
 Reference value :  2.50222e-06
 Reference value :  2.51022e-06
 Reference value :  2.52042e-06
 Reference value :  2.53062e-06
 Reference value :  2.54082e-06
 Reference value :  2.54985e-06
 Reference value :  2.55699e-06
 Reference value :  2.56739e-06
 Reference value :  2.57759e-06
 Reference value :  2.58779e-06
 Reference value :  2.59779e-06
 Reference value :  2.60322e-06
 Reference value :  2.61182e-06
 Reference value :  2.62242e-06
 Reference value :  2.63282e-06
 Reference value :  2.64302e-06
 Reference value :  2.65004e-06
 Reference value :  2.65899e-06
 Reference value :  2.66999e-06
 Reference value :  2.68039e-06
 Reference value :  2.69059e-06
 Reference value :  2.70006e-06
 Reference value :  2.70522e-06
 Reference value :  2.71462e-06
 Reference value :  2.72502e-06
 Reference value :  2.73502e-06
 Reference value :  2.74522e-06
 Reference value :  2.75139e-06
 Reference value :  2.76099e-06
 Reference value :  2.77139e-06
 Reference value :  2.78139e-06
 Reference value :  2.79159e-06
 Reference value :  2.80050e-06
 Reference value :  2.80602e-06
 Reference value :  2.81562e-06
 Reference value :  2.82562e-06
 Reference value :  2.83582e-06
 Reference value :  2.84622e-06
 Reference value :  2.85219e-06
 Reference value :  2.86199e-06
 Reference value :  2.87219e-06
 Reference value :  2.88219e-06
 Reference value :  2.89239e-06
 Reference value :  2.90085e-06
 Reference value :  2.90702e-06
 Reference value :  2.91742e-06
 Reference value :  2.92742e-06
 Reference value :  2.93742e-06
 Reference value :  2.94742e-06
 Reference value :  2.95299e-06
 Reference value :  2.96339e-06
 Reference value :  2.97339e-06
 Reference value :  2.98339e-06
 Reference value :  2.99359e-06
No. of Data Rows : 15466
sim/harness: analysis complete
Note: Simulation executed from .control section 
Warning: singular matrix:  check node xxxtop.xxdiv.xcnt5.a_761_289#

Note: Starting dynamic gmin stepping
Note: Dynamic gmin stepping completed
