
Note: Compatibility modes selected: hs a


Circuit: ** sch_path: /users/rwalters/github/sky130-pll/.loom/worktrees/issue-81/sim/pll-lock/testbench/tb_pll_lock.sch

option SCALE: Scale is set to 1e-06 for instance and model parameters
option SCALE: Scale is set to 1e-06 for instance and model parameters
option SCALE: Scale is set to 1e-06 for instance and model parameters
option SCALE: Scale is set to 1e-06 for instance and model parameters
Doing analysis at TEMP = 27.000000 and TNOM = 27.000000

Using KLU as Direct Linear Solver
 Reference value :  0.00000e+00
 Reference value :  2.31786e-09
 Reference value :  6.90000e-09
 Reference value :  1.39000e-08
 Reference value :  2.09000e-08
 Reference value :  2.77000e-08
 Reference value :  3.71000e-08
 Reference value :  4.71000e-08
 Reference value :  5.30327e-08
 Reference value :  6.00327e-08
 Reference value :  6.72327e-08
 Reference value :  7.46327e-08
 Reference value :  8.18327e-08
 Reference value :  8.88327e-08
 Reference value :  9.58327e-08
 Reference value :  1.01056e-07
 Reference value :  1.08741e-07
 Reference value :  1.18941e-07
 Reference value :  1.29141e-07
 Reference value :  1.39341e-07
 Reference value :  1.49060e-07
 Reference value :  1.54436e-07
 Reference value :  1.61636e-07
 Reference value :  1.68636e-07
 Reference value :  1.76036e-07
 Reference value :  1.83036e-07
 Reference value :  1.90036e-07
 Reference value :  1.97236e-07
 Reference value :  2.02071e-07
 Reference value :  2.10471e-07
 Reference value :  2.20471e-07
 Reference value :  2.30671e-07
 Reference value :  2.40871e-07
 Reference value :  2.49850e-07
 Reference value :  2.55236e-07
 Reference value :  2.62236e-07
 Reference value :  2.69436e-07
 Reference value :  2.76836e-07
 Reference value :  2.83836e-07
 Reference value :  2.90836e-07
 Reference value :  2.98036e-07
 Reference value :  3.02671e-07
 Reference value :  3.11271e-07
 Reference value :  3.21471e-07
 Reference value :  3.31871e-07
 Reference value :  3.41871e-07
 Reference value :  3.50020e-07
 Reference value :  3.55836e-07
 Reference value :  3.62836e-07
 Reference value :  3.70036e-07
 Reference value :  3.77436e-07
 Reference value :  3.84436e-07
 Reference value :  3.91636e-07
 Reference value :  3.98636e-07
 Reference value :  4.03471e-07
 Reference value :  4.12271e-07
 Reference value :  4.22071e-07
 Reference value :  4.32271e-07
 Reference value :  4.42471e-07
 Reference value :  4.50140e-07
 Reference value :  4.56636e-07
 Reference value :  4.63636e-07
 Reference value :  4.70636e-07
 Reference value :  4.78036e-07
 Reference value :  4.85236e-07
 Reference value :  4.92436e-07
 Reference value :  4.99436e-07
 Reference value :  5.04271e-07
 Reference value :  5.13671e-07
 Reference value :  5.24071e-07
 Reference value :  5.34271e-07
 Reference value :  5.44471e-07
 Reference value :  5.50836e-07
 Reference value :  5.57836e-07
 Reference value :  5.64836e-07
 Reference value :  5.71836e-07
 Reference value :  5.79236e-07
 Reference value :  5.86236e-07
 Reference value :  5.93236e-07
 Reference value :  6.00060e-07
 Reference value :  6.05271e-07
 Reference value :  6.15471e-07
 Reference value :  6.25671e-07
 Reference value :  6.35671e-07
 Reference value :  6.45671e-07
 Reference value :  6.52036e-07
 Reference value :  6.59036e-07
 Reference value :  6.66036e-07
 Reference value :  6.73236e-07
 Reference value :  6.80836e-07
 Reference value :  6.89036e-07
 Reference value :  6.96236e-07
 Reference value :  7.01140e-07
 Reference value :  7.09071e-07
 Reference value :  7.19271e-07
 Reference value :  7.29271e-07
 Reference value :  7.39671e-07
 Reference value :  7.49500e-07
 Reference value :  7.55036e-07
 Reference value :  7.62236e-07
 Reference value :  7.69236e-07
 Reference value :  7.76636e-07
 Reference value :  7.84036e-07
 Reference value :  7.91236e-07
 Reference value :  7.98236e-07
 Reference value :  8.02871e-07
 Reference value :  8.11871e-07
 Reference value :  8.21871e-07
 Reference value :  8.31871e-07
 Reference value :  8.41871e-07
 Reference value :  8.50020e-07
 Reference value :  8.55836e-07
 Reference value :  8.62836e-07
 Reference value :  8.70236e-07
 Reference value :  8.77636e-07
 Reference value :  8.84636e-07
 Reference value :  8.91636e-07
 Reference value :  8.98636e-07
 Reference value :  9.03271e-07
 Reference value :  9.12271e-07
 Reference value :  9.22271e-07
 Reference value :  9.32271e-07
 Reference value :  9.42471e-07
 Reference value :  9.50140e-07
 Reference value :  9.56436e-07
 Reference value :  9.63436e-07
 Reference value :  9.70436e-07
 Reference value :  9.77836e-07
 Reference value :  9.84836e-07
 Reference value :  9.91836e-07
 Reference value :  9.98836e-07
 Reference value :  1.00367e-06
 Reference value :  1.01267e-06
 Reference value :  1.02287e-06
 Reference value :  1.03287e-06
 Reference value :  1.04307e-06
 Reference value :  1.05022e-06
 Reference value :  1.05704e-06
 Reference value :  1.06404e-06
 Reference value :  1.07104e-06
 Reference value :  1.07844e-06
 Reference value :  1.08544e-06
 Reference value :  1.09244e-06
 Reference value :  1.09944e-06
 Reference value :  1.10427e-06
 Reference value :  1.11367e-06
 Reference value :  1.12367e-06
 Reference value :  1.13367e-06
 Reference value :  1.14347e-06
 Reference value :  1.15031e-06
 Reference value :  1.15724e-06
 Reference value :  1.16464e-06
 Reference value :  1.17164e-06
 Reference value :  1.17904e-06
 Reference value :  1.18584e-06
 Reference value :  1.19284e-06
 Reference value :  1.19982e-06
 Reference value :  1.20447e-06
 Reference value :  1.21407e-06
 Reference value :  1.22387e-06
 Reference value :  1.23387e-06
 Reference value :  1.24367e-06
 Reference value :  1.25047e-06
 Reference value :  1.25744e-06
 Reference value :  1.26444e-06
 Reference value :  1.27144e-06
 Reference value :  1.27884e-06
 Reference value :  1.28564e-06
 Reference value :  1.29244e-06
 Reference value :  1.29924e-06
 Reference value :  1.30367e-06
 Reference value :  1.31247e-06
 Reference value :  1.32227e-06
 Reference value :  1.33207e-06
 Reference value :  1.34187e-06
 Reference value :  1.35002e-06
 Reference value :  1.35624e-06
 Reference value :  1.36344e-06
 Reference value :  1.37044e-06
 Reference value :  1.37764e-06
 Reference value :  1.38444e-06
 Reference value :  1.39144e-06
 Reference value :  1.39904e-06
 Reference value :  1.40367e-06
 Reference value :  1.41267e-06
 Reference value :  1.42267e-06
 Reference value :  1.43267e-06
 Reference value :  1.44247e-06
 Reference value :  1.45006e-06
 Reference value :  1.45624e-06
 Reference value :  1.46304e-06
 Reference value :  1.46984e-06
 Reference value :  1.47704e-06
 Reference value :  1.48404e-06
 Reference value :  1.49104e-06
 Reference value :  1.49804e-06
 Reference value :  1.50267e-06
 Reference value :  1.51107e-06
 Reference value :  1.52107e-06
 Reference value :  1.53087e-06
 Reference value :  1.54087e-06
 Reference value :  1.54970e-06
 Reference value :  1.55504e-06
 Reference value :  1.56244e-06
 Reference value :  1.56944e-06
 Reference value :  1.57684e-06
 Reference value :  1.58364e-06
 Reference value :  1.59064e-06
 Reference value :  1.59784e-06
 Reference value :  1.60247e-06
 Reference value :  1.61107e-06
 Reference value :  1.62107e-06
 Reference value :  1.63107e-06
 Reference value :  1.64067e-06
 Reference value :  1.64950e-06
 Reference value :  1.65484e-06
 Reference value :  1.66184e-06
 Reference value :  1.66884e-06
 Reference value :  1.67624e-06
 Reference value :  1.68304e-06
 Reference value :  1.69024e-06
 Reference value :  1.69724e-06
 Reference value :  1.70187e-06
 Reference value :  1.71007e-06
 Reference value :  1.71987e-06
 Reference value :  1.72967e-06
 Reference value :  1.73967e-06
 Reference value :  1.74906e-06
 Reference value :  1.75424e-06
 Reference value :  1.76144e-06
 Reference value :  1.76844e-06
 Reference value :  1.77564e-06
 Reference value :  1.78244e-06
 Reference value :  1.78944e-06
 Reference value :  1.79664e-06
 Reference value :  1.80127e-06
 Reference value :  1.80927e-06
 Reference value :  1.81907e-06
 Reference value :  1.82887e-06
 Reference value :  1.83867e-06
 Reference value :  1.84827e-06
 Reference value :  1.85344e-06
 Reference value :  1.86044e-06
 Reference value :  1.86724e-06
 Reference value :  1.87444e-06
 Reference value :  1.88144e-06
 Reference value :  1.88824e-06
 Reference value :  1.89504e-06
 Reference value :  1.90085e-06
 Reference value :  1.90727e-06
 Reference value :  1.91707e-06
 Reference value :  1.92687e-06
 Reference value :  1.93707e-06
 Reference value :  1.94707e-06
 Reference value :  1.95244e-06
 Reference value :  1.95924e-06
 Reference value :  1.96624e-06
 Reference value :  1.97364e-06
 Reference value :  1.98084e-06
 Reference value :  1.98784e-06
 Reference value :  1.99484e-06
 Reference value :  2.00085e-06
 Reference value :  2.00707e-06
 Reference value :  2.01687e-06
 Reference value :  2.02687e-06
 Reference value :  2.03687e-06
 Reference value :  2.04667e-06
 Reference value :  2.05224e-06
 Reference value :  2.05904e-06
 Reference value :  2.06604e-06
 Reference value :  2.07304e-06
 Reference value :  2.08024e-06
 Reference value :  2.08744e-06
 Reference value :  2.09424e-06
 Reference value :  2.10070e-06
 Reference value :  2.10667e-06
 Reference value :  2.11647e-06
 Reference value :  2.12667e-06
 Reference value :  2.13667e-06
 Reference value :  2.14687e-06
 Reference value :  2.15284e-06
 Reference value :  2.16024e-06
 Reference value :  2.16744e-06
 Reference value :  2.17464e-06
 Reference value :  2.18144e-06
 Reference value :  2.18864e-06
 Reference value :  2.19564e-06
 Reference value :  2.20100e-06
 Reference value :  2.20807e-06
 Reference value :  2.21767e-06
 Reference value :  2.22767e-06
 Reference value :  2.23787e-06
 Reference value :  2.24827e-06
 Reference value :  2.25344e-06
 Reference value :  2.26044e-06
 Reference value :  2.26764e-06
 Reference value :  2.27524e-06
 Reference value :  2.28224e-06
 Reference value :  2.28924e-06
 Reference value :  2.29624e-06
 Reference value :  2.30106e-06
 Reference value :  2.30847e-06
 Reference value :  2.31827e-06
 Reference value :  2.32827e-06
 Reference value :  2.33827e-06
 Reference value :  2.34827e-06
 Reference value :  2.35364e-06
 Reference value :  2.36084e-06
 Reference value :  2.36784e-06
 Reference value :  2.37524e-06
 Reference value :  2.38244e-06
 Reference value :  2.38944e-06
 Reference value :  2.39644e-06
 Reference value :  2.40127e-06
 Reference value :  2.40927e-06
 Reference value :  2.41927e-06
 Reference value :  2.42967e-06
 Reference value :  2.43987e-06
 Reference value :  2.44930e-06
 Reference value :  2.45484e-06
 Reference value :  2.46184e-06
 Reference value :  2.46884e-06
 Reference value :  2.47624e-06
 Reference value :  2.48344e-06
 Reference value :  2.49044e-06
 Reference value :  2.49744e-06
 Reference value :  2.50227e-06
 Reference value :  2.51067e-06
 Reference value :  2.52087e-06
 Reference value :  2.53087e-06
 Reference value :  2.54087e-06
 Reference value :  2.54985e-06
 Reference value :  2.55544e-06
 Reference value :  2.56264e-06
 Reference value :  2.56964e-06
 Reference value :  2.57704e-06
 Reference value :  2.58384e-06
 Reference value :  2.59024e-06
 Reference value :  2.59664e-06
 Reference value :  2.60114e-06
 Reference value :  2.60867e-06
 Reference value :  2.61787e-06
 Reference value :  2.62747e-06
 Reference value :  2.63687e-06
 Reference value :  2.64627e-06
 Reference value :  2.65164e-06
 Reference value :  2.65824e-06
 Reference value :  2.66504e-06
 Reference value :  2.67184e-06
 Reference value :  2.67884e-06
 Reference value :  2.68584e-06
 Reference value :  2.69244e-06
 Reference value :  2.69964e-06
 Reference value :  2.70407e-06
 Reference value :  2.71287e-06
 Reference value :  2.72267e-06
 Reference value :  2.73227e-06
 Reference value :  2.74227e-06
 Reference value :  2.75006e-06
 Reference value :  2.75604e-06
 Reference value :  2.76284e-06
 Reference value :  2.76964e-06
 Reference value :  2.77724e-06
 Reference value :  2.78404e-06
 Reference value :  2.79084e-06
 Reference value :  2.79804e-06
 Reference value :  2.80267e-06
 Reference value :  2.81127e-06
 Reference value :  2.82087e-06
 Reference value :  2.83087e-06
 Reference value :  2.84067e-06
 Reference value :  2.84970e-06
 Reference value :  2.85524e-06
 Reference value :  2.86184e-06
 Reference value :  2.86824e-06
 Reference value :  2.87524e-06
 Reference value :  2.88364e-06
 Reference value :  2.89384e-06
 Reference value :  2.90287e-06
 Reference value :  2.91647e-06
 Reference value :  2.93187e-06
 Reference value :  2.94707e-06
 Reference value :  2.95664e-06
 Reference value :  2.96704e-06
 Reference value :  2.97424e-06
 Reference value :  2.98124e-06
 Reference value :  2.98824e-06
 Reference value :  2.99524e-06
No. of Data Rows : 15405
sim/harness: analysis complete
Note: Simulation executed from .control section 
Warning: singular matrix:  check node xxxtop.vctrl

Note: Starting dynamic gmin stepping
Note: Dynamic gmin stepping completed
