
Note: Compatibility modes selected: hs a


Circuit: ** sch_path: /users/rwalters/github/sky130-pll/.loom/worktrees/issue-81/sim/pll-lock/testbench/tb_pll_lock.sch

option SCALE: Scale is set to 1e-06 for instance and model parameters
option SCALE: Scale is set to 1e-06 for instance and model parameters
option SCALE: Scale is set to 1e-06 for instance and model parameters
option SCALE: Scale is set to 1e-06 for instance and model parameters
Doing analysis at TEMP = 27.000000 and TNOM = 27.000000

Using KLU as Direct Linear Solver
 Reference value :  0.00000e+00
 Reference value :  2.18922e-09
 Reference value :  6.50000e-09
 Reference value :  1.35000e-08
 Reference value :  2.03000e-08
 Reference value :  2.71000e-08
 Reference value :  3.47000e-08
 Reference value :  4.47000e-08
 Reference value :  5.08790e-08
 Reference value :  5.80790e-08
 Reference value :  6.48790e-08
 Reference value :  7.16790e-08
 Reference value :  8.02790e-08
 Reference value :  9.00790e-08
 Reference value :  1.00000e-07
 Reference value :  1.04391e-07
 Reference value :  1.14391e-07
 Reference value :  1.24391e-07
 Reference value :  1.34191e-07
 Reference value :  1.44191e-07
 Reference value :  1.50419e-07
 Reference value :  1.57219e-07
 Reference value :  1.64019e-07
 Reference value :  1.71019e-07
 Reference value :  1.78419e-07
 Reference value :  1.86619e-07
 Reference value :  1.94019e-07
 Reference value :  2.00850e-07
 Reference value :  2.07001e-07
 Reference value :  2.16001e-07
 Reference value :  2.26001e-07
 Reference value :  2.35801e-07
 Reference value :  2.46001e-07
 Reference value :  2.51407e-07
 Reference value :  2.58607e-07
 Reference value :  2.65807e-07
 Reference value :  2.72807e-07
 Reference value :  2.80807e-07
 Reference value :  2.88007e-07
 Reference value :  2.95007e-07
 Reference value :  3.00850e-07
 Reference value :  3.07601e-07
 Reference value :  3.17001e-07
 Reference value :  3.26801e-07
 Reference value :  3.36801e-07
 Reference value :  3.46801e-07
 Reference value :  3.52007e-07
 Reference value :  3.59007e-07
 Reference value :  3.66007e-07
 Reference value :  3.73007e-07
 Reference value :  3.80807e-07
 Reference value :  3.88007e-07
 Reference value :  3.95007e-07
 Reference value :  4.00850e-07
 Reference value :  4.07001e-07
 Reference value :  4.16401e-07
 Reference value :  4.26401e-07
 Reference value :  4.36801e-07
 Reference value :  4.46601e-07
 Reference value :  4.51807e-07
 Reference value :  4.58807e-07
 Reference value :  4.65807e-07
 Reference value :  4.72807e-07
 Reference value :  4.80407e-07
 Reference value :  4.87607e-07
 Reference value :  4.94807e-07
 Reference value :  5.00700e-07
 Reference value :  5.06401e-07
 Reference value :  5.14801e-07
 Reference value :  5.24601e-07
 Reference value :  5.34801e-07
 Reference value :  5.44801e-07
 Reference value :  5.50607e-07
 Reference value :  5.57807e-07
 Reference value :  5.64807e-07
 Reference value :  5.72007e-07
 Reference value :  5.79807e-07
 Reference value :  5.87007e-07
 Reference value :  5.94007e-07
 Reference value :  6.00500e-07
 Reference value :  6.06201e-07
 Reference value :  6.14801e-07
 Reference value :  6.24801e-07
 Reference value :  6.35001e-07
 Reference value :  6.45001e-07
 Reference value :  6.50807e-07
 Reference value :  6.57607e-07
 Reference value :  6.64607e-07
 Reference value :  6.71607e-07
 Reference value :  6.78807e-07
 Reference value :  6.86207e-07
 Reference value :  6.93207e-07
 Reference value :  7.00020e-07
 Reference value :  7.05201e-07
 Reference value :  7.13801e-07
 Reference value :  7.24001e-07
 Reference value :  7.34001e-07
 Reference value :  7.43801e-07
 Reference value :  7.50178e-07
 Reference value :  7.56807e-07
 Reference value :  7.63807e-07
 Reference value :  7.71007e-07
 Reference value :  7.78407e-07
 Reference value :  7.85807e-07
 Reference value :  7.93007e-07
 Reference value :  8.00020e-07
 Reference value :  8.05401e-07
 Reference value :  8.13801e-07
 Reference value :  8.24001e-07
 Reference value :  8.34201e-07
 Reference value :  8.44401e-07
 Reference value :  8.50607e-07
 Reference value :  8.57607e-07
 Reference value :  8.64607e-07
 Reference value :  8.71407e-07
 Reference value :  8.78807e-07
 Reference value :  8.86207e-07
 Reference value :  8.93207e-07
 Reference value :  9.00020e-07
 Reference value :  9.05001e-07
 Reference value :  9.13201e-07
 Reference value :  9.23201e-07
 Reference value :  9.33201e-07
 Reference value :  9.43201e-07
 Reference value :  9.50118e-07
 Reference value :  9.56607e-07
 Reference value :  9.63807e-07
 Reference value :  9.70807e-07
 Reference value :  9.78207e-07
 Reference value :  9.85607e-07
 Reference value :  9.92607e-07
 Reference value :  9.99407e-07
 Reference value :  1.00420e-06
 Reference value :  1.01220e-06
 Reference value :  1.02260e-06
 Reference value :  1.03220e-06
 Reference value :  1.04200e-06
 Reference value :  1.05002e-06
 Reference value :  1.05561e-06
 Reference value :  1.06261e-06
 Reference value :  1.06961e-06
 Reference value :  1.07681e-06
 Reference value :  1.08441e-06
 Reference value :  1.09161e-06
 Reference value :  1.09841e-06
 Reference value :  1.10320e-06
 Reference value :  1.11060e-06
 Reference value :  1.12080e-06
 Reference value :  1.13060e-06
 Reference value :  1.14060e-06
 Reference value :  1.14970e-06
 Reference value :  1.15441e-06
 Reference value :  1.16141e-06
 Reference value :  1.16841e-06
 Reference value :  1.17541e-06
 Reference value :  1.18341e-06
 Reference value :  1.19041e-06
 Reference value :  1.19741e-06
 Reference value :  1.20240e-06
 Reference value :  1.20940e-06
 Reference value :  1.21940e-06
 Reference value :  1.22920e-06
 Reference value :  1.23940e-06
 Reference value :  1.24902e-06
 Reference value :  1.25381e-06
 Reference value :  1.26081e-06
 Reference value :  1.26801e-06
 Reference value :  1.27521e-06
 Reference value :  1.28321e-06
 Reference value :  1.29021e-06
 Reference value :  1.29741e-06
 Reference value :  1.30240e-06
 Reference value :  1.30960e-06
 Reference value :  1.31980e-06
 Reference value :  1.32980e-06
 Reference value :  1.33980e-06
 Reference value :  1.34950e-06
 Reference value :  1.35461e-06
 Reference value :  1.36161e-06
 Reference value :  1.36861e-06
 Reference value :  1.37581e-06
 Reference value :  1.38401e-06
 Reference value :  1.39101e-06
 Reference value :  1.39821e-06
 Reference value :  1.40320e-06
 Reference value :  1.41060e-06
 Reference value :  1.42060e-06
 Reference value :  1.43060e-06
 Reference value :  1.44040e-06
 Reference value :  1.44950e-06
 Reference value :  1.45441e-06
 Reference value :  1.46161e-06
 Reference value :  1.46861e-06
 Reference value :  1.47561e-06
 Reference value :  1.48361e-06
 Reference value :  1.49061e-06
 Reference value :  1.49761e-06
 Reference value :  1.50280e-06
 Reference value :  1.51060e-06
 Reference value :  1.52080e-06
 Reference value :  1.53040e-06
 Reference value :  1.54040e-06
 Reference value :  1.54950e-06
 Reference value :  1.55441e-06
 Reference value :  1.56161e-06
 Reference value :  1.56901e-06
 Reference value :  1.57601e-06
 Reference value :  1.58421e-06
 Reference value :  1.59141e-06
 Reference value :  1.59861e-06
 Reference value :  1.60380e-06
 Reference value :  1.61180e-06
 Reference value :  1.62200e-06
 Reference value :  1.63200e-06
 Reference value :  1.64200e-06
 Reference value :  1.65006e-06
 Reference value :  1.65581e-06
 Reference value :  1.66301e-06
 Reference value :  1.67001e-06
 Reference value :  1.67721e-06
 Reference value :  1.68481e-06
 Reference value :  1.69181e-06
 Reference value :  1.69881e-06
 Reference value :  1.70380e-06
 Reference value :  1.71180e-06
 Reference value :  1.72220e-06
 Reference value :  1.73240e-06
 Reference value :  1.74220e-06
 Reference value :  1.75006e-06
 Reference value :  1.75601e-06
 Reference value :  1.76281e-06
 Reference value :  1.77001e-06
 Reference value :  1.77681e-06
 Reference value :  1.78521e-06
 Reference value :  1.79201e-06
 Reference value :  1.79921e-06
 Reference value :  1.80400e-06
 Reference value :  1.81180e-06
 Reference value :  1.82200e-06
 Reference value :  1.83200e-06
 Reference value :  1.84200e-06
 Reference value :  1.85002e-06
 Reference value :  1.85561e-06
 Reference value :  1.86281e-06
 Reference value :  1.86981e-06
 Reference value :  1.87701e-06
 Reference value :  1.88481e-06
 Reference value :  1.89181e-06
 Reference value :  1.89881e-06
 Reference value :  1.90380e-06
 Reference value :  1.91160e-06
 Reference value :  1.92200e-06
 Reference value :  1.93200e-06
 Reference value :  1.94220e-06
 Reference value :  1.95006e-06
 Reference value :  1.95581e-06
 Reference value :  1.96281e-06
 Reference value :  1.96981e-06
 Reference value :  1.97701e-06
 Reference value :  1.98461e-06
 Reference value :  1.99161e-06
 Reference value :  1.99881e-06
 Reference value :  2.00360e-06
 Reference value :  2.01160e-06
 Reference value :  2.02160e-06
 Reference value :  2.03200e-06
 Reference value :  2.04180e-06
 Reference value :  2.05002e-06
 Reference value :  2.05561e-06
 Reference value :  2.06301e-06
 Reference value :  2.07001e-06
 Reference value :  2.07741e-06
 Reference value :  2.08501e-06
 Reference value :  2.09221e-06
 Reference value :  2.09921e-06
 Reference value :  2.10400e-06
 Reference value :  2.11200e-06
 Reference value :  2.12200e-06
 Reference value :  2.13200e-06
 Reference value :  2.14240e-06
 Reference value :  2.15006e-06
 Reference value :  2.15601e-06
 Reference value :  2.16301e-06
 Reference value :  2.17001e-06
 Reference value :  2.17761e-06
 Reference value :  2.18541e-06
 Reference value :  2.19261e-06
 Reference value :  2.19981e-06
 Reference value :  2.20480e-06
 Reference value :  2.21280e-06
 Reference value :  2.22280e-06
 Reference value :  2.23280e-06
 Reference value :  2.24280e-06
 Reference value :  2.25012e-06
 Reference value :  2.25661e-06
 Reference value :  2.26361e-06
 Reference value :  2.27061e-06
 Reference value :  2.27801e-06
 Reference value :  2.28541e-06
 Reference value :  2.29241e-06
 Reference value :  2.29941e-06
 Reference value :  2.30420e-06
 Reference value :  2.31240e-06
 Reference value :  2.32240e-06
 Reference value :  2.33240e-06
 Reference value :  2.34260e-06
 Reference value :  2.35006e-06
 Reference value :  2.35781e-06
 Reference value :  2.36861e-06
 Reference value :  2.38001e-06
 Reference value :  2.38801e-06
 Reference value :  2.39521e-06
 Reference value :  2.40100e-06
 Reference value :  2.40740e-06
 Reference value :  2.41700e-06
 Reference value :  2.42720e-06
 Reference value :  2.43720e-06
 Reference value :  2.44740e-06
 Reference value :  2.45241e-06
 Reference value :  2.45941e-06
 Reference value :  2.46661e-06
 Reference value :  2.47361e-06
 Reference value :  2.48141e-06
 Reference value :  2.48841e-06
 Reference value :  2.49561e-06
 Reference value :  2.50102e-06
 Reference value :  2.50760e-06
 Reference value :  2.51740e-06
 Reference value :  2.52780e-06
 Reference value :  2.53800e-06
 Reference value :  2.54800e-06
 Reference value :  2.55281e-06
 Reference value :  2.55981e-06
 Reference value :  2.56681e-06
 Reference value :  2.57381e-06
 Reference value :  2.58161e-06
 Reference value :  2.58861e-06
 Reference value :  2.59581e-06
 Reference value :  2.60105e-06
 Reference value :  2.60780e-06
 Reference value :  2.61740e-06
 Reference value :  2.62820e-06
 Reference value :  2.63900e-06
 Reference value :  2.64880e-06
 Reference value :  2.65341e-06
 Reference value :  2.66061e-06
 Reference value :  2.66741e-06
 Reference value :  2.67441e-06
 Reference value :  2.68221e-06
 Reference value :  2.68941e-06
 Reference value :  2.69641e-06
 Reference value :  2.70140e-06
 Reference value :  2.70840e-06
 Reference value :  2.71820e-06
 Reference value :  2.72860e-06
 Reference value :  2.73880e-06
 Reference value :  2.74880e-06
 Reference value :  2.75341e-06
 Reference value :  2.76041e-06
 Reference value :  2.76761e-06
 Reference value :  2.77461e-06
 Reference value :  2.78261e-06
 Reference value :  2.78961e-06
 Reference value :  2.79661e-06
 Reference value :  2.80160e-06
 Reference value :  2.80880e-06
 Reference value :  2.81880e-06
 Reference value :  2.82880e-06
 Reference value :  2.83880e-06
 Reference value :  2.84900e-06
 Reference value :  2.85321e-06
 Reference value :  2.85981e-06
 Reference value :  2.86621e-06
 Reference value :  2.87281e-06
 Reference value :  2.88001e-06
 Reference value :  2.88681e-06
 Reference value :  2.89341e-06
 Reference value :  2.90000e-06
 Reference value :  2.90460e-06
 Reference value :  2.91200e-06
 Reference value :  2.92140e-06
 Reference value :  2.93100e-06
 Reference value :  2.94060e-06
 Reference value :  2.94930e-06
 Reference value :  2.95381e-06
 Reference value :  2.96041e-06
 Reference value :  2.96721e-06
 Reference value :  2.97401e-06
 Reference value :  2.98141e-06
 Reference value :  2.98801e-06
 Reference value :  2.99461e-06
No. of Data Rows : 15408
sim/harness: analysis complete
Note: Simulation executed from .control section 
Warning: singular matrix:  check node xxxtop.vctrl

Note: Starting dynamic gmin stepping
Note: Dynamic gmin stepping completed
