
Note: Compatibility modes selected: hs a


Circuit: ** sch_path: /users/rwalters/github/sky130-pll/.loom/worktrees/issue-81/sim/pll-lock/testbench/tb_pll_lock.sch

option SCALE: Scale is set to 1e-06 for instance and model parameters
option SCALE: Scale is set to 1e-06 for instance and model parameters
option SCALE: Scale is set to 1e-06 for instance and model parameters
option SCALE: Scale is set to 1e-06 for instance and model parameters
Doing analysis at TEMP = -40.000000 and TNOM = 27.000000

Using KLU as Direct Linear Solver
 Reference value :  0.00000e+00
 Reference value :  1.39963e-09
 Reference value :  7.50000e-09
 Reference value :  1.43000e-08
 Reference value :  2.11000e-08
 Reference value :  3.07000e-08
 Reference value :  4.03000e-08
 Reference value :  4.88500e-08
 Reference value :  5.40522e-08
 Reference value :  6.36522e-08
 Reference value :  7.34522e-08
 Reference value :  8.30522e-08
 Reference value :  9.28522e-08
 Reference value :  1.00850e-07
 Reference value :  1.02542e-07
 Reference value :  1.09542e-07
 Reference value :  1.16542e-07
 Reference value :  1.23542e-07
 Reference value :  1.30342e-07
 Reference value :  1.37142e-07
 Reference value :  1.43942e-07
 Reference value :  1.50000e-07
 Reference value :  1.56852e-07
 Reference value :  1.66452e-07
 Reference value :  1.76252e-07
 Reference value :  1.86852e-07
 Reference value :  1.96652e-07
 Reference value :  2.01372e-07
 Reference value :  2.09772e-07
 Reference value :  2.19572e-07
 Reference value :  2.29972e-07
 Reference value :  2.39572e-07
 Reference value :  2.49020e-07
 Reference value :  2.54452e-07
 Reference value :  2.64052e-07
 Reference value :  2.73652e-07
 Reference value :  2.83452e-07
 Reference value :  2.93052e-07
 Reference value :  3.00850e-07
 Reference value :  3.06972e-07
 Reference value :  3.16972e-07
 Reference value :  3.26972e-07
 Reference value :  3.36972e-07
 Reference value :  3.47172e-07
 Reference value :  3.52852e-07
 Reference value :  3.62252e-07
 Reference value :  3.72252e-07
 Reference value :  3.82452e-07
 Reference value :  3.92652e-07
 Reference value :  4.00850e-07
 Reference value :  4.06772e-07
 Reference value :  4.16572e-07
 Reference value :  4.26372e-07
 Reference value :  4.36372e-07
 Reference value :  4.46572e-07
 Reference value :  4.52652e-07
 Reference value :  4.61852e-07
 Reference value :  4.72052e-07
 Reference value :  4.81852e-07
 Reference value :  4.93052e-07
 Reference value :  5.00850e-07
 Reference value :  5.06772e-07
 Reference value :  5.16572e-07
 Reference value :  5.26372e-07
 Reference value :  5.36172e-07
 Reference value :  5.46172e-07
 Reference value :  5.52252e-07
 Reference value :  5.61252e-07
 Reference value :  5.71252e-07
 Reference value :  5.81252e-07
 Reference value :  5.91052e-07
 Reference value :  6.00300e-07
 Reference value :  6.05372e-07
 Reference value :  6.14772e-07
 Reference value :  6.24772e-07
 Reference value :  6.34572e-07
 Reference value :  6.44372e-07
 Reference value :  6.51052e-07
 Reference value :  6.59652e-07
 Reference value :  6.69652e-07
 Reference value :  6.79652e-07
 Reference value :  6.89652e-07
 Reference value :  6.99452e-07
 Reference value :  7.04172e-07
 Reference value :  7.12972e-07
 Reference value :  7.22972e-07
 Reference value :  7.32772e-07
 Reference value :  7.42572e-07
 Reference value :  7.50059e-07
 Reference value :  7.57852e-07
 Reference value :  7.68252e-07
 Reference value :  7.78052e-07
 Reference value :  7.88052e-07
 Reference value :  7.98052e-07
 Reference value :  8.03172e-07
 Reference value :  8.11772e-07
 Reference value :  8.21772e-07
 Reference value :  8.31772e-07
 Reference value :  8.41772e-07
 Reference value :  8.50000e-07
 Reference value :  8.57052e-07
 Reference value :  8.67052e-07
 Reference value :  8.77252e-07
 Reference value :  8.87252e-07
 Reference value :  8.97252e-07
 Reference value :  9.02572e-07
 Reference value :  9.10572e-07
 Reference value :  9.20572e-07
 Reference value :  9.30972e-07
 Reference value :  9.41372e-07
 Reference value :  9.49850e-07
 Reference value :  9.56252e-07
 Reference value :  9.66052e-07
 Reference value :  9.76052e-07
 Reference value :  9.86252e-07
 Reference value :  9.96452e-07
 Reference value :  1.00237e-06
 Reference value :  1.01077e-06
 Reference value :  1.02057e-06
 Reference value :  1.03077e-06
 Reference value :  1.04077e-06
 Reference value :  1.04970e-06
 Reference value :  1.05585e-06
 Reference value :  1.06565e-06
 Reference value :  1.07585e-06
 Reference value :  1.08585e-06
 Reference value :  1.09565e-06
 Reference value :  1.10177e-06
 Reference value :  1.10977e-06
 Reference value :  1.11957e-06
 Reference value :  1.12957e-06
 Reference value :  1.13977e-06
 Reference value :  1.14906e-06
 Reference value :  1.15485e-06
 Reference value :  1.16465e-06
 Reference value :  1.17465e-06
 Reference value :  1.18465e-06
 Reference value :  1.19445e-06
 Reference value :  1.20105e-06
 Reference value :  1.20797e-06
 Reference value :  1.21837e-06
 Reference value :  1.22837e-06
 Reference value :  1.23837e-06
 Reference value :  1.24817e-06
 Reference value :  1.25385e-06
 Reference value :  1.26405e-06
 Reference value :  1.27425e-06
 Reference value :  1.28425e-06
 Reference value :  1.29705e-06
 Reference value :  1.30577e-06
 Reference value :  1.32057e-06
 Reference value :  1.33537e-06
 Reference value :  1.34950e-06
 Reference value :  1.35845e-06
 Reference value :  1.37345e-06
 Reference value :  1.38685e-06
 Reference value :  1.40014e-06
 Reference value :  1.40817e-06
 Reference value :  1.42217e-06
 Reference value :  1.43697e-06
 Reference value :  1.45002e-06
 Reference value :  1.46165e-06
 Reference value :  1.47645e-06
 Reference value :  1.48885e-06
 Reference value :  1.49885e-06
 Reference value :  1.50377e-06
 Reference value :  1.51217e-06
 Reference value :  1.52197e-06
 Reference value :  1.53197e-06
 Reference value :  1.54197e-06
 Reference value :  1.55000e-06
 Reference value :  1.55705e-06
 Reference value :  1.56705e-06
 Reference value :  1.57705e-06
 Reference value :  1.58685e-06
 Reference value :  1.59685e-06
 Reference value :  1.60217e-06
 Reference value :  1.60997e-06
 Reference value :  1.61977e-06
 Reference value :  1.63177e-06
 Reference value :  1.64797e-06
 Reference value :  1.66165e-06
 Reference value :  1.67605e-06
 Reference value :  1.69105e-06
 Reference value :  1.70217e-06
 Reference value :  1.71657e-06
 Reference value :  1.73177e-06
 Reference value :  1.74757e-06
 Reference value :  1.75925e-06
 Reference value :  1.77485e-06
 Reference value :  1.79045e-06
 Reference value :  1.80102e-06
 Reference value :  1.80777e-06
 Reference value :  1.81777e-06
 Reference value :  1.82757e-06
 Reference value :  1.83737e-06
 Reference value :  1.84737e-06
 Reference value :  1.85305e-06
 Reference value :  1.86245e-06
 Reference value :  1.87245e-06
 Reference value :  1.88245e-06
 Reference value :  1.89265e-06
 Reference value :  1.90085e-06
 Reference value :  1.90697e-06
 Reference value :  1.91717e-06
 Reference value :  1.92717e-06
 Reference value :  1.93697e-06
 Reference value :  1.94677e-06
 Reference value :  1.95265e-06
 Reference value :  1.96485e-06
 Reference value :  1.97785e-06
 Reference value :  1.99305e-06
 Reference value :  2.00277e-06
 Reference value :  2.01457e-06
 Reference value :  2.02857e-06
 Reference value :  2.03837e-06
 Reference value :  2.04797e-06
 Reference value :  2.05345e-06
 Reference value :  2.06285e-06
 Reference value :  2.07285e-06
 Reference value :  2.08265e-06
 Reference value :  2.09265e-06
 Reference value :  2.10085e-06
 Reference value :  2.10697e-06
 Reference value :  2.11677e-06
 Reference value :  2.12657e-06
 Reference value :  2.13637e-06
 Reference value :  2.14657e-06
 Reference value :  2.15245e-06
 Reference value :  2.16185e-06
 Reference value :  2.17165e-06
 Reference value :  2.18185e-06
 Reference value :  2.19165e-06
 Reference value :  2.20050e-06
 Reference value :  2.20557e-06
 Reference value :  2.21497e-06
 Reference value :  2.22497e-06
 Reference value :  2.23497e-06
 Reference value :  2.24497e-06
 Reference value :  2.25145e-06
 Reference value :  2.26005e-06
 Reference value :  2.27005e-06
 Reference value :  2.28005e-06
 Reference value :  2.29025e-06
 Reference value :  2.30002e-06
 Reference value :  2.30497e-06
 Reference value :  2.31417e-06
 Reference value :  2.32417e-06
 Reference value :  2.33417e-06
 Reference value :  2.34437e-06
 Reference value :  2.35105e-06
 Reference value :  2.35965e-06
 Reference value :  2.36965e-06
 Reference value :  2.37965e-06
 Reference value :  2.38985e-06
 Reference value :  2.39983e-06
 Reference value :  2.40437e-06
 Reference value :  2.41337e-06
 Reference value :  2.42357e-06
 Reference value :  2.43357e-06
 Reference value :  2.44357e-06
 Reference value :  2.45045e-06
 Reference value :  2.45905e-06
 Reference value :  2.46905e-06
 Reference value :  2.47905e-06
 Reference value :  2.48905e-06
 Reference value :  2.49905e-06
 Reference value :  2.50377e-06
 Reference value :  2.51257e-06
 Reference value :  2.52257e-06
 Reference value :  2.53257e-06
 Reference value :  2.54257e-06
 Reference value :  2.55006e-06
 Reference value :  2.55785e-06
 Reference value :  2.56805e-06
 Reference value :  2.57805e-06
 Reference value :  2.58825e-06
 Reference value :  2.59805e-06
 Reference value :  2.60317e-06
 Reference value :  2.61157e-06
 Reference value :  2.62157e-06
 Reference value :  2.63157e-06
 Reference value :  2.64177e-06
 Reference value :  2.65000e-06
 Reference value :  2.65725e-06
 Reference value :  2.66725e-06
 Reference value :  2.67745e-06
 Reference value :  2.68765e-06
 Reference value :  2.69785e-06
 Reference value :  2.70317e-06
 Reference value :  2.71177e-06
 Reference value :  2.72177e-06
 Reference value :  2.73177e-06
 Reference value :  2.74197e-06
 Reference value :  2.75000e-06
 Reference value :  2.75705e-06
 Reference value :  2.76685e-06
 Reference value :  2.77705e-06
 Reference value :  2.78705e-06
 Reference value :  2.79705e-06
 Reference value :  2.80257e-06
 Reference value :  2.81057e-06
 Reference value :  2.82057e-06
 Reference value :  2.83057e-06
 Reference value :  2.84057e-06
 Reference value :  2.84970e-06
 Reference value :  2.85565e-06
 Reference value :  2.86565e-06
 Reference value :  2.87565e-06
 Reference value :  2.88565e-06
 Reference value :  2.89565e-06
 Reference value :  2.90157e-06
 Reference value :  2.90937e-06
 Reference value :  2.91957e-06
 Reference value :  2.92957e-06
 Reference value :  2.93957e-06
 Reference value :  2.94902e-06
 Reference value :  2.95465e-06
 Reference value :  2.96465e-06
 Reference value :  2.97465e-06
 Reference value :  2.98485e-06
 Reference value :  2.99485e-06
No. of Data Rows : 15408
sim/harness: analysis complete
Note: Simulation executed from .control section 
Warning: singular matrix:  check node xxxtop.xxdiv.xcnt5.a_761_289#

Note: Starting dynamic gmin stepping
Note: Dynamic gmin stepping completed
