
Note: Compatibility modes selected: hs a


Circuit: ** sch_path: /users/rwalters/github/sky130-pll/.loom/worktrees/issue-81/sim/pll-lock/testbench/tb_pll_lock.sch

option SCALE: Scale is set to 1e-06 for instance and model parameters
option SCALE: Scale is set to 1e-06 for instance and model parameters
option SCALE: Scale is set to 1e-06 for instance and model parameters
option SCALE: Scale is set to 1e-06 for instance and model parameters
Doing analysis at TEMP = -40.000000 and TNOM = 27.000000

Using KLU as Direct Linear Solver
 Reference value :  0.00000e+00
 Reference value :  3.07934e-09
 Reference value :  5.73296e-09
 Reference value :  6.78588e-09
 Reference value :  8.25710e-09
 Reference value :  1.23578e-08
 Reference value :  1.32094e-08
 Reference value :  1.77141e-08
 Reference value :  2.24326e-08
 Reference value :  2.46209e-08
 Reference value :  2.80964e-08
 Reference value :  3.28071e-08
 Reference value :  3.60071e-08
 Reference value :  4.06677e-08
 Reference value :  4.34252e-08
 Reference value :  4.82252e-08
 Reference value :  5.02465e-08
 Reference value :  5.36213e-08
 Reference value :  5.77588e-08
 Reference value :  6.16042e-08
 Reference value :  6.36836e-08
 Reference value :  6.79128e-08
 Reference value :  7.12889e-08
 Reference value :  7.39564e-08
 Reference value :  7.86787e-08
 Reference value :  8.21280e-08
 Reference value :  8.51006e-08
 Reference value :  8.92371e-08
 Reference value :  9.37234e-08
 Reference value :  9.48036e-08
 Reference value :  9.73688e-08
 Reference value :  1.00679e-07
 Reference value :  1.04325e-07
 Reference value :  1.06791e-07
 Reference value :  1.10250e-07
 Reference value :  1.14734e-07
 Reference value :  1.18421e-07
 Reference value :  1.20380e-07
 Reference value :  1.24957e-07
 Reference value :  1.29309e-07
 Reference value :  1.32798e-07
 Reference value :  1.34442e-07
 Reference value :  1.38097e-07
 Reference value :  1.41346e-07
 Reference value :  1.44551e-07
 Reference value :  1.48599e-07
 Reference value :  1.50640e-07
 Reference value :  1.53544e-07
 Reference value :  1.57704e-07
 Reference value :  1.61744e-07
 Reference value :  1.63541e-07
 Reference value :  1.67016e-07
 Reference value :  1.70976e-07
 Reference value :  1.71719e-07
 Reference value :  1.73477e-07
 Reference value :  1.77081e-07
 Reference value :  1.80868e-07
 Reference value :  1.84438e-07
 Reference value :  1.88672e-07
 Reference value :  1.91255e-07
 Reference value :  1.95003e-07
 Reference value :  1.97602e-07
 Reference value :  2.01000e-07
 Reference value :  2.03134e-07
 Reference value :  2.05791e-07
 Reference value :  2.08420e-07
 Reference value :  2.12000e-07
 Reference value :  2.14658e-07
 Reference value :  2.18289e-07
 Reference value :  2.22349e-07
 Reference value :  2.24984e-07
 Reference value :  2.27941e-07
 Reference value :  2.30947e-07
 Reference value :  2.32557e-07
 Reference value :  2.34933e-07
 Reference value :  2.38688e-07
 Reference value :  2.39305e-07
 Reference value :  2.41231e-07
 Reference value :  2.44689e-07
 Reference value :  2.47021e-07
 Reference value :  2.49500e-07
 Reference value :  2.51069e-07
 Reference value :  2.54876e-07
 Reference value :  2.58304e-07
 Reference value :  2.61071e-07
 Reference value :  2.63500e-07
 Reference value :  2.67188e-07
 Reference value :  2.70911e-07
 Reference value :  2.71926e-07
 Reference value :  2.75584e-07
 Reference value :  2.79419e-07
 Reference value :  2.81263e-07
 Reference value :  2.84251e-07
 Reference value :  2.88071e-07
 Reference value :  2.91310e-07
 Reference value :  2.93885e-07
 Reference value :  2.96923e-07
 Reference value :  3.00500e-07
 Reference value :  3.03325e-07
 Reference value :  3.05942e-07
 Reference value :  3.09098e-07
 Reference value :  3.10788e-07
 Reference value :  3.14371e-07
 Reference value :  3.16650e-07
 Reference value :  3.20449e-07
 Reference value :  3.23051e-07
 Reference value :  3.27111e-07
 Reference value :  3.30697e-07
 Reference value :  3.31633e-07
 Reference value :  3.35655e-07
 Reference value :  3.39563e-07
 Reference value :  3.40896e-07
 Reference value :  3.44402e-07
 Reference value :  3.48275e-07
 Reference value :  3.49647e-07
 Reference value :  3.52598e-07
 Reference value :  3.56648e-07
 Reference value :  3.58358e-07
 Reference value :  3.61568e-07
 Reference value :  3.65145e-07
 Reference value :  3.68890e-07
 Reference value :  3.72501e-07
 Reference value :  3.73714e-07
 Reference value :  3.77185e-07
 Reference value :  3.80985e-07
 Reference value :  3.82108e-07
 Reference value :  3.84908e-07
 Reference value :  3.88160e-07
 Reference value :  3.89636e-07
 Reference value :  3.93295e-07
 Reference value :  3.96949e-07
 Reference value :  4.00000e-07
 Reference value :  4.02720e-07
 Reference value :  4.05353e-07
 Reference value :  4.08963e-07
 Reference value :  4.12589e-07
 Reference value :  4.13282e-07
 Reference value :  4.16761e-07
 Reference value :  4.20369e-07
 Reference value :  4.21827e-07
 Reference value :  4.25024e-07
 Reference value :  4.28267e-07
 Reference value :  4.30700e-07
 Reference value :  4.33659e-07
 Reference value :  4.36323e-07
 Reference value :  4.38249e-07
 Reference value :  4.41147e-07
 Reference value :  4.43779e-07
 Reference value :  4.45393e-07
 Reference value :  4.47809e-07
 Reference value :  4.50840e-07
 Reference value :  4.51623e-07
 Reference value :  4.53763e-07
 Reference value :  4.56767e-07
 Reference value :  4.59369e-07
 Reference value :  4.62771e-07
 Reference value :  4.66343e-07
 Reference value :  4.68706e-07
 Reference value :  4.72111e-07
 Reference value :  4.74430e-07
 Reference value :  4.77581e-07
 Reference value :  4.80015e-07
 Reference value :  4.81922e-07
 Reference value :  4.85190e-07
 Reference value :  4.88830e-07
 Reference value :  4.91995e-07
 Reference value :  4.95615e-07
 Reference value :  4.96878e-07
 Reference value :  5.00895e-07
 Reference value :  5.03775e-07
 Reference value :  5.06416e-07
 Reference value :  5.08942e-07
 Reference value :  5.11288e-07
 Reference value :  5.12574e-07
 Reference value :  5.15563e-07
 Reference value :  5.18927e-07
 Reference value :  5.22547e-07
 Reference value :  5.26021e-07
 Reference value :  5.29570e-07
 Reference value :  5.33104e-07
 Reference value :  5.36772e-07
 Reference value :  5.39494e-07
 Reference value :  5.41082e-07
 Reference value :  5.44302e-07
 Reference value :  5.47646e-07
 Reference value :  5.50111e-07
 Reference value :  5.52451e-07
 Reference value :  5.55301e-07
 Reference value :  5.58673e-07
 Reference value :  5.62662e-07
 Reference value :  5.65602e-07
 Reference value :  5.69011e-07
 Reference value :  5.69590e-07
 Reference value :  5.71575e-07
 Reference value :  5.74307e-07
 Reference value :  5.77018e-07
 Reference value :  5.80587e-07
 Reference value :  5.83862e-07
 Reference value :  5.87454e-07
 Reference value :  5.90955e-07
 Reference value :  5.93374e-07
 Reference value :  5.95636e-07
 Reference value :  5.98681e-07
 Reference value :  6.01504e-07
 Reference value :  6.05392e-07
 Reference value :  6.08315e-07
 Reference value :  6.11610e-07
 Reference value :  6.14642e-07
 Reference value :  6.18103e-07
 Reference value :  6.20409e-07
 Reference value :  6.22209e-07
 Reference value :  6.24604e-07
 Reference value :  6.27087e-07
 Reference value :  6.28911e-07
 Reference value :  6.32849e-07
 Reference value :  6.34257e-07
 Reference value :  6.37412e-07
 Reference value :  6.40713e-07
 Reference value :  6.44563e-07
 Reference value :  6.47916e-07
 Reference value :  6.50247e-07
 Reference value :  6.53267e-07
 Reference value :  6.55866e-07
 Reference value :  6.58784e-07
 Reference value :  6.62257e-07
 Reference value :  6.65427e-07
 Reference value :  6.69025e-07
 Reference value :  6.71348e-07
 Reference value :  6.74334e-07
 Reference value :  6.76591e-07
 Reference value :  6.80172e-07
 Reference value :  6.83718e-07
 Reference value :  6.86644e-07
 Reference value :  6.90136e-07
 Reference value :  6.90864e-07
 Reference value :  6.94260e-07
 Reference value :  6.97431e-07
 Reference value :  7.00700e-07
 Reference value :  7.03330e-07
 Reference value :  7.05097e-07
 Reference value :  7.08345e-07
 Reference value :  7.11647e-07
 Reference value :  7.14725e-07
 Reference value :  7.18081e-07
 Reference value :  7.21418e-07
 Reference value :  7.24863e-07
 Reference value :  7.27243e-07
 Reference value :  7.29809e-07
 Reference value :  7.32139e-07
 Reference value :  7.35451e-07
 Reference value :  7.38690e-07
 Reference value :  7.40614e-07
 Reference value :  7.42887e-07
 Reference value :  7.45992e-07
 Reference value :  7.47448e-07
 Reference value :  7.50000e-07
 Reference value :  7.52728e-07
 Reference value :  7.56017e-07
 Reference value :  7.58942e-07
 Reference value :  7.62990e-07
 Reference value :  7.66265e-07
 Reference value :  7.67781e-07
 Reference value :  7.70661e-07
 Reference value :  7.73643e-07
 Reference value :  7.77000e-07
 Reference value :  7.80455e-07
 Reference value :  7.83655e-07
 Reference value :  7.87300e-07
 Reference value :  7.91382e-07
 Reference value :  7.94719e-07
 Reference value :  7.96919e-07
 Reference value :  7.99841e-07
 Reference value :  8.01148e-07
 Reference value :  8.01997e-07
 Reference value :  8.04409e-07
 Reference value :  8.07564e-07
 Reference value :  8.08098e-07
 Reference value :  8.11209e-07
 Reference value :  8.15032e-07
 Reference value :  8.18515e-07
 Reference value :  8.21440e-07
 Reference value :  8.24688e-07
 Reference value :  8.28055e-07
 Reference value :  8.29381e-07
 Reference value :  8.32228e-07
 Reference value :  8.35570e-07
 Reference value :  8.37618e-07
 Reference value :  8.41288e-07
 Reference value :  8.43339e-07
 Reference value :  8.46572e-07
 Reference value :  8.49962e-07
 Reference value :  8.52022e-07
 Reference value :  8.55024e-07
 Reference value :  8.57676e-07
 Reference value :  8.61056e-07
 Reference value :  8.64675e-07
 Reference value :  8.65704e-07
 Reference value :  8.68571e-07
 Reference value :  8.72069e-07
 Reference value :  8.74416e-07
 Reference value :  8.76685e-07
 Reference value :  8.80653e-07
 Reference value :  8.84089e-07
 Reference value :  8.87676e-07
 Reference value :  8.90096e-07
 Reference value :  8.91912e-07
 Reference value :  8.95530e-07
 Reference value :  8.98093e-07
 Reference value :  9.00060e-07
 Reference value :  9.03162e-07
 Reference value :  9.05646e-07
 Reference value :  9.08410e-07
 Reference value :  9.11448e-07
 Reference value :  9.15274e-07
 Reference value :  9.19031e-07
 Reference value :  9.21145e-07
 Reference value :  9.23699e-07
 Reference value :  9.26860e-07
 Reference value :  9.28362e-07
 Reference value :  9.31594e-07
 Reference value :  9.34710e-07
 Reference value :  9.38220e-07
 Reference value :  9.41361e-07
 Reference value :  9.43678e-07
 Reference value :  9.46996e-07
 Reference value :  9.50017e-07
 Reference value :  9.51822e-07
 Reference value :  9.55031e-07
 Reference value :  9.57373e-07
 Reference value :  9.59993e-07
 Reference value :  9.63288e-07
 Reference value :  9.65147e-07
 Reference value :  9.68417e-07
 Reference value :  9.71902e-07
 Reference value :  9.74099e-07
 Reference value :  9.77666e-07
 Reference value :  9.79671e-07
 Reference value :  9.81360e-07
 Reference value :  9.83145e-07
 Reference value :  9.86381e-07
 Reference value :  9.87059e-07
 Reference value :  9.88205e-07
 Reference value :  9.90176e-07
 Reference value :  9.93450e-07
 Reference value :  9.94524e-07
 Reference value :  9.97616e-07
 Reference value :  1.00076e-06
 Reference value :  1.00317e-06
 Reference value :  1.00558e-06
 Reference value :  1.00795e-06
 Reference value :  1.01114e-06
 Reference value :  1.01414e-06
 Reference value :  1.01567e-06
 Reference value :  1.01866e-06
 Reference value :  1.02192e-06
 Reference value :  1.02309e-06
 Reference value :  1.02615e-06
 Reference value :  1.02928e-06
 Reference value :  1.03254e-06
 Reference value :  1.03559e-06
 Reference value :  1.03704e-06
 Reference value :  1.04029e-06
 Reference value :  1.04409e-06
 Reference value :  1.04834e-06
 Reference value :  1.05110e-06
 Reference value :  1.05527e-06
 Reference value :  1.05756e-06
 Reference value :  1.06089e-06
 Reference value :  1.06557e-06
 Reference value :  1.07117e-06
 Reference value :  1.07571e-06
 Reference value :  1.08011e-06
 Reference value :  1.08562e-06
 Reference value :  1.09140e-06
 Reference value :  1.09538e-06
 Reference value :  1.09975e-06
 Reference value :  1.10191e-06
 Reference value :  1.10544e-06
 Reference value :  1.10760e-06
 Reference value :  1.11168e-06
 Reference value :  1.11540e-06
 Reference value :  1.11952e-06
 Reference value :  1.12486e-06
 Reference value :  1.12870e-06
 Reference value :  1.13261e-06
 Reference value :  1.13817e-06
 Reference value :  1.14208e-06
 Reference value :  1.14638e-06
 Reference value :  1.15025e-06
 Reference value :  1.15341e-06
 Reference value :  1.15769e-06
 Reference value :  1.15901e-06
 Reference value :  1.16418e-06
 Reference value :  1.16591e-06
 Reference value :  1.17122e-06
 Reference value :  1.17485e-06
 Reference value :  1.17973e-06
 Reference value :  1.18434e-06
 Reference value :  1.18826e-06
 Reference value :  1.19243e-06
 Reference value :  1.19786e-06
 Reference value :  1.20101e-06
 Reference value :  1.20505e-06
 Reference value :  1.20986e-06
 Reference value :  1.21194e-06
 Reference value :  1.21655e-06
 Reference value :  1.21949e-06
 Reference value :  1.22336e-06
 Reference value :  1.22683e-06
 Reference value :  1.23153e-06
 Reference value :  1.23594e-06
 Reference value :  1.23925e-06
 Reference value :  1.24275e-06
 Reference value :  1.24801e-06
 Reference value :  1.24921e-06
 Reference value :  1.25164e-06
 Reference value :  1.25424e-06
 Reference value :  1.25552e-06
 Reference value :  1.26021e-06
 Reference value :  1.26249e-06
 Reference value :  1.26486e-06
 Reference value :  1.26784e-06
 Reference value :  1.27088e-06
 Reference value :  1.27410e-06
 Reference value :  1.27739e-06
 Reference value :  1.28061e-06
 Reference value :  1.28361e-06
 Reference value :  1.28667e-06
 Reference value :  1.28980e-06
 Reference value :  1.29297e-06
 Reference value :  1.29558e-06
 Reference value :  1.29889e-06
 Reference value :  1.30026e-06
 Reference value :  1.30260e-06
 Reference value :  1.30558e-06
 Reference value :  1.30888e-06
 Reference value :  1.31193e-06
 Reference value :  1.31475e-06
 Reference value :  1.31780e-06
 Reference value :  1.31885e-06
 Reference value :  1.32094e-06
 Reference value :  1.32443e-06
 Reference value :  1.32540e-06
 Reference value :  1.32786e-06
 Reference value :  1.33088e-06
 Reference value :  1.33419e-06
 Reference value :  1.33725e-06
 Reference value :  1.34055e-06
 Reference value :  1.34398e-06
 Reference value :  1.34867e-06
 Reference value :  1.35032e-06
 Reference value :  1.35327e-06
 Reference value :  1.35669e-06
 Reference value :  1.36016e-06
 Reference value :  1.36377e-06
 Reference value :  1.36722e-06
 Reference value :  1.37071e-06
 Reference value :  1.37392e-06
 Reference value :  1.37812e-06
 Reference value :  1.38132e-06
 Reference value :  1.38428e-06
 Reference value :  1.38813e-06
 Reference value :  1.39017e-06
 Reference value :  1.39344e-06
 Reference value :  1.39701e-06
 Reference value :  1.39972e-06
 Reference value :  1.40104e-06
 Reference value :  1.40410e-06
 Reference value :  1.40754e-06
 Reference value :  1.41096e-06
 Reference value :  1.41419e-06
 Reference value :  1.41777e-06
 Reference value :  1.41901e-06
 Reference value :  1.42307e-06
 Reference value :  1.42569e-06
 Reference value :  1.42882e-06
 Reference value :  1.43209e-06
 Reference value :  1.43543e-06
 Reference value :  1.43897e-06
 Reference value :  1.44227e-06
 Reference value :  1.44499e-06
 Reference value :  1.44660e-06
 Reference value :  1.45011e-06
 Reference value :  1.45306e-06
 Reference value :  1.45624e-06
 Reference value :  1.45942e-06
 Reference value :  1.46260e-06
 Reference value :  1.46611e-06
 Reference value :  1.46935e-06
 Reference value :  1.47270e-06
 Reference value :  1.47585e-06
 Reference value :  1.47907e-06
 Reference value :  1.48130e-06
 Reference value :  1.48443e-06
 Reference value :  1.48657e-06
 Reference value :  1.48843e-06
 Reference value :  1.49203e-06
 Reference value :  1.49293e-06
 Reference value :  1.49607e-06
 Reference value :  1.49926e-06
 Reference value :  1.50210e-06
 Reference value :  1.50534e-06
 Reference value :  1.50861e-06
 Reference value :  1.51190e-06
 Reference value :  1.51506e-06
 Reference value :  1.51835e-06
 Reference value :  1.52153e-06
 Reference value :  1.52496e-06
 Reference value :  1.52815e-06
 Reference value :  1.53119e-06
 Reference value :  1.53407e-06
 Reference value :  1.53737e-06
 Reference value :  1.53906e-06
 Reference value :  1.54166e-06
 Reference value :  1.54433e-06
 Reference value :  1.54547e-06
 Reference value :  1.54790e-06
 Reference value :  1.55047e-06
 Reference value :  1.55374e-06
 Reference value :  1.55676e-06
 Reference value :  1.55956e-06
 Reference value :  1.56246e-06
 Reference value :  1.56548e-06
 Reference value :  1.56928e-06
 Reference value :  1.57110e-06
 Reference value :  1.57365e-06
 Reference value :  1.57605e-06
 Reference value :  1.57887e-06
 Reference value :  1.58186e-06
 Reference value :  1.58392e-06
 Reference value :  1.58706e-06
 Reference value :  1.58881e-06
 Reference value :  1.59186e-06
 Reference value :  1.59464e-06
 Reference value :  1.59639e-06
 Reference value :  1.59928e-06
 Reference value :  1.60100e-06
 Reference value :  1.60365e-06
 Reference value :  1.60660e-06
 Reference value :  1.60965e-06
 Reference value :  1.61262e-06
 Reference value :  1.61563e-06
 Reference value :  1.61838e-06
 Reference value :  1.61939e-06
 Reference value :  1.62202e-06
 Reference value :  1.62501e-06
 Reference value :  1.62813e-06
 Reference value :  1.63115e-06
 Reference value :  1.63413e-06
 Reference value :  1.63721e-06
 Reference value :  1.63876e-06
 Reference value :  1.64013e-06
 Reference value :  1.64305e-06
 Reference value :  1.64393e-06
 Reference value :  1.64540e-06
 Reference value :  1.64721e-06
 Reference value :  1.64945e-06
 Reference value :  1.65043e-06
 Reference value :  1.65353e-06
 Reference value :  1.65597e-06
 Reference value :  1.65931e-06
 Reference value :  1.66174e-06
 Reference value :  1.66471e-06
 Reference value :  1.66795e-06
 Reference value :  1.67083e-06
 Reference value :  1.67379e-06
 Reference value :  1.67668e-06
 Reference value :  1.67993e-06
 Reference value :  1.68256e-06
 Reference value :  1.68473e-06
 Reference value :  1.68676e-06
 Reference value :  1.68963e-06
 Reference value :  1.69270e-06
 Reference value :  1.69568e-06
 Reference value :  1.69887e-06
 Reference value :  1.70085e-06
 Reference value :  1.70291e-06
 Reference value :  1.70650e-06
 Reference value :  1.70923e-06
 Reference value :  1.71226e-06
 Reference value :  1.71539e-06
 Reference value :  1.71884e-06
 Reference value :  1.72138e-06
 Reference value :  1.72294e-06
 Reference value :  1.72544e-06
 Reference value :  1.72854e-06
 Reference value :  1.73161e-06
 Reference value :  1.73485e-06
 Reference value :  1.73786e-06
 Reference value :  1.73939e-06
 Reference value :  1.74160e-06
 Reference value :  1.74458e-06
 Reference value :  1.74719e-06
 Reference value :  1.74950e-06
 Reference value :  1.75088e-06
 Reference value :  1.75270e-06
 Reference value :  1.75583e-06
 Reference value :  1.75826e-06
 Reference value :  1.76141e-06
 Reference value :  1.76364e-06
 Reference value :  1.76683e-06
 Reference value :  1.76963e-06
 Reference value :  1.77272e-06
 Reference value :  1.77594e-06
 Reference value :  1.77881e-06
 Reference value :  1.78191e-06
 Reference value :  1.78499e-06
 Reference value :  1.78817e-06
 Reference value :  1.79126e-06
 Reference value :  1.79474e-06
 Reference value :  1.79672e-06
 Reference value :  1.80000e-06
 Reference value :  1.80104e-06
 Reference value :  1.80292e-06
 Reference value :  1.80601e-06
 Reference value :  1.80730e-06
 Reference value :  1.81039e-06
 Reference value :  1.81437e-06
 Reference value :  1.81772e-06
 Reference value :  1.82011e-06
 Reference value :  1.82336e-06
 Reference value :  1.82553e-06
 Reference value :  1.82838e-06
 Reference value :  1.83126e-06
 Reference value :  1.83422e-06
 Reference value :  1.83716e-06
 Reference value :  1.84028e-06
 Reference value :  1.84341e-06
 Reference value :  1.84648e-06
 Reference value :  1.84958e-06
 Reference value :  1.85052e-06
 Reference value :  1.85308e-06
 Reference value :  1.85603e-06
 Reference value :  1.85824e-06
 Reference value :  1.86030e-06
 Reference value :  1.86280e-06
 Reference value :  1.86574e-06
 Reference value :  1.86891e-06
 Reference value :  1.87206e-06
 Reference value :  1.87528e-06
 Reference value :  1.87853e-06
 Reference value :  1.88183e-06
 Reference value :  1.88267e-06
 Reference value :  1.88665e-06
 Reference value :  1.88916e-06
 Reference value :  1.89207e-06
 Reference value :  1.89541e-06
 Reference value :  1.89876e-06
 Reference value :  1.90111e-06
 Reference value :  1.90286e-06
 Reference value :  1.90583e-06
 Reference value :  1.90895e-06
 Reference value :  1.91001e-06
 Reference value :  1.91254e-06
 Reference value :  1.91550e-06
 Reference value :  1.91865e-06
 Reference value :  1.92127e-06
 Reference value :  1.92258e-06
 Reference value :  1.92559e-06
 Reference value :  1.92879e-06
 Reference value :  1.93203e-06
 Reference value :  1.93517e-06
 Reference value :  1.93726e-06
 Reference value :  1.94052e-06
 Reference value :  1.94220e-06
 Reference value :  1.94524e-06
 Reference value :  1.94813e-06
 Reference value :  1.95002e-06
 Reference value :  1.95182e-06
 Reference value :  1.95503e-06
 Reference value :  1.95750e-06
 Reference value :  1.95984e-06
 Reference value :  1.96152e-06
 Reference value :  1.96370e-06
 Reference value :  1.96635e-06
 Reference value :  1.96764e-06
 Reference value :  1.97046e-06
 Reference value :  1.97364e-06
 Reference value :  1.97682e-06
 Reference value :  1.97973e-06
 Reference value :  1.98161e-06
 Reference value :  1.98468e-06
 Reference value :  1.98677e-06
 Reference value :  1.98956e-06
 Reference value :  1.99256e-06
 Reference value :  1.99437e-06
 Reference value :  1.99819e-06
 Reference value :  1.99975e-06
 Reference value :  2.00214e-06
 Reference value :  2.00534e-06
 Reference value :  2.00853e-06
 Reference value :  2.01176e-06
 Reference value :  2.01412e-06
 Reference value :  2.01587e-06
 Reference value :  2.01848e-06
 Reference value :  2.02077e-06
 Reference value :  2.02297e-06
 Reference value :  2.02574e-06
 Reference value :  2.02924e-06
 Reference value :  2.03246e-06
 Reference value :  2.03485e-06
 Reference value :  2.03784e-06
 Reference value :  2.04061e-06
 Reference value :  2.04383e-06
 Reference value :  2.04655e-06
 Reference value :  2.04956e-06
 Reference value :  2.05165e-06
 Reference value :  2.05525e-06
 Reference value :  2.05672e-06
 Reference value :  2.06085e-06
 Reference value :  2.06245e-06
 Reference value :  2.06521e-06
 Reference value :  2.06825e-06
 Reference value :  2.07091e-06
 Reference value :  2.07397e-06
 Reference value :  2.07953e-06
 Reference value :  2.08088e-06
 Reference value :  2.08417e-06
 Reference value :  2.08704e-06
 Reference value :  2.08966e-06
 Reference value :  2.09230e-06
 Reference value :  2.09511e-06
 Reference value :  2.09882e-06
 Reference value :  2.10172e-06
 Reference value :  2.10444e-06
 Reference value :  2.10709e-06
 Reference value :  2.11011e-06
 Reference value :  2.11251e-06
 Reference value :  2.11522e-06
 Reference value :  2.11619e-06
 Reference value :  2.11814e-06
 Reference value :  2.12095e-06
 Reference value :  2.12176e-06
 Reference value :  2.12419e-06
 Reference value :  2.12714e-06
 Reference value :  2.12978e-06
 Reference value :  2.13170e-06
 Reference value :  2.13335e-06
 Reference value :  2.13639e-06
 Reference value :  2.13912e-06
 Reference value :  2.14187e-06
 Reference value :  2.14459e-06
 Reference value :  2.14540e-06
 Reference value :  2.14840e-06
 Reference value :  2.15071e-06
 Reference value :  2.15300e-06
 Reference value :  2.15467e-06
 Reference value :  2.15695e-06
 Reference value :  2.15986e-06
 Reference value :  2.16291e-06
 Reference value :  2.16517e-06
 Reference value :  2.16889e-06
 Reference value :  2.16959e-06
 Reference value :  2.17229e-06
 Reference value :  2.17521e-06
 Reference value :  2.17835e-06
 Reference value :  2.18111e-06
 Reference value :  2.18241e-06
 Reference value :  2.18492e-06
 Reference value :  2.18797e-06
 Reference value :  2.19082e-06
 Reference value :  2.19361e-06
 Reference value :  2.19489e-06
 Reference value :  2.19738e-06
 Reference value :  2.20018e-06
 Reference value :  2.20297e-06
 Reference value :  2.20572e-06
 Reference value :  2.20741e-06
 Reference value :  2.21032e-06
 Reference value :  2.21342e-06
 Reference value :  2.21588e-06
 Reference value :  2.21782e-06
 Reference value :  2.21966e-06
 Reference value :  2.22112e-06
 Reference value :  2.22380e-06
 Reference value :  2.22635e-06
 Reference value :  2.22951e-06
 Reference value :  2.23211e-06
 Reference value :  2.23501e-06
 Reference value :  2.23793e-06
 Reference value :  2.24135e-06
 Reference value :  2.24470e-06
 Reference value :  2.24965e-06
 Reference value :  2.25340e-06
 Reference value :  2.25672e-06
 Reference value :  2.25967e-06
 Reference value :  2.26256e-06
 Reference value :  2.26407e-06
 Reference value :  2.26578e-06
 Reference value :  2.26876e-06
 Reference value :  2.26993e-06
 Reference value :  2.27191e-06
 Reference value :  2.27475e-06
 Reference value :  2.27553e-06
 Reference value :  2.27773e-06
 Reference value :  2.28080e-06
 Reference value :  2.28369e-06
 Reference value :  2.28647e-06
 Reference value :  2.28820e-06
 Reference value :  2.29140e-06
 Reference value :  2.29420e-06
 Reference value :  2.29702e-06
 Reference value :  2.29935e-06
 Reference value :  2.30148e-06
 Reference value :  2.30446e-06
 Reference value :  2.30702e-06
 Reference value :  2.30997e-06
 Reference value :  2.31126e-06
 Reference value :  2.31407e-06
 Reference value :  2.31681e-06
 Reference value :  2.31863e-06
 Reference value :  2.32251e-06
 Reference value :  2.32358e-06
 Reference value :  2.32586e-06
 Reference value :  2.32886e-06
 Reference value :  2.33053e-06
 Reference value :  2.33250e-06
 Reference value :  2.33485e-06
 Reference value :  2.33798e-06
 Reference value :  2.34093e-06
 Reference value :  2.34365e-06
 Reference value :  2.34648e-06
 Reference value :  2.34883e-06
 Reference value :  2.35011e-06
 Reference value :  2.35259e-06
 Reference value :  2.35516e-06
 Reference value :  2.35759e-06
 Reference value :  2.35948e-06
 Reference value :  2.36279e-06
 Reference value :  2.36459e-06
 Reference value :  2.36698e-06
 Reference value :  2.36966e-06
 Reference value :  2.37092e-06
 Reference value :  2.37314e-06
 Reference value :  2.37597e-06
 Reference value :  2.37862e-06
 Reference value :  2.38130e-06
 Reference value :  2.38404e-06
 Reference value :  2.38688e-06
 Reference value :  2.38957e-06
 Reference value :  2.39236e-06
 Reference value :  2.39386e-06
 Reference value :  2.39608e-06
 Reference value :  2.39854e-06
 Reference value :  2.40104e-06
 Reference value :  2.40384e-06
 Reference value :  2.40625e-06
 Reference value :  2.40926e-06
 Reference value :  2.41023e-06
 Reference value :  2.41199e-06
 Reference value :  2.41414e-06
 Reference value :  2.41549e-06
 Reference value :  2.41652e-06
 Reference value :  2.41802e-06
 Reference value :  2.42077e-06
 Reference value :  2.42149e-06
 Reference value :  2.42369e-06
 Reference value :  2.42632e-06
 Reference value :  2.42901e-06
 Reference value :  2.43192e-06
 Reference value :  2.43459e-06
 Reference value :  2.43753e-06
 Reference value :  2.43907e-06
 Reference value :  2.44077e-06
 Reference value :  2.44361e-06
 Reference value :  2.44603e-06
 Reference value :  2.44884e-06
 Reference value :  2.45104e-06
 Reference value :  2.45457e-06
 Reference value :  2.45610e-06
 Reference value :  2.45830e-06
 Reference value :  2.46087e-06
 Reference value :  2.46365e-06
 Reference value :  2.46663e-06
 Reference value :  2.46825e-06
 Reference value :  2.47093e-06
 Reference value :  2.47268e-06
 Reference value :  2.47526e-06
 Reference value :  2.47817e-06
 Reference value :  2.47988e-06
 Reference value :  2.48200e-06
 Reference value :  2.48452e-06
 Reference value :  2.48725e-06
 Reference value :  2.49012e-06
 Reference value :  2.49268e-06
 Reference value :  2.49515e-06
 Reference value :  2.49693e-06
 Reference value :  2.49939e-06
 Reference value :  2.50118e-06
 Reference value :  2.50288e-06
 Reference value :  2.50572e-06
 Reference value :  2.50862e-06
 Reference value :  2.51141e-06
 Reference value :  2.51399e-06
 Reference value :  2.51494e-06
 Reference value :  2.51766e-06
 Reference value :  2.52050e-06
 Reference value :  2.52346e-06
 Reference value :  2.52670e-06
 Reference value :  2.52893e-06
 Reference value :  2.53082e-06
 Reference value :  2.53330e-06
 Reference value :  2.53597e-06
 Reference value :  2.53907e-06
 Reference value :  2.54176e-06
 Reference value :  2.54460e-06
 Reference value :  2.54713e-06
 Reference value :  2.54906e-06
 Reference value :  2.55085e-06
 Reference value :  2.55377e-06
 Reference value :  2.55650e-06
 Reference value :  2.55822e-06
 Reference value :  2.56001e-06
 Reference value :  2.56236e-06
 Reference value :  2.56322e-06
 Reference value :  2.56446e-06
 Reference value :  2.56567e-06
 Reference value :  2.56826e-06
 Reference value :  2.57069e-06
 Reference value :  2.57353e-06
 Reference value :  2.57545e-06
 Reference value :  2.57814e-06
 Reference value :  2.57959e-06
 Reference value :  2.58252e-06
 Reference value :  2.58521e-06
 Reference value :  2.58732e-06
 Reference value :  2.58989e-06
 Reference value :  2.59142e-06
 Reference value :  2.59399e-06
 Reference value :  2.59685e-06
 Reference value :  2.59953e-06
 Reference value :  2.60102e-06
 Reference value :  2.60307e-06
 Reference value :  2.60576e-06
 Reference value :  2.60859e-06
 Reference value :  2.61124e-06
 Reference value :  2.61442e-06
 Reference value :  2.61529e-06
 Reference value :  2.61778e-06
 Reference value :  2.62055e-06
 Reference value :  2.62342e-06
 Reference value :  2.62623e-06
 Reference value :  2.62820e-06
 Reference value :  2.63176e-06
 Reference value :  2.63293e-06
 Reference value :  2.63524e-06
 Reference value :  2.63778e-06
 Reference value :  2.64006e-06
 Reference value :  2.64296e-06
 Reference value :  2.64454e-06
 Reference value :  2.64674e-06
 Reference value :  2.64919e-06
 Reference value :  2.65086e-06
 Reference value :  2.65386e-06
 Reference value :  2.65539e-06
 Reference value :  2.65774e-06
 Reference value :  2.66033e-06
 Reference value :  2.66175e-06
 Reference value :  2.66360e-06
 Reference value :  2.66642e-06
 Reference value :  2.66905e-06
 Reference value :  2.67165e-06
 Reference value :  2.67367e-06
 Reference value :  2.67537e-06
 Reference value :  2.67799e-06
 Reference value :  2.68038e-06
 Reference value :  2.68304e-06
 Reference value :  2.68564e-06
 Reference value :  2.68823e-06
 Reference value :  2.68977e-06
 Reference value :  2.69258e-06
 Reference value :  2.69411e-06
 Reference value :  2.69682e-06
 Reference value :  2.69943e-06
 Reference value :  2.70074e-06
 Reference value :  2.70210e-06
 Reference value :  2.70476e-06
 Reference value :  2.70572e-06
 Reference value :  2.70781e-06
 Reference value :  2.71054e-06
 Reference value :  2.71167e-06
 Reference value :  2.71420e-06
 Reference value :  2.71817e-06
 Reference value :  2.72035e-06
 Reference value :  2.72174e-06
 Reference value :  2.72438e-06
 Reference value :  2.72680e-06
 Reference value :  2.72917e-06
 Reference value :  2.73167e-06
 Reference value :  2.73246e-06
 Reference value :  2.73500e-06
 Reference value :  2.73758e-06
 Reference value :  2.73990e-06
 Reference value :  2.74246e-06
 Reference value :  2.74471e-06
 Reference value :  2.74771e-06
 Reference value :  2.74902e-06
 Reference value :  2.75054e-06
 Reference value :  2.75339e-06
 Reference value :  2.75576e-06
 Reference value :  2.75841e-06
 Reference value :  2.76107e-06
 Reference value :  2.76362e-06
 Reference value :  2.76564e-06
 Reference value :  2.76752e-06
 Reference value :  2.76982e-06
 Reference value :  2.77199e-06
 Reference value :  2.77433e-06
 Reference value :  2.77668e-06
 Reference value :  2.77932e-06
 Reference value :  2.78099e-06
 Reference value :  2.78352e-06
 Reference value :  2.78494e-06
 Reference value :  2.78733e-06
 Reference value :  2.78985e-06
 Reference value :  2.79167e-06
 Reference value :  2.79449e-06
 Reference value :  2.79543e-06
 Reference value :  2.79629e-06
 Reference value :  2.79805e-06
 Reference value :  2.80064e-06
 Reference value :  2.80284e-06
 Reference value :  2.80540e-06
 Reference value :  2.80764e-06
 Reference value :  2.81047e-06
 Reference value :  2.81233e-06
 Reference value :  2.81448e-06
 Reference value :  2.81617e-06
 Reference value :  2.81864e-06
 Reference value :  2.82098e-06
 Reference value :  2.82354e-06
 Reference value :  2.82599e-06
 Reference value :  2.82824e-06
 Reference value :  2.83108e-06
 Reference value :  2.83216e-06
 Reference value :  2.83388e-06
 Reference value :  2.83627e-06
 Reference value :  2.83719e-06
 Reference value :  2.83869e-06
 Reference value :  2.84110e-06
 Reference value :  2.84189e-06
 Reference value :  2.84307e-06
 Reference value :  2.84587e-06
 Reference value :  2.84767e-06
 Reference value :  2.85000e-06
 Reference value :  2.85198e-06
 Reference value :  2.85452e-06
 Reference value :  2.85698e-06
 Reference value :  2.85864e-06
 Reference value :  2.86014e-06
 Reference value :  2.86259e-06
 Reference value :  2.86479e-06
 Reference value :  2.86753e-06
 Reference value :  2.86969e-06
 Reference value :  2.87220e-06
 Reference value :  2.87344e-06
 Reference value :  2.87595e-06
 Reference value :  2.87868e-06
 Reference value :  2.88085e-06
 Reference value :  2.88368e-06
 Reference value :  2.88605e-06
 Reference value :  2.88885e-06
 Reference value :  2.89064e-06
 Reference value :  2.89235e-06
 Reference value :  2.89473e-06
 Reference value :  2.89741e-06
 Reference value :  2.90054e-06
 Reference value :  2.90069e-06
 Reference value :  2.90294e-06
 Reference value :  2.90568e-06
 Reference value :  2.90682e-06
 Reference value :  2.90901e-06
 Reference value :  2.91136e-06
 Reference value :  2.91402e-06
 Reference value :  2.91668e-06
 Reference value :  2.91786e-06
 Reference value :  2.92104e-06
 Reference value :  2.92285e-06
 Reference value :  2.92541e-06
 Reference value :  2.92793e-06
 Reference value :  2.92921e-06
 Reference value :  2.93101e-06
 Reference value :  2.93389e-06
 Reference value :  2.93630e-06
 Reference value :  2.93900e-06
 Reference value :  2.94155e-06
 Reference value :  2.94424e-06
 Reference value :  2.94568e-06
 Reference value :  2.94754e-06
 Reference value :  2.94998e-06
 Reference value :  2.95153e-06
 Reference value :  2.95472e-06
 Reference value :  2.95660e-06
 Reference value :  2.95904e-06
 Reference value :  2.96104e-06
 Reference value :  2.96434e-06
 Reference value :  2.96648e-06
 Reference value :  2.96842e-06
 Reference value :  2.97077e-06
 Reference value :  2.97167e-06
 Reference value :  2.97398e-06
 Reference value :  2.97655e-06
 Reference value :  2.97722e-06
 Reference value :  2.97970e-06
 Reference value :  2.98224e-06
 Reference value :  2.98471e-06
 Reference value :  2.98723e-06
 Reference value :  2.98977e-06
 Reference value :  2.99237e-06
 Reference value :  2.99476e-06
 Reference value :  2.99736e-06
 Reference value :  2.99808e-06
No. of Data Rows : 17587
sim/harness: analysis complete
Note: Simulation executed from .control section 
Warning: singular matrix:  check node xxxtop.xxdiv.xcnt5.a_761_289#

Note: Starting dynamic gmin stepping
Note: Dynamic gmin stepping completed
