
Note: Compatibility modes selected: hs a


Circuit: ** sch_path: /users/rwalters/github/sky130-pll/.loom/worktrees/issue-81/sim/pll-lock/testbench/tb_pll_lock.sch

option SCALE: Scale is set to 1e-06 for instance and model parameters
option SCALE: Scale is set to 1e-06 for instance and model parameters
option SCALE: Scale is set to 1e-06 for instance and model parameters
option SCALE: Scale is set to 1e-06 for instance and model parameters
Doing analysis at TEMP = 125.000000 and TNOM = 27.000000

Using KLU as Direct Linear Solver
 Reference value :  0.00000e+00
 Reference value :  2.14030e-09
 Reference value :  6.70000e-09
 Reference value :  1.47000e-08
 Reference value :  2.47000e-08
 Reference value :  3.53000e-08
 Reference value :  4.55000e-08
 Reference value :  5.20589e-08
 Reference value :  6.12589e-08
 Reference value :  7.18589e-08
 Reference value :  8.30589e-08
 Reference value :  9.34589e-08
 Reference value :  1.00975e-07
 Reference value :  1.07146e-07
 Reference value :  1.17346e-07
 Reference value :  1.27546e-07
 Reference value :  1.37746e-07
 Reference value :  1.47746e-07
 Reference value :  1.53659e-07
 Reference value :  1.63059e-07
 Reference value :  1.73259e-07
 Reference value :  1.84259e-07
 Reference value :  1.94859e-07
 Reference value :  2.01090e-07
 Reference value :  2.08591e-07
 Reference value :  2.18791e-07
 Reference value :  2.29591e-07
 Reference value :  2.39791e-07
 Reference value :  2.49140e-07
 Reference value :  2.55659e-07
 Reference value :  2.65859e-07
 Reference value :  2.76059e-07
 Reference value :  2.86259e-07
 Reference value :  2.96859e-07
 Reference value :  3.02391e-07
 Reference value :  3.10791e-07
 Reference value :  3.20791e-07
 Reference value :  3.30991e-07
 Reference value :  3.41391e-07
 Reference value :  3.49850e-07
 Reference value :  3.56859e-07
 Reference value :  3.67259e-07
 Reference value :  3.77259e-07
 Reference value :  3.88059e-07
 Reference value :  3.98459e-07
 Reference value :  4.03391e-07
 Reference value :  4.11991e-07
 Reference value :  4.22191e-07
 Reference value :  4.32591e-07
 Reference value :  4.42791e-07
 Reference value :  4.50058e-07
 Reference value :  4.58059e-07
 Reference value :  4.68659e-07
 Reference value :  4.78859e-07
 Reference value :  4.88859e-07
 Reference value :  4.99059e-07
 Reference value :  5.03791e-07
 Reference value :  5.12591e-07
 Reference value :  5.23191e-07
 Reference value :  5.33391e-07
 Reference value :  5.43791e-07
 Reference value :  5.50859e-07
 Reference value :  5.60059e-07
 Reference value :  5.70259e-07
 Reference value :  5.80459e-07
 Reference value :  5.90659e-07
 Reference value :  6.00060e-07
 Reference value :  6.05791e-07
 Reference value :  6.15591e-07
 Reference value :  6.25991e-07
 Reference value :  6.36191e-07
 Reference value :  6.46191e-07
 Reference value :  6.52459e-07
 Reference value :  6.61459e-07
 Reference value :  6.71459e-07
 Reference value :  6.81859e-07
 Reference value :  6.92059e-07
 Reference value :  7.00700e-07
 Reference value :  7.06391e-07
 Reference value :  7.15991e-07
 Reference value :  7.26191e-07
 Reference value :  7.36391e-07
 Reference value :  7.46391e-07
 Reference value :  7.52859e-07
 Reference value :  7.62659e-07
 Reference value :  7.73059e-07
 Reference value :  7.83059e-07
 Reference value :  7.93459e-07
 Reference value :  8.01000e-07
 Reference value :  8.07791e-07
 Reference value :  8.19991e-07
 Reference value :  8.36391e-07
 Reference value :  8.50280e-07
 Reference value :  8.64259e-07
 Reference value :  8.80059e-07
 Reference value :  8.92459e-07
 Reference value :  9.00850e-07
 Reference value :  9.06991e-07
 Reference value :  9.16791e-07
 Reference value :  9.26791e-07
 Reference value :  9.37391e-07
 Reference value :  9.47591e-07
 Reference value :  9.53459e-07
 Reference value :  9.62859e-07
 Reference value :  9.73259e-07
 Reference value :  9.83459e-07
 Reference value :  9.94259e-07
 Reference value :  1.00101e-06
 Reference value :  1.00819e-06
 Reference value :  1.01839e-06
 Reference value :  1.02859e-06
 Reference value :  1.03859e-06
 Reference value :  1.04879e-06
 Reference value :  1.05426e-06
 Reference value :  1.06406e-06
 Reference value :  1.07426e-06
 Reference value :  1.08446e-06
 Reference value :  1.09466e-06
 Reference value :  1.10104e-06
 Reference value :  1.10859e-06
 Reference value :  1.11879e-06
 Reference value :  1.12899e-06
 Reference value :  1.13899e-06
 Reference value :  1.14902e-06
 Reference value :  1.15486e-06
 Reference value :  1.16486e-06
 Reference value :  1.17506e-06
 Reference value :  1.18506e-06
 Reference value :  1.19566e-06
 Reference value :  1.20159e-06
 Reference value :  1.20959e-06
 Reference value :  1.21979e-06
 Reference value :  1.23019e-06
 Reference value :  1.24059e-06
 Reference value :  1.24950e-06
 Reference value :  1.25586e-06
 Reference value :  1.26586e-06
 Reference value :  1.27606e-06
 Reference value :  1.28666e-06
 Reference value :  1.29686e-06
 Reference value :  1.30259e-06
 Reference value :  1.31079e-06
 Reference value :  1.32079e-06
 Reference value :  1.33099e-06
 Reference value :  1.34119e-06
 Reference value :  1.34985e-06
 Reference value :  1.35666e-06
 Reference value :  1.36666e-06
 Reference value :  1.37686e-06
 Reference value :  1.38686e-06
 Reference value :  1.39686e-06
 Reference value :  1.40239e-06
 Reference value :  1.41059e-06
 Reference value :  1.42079e-06
 Reference value :  1.43139e-06
 Reference value :  1.44199e-06
 Reference value :  1.45000e-06
 Reference value :  1.45706e-06
 Reference value :  1.46746e-06
 Reference value :  1.47806e-06
 Reference value :  1.48826e-06
 Reference value :  1.49846e-06
 Reference value :  1.50339e-06
 Reference value :  1.51219e-06
 Reference value :  1.52219e-06
 Reference value :  1.53239e-06
 Reference value :  1.54239e-06
 Reference value :  1.55002e-06
 Reference value :  1.55766e-06
 Reference value :  1.56786e-06
 Reference value :  1.57786e-06
 Reference value :  1.58806e-06
 Reference value :  1.59846e-06
 Reference value :  1.60379e-06
 Reference value :  1.61279e-06
 Reference value :  1.62279e-06
 Reference value :  1.63319e-06
 Reference value :  1.64339e-06
 Reference value :  1.65066e-06
 Reference value :  1.65906e-06
 Reference value :  1.66926e-06
 Reference value :  1.67946e-06
 Reference value :  1.69026e-06
 Reference value :  1.70006e-06
 Reference value :  1.70519e-06
 Reference value :  1.71439e-06
 Reference value :  1.72479e-06
 Reference value :  1.73479e-06
 Reference value :  1.74499e-06
 Reference value :  1.75166e-06
 Reference value :  1.76006e-06
 Reference value :  1.77006e-06
 Reference value :  1.78006e-06
 Reference value :  1.79006e-06
 Reference value :  1.80002e-06
 Reference value :  1.80479e-06
 Reference value :  1.81419e-06
 Reference value :  1.82459e-06
 Reference value :  1.83459e-06
 Reference value :  1.84479e-06
 Reference value :  1.85146e-06
 Reference value :  1.86006e-06
 Reference value :  1.87006e-06
 Reference value :  1.88026e-06
 Reference value :  1.89066e-06
 Reference value :  1.90006e-06
 Reference value :  1.90499e-06
 Reference value :  1.91419e-06
 Reference value :  1.92419e-06
 Reference value :  1.93439e-06
 Reference value :  1.94459e-06
 Reference value :  1.95146e-06
 Reference value :  1.95986e-06
 Reference value :  1.97046e-06
 Reference value :  1.98066e-06
 Reference value :  1.99106e-06
 Reference value :  2.00030e-06
 Reference value :  2.00519e-06
 Reference value :  2.01459e-06
 Reference value :  2.02459e-06
 Reference value :  2.03499e-06
 Reference value :  2.04519e-06
 Reference value :  2.05166e-06
 Reference value :  2.06026e-06
 Reference value :  2.07026e-06
 Reference value :  2.08046e-06
 Reference value :  2.09086e-06
 Reference value :  2.10014e-06
 Reference value :  2.10519e-06
 Reference value :  2.11459e-06
 Reference value :  2.12499e-06
 Reference value :  2.13539e-06
 Reference value :  2.14599e-06
 Reference value :  2.15206e-06
 Reference value :  2.16066e-06
 Reference value :  2.17086e-06
 Reference value :  2.18086e-06
 Reference value :  2.19246e-06
 Reference value :  2.20098e-06
 Reference value :  2.20739e-06
 Reference value :  2.21719e-06
 Reference value :  2.22739e-06
 Reference value :  2.23759e-06
 Reference value :  2.24819e-06
 Reference value :  2.25366e-06
 Reference value :  2.26346e-06
 Reference value :  2.27386e-06
 Reference value :  2.28386e-06
 Reference value :  2.29446e-06
 Reference value :  2.30101e-06
 Reference value :  2.30819e-06
 Reference value :  2.31879e-06
 Reference value :  2.32919e-06
 Reference value :  2.33939e-06
 Reference value :  2.34930e-06
 Reference value :  2.35566e-06
 Reference value :  2.36546e-06
 Reference value :  2.37566e-06
 Reference value :  2.38566e-06
 Reference value :  2.39606e-06
 Reference value :  2.40199e-06
 Reference value :  2.41079e-06
 Reference value :  2.42159e-06
 Reference value :  2.43159e-06
 Reference value :  2.44179e-06
 Reference value :  2.45000e-06
 Reference value :  2.45766e-06
 Reference value :  2.46766e-06
 Reference value :  2.47766e-06
 Reference value :  2.48806e-06
 Reference value :  2.49866e-06
 Reference value :  2.50379e-06
 Reference value :  2.51259e-06
 Reference value :  2.52259e-06
 Reference value :  2.53279e-06
 Reference value :  2.54319e-06
 Reference value :  2.55046e-06
 Reference value :  2.55886e-06
 Reference value :  2.56866e-06
 Reference value :  2.57866e-06
 Reference value :  2.58866e-06
 Reference value :  2.59906e-06
 Reference value :  2.60379e-06
 Reference value :  2.61339e-06
 Reference value :  2.62379e-06
 Reference value :  2.63399e-06
 Reference value :  2.64399e-06
 Reference value :  2.65086e-06
 Reference value :  2.65886e-06
 Reference value :  2.66946e-06
 Reference value :  2.68026e-06
 Reference value :  2.69126e-06
 Reference value :  2.70070e-06
 Reference value :  2.70639e-06
 Reference value :  2.71619e-06
 Reference value :  2.72619e-06
 Reference value :  2.73639e-06
 Reference value :  2.74639e-06
 Reference value :  2.75246e-06
 Reference value :  2.76126e-06
 Reference value :  2.77146e-06
 Reference value :  2.78146e-06
 Reference value :  2.79166e-06
 Reference value :  2.80070e-06
 Reference value :  2.80679e-06
 Reference value :  2.81659e-06
 Reference value :  2.82699e-06
 Reference value :  2.83699e-06
 Reference value :  2.84739e-06
 Reference value :  2.85326e-06
 Reference value :  2.86266e-06
 Reference value :  2.87266e-06
 Reference value :  2.88266e-06
 Reference value :  2.89286e-06
 Reference value :  2.90098e-06
 Reference value :  2.90839e-06
 Reference value :  2.91859e-06
 Reference value :  2.92859e-06
 Reference value :  2.93879e-06
 Reference value :  2.94879e-06
 Reference value :  2.95526e-06
 Reference value :  2.96526e-06
 Reference value :  2.97546e-06
 Reference value :  2.98546e-06
 Reference value :  2.99586e-06
No. of Data Rows : 15438
sim/harness: analysis complete
Note: Simulation executed from .control section 
Note: Starting dynamic gmin stepping
Warning: Dynamic gmin stepping failed
Note: Starting true gmin stepping
Note: True gmin stepping completed
