
Note: Compatibility modes selected: hs a


Circuit: ** sch_path: /users/rwalters/github/sky130-pll/.loom/worktrees/issue-81/sim/pll-lock/testbench/tb_pll_lock.sch

option SCALE: Scale is set to 1e-06 for instance and model parameters
option SCALE: Scale is set to 1e-06 for instance and model parameters
option SCALE: Scale is set to 1e-06 for instance and model parameters
option SCALE: Scale is set to 1e-06 for instance and model parameters
Doing analysis at TEMP = 125.000000 and TNOM = 27.000000

Using KLU as Direct Linear Solver
 Reference value :  0.00000e+00
 Reference value :  2.52139e-09
 Reference value :  7.70000e-09
 Reference value :  1.87000e-08
 Reference value :  2.89000e-08
 Reference value :  4.03000e-08
 Reference value :  4.97000e-08
 Reference value :  5.50092e-08
 Reference value :  6.24092e-08
 Reference value :  6.96092e-08
 Reference value :  7.68092e-08
 Reference value :  8.42092e-08
 Reference value :  9.16092e-08
 Reference value :  9.88092e-08
 Reference value :  1.02854e-07
 Reference value :  1.12854e-07
 Reference value :  1.23254e-07
 Reference value :  1.33654e-07
 Reference value :  1.44254e-07
 Reference value :  1.50609e-07
 Reference value :  1.57809e-07
 Reference value :  1.65209e-07
 Reference value :  1.72409e-07
 Reference value :  1.79609e-07
 Reference value :  1.87009e-07
 Reference value :  1.94209e-07
 Reference value :  2.00700e-07
 Reference value :  2.08007e-07
 Reference value :  2.18607e-07
 Reference value :  2.28807e-07
 Reference value :  2.39207e-07
 Reference value :  2.49060e-07
 Reference value :  2.54009e-07
 Reference value :  2.61409e-07
 Reference value :  2.68809e-07
 Reference value :  2.76009e-07
 Reference value :  2.83009e-07
 Reference value :  2.90209e-07
 Reference value :  2.97809e-07
 Reference value :  3.03007e-07
 Reference value :  3.12407e-07
 Reference value :  3.24207e-07
 Reference value :  3.34807e-07
 Reference value :  3.45407e-07
 Reference value :  3.51409e-07
 Reference value :  3.58609e-07
 Reference value :  3.66009e-07
 Reference value :  3.73209e-07
 Reference value :  3.80409e-07
 Reference value :  3.87809e-07
 Reference value :  3.95009e-07
 Reference value :  4.01000e-07
 Reference value :  4.08607e-07
 Reference value :  4.19007e-07
 Reference value :  4.30007e-07
 Reference value :  4.41407e-07
 Reference value :  4.50060e-07
 Reference value :  4.56609e-07
 Reference value :  4.64409e-07
 Reference value :  4.71809e-07
 Reference value :  4.79009e-07
 Reference value :  4.86609e-07
 Reference value :  4.94009e-07
 Reference value :  5.00700e-07
 Reference value :  5.07607e-07
 Reference value :  5.18007e-07
 Reference value :  5.29407e-07
 Reference value :  5.39607e-07
 Reference value :  5.49500e-07
 Reference value :  5.55009e-07
 Reference value :  5.62409e-07
 Reference value :  5.69609e-07
 Reference value :  5.77009e-07
 Reference value :  5.84209e-07
 Reference value :  5.91409e-07
 Reference value :  5.98609e-07
 Reference value :  6.03807e-07
 Reference value :  6.13407e-07
 Reference value :  6.23607e-07
 Reference value :  6.34407e-07
 Reference value :  6.45407e-07
 Reference value :  6.51609e-07
 Reference value :  6.58809e-07
 Reference value :  6.66209e-07
 Reference value :  6.73609e-07
 Reference value :  6.81009e-07
 Reference value :  6.88209e-07
 Reference value :  6.96209e-07
 Reference value :  7.01407e-07
 Reference value :  7.10207e-07
 Reference value :  7.20607e-07
 Reference value :  7.32607e-07
 Reference value :  7.43807e-07
 Reference value :  7.50435e-07
 Reference value :  7.58009e-07
 Reference value :  7.66009e-07
 Reference value :  7.73009e-07
 Reference value :  7.80409e-07
 Reference value :  7.87609e-07
 Reference value :  7.95009e-07
 Reference value :  8.01000e-07
 Reference value :  8.08207e-07
 Reference value :  8.18607e-07
 Reference value :  8.29007e-07
 Reference value :  8.39207e-07
 Reference value :  8.49060e-07
 Reference value :  8.54409e-07
 Reference value :  8.61609e-07
 Reference value :  8.68809e-07
 Reference value :  8.76009e-07
 Reference value :  8.83209e-07
 Reference value :  8.90409e-07
 Reference value :  8.97609e-07
 Reference value :  9.03007e-07
 Reference value :  9.12407e-07
 Reference value :  9.22807e-07
 Reference value :  9.34007e-07
 Reference value :  9.44607e-07
 Reference value :  9.50809e-07
 Reference value :  9.58409e-07
 Reference value :  9.66009e-07
 Reference value :  9.73409e-07
 Reference value :  9.80809e-07
 Reference value :  9.88009e-07
 Reference value :  9.95409e-07
 Reference value :  1.00102e-06
 Reference value :  1.00941e-06
 Reference value :  1.01961e-06
 Reference value :  1.03081e-06
 Reference value :  1.04101e-06
 Reference value :  1.05000e-06
 Reference value :  1.05561e-06
 Reference value :  1.06301e-06
 Reference value :  1.07041e-06
 Reference value :  1.07781e-06
 Reference value :  1.08581e-06
 Reference value :  1.09301e-06
 Reference value :  1.10002e-06
 Reference value :  1.10561e-06
 Reference value :  1.11581e-06
 Reference value :  1.12681e-06
 Reference value :  1.13741e-06
 Reference value :  1.14781e-06
 Reference value :  1.15341e-06
 Reference value :  1.16041e-06
 Reference value :  1.16781e-06
 Reference value :  1.17501e-06
 Reference value :  1.18201e-06
 Reference value :  1.18941e-06
 Reference value :  1.19681e-06
 Reference value :  1.20201e-06
 Reference value :  1.21141e-06
 Reference value :  1.22161e-06
 Reference value :  1.23201e-06
 Reference value :  1.24241e-06
 Reference value :  1.25013e-06
 Reference value :  1.25661e-06
 Reference value :  1.26381e-06
 Reference value :  1.27161e-06
 Reference value :  1.28041e-06
 Reference value :  1.28761e-06
 Reference value :  1.29481e-06
 Reference value :  1.30100e-06
 Reference value :  1.30841e-06
 Reference value :  1.31881e-06
 Reference value :  1.32961e-06
 Reference value :  1.34021e-06
 Reference value :  1.34985e-06
 Reference value :  1.35541e-06
 Reference value :  1.36301e-06
 Reference value :  1.37161e-06
 Reference value :  1.37881e-06
 Reference value :  1.38641e-06
 Reference value :  1.39361e-06
 Reference value :  1.40030e-06
 Reference value :  1.40621e-06
 Reference value :  1.41681e-06
 Reference value :  1.42701e-06
 Reference value :  1.43741e-06
 Reference value :  1.44761e-06
 Reference value :  1.45281e-06
 Reference value :  1.46001e-06
 Reference value :  1.46741e-06
 Reference value :  1.47461e-06
 Reference value :  1.48181e-06
 Reference value :  1.48921e-06
 Reference value :  1.49641e-06
 Reference value :  1.50141e-06
 Reference value :  1.50981e-06
 Reference value :  1.52001e-06
 Reference value :  1.53061e-06
 Reference value :  1.54081e-06
 Reference value :  1.55000e-06
 Reference value :  1.55581e-06
 Reference value :  1.56361e-06
 Reference value :  1.57101e-06
 Reference value :  1.57861e-06
 Reference value :  1.58561e-06
 Reference value :  1.59301e-06
 Reference value :  1.60002e-06
 Reference value :  1.60541e-06
 Reference value :  1.61581e-06
 Reference value :  1.62621e-06
 Reference value :  1.63781e-06
 Reference value :  1.64801e-06
 Reference value :  1.65301e-06
 Reference value :  1.66021e-06
 Reference value :  1.66761e-06
 Reference value :  1.67481e-06
 Reference value :  1.68201e-06
 Reference value :  1.68921e-06
 Reference value :  1.69641e-06
 Reference value :  1.70161e-06
 Reference value :  1.71041e-06
 Reference value :  1.72081e-06
 Reference value :  1.73181e-06
 Reference value :  1.74241e-06
 Reference value :  1.75013e-06
 Reference value :  1.75681e-06
 Reference value :  1.76421e-06
 Reference value :  1.77141e-06
 Reference value :  1.77861e-06
 Reference value :  1.78581e-06
 Reference value :  1.79301e-06
 Reference value :  1.80002e-06
 Reference value :  1.80541e-06
 Reference value :  1.81561e-06
 Reference value :  1.82601e-06
 Reference value :  1.83661e-06
 Reference value :  1.84701e-06
 Reference value :  1.85261e-06
 Reference value :  1.86021e-06
 Reference value :  1.86741e-06
 Reference value :  1.87481e-06
 Reference value :  1.88201e-06
 Reference value :  1.88921e-06
 Reference value :  1.89661e-06
 Reference value :  1.90181e-06
 Reference value :  1.91181e-06
 Reference value :  1.92221e-06
 Reference value :  1.93261e-06
 Reference value :  1.94461e-06
 Reference value :  1.95081e-06
 Reference value :  1.95861e-06
 Reference value :  1.96661e-06
 Reference value :  1.97481e-06
 Reference value :  1.98261e-06
 Reference value :  1.99021e-06
 Reference value :  1.99761e-06
 Reference value :  2.00281e-06
 Reference value :  2.01201e-06
 Reference value :  2.02301e-06
 Reference value :  2.03321e-06
 Reference value :  2.04521e-06
 Reference value :  2.05201e-06
 Reference value :  2.05941e-06
 Reference value :  2.06761e-06
 Reference value :  2.07561e-06
 Reference value :  2.08301e-06
 Reference value :  2.09101e-06
 Reference value :  2.09841e-06
 Reference value :  2.10381e-06
 Reference value :  2.11461e-06
 Reference value :  2.12541e-06
 Reference value :  2.13621e-06
 Reference value :  2.14741e-06
 Reference value :  2.15301e-06
 Reference value :  2.16061e-06
 Reference value :  2.16921e-06
 Reference value :  2.17641e-06
 Reference value :  2.18361e-06
 Reference value :  2.19101e-06
 Reference value :  2.19801e-06
 Reference value :  2.20381e-06
 Reference value :  2.21381e-06
 Reference value :  2.22441e-06
 Reference value :  2.23481e-06
 Reference value :  2.24521e-06
 Reference value :  2.25141e-06
 Reference value :  2.25901e-06
 Reference value :  2.26721e-06
 Reference value :  2.27461e-06
 Reference value :  2.28181e-06
 Reference value :  2.28941e-06
 Reference value :  2.29681e-06
 Reference value :  2.30261e-06
 Reference value :  2.31201e-06
 Reference value :  2.32581e-06
 Reference value :  2.33701e-06
 Reference value :  2.34861e-06
 Reference value :  2.35401e-06
 Reference value :  2.36121e-06
 Reference value :  2.36841e-06
 Reference value :  2.37561e-06
 Reference value :  2.38261e-06
 Reference value :  2.39001e-06
 Reference value :  2.39741e-06
 Reference value :  2.40261e-06
 Reference value :  2.41201e-06
 Reference value :  2.42261e-06
 Reference value :  2.43321e-06
 Reference value :  2.44341e-06
 Reference value :  2.45020e-06
 Reference value :  2.45721e-06
 Reference value :  2.46461e-06
 Reference value :  2.47201e-06
 Reference value :  2.47921e-06
 Reference value :  2.48661e-06
 Reference value :  2.49421e-06
 Reference value :  2.50070e-06
 Reference value :  2.50741e-06
 Reference value :  2.51801e-06
 Reference value :  2.52841e-06
 Reference value :  2.53901e-06
 Reference value :  2.54930e-06
 Reference value :  2.55481e-06
 Reference value :  2.56241e-06
 Reference value :  2.56981e-06
 Reference value :  2.57701e-06
 Reference value :  2.58441e-06
 Reference value :  2.59181e-06
 Reference value :  2.59921e-06
 Reference value :  2.60461e-06
 Reference value :  2.61501e-06
 Reference value :  2.62541e-06
 Reference value :  2.63581e-06
 Reference value :  2.64661e-06
 Reference value :  2.65241e-06
 Reference value :  2.66001e-06
 Reference value :  2.66741e-06
 Reference value :  2.67501e-06
 Reference value :  2.68221e-06
 Reference value :  2.68941e-06
 Reference value :  2.69661e-06
 Reference value :  2.70201e-06
 Reference value :  2.71081e-06
 Reference value :  2.72101e-06
 Reference value :  2.73201e-06
 Reference value :  2.74281e-06
 Reference value :  2.75013e-06
 Reference value :  2.75681e-06
 Reference value :  2.76421e-06
 Reference value :  2.77141e-06
 Reference value :  2.77881e-06
 Reference value :  2.78621e-06
 Reference value :  2.79361e-06
 Reference value :  2.80030e-06
 Reference value :  2.80661e-06
 Reference value :  2.81721e-06
 Reference value :  2.82981e-06
 Reference value :  2.84001e-06
 Reference value :  2.85000e-06
 Reference value :  2.85621e-06
 Reference value :  2.86361e-06
 Reference value :  2.87101e-06
 Reference value :  2.87841e-06
 Reference value :  2.88661e-06
 Reference value :  2.89401e-06
 Reference value :  2.90085e-06
 Reference value :  2.90821e-06
 Reference value :  2.91821e-06
 Reference value :  2.92841e-06
 Reference value :  2.93901e-06
 Reference value :  2.94906e-06
 Reference value :  2.95401e-06
 Reference value :  2.96161e-06
 Reference value :  2.96881e-06
 Reference value :  2.97601e-06
 Reference value :  2.98321e-06
 Reference value :  2.99061e-06
 Reference value :  2.99841e-06
No. of Data Rows : 15407
sim/harness: analysis complete
Note: Simulation executed from .control section 
Note: Starting dynamic gmin stepping
Note: Dynamic gmin stepping completed
