
Note: Compatibility modes selected: hs a


Circuit: ** sch_path: /users/rwalters/github/sky130-pll/.loom/worktrees/issue-81/sim/pll-lock/testbench/tb_pll_lock.sch

option SCALE: Scale is set to 1e-06 for instance and model parameters
option SCALE: Scale is set to 1e-06 for instance and model parameters
option SCALE: Scale is set to 1e-06 for instance and model parameters
option SCALE: Scale is set to 1e-06 for instance and model parameters
Doing analysis at TEMP = 125.000000 and TNOM = 27.000000

Using KLU as Direct Linear Solver
 Reference value :  0.00000e+00
 Reference value :  2.19866e-09
 Reference value :  4.31991e-09
 Reference value :  1.07000e-08
 Reference value :  2.11000e-08
 Reference value :  3.11000e-08
 Reference value :  4.21000e-08
 Reference value :  5.02533e-08
 Reference value :  5.73793e-08
 Reference value :  6.49793e-08
 Reference value :  7.25793e-08
 Reference value :  8.29793e-08
 Reference value :  9.33793e-08
 Reference value :  1.01000e-07
 Reference value :  1.07139e-07
 Reference value :  1.14539e-07
 Reference value :  1.21939e-07
 Reference value :  1.29339e-07
 Reference value :  1.37939e-07
 Reference value :  1.48539e-07
 Reference value :  1.54179e-07
 Reference value :  1.61379e-07
 Reference value :  1.68579e-07
 Reference value :  1.77979e-07
 Reference value :  1.88379e-07
 Reference value :  1.98979e-07
 Reference value :  2.05623e-07
 Reference value :  2.12823e-07
 Reference value :  2.20223e-07
 Reference value :  2.27423e-07
 Reference value :  2.36223e-07
 Reference value :  2.46623e-07
 Reference value :  2.52579e-07
 Reference value :  2.59579e-07
 Reference value :  2.66579e-07
 Reference value :  2.75179e-07
 Reference value :  2.85179e-07
 Reference value :  2.95579e-07
 Reference value :  3.02223e-07
 Reference value :  3.09223e-07
 Reference value :  3.16023e-07
 Reference value :  3.23023e-07
 Reference value :  3.30023e-07
 Reference value :  3.39823e-07
 Reference value :  3.49300e-07
 Reference value :  3.54979e-07
 Reference value :  3.61979e-07
 Reference value :  3.69179e-07
 Reference value :  3.78379e-07
 Reference value :  3.88579e-07
 Reference value :  3.98779e-07
 Reference value :  4.04223e-07
 Reference value :  4.11423e-07
 Reference value :  4.18423e-07
 Reference value :  4.25223e-07
 Reference value :  4.32823e-07
 Reference value :  4.42823e-07
 Reference value :  4.50140e-07
 Reference value :  4.56979e-07
 Reference value :  4.64179e-07
 Reference value :  4.71179e-07
 Reference value :  4.81379e-07
 Reference value :  4.91979e-07
 Reference value :  5.00850e-07
 Reference value :  5.07023e-07
 Reference value :  5.14023e-07
 Reference value :  5.21223e-07
 Reference value :  5.28223e-07
 Reference value :  5.37823e-07
 Reference value :  5.48623e-07
 Reference value :  5.54179e-07
 Reference value :  5.61379e-07
 Reference value :  5.68579e-07
 Reference value :  5.77779e-07
 Reference value :  5.88179e-07
 Reference value :  5.98779e-07
 Reference value :  6.04623e-07
 Reference value :  6.11823e-07
 Reference value :  6.19023e-07
 Reference value :  6.26223e-07
 Reference value :  6.34623e-07
 Reference value :  6.44823e-07
 Reference value :  6.51979e-07
 Reference value :  6.59379e-07
 Reference value :  6.66579e-07
 Reference value :  6.74779e-07
 Reference value :  6.85179e-07
 Reference value :  6.95379e-07
 Reference value :  7.01823e-07
 Reference value :  7.09023e-07
 Reference value :  7.16023e-07
 Reference value :  7.23223e-07
 Reference value :  7.30223e-07
 Reference value :  7.40223e-07
 Reference value :  7.49500e-07
 Reference value :  7.55179e-07
 Reference value :  7.62379e-07
 Reference value :  7.69579e-07
 Reference value :  7.78979e-07
 Reference value :  7.89179e-07
 Reference value :  7.99379e-07
 Reference value :  8.04823e-07
 Reference value :  8.12023e-07
 Reference value :  8.18823e-07
 Reference value :  8.25823e-07
 Reference value :  8.33623e-07
 Reference value :  8.43823e-07
 Reference value :  8.50579e-07
 Reference value :  8.57779e-07
 Reference value :  8.64779e-07
 Reference value :  8.71979e-07
 Reference value :  8.82779e-07
 Reference value :  8.92979e-07
 Reference value :  9.01000e-07
 Reference value :  9.07423e-07
 Reference value :  9.14423e-07
 Reference value :  9.21423e-07
 Reference value :  9.28423e-07
 Reference value :  9.38423e-07
 Reference value :  9.48811e-07
 Reference value :  9.54179e-07
 Reference value :  9.61179e-07
 Reference value :  9.68379e-07
 Reference value :  9.77379e-07
 Reference value :  9.87579e-07
 Reference value :  9.97979e-07
 Reference value :  1.00362e-06
 Reference value :  1.01062e-06
 Reference value :  1.01762e-06
 Reference value :  1.02482e-06
 Reference value :  1.03242e-06
 Reference value :  1.04242e-06
 Reference value :  1.05006e-06
 Reference value :  1.05678e-06
 Reference value :  1.06398e-06
 Reference value :  1.07138e-06
 Reference value :  1.08158e-06
 Reference value :  1.09158e-06
 Reference value :  1.10070e-06
 Reference value :  1.10662e-06
 Reference value :  1.11362e-06
 Reference value :  1.12062e-06
 Reference value :  1.12762e-06
 Reference value :  1.13662e-06
 Reference value :  1.14662e-06
 Reference value :  1.15258e-06
 Reference value :  1.15958e-06
 Reference value :  1.16698e-06
 Reference value :  1.17518e-06
 Reference value :  1.18598e-06
 Reference value :  1.19638e-06
 Reference value :  1.20262e-06
 Reference value :  1.21042e-06
 Reference value :  1.21742e-06
 Reference value :  1.22422e-06
 Reference value :  1.23162e-06
 Reference value :  1.24222e-06
 Reference value :  1.25006e-06
 Reference value :  1.25678e-06
 Reference value :  1.26378e-06
 Reference value :  1.27098e-06
 Reference value :  1.28118e-06
 Reference value :  1.29338e-06
 Reference value :  1.30102e-06
 Reference value :  1.30762e-06
 Reference value :  1.31462e-06
 Reference value :  1.32162e-06
 Reference value :  1.32902e-06
 Reference value :  1.33862e-06
 Reference value :  1.34900e-06
 Reference value :  1.35458e-06
 Reference value :  1.36178e-06
 Reference value :  1.36918e-06
 Reference value :  1.37858e-06
 Reference value :  1.38898e-06
 Reference value :  1.39918e-06
 Reference value :  1.40442e-06
 Reference value :  1.41162e-06
 Reference value :  1.41902e-06
 Reference value :  1.42642e-06
 Reference value :  1.43462e-06
 Reference value :  1.44482e-06
 Reference value :  1.45138e-06
 Reference value :  1.45838e-06
 Reference value :  1.46558e-06
 Reference value :  1.47338e-06
 Reference value :  1.48358e-06
 Reference value :  1.49378e-06
 Reference value :  1.50114e-06
 Reference value :  1.50822e-06
 Reference value :  1.51522e-06
 Reference value :  1.52222e-06
 Reference value :  1.52902e-06
 Reference value :  1.53842e-06
 Reference value :  1.54881e-06
 Reference value :  1.55398e-06
 Reference value :  1.56098e-06
 Reference value :  1.56798e-06
 Reference value :  1.57658e-06
 Reference value :  1.58698e-06
 Reference value :  1.59718e-06
 Reference value :  1.60322e-06
 Reference value :  1.61042e-06
 Reference value :  1.61762e-06
 Reference value :  1.62462e-06
 Reference value :  1.63202e-06
 Reference value :  1.64222e-06
 Reference value :  1.65014e-06
 Reference value :  1.65818e-06
 Reference value :  1.66578e-06
 Reference value :  1.67378e-06
 Reference value :  1.68578e-06
 Reference value :  1.69618e-06
 Reference value :  1.70222e-06
 Reference value :  1.70982e-06
 Reference value :  1.71722e-06
 Reference value :  1.72442e-06
 Reference value :  1.73222e-06
 Reference value :  1.74302e-06
 Reference value :  1.75078e-06
 Reference value :  1.75838e-06
 Reference value :  1.76558e-06
 Reference value :  1.77358e-06
 Reference value :  1.78398e-06
 Reference value :  1.79418e-06
 Reference value :  1.80114e-06
 Reference value :  1.80802e-06
 Reference value :  1.81502e-06
 Reference value :  1.82202e-06
 Reference value :  1.82962e-06
 Reference value :  1.83982e-06
 Reference value :  1.84985e-06
 Reference value :  1.85618e-06
 Reference value :  1.86358e-06
 Reference value :  1.87138e-06
 Reference value :  1.88258e-06
 Reference value :  1.89338e-06
 Reference value :  1.90114e-06
 Reference value :  1.90862e-06
 Reference value :  1.91642e-06
 Reference value :  1.92422e-06
 Reference value :  1.93222e-06
 Reference value :  1.94322e-06
 Reference value :  1.95038e-06
 Reference value :  1.95738e-06
 Reference value :  1.96458e-06
 Reference value :  1.97178e-06
 Reference value :  1.98218e-06
 Reference value :  1.99238e-06
 Reference value :  2.00085e-06
 Reference value :  2.00702e-06
 Reference value :  2.01402e-06
 Reference value :  2.02102e-06
 Reference value :  2.02802e-06
 Reference value :  2.03702e-06
 Reference value :  2.04742e-06
 Reference value :  2.05298e-06
 Reference value :  2.06018e-06
 Reference value :  2.06718e-06
 Reference value :  2.07558e-06
 Reference value :  2.08618e-06
 Reference value :  2.09638e-06
 Reference value :  2.10262e-06
 Reference value :  2.10982e-06
 Reference value :  2.11682e-06
 Reference value :  2.12382e-06
 Reference value :  2.13142e-06
 Reference value :  2.14222e-06
 Reference value :  2.15006e-06
 Reference value :  2.15678e-06
 Reference value :  2.16438e-06
 Reference value :  2.17198e-06
 Reference value :  2.18218e-06
 Reference value :  2.19298e-06
 Reference value :  2.20102e-06
 Reference value :  2.20782e-06
 Reference value :  2.21502e-06
 Reference value :  2.22202e-06
 Reference value :  2.22922e-06
 Reference value :  2.23862e-06
 Reference value :  2.24900e-06
 Reference value :  2.25418e-06
 Reference value :  2.26138e-06
 Reference value :  2.26878e-06
 Reference value :  2.27778e-06
 Reference value :  2.28778e-06
 Reference value :  2.29798e-06
 Reference value :  2.30362e-06
 Reference value :  2.31062e-06
 Reference value :  2.31762e-06
 Reference value :  2.32462e-06
 Reference value :  2.33222e-06
 Reference value :  2.34222e-06
 Reference value :  2.35006e-06
 Reference value :  2.35758e-06
 Reference value :  2.36458e-06
 Reference value :  2.37218e-06
 Reference value :  2.38238e-06
 Reference value :  2.39238e-06
 Reference value :  2.40085e-06
 Reference value :  2.40702e-06
 Reference value :  2.41402e-06
 Reference value :  2.42102e-06
 Reference value :  2.42802e-06
 Reference value :  2.43682e-06
 Reference value :  2.44702e-06
 Reference value :  2.45278e-06
 Reference value :  2.45998e-06
 Reference value :  2.46698e-06
 Reference value :  2.47538e-06
 Reference value :  2.48558e-06
 Reference value :  2.49578e-06
 Reference value :  2.50242e-06
 Reference value :  2.50962e-06
 Reference value :  2.51682e-06
 Reference value :  2.52402e-06
 Reference value :  2.53142e-06
 Reference value :  2.54162e-06
 Reference value :  2.55000e-06
 Reference value :  2.55618e-06
 Reference value :  2.56318e-06
 Reference value :  2.57098e-06
 Reference value :  2.58098e-06
 Reference value :  2.59098e-06
 Reference value :  2.60030e-06
 Reference value :  2.60582e-06
 Reference value :  2.61282e-06
 Reference value :  2.61982e-06
 Reference value :  2.62682e-06
 Reference value :  2.63522e-06
 Reference value :  2.64562e-06
 Reference value :  2.65178e-06
 Reference value :  2.65878e-06
 Reference value :  2.66598e-06
 Reference value :  2.67358e-06
 Reference value :  2.68378e-06
 Reference value :  2.69418e-06
 Reference value :  2.70114e-06
 Reference value :  2.70822e-06
 Reference value :  2.71522e-06
 Reference value :  2.72222e-06
 Reference value :  2.72922e-06
 Reference value :  2.73862e-06
 Reference value :  2.74881e-06
 Reference value :  2.75398e-06
 Reference value :  2.76098e-06
 Reference value :  2.76818e-06
 Reference value :  2.77698e-06
 Reference value :  2.78718e-06
 Reference value :  2.79738e-06
 Reference value :  2.80382e-06
 Reference value :  2.81082e-06
 Reference value :  2.81802e-06
 Reference value :  2.82502e-06
 Reference value :  2.83242e-06
 Reference value :  2.84242e-06
 Reference value :  2.85006e-06
 Reference value :  2.85678e-06
 Reference value :  2.86478e-06
 Reference value :  2.87658e-06
 Reference value :  2.88758e-06
 Reference value :  2.89778e-06
 Reference value :  2.90342e-06
 Reference value :  2.91062e-06
 Reference value :  2.91762e-06
 Reference value :  2.92462e-06
 Reference value :  2.93202e-06
 Reference value :  2.94222e-06
 Reference value :  2.95002e-06
 Reference value :  2.95658e-06
 Reference value :  2.96358e-06
 Reference value :  2.97058e-06
 Reference value :  2.98038e-06
 Reference value :  2.99058e-06
No. of Data Rows : 15414
sim/harness: analysis complete
Note: Simulation executed from .control section 
Warning: singular matrix:  check node xxxtop.vctrl

Note: Starting dynamic gmin stepping
Note: Dynamic gmin stepping completed
