
Note: Compatibility modes selected: hs a


Circuit: ** sch_path: /users/rwalters/github/sky130-pll/.loom/worktrees/issue-81/sim/pll-lock/testbench/tb_pll_lock.sch

option SCALE: Scale is set to 1e-06 for instance and model parameters
option SCALE: Scale is set to 1e-06 for instance and model parameters
option SCALE: Scale is set to 1e-06 for instance and model parameters
option SCALE: Scale is set to 1e-06 for instance and model parameters
Doing analysis at TEMP = 27.000000 and TNOM = 27.000000

Using KLU as Direct Linear Solver
 Reference value :  0.00000e+00
 Reference value :  3.13054e-09
 Reference value :  4.56508e-09
 Reference value :  5.45420e-09
 Reference value :  6.65762e-09
 Reference value :  7.64159e-09
 Reference value :  8.39811e-09
 Reference value :  9.40811e-09
 Reference value :  1.06850e-08
 Reference value :  1.17327e-08
 Reference value :  1.29525e-08
 Reference value :  1.42206e-08
 Reference value :  1.57546e-08
 Reference value :  1.70046e-08
 Reference value :  1.79950e-08
 Reference value :  1.94918e-08
 Reference value :  2.07762e-08
 Reference value :  2.17109e-08
 Reference value :  2.30885e-08
 Reference value :  2.39391e-08
 Reference value :  2.51221e-08
 Reference value :  2.60081e-08
 Reference value :  2.70344e-08
 Reference value :  2.81353e-08
 Reference value :  2.93888e-08
 Reference value :  3.03813e-08
 Reference value :  3.17363e-08
 Reference value :  3.27146e-08
 Reference value :  3.38715e-08
 Reference value :  3.50185e-08
 Reference value :  3.65973e-08
 Reference value :  3.85211e-08
 Reference value :  3.99217e-08
 Reference value :  4.12421e-08
 Reference value :  4.24536e-08
 Reference value :  4.37006e-08
 Reference value :  4.48629e-08
 Reference value :  4.59031e-08
 Reference value :  4.68166e-08
 Reference value :  4.78948e-08
 Reference value :  4.90476e-08
 Reference value :  5.01600e-08
 Reference value :  5.15062e-08
 Reference value :  5.25247e-08
 Reference value :  5.36746e-08
 Reference value :  5.47766e-08
 Reference value :  5.60649e-08
 Reference value :  5.73248e-08
 Reference value :  5.87411e-08
 Reference value :  6.00360e-08
 Reference value :  6.10122e-08
 Reference value :  6.21227e-08
 Reference value :  6.34259e-08
 Reference value :  6.45651e-08
 Reference value :  6.57751e-08
 Reference value :  6.71047e-08
 Reference value :  6.81408e-08
 Reference value :  6.93927e-08
 Reference value :  7.03585e-08
 Reference value :  7.13976e-08
 Reference value :  7.24485e-08
 Reference value :  7.34721e-08
 Reference value :  7.45038e-08
 Reference value :  7.56280e-08
 Reference value :  7.66805e-08
 Reference value :  7.77505e-08
 Reference value :  7.88444e-08
 Reference value :  7.99376e-08
 Reference value :  8.09018e-08
 Reference value :  8.21083e-08
 Reference value :  8.30630e-08
 Reference value :  8.44223e-08
 Reference value :  8.55077e-08
 Reference value :  8.67330e-08
 Reference value :  8.77441e-08
 Reference value :  8.88075e-08
 Reference value :  8.99069e-08
 Reference value :  9.09986e-08
 Reference value :  9.21308e-08
 Reference value :  9.30894e-08
 Reference value :  9.46062e-08
 Reference value :  9.56473e-08
 Reference value :  9.68277e-08
 Reference value :  9.79339e-08
 Reference value :  9.93741e-08
 Reference value :  1.00416e-07
 Reference value :  1.01353e-07
 Reference value :  1.02528e-07
 Reference value :  1.03799e-07
 Reference value :  1.04981e-07
 Reference value :  1.05980e-07
 Reference value :  1.07385e-07
 Reference value :  1.08431e-07
 Reference value :  1.09546e-07
 Reference value :  1.10501e-07
 Reference value :  1.11697e-07
 Reference value :  1.13027e-07
 Reference value :  1.14304e-07
 Reference value :  1.15385e-07
 Reference value :  1.16651e-07
 Reference value :  1.17773e-07
 Reference value :  1.18779e-07
 Reference value :  1.20112e-07
 Reference value :  1.21289e-07
 Reference value :  1.22356e-07
 Reference value :  1.23412e-07
 Reference value :  1.24793e-07
 Reference value :  1.26128e-07
 Reference value :  1.27299e-07
 Reference value :  1.28623e-07
 Reference value :  1.29678e-07
 Reference value :  1.30658e-07
 Reference value :  1.31836e-07
 Reference value :  1.32960e-07
 Reference value :  1.34004e-07
 Reference value :  1.34960e-07
 Reference value :  1.36071e-07
 Reference value :  1.37174e-07
 Reference value :  1.38249e-07
 Reference value :  1.39545e-07
 Reference value :  1.41043e-07
 Reference value :  1.42093e-07
 Reference value :  1.43410e-07
 Reference value :  1.44482e-07
 Reference value :  1.45472e-07
 Reference value :  1.46582e-07
 Reference value :  1.47676e-07
 Reference value :  1.49010e-07
 Reference value :  1.49899e-07
 Reference value :  1.50878e-07
 Reference value :  1.52202e-07
 Reference value :  1.53312e-07
 Reference value :  1.54542e-07
 Reference value :  1.55806e-07
 Reference value :  1.56900e-07
 Reference value :  1.58031e-07
 Reference value :  1.59975e-07
 Reference value :  1.62053e-07
 Reference value :  1.63598e-07
 Reference value :  1.65232e-07
 Reference value :  1.67104e-07
 Reference value :  1.68511e-07
 Reference value :  1.70058e-07
 Reference value :  1.71048e-07
 Reference value :  1.71830e-07
 Reference value :  1.73352e-07
 Reference value :  1.74834e-07
 Reference value :  1.76266e-07
 Reference value :  1.77727e-07
 Reference value :  1.79918e-07
 Reference value :  1.81413e-07
 Reference value :  1.82674e-07
 Reference value :  1.83671e-07
 Reference value :  1.84613e-07
 Reference value :  1.85897e-07
 Reference value :  1.86961e-07
 Reference value :  1.88227e-07
 Reference value :  1.89182e-07
 Reference value :  1.90656e-07
 Reference value :  1.92092e-07
 Reference value :  1.93664e-07
 Reference value :  1.95274e-07
 Reference value :  1.96354e-07
 Reference value :  1.97449e-07
 Reference value :  1.98951e-07
 Reference value :  1.99971e-07
 Reference value :  2.01152e-07
 Reference value :  2.02399e-07
 Reference value :  2.03309e-07
 Reference value :  2.04592e-07
 Reference value :  2.05792e-07
 Reference value :  2.07019e-07
 Reference value :  2.08056e-07
 Reference value :  2.09133e-07
 Reference value :  2.10392e-07
 Reference value :  2.11632e-07
 Reference value :  2.12539e-07
 Reference value :  2.14112e-07
 Reference value :  2.15039e-07
 Reference value :  2.16463e-07
 Reference value :  2.17314e-07
 Reference value :  2.18311e-07
 Reference value :  2.19606e-07
 Reference value :  2.20588e-07
 Reference value :  2.21727e-07
 Reference value :  2.22757e-07
 Reference value :  2.23606e-07
 Reference value :  2.24839e-07
 Reference value :  2.25938e-07
 Reference value :  2.26934e-07
 Reference value :  2.27960e-07
 Reference value :  2.28916e-07
 Reference value :  2.29825e-07
 Reference value :  2.31043e-07
 Reference value :  2.32082e-07
 Reference value :  2.33015e-07
 Reference value :  2.33958e-07
 Reference value :  2.34809e-07
 Reference value :  2.36178e-07
 Reference value :  2.37427e-07
 Reference value :  2.38902e-07
 Reference value :  2.40135e-07
 Reference value :  2.41506e-07
 Reference value :  2.42957e-07
 Reference value :  2.44081e-07
 Reference value :  2.45339e-07
 Reference value :  2.46746e-07
 Reference value :  2.48072e-07
 Reference value :  2.49044e-07
 Reference value :  2.49952e-07
 Reference value :  2.51256e-07
 Reference value :  2.52484e-07
 Reference value :  2.53363e-07
 Reference value :  2.54576e-07
 Reference value :  2.55613e-07
 Reference value :  2.56859e-07
 Reference value :  2.58122e-07
 Reference value :  2.59149e-07
 Reference value :  2.60341e-07
 Reference value :  2.61622e-07
 Reference value :  2.62665e-07
 Reference value :  2.64033e-07
 Reference value :  2.65424e-07
 Reference value :  2.66957e-07
 Reference value :  2.68049e-07
 Reference value :  2.69176e-07
 Reference value :  2.70279e-07
 Reference value :  2.71666e-07
 Reference value :  2.73207e-07
 Reference value :  2.74699e-07
 Reference value :  2.76288e-07
 Reference value :  2.77548e-07
 Reference value :  2.79165e-07
 Reference value :  2.80348e-07
 Reference value :  2.81407e-07
 Reference value :  2.82619e-07
 Reference value :  2.83705e-07
 Reference value :  2.85206e-07
 Reference value :  2.86347e-07
 Reference value :  2.87414e-07
 Reference value :  2.88903e-07
 Reference value :  2.90128e-07
 Reference value :  2.91282e-07
 Reference value :  2.93131e-07
 Reference value :  2.95341e-07
 Reference value :  2.96517e-07
 Reference value :  2.97813e-07
 Reference value :  2.99375e-07
 Reference value :  3.00746e-07
 Reference value :  3.01715e-07
 Reference value :  3.02823e-07
 Reference value :  3.03858e-07
 Reference value :  3.04882e-07
 Reference value :  3.06011e-07
 Reference value :  3.07071e-07
 Reference value :  3.08279e-07
 Reference value :  3.09222e-07
 Reference value :  3.10440e-07
 Reference value :  3.11717e-07
 Reference value :  3.12953e-07
 Reference value :  3.14134e-07
 Reference value :  3.15165e-07
 Reference value :  3.16347e-07
 Reference value :  3.17475e-07
 Reference value :  3.18413e-07
 Reference value :  3.19918e-07
 Reference value :  3.21364e-07
 Reference value :  3.23019e-07
 Reference value :  3.24007e-07
 Reference value :  3.25417e-07
 Reference value :  3.26291e-07
 Reference value :  3.27175e-07
 Reference value :  3.28503e-07
 Reference value :  3.29296e-07
 Reference value :  3.30648e-07
 Reference value :  3.31792e-07
 Reference value :  3.32967e-07
 Reference value :  3.33856e-07
 Reference value :  3.35472e-07
 Reference value :  3.36641e-07
 Reference value :  3.37908e-07
 Reference value :  3.39279e-07
 Reference value :  3.40270e-07
 Reference value :  3.41383e-07
 Reference value :  3.42837e-07
 Reference value :  3.43995e-07
 Reference value :  3.44785e-07
 Reference value :  3.46013e-07
 Reference value :  3.47701e-07
 Reference value :  3.49071e-07
 Reference value :  3.50088e-07
 Reference value :  3.51056e-07
 Reference value :  3.52313e-07
 Reference value :  3.53565e-07
 Reference value :  3.55273e-07
 Reference value :  3.56836e-07
 Reference value :  3.58509e-07
 Reference value :  3.59606e-07
 Reference value :  3.61000e-07
 Reference value :  3.62150e-07
 Reference value :  3.63273e-07
 Reference value :  3.64348e-07
 Reference value :  3.65053e-07
 Reference value :  3.66240e-07
 Reference value :  3.67266e-07
 Reference value :  3.68434e-07
 Reference value :  3.69949e-07
 Reference value :  3.70973e-07
 Reference value :  3.72122e-07
 Reference value :  3.73389e-07
 Reference value :  3.74193e-07
 Reference value :  3.75573e-07
 Reference value :  3.76516e-07
 Reference value :  3.77931e-07
 Reference value :  3.78723e-07
 Reference value :  3.79963e-07
 Reference value :  3.81650e-07
 Reference value :  3.82528e-07
 Reference value :  3.83278e-07
 Reference value :  3.84723e-07
 Reference value :  3.85852e-07
 Reference value :  3.87064e-07
 Reference value :  3.88153e-07
 Reference value :  3.89501e-07
 Reference value :  3.90674e-07
 Reference value :  3.92017e-07
 Reference value :  3.93305e-07
 Reference value :  3.94177e-07
 Reference value :  3.95199e-07
 Reference value :  3.96612e-07
 Reference value :  3.98298e-07
 Reference value :  4.00035e-07
 Reference value :  4.01072e-07
 Reference value :  4.02093e-07
 Reference value :  4.03344e-07
 Reference value :  4.04432e-07
 Reference value :  4.05369e-07
 Reference value :  4.06795e-07
 Reference value :  4.07713e-07
 Reference value :  4.08716e-07
 Reference value :  4.09807e-07
 Reference value :  4.10842e-07
 Reference value :  4.12124e-07
 Reference value :  4.13109e-07
 Reference value :  4.14238e-07
 Reference value :  4.15395e-07
 Reference value :  4.16796e-07
 Reference value :  4.17873e-07
 Reference value :  4.19210e-07
 Reference value :  4.20185e-07
 Reference value :  4.21374e-07
 Reference value :  4.22615e-07
 Reference value :  4.23947e-07
 Reference value :  4.25279e-07
 Reference value :  4.26455e-07
 Reference value :  4.27623e-07
 Reference value :  4.28695e-07
 Reference value :  4.29975e-07
 Reference value :  4.31156e-07
 Reference value :  4.32320e-07
 Reference value :  4.33332e-07
 Reference value :  4.34543e-07
 Reference value :  4.35475e-07
 Reference value :  4.36505e-07
 Reference value :  4.37655e-07
 Reference value :  4.38625e-07
 Reference value :  4.39532e-07
 Reference value :  4.40808e-07
 Reference value :  4.41843e-07
 Reference value :  4.43115e-07
 Reference value :  4.44097e-07
 Reference value :  4.45012e-07
 Reference value :  4.45992e-07
 Reference value :  4.47040e-07
 Reference value :  4.48049e-07
 Reference value :  4.49200e-07
 Reference value :  4.50184e-07
 Reference value :  4.51149e-07
 Reference value :  4.52132e-07
 Reference value :  4.53250e-07
 Reference value :  4.54438e-07
 Reference value :  4.55612e-07
 Reference value :  4.56726e-07
 Reference value :  4.57727e-07
 Reference value :  4.58755e-07
 Reference value :  4.60196e-07
 Reference value :  4.61273e-07
 Reference value :  4.62577e-07
 Reference value :  4.63599e-07
 Reference value :  4.64950e-07
 Reference value :  4.65793e-07
 Reference value :  4.67043e-07
 Reference value :  4.68092e-07
 Reference value :  4.69401e-07
 Reference value :  4.70267e-07
 Reference value :  4.71605e-07
 Reference value :  4.72810e-07
 Reference value :  4.73632e-07
 Reference value :  4.74842e-07
 Reference value :  4.76052e-07
 Reference value :  4.77062e-07
 Reference value :  4.78028e-07
 Reference value :  4.79105e-07
 Reference value :  4.80293e-07
 Reference value :  4.81403e-07
 Reference value :  4.82209e-07
 Reference value :  4.83184e-07
 Reference value :  4.84262e-07
 Reference value :  4.85234e-07
 Reference value :  4.86205e-07
 Reference value :  4.87475e-07
 Reference value :  4.88979e-07
 Reference value :  4.90346e-07
 Reference value :  4.91366e-07
 Reference value :  4.92261e-07
 Reference value :  4.93488e-07
 Reference value :  4.94350e-07
 Reference value :  4.95214e-07
 Reference value :  4.96484e-07
 Reference value :  4.97474e-07
 Reference value :  4.98563e-07
 Reference value :  5.00013e-07
 Reference value :  5.01030e-07
 Reference value :  5.02139e-07
 Reference value :  5.03223e-07
 Reference value :  5.04379e-07
 Reference value :  5.05593e-07
 Reference value :  5.06706e-07
 Reference value :  5.07610e-07
 Reference value :  5.08903e-07
 Reference value :  5.09989e-07
 Reference value :  5.11206e-07
 Reference value :  5.12091e-07
 Reference value :  5.13365e-07
 Reference value :  5.14515e-07
 Reference value :  5.15658e-07
 Reference value :  5.16876e-07
 Reference value :  5.18188e-07
 Reference value :  5.19213e-07
 Reference value :  5.20410e-07
 Reference value :  5.22056e-07
 Reference value :  5.22898e-07
 Reference value :  5.23909e-07
 Reference value :  5.24903e-07
 Reference value :  5.26136e-07
 Reference value :  5.27446e-07
 Reference value :  5.28533e-07
 Reference value :  5.29692e-07
 Reference value :  5.30988e-07
 Reference value :  5.32052e-07
 Reference value :  5.33466e-07
 Reference value :  5.34539e-07
 Reference value :  5.35852e-07
 Reference value :  5.37001e-07
 Reference value :  5.38031e-07
 Reference value :  5.39092e-07
 Reference value :  5.40177e-07
 Reference value :  5.41334e-07
 Reference value :  5.42402e-07
 Reference value :  5.43583e-07
 Reference value :  5.44424e-07
 Reference value :  5.45455e-07
 Reference value :  5.46734e-07
 Reference value :  5.47677e-07
 Reference value :  5.48923e-07
 Reference value :  5.50172e-07
 Reference value :  5.51449e-07
 Reference value :  5.52381e-07
 Reference value :  5.53528e-07
 Reference value :  5.54741e-07
 Reference value :  5.55936e-07
 Reference value :  5.56962e-07
 Reference value :  5.58178e-07
 Reference value :  5.59165e-07
 Reference value :  5.60697e-07
 Reference value :  5.62010e-07
 Reference value :  5.62756e-07
 Reference value :  5.63931e-07
 Reference value :  5.65252e-07
 Reference value :  5.66170e-07
 Reference value :  5.67413e-07
 Reference value :  5.68434e-07
 Reference value :  5.69442e-07
 Reference value :  5.70586e-07
 Reference value :  5.71763e-07
 Reference value :  5.72938e-07
 Reference value :  5.74179e-07
 Reference value :  5.75204e-07
 Reference value :  5.76207e-07
 Reference value :  5.77683e-07
 Reference value :  5.78924e-07
 Reference value :  5.79843e-07
 Reference value :  5.80892e-07
 Reference value :  5.81834e-07
 Reference value :  5.83026e-07
 Reference value :  5.84310e-07
 Reference value :  5.85415e-07
 Reference value :  5.86663e-07
 Reference value :  5.87481e-07
 Reference value :  5.88641e-07
 Reference value :  5.90102e-07
 Reference value :  5.91548e-07
 Reference value :  5.92970e-07
 Reference value :  5.94314e-07
 Reference value :  5.95974e-07
 Reference value :  5.98102e-07
 Reference value :  5.99380e-07
 Reference value :  6.00569e-07
 Reference value :  6.01595e-07
 Reference value :  6.02885e-07
 Reference value :  6.03871e-07
 Reference value :  6.05138e-07
 Reference value :  6.06656e-07
 Reference value :  6.08233e-07
 Reference value :  6.09835e-07
 Reference value :  6.11212e-07
 Reference value :  6.12374e-07
 Reference value :  6.13282e-07
 Reference value :  6.14749e-07
 Reference value :  6.15875e-07
 Reference value :  6.17481e-07
 Reference value :  6.18742e-07
 Reference value :  6.20026e-07
 Reference value :  6.21601e-07
 Reference value :  6.22888e-07
 Reference value :  6.23819e-07
 Reference value :  6.25017e-07
 Reference value :  6.26387e-07
 Reference value :  6.27582e-07
 Reference value :  6.28668e-07
 Reference value :  6.29965e-07
 Reference value :  6.31269e-07
 Reference value :  6.32490e-07
 Reference value :  6.34462e-07
 Reference value :  6.35911e-07
 Reference value :  6.37777e-07
 Reference value :  6.39907e-07
 Reference value :  6.41329e-07
 Reference value :  6.43154e-07
 Reference value :  6.45057e-07
 Reference value :  6.47176e-07
 Reference value :  6.48475e-07
 Reference value :  6.49439e-07
 Reference value :  6.50589e-07
 Reference value :  6.51799e-07
 Reference value :  6.53114e-07
 Reference value :  6.54305e-07
 Reference value :  6.55398e-07
 Reference value :  6.56421e-07
 Reference value :  6.57227e-07
 Reference value :  6.58595e-07
 Reference value :  6.60718e-07
 Reference value :  6.62256e-07
 Reference value :  6.63207e-07
 Reference value :  6.64843e-07
 Reference value :  6.66101e-07
 Reference value :  6.67482e-07
 Reference value :  6.68721e-07
 Reference value :  6.69682e-07
 Reference value :  6.70701e-07
 Reference value :  6.71672e-07
 Reference value :  6.72774e-07
 Reference value :  6.73716e-07
 Reference value :  6.74805e-07
 Reference value :  6.75792e-07
 Reference value :  6.76969e-07
 Reference value :  6.78394e-07
 Reference value :  6.79592e-07
 Reference value :  6.80726e-07
 Reference value :  6.81655e-07
 Reference value :  6.83056e-07
 Reference value :  6.84159e-07
 Reference value :  6.85285e-07
 Reference value :  6.86170e-07
 Reference value :  6.87380e-07
 Reference value :  6.88716e-07
 Reference value :  6.89964e-07
 Reference value :  6.91339e-07
 Reference value :  6.92413e-07
 Reference value :  6.93776e-07
 Reference value :  6.94903e-07
 Reference value :  6.96129e-07
 Reference value :  6.97110e-07
 Reference value :  6.98322e-07
 Reference value :  6.99236e-07
 Reference value :  7.00331e-07
 Reference value :  7.01681e-07
 Reference value :  7.02908e-07
 Reference value :  7.04009e-07
 Reference value :  7.05082e-07
 Reference value :  7.06184e-07
 Reference value :  7.07423e-07
 Reference value :  7.08518e-07
 Reference value :  7.09421e-07
 Reference value :  7.10620e-07
 Reference value :  7.11639e-07
 Reference value :  7.12603e-07
 Reference value :  7.13769e-07
 Reference value :  7.14857e-07
 Reference value :  7.15710e-07
 Reference value :  7.17088e-07
 Reference value :  7.18443e-07
 Reference value :  7.19807e-07
 Reference value :  7.21027e-07
 Reference value :  7.22524e-07
 Reference value :  7.24058e-07
 Reference value :  7.26072e-07
 Reference value :  7.27816e-07
 Reference value :  7.29572e-07
 Reference value :  7.31285e-07
 Reference value :  7.33002e-07
 Reference value :  7.34940e-07
 Reference value :  7.36368e-07
 Reference value :  7.37711e-07
 Reference value :  7.38997e-07
 Reference value :  7.40072e-07
 Reference value :  7.41120e-07
 Reference value :  7.42289e-07
 Reference value :  7.43220e-07
 Reference value :  7.44267e-07
 Reference value :  7.45451e-07
 Reference value :  7.46507e-07
 Reference value :  7.47718e-07
 Reference value :  7.48891e-07
 Reference value :  7.49993e-07
 Reference value :  7.50899e-07
 Reference value :  7.51985e-07
 Reference value :  7.52935e-07
 Reference value :  7.54104e-07
 Reference value :  7.55006e-07
 Reference value :  7.55982e-07
 Reference value :  7.57186e-07
 Reference value :  7.58535e-07
 Reference value :  7.59450e-07
 Reference value :  7.60765e-07
 Reference value :  7.61707e-07
 Reference value :  7.62787e-07
 Reference value :  7.63843e-07
 Reference value :  7.64896e-07
 Reference value :  7.66200e-07
 Reference value :  7.66969e-07
 Reference value :  7.67967e-07
 Reference value :  7.69340e-07
 Reference value :  7.70450e-07
 Reference value :  7.71544e-07
 Reference value :  7.72672e-07
 Reference value :  7.73763e-07
 Reference value :  7.74653e-07
 Reference value :  7.75952e-07
 Reference value :  7.77012e-07
 Reference value :  7.77901e-07
 Reference value :  7.79158e-07
 Reference value :  7.80182e-07
 Reference value :  7.81006e-07
 Reference value :  7.82207e-07
 Reference value :  7.83266e-07
 Reference value :  7.84359e-07
 Reference value :  7.85631e-07
 Reference value :  7.86769e-07
 Reference value :  7.87988e-07
 Reference value :  7.88670e-07
 Reference value :  7.89927e-07
 Reference value :  7.90977e-07
 Reference value :  7.91883e-07
 Reference value :  7.92928e-07
 Reference value :  7.94101e-07
 Reference value :  7.95418e-07
 Reference value :  7.96945e-07
 Reference value :  7.98180e-07
 Reference value :  7.99460e-07
 Reference value :  8.00717e-07
 Reference value :  8.01758e-07
 Reference value :  8.02989e-07
 Reference value :  8.03857e-07
 Reference value :  8.04767e-07
 Reference value :  8.05797e-07
 Reference value :  8.06928e-07
 Reference value :  8.08205e-07
 Reference value :  8.09481e-07
 Reference value :  8.10450e-07
 Reference value :  8.11451e-07
 Reference value :  8.12683e-07
 Reference value :  8.13805e-07
 Reference value :  8.14644e-07
 Reference value :  8.15761e-07
 Reference value :  8.17108e-07
 Reference value :  8.17223e-07
 Reference value :  8.17994e-07
 Reference value :  8.19309e-07
 Reference value :  8.20544e-07
 Reference value :  8.21901e-07
 Reference value :  8.23125e-07
 Reference value :  8.24257e-07
 Reference value :  8.25385e-07
 Reference value :  8.26424e-07
 Reference value :  8.27639e-07
 Reference value :  8.28817e-07
 Reference value :  8.29958e-07
 Reference value :  8.31027e-07
 Reference value :  8.32427e-07
 Reference value :  8.33282e-07
 Reference value :  8.34494e-07
 Reference value :  8.35424e-07
 Reference value :  8.36411e-07
 Reference value :  8.37730e-07
 Reference value :  8.38833e-07
 Reference value :  8.39941e-07
 Reference value :  8.40910e-07
 Reference value :  8.42184e-07
 Reference value :  8.43285e-07
 Reference value :  8.44144e-07
 Reference value :  8.45285e-07
 Reference value :  8.46521e-07
 Reference value :  8.48053e-07
 Reference value :  8.49164e-07
 Reference value :  8.50048e-07
 Reference value :  8.51128e-07
 Reference value :  8.52439e-07
 Reference value :  8.53493e-07
 Reference value :  8.54511e-07
 Reference value :  8.55456e-07
 Reference value :  8.56761e-07
 Reference value :  8.57738e-07
 Reference value :  8.58998e-07
 Reference value :  8.59994e-07
 Reference value :  8.60974e-07
 Reference value :  8.62161e-07
 Reference value :  8.63465e-07
 Reference value :  8.64656e-07
 Reference value :  8.65743e-07
 Reference value :  8.66792e-07
 Reference value :  8.67817e-07
 Reference value :  8.69075e-07
 Reference value :  8.70104e-07
 Reference value :  8.71549e-07
 Reference value :  8.72793e-07
 Reference value :  8.73979e-07
 Reference value :  8.75490e-07
 Reference value :  8.76402e-07
 Reference value :  8.77507e-07
 Reference value :  8.78482e-07
 Reference value :  8.79235e-07
 Reference value :  8.80291e-07
 Reference value :  8.81244e-07
 Reference value :  8.82396e-07
 Reference value :  8.83673e-07
 Reference value :  8.84863e-07
 Reference value :  8.85687e-07
 Reference value :  8.86991e-07
 Reference value :  8.87975e-07
 Reference value :  8.89238e-07
 Reference value :  8.90111e-07
 Reference value :  8.91225e-07
 Reference value :  8.92606e-07
 Reference value :  8.94423e-07
 Reference value :  8.96412e-07
 Reference value :  8.98563e-07
 Reference value :  8.99887e-07
 Reference value :  9.00841e-07
 Reference value :  9.01881e-07
 Reference value :  9.02957e-07
 Reference value :  9.04069e-07
 Reference value :  9.05243e-07
 Reference value :  9.06323e-07
 Reference value :  9.07814e-07
 Reference value :  9.09119e-07
 Reference value :  9.09965e-07
 Reference value :  9.11058e-07
 Reference value :  9.12467e-07
 Reference value :  9.13900e-07
 Reference value :  9.14890e-07
 Reference value :  9.16088e-07
 Reference value :  9.17223e-07
 Reference value :  9.18558e-07
 Reference value :  9.19624e-07
 Reference value :  9.20801e-07
 Reference value :  9.21871e-07
 Reference value :  9.23078e-07
 Reference value :  9.23951e-07
 Reference value :  9.25330e-07
 Reference value :  9.26384e-07
 Reference value :  9.27634e-07
 Reference value :  9.28618e-07
 Reference value :  9.29935e-07
 Reference value :  9.31101e-07
 Reference value :  9.32243e-07
 Reference value :  9.33197e-07
 Reference value :  9.34287e-07
 Reference value :  9.35352e-07
 Reference value :  9.36269e-07
 Reference value :  9.37390e-07
 Reference value :  9.38492e-07
 Reference value :  9.39399e-07
 Reference value :  9.40440e-07
 Reference value :  9.41594e-07
 Reference value :  9.42538e-07
 Reference value :  9.43546e-07
 Reference value :  9.44697e-07
 Reference value :  9.45949e-07
 Reference value :  9.46876e-07
 Reference value :  9.48090e-07
 Reference value :  9.49283e-07
 Reference value :  9.50207e-07
 Reference value :  9.51355e-07
 Reference value :  9.52325e-07
 Reference value :  9.53468e-07
 Reference value :  9.54612e-07
 Reference value :  9.55640e-07
 Reference value :  9.56915e-07
 Reference value :  9.57864e-07
 Reference value :  9.59079e-07
 Reference value :  9.60100e-07
 Reference value :  9.61244e-07
 Reference value :  9.62689e-07
 Reference value :  9.63770e-07
 Reference value :  9.64729e-07
 Reference value :  9.65607e-07
 Reference value :  9.66819e-07
 Reference value :  9.67959e-07
 Reference value :  9.69573e-07
 Reference value :  9.70766e-07
 Reference value :  9.71534e-07
 Reference value :  9.72851e-07
 Reference value :  9.73987e-07
 Reference value :  9.75312e-07
 Reference value :  9.76212e-07
 Reference value :  9.77407e-07
 Reference value :  9.78549e-07
 Reference value :  9.79453e-07
 Reference value :  9.80531e-07
 Reference value :  9.81686e-07
 Reference value :  9.82691e-07
 Reference value :  9.83759e-07
 Reference value :  9.85038e-07
 Reference value :  9.86156e-07
 Reference value :  9.86867e-07
 Reference value :  9.88294e-07
 Reference value :  9.89219e-07
 Reference value :  9.90290e-07
 Reference value :  9.91404e-07
 Reference value :  9.92390e-07
 Reference value :  9.93822e-07
 Reference value :  9.95172e-07
 Reference value :  9.95927e-07
 Reference value :  9.96851e-07
 Reference value :  9.97947e-07
 Reference value :  9.99017e-07
 Reference value :  1.00033e-06
 Reference value :  1.00128e-06
 Reference value :  1.00217e-06
 Reference value :  1.00318e-06
 Reference value :  1.00434e-06
 Reference value :  1.00527e-06
 Reference value :  1.00648e-06
 Reference value :  1.00756e-06
 Reference value :  1.00888e-06
 Reference value :  1.00988e-06
 Reference value :  1.01122e-06
 Reference value :  1.01241e-06
 Reference value :  1.01353e-06
 Reference value :  1.01444e-06
 Reference value :  1.01575e-06
 Reference value :  1.01734e-06
 Reference value :  1.01889e-06
 Reference value :  1.02036e-06
 Reference value :  1.02231e-06
 Reference value :  1.02357e-06
 Reference value :  1.02490e-06
 Reference value :  1.02587e-06
 Reference value :  1.02697e-06
 Reference value :  1.02823e-06
 Reference value :  1.02963e-06
 Reference value :  1.03101e-06
 Reference value :  1.03196e-06
 Reference value :  1.03291e-06
 Reference value :  1.03450e-06
 Reference value :  1.03570e-06
 Reference value :  1.03665e-06
 Reference value :  1.03766e-06
 Reference value :  1.03859e-06
 Reference value :  1.03994e-06
 Reference value :  1.04120e-06
 Reference value :  1.04276e-06
 Reference value :  1.04395e-06
 Reference value :  1.04508e-06
 Reference value :  1.04667e-06
 Reference value :  1.04777e-06
 Reference value :  1.04900e-06
 Reference value :  1.04991e-06
 Reference value :  1.05078e-06
 Reference value :  1.05173e-06
 Reference value :  1.05292e-06
 Reference value :  1.05389e-06
 Reference value :  1.05519e-06
 Reference value :  1.05629e-06
 Reference value :  1.05733e-06
 Reference value :  1.05871e-06
 Reference value :  1.05999e-06
 Reference value :  1.06138e-06
 Reference value :  1.06310e-06
 Reference value :  1.06384e-06
 Reference value :  1.06523e-06
 Reference value :  1.06679e-06
 Reference value :  1.06825e-06
 Reference value :  1.06946e-06
 Reference value :  1.07090e-06
 Reference value :  1.07232e-06
 Reference value :  1.07381e-06
 Reference value :  1.07551e-06
 Reference value :  1.07662e-06
 Reference value :  1.07803e-06
 Reference value :  1.07917e-06
 Reference value :  1.08052e-06
 Reference value :  1.08146e-06
 Reference value :  1.08253e-06
 Reference value :  1.08406e-06
 Reference value :  1.08526e-06
 Reference value :  1.08626e-06
 Reference value :  1.08756e-06
 Reference value :  1.08847e-06
 Reference value :  1.08976e-06
 Reference value :  1.09087e-06
 Reference value :  1.09205e-06
 Reference value :  1.09324e-06
 Reference value :  1.09440e-06
 Reference value :  1.09551e-06
 Reference value :  1.09653e-06
 Reference value :  1.09732e-06
 Reference value :  1.09877e-06
 Reference value :  1.09976e-06
 Reference value :  1.10058e-06
 Reference value :  1.10182e-06
 Reference value :  1.10286e-06
 Reference value :  1.10379e-06
 Reference value :  1.10503e-06
 Reference value :  1.10606e-06
 Reference value :  1.10711e-06
 Reference value :  1.10816e-06
 Reference value :  1.10914e-06
 Reference value :  1.11039e-06
 Reference value :  1.11152e-06
 Reference value :  1.11252e-06
 Reference value :  1.11361e-06
 Reference value :  1.11482e-06
 Reference value :  1.11598e-06
 Reference value :  1.11720e-06
 Reference value :  1.11841e-06
 Reference value :  1.11962e-06
 Reference value :  1.12065e-06
 Reference value :  1.12176e-06
 Reference value :  1.12287e-06
 Reference value :  1.12395e-06
 Reference value :  1.12484e-06
 Reference value :  1.12583e-06
 Reference value :  1.12688e-06
 Reference value :  1.12802e-06
 Reference value :  1.12958e-06
 Reference value :  1.13069e-06
 Reference value :  1.13157e-06
 Reference value :  1.13275e-06
 Reference value :  1.13367e-06
 Reference value :  1.13472e-06
 Reference value :  1.13572e-06
 Reference value :  1.13666e-06
 Reference value :  1.13767e-06
 Reference value :  1.13887e-06
 Reference value :  1.13996e-06
 Reference value :  1.14111e-06
 Reference value :  1.14210e-06
 Reference value :  1.14313e-06
 Reference value :  1.14422e-06
 Reference value :  1.14543e-06
 Reference value :  1.14688e-06
 Reference value :  1.14809e-06
 Reference value :  1.14923e-06
 Reference value :  1.15019e-06
 Reference value :  1.15120e-06
 Reference value :  1.15225e-06
 Reference value :  1.15351e-06
 Reference value :  1.15440e-06
 Reference value :  1.15556e-06
 Reference value :  1.15661e-06
 Reference value :  1.15735e-06
 Reference value :  1.15868e-06
 Reference value :  1.15977e-06
 Reference value :  1.16083e-06
 Reference value :  1.16170e-06
 Reference value :  1.16288e-06
 Reference value :  1.16404e-06
 Reference value :  1.16490e-06
 Reference value :  1.16626e-06
 Reference value :  1.16727e-06
 Reference value :  1.16817e-06
 Reference value :  1.16950e-06
 Reference value :  1.17052e-06
 Reference value :  1.17168e-06
 Reference value :  1.17271e-06
 Reference value :  1.17404e-06
 Reference value :  1.17521e-06
 Reference value :  1.17625e-06
 Reference value :  1.17725e-06
 Reference value :  1.17851e-06
 Reference value :  1.17948e-06
 Reference value :  1.18020e-06
 Reference value :  1.18118e-06
 Reference value :  1.18248e-06
 Reference value :  1.18427e-06
 Reference value :  1.18519e-06
 Reference value :  1.18623e-06
 Reference value :  1.18721e-06
 Reference value :  1.18807e-06
 Reference value :  1.18960e-06
 Reference value :  1.19057e-06
 Reference value :  1.19181e-06
 Reference value :  1.19277e-06
 Reference value :  1.19410e-06
 Reference value :  1.19517e-06
 Reference value :  1.19647e-06
 Reference value :  1.19742e-06
 Reference value :  1.19823e-06
 Reference value :  1.19924e-06
 Reference value :  1.20012e-06
 Reference value :  1.20116e-06
 Reference value :  1.20261e-06
 Reference value :  1.20381e-06
 Reference value :  1.20479e-06
 Reference value :  1.20590e-06
 Reference value :  1.20712e-06
 Reference value :  1.20810e-06
 Reference value :  1.20937e-06
 Reference value :  1.21055e-06
 Reference value :  1.21176e-06
 Reference value :  1.21278e-06
 Reference value :  1.21418e-06
 Reference value :  1.21549e-06
 Reference value :  1.21644e-06
 Reference value :  1.21739e-06
 Reference value :  1.21855e-06
 Reference value :  1.21958e-06
 Reference value :  1.22084e-06
 Reference value :  1.22194e-06
 Reference value :  1.22301e-06
 Reference value :  1.22428e-06
 Reference value :  1.22549e-06
 Reference value :  1.22649e-06
 Reference value :  1.22769e-06
 Reference value :  1.22888e-06
 Reference value :  1.23013e-06
 Reference value :  1.23181e-06
 Reference value :  1.23364e-06
 Reference value :  1.23559e-06
 Reference value :  1.23728e-06
 Reference value :  1.23854e-06
 Reference value :  1.23964e-06
 Reference value :  1.24069e-06
 Reference value :  1.24183e-06
 Reference value :  1.24281e-06
 Reference value :  1.24390e-06
 Reference value :  1.24492e-06
 Reference value :  1.24621e-06
 Reference value :  1.24757e-06
 Reference value :  1.24851e-06
 Reference value :  1.24949e-06
 Reference value :  1.25061e-06
 Reference value :  1.25191e-06
 Reference value :  1.25305e-06
 Reference value :  1.25392e-06
 Reference value :  1.25496e-06
 Reference value :  1.25602e-06
 Reference value :  1.25706e-06
 Reference value :  1.25819e-06
 Reference value :  1.25950e-06
 Reference value :  1.26093e-06
 Reference value :  1.26209e-06
 Reference value :  1.26350e-06
 Reference value :  1.26497e-06
 Reference value :  1.26609e-06
 Reference value :  1.26718e-06
 Reference value :  1.26793e-06
 Reference value :  1.26916e-06
 Reference value :  1.27060e-06
 Reference value :  1.27155e-06
 Reference value :  1.27276e-06
 Reference value :  1.27422e-06
 Reference value :  1.27573e-06
 Reference value :  1.27730e-06
 Reference value :  1.27871e-06
 Reference value :  1.28012e-06
 Reference value :  1.28146e-06
 Reference value :  1.28307e-06
 Reference value :  1.28392e-06
 Reference value :  1.28488e-06
 Reference value :  1.28608e-06
 Reference value :  1.28742e-06
 Reference value :  1.28872e-06
 Reference value :  1.29004e-06
 Reference value :  1.29116e-06
 Reference value :  1.29250e-06
 Reference value :  1.29371e-06
 Reference value :  1.29516e-06
 Reference value :  1.29623e-06
 Reference value :  1.29744e-06
 Reference value :  1.29841e-06
 Reference value :  1.29959e-06
 Reference value :  1.30096e-06
 Reference value :  1.30198e-06
 Reference value :  1.30298e-06
 Reference value :  1.30406e-06
 Reference value :  1.30540e-06
 Reference value :  1.30648e-06
 Reference value :  1.30772e-06
 Reference value :  1.30862e-06
 Reference value :  1.30988e-06
 Reference value :  1.31083e-06
 Reference value :  1.31175e-06
 Reference value :  1.31308e-06
 Reference value :  1.31414e-06
 Reference value :  1.31525e-06
 Reference value :  1.31634e-06
 Reference value :  1.31764e-06
 Reference value :  1.31865e-06
 Reference value :  1.31977e-06
 Reference value :  1.32077e-06
 Reference value :  1.32195e-06
 Reference value :  1.32316e-06
 Reference value :  1.32442e-06
 Reference value :  1.32596e-06
 Reference value :  1.32708e-06
 Reference value :  1.32822e-06
 Reference value :  1.32920e-06
 Reference value :  1.33030e-06
 Reference value :  1.33153e-06
 Reference value :  1.33254e-06
 Reference value :  1.33362e-06
 Reference value :  1.33459e-06
 Reference value :  1.33569e-06
 Reference value :  1.33667e-06
 Reference value :  1.33773e-06
 Reference value :  1.33892e-06
 Reference value :  1.33994e-06
 Reference value :  1.34119e-06
 Reference value :  1.34254e-06
 Reference value :  1.34392e-06
 Reference value :  1.34599e-06
 Reference value :  1.34751e-06
 Reference value :  1.34911e-06
 Reference value :  1.35039e-06
 Reference value :  1.35146e-06
 Reference value :  1.35279e-06
 Reference value :  1.35398e-06
 Reference value :  1.35510e-06
 Reference value :  1.35648e-06
 Reference value :  1.35744e-06
 Reference value :  1.35858e-06
 Reference value :  1.35970e-06
 Reference value :  1.36111e-06
 Reference value :  1.36218e-06
 Reference value :  1.36347e-06
 Reference value :  1.36426e-06
 Reference value :  1.36579e-06
 Reference value :  1.36712e-06
 Reference value :  1.36836e-06
 Reference value :  1.36961e-06
 Reference value :  1.37041e-06
 Reference value :  1.37163e-06
 Reference value :  1.37275e-06
 Reference value :  1.37397e-06
 Reference value :  1.37489e-06
 Reference value :  1.37604e-06
 Reference value :  1.37716e-06
 Reference value :  1.37813e-06
 Reference value :  1.37933e-06
 Reference value :  1.38034e-06
 Reference value :  1.38125e-06
 Reference value :  1.38207e-06
 Reference value :  1.38292e-06
 Reference value :  1.38423e-06
 Reference value :  1.38550e-06
 Reference value :  1.38715e-06
 Reference value :  1.38849e-06
 Reference value :  1.39003e-06
 Reference value :  1.39155e-06
 Reference value :  1.39300e-06
 Reference value :  1.39425e-06
 Reference value :  1.39501e-06
 Reference value :  1.39650e-06
 Reference value :  1.39763e-06
 Reference value :  1.39897e-06
 Reference value :  1.39974e-06
 Reference value :  1.40091e-06
 Reference value :  1.40195e-06
 Reference value :  1.40289e-06
 Reference value :  1.40391e-06
 Reference value :  1.40516e-06
 Reference value :  1.40649e-06
 Reference value :  1.40760e-06
 Reference value :  1.40874e-06
 Reference value :  1.40993e-06
 Reference value :  1.41118e-06
 Reference value :  1.41262e-06
 Reference value :  1.41378e-06
 Reference value :  1.41530e-06
 Reference value :  1.41647e-06
 Reference value :  1.41796e-06
 Reference value :  1.41898e-06
 Reference value :  1.42028e-06
 Reference value :  1.42126e-06
 Reference value :  1.42243e-06
 Reference value :  1.42351e-06
 Reference value :  1.42462e-06
 Reference value :  1.42581e-06
 Reference value :  1.42717e-06
 Reference value :  1.42819e-06
 Reference value :  1.42957e-06
 Reference value :  1.43079e-06
 Reference value :  1.43188e-06
 Reference value :  1.43323e-06
 Reference value :  1.43440e-06
 Reference value :  1.43562e-06
 Reference value :  1.43703e-06
 Reference value :  1.43846e-06
 Reference value :  1.43960e-06
 Reference value :  1.44073e-06
 Reference value :  1.44204e-06
 Reference value :  1.44329e-06
 Reference value :  1.44443e-06
 Reference value :  1.44532e-06
 Reference value :  1.44661e-06
 Reference value :  1.44784e-06
 Reference value :  1.44900e-06
 Reference value :  1.45002e-06
 Reference value :  1.45130e-06
 Reference value :  1.45251e-06
 Reference value :  1.45348e-06
 Reference value :  1.45452e-06
 Reference value :  1.45545e-06
 Reference value :  1.45646e-06
 Reference value :  1.45761e-06
 Reference value :  1.45878e-06
 Reference value :  1.45985e-06
 Reference value :  1.46068e-06
 Reference value :  1.46166e-06
 Reference value :  1.46307e-06
 Reference value :  1.46423e-06
 Reference value :  1.46561e-06
 Reference value :  1.46674e-06
 Reference value :  1.46765e-06
 Reference value :  1.46844e-06
 Reference value :  1.46975e-06
 Reference value :  1.47087e-06
 Reference value :  1.47174e-06
 Reference value :  1.47278e-06
 Reference value :  1.47380e-06
 Reference value :  1.47465e-06
 Reference value :  1.47591e-06
 Reference value :  1.47692e-06
 Reference value :  1.47817e-06
 Reference value :  1.47910e-06
 Reference value :  1.48017e-06
 Reference value :  1.48151e-06
 Reference value :  1.48295e-06
 Reference value :  1.48456e-06
 Reference value :  1.48604e-06
 Reference value :  1.48729e-06
 Reference value :  1.48911e-06
 Reference value :  1.48994e-06
 Reference value :  1.49135e-06
 Reference value :  1.49254e-06
 Reference value :  1.49354e-06
 Reference value :  1.49464e-06
 Reference value :  1.49559e-06
 Reference value :  1.49703e-06
 Reference value :  1.49878e-06
 Reference value :  1.50039e-06
 Reference value :  1.50214e-06
 Reference value :  1.50373e-06
 Reference value :  1.50528e-06
 Reference value :  1.50636e-06
 Reference value :  1.50769e-06
 Reference value :  1.50886e-06
 Reference value :  1.50990e-06
 Reference value :  1.51099e-06
 Reference value :  1.51220e-06
 Reference value :  1.51345e-06
 Reference value :  1.51450e-06
 Reference value :  1.51578e-06
 Reference value :  1.51675e-06
 Reference value :  1.51765e-06
 Reference value :  1.51884e-06
 Reference value :  1.52006e-06
 Reference value :  1.52123e-06
 Reference value :  1.52229e-06
 Reference value :  1.52316e-06
 Reference value :  1.52430e-06
 Reference value :  1.52519e-06
 Reference value :  1.52641e-06
 Reference value :  1.52758e-06
 Reference value :  1.52870e-06
 Reference value :  1.52944e-06
 Reference value :  1.53042e-06
 Reference value :  1.53151e-06
 Reference value :  1.53251e-06
 Reference value :  1.53385e-06
 Reference value :  1.53501e-06
 Reference value :  1.53598e-06
 Reference value :  1.53749e-06
 Reference value :  1.53873e-06
 Reference value :  1.54029e-06
 Reference value :  1.54125e-06
 Reference value :  1.54213e-06
 Reference value :  1.54352e-06
 Reference value :  1.54494e-06
 Reference value :  1.54591e-06
 Reference value :  1.54692e-06
 Reference value :  1.54807e-06
 Reference value :  1.54951e-06
 Reference value :  1.55039e-06
 Reference value :  1.55139e-06
 Reference value :  1.55266e-06
 Reference value :  1.55358e-06
 Reference value :  1.55472e-06
 Reference value :  1.55569e-06
 Reference value :  1.55717e-06
 Reference value :  1.55817e-06
 Reference value :  1.55932e-06
 Reference value :  1.56065e-06
 Reference value :  1.56180e-06
 Reference value :  1.56296e-06
 Reference value :  1.56434e-06
 Reference value :  1.56543e-06
 Reference value :  1.56642e-06
 Reference value :  1.56776e-06
 Reference value :  1.56934e-06
 Reference value :  1.57110e-06
 Reference value :  1.57266e-06
 Reference value :  1.57434e-06
 Reference value :  1.57558e-06
 Reference value :  1.57721e-06
 Reference value :  1.57860e-06
 Reference value :  1.57989e-06
 Reference value :  1.58114e-06
 Reference value :  1.58214e-06
 Reference value :  1.58349e-06
 Reference value :  1.58490e-06
 Reference value :  1.58605e-06
 Reference value :  1.58728e-06
 Reference value :  1.58865e-06
 Reference value :  1.58972e-06
 Reference value :  1.59102e-06
 Reference value :  1.59239e-06
 Reference value :  1.59350e-06
 Reference value :  1.59478e-06
 Reference value :  1.59570e-06
 Reference value :  1.59681e-06
 Reference value :  1.59802e-06
 Reference value :  1.59950e-06
 Reference value :  1.60050e-06
 Reference value :  1.60165e-06
 Reference value :  1.60260e-06
 Reference value :  1.60378e-06
 Reference value :  1.60486e-06
 Reference value :  1.60606e-06
 Reference value :  1.60721e-06
 Reference value :  1.60811e-06
 Reference value :  1.60920e-06
 Reference value :  1.61074e-06
 Reference value :  1.61227e-06
 Reference value :  1.61370e-06
 Reference value :  1.61474e-06
 Reference value :  1.61547e-06
 Reference value :  1.61661e-06
 Reference value :  1.61760e-06
 Reference value :  1.61876e-06
 Reference value :  1.61975e-06
 Reference value :  1.62059e-06
 Reference value :  1.62156e-06
 Reference value :  1.62276e-06
 Reference value :  1.62394e-06
 Reference value :  1.62524e-06
 Reference value :  1.62626e-06
 Reference value :  1.62688e-06
 Reference value :  1.62812e-06
 Reference value :  1.62900e-06
 Reference value :  1.63001e-06
 Reference value :  1.63125e-06
 Reference value :  1.63238e-06
 Reference value :  1.63347e-06
 Reference value :  1.63444e-06
 Reference value :  1.63587e-06
 Reference value :  1.63682e-06
 Reference value :  1.63808e-06
 Reference value :  1.63902e-06
 Reference value :  1.64039e-06
 Reference value :  1.64181e-06
 Reference value :  1.64329e-06
 Reference value :  1.64425e-06
 Reference value :  1.64548e-06
 Reference value :  1.64671e-06
 Reference value :  1.64796e-06
 Reference value :  1.64894e-06
 Reference value :  1.65005e-06
 Reference value :  1.65098e-06
 Reference value :  1.65202e-06
 Reference value :  1.65321e-06
 Reference value :  1.65460e-06
 Reference value :  1.65570e-06
 Reference value :  1.65678e-06
 Reference value :  1.65788e-06
 Reference value :  1.65932e-06
 Reference value :  1.66072e-06
 Reference value :  1.66226e-06
 Reference value :  1.66344e-06
 Reference value :  1.66462e-06
 Reference value :  1.66658e-06
 Reference value :  1.66861e-06
 Reference value :  1.66971e-06
 Reference value :  1.67101e-06
 Reference value :  1.67302e-06
 Reference value :  1.67493e-06
 Reference value :  1.67638e-06
 Reference value :  1.67770e-06
 Reference value :  1.67954e-06
 Reference value :  1.68105e-06
 Reference value :  1.68213e-06
 Reference value :  1.68344e-06
 Reference value :  1.68479e-06
 Reference value :  1.68578e-06
 Reference value :  1.68788e-06
 Reference value :  1.68942e-06
 Reference value :  1.69060e-06
 Reference value :  1.69193e-06
 Reference value :  1.69309e-06
 Reference value :  1.69444e-06
 Reference value :  1.69549e-06
 Reference value :  1.69691e-06
 Reference value :  1.69784e-06
 Reference value :  1.69934e-06
 Reference value :  1.70029e-06
 Reference value :  1.70167e-06
 Reference value :  1.70263e-06
 Reference value :  1.70388e-06
 Reference value :  1.70497e-06
 Reference value :  1.70605e-06
 Reference value :  1.70699e-06
 Reference value :  1.70855e-06
 Reference value :  1.70985e-06
 Reference value :  1.71113e-06
 Reference value :  1.71218e-06
 Reference value :  1.71316e-06
 Reference value :  1.71431e-06
 Reference value :  1.71555e-06
 Reference value :  1.71704e-06
 Reference value :  1.71806e-06
 Reference value :  1.71914e-06
 Reference value :  1.72028e-06
 Reference value :  1.72126e-06
 Reference value :  1.72238e-06
 Reference value :  1.72387e-06
 Reference value :  1.72502e-06
 Reference value :  1.72608e-06
 Reference value :  1.72726e-06
 Reference value :  1.72869e-06
 Reference value :  1.73028e-06
 Reference value :  1.73152e-06
 Reference value :  1.73302e-06
 Reference value :  1.73477e-06
 Reference value :  1.73644e-06
 Reference value :  1.73741e-06
 Reference value :  1.73841e-06
 Reference value :  1.73981e-06
 Reference value :  1.74125e-06
 Reference value :  1.74306e-06
 Reference value :  1.74400e-06
 Reference value :  1.74506e-06
 Reference value :  1.74626e-06
 Reference value :  1.74739e-06
 Reference value :  1.74882e-06
 Reference value :  1.74980e-06
 Reference value :  1.75060e-06
 Reference value :  1.75198e-06
 Reference value :  1.75305e-06
 Reference value :  1.75420e-06
 Reference value :  1.75510e-06
 Reference value :  1.75610e-06
 Reference value :  1.75719e-06
 Reference value :  1.75824e-06
 Reference value :  1.75964e-06
 Reference value :  1.76131e-06
 Reference value :  1.76266e-06
 Reference value :  1.76369e-06
 Reference value :  1.76481e-06
 Reference value :  1.76604e-06
 Reference value :  1.76724e-06
 Reference value :  1.76844e-06
 Reference value :  1.76939e-06
 Reference value :  1.77054e-06
 Reference value :  1.77158e-06
 Reference value :  1.77282e-06
 Reference value :  1.77395e-06
 Reference value :  1.77465e-06
 Reference value :  1.77577e-06
 Reference value :  1.77693e-06
 Reference value :  1.77809e-06
 Reference value :  1.77914e-06
 Reference value :  1.78016e-06
 Reference value :  1.78138e-06
 Reference value :  1.78237e-06
 Reference value :  1.78356e-06
 Reference value :  1.78471e-06
 Reference value :  1.78566e-06
 Reference value :  1.78681e-06
 Reference value :  1.78783e-06
 Reference value :  1.78886e-06
 Reference value :  1.78992e-06
 Reference value :  1.79109e-06
 Reference value :  1.79217e-06
 Reference value :  1.79299e-06
 Reference value :  1.79427e-06
 Reference value :  1.79541e-06
 Reference value :  1.79631e-06
 Reference value :  1.79747e-06
 Reference value :  1.79839e-06
 Reference value :  1.79937e-06
 Reference value :  1.80036e-06
 Reference value :  1.80127e-06
 Reference value :  1.80213e-06
 Reference value :  1.80341e-06
 Reference value :  1.80432e-06
 Reference value :  1.80527e-06
 Reference value :  1.80671e-06
 Reference value :  1.80812e-06
 Reference value :  1.80950e-06
 Reference value :  1.81038e-06
 Reference value :  1.81120e-06
 Reference value :  1.81250e-06
 Reference value :  1.81354e-06
 Reference value :  1.81459e-06
 Reference value :  1.81566e-06
 Reference value :  1.81666e-06
 Reference value :  1.81758e-06
 Reference value :  1.81876e-06
 Reference value :  1.82010e-06
 Reference value :  1.82105e-06
 Reference value :  1.82197e-06
 Reference value :  1.82310e-06
 Reference value :  1.82420e-06
 Reference value :  1.82532e-06
 Reference value :  1.82647e-06
 Reference value :  1.82784e-06
 Reference value :  1.82897e-06
 Reference value :  1.83003e-06
 Reference value :  1.83095e-06
 Reference value :  1.83236e-06
 Reference value :  1.83342e-06
 Reference value :  1.83459e-06
 Reference value :  1.83556e-06
 Reference value :  1.83683e-06
 Reference value :  1.83797e-06
 Reference value :  1.83894e-06
 Reference value :  1.84020e-06
 Reference value :  1.84122e-06
 Reference value :  1.84252e-06
 Reference value :  1.84339e-06
 Reference value :  1.84471e-06
 Reference value :  1.84575e-06
 Reference value :  1.84693e-06
 Reference value :  1.84780e-06
 Reference value :  1.84888e-06
 Reference value :  1.85000e-06
 Reference value :  1.85087e-06
 Reference value :  1.85199e-06
 Reference value :  1.85318e-06
 Reference value :  1.85393e-06
 Reference value :  1.85533e-06
 Reference value :  1.85656e-06
 Reference value :  1.85772e-06
 Reference value :  1.85859e-06
 Reference value :  1.85987e-06
 Reference value :  1.86079e-06
 Reference value :  1.86215e-06
 Reference value :  1.86296e-06
 Reference value :  1.86423e-06
 Reference value :  1.86525e-06
 Reference value :  1.86611e-06
 Reference value :  1.86762e-06
 Reference value :  1.86897e-06
 Reference value :  1.87008e-06
 Reference value :  1.87143e-06
 Reference value :  1.87295e-06
 Reference value :  1.87525e-06
 Reference value :  1.87735e-06
 Reference value :  1.87905e-06
 Reference value :  1.88087e-06
 Reference value :  1.88281e-06
 Reference value :  1.88463e-06
 Reference value :  1.88633e-06
 Reference value :  1.88782e-06
 Reference value :  1.88950e-06
 Reference value :  1.89068e-06
 Reference value :  1.89222e-06
 Reference value :  1.89374e-06
 Reference value :  1.89506e-06
 Reference value :  1.89635e-06
 Reference value :  1.89782e-06
 Reference value :  1.89920e-06
 Reference value :  1.90034e-06
 Reference value :  1.90144e-06
 Reference value :  1.90261e-06
 Reference value :  1.90354e-06
 Reference value :  1.90479e-06
 Reference value :  1.90587e-06
 Reference value :  1.90720e-06
 Reference value :  1.90812e-06
 Reference value :  1.90952e-06
 Reference value :  1.91082e-06
 Reference value :  1.91191e-06
 Reference value :  1.91312e-06
 Reference value :  1.91449e-06
 Reference value :  1.91551e-06
 Reference value :  1.91688e-06
 Reference value :  1.91780e-06
 Reference value :  1.91893e-06
 Reference value :  1.91997e-06
 Reference value :  1.92087e-06
 Reference value :  1.92171e-06
 Reference value :  1.92296e-06
 Reference value :  1.92426e-06
 Reference value :  1.92548e-06
 Reference value :  1.92649e-06
 Reference value :  1.92760e-06
 Reference value :  1.92855e-06
 Reference value :  1.92952e-06
 Reference value :  1.93065e-06
 Reference value :  1.93172e-06
 Reference value :  1.93275e-06
 Reference value :  1.93372e-06
 Reference value :  1.93464e-06
 Reference value :  1.93591e-06
 Reference value :  1.93692e-06
 Reference value :  1.93831e-06
 Reference value :  1.93942e-06
 Reference value :  1.94057e-06
 Reference value :  1.94150e-06
 Reference value :  1.94262e-06
 Reference value :  1.94363e-06
 Reference value :  1.94440e-06
 Reference value :  1.94534e-06
 Reference value :  1.94639e-06
 Reference value :  1.94743e-06
 Reference value :  1.94841e-06
 Reference value :  1.94981e-06
 Reference value :  1.95058e-06
 Reference value :  1.95177e-06
 Reference value :  1.95279e-06
 Reference value :  1.95368e-06
 Reference value :  1.95475e-06
 Reference value :  1.95592e-06
 Reference value :  1.95707e-06
 Reference value :  1.95813e-06
 Reference value :  1.95955e-06
 Reference value :  1.96077e-06
 Reference value :  1.96180e-06
 Reference value :  1.96276e-06
 Reference value :  1.96402e-06
 Reference value :  1.96519e-06
 Reference value :  1.96648e-06
 Reference value :  1.96731e-06
 Reference value :  1.96867e-06
 Reference value :  1.96971e-06
 Reference value :  1.97078e-06
 Reference value :  1.97187e-06
 Reference value :  1.97302e-06
 Reference value :  1.97424e-06
 Reference value :  1.97542e-06
 Reference value :  1.97635e-06
 Reference value :  1.97756e-06
 Reference value :  1.97883e-06
 Reference value :  1.97976e-06
 Reference value :  1.98090e-06
 Reference value :  1.98180e-06
 Reference value :  1.98275e-06
 Reference value :  1.98382e-06
 Reference value :  1.98501e-06
 Reference value :  1.98619e-06
 Reference value :  1.98696e-06
 Reference value :  1.98799e-06
 Reference value :  1.98869e-06
 Reference value :  1.99003e-06
 Reference value :  1.99117e-06
 Reference value :  1.99237e-06
 Reference value :  1.99341e-06
 Reference value :  1.99442e-06
 Reference value :  1.99541e-06
 Reference value :  1.99674e-06
 Reference value :  1.99789e-06
 Reference value :  1.99890e-06
 Reference value :  2.00000e-06
 Reference value :  2.00103e-06
 Reference value :  2.00207e-06
 Reference value :  2.00315e-06
 Reference value :  2.00438e-06
 Reference value :  2.00526e-06
 Reference value :  2.00647e-06
 Reference value :  2.00757e-06
 Reference value :  2.00859e-06
 Reference value :  2.00975e-06
 Reference value :  2.01089e-06
 Reference value :  2.01197e-06
 Reference value :  2.01273e-06
 Reference value :  2.01377e-06
 Reference value :  2.01505e-06
 Reference value :  2.01595e-06
 Reference value :  2.01714e-06
 Reference value :  2.01807e-06
 Reference value :  2.01893e-06
 Reference value :  2.02003e-06
 Reference value :  2.02106e-06
 Reference value :  2.02185e-06
 Reference value :  2.02306e-06
 Reference value :  2.02394e-06
 Reference value :  2.02490e-06
 Reference value :  2.02617e-06
 Reference value :  2.02716e-06
 Reference value :  2.02832e-06
 Reference value :  2.02940e-06
 Reference value :  2.03032e-06
 Reference value :  2.03116e-06
 Reference value :  2.03236e-06
 Reference value :  2.03341e-06
 Reference value :  2.03485e-06
 Reference value :  2.03574e-06
 Reference value :  2.03704e-06
 Reference value :  2.03828e-06
 Reference value :  2.03963e-06
 Reference value :  2.04086e-06
 Reference value :  2.04198e-06
 Reference value :  2.04305e-06
 Reference value :  2.04426e-06
 Reference value :  2.04548e-06
 Reference value :  2.04624e-06
 Reference value :  2.04757e-06
 Reference value :  2.04845e-06
 Reference value :  2.04922e-06
 Reference value :  2.05045e-06
 Reference value :  2.05151e-06
 Reference value :  2.05259e-06
 Reference value :  2.05375e-06
 Reference value :  2.05494e-06
 Reference value :  2.05589e-06
 Reference value :  2.05676e-06
 Reference value :  2.05777e-06
 Reference value :  2.05901e-06
 Reference value :  2.05991e-06
 Reference value :  2.06123e-06
 Reference value :  2.06236e-06
 Reference value :  2.06359e-06
 Reference value :  2.06473e-06
 Reference value :  2.06585e-06
 Reference value :  2.06661e-06
 Reference value :  2.06754e-06
 Reference value :  2.06868e-06
 Reference value :  2.07011e-06
 Reference value :  2.07168e-06
 Reference value :  2.07356e-06
 Reference value :  2.07513e-06
 Reference value :  2.07682e-06
 Reference value :  2.07901e-06
 Reference value :  2.08051e-06
 Reference value :  2.08240e-06
 Reference value :  2.08370e-06
 Reference value :  2.08543e-06
 Reference value :  2.08753e-06
 Reference value :  2.08963e-06
 Reference value :  2.09112e-06
 Reference value :  2.09322e-06
 Reference value :  2.09498e-06
 Reference value :  2.09706e-06
 Reference value :  2.09893e-06
 Reference value :  2.10018e-06
 Reference value :  2.10124e-06
 Reference value :  2.10247e-06
 Reference value :  2.10331e-06
 Reference value :  2.10431e-06
 Reference value :  2.10562e-06
 Reference value :  2.10681e-06
 Reference value :  2.10776e-06
 Reference value :  2.10915e-06
 Reference value :  2.11031e-06
 Reference value :  2.11159e-06
 Reference value :  2.11284e-06
 Reference value :  2.11383e-06
 Reference value :  2.11514e-06
 Reference value :  2.11613e-06
 Reference value :  2.11731e-06
 Reference value :  2.11846e-06
 Reference value :  2.11997e-06
 Reference value :  2.12180e-06
 Reference value :  2.12392e-06
 Reference value :  2.12600e-06
 Reference value :  2.12802e-06
 Reference value :  2.12952e-06
 Reference value :  2.13125e-06
 Reference value :  2.13331e-06
 Reference value :  2.13507e-06
 Reference value :  2.13663e-06
 Reference value :  2.13865e-06
 Reference value :  2.14034e-06
 Reference value :  2.14204e-06
 Reference value :  2.14426e-06
 Reference value :  2.14554e-06
 Reference value :  2.14744e-06
 Reference value :  2.14855e-06
 Reference value :  2.14979e-06
 Reference value :  2.15073e-06
 Reference value :  2.15192e-06
 Reference value :  2.15283e-06
 Reference value :  2.15364e-06
 Reference value :  2.15493e-06
 Reference value :  2.15594e-06
 Reference value :  2.15763e-06
 Reference value :  2.15888e-06
 Reference value :  2.16015e-06
 Reference value :  2.16179e-06
 Reference value :  2.16346e-06
 Reference value :  2.16490e-06
 Reference value :  2.16582e-06
 Reference value :  2.16652e-06
 Reference value :  2.16810e-06
 Reference value :  2.16899e-06
 Reference value :  2.17027e-06
 Reference value :  2.17111e-06
 Reference value :  2.17220e-06
 Reference value :  2.17319e-06
 Reference value :  2.17406e-06
 Reference value :  2.17503e-06
 Reference value :  2.17620e-06
 Reference value :  2.17718e-06
 Reference value :  2.17797e-06
 Reference value :  2.17869e-06
 Reference value :  2.17984e-06
 Reference value :  2.18103e-06
 Reference value :  2.18195e-06
 Reference value :  2.18301e-06
 Reference value :  2.18396e-06
 Reference value :  2.18510e-06
 Reference value :  2.18609e-06
 Reference value :  2.18736e-06
 Reference value :  2.18838e-06
 Reference value :  2.18933e-06
 Reference value :  2.19033e-06
 Reference value :  2.19141e-06
 Reference value :  2.19250e-06
 Reference value :  2.19358e-06
 Reference value :  2.19477e-06
 Reference value :  2.19581e-06
 Reference value :  2.19671e-06
 Reference value :  2.19780e-06
 Reference value :  2.19901e-06
 Reference value :  2.20002e-06
 Reference value :  2.20101e-06
 Reference value :  2.20208e-06
 Reference value :  2.20311e-06
 Reference value :  2.20426e-06
 Reference value :  2.20547e-06
 Reference value :  2.20661e-06
 Reference value :  2.20773e-06
 Reference value :  2.20891e-06
 Reference value :  2.21032e-06
 Reference value :  2.21163e-06
 Reference value :  2.21283e-06
 Reference value :  2.21404e-06
 Reference value :  2.21561e-06
 Reference value :  2.21707e-06
 Reference value :  2.21798e-06
 Reference value :  2.21923e-06
 Reference value :  2.22044e-06
 Reference value :  2.22253e-06
 Reference value :  2.22487e-06
 Reference value :  2.22665e-06
 Reference value :  2.22772e-06
 Reference value :  2.23002e-06
 Reference value :  2.23160e-06
 Reference value :  2.23325e-06
 Reference value :  2.23485e-06
 Reference value :  2.23611e-06
 Reference value :  2.23795e-06
 Reference value :  2.23949e-06
 Reference value :  2.24127e-06
 Reference value :  2.24275e-06
 Reference value :  2.24404e-06
 Reference value :  2.24552e-06
 Reference value :  2.24742e-06
 Reference value :  2.24905e-06
 Reference value :  2.25002e-06
 Reference value :  2.25097e-06
 Reference value :  2.25217e-06
 Reference value :  2.25311e-06
 Reference value :  2.25433e-06
 Reference value :  2.25541e-06
 Reference value :  2.25666e-06
 Reference value :  2.25777e-06
 Reference value :  2.25922e-06
 Reference value :  2.26049e-06
 Reference value :  2.26203e-06
 Reference value :  2.26312e-06
 Reference value :  2.26429e-06
 Reference value :  2.26516e-06
 Reference value :  2.26614e-06
 Reference value :  2.26729e-06
 Reference value :  2.26829e-06
 Reference value :  2.26966e-06
 Reference value :  2.27057e-06
 Reference value :  2.27193e-06
 Reference value :  2.27330e-06
 Reference value :  2.27430e-06
 Reference value :  2.27554e-06
 Reference value :  2.27645e-06
 Reference value :  2.27775e-06
 Reference value :  2.27904e-06
 Reference value :  2.28083e-06
 Reference value :  2.28197e-06
 Reference value :  2.28320e-06
 Reference value :  2.28476e-06
 Reference value :  2.28600e-06
 Reference value :  2.28719e-06
 Reference value :  2.28846e-06
 Reference value :  2.28986e-06
 Reference value :  2.29089e-06
 Reference value :  2.29207e-06
 Reference value :  2.29304e-06
 Reference value :  2.29402e-06
 Reference value :  2.29541e-06
 Reference value :  2.29642e-06
 Reference value :  2.29789e-06
 Reference value :  2.29906e-06
 Reference value :  2.30033e-06
 Reference value :  2.30127e-06
 Reference value :  2.30231e-06
 Reference value :  2.30354e-06
 Reference value :  2.30452e-06
 Reference value :  2.30570e-06
 Reference value :  2.30673e-06
 Reference value :  2.30801e-06
 Reference value :  2.30914e-06
 Reference value :  2.31066e-06
 Reference value :  2.31177e-06
 Reference value :  2.31291e-06
 Reference value :  2.31430e-06
 Reference value :  2.31522e-06
 Reference value :  2.31629e-06
 Reference value :  2.31752e-06
 Reference value :  2.31854e-06
 Reference value :  2.31961e-06
 Reference value :  2.32071e-06
 Reference value :  2.32223e-06
 Reference value :  2.32328e-06
 Reference value :  2.32422e-06
 Reference value :  2.32545e-06
 Reference value :  2.32658e-06
 Reference value :  2.32785e-06
 Reference value :  2.32897e-06
 Reference value :  2.33049e-06
 Reference value :  2.33188e-06
 Reference value :  2.33335e-06
 Reference value :  2.33422e-06
 Reference value :  2.33557e-06
 Reference value :  2.33649e-06
 Reference value :  2.33715e-06
 Reference value :  2.33828e-06
 Reference value :  2.33939e-06
 Reference value :  2.34068e-06
 Reference value :  2.34241e-06
 Reference value :  2.34326e-06
 Reference value :  2.34478e-06
 Reference value :  2.34597e-06
 Reference value :  2.34712e-06
 Reference value :  2.34833e-06
 Reference value :  2.34940e-06
 Reference value :  2.35047e-06
 Reference value :  2.35172e-06
 Reference value :  2.35298e-06
 Reference value :  2.35430e-06
 Reference value :  2.35554e-06
 Reference value :  2.35694e-06
 Reference value :  2.35823e-06
 Reference value :  2.35932e-06
 Reference value :  2.36049e-06
 Reference value :  2.36138e-06
 Reference value :  2.36254e-06
 Reference value :  2.36378e-06
 Reference value :  2.36507e-06
 Reference value :  2.36615e-06
 Reference value :  2.36744e-06
 Reference value :  2.36871e-06
 Reference value :  2.36981e-06
 Reference value :  2.37113e-06
 Reference value :  2.37207e-06
 Reference value :  2.37292e-06
 Reference value :  2.37373e-06
 Reference value :  2.37499e-06
 Reference value :  2.37594e-06
 Reference value :  2.37716e-06
 Reference value :  2.37798e-06
 Reference value :  2.37904e-06
 Reference value :  2.38027e-06
 Reference value :  2.38135e-06
 Reference value :  2.38249e-06
 Reference value :  2.38362e-06
 Reference value :  2.38475e-06
 Reference value :  2.38572e-06
 Reference value :  2.38706e-06
 Reference value :  2.38846e-06
 Reference value :  2.38996e-06
 Reference value :  2.39133e-06
 Reference value :  2.39239e-06
 Reference value :  2.39363e-06
 Reference value :  2.39484e-06
 Reference value :  2.39615e-06
 Reference value :  2.39734e-06
 Reference value :  2.39823e-06
 Reference value :  2.39926e-06
 Reference value :  2.40040e-06
 Reference value :  2.40148e-06
 Reference value :  2.40255e-06
 Reference value :  2.40363e-06
 Reference value :  2.40485e-06
 Reference value :  2.40598e-06
 Reference value :  2.40735e-06
 Reference value :  2.40828e-06
 Reference value :  2.40940e-06
 Reference value :  2.41075e-06
 Reference value :  2.41207e-06
 Reference value :  2.41363e-06
 Reference value :  2.41467e-06
 Reference value :  2.41588e-06
 Reference value :  2.41722e-06
 Reference value :  2.41825e-06
 Reference value :  2.41956e-06
 Reference value :  2.42050e-06
 Reference value :  2.42176e-06
 Reference value :  2.42287e-06
 Reference value :  2.42389e-06
 Reference value :  2.42484e-06
 Reference value :  2.42614e-06
 Reference value :  2.42713e-06
 Reference value :  2.42798e-06
 Reference value :  2.42924e-06
 Reference value :  2.43031e-06
 Reference value :  2.43133e-06
 Reference value :  2.43251e-06
 Reference value :  2.43367e-06
 Reference value :  2.43464e-06
 Reference value :  2.43552e-06
 Reference value :  2.43672e-06
 Reference value :  2.43775e-06
 Reference value :  2.43880e-06
 Reference value :  2.43995e-06
 Reference value :  2.44125e-06
 Reference value :  2.44236e-06
 Reference value :  2.44359e-06
 Reference value :  2.44452e-06
 Reference value :  2.44551e-06
 Reference value :  2.44629e-06
 Reference value :  2.44760e-06
 Reference value :  2.44909e-06
 Reference value :  2.45008e-06
 Reference value :  2.45119e-06
 Reference value :  2.45228e-06
 Reference value :  2.45345e-06
 Reference value :  2.45471e-06
 Reference value :  2.45589e-06
 Reference value :  2.45707e-06
 Reference value :  2.45811e-06
 Reference value :  2.45953e-06
 Reference value :  2.46111e-06
 Reference value :  2.46252e-06
 Reference value :  2.46342e-06
 Reference value :  2.46480e-06
 Reference value :  2.46642e-06
 Reference value :  2.46769e-06
 Reference value :  2.46894e-06
 Reference value :  2.47001e-06
 Reference value :  2.47112e-06
 Reference value :  2.47202e-06
 Reference value :  2.47328e-06
 Reference value :  2.47461e-06
 Reference value :  2.47603e-06
 Reference value :  2.47763e-06
 Reference value :  2.47869e-06
 Reference value :  2.48005e-06
 Reference value :  2.48136e-06
 Reference value :  2.48237e-06
 Reference value :  2.48360e-06
 Reference value :  2.48482e-06
 Reference value :  2.48627e-06
 Reference value :  2.48743e-06
 Reference value :  2.48854e-06
 Reference value :  2.48960e-06
 Reference value :  2.49064e-06
 Reference value :  2.49182e-06
 Reference value :  2.49275e-06
 Reference value :  2.49426e-06
 Reference value :  2.49561e-06
 Reference value :  2.49675e-06
 Reference value :  2.49810e-06
 Reference value :  2.49968e-06
 Reference value :  2.50065e-06
 Reference value :  2.50188e-06
 Reference value :  2.50321e-06
 Reference value :  2.50450e-06
 Reference value :  2.50553e-06
 Reference value :  2.50666e-06
 Reference value :  2.50767e-06
 Reference value :  2.50866e-06
 Reference value :  2.50959e-06
 Reference value :  2.51081e-06
 Reference value :  2.51184e-06
 Reference value :  2.51301e-06
 Reference value :  2.51404e-06
 Reference value :  2.51514e-06
 Reference value :  2.51671e-06
 Reference value :  2.51789e-06
 Reference value :  2.51878e-06
 Reference value :  2.51990e-06
 Reference value :  2.52091e-06
 Reference value :  2.52203e-06
 Reference value :  2.52296e-06
 Reference value :  2.52401e-06
 Reference value :  2.52528e-06
 Reference value :  2.52632e-06
 Reference value :  2.52737e-06
 Reference value :  2.52841e-06
 Reference value :  2.52983e-06
 Reference value :  2.53126e-06
 Reference value :  2.53243e-06
 Reference value :  2.53338e-06
 Reference value :  2.53478e-06
 Reference value :  2.53581e-06
 Reference value :  2.53714e-06
 Reference value :  2.53838e-06
 Reference value :  2.53954e-06
 Reference value :  2.54087e-06
 Reference value :  2.54192e-06
 Reference value :  2.54290e-06
 Reference value :  2.54417e-06
 Reference value :  2.54536e-06
 Reference value :  2.54657e-06
 Reference value :  2.54769e-06
 Reference value :  2.54862e-06
 Reference value :  2.54991e-06
 Reference value :  2.55100e-06
 Reference value :  2.55246e-06
 Reference value :  2.55345e-06
 Reference value :  2.55452e-06
 Reference value :  2.55563e-06
 Reference value :  2.55680e-06
 Reference value :  2.55800e-06
 Reference value :  2.55897e-06
 Reference value :  2.55986e-06
 Reference value :  2.56092e-06
 Reference value :  2.56204e-06
 Reference value :  2.56319e-06
 Reference value :  2.56469e-06
 Reference value :  2.56631e-06
 Reference value :  2.56774e-06
 Reference value :  2.56911e-06
 Reference value :  2.57060e-06
 Reference value :  2.57171e-06
 Reference value :  2.57277e-06
 Reference value :  2.57398e-06
 Reference value :  2.57509e-06
 Reference value :  2.57627e-06
 Reference value :  2.57713e-06
 Reference value :  2.57826e-06
 Reference value :  2.57933e-06
 Reference value :  2.58015e-06
 Reference value :  2.58149e-06
 Reference value :  2.58264e-06
 Reference value :  2.58355e-06
 Reference value :  2.58448e-06
 Reference value :  2.58557e-06
 Reference value :  2.58692e-06
 Reference value :  2.58783e-06
 Reference value :  2.58908e-06
 Reference value :  2.59018e-06
 Reference value :  2.59157e-06
 Reference value :  2.59283e-06
 Reference value :  2.59386e-06
 Reference value :  2.59528e-06
 Reference value :  2.59668e-06
 Reference value :  2.59802e-06
 Reference value :  2.59901e-06
 Reference value :  2.60005e-06
 Reference value :  2.60116e-06
 Reference value :  2.60218e-06
 Reference value :  2.60303e-06
 Reference value :  2.60402e-06
 Reference value :  2.60538e-06
 Reference value :  2.60647e-06
 Reference value :  2.60727e-06
 Reference value :  2.60856e-06
 Reference value :  2.60959e-06
 Reference value :  2.61076e-06
 Reference value :  2.61171e-06
 Reference value :  2.61287e-06
 Reference value :  2.61391e-06
 Reference value :  2.61486e-06
 Reference value :  2.61608e-06
 Reference value :  2.61719e-06
 Reference value :  2.61848e-06
 Reference value :  2.61930e-06
 Reference value :  2.62041e-06
 Reference value :  2.62152e-06
 Reference value :  2.62270e-06
 Reference value :  2.62374e-06
 Reference value :  2.62514e-06
 Reference value :  2.62608e-06
 Reference value :  2.62692e-06
 Reference value :  2.62836e-06
 Reference value :  2.62974e-06
 Reference value :  2.63126e-06
 Reference value :  2.63230e-06
 Reference value :  2.63319e-06
 Reference value :  2.63442e-06
 Reference value :  2.63567e-06
 Reference value :  2.63667e-06
 Reference value :  2.63754e-06
 Reference value :  2.63854e-06
 Reference value :  2.63989e-06
 Reference value :  2.64123e-06
 Reference value :  2.64228e-06
 Reference value :  2.64336e-06
 Reference value :  2.64433e-06
 Reference value :  2.64570e-06
 Reference value :  2.64712e-06
 Reference value :  2.64830e-06
 Reference value :  2.64947e-06
 Reference value :  2.65070e-06
 Reference value :  2.65171e-06
 Reference value :  2.65313e-06
 Reference value :  2.65414e-06
 Reference value :  2.65534e-06
 Reference value :  2.65631e-06
 Reference value :  2.65763e-06
 Reference value :  2.65850e-06
 Reference value :  2.65961e-06
 Reference value :  2.66075e-06
 Reference value :  2.66175e-06
 Reference value :  2.66282e-06
 Reference value :  2.66374e-06
 Reference value :  2.66476e-06
 Reference value :  2.66586e-06
 Reference value :  2.66714e-06
 Reference value :  2.66812e-06
 Reference value :  2.66904e-06
 Reference value :  2.67046e-06
 Reference value :  2.67184e-06
 Reference value :  2.67322e-06
 Reference value :  2.67462e-06
 Reference value :  2.67585e-06
 Reference value :  2.67727e-06
 Reference value :  2.67813e-06
 Reference value :  2.67948e-06
 Reference value :  2.68036e-06
 Reference value :  2.68142e-06
 Reference value :  2.68256e-06
 Reference value :  2.68356e-06
 Reference value :  2.68489e-06
 Reference value :  2.68615e-06
 Reference value :  2.68731e-06
 Reference value :  2.68893e-06
 Reference value :  2.69055e-06
 Reference value :  2.69184e-06
 Reference value :  2.69336e-06
 Reference value :  2.69559e-06
 Reference value :  2.69668e-06
 Reference value :  2.69819e-06
 Reference value :  2.69969e-06
 Reference value :  2.70096e-06
 Reference value :  2.70199e-06
 Reference value :  2.70331e-06
 Reference value :  2.70455e-06
 Reference value :  2.70555e-06
 Reference value :  2.70693e-06
 Reference value :  2.70809e-06
 Reference value :  2.70940e-06
 Reference value :  2.71073e-06
 Reference value :  2.71181e-06
 Reference value :  2.71300e-06
 Reference value :  2.71409e-06
 Reference value :  2.71530e-06
 Reference value :  2.71619e-06
 Reference value :  2.71738e-06
 Reference value :  2.71853e-06
 Reference value :  2.71974e-06
 Reference value :  2.72069e-06
 Reference value :  2.72185e-06
 Reference value :  2.72301e-06
 Reference value :  2.72421e-06
 Reference value :  2.72506e-06
 Reference value :  2.72636e-06
 Reference value :  2.72740e-06
 Reference value :  2.72870e-06
 Reference value :  2.72956e-06
 Reference value :  2.73104e-06
 Reference value :  2.73233e-06
 Reference value :  2.73346e-06
 Reference value :  2.73440e-06
 Reference value :  2.73551e-06
 Reference value :  2.73699e-06
 Reference value :  2.73812e-06
 Reference value :  2.73921e-06
 Reference value :  2.74006e-06
 Reference value :  2.74106e-06
 Reference value :  2.74248e-06
 Reference value :  2.74390e-06
 Reference value :  2.74500e-06
 Reference value :  2.74626e-06
 Reference value :  2.74733e-06
 Reference value :  2.74871e-06
 Reference value :  2.74984e-06
 Reference value :  2.75085e-06
 Reference value :  2.75203e-06
 Reference value :  2.75301e-06
 Reference value :  2.75437e-06
 Reference value :  2.75530e-06
 Reference value :  2.75651e-06
 Reference value :  2.75760e-06
 Reference value :  2.75858e-06
 Reference value :  2.75965e-06
 Reference value :  2.76114e-06
 Reference value :  2.76216e-06
 Reference value :  2.76344e-06
 Reference value :  2.76434e-06
 Reference value :  2.76582e-06
 Reference value :  2.76727e-06
 Reference value :  2.76857e-06
 Reference value :  2.76969e-06
 Reference value :  2.77063e-06
 Reference value :  2.77160e-06
 Reference value :  2.77279e-06
 Reference value :  2.77400e-06
 Reference value :  2.77510e-06
 Reference value :  2.77615e-06
 Reference value :  2.77714e-06
 Reference value :  2.77841e-06
 Reference value :  2.77944e-06
 Reference value :  2.78060e-06
 Reference value :  2.78166e-06
 Reference value :  2.78285e-06
 Reference value :  2.78376e-06
 Reference value :  2.78491e-06
 Reference value :  2.78598e-06
 Reference value :  2.78724e-06
 Reference value :  2.78830e-06
 Reference value :  2.78958e-06
 Reference value :  2.79069e-06
 Reference value :  2.79170e-06
 Reference value :  2.79281e-06
 Reference value :  2.79413e-06
 Reference value :  2.79504e-06
 Reference value :  2.79600e-06
 Reference value :  2.79714e-06
 Reference value :  2.79842e-06
 Reference value :  2.80000e-06
 Reference value :  2.80097e-06
 Reference value :  2.80212e-06
 Reference value :  2.80332e-06
 Reference value :  2.80456e-06
 Reference value :  2.80606e-06
 Reference value :  2.80714e-06
 Reference value :  2.80811e-06
 Reference value :  2.80919e-06
 Reference value :  2.81034e-06
 Reference value :  2.81184e-06
 Reference value :  2.81308e-06
 Reference value :  2.81432e-06
 Reference value :  2.81629e-06
 Reference value :  2.81746e-06
 Reference value :  2.81907e-06
 Reference value :  2.82017e-06
 Reference value :  2.82221e-06
 Reference value :  2.82452e-06
 Reference value :  2.82589e-06
 Reference value :  2.82754e-06
 Reference value :  2.82941e-06
 Reference value :  2.83138e-06
 Reference value :  2.83329e-06
 Reference value :  2.83505e-06
 Reference value :  2.83694e-06
 Reference value :  2.83888e-06
 Reference value :  2.84081e-06
 Reference value :  2.84284e-06
 Reference value :  2.84487e-06
 Reference value :  2.84672e-06
 Reference value :  2.84887e-06
 Reference value :  2.85000e-06
 Reference value :  2.85095e-06
 Reference value :  2.85203e-06
 Reference value :  2.85322e-06
 Reference value :  2.85413e-06
 Reference value :  2.85537e-06
 Reference value :  2.85631e-06
 Reference value :  2.85712e-06
 Reference value :  2.85844e-06
 Reference value :  2.85943e-06
 Reference value :  2.86100e-06
 Reference value :  2.86214e-06
 Reference value :  2.86335e-06
 Reference value :  2.86477e-06
 Reference value :  2.86665e-06
 Reference value :  2.86832e-06
 Reference value :  2.86944e-06
 Reference value :  2.87091e-06
 Reference value :  2.87230e-06
 Reference value :  2.87345e-06
 Reference value :  2.87443e-06
 Reference value :  2.87504e-06
 Reference value :  2.87643e-06
 Reference value :  2.87747e-06
 Reference value :  2.87855e-06
 Reference value :  2.87982e-06
 Reference value :  2.88075e-06
 Reference value :  2.88146e-06
 Reference value :  2.88278e-06
 Reference value :  2.88404e-06
 Reference value :  2.88537e-06
 Reference value :  2.88684e-06
 Reference value :  2.88779e-06
 Reference value :  2.88896e-06
 Reference value :  2.89041e-06
 Reference value :  2.89174e-06
 Reference value :  2.89286e-06
 Reference value :  2.89363e-06
 Reference value :  2.89491e-06
 Reference value :  2.89637e-06
 Reference value :  2.89737e-06
 Reference value :  2.89842e-06
 Reference value :  2.89971e-06
 Reference value :  2.90097e-06
 Reference value :  2.90216e-06
 Reference value :  2.90338e-06
 Reference value :  2.90438e-06
 Reference value :  2.90550e-06
 Reference value :  2.90659e-06
 Reference value :  2.90793e-06
 Reference value :  2.90928e-06
 Reference value :  2.91019e-06
 Reference value :  2.91171e-06
 Reference value :  2.91291e-06
 Reference value :  2.91392e-06
 Reference value :  2.91524e-06
 Reference value :  2.91635e-06
 Reference value :  2.91735e-06
 Reference value :  2.91853e-06
 Reference value :  2.91961e-06
 Reference value :  2.92065e-06
 Reference value :  2.92193e-06
 Reference value :  2.92294e-06
 Reference value :  2.92418e-06
 Reference value :  2.92532e-06
 Reference value :  2.92647e-06
 Reference value :  2.92786e-06
 Reference value :  2.92883e-06
 Reference value :  2.92978e-06
 Reference value :  2.93084e-06
 Reference value :  2.93189e-06
 Reference value :  2.93315e-06
 Reference value :  2.93444e-06
 Reference value :  2.93542e-06
 Reference value :  2.93641e-06
 Reference value :  2.93769e-06
 Reference value :  2.93857e-06
 Reference value :  2.93987e-06
 Reference value :  2.94101e-06
 Reference value :  2.94227e-06
 Reference value :  2.94314e-06
 Reference value :  2.94435e-06
 Reference value :  2.94552e-06
 Reference value :  2.94647e-06
 Reference value :  2.94744e-06
 Reference value :  2.94848e-06
 Reference value :  2.94985e-06
 Reference value :  2.95075e-06
 Reference value :  2.95188e-06
 Reference value :  2.95280e-06
 Reference value :  2.95358e-06
 Reference value :  2.95489e-06
 Reference value :  2.95612e-06
 Reference value :  2.95748e-06
 Reference value :  2.95858e-06
 Reference value :  2.95962e-06
 Reference value :  2.96084e-06
 Reference value :  2.96191e-06
 Reference value :  2.96281e-06
 Reference value :  2.96403e-06
 Reference value :  2.96499e-06
 Reference value :  2.96620e-06
 Reference value :  2.96731e-06
 Reference value :  2.96847e-06
 Reference value :  2.96986e-06
 Reference value :  2.97092e-06
 Reference value :  2.97211e-06
 Reference value :  2.97303e-06
 Reference value :  2.97427e-06
 Reference value :  2.97538e-06
 Reference value :  2.97637e-06
 Reference value :  2.97743e-06
 Reference value :  2.97884e-06
 Reference value :  2.97981e-06
 Reference value :  2.98109e-06
 Reference value :  2.98202e-06
 Reference value :  2.98321e-06
 Reference value :  2.98425e-06
 Reference value :  2.98554e-06
 Reference value :  2.98699e-06
 Reference value :  2.98806e-06
 Reference value :  2.98931e-06
 Reference value :  2.99036e-06
 Reference value :  2.99108e-06
 Reference value :  2.99241e-06
 Reference value :  2.99354e-06
 Reference value :  2.99461e-06
 Reference value :  2.99572e-06
 Reference value :  2.99687e-06
 Reference value :  2.99797e-06
 Reference value :  2.99918e-06
No. of Data Rows : 32279
sim/harness: analysis complete
Note: Simulation executed from .control section 
Warning: singular matrix:  check node xxxtop.xxdiv.xcnt5.a_761_289#

Note: Starting dynamic gmin stepping
Note: Dynamic gmin stepping completed
