
Note: Compatibility modes selected: hs a


Circuit: ** sch_path: /users/rwalters/github/sky130-pll/.loom/worktrees/issue-81/sim/pll-lock/testbench/tb_pll_lock.sch

option SCALE: Scale is set to 1e-06 for instance and model parameters
option SCALE: Scale is set to 1e-06 for instance and model parameters
option SCALE: Scale is set to 1e-06 for instance and model parameters
option SCALE: Scale is set to 1e-06 for instance and model parameters
Doing analysis at TEMP = 27.000000 and TNOM = 27.000000

Using KLU as Direct Linear Solver
 Reference value :  0.00000e+00
 Reference value :  1.79000e-09
 Reference value :  6.06000e-09
 Reference value :  1.31000e-08
 Reference value :  2.25000e-08
 Reference value :  3.29000e-08
 Reference value :  4.35000e-08
 Reference value :  5.06809e-08
 Reference value :  5.80809e-08
 Reference value :  6.54809e-08
 Reference value :  7.38809e-08
 Reference value :  8.32809e-08
 Reference value :  9.42809e-08
 Reference value :  1.01054e-07
 Reference value :  1.09135e-07
 Reference value :  1.19335e-07
 Reference value :  1.29735e-07
 Reference value :  1.40135e-07
 Reference value :  1.49500e-07
 Reference value :  1.55637e-07
 Reference value :  1.63037e-07
 Reference value :  1.71037e-07
 Reference value :  1.78437e-07
 Reference value :  1.86037e-07
 Reference value :  1.94637e-07
 Reference value :  2.01059e-07
 Reference value :  2.09059e-07
 Reference value :  2.19459e-07
 Reference value :  2.30059e-07
 Reference value :  2.40259e-07
 Reference value :  2.49850e-07
 Reference value :  2.55437e-07
 Reference value :  2.62837e-07
 Reference value :  2.70837e-07
 Reference value :  2.77837e-07
 Reference value :  2.85437e-07
 Reference value :  2.94237e-07
 Reference value :  3.01020e-07
 Reference value :  3.08859e-07
 Reference value :  3.19259e-07
 Reference value :  3.29459e-07
 Reference value :  3.40259e-07
 Reference value :  3.49700e-07
 Reference value :  3.55037e-07
 Reference value :  3.62437e-07
 Reference value :  3.70437e-07
 Reference value :  3.78037e-07
 Reference value :  3.85637e-07
 Reference value :  3.94237e-07
 Reference value :  4.01000e-07
 Reference value :  4.07859e-07
 Reference value :  4.17659e-07
 Reference value :  4.27659e-07
 Reference value :  4.37859e-07
 Reference value :  4.47859e-07
 Reference value :  4.53037e-07
 Reference value :  4.60237e-07
 Reference value :  4.67637e-07
 Reference value :  4.75637e-07
 Reference value :  4.82837e-07
 Reference value :  4.91637e-07
 Reference value :  5.00140e-07
 Reference value :  5.06059e-07
 Reference value :  5.16659e-07
 Reference value :  5.27259e-07
 Reference value :  5.38259e-07
 Reference value :  5.49000e-07
 Reference value :  5.53837e-07
 Reference value :  5.61237e-07
 Reference value :  5.68837e-07
 Reference value :  5.76037e-07
 Reference value :  5.83637e-07
 Reference value :  5.92437e-07
 Reference value :  6.00700e-07
 Reference value :  6.07059e-07
 Reference value :  6.17659e-07
 Reference value :  6.28459e-07
 Reference value :  6.38659e-07
 Reference value :  6.49000e-07
 Reference value :  6.54037e-07
 Reference value :  6.60837e-07
 Reference value :  6.68437e-07
 Reference value :  6.76237e-07
 Reference value :  6.83837e-07
 Reference value :  6.92437e-07
 Reference value :  7.00500e-07
 Reference value :  7.06259e-07
 Reference value :  7.16259e-07
 Reference value :  7.26659e-07
 Reference value :  7.36859e-07
 Reference value :  7.46659e-07
 Reference value :  7.52237e-07
 Reference value :  7.59437e-07
 Reference value :  7.66437e-07
 Reference value :  7.74437e-07
 Reference value :  7.81437e-07
 Reference value :  7.91637e-07
 Reference value :  8.00060e-07
 Reference value :  8.05059e-07
 Reference value :  8.14859e-07
 Reference value :  8.25459e-07
 Reference value :  8.35859e-07
 Reference value :  8.46259e-07
 Reference value :  8.52237e-07
 Reference value :  8.59437e-07
 Reference value :  8.66837e-07
 Reference value :  8.74837e-07
 Reference value :  8.82237e-07
 Reference value :  8.90037e-07
 Reference value :  8.98837e-07
 Reference value :  9.04459e-07
 Reference value :  9.14459e-07
 Reference value :  9.25059e-07
 Reference value :  9.35859e-07
 Reference value :  9.46459e-07
 Reference value :  9.52237e-07
 Reference value :  9.59437e-07
 Reference value :  9.66837e-07
 Reference value :  9.74637e-07
 Reference value :  9.81637e-07
 Reference value :  9.90037e-07
 Reference value :  9.98237e-07
 Reference value :  1.00346e-06
 Reference value :  1.01226e-06
 Reference value :  1.02246e-06
 Reference value :  1.03286e-06
 Reference value :  1.04306e-06
 Reference value :  1.05012e-06
 Reference value :  1.05784e-06
 Reference value :  1.06744e-06
 Reference value :  1.07844e-06
 Reference value :  1.08904e-06
 Reference value :  1.10002e-06
 Reference value :  1.10886e-06
 Reference value :  1.12246e-06
 Reference value :  1.13746e-06
 Reference value :  1.15000e-06
 Reference value :  1.15844e-06
 Reference value :  1.16964e-06
 Reference value :  1.17964e-06
 Reference value :  1.19064e-06
 Reference value :  1.20100e-06
 Reference value :  1.20826e-06
 Reference value :  1.21846e-06
 Reference value :  1.22906e-06
 Reference value :  1.23926e-06
 Reference value :  1.24883e-06
 Reference value :  1.25384e-06
 Reference value :  1.26104e-06
 Reference value :  1.26864e-06
 Reference value :  1.27604e-06
 Reference value :  1.28344e-06
 Reference value :  1.29224e-06
 Reference value :  1.30050e-06
 Reference value :  1.30586e-06
 Reference value :  1.31566e-06
 Reference value :  1.32586e-06
 Reference value :  1.33606e-06
 Reference value :  1.34566e-06
 Reference value :  1.35144e-06
 Reference value :  1.35844e-06
 Reference value :  1.36584e-06
 Reference value :  1.37404e-06
 Reference value :  1.38164e-06
 Reference value :  1.39044e-06
 Reference value :  1.39924e-06
 Reference value :  1.40446e-06
 Reference value :  1.41466e-06
 Reference value :  1.42506e-06
 Reference value :  1.43546e-06
 Reference value :  1.44566e-06
 Reference value :  1.45164e-06
 Reference value :  1.45904e-06
 Reference value :  1.46624e-06
 Reference value :  1.47424e-06
 Reference value :  1.48164e-06
 Reference value :  1.48984e-06
 Reference value :  1.49824e-06
 Reference value :  1.50366e-06
 Reference value :  1.51326e-06
 Reference value :  1.52366e-06
 Reference value :  1.53406e-06
 Reference value :  1.54426e-06
 Reference value :  1.55064e-06
 Reference value :  1.55784e-06
 Reference value :  1.56484e-06
 Reference value :  1.57284e-06
 Reference value :  1.58004e-06
 Reference value :  1.58824e-06
 Reference value :  1.59684e-06
 Reference value :  1.60266e-06
 Reference value :  1.61166e-06
 Reference value :  1.62226e-06
 Reference value :  1.63286e-06
 Reference value :  1.64326e-06
 Reference value :  1.65031e-06
 Reference value :  1.65724e-06
 Reference value :  1.66424e-06
 Reference value :  1.67224e-06
 Reference value :  1.67944e-06
 Reference value :  1.68744e-06
 Reference value :  1.69584e-06
 Reference value :  1.70166e-06
 Reference value :  1.71006e-06
 Reference value :  1.72066e-06
 Reference value :  1.73126e-06
 Reference value :  1.74166e-06
 Reference value :  1.75006e-06
 Reference value :  1.75664e-06
 Reference value :  1.76384e-06
 Reference value :  1.77184e-06
 Reference value :  1.77884e-06
 Reference value :  1.78644e-06
 Reference value :  1.79504e-06
 Reference value :  1.80106e-06
 Reference value :  1.80866e-06
 Reference value :  1.81886e-06
 Reference value :  1.82926e-06
 Reference value :  1.83946e-06
 Reference value :  1.84930e-06
 Reference value :  1.85464e-06
 Reference value :  1.86184e-06
 Reference value :  1.86944e-06
 Reference value :  1.87684e-06
 Reference value :  1.88424e-06
 Reference value :  1.89304e-06
 Reference value :  1.90085e-06
 Reference value :  1.90766e-06
 Reference value :  1.91786e-06
 Reference value :  1.92806e-06
 Reference value :  1.93826e-06
 Reference value :  1.94846e-06
 Reference value :  1.95344e-06
 Reference value :  1.96084e-06
 Reference value :  1.96844e-06
 Reference value :  1.97604e-06
 Reference value :  1.98344e-06
 Reference value :  1.99204e-06
 Reference value :  2.00014e-06
 Reference value :  2.00586e-06
 Reference value :  2.01606e-06
 Reference value :  2.02666e-06
 Reference value :  2.03746e-06
 Reference value :  2.04826e-06
 Reference value :  2.05364e-06
 Reference value :  2.06124e-06
 Reference value :  2.06904e-06
 Reference value :  2.07664e-06
 Reference value :  2.08424e-06
 Reference value :  2.09304e-06
 Reference value :  2.10070e-06
 Reference value :  2.10686e-06
 Reference value :  2.11726e-06
 Reference value :  2.12786e-06
 Reference value :  2.13846e-06
 Reference value :  2.14900e-06
 Reference value :  2.15404e-06
 Reference value :  2.16144e-06
 Reference value :  2.16904e-06
 Reference value :  2.17684e-06
 Reference value :  2.18424e-06
 Reference value :  2.19284e-06
 Reference value :  2.20070e-06
 Reference value :  2.20666e-06
 Reference value :  2.21746e-06
 Reference value :  2.22786e-06
 Reference value :  2.23806e-06
 Reference value :  2.24846e-06
 Reference value :  2.25364e-06
 Reference value :  2.26084e-06
 Reference value :  2.26844e-06
 Reference value :  2.27604e-06
 Reference value :  2.28344e-06
 Reference value :  2.29164e-06
 Reference value :  2.30002e-06
 Reference value :  2.30526e-06
 Reference value :  2.31526e-06
 Reference value :  2.32606e-06
 Reference value :  2.33626e-06
 Reference value :  2.34686e-06
 Reference value :  2.35244e-06
 Reference value :  2.35964e-06
 Reference value :  2.36704e-06
 Reference value :  2.37504e-06
 Reference value :  2.38244e-06
 Reference value :  2.39124e-06
 Reference value :  2.40000e-06
 Reference value :  2.40526e-06
 Reference value :  2.41526e-06
 Reference value :  2.42566e-06
 Reference value :  2.43626e-06
 Reference value :  2.44706e-06
 Reference value :  2.45284e-06
 Reference value :  2.46044e-06
 Reference value :  2.46804e-06
 Reference value :  2.47604e-06
 Reference value :  2.48344e-06
 Reference value :  2.49204e-06
 Reference value :  2.50050e-06
 Reference value :  2.50626e-06
 Reference value :  2.51686e-06
 Reference value :  2.52746e-06
 Reference value :  2.53766e-06
 Reference value :  2.54806e-06
 Reference value :  2.55404e-06
 Reference value :  2.56144e-06
 Reference value :  2.56904e-06
 Reference value :  2.57644e-06
 Reference value :  2.58364e-06
 Reference value :  2.59204e-06
 Reference value :  2.60030e-06
 Reference value :  2.60626e-06
 Reference value :  2.61666e-06
 Reference value :  2.62726e-06
 Reference value :  2.63806e-06
 Reference value :  2.64866e-06
 Reference value :  2.65384e-06
 Reference value :  2.66084e-06
 Reference value :  2.66864e-06
 Reference value :  2.67644e-06
 Reference value :  2.68364e-06
 Reference value :  2.69224e-06
 Reference value :  2.70050e-06
 Reference value :  2.70646e-06
 Reference value :  2.71706e-06
 Reference value :  2.72746e-06
 Reference value :  2.73766e-06
 Reference value :  2.74866e-06
 Reference value :  2.75364e-06
 Reference value :  2.76124e-06
 Reference value :  2.76884e-06
 Reference value :  2.77664e-06
 Reference value :  2.78404e-06
 Reference value :  2.79264e-06
 Reference value :  2.80050e-06
 Reference value :  2.80626e-06
 Reference value :  2.81686e-06
 Reference value :  2.82746e-06
 Reference value :  2.83826e-06
 Reference value :  2.84902e-06
 Reference value :  2.85444e-06
 Reference value :  2.86204e-06
 Reference value :  2.87004e-06
 Reference value :  2.87744e-06
 Reference value :  2.88524e-06
 Reference value :  2.89404e-06
 Reference value :  2.90100e-06
 Reference value :  2.90866e-06
 Reference value :  2.91946e-06
 Reference value :  2.93006e-06
 Reference value :  2.94126e-06
 Reference value :  2.95002e-06
 Reference value :  2.95604e-06
 Reference value :  2.96324e-06
 Reference value :  2.97144e-06
 Reference value :  2.97864e-06
 Reference value :  2.98644e-06
 Reference value :  2.99484e-06
No. of Data Rows : 15412
sim/harness: analysis complete
Note: Simulation executed from .control section 
