
Note: Compatibility modes selected: hs a


Circuit: ** sch_path: /users/rwalters/github/sky130-pll/.loom/worktrees/issue-81/sim/pll-lock/testbench/tb_pll_lock.sch

option SCALE: Scale is set to 1e-06 for instance and model parameters
option SCALE: Scale is set to 1e-06 for instance and model parameters
option SCALE: Scale is set to 1e-06 for instance and model parameters
option SCALE: Scale is set to 1e-06 for instance and model parameters
Doing analysis at TEMP = -40.000000 and TNOM = 27.000000

Using KLU as Direct Linear Solver
 Reference value :  0.00000e+00
 Reference value :  4.01457e-09
 Reference value :  6.31570e-09
 Reference value :  7.49013e-09
 Reference value :  9.11506e-09
 Reference value :  1.22705e-08
 Reference value :  1.29305e-08
 Reference value :  1.55974e-08
 Reference value :  1.88199e-08
 Reference value :  2.19594e-08
 Reference value :  2.47187e-08
 Reference value :  2.78327e-08
 Reference value :  3.07201e-08
 Reference value :  3.33737e-08
 Reference value :  3.68645e-08
 Reference value :  3.78468e-08
 Reference value :  4.09096e-08
 Reference value :  4.35059e-08
 Reference value :  4.57306e-08
 Reference value :  4.86851e-08
 Reference value :  4.98439e-08
 Reference value :  5.23790e-08
 Reference value :  5.50631e-08
 Reference value :  5.75277e-08
 Reference value :  6.02646e-08
 Reference value :  6.11531e-08
 Reference value :  6.49395e-08
 Reference value :  6.78201e-08
 Reference value :  7.03930e-08
 Reference value :  7.18278e-08
 Reference value :  7.43976e-08
 Reference value :  7.72257e-08
 Reference value :  7.89506e-08
 Reference value :  8.15996e-08
 Reference value :  8.34585e-08
 Reference value :  8.59816e-08
 Reference value :  8.86874e-08
 Reference value :  9.12149e-08
 Reference value :  9.38531e-08
 Reference value :  9.63859e-08
 Reference value :  9.86663e-08
 Reference value :  1.00012e-07
 Reference value :  1.02109e-07
 Reference value :  1.04706e-07
 Reference value :  1.05658e-07
 Reference value :  1.07232e-07
 Reference value :  1.10000e-07
 Reference value :  1.12682e-07
 Reference value :  1.15187e-07
 Reference value :  1.17787e-07
 Reference value :  1.20503e-07
 Reference value :  1.22089e-07
 Reference value :  1.23106e-07
 Reference value :  1.25845e-07
 Reference value :  1.27374e-07
 Reference value :  1.30792e-07
 Reference value :  1.32471e-07
 Reference value :  1.35407e-07
 Reference value :  1.37767e-07
 Reference value :  1.38787e-07
 Reference value :  1.41506e-07
 Reference value :  1.43283e-07
 Reference value :  1.45645e-07
 Reference value :  1.47322e-07
 Reference value :  1.49040e-07
 Reference value :  1.50060e-07
 Reference value :  1.52136e-07
 Reference value :  1.54481e-07
 Reference value :  1.57158e-07
 Reference value :  1.59686e-07
 Reference value :  1.62283e-07
 Reference value :  1.64694e-07
 Reference value :  1.67405e-07
 Reference value :  1.69894e-07
 Reference value :  1.72626e-07
 Reference value :  1.74783e-07
 Reference value :  1.77752e-07
 Reference value :  1.80621e-07
 Reference value :  1.83216e-07
 Reference value :  1.85887e-07
 Reference value :  1.88508e-07
 Reference value :  1.89501e-07
 Reference value :  1.91060e-07
 Reference value :  1.93853e-07
 Reference value :  1.95483e-07
 Reference value :  1.98160e-07
 Reference value :  1.99880e-07
 Reference value :  2.01867e-07
 Reference value :  2.04704e-07
 Reference value :  2.07277e-07
 Reference value :  2.10131e-07
 Reference value :  2.12157e-07
 Reference value :  2.14945e-07
 Reference value :  2.15488e-07
 Reference value :  2.17244e-07
 Reference value :  2.20302e-07
 Reference value :  2.22106e-07
 Reference value :  2.24884e-07
 Reference value :  2.26927e-07
 Reference value :  2.29353e-07
 Reference value :  2.32038e-07
 Reference value :  2.34510e-07
 Reference value :  2.37038e-07
 Reference value :  2.38018e-07
 Reference value :  2.39695e-07
 Reference value :  2.42452e-07
 Reference value :  2.45004e-07
 Reference value :  2.47762e-07
 Reference value :  2.49300e-07
 Reference value :  2.51032e-07
 Reference value :  2.53537e-07
 Reference value :  2.55626e-07
 Reference value :  2.58239e-07
 Reference value :  2.60128e-07
 Reference value :  2.63499e-07
 Reference value :  2.66143e-07
 Reference value :  2.68828e-07
 Reference value :  2.71534e-07
 Reference value :  2.74320e-07
 Reference value :  2.76282e-07
 Reference value :  2.79118e-07
 Reference value :  2.79816e-07
 Reference value :  2.81944e-07
 Reference value :  2.84445e-07
 Reference value :  2.86547e-07
 Reference value :  2.89150e-07
 Reference value :  2.91734e-07
 Reference value :  2.94172e-07
 Reference value :  2.95979e-07
 Reference value :  2.99254e-07
 Reference value :  3.00841e-07
 Reference value :  3.03246e-07
 Reference value :  3.04876e-07
 Reference value :  3.09593e-07
 Reference value :  3.14354e-07
 Reference value :  3.17572e-07
 Reference value :  3.21876e-07
 Reference value :  3.24714e-07
 Reference value :  3.27685e-07
 Reference value :  3.31781e-07
 Reference value :  3.34860e-07
 Reference value :  3.39510e-07
 Reference value :  3.42456e-07
 Reference value :  3.46611e-07
 Reference value :  3.49645e-07
 Reference value :  3.51410e-07
 Reference value :  3.54024e-07
 Reference value :  3.56432e-07
 Reference value :  3.58816e-07
 Reference value :  3.60329e-07
 Reference value :  3.61969e-07
 Reference value :  3.64008e-07
 Reference value :  3.66123e-07
 Reference value :  3.68510e-07
 Reference value :  3.70941e-07
 Reference value :  3.73520e-07
 Reference value :  3.75365e-07
 Reference value :  3.78037e-07
 Reference value :  3.79979e-07
 Reference value :  3.81285e-07
 Reference value :  3.83655e-07
 Reference value :  3.85480e-07
 Reference value :  3.87928e-07
 Reference value :  3.90357e-07
 Reference value :  3.92713e-07
 Reference value :  3.94897e-07
 Reference value :  3.97613e-07
 Reference value :  3.98883e-07
 Reference value :  4.00708e-07
 Reference value :  4.02730e-07
 Reference value :  4.03752e-07
 Reference value :  4.05357e-07
 Reference value :  4.07502e-07
 Reference value :  4.09465e-07
 Reference value :  4.12051e-07
 Reference value :  4.14338e-07
 Reference value :  4.16838e-07
 Reference value :  4.19409e-07
 Reference value :  4.21860e-07
 Reference value :  4.24078e-07
 Reference value :  4.25895e-07
 Reference value :  4.28125e-07
 Reference value :  4.31556e-07
 Reference value :  4.33902e-07
 Reference value :  4.36309e-07
 Reference value :  4.38103e-07
 Reference value :  4.40087e-07
 Reference value :  4.42075e-07
 Reference value :  4.44303e-07
 Reference value :  4.46565e-07
 Reference value :  4.47452e-07
 Reference value :  4.50000e-07
 Reference value :  4.51833e-07
 Reference value :  4.54266e-07
 Reference value :  4.56698e-07
 Reference value :  4.59852e-07
 Reference value :  4.62595e-07
 Reference value :  4.65489e-07
 Reference value :  4.67388e-07
 Reference value :  4.69795e-07
 Reference value :  4.72534e-07
 Reference value :  4.74620e-07
 Reference value :  4.77256e-07
 Reference value :  4.79338e-07
 Reference value :  4.79915e-07
 Reference value :  4.82666e-07
 Reference value :  4.84722e-07
 Reference value :  4.86202e-07
 Reference value :  4.88269e-07
 Reference value :  4.89305e-07
 Reference value :  4.90522e-07
 Reference value :  4.93400e-07
 Reference value :  4.96001e-07
 Reference value :  4.98638e-07
 Reference value :  5.00700e-07
 Reference value :  5.02737e-07
 Reference value :  5.04777e-07
 Reference value :  5.07509e-07
 Reference value :  5.09647e-07
 Reference value :  5.12036e-07
 Reference value :  5.14832e-07
 Reference value :  5.17538e-07
 Reference value :  5.20150e-07
 Reference value :  5.22759e-07
 Reference value :  5.25527e-07
 Reference value :  5.27065e-07
 Reference value :  5.28084e-07
 Reference value :  5.30847e-07
 Reference value :  5.31536e-07
 Reference value :  5.33508e-07
 Reference value :  5.36100e-07
 Reference value :  5.36844e-07
 Reference value :  5.39021e-07
 Reference value :  5.41500e-07
 Reference value :  5.44127e-07
 Reference value :  5.46752e-07
 Reference value :  5.49213e-07
 Reference value :  5.50793e-07
 Reference value :  5.52837e-07
 Reference value :  5.56210e-07
 Reference value :  5.57515e-07
 Reference value :  5.59934e-07
 Reference value :  5.62826e-07
 Reference value :  5.65133e-07
 Reference value :  5.67847e-07
 Reference value :  5.70406e-07
 Reference value :  5.73190e-07
 Reference value :  5.74307e-07
 Reference value :  5.76153e-07
 Reference value :  5.78579e-07
 Reference value :  5.79449e-07
 Reference value :  5.81965e-07
 Reference value :  5.84265e-07
 Reference value :  5.86509e-07
 Reference value :  5.89269e-07
 Reference value :  5.91818e-07
 Reference value :  5.94718e-07
 Reference value :  5.96440e-07
 Reference value :  5.99770e-07
 Reference value :  6.00783e-07
 Reference value :  6.03411e-07
 Reference value :  6.05909e-07
 Reference value :  6.08308e-07
 Reference value :  6.11108e-07
 Reference value :  6.13675e-07
 Reference value :  6.16386e-07
 Reference value :  6.17587e-07
 Reference value :  6.19841e-07
 Reference value :  6.22322e-07
 Reference value :  6.23457e-07
 Reference value :  6.26384e-07
 Reference value :  6.28353e-07
 Reference value :  6.30748e-07
 Reference value :  6.32902e-07
 Reference value :  6.35574e-07
 Reference value :  6.38149e-07
 Reference value :  6.41026e-07
 Reference value :  6.43414e-07
 Reference value :  6.45804e-07
 Reference value :  6.48372e-07
 Reference value :  6.50128e-07
 Reference value :  6.52766e-07
 Reference value :  6.53809e-07
 Reference value :  6.56403e-07
 Reference value :  6.58977e-07
 Reference value :  6.60562e-07
 Reference value :  6.63705e-07
 Reference value :  6.64541e-07
 Reference value :  6.66269e-07
 Reference value :  6.68624e-07
 Reference value :  6.68689e-07
 Reference value :  6.69494e-07
 Reference value :  6.72087e-07
 Reference value :  6.74334e-07
 Reference value :  6.76759e-07
 Reference value :  6.79190e-07
 Reference value :  6.81673e-07
 Reference value :  6.84256e-07
 Reference value :  6.86687e-07
 Reference value :  6.89220e-07
 Reference value :  6.90400e-07
 Reference value :  6.94150e-07
 Reference value :  6.95428e-07
 Reference value :  6.98361e-07
 Reference value :  7.00108e-07
 Reference value :  7.02130e-07
 Reference value :  7.04855e-07
 Reference value :  7.07163e-07
 Reference value :  7.09699e-07
 Reference value :  7.11271e-07
 Reference value :  7.14028e-07
 Reference value :  7.15485e-07
 Reference value :  7.17285e-07
 Reference value :  7.20010e-07
 Reference value :  7.22620e-07
 Reference value :  7.25348e-07
 Reference value :  7.27496e-07
 Reference value :  7.30100e-07
 Reference value :  7.30943e-07
 Reference value :  7.33931e-07
 Reference value :  7.35832e-07
 Reference value :  7.40251e-07
 Reference value :  7.42931e-07
 Reference value :  7.45772e-07
 Reference value :  7.47535e-07
 Reference value :  7.49700e-07
 Reference value :  7.50969e-07
 Reference value :  7.53388e-07
 Reference value :  7.56546e-07
 Reference value :  7.59061e-07
 Reference value :  7.61177e-07
 Reference value :  7.64729e-07
 Reference value :  7.67281e-07
 Reference value :  7.69640e-07
 Reference value :  7.71131e-07
 Reference value :  7.74477e-07
 Reference value :  7.77036e-07
 Reference value :  7.79596e-07
 Reference value :  7.81893e-07
 Reference value :  7.84366e-07
 Reference value :  7.85554e-07
 Reference value :  7.86577e-07
 Reference value :  7.88758e-07
 Reference value :  7.89671e-07
 Reference value :  7.91292e-07
 Reference value :  7.93096e-07
 Reference value :  7.94360e-07
 Reference value :  7.97308e-07
 Reference value :  7.98901e-07
 Reference value :  8.01121e-07
 Reference value :  8.03720e-07
 Reference value :  8.05706e-07
 Reference value :  8.08242e-07
 Reference value :  8.10719e-07
 Reference value :  8.13234e-07
 Reference value :  8.15170e-07
 Reference value :  8.16969e-07
 Reference value :  8.18751e-07
 Reference value :  8.21486e-07
 Reference value :  8.23761e-07
 Reference value :  8.26281e-07
 Reference value :  8.27938e-07
 Reference value :  8.29760e-07
 Reference value :  8.32148e-07
 Reference value :  8.33525e-07
 Reference value :  8.34341e-07
 Reference value :  8.36774e-07
 Reference value :  8.39047e-07
 Reference value :  8.41549e-07
 Reference value :  8.43936e-07
 Reference value :  8.46501e-07
 Reference value :  8.48722e-07
 Reference value :  8.50989e-07
 Reference value :  8.52113e-07
 Reference value :  8.55247e-07
 Reference value :  8.57980e-07
 Reference value :  8.60449e-07
 Reference value :  8.62732e-07
 Reference value :  8.65225e-07
 Reference value :  8.67301e-07
 Reference value :  8.69583e-07
 Reference value :  8.70456e-07
 Reference value :  8.72109e-07
 Reference value :  8.74570e-07
 Reference value :  8.76733e-07
 Reference value :  8.79059e-07
 Reference value :  8.81179e-07
 Reference value :  8.83466e-07
 Reference value :  8.85076e-07
 Reference value :  8.85721e-07
 Reference value :  8.88090e-07
 Reference value :  8.89841e-07
 Reference value :  8.92532e-07
 Reference value :  8.93915e-07
 Reference value :  8.94930e-07
 Reference value :  8.97388e-07
 Reference value :  8.99556e-07
 Reference value :  9.01245e-07
 Reference value :  9.02679e-07
 Reference value :  9.04350e-07
 Reference value :  9.06708e-07
 Reference value :  9.07430e-07
 Reference value :  9.08919e-07
 Reference value :  9.11220e-07
 Reference value :  9.12514e-07
 Reference value :  9.13339e-07
 Reference value :  9.15692e-07
 Reference value :  9.17911e-07
 Reference value :  9.20058e-07
 Reference value :  9.21837e-07
 Reference value :  9.24887e-07
 Reference value :  9.26256e-07
 Reference value :  9.28780e-07
 Reference value :  9.30154e-07
 Reference value :  9.32996e-07
 Reference value :  9.34778e-07
 Reference value :  9.36905e-07
 Reference value :  9.39177e-07
 Reference value :  9.41524e-07
 Reference value :  9.43834e-07
 Reference value :  9.45841e-07
 Reference value :  9.45958e-07
 Reference value :  9.48210e-07
 Reference value :  9.48896e-07
 Reference value :  9.50129e-07
 Reference value :  9.52254e-07
 Reference value :  9.54664e-07
 Reference value :  9.57037e-07
 Reference value :  9.58613e-07
 Reference value :  9.60230e-07
 Reference value :  9.62956e-07
 Reference value :  9.65457e-07
 Reference value :  9.67656e-07
 Reference value :  9.69529e-07
 Reference value :  9.70002e-07
 Reference value :  9.72488e-07
 Reference value :  9.74992e-07
 Reference value :  9.77363e-07
 Reference value :  9.79950e-07
 Reference value :  9.82596e-07
 Reference value :  9.84705e-07
 Reference value :  9.87413e-07
 Reference value :  9.88198e-07
 Reference value :  9.89715e-07
 Reference value :  9.92220e-07
 Reference value :  9.94723e-07
 Reference value :  9.97160e-07
 Reference value :  9.97221e-07
 Reference value :  9.99202e-07
 Reference value :  1.00113e-06
 Reference value :  1.00316e-06
 Reference value :  1.00558e-06
 Reference value :  1.00781e-06
 Reference value :  1.00995e-06
 Reference value :  1.01032e-06
 Reference value :  1.01301e-06
 Reference value :  1.01543e-06
 Reference value :  1.01824e-06
 Reference value :  1.02031e-06
 Reference value :  1.02271e-06
 Reference value :  1.02494e-06
 Reference value :  1.02746e-06
 Reference value :  1.02822e-06
 Reference value :  1.02999e-06
 Reference value :  1.03241e-06
 Reference value :  1.03316e-06
 Reference value :  1.03489e-06
 Reference value :  1.03749e-06
 Reference value :  1.03991e-06
 Reference value :  1.04231e-06
 Reference value :  1.04372e-06
 Reference value :  1.04670e-06
 Reference value :  1.04851e-06
 Reference value :  1.05138e-06
 Reference value :  1.05290e-06
 Reference value :  1.05507e-06
 Reference value :  1.05765e-06
 Reference value :  1.06023e-06
 Reference value :  1.06267e-06
 Reference value :  1.06489e-06
 Reference value :  1.06747e-06
 Reference value :  1.06997e-06
 Reference value :  1.07236e-06
 Reference value :  1.07422e-06
 Reference value :  1.07760e-06
 Reference value :  1.08010e-06
 Reference value :  1.08278e-06
 Reference value :  1.08515e-06
 Reference value :  1.08808e-06
 Reference value :  1.09156e-06
 Reference value :  1.09430e-06
 Reference value :  1.09558e-06
 Reference value :  1.09821e-06
 Reference value :  1.10083e-06
 Reference value :  1.10339e-06
 Reference value :  1.10600e-06
 Reference value :  1.10876e-06
 Reference value :  1.11091e-06
 Reference value :  1.11348e-06
 Reference value :  1.11442e-06
 Reference value :  1.11613e-06
 Reference value :  1.11859e-06
 Reference value :  1.12122e-06
 Reference value :  1.12372e-06
 Reference value :  1.12624e-06
 Reference value :  1.12866e-06
 Reference value :  1.13085e-06
 Reference value :  1.13293e-06
 Reference value :  1.13538e-06
 Reference value :  1.13882e-06
 Reference value :  1.14125e-06
 Reference value :  1.14364e-06
 Reference value :  1.14609e-06
 Reference value :  1.14876e-06
 Reference value :  1.14970e-06
 Reference value :  1.15113e-06
 Reference value :  1.15363e-06
 Reference value :  1.15449e-06
 Reference value :  1.15627e-06
 Reference value :  1.15862e-06
 Reference value :  1.16061e-06
 Reference value :  1.16316e-06
 Reference value :  1.16596e-06
 Reference value :  1.16836e-06
 Reference value :  1.17137e-06
 Reference value :  1.17371e-06
 Reference value :  1.17512e-06
 Reference value :  1.17758e-06
 Reference value :  1.17855e-06
 Reference value :  1.18143e-06
 Reference value :  1.18368e-06
 Reference value :  1.18689e-06
 Reference value :  1.18815e-06
 Reference value :  1.19148e-06
 Reference value :  1.19295e-06
 Reference value :  1.19484e-06
 Reference value :  1.19739e-06
 Reference value :  1.19859e-06
 Reference value :  1.19955e-06
 Reference value :  1.20121e-06
 Reference value :  1.20345e-06
 Reference value :  1.20446e-06
 Reference value :  1.20694e-06
 Reference value :  1.20919e-06
 Reference value :  1.21178e-06
 Reference value :  1.21264e-06
 Reference value :  1.21479e-06
 Reference value :  1.21706e-06
 Reference value :  1.21901e-06
 Reference value :  1.22174e-06
 Reference value :  1.22408e-06
 Reference value :  1.22654e-06
 Reference value :  1.22848e-06
 Reference value :  1.23090e-06
 Reference value :  1.23215e-06
 Reference value :  1.23425e-06
 Reference value :  1.23656e-06
 Reference value :  1.23880e-06
 Reference value :  1.24128e-06
 Reference value :  1.24361e-06
 Reference value :  1.24602e-06
 Reference value :  1.24827e-06
 Reference value :  1.24839e-06
 Reference value :  1.25043e-06
 Reference value :  1.25168e-06
 Reference value :  1.25341e-06
 Reference value :  1.25571e-06
 Reference value :  1.25781e-06
 Reference value :  1.26007e-06
 Reference value :  1.26239e-06
 Reference value :  1.26488e-06
 Reference value :  1.26712e-06
 Reference value :  1.26958e-06
 Reference value :  1.27043e-06
 Reference value :  1.27220e-06
 Reference value :  1.27435e-06
 Reference value :  1.27511e-06
 Reference value :  1.27662e-06
 Reference value :  1.27892e-06
 Reference value :  1.28006e-06
 Reference value :  1.28338e-06
 Reference value :  1.28589e-06
 Reference value :  1.28837e-06
 Reference value :  1.29071e-06
 Reference value :  1.29330e-06
 Reference value :  1.29539e-06
 Reference value :  1.29760e-06
 Reference value :  1.29990e-06
 Reference value :  1.30199e-06
 Reference value :  1.30369e-06
 Reference value :  1.30638e-06
 Reference value :  1.30823e-06
 Reference value :  1.31026e-06
 Reference value :  1.31212e-06
 Reference value :  1.31401e-06
 Reference value :  1.31630e-06
 Reference value :  1.31726e-06
 Reference value :  1.31968e-06
 Reference value :  1.32130e-06
 Reference value :  1.32289e-06
 Reference value :  1.32527e-06
 Reference value :  1.32748e-06
 Reference value :  1.32990e-06
 Reference value :  1.33137e-06
 Reference value :  1.33219e-06
 Reference value :  1.33470e-06
 Reference value :  1.33690e-06
 Reference value :  1.33912e-06
 Reference value :  1.34103e-06
 Reference value :  1.34369e-06
 Reference value :  1.34592e-06
 Reference value :  1.34810e-06
 Reference value :  1.34904e-06
 Reference value :  1.35065e-06
 Reference value :  1.35291e-06
 Reference value :  1.35376e-06
 Reference value :  1.35498e-06
 Reference value :  1.35749e-06
 Reference value :  1.35949e-06
 Reference value :  1.36189e-06
 Reference value :  1.36403e-06
 Reference value :  1.36411e-06
 Reference value :  1.36635e-06
 Reference value :  1.36813e-06
 Reference value :  1.37077e-06
 Reference value :  1.37218e-06
 Reference value :  1.37379e-06
 Reference value :  1.37758e-06
 Reference value :  1.37990e-06
 Reference value :  1.38219e-06
 Reference value :  1.38440e-06
 Reference value :  1.38588e-06
 Reference value :  1.38630e-06
 Reference value :  1.38859e-06
 Reference value :  1.38932e-06
 Reference value :  1.39084e-06
 Reference value :  1.39293e-06
 Reference value :  1.39349e-06
 Reference value :  1.39518e-06
 Reference value :  1.39749e-06
 Reference value :  1.39991e-06
 Reference value :  1.40206e-06
 Reference value :  1.40455e-06
 Reference value :  1.40671e-06
 Reference value :  1.40844e-06
 Reference value :  1.41067e-06
 Reference value :  1.41126e-06
 Reference value :  1.41336e-06
 Reference value :  1.41549e-06
 Reference value :  1.41736e-06
 Reference value :  1.41950e-06
 Reference value :  1.42070e-06
 Reference value :  1.42405e-06
 Reference value :  1.42589e-06
 Reference value :  1.42618e-06
 Reference value :  1.42841e-06
 Reference value :  1.42993e-06
 Reference value :  1.43266e-06
 Reference value :  1.43492e-06
 Reference value :  1.43505e-06
 Reference value :  1.43722e-06
 Reference value :  1.43954e-06
 Reference value :  1.44199e-06
 Reference value :  1.44370e-06
 Reference value :  1.44609e-06
 Reference value :  1.44765e-06
 Reference value :  1.45000e-06
 Reference value :  1.45119e-06
 Reference value :  1.45241e-06
 Reference value :  1.45437e-06
 Reference value :  1.45598e-06
 Reference value :  1.45895e-06
 Reference value :  1.46010e-06
 Reference value :  1.46112e-06
 Reference value :  1.46306e-06
 Reference value :  1.46401e-06
 Reference value :  1.46562e-06
 Reference value :  1.46766e-06
 Reference value :  1.46979e-06
 Reference value :  1.47213e-06
 Reference value :  1.47414e-06
 Reference value :  1.47630e-06
 Reference value :  1.47854e-06
 Reference value :  1.48054e-06
 Reference value :  1.48257e-06
 Reference value :  1.48282e-06
 Reference value :  1.48508e-06
 Reference value :  1.48705e-06
 Reference value :  1.48925e-06
 Reference value :  1.49034e-06
 Reference value :  1.49136e-06
 Reference value :  1.49364e-06
 Reference value :  1.49479e-06
 Reference value :  1.49560e-06
 Reference value :  1.49796e-06
 Reference value :  1.49885e-06
 Reference value :  1.50022e-06
 Reference value :  1.50218e-06
 Reference value :  1.50300e-06
 Reference value :  1.50566e-06
 Reference value :  1.50722e-06
 Reference value :  1.50938e-06
 Reference value :  1.51131e-06
 Reference value :  1.51289e-06
 Reference value :  1.51520e-06
 Reference value :  1.51721e-06
 Reference value :  1.51936e-06
 Reference value :  1.52014e-06
 Reference value :  1.52215e-06
 Reference value :  1.52459e-06
 Reference value :  1.52774e-06
 Reference value :  1.52928e-06
 Reference value :  1.53029e-06
 Reference value :  1.53263e-06
 Reference value :  1.53394e-06
 Reference value :  1.53574e-06
 Reference value :  1.53733e-06
 Reference value :  1.53820e-06
 Reference value :  1.53920e-06
 Reference value :  1.54134e-06
 Reference value :  1.54262e-06
 Reference value :  1.54364e-06
 Reference value :  1.54585e-06
 Reference value :  1.54756e-06
 Reference value :  1.55013e-06
 Reference value :  1.55161e-06
 Reference value :  1.55317e-06
 Reference value :  1.55561e-06
 Reference value :  1.55722e-06
 Reference value :  1.55960e-06
 Reference value :  1.56204e-06
 Reference value :  1.56419e-06
 Reference value :  1.56634e-06
 Reference value :  1.56881e-06
 Reference value :  1.56992e-06
 Reference value :  1.57234e-06
 Reference value :  1.57385e-06
 Reference value :  1.57571e-06
 Reference value :  1.57810e-06
 Reference value :  1.58053e-06
 Reference value :  1.58284e-06
 Reference value :  1.58509e-06
 Reference value :  1.58749e-06
 Reference value :  1.58936e-06
 Reference value :  1.58983e-06
 Reference value :  1.59224e-06
 Reference value :  1.59299e-06
 Reference value :  1.59475e-06
 Reference value :  1.59728e-06
 Reference value :  1.59953e-06
 Reference value :  1.60152e-06
 Reference value :  1.60363e-06
 Reference value :  1.60412e-06
 Reference value :  1.60669e-06
 Reference value :  1.60808e-06
 Reference value :  1.61060e-06
 Reference value :  1.61171e-06
 Reference value :  1.61318e-06
 Reference value :  1.61397e-06
 Reference value :  1.61611e-06
 Reference value :  1.61692e-06
 Reference value :  1.61831e-06
 Reference value :  1.62095e-06
 Reference value :  1.62338e-06
 Reference value :  1.62574e-06
 Reference value :  1.62800e-06
 Reference value :  1.63045e-06
 Reference value :  1.63268e-06
 Reference value :  1.63497e-06
 Reference value :  1.63589e-06
 Reference value :  1.63798e-06
 Reference value :  1.64033e-06
 Reference value :  1.64250e-06
 Reference value :  1.64499e-06
 Reference value :  1.64782e-06
 Reference value :  1.64984e-06
 Reference value :  1.65171e-06
 Reference value :  1.65428e-06
 Reference value :  1.65518e-06
 Reference value :  1.65732e-06
 Reference value :  1.65937e-06
 Reference value :  1.66167e-06
 Reference value :  1.66390e-06
 Reference value :  1.66625e-06
 Reference value :  1.66898e-06
 Reference value :  1.67166e-06
 Reference value :  1.67489e-06
 Reference value :  1.67699e-06
 Reference value :  1.68088e-06
 Reference value :  1.68349e-06
 Reference value :  1.68570e-06
 Reference value :  1.68890e-06
 Reference value :  1.69295e-06
 Reference value :  1.69420e-06
 Reference value :  1.69809e-06
 Reference value :  1.70057e-06
 Reference value :  1.70293e-06
 Reference value :  1.70488e-06
 Reference value :  1.70715e-06
 Reference value :  1.70937e-06
 Reference value :  1.71210e-06
 Reference value :  1.71322e-06
 Reference value :  1.71546e-06
 Reference value :  1.71788e-06
 Reference value :  1.72004e-06
 Reference value :  1.72261e-06
 Reference value :  1.72476e-06
 Reference value :  1.72655e-06
 Reference value :  1.72817e-06
 Reference value :  1.72983e-06
 Reference value :  1.73220e-06
 Reference value :  1.73290e-06
 Reference value :  1.73451e-06
 Reference value :  1.73683e-06
 Reference value :  1.73753e-06
 Reference value :  1.73973e-06
 Reference value :  1.74188e-06
 Reference value :  1.74400e-06
 Reference value :  1.74636e-06
 Reference value :  1.74874e-06
 Reference value :  1.75109e-06
 Reference value :  1.75330e-06
 Reference value :  1.75576e-06
 Reference value :  1.75766e-06
 Reference value :  1.76050e-06
 Reference value :  1.76284e-06
 Reference value :  1.76524e-06
 Reference value :  1.76753e-06
 Reference value :  1.77010e-06
 Reference value :  1.77195e-06
 Reference value :  1.77429e-06
 Reference value :  1.77523e-06
 Reference value :  1.77713e-06
 Reference value :  1.77957e-06
 Reference value :  1.78172e-06
 Reference value :  1.78412e-06
 Reference value :  1.78642e-06
 Reference value :  1.78885e-06
 Reference value :  1.79067e-06
 Reference value :  1.79245e-06
 Reference value :  1.79415e-06
 Reference value :  1.79600e-06
 Reference value :  1.79836e-06
 Reference value :  1.80014e-06
 Reference value :  1.80221e-06
 Reference value :  1.80384e-06
 Reference value :  1.80562e-06
 Reference value :  1.80821e-06
 Reference value :  1.81040e-06
 Reference value :  1.81294e-06
 Reference value :  1.81417e-06
 Reference value :  1.81569e-06
 Reference value :  1.81803e-06
 Reference value :  1.82011e-06
 Reference value :  1.82241e-06
 Reference value :  1.82491e-06
 Reference value :  1.82745e-06
 Reference value :  1.82961e-06
 Reference value :  1.83194e-06
 Reference value :  1.83279e-06
 Reference value :  1.83432e-06
 Reference value :  1.83676e-06
 Reference value :  1.83898e-06
 Reference value :  1.84151e-06
 Reference value :  1.84342e-06
 Reference value :  1.84578e-06
 Reference value :  1.84709e-06
 Reference value :  1.84900e-06
 Reference value :  1.85060e-06
 Reference value :  1.85207e-06
 Reference value :  1.85355e-06
 Reference value :  1.85568e-06
 Reference value :  1.85745e-06
 Reference value :  1.85978e-06
 Reference value :  1.86184e-06
 Reference value :  1.86400e-06
 Reference value :  1.86613e-06
 Reference value :  1.86848e-06
 Reference value :  1.87066e-06
 Reference value :  1.87074e-06
 Reference value :  1.87303e-06
 Reference value :  1.87440e-06
 Reference value :  1.87522e-06
 Reference value :  1.87766e-06
 Reference value :  1.87984e-06
 Reference value :  1.88220e-06
 Reference value :  1.88435e-06
 Reference value :  1.88676e-06
 Reference value :  1.88791e-06
 Reference value :  1.88984e-06
 Reference value :  1.89170e-06
 Reference value :  1.89268e-06
 Reference value :  1.89478e-06
 Reference value :  1.89644e-06
 Reference value :  1.89818e-06
 Reference value :  1.90045e-06
 Reference value :  1.90119e-06
 Reference value :  1.90408e-06
 Reference value :  1.90576e-06
 Reference value :  1.90800e-06
 Reference value :  1.91006e-06
 Reference value :  1.91242e-06
 Reference value :  1.91473e-06
 Reference value :  1.91671e-06
 Reference value :  1.91907e-06
 Reference value :  1.92130e-06
 Reference value :  1.92375e-06
 Reference value :  1.92549e-06
 Reference value :  1.92741e-06
 Reference value :  1.92861e-06
 Reference value :  1.92946e-06
 Reference value :  1.93139e-06
 Reference value :  1.93326e-06
 Reference value :  1.93567e-06
 Reference value :  1.93750e-06
 Reference value :  1.93968e-06
 Reference value :  1.94192e-06
 Reference value :  1.94384e-06
 Reference value :  1.94616e-06
 Reference value :  1.94802e-06
 Reference value :  1.95002e-06
 Reference value :  1.95131e-06
 Reference value :  1.95272e-06
 Reference value :  1.95504e-06
 Reference value :  1.95723e-06
 Reference value :  1.95941e-06
 Reference value :  1.96119e-06
 Reference value :  1.96335e-06
 Reference value :  1.96369e-06
 Reference value :  1.96454e-06
 Reference value :  1.96602e-06
 Reference value :  1.96818e-06
 Reference value :  1.96913e-06
 Reference value :  1.97033e-06
 Reference value :  1.97249e-06
 Reference value :  1.97434e-06
 Reference value :  1.97476e-06
 Reference value :  1.97710e-06
 Reference value :  1.97913e-06
 Reference value :  1.98125e-06
 Reference value :  1.98285e-06
 Reference value :  1.98346e-06
 Reference value :  1.98562e-06
 Reference value :  1.98727e-06
 Reference value :  1.99002e-06
 Reference value :  1.99189e-06
 Reference value :  1.99234e-06
 Reference value :  1.99459e-06
 Reference value :  1.99689e-06
 Reference value :  1.99909e-06
 Reference value :  2.00046e-06
 Reference value :  2.00197e-06
 Reference value :  2.00364e-06
 Reference value :  2.00518e-06
 Reference value :  2.00560e-06
 Reference value :  2.00782e-06
 Reference value :  2.00988e-06
 Reference value :  2.01006e-06
 Reference value :  2.01248e-06
 Reference value :  2.01452e-06
 Reference value :  2.01687e-06
 Reference value :  2.01898e-06
 Reference value :  2.02121e-06
 Reference value :  2.02324e-06
 Reference value :  2.02346e-06
 Reference value :  2.02571e-06
 Reference value :  2.02815e-06
 Reference value :  2.03035e-06
 Reference value :  2.03225e-06
 Reference value :  2.03439e-06
 Reference value :  2.03565e-06
 Reference value :  2.03818e-06
 Reference value :  2.03943e-06
 Reference value :  2.04109e-06
 Reference value :  2.04342e-06
 Reference value :  2.04544e-06
 Reference value :  2.04744e-06
 Reference value :  2.04930e-06
 Reference value :  2.04958e-06
 Reference value :  2.05153e-06
 Reference value :  2.05368e-06
 Reference value :  2.05385e-06
 Reference value :  2.05608e-06
 Reference value :  2.05778e-06
 Reference value :  2.05823e-06
 Reference value :  2.06036e-06
 Reference value :  2.06231e-06
 Reference value :  2.06470e-06
 Reference value :  2.06598e-06
 Reference value :  2.06884e-06
 Reference value :  2.06966e-06
 Reference value :  2.07104e-06
 Reference value :  2.07338e-06
 Reference value :  2.07429e-06
 Reference value :  2.07570e-06
 Reference value :  2.07773e-06
 Reference value :  2.07990e-06
 Reference value :  2.08233e-06
 Reference value :  2.08420e-06
 Reference value :  2.08623e-06
 Reference value :  2.08798e-06
 Reference value :  2.09021e-06
 Reference value :  2.09233e-06
 Reference value :  2.09442e-06
 Reference value :  2.09520e-06
 Reference value :  2.09637e-06
 Reference value :  2.09832e-06
 Reference value :  2.09961e-06
 Reference value :  2.10189e-06
 Reference value :  2.10401e-06
 Reference value :  2.10673e-06
 Reference value :  2.10803e-06
 Reference value :  2.10925e-06
 Reference value :  2.11158e-06
 Reference value :  2.11230e-06
 Reference value :  2.11394e-06
 Reference value :  2.11640e-06
 Reference value :  2.11791e-06
 Reference value :  2.11985e-06
 Reference value :  2.12119e-06
 Reference value :  2.12217e-06
 Reference value :  2.12431e-06
 Reference value :  2.12645e-06
 Reference value :  2.12661e-06
 Reference value :  2.12886e-06
 Reference value :  2.13063e-06
 Reference value :  2.13277e-06
 Reference value :  2.13445e-06
 Reference value :  2.13501e-06
 Reference value :  2.13748e-06
 Reference value :  2.14072e-06
 Reference value :  2.14343e-06
 Reference value :  2.14545e-06
 Reference value :  2.14634e-06
 Reference value :  2.14755e-06
 Reference value :  2.14970e-06
 Reference value :  2.15181e-06
 Reference value :  2.15420e-06
 Reference value :  2.15624e-06
 Reference value :  2.15819e-06
 Reference value :  2.16018e-06
 Reference value :  2.16212e-06
 Reference value :  2.16337e-06
 Reference value :  2.16604e-06
 Reference value :  2.16740e-06
 Reference value :  2.17048e-06
 Reference value :  2.17272e-06
 Reference value :  2.17524e-06
 Reference value :  2.17719e-06
 Reference value :  2.17918e-06
 Reference value :  2.18072e-06
 Reference value :  2.18280e-06
 Reference value :  2.18373e-06
 Reference value :  2.18499e-06
 Reference value :  2.18722e-06
 Reference value :  2.18909e-06
 Reference value :  2.19134e-06
 Reference value :  2.19357e-06
 Reference value :  2.19570e-06
 Reference value :  2.19770e-06
 Reference value :  2.20052e-06
 Reference value :  2.20152e-06
 Reference value :  2.20379e-06
 Reference value :  2.20572e-06
 Reference value :  2.20797e-06
 Reference value :  2.21031e-06
 Reference value :  2.21259e-06
 Reference value :  2.21431e-06
 Reference value :  2.21648e-06
 Reference value :  2.21833e-06
 Reference value :  2.22064e-06
 Reference value :  2.22296e-06
 Reference value :  2.22489e-06
 Reference value :  2.22654e-06
 Reference value :  2.22878e-06
 Reference value :  2.23077e-06
 Reference value :  2.23321e-06
 Reference value :  2.23512e-06
 Reference value :  2.23716e-06
 Reference value :  2.23899e-06
 Reference value :  2.24141e-06
 Reference value :  2.24313e-06
 Reference value :  2.24535e-06
 Reference value :  2.24730e-06
 Reference value :  2.24931e-06
 Reference value :  2.25045e-06
 Reference value :  2.25338e-06
 Reference value :  2.25536e-06
 Reference value :  2.25733e-06
 Reference value :  2.25957e-06
 Reference value :  2.26169e-06
 Reference value :  2.26364e-06
 Reference value :  2.26568e-06
 Reference value :  2.26642e-06
 Reference value :  2.26776e-06
 Reference value :  2.26992e-06
 Reference value :  2.27193e-06
 Reference value :  2.27390e-06
 Reference value :  2.27596e-06
 Reference value :  2.27797e-06
 Reference value :  2.27954e-06
 Reference value :  2.27970e-06
 Reference value :  2.28184e-06
 Reference value :  2.28283e-06
 Reference value :  2.28405e-06
 Reference value :  2.28621e-06
 Reference value :  2.28787e-06
 Reference value :  2.29003e-06
 Reference value :  2.29222e-06
 Reference value :  2.29418e-06
 Reference value :  2.29628e-06
 Reference value :  2.29845e-06
 Reference value :  2.30025e-06
 Reference value :  2.30225e-06
 Reference value :  2.30315e-06
 Reference value :  2.30412e-06
 Reference value :  2.30631e-06
 Reference value :  2.30822e-06
 Reference value :  2.31027e-06
 Reference value :  2.31222e-06
 Reference value :  2.31415e-06
 Reference value :  2.31533e-06
 Reference value :  2.31765e-06
 Reference value :  2.31888e-06
 Reference value :  2.32072e-06
 Reference value :  2.32302e-06
 Reference value :  2.32589e-06
 Reference value :  2.32801e-06
 Reference value :  2.33056e-06
 Reference value :  2.33225e-06
 Reference value :  2.33465e-06
 Reference value :  2.33579e-06
 Reference value :  2.33884e-06
 Reference value :  2.34111e-06
 Reference value :  2.34333e-06
 Reference value :  2.34663e-06
 Reference value :  2.34888e-06
 Reference value :  2.35087e-06
 Reference value :  2.35247e-06
 Reference value :  2.35446e-06
 Reference value :  2.35569e-06
 Reference value :  2.35750e-06
 Reference value :  2.35907e-06
 Reference value :  2.36079e-06
 Reference value :  2.36289e-06
 Reference value :  2.36476e-06
 Reference value :  2.36700e-06
 Reference value :  2.36789e-06
 Reference value :  2.36924e-06
 Reference value :  2.37115e-06
 Reference value :  2.37268e-06
 Reference value :  2.37490e-06
 Reference value :  2.37720e-06
 Reference value :  2.37922e-06
 Reference value :  2.38061e-06
 Reference value :  2.38279e-06
 Reference value :  2.38363e-06
 Reference value :  2.38457e-06
 Reference value :  2.38667e-06
 Reference value :  2.38742e-06
 Reference value :  2.38918e-06
 Reference value :  2.39111e-06
 Reference value :  2.39339e-06
 Reference value :  2.39502e-06
 Reference value :  2.39648e-06
 Reference value :  2.39864e-06
 Reference value :  2.40002e-06
 Reference value :  2.40050e-06
 Reference value :  2.40148e-06
 Reference value :  2.40338e-06
 Reference value :  2.40532e-06
 Reference value :  2.40703e-06
 Reference value :  2.40915e-06
 Reference value :  2.41098e-06
 Reference value :  2.41306e-06
 Reference value :  2.41529e-06
 Reference value :  2.41665e-06
 Reference value :  2.41859e-06
 Reference value :  2.41942e-06
 Reference value :  2.42117e-06
 Reference value :  2.42331e-06
 Reference value :  2.42555e-06
 Reference value :  2.42733e-06
 Reference value :  2.42866e-06
 Reference value :  2.43089e-06
 Reference value :  2.43285e-06
 Reference value :  2.43486e-06
 Reference value :  2.43672e-06
 Reference value :  2.43877e-06
 Reference value :  2.44076e-06
 Reference value :  2.44281e-06
 Reference value :  2.44465e-06
 Reference value :  2.44684e-06
 Reference value :  2.44867e-06
 Reference value :  2.44892e-06
 Reference value :  2.45087e-06
 Reference value :  2.45183e-06
 Reference value :  2.45462e-06
 Reference value :  2.45655e-06
 Reference value :  2.45853e-06
 Reference value :  2.46052e-06
 Reference value :  2.46277e-06
 Reference value :  2.46437e-06
 Reference value :  2.46640e-06
 Reference value :  2.46722e-06
 Reference value :  2.46838e-06
 Reference value :  2.47027e-06
 Reference value :  2.47221e-06
 Reference value :  2.47422e-06
 Reference value :  2.47620e-06
 Reference value :  2.47820e-06
 Reference value :  2.47946e-06
 Reference value :  2.48044e-06
 Reference value :  2.48239e-06
 Reference value :  2.48381e-06
 Reference value :  2.48397e-06
 Reference value :  2.48596e-06
 Reference value :  2.48674e-06
 Reference value :  2.48903e-06
 Reference value :  2.49070e-06
 Reference value :  2.49166e-06
 Reference value :  2.49379e-06
 Reference value :  2.49559e-06
 Reference value :  2.49770e-06
 Reference value :  2.49960e-06
 Reference value :  2.50124e-06
 Reference value :  2.50198e-06
 Reference value :  2.50453e-06
 Reference value :  2.50612e-06
 Reference value :  2.50713e-06
 Reference value :  2.50910e-06
 Reference value :  2.51113e-06
 Reference value :  2.51319e-06
 Reference value :  2.51488e-06
 Reference value :  2.51689e-06
 Reference value :  2.51775e-06
 Reference value :  2.52051e-06
 Reference value :  2.52179e-06
 Reference value :  2.52453e-06
 Reference value :  2.52637e-06
 Reference value :  2.52856e-06
 Reference value :  2.53060e-06
 Reference value :  2.53322e-06
 Reference value :  2.53657e-06
 Reference value :  2.53797e-06
 Reference value :  2.54013e-06
 Reference value :  2.54214e-06
 Reference value :  2.54424e-06
 Reference value :  2.54552e-06
 Reference value :  2.54765e-06
 Reference value :  2.54900e-06
 Reference value :  2.55013e-06
 Reference value :  2.55289e-06
 Reference value :  2.55499e-06
 Reference value :  2.55680e-06
 Reference value :  2.55896e-06
 Reference value :  2.56079e-06
 Reference value :  2.56268e-06
 Reference value :  2.56371e-06
 Reference value :  2.56544e-06
 Reference value :  2.56713e-06
 Reference value :  2.56959e-06
 Reference value :  2.57112e-06
 Reference value :  2.57214e-06
 Reference value :  2.57404e-06
 Reference value :  2.57549e-06
 Reference value :  2.57679e-06
 Reference value :  2.57832e-06
 Reference value :  2.57963e-06
 Reference value :  2.58117e-06
 Reference value :  2.58201e-06
 Reference value :  2.58365e-06
 Reference value :  2.58546e-06
 Reference value :  2.58737e-06
 Reference value :  2.58925e-06
 Reference value :  2.59121e-06
 Reference value :  2.59325e-06
 Reference value :  2.59497e-06
 Reference value :  2.59674e-06
 Reference value :  2.59805e-06
 Reference value :  2.60002e-06
 Reference value :  2.60119e-06
 Reference value :  2.60302e-06
 Reference value :  2.60516e-06
 Reference value :  2.60685e-06
 Reference value :  2.60879e-06
 Reference value :  2.61033e-06
 Reference value :  2.61037e-06
 Reference value :  2.61246e-06
 Reference value :  2.61340e-06
 Reference value :  2.61420e-06
 Reference value :  2.61630e-06
 Reference value :  2.61825e-06
 Reference value :  2.62019e-06
 Reference value :  2.62200e-06
 Reference value :  2.62414e-06
 Reference value :  2.62608e-06
 Reference value :  2.62799e-06
 Reference value :  2.62982e-06
 Reference value :  2.63170e-06
 Reference value :  2.63368e-06
 Reference value :  2.63548e-06
 Reference value :  2.63693e-06
 Reference value :  2.63957e-06
 Reference value :  2.64109e-06
 Reference value :  2.64329e-06
 Reference value :  2.64430e-06
 Reference value :  2.64505e-06
 Reference value :  2.64715e-06
 Reference value :  2.64913e-06
 Reference value :  2.65076e-06
 Reference value :  2.65266e-06
 Reference value :  2.65475e-06
 Reference value :  2.65657e-06
 Reference value :  2.65821e-06
 Reference value :  2.66013e-06
 Reference value :  2.66224e-06
 Reference value :  2.66413e-06
 Reference value :  2.66601e-06
 Reference value :  2.66794e-06
 Reference value :  2.66980e-06
 Reference value :  2.67112e-06
 Reference value :  2.67168e-06
 Reference value :  2.67358e-06
 Reference value :  2.67445e-06
 Reference value :  2.67545e-06
 Reference value :  2.67750e-06
 Reference value :  2.67840e-06
 Reference value :  2.68026e-06
 Reference value :  2.68194e-06
 Reference value :  2.68439e-06
 Reference value :  2.68580e-06
 Reference value :  2.68760e-06
 Reference value :  2.68941e-06
 Reference value :  2.69061e-06
 Reference value :  2.69277e-06
 Reference value :  2.69450e-06
 Reference value :  2.69649e-06
 Reference value :  2.69843e-06
 Reference value :  2.70021e-06
 Reference value :  2.70213e-06
 Reference value :  2.70439e-06
 Reference value :  2.70618e-06
 Reference value :  2.70807e-06
 Reference value :  2.70957e-06
 Reference value :  2.71151e-06
 Reference value :  2.71322e-06
 Reference value :  2.71528e-06
 Reference value :  2.71728e-06
 Reference value :  2.71910e-06
 Reference value :  2.72101e-06
 Reference value :  2.72286e-06
 Reference value :  2.72473e-06
 Reference value :  2.72676e-06
 Reference value :  2.72807e-06
 Reference value :  2.73012e-06
 Reference value :  2.73207e-06
 Reference value :  2.73405e-06
 Reference value :  2.73574e-06
 Reference value :  2.73779e-06
 Reference value :  2.73957e-06
 Reference value :  2.74211e-06
 Reference value :  2.74292e-06
 Reference value :  2.74485e-06
 Reference value :  2.74665e-06
 Reference value :  2.74855e-06
 Reference value :  2.75000e-06
 Reference value :  2.75160e-06
 Reference value :  2.75298e-06
 Reference value :  2.75544e-06
 Reference value :  2.75774e-06
 Reference value :  2.75971e-06
 Reference value :  2.76157e-06
 Reference value :  2.76358e-06
 Reference value :  2.76496e-06
 Reference value :  2.76516e-06
 Reference value :  2.76715e-06
 Reference value :  2.76802e-06
 Reference value :  2.76887e-06
 Reference value :  2.77087e-06
 Reference value :  2.77196e-06
 Reference value :  2.77418e-06
 Reference value :  2.77619e-06
 Reference value :  2.77630e-06
 Reference value :  2.77833e-06
 Reference value :  2.78005e-06
 Reference value :  2.78193e-06
 Reference value :  2.78368e-06
 Reference value :  2.78549e-06
 Reference value :  2.78688e-06
 Reference value :  2.78932e-06
 Reference value :  2.79113e-06
 Reference value :  2.79294e-06
 Reference value :  2.79501e-06
 Reference value :  2.79683e-06
 Reference value :  2.79829e-06
 Reference value :  2.80002e-06
 Reference value :  2.80077e-06
 Reference value :  2.80219e-06
 Reference value :  2.80436e-06
 Reference value :  2.80673e-06
 Reference value :  2.80883e-06
 Reference value :  2.81094e-06
 Reference value :  2.81212e-06
 Reference value :  2.81322e-06
 Reference value :  2.81508e-06
 Reference value :  2.81675e-06
 Reference value :  2.81874e-06
 Reference value :  2.82006e-06
 Reference value :  2.82192e-06
 Reference value :  2.82355e-06
 Reference value :  2.82388e-06
 Reference value :  2.82581e-06
 Reference value :  2.82736e-06
 Reference value :  2.82927e-06
 Reference value :  2.83025e-06
 Reference value :  2.83133e-06
 Reference value :  2.83319e-06
 Reference value :  2.83462e-06
 Reference value :  2.83650e-06
 Reference value :  2.83828e-06
 Reference value :  2.84035e-06
 Reference value :  2.84190e-06
 Reference value :  2.84361e-06
 Reference value :  2.84462e-06
 Reference value :  2.84661e-06
 Reference value :  2.84803e-06
 Reference value :  2.84968e-06
 Reference value :  2.85144e-06
 Reference value :  2.85278e-06
 Reference value :  2.85478e-06
 Reference value :  2.85625e-06
 Reference value :  2.85828e-06
 Reference value :  2.85905e-06
 Reference value :  2.86007e-06
 Reference value :  2.86185e-06
 Reference value :  2.86269e-06
 Reference value :  2.86365e-06
 Reference value :  2.86551e-06
 Reference value :  2.86729e-06
 Reference value :  2.86920e-06
 Reference value :  2.87114e-06
 Reference value :  2.87307e-06
 Reference value :  2.87496e-06
 Reference value :  2.87748e-06
 Reference value :  2.87975e-06
 Reference value :  2.88164e-06
 Reference value :  2.88361e-06
 Reference value :  2.88556e-06
 Reference value :  2.88754e-06
 Reference value :  2.88870e-06
 Reference value :  2.89047e-06
 Reference value :  2.89203e-06
 Reference value :  2.89489e-06
 Reference value :  2.89678e-06
 Reference value :  2.89867e-06
 Reference value :  2.90039e-06
 Reference value :  2.90188e-06
 Reference value :  2.90405e-06
 Reference value :  2.90608e-06
 Reference value :  2.90792e-06
 Reference value :  2.90983e-06
 Reference value :  2.91168e-06
 Reference value :  2.91363e-06
 Reference value :  2.91551e-06
 Reference value :  2.91753e-06
 Reference value :  2.91924e-06
 Reference value :  2.92113e-06
 Reference value :  2.92222e-06
 Reference value :  2.92333e-06
 Reference value :  2.92526e-06
 Reference value :  2.92681e-06
 Reference value :  2.92873e-06
 Reference value :  2.93053e-06
 Reference value :  2.93252e-06
 Reference value :  2.93431e-06
 Reference value :  2.93440e-06
 Reference value :  2.93639e-06
 Reference value :  2.93725e-06
 Reference value :  2.93820e-06
 Reference value :  2.94013e-06
 Reference value :  2.94201e-06
 Reference value :  2.94396e-06
 Reference value :  2.94578e-06
 Reference value :  2.94780e-06
 Reference value :  2.94914e-06
 Reference value :  2.95013e-06
 Reference value :  2.95185e-06
 Reference value :  2.95258e-06
 Reference value :  2.95456e-06
 Reference value :  2.95533e-06
 Reference value :  2.95675e-06
 Reference value :  2.95867e-06
 Reference value :  2.96061e-06
 Reference value :  2.96239e-06
 Reference value :  2.96419e-06
 Reference value :  2.96429e-06
 Reference value :  2.96642e-06
 Reference value :  2.96794e-06
 Reference value :  2.96990e-06
 Reference value :  2.97177e-06
 Reference value :  2.97362e-06
 Reference value :  2.97555e-06
 Reference value :  2.97746e-06
 Reference value :  2.97942e-06
 Reference value :  2.98148e-06
 Reference value :  2.98317e-06
 Reference value :  2.98534e-06
 Reference value :  2.98673e-06
 Reference value :  2.98881e-06
 Reference value :  2.99069e-06
 Reference value :  2.99252e-06
 Reference value :  2.99431e-06
 Reference value :  2.99445e-06
 Reference value :  2.99662e-06
 Reference value :  2.99843e-06
No. of Data Rows : 19701
sim/harness: analysis complete
Note: Simulation executed from .control section 
Warning: singular matrix:  check node xxxtop.xxdiv.xcnt5.a_761_289#

Note: Starting dynamic gmin stepping
Note: Dynamic gmin stepping completed
