
Note: Compatibility modes selected: hs a


Circuit: ** sch_path: /users/rwalters/github/sky130-pll/.loom/worktrees/issue-81/sim/pll-lock/testbench/tb_pll_lock.sch

option SCALE: Scale is set to 1e-06 for instance and model parameters
option SCALE: Scale is set to 1e-06 for instance and model parameters
option SCALE: Scale is set to 1e-06 for instance and model parameters
option SCALE: Scale is set to 1e-06 for instance and model parameters
Doing analysis at TEMP = -40.000000 and TNOM = 27.000000

Using KLU as Direct Linear Solver
 Reference value :  0.00000e+00
 Reference value :  2.33446e-09
 Reference value :  4.69288e-09
 Reference value :  5.82518e-09
 Reference value :  6.75559e-09
 Reference value :  7.54016e-09
 Reference value :  9.17333e-09
 Reference value :  1.02107e-08
 Reference value :  1.16271e-08
 Reference value :  1.24899e-08
 Reference value :  1.42874e-08
 Reference value :  1.60341e-08
 Reference value :  1.61105e-08
 Reference value :  1.77028e-08
 Reference value :  1.90975e-08
 Reference value :  2.05988e-08
 Reference value :  2.18289e-08
 Reference value :  2.33421e-08
 Reference value :  2.45553e-08
 Reference value :  2.59515e-08
 Reference value :  2.68964e-08
 Reference value :  2.74963e-08
 Reference value :  2.90754e-08
 Reference value :  3.01848e-08
 Reference value :  3.08050e-08
 Reference value :  3.21007e-08
 Reference value :  3.30614e-08
 Reference value :  3.46624e-08
 Reference value :  3.58529e-08
 Reference value :  3.65886e-08
 Reference value :  3.77393e-08
 Reference value :  3.88646e-08
 Reference value :  4.05219e-08
 Reference value :  4.17343e-08
 Reference value :  4.33236e-08
 Reference value :  4.47354e-08
 Reference value :  4.61758e-08
 Reference value :  4.73519e-08
 Reference value :  4.95523e-08
 Reference value :  5.17444e-08
 Reference value :  5.32535e-08
 Reference value :  5.49954e-08
 Reference value :  5.59415e-08
 Reference value :  5.75500e-08
 Reference value :  5.87787e-08
 Reference value :  5.98841e-08
 Reference value :  6.06164e-08
 Reference value :  6.16079e-08
 Reference value :  6.27082e-08
 Reference value :  6.36201e-08
 Reference value :  6.44517e-08
 Reference value :  6.51481e-08
 Reference value :  6.63191e-08
 Reference value :  6.73277e-08
 Reference value :  6.84417e-08
 Reference value :  6.96280e-08
 Reference value :  7.01827e-08
 Reference value :  7.16054e-08
 Reference value :  7.26299e-08
 Reference value :  7.30635e-08
 Reference value :  7.48839e-08
 Reference value :  7.58323e-08
 Reference value :  7.73581e-08
 Reference value :  7.80704e-08
 Reference value :  7.86900e-08
 Reference value :  8.02617e-08
 Reference value :  8.10253e-08
 Reference value :  8.16305e-08
 Reference value :  8.32022e-08
 Reference value :  8.45252e-08
 Reference value :  8.60788e-08
 Reference value :  8.73964e-08
 Reference value :  8.90795e-08
 Reference value :  9.02321e-08
 Reference value :  9.18145e-08
 Reference value :  9.31015e-08
 Reference value :  9.46209e-08
 Reference value :  9.60490e-08
 Reference value :  9.75177e-08
 Reference value :  9.84509e-08
 Reference value :  9.90643e-08
 Reference value :  1.00619e-07
 Reference value :  1.01580e-07
 Reference value :  1.02016e-07
 Reference value :  1.03702e-07
 Reference value :  1.04881e-07
 Reference value :  1.05059e-07
 Reference value :  1.06650e-07
 Reference value :  1.08043e-07
 Reference value :  1.09642e-07
 Reference value :  1.11232e-07
 Reference value :  1.12935e-07
 Reference value :  1.14488e-07
 Reference value :  1.16242e-07
 Reference value :  1.17118e-07
 Reference value :  1.18669e-07
 Reference value :  1.20168e-07
 Reference value :  1.21689e-07
 Reference value :  1.23215e-07
 Reference value :  1.23334e-07
 Reference value :  1.24925e-07
 Reference value :  1.26297e-07
 Reference value :  1.27242e-07
 Reference value :  1.28530e-07
 Reference value :  1.29645e-07
 Reference value :  1.31195e-07
 Reference value :  1.32419e-07
 Reference value :  1.34006e-07
 Reference value :  1.35439e-07
 Reference value :  1.35523e-07
 Reference value :  1.37130e-07
 Reference value :  1.38498e-07
 Reference value :  1.39640e-07
 Reference value :  1.40706e-07
 Reference value :  1.41608e-07
 Reference value :  1.43139e-07
 Reference value :  1.44756e-07
 Reference value :  1.44810e-07
 Reference value :  1.46423e-07
 Reference value :  1.47755e-07
 Reference value :  1.49360e-07
 Reference value :  1.50146e-07
 Reference value :  1.51114e-07
 Reference value :  1.52459e-07
 Reference value :  1.53124e-07
 Reference value :  1.53810e-07
 Reference value :  1.54734e-07
 Reference value :  1.55957e-07
 Reference value :  1.56889e-07
 Reference value :  1.58439e-07
 Reference value :  1.60036e-07
 Reference value :  1.60136e-07
 Reference value :  1.61850e-07
 Reference value :  1.63219e-07
 Reference value :  1.64896e-07
 Reference value :  1.66135e-07
 Reference value :  1.67678e-07
 Reference value :  1.68348e-07
 Reference value :  1.69328e-07
 Reference value :  1.70962e-07
 Reference value :  1.72284e-07
 Reference value :  1.73830e-07
 Reference value :  1.74310e-07
 Reference value :  1.76544e-07
 Reference value :  1.77818e-07
 Reference value :  1.79090e-07
 Reference value :  1.80470e-07
 Reference value :  1.81212e-07
 Reference value :  1.82553e-07
 Reference value :  1.83784e-07
 Reference value :  1.84978e-07
 Reference value :  1.86526e-07
 Reference value :  1.88282e-07
 Reference value :  1.90057e-07
 Reference value :  1.91474e-07
 Reference value :  1.93073e-07
 Reference value :  1.93904e-07
 Reference value :  1.94815e-07
 Reference value :  1.96458e-07
 Reference value :  1.98043e-07
 Reference value :  1.99773e-07
 Reference value :  2.01016e-07
 Reference value :  2.01382e-07
 Reference value :  2.02479e-07
 Reference value :  2.03484e-07
 Reference value :  2.04730e-07
 Reference value :  2.06545e-07
 Reference value :  2.07278e-07
 Reference value :  2.08209e-07
 Reference value :  2.10160e-07
 Reference value :  2.11612e-07
 Reference value :  2.13548e-07
 Reference value :  2.15006e-07
 Reference value :  2.16748e-07
 Reference value :  2.18322e-07
 Reference value :  2.20079e-07
 Reference value :  2.20907e-07
 Reference value :  2.22074e-07
 Reference value :  2.23848e-07
 Reference value :  2.25312e-07
 Reference value :  2.27115e-07
 Reference value :  2.28385e-07
 Reference value :  2.29915e-07
 Reference value :  2.31078e-07
 Reference value :  2.31877e-07
 Reference value :  2.33581e-07
 Reference value :  2.34202e-07
 Reference value :  2.35283e-07
 Reference value :  2.37115e-07
 Reference value :  2.38619e-07
 Reference value :  2.38720e-07
 Reference value :  2.40659e-07
 Reference value :  2.41873e-07
 Reference value :  2.42806e-07
 Reference value :  2.44139e-07
 Reference value :  2.45270e-07
 Reference value :  2.47117e-07
 Reference value :  2.48682e-07
 Reference value :  2.49805e-07
 Reference value :  2.50730e-07
 Reference value :  2.52064e-07
 Reference value :  2.53356e-07
 Reference value :  2.54425e-07
 Reference value :  2.55567e-07
 Reference value :  2.57155e-07
 Reference value :  2.57708e-07
 Reference value :  2.58969e-07
 Reference value :  2.60552e-07
 Reference value :  2.61465e-07
 Reference value :  2.62401e-07
 Reference value :  2.63755e-07
 Reference value :  2.64758e-07
 Reference value :  2.66011e-07
 Reference value :  2.68039e-07
 Reference value :  2.69650e-07
 Reference value :  2.71520e-07
 Reference value :  2.73000e-07
 Reference value :  2.74986e-07
 Reference value :  2.76559e-07
 Reference value :  2.78161e-07
 Reference value :  2.79431e-07
 Reference value :  2.80218e-07
 Reference value :  2.82140e-07
 Reference value :  2.83694e-07
 Reference value :  2.85113e-07
 Reference value :  2.86021e-07
 Reference value :  2.87449e-07
 Reference value :  2.89405e-07
 Reference value :  2.91077e-07
 Reference value :  2.91129e-07
 Reference value :  2.93013e-07
 Reference value :  2.93638e-07
 Reference value :  2.94833e-07
 Reference value :  2.96841e-07
 Reference value :  2.98525e-07
 Reference value :  3.00483e-07
 Reference value :  3.01382e-07
 Reference value :  3.02977e-07
 Reference value :  3.04681e-07
 Reference value :  3.06430e-07
 Reference value :  3.08274e-07
 Reference value :  3.09677e-07
 Reference value :  3.11522e-07
 Reference value :  3.13150e-07
 Reference value :  3.13534e-07
 Reference value :  3.15466e-07
 Reference value :  3.17461e-07
 Reference value :  3.19904e-07
 Reference value :  3.21041e-07
 Reference value :  3.23008e-07
 Reference value :  3.23636e-07
 Reference value :  3.25075e-07
 Reference value :  3.27044e-07
 Reference value :  3.28486e-07
 Reference value :  3.30278e-07
 Reference value :  3.31731e-07
 Reference value :  3.33839e-07
 Reference value :  3.35588e-07
 Reference value :  3.35950e-07
 Reference value :  3.37964e-07
 Reference value :  3.39691e-07
 Reference value :  3.41532e-07
 Reference value :  3.42270e-07
 Reference value :  3.43854e-07
 Reference value :  3.45793e-07
 Reference value :  3.47245e-07
 Reference value :  3.49101e-07
 Reference value :  3.50488e-07
 Reference value :  3.52977e-07
 Reference value :  3.54718e-07
 Reference value :  3.54867e-07
 Reference value :  3.56724e-07
 Reference value :  3.57586e-07
 Reference value :  3.58572e-07
 Reference value :  3.59960e-07
 Reference value :  3.61648e-07
 Reference value :  3.63690e-07
 Reference value :  3.64980e-07
 Reference value :  3.66510e-07
 Reference value :  3.68638e-07
 Reference value :  3.70351e-07
 Reference value :  3.70414e-07
 Reference value :  3.72428e-07
 Reference value :  3.74198e-07
 Reference value :  3.76265e-07
 Reference value :  3.78221e-07
 Reference value :  3.80265e-07
 Reference value :  3.82112e-07
 Reference value :  3.84095e-07
 Reference value :  3.84857e-07
 Reference value :  3.86039e-07
 Reference value :  3.88104e-07
 Reference value :  3.88891e-07
 Reference value :  3.90045e-07
 Reference value :  3.92114e-07
 Reference value :  3.94133e-07
 Reference value :  3.94176e-07
 Reference value :  3.96225e-07
 Reference value :  3.98093e-07
 Reference value :  4.00104e-07
 Reference value :  4.01270e-07
 Reference value :  4.02255e-07
 Reference value :  4.04135e-07
 Reference value :  4.05322e-07
 Reference value :  4.06170e-07
 Reference value :  4.08242e-07
 Reference value :  4.10184e-07
 Reference value :  4.12053e-07
 Reference value :  4.13026e-07
 Reference value :  4.16366e-07
 Reference value :  4.17473e-07
 Reference value :  4.18489e-07
 Reference value :  4.20575e-07
 Reference value :  4.21196e-07
 Reference value :  4.22438e-07
 Reference value :  4.24430e-07
 Reference value :  4.24921e-07
 Reference value :  4.26535e-07
 Reference value :  4.28745e-07
 Reference value :  4.30434e-07
 Reference value :  4.32476e-07
 Reference value :  4.33491e-07
 Reference value :  4.36045e-07
 Reference value :  4.37664e-07
 Reference value :  4.40117e-07
 Reference value :  4.41066e-07
 Reference value :  4.42825e-07
 Reference value :  4.44802e-07
 Reference value :  4.46606e-07
 Reference value :  4.48465e-07
 Reference value :  4.49568e-07
 Reference value :  4.50686e-07
 Reference value :  4.52863e-07
 Reference value :  4.53893e-07
 Reference value :  4.55565e-07
 Reference value :  4.57150e-07
 Reference value :  4.58750e-07
 Reference value :  4.58974e-07
 Reference value :  4.61115e-07
 Reference value :  4.63077e-07
 Reference value :  4.65318e-07
 Reference value :  4.67229e-07
 Reference value :  4.69693e-07
 Reference value :  4.71688e-07
 Reference value :  4.73884e-07
 Reference value :  4.75634e-07
 Reference value :  4.78072e-07
 Reference value :  4.79706e-07
 Reference value :  4.81112e-07
 Reference value :  4.82508e-07
 Reference value :  4.85230e-07
 Reference value :  4.86470e-07
 Reference value :  4.88147e-07
 Reference value :  4.90420e-07
 Reference value :  4.91123e-07
 Reference value :  4.93549e-07
 Reference value :  4.96691e-07
 Reference value :  4.99359e-07
 Reference value :  5.00865e-07
 Reference value :  5.02137e-07
 Reference value :  5.03677e-07
 Reference value :  5.05148e-07
 Reference value :  5.07334e-07
 Reference value :  5.08410e-07
 Reference value :  5.09390e-07
 Reference value :  5.11391e-07
 Reference value :  5.13247e-07
 Reference value :  5.13637e-07
 Reference value :  5.15411e-07
 Reference value :  5.17460e-07
 Reference value :  5.17875e-07
 Reference value :  5.20203e-07
 Reference value :  5.22151e-07
 Reference value :  5.24377e-07
 Reference value :  5.25082e-07
 Reference value :  5.26378e-07
 Reference value :  5.28541e-07
 Reference value :  5.29575e-07
 Reference value :  5.30542e-07
 Reference value :  5.32626e-07
 Reference value :  5.34570e-07
 Reference value :  5.35761e-07
 Reference value :  5.37775e-07
 Reference value :  5.40357e-07
 Reference value :  5.41406e-07
 Reference value :  5.42981e-07
 Reference value :  5.45069e-07
 Reference value :  5.45816e-07
 Reference value :  5.48060e-07
 Reference value :  5.49906e-07
 Reference value :  5.51243e-07
 Reference value :  5.53470e-07
 Reference value :  5.55574e-07
 Reference value :  5.58125e-07
 Reference value :  5.59765e-07
 Reference value :  5.61970e-07
 Reference value :  5.62748e-07
 Reference value :  5.64072e-07
 Reference value :  5.66516e-07
 Reference value :  5.68533e-07
 Reference value :  5.71219e-07
 Reference value :  5.72539e-07
 Reference value :  5.74800e-07
 Reference value :  5.76314e-07
 Reference value :  5.77981e-07
 Reference value :  5.79878e-07
 Reference value :  5.81270e-07
 Reference value :  5.83575e-07
 Reference value :  5.85572e-07
 Reference value :  5.87845e-07
 Reference value :  5.89603e-07
 Reference value :  5.89997e-07
 Reference value :  5.92410e-07
 Reference value :  5.94363e-07
 Reference value :  5.96655e-07
 Reference value :  5.97359e-07
 Reference value :  5.98829e-07
 Reference value :  6.00978e-07
 Reference value :  6.01966e-07
 Reference value :  6.03274e-07
 Reference value :  6.05558e-07
 Reference value :  6.07859e-07
 Reference value :  6.09940e-07
 Reference value :  6.11225e-07
 Reference value :  6.12037e-07
 Reference value :  6.14194e-07
 Reference value :  6.14756e-07
 Reference value :  6.15535e-07
 Reference value :  6.16506e-07
 Reference value :  6.18770e-07
 Reference value :  6.20664e-07
 Reference value :  6.20942e-07
 Reference value :  6.23185e-07
 Reference value :  6.25310e-07
 Reference value :  6.25354e-07
 Reference value :  6.27702e-07
 Reference value :  6.28889e-07
 Reference value :  6.29504e-07
 Reference value :  6.31772e-07
 Reference value :  6.32503e-07
 Reference value :  6.33733e-07
 Reference value :  6.34924e-07
 Reference value :  6.36412e-07
 Reference value :  6.37944e-07
 Reference value :  6.40166e-07
 Reference value :  6.42197e-07
 Reference value :  6.42303e-07
 Reference value :  6.44580e-07
 Reference value :  6.46482e-07
 Reference value :  6.48656e-07
 Reference value :  6.50020e-07
 Reference value :  6.50637e-07
 Reference value :  6.52532e-07
 Reference value :  6.53226e-07
 Reference value :  6.54901e-07
 Reference value :  6.57167e-07
 Reference value :  6.59154e-07
 Reference value :  6.59197e-07
 Reference value :  6.61532e-07
 Reference value :  6.63406e-07
 Reference value :  6.65730e-07
 Reference value :  6.67335e-07
 Reference value :  6.67728e-07
 Reference value :  6.70069e-07
 Reference value :  6.70852e-07
 Reference value :  6.73663e-07
 Reference value :  6.76058e-07
 Reference value :  6.76328e-07
 Reference value :  6.78672e-07
 Reference value :  6.80948e-07
 Reference value :  6.83052e-07
 Reference value :  6.85247e-07
 Reference value :  6.87335e-07
 Reference value :  6.89359e-07
 Reference value :  6.89498e-07
 Reference value :  6.91715e-07
 Reference value :  6.93613e-07
 Reference value :  6.95876e-07
 Reference value :  6.97596e-07
 Reference value :  6.98092e-07
 Reference value :  7.00222e-07
 Reference value :  7.01000e-07
 Reference value :  7.02602e-07
 Reference value :  7.04905e-07
 Reference value :  7.05584e-07
 Reference value :  7.06977e-07
 Reference value :  7.08870e-07
 Reference value :  7.10071e-07
 Reference value :  7.11462e-07
 Reference value :  7.13760e-07
 Reference value :  7.15936e-07
 Reference value :  7.18394e-07
 Reference value :  7.20384e-07
 Reference value :  7.22637e-07
 Reference value :  7.23051e-07
 Reference value :  7.24087e-07
 Reference value :  7.26411e-07
 Reference value :  7.27704e-07
 Reference value :  7.29084e-07
 Reference value :  7.31084e-07
 Reference value :  7.33135e-07
 Reference value :  7.33417e-07
 Reference value :  7.35607e-07
 Reference value :  7.36636e-07
 Reference value :  7.37626e-07
 Reference value :  7.39877e-07
 Reference value :  7.40608e-07
 Reference value :  7.41974e-07
 Reference value :  7.44150e-07
 Reference value :  7.45268e-07
 Reference value :  7.46253e-07
 Reference value :  7.48699e-07
 Reference value :  7.50472e-07
 Reference value :  7.52511e-07
 Reference value :  7.54554e-07
 Reference value :  7.56623e-07
 Reference value :  7.57709e-07
 Reference value :  7.58876e-07
 Reference value :  7.61069e-07
 Reference value :  7.62969e-07
 Reference value :  7.65201e-07
 Reference value :  7.67215e-07
 Reference value :  7.69316e-07
 Reference value :  7.71529e-07
 Reference value :  7.73546e-07
 Reference value :  7.74685e-07
 Reference value :  7.76163e-07
 Reference value :  7.78116e-07
 Reference value :  7.79268e-07
 Reference value :  7.80069e-07
 Reference value :  7.82366e-07
 Reference value :  7.84341e-07
 Reference value :  7.84455e-07
 Reference value :  7.87017e-07
 Reference value :  7.88787e-07
 Reference value :  7.91269e-07
 Reference value :  7.93050e-07
 Reference value :  7.95228e-07
 Reference value :  7.96155e-07
 Reference value :  7.97380e-07
 Reference value :  7.99636e-07
 Reference value :  8.01000e-07
 Reference value :  8.01836e-07
 Reference value :  8.04282e-07
 Reference value :  8.06252e-07
 Reference value :  8.08521e-07
 Reference value :  8.10131e-07
 Reference value :  8.11651e-07
 Reference value :  8.13550e-07
 Reference value :  8.16102e-07
 Reference value :  8.17782e-07
 Reference value :  8.19511e-07
 Reference value :  8.21775e-07
 Reference value :  8.23858e-07
 Reference value :  8.25935e-07
 Reference value :  8.28161e-07
 Reference value :  8.28472e-07
 Reference value :  8.30702e-07
 Reference value :  8.32497e-07
 Reference value :  8.34741e-07
 Reference value :  8.36750e-07
 Reference value :  8.39176e-07
 Reference value :  8.41013e-07
 Reference value :  8.43272e-07
 Reference value :  8.44261e-07
 Reference value :  8.45258e-07
 Reference value :  8.47650e-07
 Reference value :  8.48462e-07
 Reference value :  8.49471e-07
 Reference value :  8.50480e-07
 Reference value :  8.52210e-07
 Reference value :  8.53619e-07
 Reference value :  8.55672e-07
 Reference value :  8.56963e-07
 Reference value :  8.57919e-07
 Reference value :  8.60135e-07
 Reference value :  8.61973e-07
 Reference value :  8.64186e-07
 Reference value :  8.66219e-07
 Reference value :  8.66338e-07
 Reference value :  8.68487e-07
 Reference value :  8.70339e-07
 Reference value :  8.72138e-07
 Reference value :  8.72958e-07
 Reference value :  8.74840e-07
 Reference value :  8.76838e-07
 Reference value :  8.78739e-07
 Reference value :  8.81001e-07
 Reference value :  8.82324e-07
 Reference value :  8.82913e-07
 Reference value :  8.85183e-07
 Reference value :  8.85797e-07
 Reference value :  8.87203e-07
 Reference value :  8.89627e-07
 Reference value :  8.91736e-07
 Reference value :  8.93788e-07
 Reference value :  8.95856e-07
 Reference value :  8.98189e-07
 Reference value :  9.00140e-07
 Reference value :  9.00750e-07
 Reference value :  9.02366e-07
 Reference value :  9.03542e-07
 Reference value :  9.04555e-07
 Reference value :  9.06817e-07
 Reference value :  9.08794e-07
 Reference value :  9.09046e-07
 Reference value :  9.11544e-07
 Reference value :  9.13455e-07
 Reference value :  9.15753e-07
 Reference value :  9.17484e-07
 Reference value :  9.17925e-07
 Reference value :  9.20188e-07
 Reference value :  9.21117e-07
 Reference value :  9.22225e-07
 Reference value :  9.24512e-07
 Reference value :  9.26626e-07
 Reference value :  9.26700e-07
 Reference value :  9.29026e-07
 Reference value :  9.31575e-07
 Reference value :  9.33399e-07
 Reference value :  9.35273e-07
 Reference value :  9.37388e-07
 Reference value :  9.38139e-07
 Reference value :  9.39573e-07
 Reference value :  9.41923e-07
 Reference value :  9.43794e-07
 Reference value :  9.46102e-07
 Reference value :  9.48214e-07
 Reference value :  9.50169e-07
 Reference value :  9.51755e-07
 Reference value :  9.52175e-07
 Reference value :  9.53859e-07
 Reference value :  9.54827e-07
 Reference value :  9.56399e-07
 Reference value :  9.58486e-07
 Reference value :  9.59163e-07
 Reference value :  9.60476e-07
 Reference value :  9.62692e-07
 Reference value :  9.64710e-07
 Reference value :  9.64759e-07
 Reference value :  9.66941e-07
 Reference value :  9.68770e-07
 Reference value :  9.70619e-07
 Reference value :  9.71580e-07
 Reference value :  9.73049e-07
 Reference value :  9.75239e-07
 Reference value :  9.76387e-07
 Reference value :  9.77183e-07
 Reference value :  9.79282e-07
 Reference value :  9.80942e-07
 Reference value :  9.81339e-07
 Reference value :  9.83401e-07
 Reference value :  9.84914e-07
 Reference value :  9.85502e-07
 Reference value :  9.87710e-07
 Reference value :  9.88799e-07
 Reference value :  9.90247e-07
 Reference value :  9.92283e-07
 Reference value :  9.94165e-07
 Reference value :  9.96641e-07
 Reference value :  9.98433e-07
 Reference value :  1.00065e-06
 Reference value :  1.00196e-06
 Reference value :  1.00268e-06
 Reference value :  1.00490e-06
 Reference value :  1.00719e-06
 Reference value :  1.00924e-06
 Reference value :  1.01038e-06
 Reference value :  1.01140e-06
 Reference value :  1.01376e-06
 Reference value :  1.01574e-06
 Reference value :  1.01780e-06
 Reference value :  1.01988e-06
 Reference value :  1.02023e-06
 Reference value :  1.02262e-06
 Reference value :  1.02471e-06
 Reference value :  1.02672e-06
 Reference value :  1.02747e-06
 Reference value :  1.02887e-06
 Reference value :  1.03114e-06
 Reference value :  1.03314e-06
 Reference value :  1.03522e-06
 Reference value :  1.03730e-06
 Reference value :  1.03955e-06
 Reference value :  1.04157e-06
 Reference value :  1.04177e-06
 Reference value :  1.04414e-06
 Reference value :  1.04581e-06
 Reference value :  1.04803e-06
 Reference value :  1.05017e-06
 Reference value :  1.05415e-06
 Reference value :  1.05653e-06
 Reference value :  1.05827e-06
 Reference value :  1.05855e-06
 Reference value :  1.06070e-06
 Reference value :  1.06258e-06
 Reference value :  1.06488e-06
 Reference value :  1.06648e-06
 Reference value :  1.06887e-06
 Reference value :  1.07049e-06
 Reference value :  1.07269e-06
 Reference value :  1.07473e-06
 Reference value :  1.07696e-06
 Reference value :  1.07923e-06
 Reference value :  1.08112e-06
 Reference value :  1.08297e-06
 Reference value :  1.08527e-06
 Reference value :  1.08712e-06
 Reference value :  1.08932e-06
 Reference value :  1.09150e-06
 Reference value :  1.09389e-06
 Reference value :  1.09549e-06
 Reference value :  1.09787e-06
 Reference value :  1.09997e-06
 Reference value :  1.10221e-06
 Reference value :  1.10417e-06
 Reference value :  1.10646e-06
 Reference value :  1.10847e-06
 Reference value :  1.11142e-06
 Reference value :  1.11313e-06
 Reference value :  1.11531e-06
 Reference value :  1.11725e-06
 Reference value :  1.11984e-06
 Reference value :  1.12203e-06
 Reference value :  1.12448e-06
 Reference value :  1.12594e-06
 Reference value :  1.12821e-06
 Reference value :  1.13016e-06
 Reference value :  1.13245e-06
 Reference value :  1.13325e-06
 Reference value :  1.13459e-06
 Reference value :  1.13689e-06
 Reference value :  1.13886e-06
 Reference value :  1.13901e-06
 Reference value :  1.14144e-06
 Reference value :  1.14317e-06
 Reference value :  1.14558e-06
 Reference value :  1.14731e-06
 Reference value :  1.14906e-06
 Reference value :  1.14978e-06
 Reference value :  1.15057e-06
 Reference value :  1.15156e-06
 Reference value :  1.15388e-06
 Reference value :  1.15565e-06
 Reference value :  1.15786e-06
 Reference value :  1.15992e-06
 Reference value :  1.16205e-06
 Reference value :  1.16334e-06
 Reference value :  1.16390e-06
 Reference value :  1.16623e-06
 Reference value :  1.16709e-06
 Reference value :  1.16807e-06
 Reference value :  1.17020e-06
 Reference value :  1.17108e-06
 Reference value :  1.17208e-06
 Reference value :  1.17412e-06
 Reference value :  1.17553e-06
 Reference value :  1.17615e-06
 Reference value :  1.17794e-06
 Reference value :  1.18039e-06
 Reference value :  1.18049e-06
 Reference value :  1.18268e-06
 Reference value :  1.18446e-06
 Reference value :  1.18663e-06
 Reference value :  1.18814e-06
 Reference value :  1.18856e-06
 Reference value :  1.19077e-06
 Reference value :  1.19270e-06
 Reference value :  1.19496e-06
 Reference value :  1.19681e-06
 Reference value :  1.19911e-06
 Reference value :  1.20109e-06
 Reference value :  1.20319e-06
 Reference value :  1.20401e-06
 Reference value :  1.20538e-06
 Reference value :  1.20761e-06
 Reference value :  1.20958e-06
 Reference value :  1.21178e-06
 Reference value :  1.21383e-06
 Reference value :  1.21391e-06
 Reference value :  1.21613e-06
 Reference value :  1.21793e-06
 Reference value :  1.22040e-06
 Reference value :  1.22254e-06
 Reference value :  1.22461e-06
 Reference value :  1.22666e-06
 Reference value :  1.22855e-06
 Reference value :  1.23002e-06
 Reference value :  1.23101e-06
 Reference value :  1.23322e-06
 Reference value :  1.23431e-06
 Reference value :  1.23530e-06
 Reference value :  1.23737e-06
 Reference value :  1.23819e-06
 Reference value :  1.23942e-06
 Reference value :  1.24083e-06
 Reference value :  1.24265e-06
 Reference value :  1.24364e-06
 Reference value :  1.24572e-06
 Reference value :  1.24740e-06
 Reference value :  1.24782e-06
 Reference value :  1.24985e-06
 Reference value :  1.25065e-06
 Reference value :  1.25278e-06
 Reference value :  1.25434e-06
 Reference value :  1.25501e-06
 Reference value :  1.25622e-06
 Reference value :  1.25864e-06
 Reference value :  1.26052e-06
 Reference value :  1.26237e-06
 Reference value :  1.26427e-06
 Reference value :  1.26645e-06
 Reference value :  1.26740e-06
 Reference value :  1.26836e-06
 Reference value :  1.27046e-06
 Reference value :  1.27110e-06
 Reference value :  1.27240e-06
 Reference value :  1.27446e-06
 Reference value :  1.27548e-06
 Reference value :  1.27647e-06
 Reference value :  1.27872e-06
 Reference value :  1.28039e-06
 Reference value :  1.28198e-06
 Reference value :  1.28427e-06
 Reference value :  1.28457e-06
 Reference value :  1.28670e-06
 Reference value :  1.28868e-06
 Reference value :  1.28880e-06
 Reference value :  1.29090e-06
 Reference value :  1.29230e-06
 Reference value :  1.29282e-06
 Reference value :  1.29510e-06
 Reference value :  1.29704e-06
 Reference value :  1.29920e-06
 Reference value :  1.30101e-06
 Reference value :  1.30194e-06
 Reference value :  1.30364e-06
 Reference value :  1.30538e-06
 Reference value :  1.30742e-06
 Reference value :  1.30744e-06
 Reference value :  1.30839e-06
 Reference value :  1.30957e-06
 Reference value :  1.31182e-06
 Reference value :  1.31389e-06
 Reference value :  1.31612e-06
 Reference value :  1.31779e-06
 Reference value :  1.31821e-06
 Reference value :  1.32056e-06
 Reference value :  1.32252e-06
 Reference value :  1.32458e-06
 Reference value :  1.32613e-06
 Reference value :  1.32672e-06
 Reference value :  1.32901e-06
 Reference value :  1.33101e-06
 Reference value :  1.33383e-06
 Reference value :  1.33524e-06
 Reference value :  1.33759e-06
 Reference value :  1.33942e-06
 Reference value :  1.33956e-06
 Reference value :  1.34182e-06
 Reference value :  1.34261e-06
 Reference value :  1.34357e-06
 Reference value :  1.34563e-06
 Reference value :  1.34677e-06
 Reference value :  1.34779e-06
 Reference value :  1.34985e-06
 Reference value :  1.35184e-06
 Reference value :  1.35407e-06
 Reference value :  1.35607e-06
 Reference value :  1.35821e-06
 Reference value :  1.35917e-06
 Reference value :  1.36019e-06
 Reference value :  1.36250e-06
 Reference value :  1.36427e-06
 Reference value :  1.36644e-06
 Reference value :  1.36841e-06
 Reference value :  1.36848e-06
 Reference value :  1.37075e-06
 Reference value :  1.37249e-06
 Reference value :  1.37461e-06
 Reference value :  1.37547e-06
 Reference value :  1.37643e-06
 Reference value :  1.37848e-06
 Reference value :  1.37971e-06
 Reference value :  1.38050e-06
 Reference value :  1.38270e-06
 Reference value :  1.38450e-06
 Reference value :  1.38659e-06
 Reference value :  1.38852e-06
 Reference value :  1.39071e-06
 Reference value :  1.39272e-06
 Reference value :  1.39493e-06
 Reference value :  1.39673e-06
 Reference value :  1.39893e-06
 Reference value :  1.40098e-06
 Reference value :  1.40306e-06
 Reference value :  1.40544e-06
 Reference value :  1.40733e-06
 Reference value :  1.40926e-06
 Reference value :  1.41153e-06
 Reference value :  1.41260e-06
 Reference value :  1.41588e-06
 Reference value :  1.41866e-06
 Reference value :  1.42106e-06
 Reference value :  1.42197e-06
 Reference value :  1.42433e-06
 Reference value :  1.42619e-06
 Reference value :  1.42836e-06
 Reference value :  1.43029e-06
 Reference value :  1.43255e-06
 Reference value :  1.43455e-06
 Reference value :  1.43678e-06
 Reference value :  1.43882e-06
 Reference value :  1.43911e-06
 Reference value :  1.44211e-06
 Reference value :  1.44306e-06
 Reference value :  1.44528e-06
 Reference value :  1.44630e-06
 Reference value :  1.44721e-06
 Reference value :  1.44931e-06
 Reference value :  1.45127e-06
 Reference value :  1.45143e-06
 Reference value :  1.45539e-06
 Reference value :  1.45681e-06
 Reference value :  1.45879e-06
 Reference value :  1.45940e-06
 Reference value :  1.46128e-06
 Reference value :  1.46224e-06
 Reference value :  1.46351e-06
 Reference value :  1.46364e-06
 Reference value :  1.46572e-06
 Reference value :  1.46767e-06
 Reference value :  1.47103e-06
 Reference value :  1.47311e-06
 Reference value :  1.47447e-06
 Reference value :  1.47569e-06
 Reference value :  1.47803e-06
 Reference value :  1.47965e-06
 Reference value :  1.48083e-06
 Reference value :  1.48238e-06
 Reference value :  1.48371e-06
 Reference value :  1.48626e-06
 Reference value :  1.48779e-06
 Reference value :  1.49000e-06
 Reference value :  1.49186e-06
 Reference value :  1.49400e-06
 Reference value :  1.49596e-06
 Reference value :  1.49820e-06
 Reference value :  1.49952e-06
 Reference value :  1.50086e-06
 Reference value :  1.50241e-06
 Reference value :  1.50432e-06
 Reference value :  1.50834e-06
 Reference value :  1.51122e-06
 Reference value :  1.51253e-06
 Reference value :  1.51543e-06
 Reference value :  1.51878e-06
 Reference value :  1.52163e-06
 Reference value :  1.52350e-06
 Reference value :  1.52504e-06
 Reference value :  1.52750e-06
 Reference value :  1.52924e-06
 Reference value :  1.53145e-06
 Reference value :  1.53335e-06
 Reference value :  1.53581e-06
 Reference value :  1.53764e-06
 Reference value :  1.53999e-06
 Reference value :  1.54180e-06
 Reference value :  1.54448e-06
 Reference value :  1.54596e-06
 Reference value :  1.54851e-06
 Reference value :  1.55023e-06
 Reference value :  1.55248e-06
 Reference value :  1.55419e-06
 Reference value :  1.55711e-06
 Reference value :  1.55828e-06
 Reference value :  1.56089e-06
 Reference value :  1.56370e-06
 Reference value :  1.56543e-06
 Reference value :  1.56657e-06
 Reference value :  1.56888e-06
 Reference value :  1.57111e-06
 Reference value :  1.57444e-06
 Reference value :  1.57710e-06
 Reference value :  1.57842e-06
 Reference value :  1.58062e-06
 Reference value :  1.58249e-06
 Reference value :  1.58484e-06
 Reference value :  1.58655e-06
 Reference value :  1.58876e-06
 Reference value :  1.59049e-06
 Reference value :  1.59273e-06
 Reference value :  1.59459e-06
 Reference value :  1.59766e-06
 Reference value :  1.59879e-06
 Reference value :  1.60083e-06
 Reference value :  1.60152e-06
 Reference value :  1.60311e-06
 Reference value :  1.60508e-06
 Reference value :  1.60693e-06
 Reference value :  1.60900e-06
 Reference value :  1.61098e-06
 Reference value :  1.61258e-06
 Reference value :  1.61389e-06
 Reference value :  1.61556e-06
 Reference value :  1.61743e-06
 Reference value :  1.61808e-06
 Reference value :  1.61921e-06
 Reference value :  1.62129e-06
 Reference value :  1.62344e-06
 Reference value :  1.62591e-06
 Reference value :  1.62849e-06
 Reference value :  1.63047e-06
 Reference value :  1.63193e-06
 Reference value :  1.63406e-06
 Reference value :  1.63600e-06
 Reference value :  1.63609e-06
 Reference value :  1.63825e-06
 Reference value :  1.63992e-06
 Reference value :  1.64028e-06
 Reference value :  1.64244e-06
 Reference value :  1.64440e-06
 Reference value :  1.64661e-06
 Reference value :  1.64857e-06
 Reference value :  1.64859e-06
 Reference value :  1.65035e-06
 Reference value :  1.65131e-06
 Reference value :  1.65261e-06
 Reference value :  1.65483e-06
 Reference value :  1.65663e-06
 Reference value :  1.65761e-06
 Reference value :  1.65968e-06
 Reference value :  1.66084e-06
 Reference value :  1.66308e-06
 Reference value :  1.66476e-06
 Reference value :  1.66615e-06
 Reference value :  1.66759e-06
 Reference value :  1.66883e-06
 Reference value :  1.67043e-06
 Reference value :  1.67252e-06
 Reference value :  1.67293e-06
 Reference value :  1.67482e-06
 Reference value :  1.67702e-06
 Reference value :  1.67724e-06
 Reference value :  1.67937e-06
 Reference value :  1.68101e-06
 Reference value :  1.68111e-06
 Reference value :  1.68307e-06
 Reference value :  1.68380e-06
 Reference value :  1.68503e-06
 Reference value :  1.68713e-06
 Reference value :  1.68790e-06
 Reference value :  1.68909e-06
 Reference value :  1.69127e-06
 Reference value :  1.69316e-06
 Reference value :  1.69524e-06
 Reference value :  1.69704e-06
 Reference value :  1.69925e-06
 Reference value :  1.70056e-06
 Reference value :  1.70142e-06
 Reference value :  1.70321e-06
 Reference value :  1.70412e-06
 Reference value :  1.70532e-06
 Reference value :  1.70759e-06
 Reference value :  1.70952e-06
 Reference value :  1.71165e-06
 Reference value :  1.71381e-06
 Reference value :  1.71578e-06
 Reference value :  1.71781e-06
 Reference value :  1.71785e-06
 Reference value :  1.72007e-06
 Reference value :  1.72081e-06
 Reference value :  1.72197e-06
 Reference value :  1.72419e-06
 Reference value :  1.72612e-06
 Reference value :  1.72625e-06
 Reference value :  1.72885e-06
 Reference value :  1.73149e-06
 Reference value :  1.73284e-06
 Reference value :  1.73486e-06
 Reference value :  1.73674e-06
 Reference value :  1.73852e-06
 Reference value :  1.74061e-06
 Reference value :  1.74268e-06
 Reference value :  1.74439e-06
 Reference value :  1.74586e-06
 Reference value :  1.74685e-06
 Reference value :  1.74901e-06
 Reference value :  1.75068e-06
 Reference value :  1.75235e-06
 Reference value :  1.75351e-06
 Reference value :  1.75495e-06
 Reference value :  1.75720e-06
 Reference value :  1.75927e-06
 Reference value :  1.76127e-06
 Reference value :  1.76305e-06
 Reference value :  1.76528e-06
 Reference value :  1.76732e-06
 Reference value :  1.76934e-06
 Reference value :  1.77009e-06
 Reference value :  1.77165e-06
 Reference value :  1.77375e-06
 Reference value :  1.77529e-06
 Reference value :  1.77746e-06
 Reference value :  1.77924e-06
 Reference value :  1.78128e-06
 Reference value :  1.78267e-06
 Reference value :  1.78328e-06
 Reference value :  1.78492e-06
 Reference value :  1.78578e-06
 Reference value :  1.78733e-06
 Reference value :  1.78918e-06
 Reference value :  1.79000e-06
 Reference value :  1.79145e-06
 Reference value :  1.79361e-06
 Reference value :  1.79543e-06
 Reference value :  1.79749e-06
 Reference value :  1.79941e-06
 Reference value :  1.80098e-06
 Reference value :  1.80175e-06
 Reference value :  1.80361e-06
 Reference value :  1.80569e-06
 Reference value :  1.80682e-06
 Reference value :  1.80762e-06
 Reference value :  1.81000e-06
 Reference value :  1.81177e-06
 Reference value :  1.81392e-06
 Reference value :  1.81583e-06
 Reference value :  1.81805e-06
 Reference value :  1.81932e-06
 Reference value :  1.82010e-06
 Reference value :  1.82217e-06
 Reference value :  1.82277e-06
 Reference value :  1.82419e-06
 Reference value :  1.82644e-06
 Reference value :  1.82854e-06
 Reference value :  1.83030e-06
 Reference value :  1.83214e-06
 Reference value :  1.83241e-06
 Reference value :  1.83454e-06
 Reference value :  1.83645e-06
 Reference value :  1.83849e-06
 Reference value :  1.84014e-06
 Reference value :  1.84280e-06
 Reference value :  1.84446e-06
 Reference value :  1.84486e-06
 Reference value :  1.84699e-06
 Reference value :  1.84917e-06
 Reference value :  1.85114e-06
 Reference value :  1.85302e-06
 Reference value :  1.85523e-06
 Reference value :  1.85598e-06
 Reference value :  1.85756e-06
 Reference value :  1.85936e-06
 Reference value :  1.86107e-06
 Reference value :  1.86322e-06
 Reference value :  1.86511e-06
 Reference value :  1.86730e-06
 Reference value :  1.86928e-06
 Reference value :  1.87139e-06
 Reference value :  1.87222e-06
 Reference value :  1.87324e-06
 Reference value :  1.87484e-06
 Reference value :  1.87636e-06
 Reference value :  1.87833e-06
 Reference value :  1.88035e-06
 Reference value :  1.88152e-06
 Reference value :  1.88370e-06
 Reference value :  1.88491e-06
 Reference value :  1.88554e-06
 Reference value :  1.88751e-06
 Reference value :  1.88816e-06
 Reference value :  1.88966e-06
 Reference value :  1.89169e-06
 Reference value :  1.89305e-06
 Reference value :  1.89360e-06
 Reference value :  1.89564e-06
 Reference value :  1.89755e-06
 Reference value :  1.89937e-06
 Reference value :  1.90018e-06
 Reference value :  1.90161e-06
 Reference value :  1.90349e-06
 Reference value :  1.90457e-06
 Reference value :  1.90560e-06
 Reference value :  1.90679e-06
 Reference value :  1.90822e-06
 Reference value :  1.90980e-06
 Reference value :  1.91204e-06
 Reference value :  1.91394e-06
 Reference value :  1.91599e-06
 Reference value :  1.91805e-06
 Reference value :  1.91806e-06
 Reference value :  1.92050e-06
 Reference value :  1.92210e-06
 Reference value :  1.92412e-06
 Reference value :  1.92505e-06
 Reference value :  1.92712e-06
 Reference value :  1.93043e-06
 Reference value :  1.93246e-06
 Reference value :  1.93471e-06
 Reference value :  1.93473e-06
 Reference value :  1.93683e-06
 Reference value :  1.93888e-06
 Reference value :  1.94089e-06
 Reference value :  1.94195e-06
 Reference value :  1.94297e-06
 Reference value :  1.94517e-06
 Reference value :  1.94732e-06
 Reference value :  1.94925e-06
 Reference value :  1.95132e-06
 Reference value :  1.95332e-06
 Reference value :  1.95534e-06
 Reference value :  1.95734e-06
 Reference value :  1.95805e-06
 Reference value :  1.95939e-06
 Reference value :  1.96149e-06
 Reference value :  1.96336e-06
 Reference value :  1.96503e-06
 Reference value :  1.96645e-06
 Reference value :  1.96756e-06
 Reference value :  1.97145e-06
 Reference value :  1.97179e-06
 Reference value :  1.97392e-06
 Reference value :  1.97517e-06
 Reference value :  1.97705e-06
 Reference value :  1.97871e-06
 Reference value :  1.97952e-06
 Reference value :  1.98156e-06
 Reference value :  1.98257e-06
 Reference value :  1.98356e-06
 Reference value :  1.98572e-06
 Reference value :  1.98680e-06
 Reference value :  1.98837e-06
 Reference value :  1.99023e-06
 Reference value :  1.99173e-06
 Reference value :  1.99377e-06
 Reference value :  1.99478e-06
 Reference value :  1.99745e-06
 Reference value :  1.99928e-06
 Reference value :  1.99976e-06
 Reference value :  2.00098e-06
 Reference value :  2.00221e-06
 Reference value :  2.00372e-06
 Reference value :  2.00566e-06
 Reference value :  2.00775e-06
 Reference value :  2.00787e-06
 Reference value :  2.01012e-06
 Reference value :  2.01189e-06
 Reference value :  2.01409e-06
 Reference value :  2.01608e-06
 Reference value :  2.01816e-06
 Reference value :  2.02007e-06
 Reference value :  2.02165e-06
 Reference value :  2.02310e-06
 Reference value :  2.02426e-06
 Reference value :  2.02631e-06
 Reference value :  2.02696e-06
 Reference value :  2.02834e-06
 Reference value :  2.03072e-06
 Reference value :  2.03280e-06
 Reference value :  2.03460e-06
 Reference value :  2.03665e-06
 Reference value :  2.03675e-06
 Reference value :  2.03905e-06
 Reference value :  2.04073e-06
 Reference value :  2.04287e-06
 Reference value :  2.04466e-06
 Reference value :  2.04645e-06
 Reference value :  2.04829e-06
 Reference value :  2.04887e-06
 Reference value :  2.05083e-06
 Reference value :  2.05282e-06
 Reference value :  2.05498e-06
 Reference value :  2.05627e-06
 Reference value :  2.05710e-06
 Reference value :  2.05924e-06
 Reference value :  2.06016e-06
 Reference value :  2.06099e-06
 Reference value :  2.06238e-06
 Reference value :  2.06411e-06
 Reference value :  2.06510e-06
 Reference value :  2.06708e-06
 Reference value :  2.06847e-06
 Reference value :  2.06908e-06
 Reference value :  2.07118e-06
 Reference value :  2.07285e-06
 Reference value :  2.07317e-06
 Reference value :  2.07525e-06
 Reference value :  2.07615e-06
 Reference value :  2.07714e-06
 Reference value :  2.07881e-06
 Reference value :  2.08122e-06
 Reference value :  2.08329e-06
 Reference value :  2.08402e-06
 Reference value :  2.08516e-06
 Reference value :  2.08724e-06
 Reference value :  2.08832e-06
 Reference value :  2.08907e-06
 Reference value :  2.09085e-06
 Reference value :  2.09175e-06
 Reference value :  2.09338e-06
 Reference value :  2.09546e-06
 Reference value :  2.09709e-06
 Reference value :  2.09919e-06
 Reference value :  2.10070e-06
 Reference value :  2.10170e-06
 Reference value :  2.10350e-06
 Reference value :  2.10509e-06
 Reference value :  2.10668e-06
 Reference value :  2.10806e-06
 Reference value :  2.10919e-06
 Reference value :  2.11121e-06
 Reference value :  2.11194e-06
 Reference value :  2.11368e-06
 Reference value :  2.11568e-06
 Reference value :  2.11728e-06
 Reference value :  2.11887e-06
 Reference value :  2.12131e-06
 Reference value :  2.12180e-06
 Reference value :  2.12412e-06
 Reference value :  2.12596e-06
 Reference value :  2.12803e-06
 Reference value :  2.12959e-06
 Reference value :  2.13218e-06
 Reference value :  2.13399e-06
 Reference value :  2.13756e-06
 Reference value :  2.13918e-06
 Reference value :  2.14203e-06
 Reference value :  2.14430e-06
 Reference value :  2.14597e-06
 Reference value :  2.14845e-06
 Reference value :  2.15040e-06
 Reference value :  2.15332e-06
 Reference value :  2.15434e-06
 Reference value :  2.15706e-06
 Reference value :  2.15828e-06
 Reference value :  2.16068e-06
 Reference value :  2.16230e-06
 Reference value :  2.16471e-06
 Reference value :  2.16639e-06
 Reference value :  2.16942e-06
 Reference value :  2.17045e-06
 Reference value :  2.17381e-06
 Reference value :  2.17487e-06
 Reference value :  2.17759e-06
 Reference value :  2.17911e-06
 Reference value :  2.18239e-06
 Reference value :  2.18499e-06
 Reference value :  2.18661e-06
 Reference value :  2.18919e-06
 Reference value :  2.19046e-06
 Reference value :  2.19294e-06
 Reference value :  2.19442e-06
 Reference value :  2.19685e-06
 Reference value :  2.19944e-06
 Reference value :  2.20086e-06
 Reference value :  2.20203e-06
 Reference value :  2.20248e-06
 Reference value :  2.20468e-06
 Reference value :  2.20645e-06
 Reference value :  2.20823e-06
 Reference value :  2.20939e-06
 Reference value :  2.21052e-06
 Reference value :  2.21252e-06
 Reference value :  2.21363e-06
 Reference value :  2.21462e-06
 Reference value :  2.21683e-06
 Reference value :  2.21841e-06
 Reference value :  2.21883e-06
 Reference value :  2.22104e-06
 Reference value :  2.22292e-06
 Reference value :  2.22520e-06
 Reference value :  2.22706e-06
 Reference value :  2.22938e-06
 Reference value :  2.23108e-06
 Reference value :  2.23306e-06
 Reference value :  2.23510e-06
 Reference value :  2.23748e-06
 Reference value :  2.23922e-06
 Reference value :  2.24140e-06
 Reference value :  2.24334e-06
 Reference value :  2.24343e-06
 Reference value :  2.24565e-06
 Reference value :  2.24745e-06
 Reference value :  2.24756e-06
 Reference value :  2.24974e-06
 Reference value :  2.25151e-06
 Reference value :  2.25363e-06
 Reference value :  2.25548e-06
 Reference value :  2.25767e-06
 Reference value :  2.25905e-06
 Reference value :  2.25967e-06
 Reference value :  2.26190e-06
 Reference value :  2.26275e-06
 Reference value :  2.26457e-06
 Reference value :  2.26659e-06
 Reference value :  2.26762e-06
 Reference value :  2.26920e-06
 Reference value :  2.27112e-06
 Reference value :  2.27371e-06
 Reference value :  2.27484e-06
 Reference value :  2.27582e-06
 Reference value :  2.27785e-06
 Reference value :  2.27863e-06
 Reference value :  2.27972e-06
 Reference value :  2.28182e-06
 Reference value :  2.28370e-06
 Reference value :  2.28587e-06
 Reference value :  2.28778e-06
 Reference value :  2.28989e-06
 Reference value :  2.29188e-06
 Reference value :  2.29404e-06
 Reference value :  2.29507e-06
 Reference value :  2.29585e-06
 Reference value :  2.29793e-06
 Reference value :  2.29932e-06
 Reference value :  2.29991e-06
 Reference value :  2.30160e-06
 Reference value :  2.30294e-06
 Reference value :  2.30386e-06
 Reference value :  2.30609e-06
 Reference value :  2.30792e-06
 Reference value :  2.31101e-06
 Reference value :  2.31300e-06
 Reference value :  2.31592e-06
 Reference value :  2.31869e-06
 Reference value :  2.32021e-06
 Reference value :  2.32253e-06
 Reference value :  2.32411e-06
 Reference value :  2.32626e-06
 Reference value :  2.32719e-06
 Reference value :  2.32817e-06
 Reference value :  2.32984e-06
 Reference value :  2.33062e-06
 Reference value :  2.33239e-06
 Reference value :  2.33452e-06
 Reference value :  2.33628e-06
 Reference value :  2.33854e-06
 Reference value :  2.34057e-06
 Reference value :  2.34255e-06
 Reference value :  2.34424e-06
 Reference value :  2.34591e-06
 Reference value :  2.34681e-06
 Reference value :  2.34830e-06
 Reference value :  2.35045e-06
 Reference value :  2.35237e-06
 Reference value :  2.35452e-06
 Reference value :  2.35646e-06
 Reference value :  2.35867e-06
 Reference value :  2.36043e-06
 Reference value :  2.36183e-06
 Reference value :  2.36319e-06
 Reference value :  2.36452e-06
 Reference value :  2.36657e-06
 Reference value :  2.36852e-06
 Reference value :  2.36863e-06
 Reference value :  2.37053e-06
 Reference value :  2.37178e-06
 Reference value :  2.37260e-06
 Reference value :  2.37477e-06
 Reference value :  2.37660e-06
 Reference value :  2.37881e-06
 Reference value :  2.38058e-06
 Reference value :  2.38243e-06
 Reference value :  2.38424e-06
 Reference value :  2.38464e-06
 Reference value :  2.38664e-06
 Reference value :  2.38833e-06
 Reference value :  2.38864e-06
 Reference value :  2.39070e-06
 Reference value :  2.39179e-06
 Reference value :  2.39261e-06
 Reference value :  2.39470e-06
 Reference value :  2.39535e-06
 Reference value :  2.39653e-06
 Reference value :  2.39816e-06
 Reference value :  2.39905e-06
 Reference value :  2.40083e-06
 Reference value :  2.40263e-06
 Reference value :  2.40455e-06
 Reference value :  2.40601e-06
 Reference value :  2.40800e-06
 Reference value :  2.40861e-06
 Reference value :  2.41069e-06
 Reference value :  2.41240e-06
 Reference value :  2.41263e-06
 Reference value :  2.41470e-06
 Reference value :  2.41538e-06
 Reference value :  2.41668e-06
 Reference value :  2.41889e-06
 Reference value :  2.42094e-06
 Reference value :  2.42309e-06
 Reference value :  2.42477e-06
 Reference value :  2.42667e-06
 Reference value :  2.42788e-06
 Reference value :  2.42888e-06
 Reference value :  2.43099e-06
 Reference value :  2.43168e-06
 Reference value :  2.43359e-06
 Reference value :  2.43553e-06
 Reference value :  2.43684e-06
 Reference value :  2.43843e-06
 Reference value :  2.44093e-06
 Reference value :  2.44103e-06
 Reference value :  2.44320e-06
 Reference value :  2.44496e-06
 Reference value :  2.44696e-06
 Reference value :  2.44830e-06
 Reference value :  2.45006e-06
 Reference value :  2.45150e-06
 Reference value :  2.45309e-06
 Reference value :  2.45463e-06
 Reference value :  2.45713e-06
 Reference value :  2.45943e-06
 Reference value :  2.46133e-06
 Reference value :  2.46334e-06
 Reference value :  2.46398e-06
 Reference value :  2.46539e-06
 Reference value :  2.46746e-06
 Reference value :  2.46925e-06
 Reference value :  2.47113e-06
 Reference value :  2.47240e-06
 Reference value :  2.47323e-06
 Reference value :  2.47540e-06
 Reference value :  2.47735e-06
 Reference value :  2.47742e-06
 Reference value :  2.47951e-06
 Reference value :  2.48130e-06
 Reference value :  2.48338e-06
 Reference value :  2.48529e-06
 Reference value :  2.48745e-06
 Reference value :  2.48924e-06
 Reference value :  2.49134e-06
 Reference value :  2.49255e-06
 Reference value :  2.49334e-06
 Reference value :  2.49540e-06
 Reference value :  2.49681e-06
 Reference value :  2.49819e-06
 Reference value :  2.49948e-06
 Reference value :  2.50118e-06
 Reference value :  2.50347e-06
 Reference value :  2.50518e-06
 Reference value :  2.50731e-06
 Reference value :  2.50912e-06
 Reference value :  2.51131e-06
 Reference value :  2.51280e-06
 Reference value :  2.51332e-06
 Reference value :  2.51558e-06
 Reference value :  2.51750e-06
 Reference value :  2.51754e-06
 Reference value :  2.51986e-06
 Reference value :  2.52158e-06
 Reference value :  2.52352e-06
 Reference value :  2.52538e-06
 Reference value :  2.52585e-06
 Reference value :  2.52802e-06
 Reference value :  2.52983e-06
 Reference value :  2.53224e-06
 Reference value :  2.53302e-06
 Reference value :  2.53452e-06
 Reference value :  2.53704e-06
 Reference value :  2.53883e-06
 Reference value :  2.54113e-06
 Reference value :  2.54331e-06
 Reference value :  2.54561e-06
 Reference value :  2.54787e-06
 Reference value :  2.55000e-06
 Reference value :  2.55060e-06
 Reference value :  2.55243e-06
 Reference value :  2.55477e-06
 Reference value :  2.55714e-06
 Reference value :  2.55960e-06
 Reference value :  2.56184e-06
 Reference value :  2.56417e-06
 Reference value :  2.56585e-06
 Reference value :  2.56666e-06
 Reference value :  2.56910e-06
 Reference value :  2.56991e-06
 Reference value :  2.57155e-06
 Reference value :  2.57405e-06
 Reference value :  2.57615e-06
 Reference value :  2.57655e-06
 Reference value :  2.57911e-06
 Reference value :  2.58150e-06
 Reference value :  2.58413e-06
 Reference value :  2.58653e-06
 Reference value :  2.58665e-06
 Reference value :  2.58921e-06
 Reference value :  2.59165e-06
 Reference value :  2.59176e-06
 Reference value :  2.59462e-06
 Reference value :  2.59696e-06
 Reference value :  2.59966e-06
 Reference value :  2.60164e-06
 Reference value :  2.60226e-06
 Reference value :  2.60498e-06
 Reference value :  2.60625e-06
 Reference value :  2.60767e-06
 Reference value :  2.61046e-06
 Reference value :  2.61125e-06
 Reference value :  2.61304e-06
 Reference value :  2.61519e-06
 Reference value :  2.61613e-06
 Reference value :  2.61859e-06
 Reference value :  2.62149e-06
 Reference value :  2.62414e-06
 Reference value :  2.62690e-06
 Reference value :  2.62970e-06
 Reference value :  2.63267e-06
 Reference value :  2.63465e-06
 Reference value :  2.63546e-06
 Reference value :  2.63839e-06
 Reference value :  2.63948e-06
 Reference value :  2.64127e-06
 Reference value :  2.64421e-06
 Reference value :  2.64710e-06
 Reference value :  2.64714e-06
 Reference value :  2.65006e-06
 Reference value :  2.65194e-06
 Reference value :  2.65296e-06
 Reference value :  2.65602e-06
 Reference value :  2.65799e-06
 Reference value :  2.65896e-06
 Reference value :  2.66194e-06
 Reference value :  2.66284e-06
 Reference value :  2.66483e-06
 Reference value :  2.66757e-06
 Reference value :  2.66869e-06
 Reference value :  2.67208e-06
 Reference value :  2.67471e-06
 Reference value :  2.67710e-06
 Reference value :  2.68022e-06
 Reference value :  2.68322e-06
 Reference value :  2.68512e-06
 Reference value :  2.68668e-06
 Reference value :  2.68942e-06
 Reference value :  2.69222e-06
 Reference value :  2.69356e-06
 Reference value :  2.69578e-06
 Reference value :  2.69892e-06
 Reference value :  2.70098e-06
 Reference value :  2.70209e-06
 Reference value :  2.70524e-06
 Reference value :  2.70804e-06
 Reference value :  2.70834e-06
 Reference value :  2.71147e-06
 Reference value :  2.71210e-06
 Reference value :  2.71410e-06
 Reference value :  2.71455e-06
 Reference value :  2.71755e-06
 Reference value :  2.71983e-06
 Reference value :  2.72083e-06
 Reference value :  2.72402e-06
 Reference value :  2.72690e-06
 Reference value :  2.73000e-06
 Reference value :  2.73294e-06
 Reference value :  2.73306e-06
 Reference value :  2.73625e-06
 Reference value :  2.73883e-06
 Reference value :  2.74118e-06
 Reference value :  2.74279e-06
 Reference value :  2.74478e-06
 Reference value :  2.74777e-06
 Reference value :  2.75016e-06
 Reference value :  2.75042e-06
 Reference value :  2.75335e-06
 Reference value :  2.75469e-06
 Reference value :  2.75590e-06
 Reference value :  2.75824e-06
 Reference value :  2.75932e-06
 Reference value :  2.76163e-06
 Reference value :  2.76419e-06
 Reference value :  2.76516e-06
 Reference value :  2.76868e-06
 Reference value :  2.77019e-06
 Reference value :  2.77289e-06
 Reference value :  2.77514e-06
 Reference value :  2.77778e-06
 Reference value :  2.77783e-06
 Reference value :  2.78064e-06
 Reference value :  2.78332e-06
 Reference value :  2.78593e-06
 Reference value :  2.78650e-06
 Reference value :  2.78857e-06
 Reference value :  2.79135e-06
 Reference value :  2.79390e-06
 Reference value :  2.79672e-06
 Reference value :  2.79776e-06
 Reference value :  2.79958e-06
 Reference value :  2.80098e-06
 Reference value :  2.80275e-06
 Reference value :  2.80526e-06
 Reference value :  2.80539e-06
 Reference value :  2.80834e-06
 Reference value :  2.81001e-06
 Reference value :  2.81082e-06
 Reference value :  2.81338e-06
 Reference value :  2.81569e-06
 Reference value :  2.81650e-06
 Reference value :  2.81884e-06
 Reference value :  2.82135e-06
 Reference value :  2.82217e-06
 Reference value :  2.82450e-06
 Reference value :  2.82678e-06
 Reference value :  2.82780e-06
 Reference value :  2.83063e-06
 Reference value :  2.83187e-06
 Reference value :  2.83329e-06
 Reference value :  2.83616e-06
 Reference value :  2.83874e-06
 Reference value :  2.84133e-06
 Reference value :  2.84311e-06
 Reference value :  2.84410e-06
 Reference value :  2.84625e-06
 Reference value :  2.84743e-06
 Reference value :  2.84932e-06
 Reference value :  2.85025e-06
 Reference value :  2.85231e-06
 Reference value :  2.85456e-06
 Reference value :  2.85469e-06
 Reference value :  2.85726e-06
 Reference value :  2.85981e-06
 Reference value :  2.85994e-06
 Reference value :  2.86254e-06
 Reference value :  2.86495e-06
 Reference value :  2.86762e-06
 Reference value :  2.87001e-06
 Reference value :  2.87014e-06
 Reference value :  2.87271e-06
 Reference value :  2.87359e-06
 Reference value :  2.87509e-06
 Reference value :  2.87765e-06
 Reference value :  2.88002e-06
 Reference value :  2.88017e-06
 Reference value :  2.88275e-06
 Reference value :  2.88486e-06
 Reference value :  2.88718e-06
 Reference value :  2.88845e-06
 Reference value :  2.88983e-06
 Reference value :  2.89225e-06
 Reference value :  2.89294e-06
 Reference value :  2.89457e-06
 Reference value :  2.89706e-06
 Reference value :  2.89767e-06
 Reference value :  2.89937e-06
 Reference value :  2.90085e-06
 Reference value :  2.90206e-06
 Reference value :  2.90434e-06
 Reference value :  2.90679e-06
 Reference value :  2.90920e-06
 Reference value :  2.91178e-06
 Reference value :  2.91419e-06
 Reference value :  2.91665e-06
 Reference value :  2.91862e-06
 Reference value :  2.91899e-06
 Reference value :  2.92156e-06
 Reference value :  2.92373e-06
 Reference value :  2.92584e-06
 Reference value :  2.92818e-06
 Reference value :  2.92865e-06
 Reference value :  2.93109e-06
 Reference value :  2.93239e-06
 Reference value :  2.93342e-06
 Reference value :  2.93591e-06
 Reference value :  2.93603e-06
 Reference value :  2.93691e-06
 Reference value :  2.93814e-06
 Reference value :  2.94054e-06
 Reference value :  2.94279e-06
 Reference value :  2.94296e-06
 Reference value :  2.94538e-06
 Reference value :  2.94763e-06
 Reference value :  2.95000e-06
 Reference value :  2.95133e-06
 Reference value :  2.95234e-06
 Reference value :  2.95406e-06
 Reference value :  2.95524e-06
 Reference value :  2.95694e-06
 Reference value :  2.95932e-06
 Reference value :  2.96166e-06
 Reference value :  2.96178e-06
 Reference value :  2.96408e-06
 Reference value :  2.96624e-06
 Reference value :  2.96856e-06
 Reference value :  2.97069e-06
 Reference value :  2.97095e-06
 Reference value :  2.97323e-06
 Reference value :  2.97387e-06
 Reference value :  2.97557e-06
 Reference value :  2.97790e-06
 Reference value :  2.98013e-06
 Reference value :  2.98232e-06
 Reference value :  2.98461e-06
 Reference value :  2.98683e-06
 Reference value :  2.98866e-06
 Reference value :  2.98911e-06
 Reference value :  2.99118e-06
 Reference value :  2.99167e-06
 Reference value :  2.99265e-06
 Reference value :  2.99362e-06
 Reference value :  2.99584e-06
 Reference value :  2.99806e-06
 Reference value :  2.99817e-06
No. of Data Rows : 21892
sim/harness: analysis complete
Note: Simulation executed from .control section 
Warning: singular matrix:  check node xxxtop.xxdiv.xcnt5.a_761_289#

Note: Starting dynamic gmin stepping
Warning: Dynamic gmin stepping failed
Note: Starting true gmin stepping
Note: True gmin stepping completed
