
Note: Compatibility modes selected: hs a


Circuit: ** sch_path: /users/rwalters/github/sky130-pll/.loom/worktrees/issue-81/sim/pll-lock/testbench/tb_pll_lock.sch

option SCALE: Scale is set to 1e-06 for instance and model parameters
option SCALE: Scale is set to 1e-06 for instance and model parameters
option SCALE: Scale is set to 1e-06 for instance and model parameters
option SCALE: Scale is set to 1e-06 for instance and model parameters
Doing analysis at TEMP = 125.000000 and TNOM = 27.000000

Using KLU as Direct Linear Solver
 Reference value :  0.00000e+00
 Reference value :  2.39744e-09
 Reference value :  8.10000e-09
 Reference value :  1.57000e-08
 Reference value :  2.25000e-08
 Reference value :  2.91000e-08
 Reference value :  3.65000e-08
 Reference value :  4.43000e-08
 Reference value :  5.00000e-08
 Reference value :  5.70453e-08
 Reference value :  6.66453e-08
 Reference value :  7.64453e-08
 Reference value :  8.62453e-08
 Reference value :  9.60453e-08
 Reference value :  1.01365e-07
 Reference value :  1.02858e-07
 Reference value :  1.09450e-07
 Reference value :  1.16250e-07
 Reference value :  1.22850e-07
 Reference value :  1.29650e-07
 Reference value :  1.36450e-07
 Reference value :  1.43250e-07
 Reference value :  1.49700e-07
 Reference value :  1.56045e-07
 Reference value :  1.65845e-07
 Reference value :  1.75245e-07
 Reference value :  1.84845e-07
 Reference value :  1.94645e-07
 Reference value :  2.01014e-07
 Reference value :  2.07788e-07
 Reference value :  2.14588e-07
 Reference value :  2.21588e-07
 Reference value :  2.29388e-07
 Reference value :  2.38788e-07
 Reference value :  2.48188e-07
 Reference value :  2.53445e-07
 Reference value :  2.62845e-07
 Reference value :  2.72445e-07
 Reference value :  2.81845e-07
 Reference value :  2.91445e-07
 Reference value :  3.00500e-07
 Reference value :  3.05425e-07
 Reference value :  3.12625e-07
 Reference value :  3.19625e-07
 Reference value :  3.27625e-07
 Reference value :  3.37225e-07
 Reference value :  3.47825e-07
 Reference value :  3.54045e-07
 Reference value :  3.64445e-07
 Reference value :  3.74645e-07
 Reference value :  3.85445e-07
 Reference value :  3.95845e-07
 Reference value :  4.01625e-07
 Reference value :  4.08825e-07
 Reference value :  4.15625e-07
 Reference value :  4.22825e-07
 Reference value :  4.31025e-07
 Reference value :  4.40625e-07
 Reference value :  4.49700e-07
 Reference value :  4.56045e-07
 Reference value :  4.66445e-07
 Reference value :  4.76845e-07
 Reference value :  4.86645e-07
 Reference value :  4.96445e-07
 Reference value :  5.02225e-07
 Reference value :  5.09625e-07
 Reference value :  5.16625e-07
 Reference value :  5.25025e-07
 Reference value :  5.34025e-07
 Reference value :  5.44225e-07
 Reference value :  5.51045e-07
 Reference value :  5.60445e-07
 Reference value :  5.70845e-07
 Reference value :  5.81245e-07
 Reference value :  5.91645e-07
 Reference value :  6.00700e-07
 Reference value :  6.06225e-07
 Reference value :  6.13825e-07
 Reference value :  6.21025e-07
 Reference value :  6.28825e-07
 Reference value :  6.38225e-07
 Reference value :  6.47825e-07
 Reference value :  6.53245e-07
 Reference value :  6.62645e-07
 Reference value :  6.72045e-07
 Reference value :  6.81645e-07
 Reference value :  6.91445e-07
 Reference value :  7.00300e-07
 Reference value :  7.05425e-07
 Reference value :  7.12825e-07
 Reference value :  7.19825e-07
 Reference value :  7.27825e-07
 Reference value :  7.37025e-07
 Reference value :  7.46625e-07
 Reference value :  7.52245e-07
 Reference value :  7.61045e-07
 Reference value :  7.70645e-07
 Reference value :  7.80445e-07
 Reference value :  7.90245e-07
 Reference value :  8.00000e-07
 Reference value :  8.04625e-07
 Reference value :  8.12025e-07
 Reference value :  8.18825e-07
 Reference value :  8.26825e-07
 Reference value :  8.35825e-07
 Reference value :  8.45625e-07
 Reference value :  8.51845e-07
 Reference value :  8.60845e-07
 Reference value :  8.70645e-07
 Reference value :  8.80245e-07
 Reference value :  8.90045e-07
 Reference value :  8.99823e-07
 Reference value :  9.04425e-07
 Reference value :  9.11825e-07
 Reference value :  9.18825e-07
 Reference value :  9.26825e-07
 Reference value :  9.36225e-07
 Reference value :  9.46025e-07
 Reference value :  9.52045e-07
 Reference value :  9.61245e-07
 Reference value :  9.70845e-07
 Reference value :  9.80645e-07
 Reference value :  9.90445e-07
 Reference value :  1.00000e-06
 Reference value :  1.00443e-06
 Reference value :  1.01163e-06
 Reference value :  1.01823e-06
 Reference value :  1.02603e-06
 Reference value :  1.03503e-06
 Reference value :  1.04443e-06
 Reference value :  1.05105e-06
 Reference value :  1.05985e-06
 Reference value :  1.06985e-06
 Reference value :  1.07965e-06
 Reference value :  1.08945e-06
 Reference value :  1.09905e-06
 Reference value :  1.10423e-06
 Reference value :  1.11183e-06
 Reference value :  1.11843e-06
 Reference value :  1.12623e-06
 Reference value :  1.13523e-06
 Reference value :  1.14523e-06
 Reference value :  1.15165e-06
 Reference value :  1.16025e-06
 Reference value :  1.16985e-06
 Reference value :  1.17945e-06
 Reference value :  1.18965e-06
 Reference value :  1.19982e-06
 Reference value :  1.20483e-06
 Reference value :  1.21223e-06
 Reference value :  1.21903e-06
 Reference value :  1.22703e-06
 Reference value :  1.23643e-06
 Reference value :  1.24643e-06
 Reference value :  1.25245e-06
 Reference value :  1.26165e-06
 Reference value :  1.27145e-06
 Reference value :  1.28165e-06
 Reference value :  1.29165e-06
 Reference value :  1.30070e-06
 Reference value :  1.30603e-06
 Reference value :  1.31323e-06
 Reference value :  1.32023e-06
 Reference value :  1.32823e-06
 Reference value :  1.33823e-06
 Reference value :  1.34823e-06
 Reference value :  1.35405e-06
 Reference value :  1.36365e-06
 Reference value :  1.37345e-06
 Reference value :  1.38345e-06
 Reference value :  1.39345e-06
 Reference value :  1.40093e-06
 Reference value :  1.40743e-06
 Reference value :  1.41423e-06
 Reference value :  1.42143e-06
 Reference value :  1.42963e-06
 Reference value :  1.43943e-06
 Reference value :  1.44902e-06
 Reference value :  1.45485e-06
 Reference value :  1.46465e-06
 Reference value :  1.47485e-06
 Reference value :  1.48485e-06
 Reference value :  1.49525e-06
 Reference value :  1.50142e-06
 Reference value :  1.50903e-06
 Reference value :  1.51623e-06
 Reference value :  1.52403e-06
 Reference value :  1.53283e-06
 Reference value :  1.54243e-06
 Reference value :  1.55000e-06
 Reference value :  1.55765e-06
 Reference value :  1.56725e-06
 Reference value :  1.57725e-06
 Reference value :  1.58725e-06
 Reference value :  1.59725e-06
 Reference value :  1.60283e-06
 Reference value :  1.61043e-06
 Reference value :  1.61743e-06
 Reference value :  1.62503e-06
 Reference value :  1.63423e-06
 Reference value :  1.64383e-06
 Reference value :  1.65085e-06
 Reference value :  1.65925e-06
 Reference value :  1.66885e-06
 Reference value :  1.67885e-06
 Reference value :  1.68885e-06
 Reference value :  1.69885e-06
 Reference value :  1.70403e-06
 Reference value :  1.71123e-06
 Reference value :  1.71803e-06
 Reference value :  1.72583e-06
 Reference value :  1.73503e-06
 Reference value :  1.74503e-06
 Reference value :  1.75125e-06
 Reference value :  1.76025e-06
 Reference value :  1.77005e-06
 Reference value :  1.78025e-06
 Reference value :  1.79045e-06
 Reference value :  1.80002e-06
 Reference value :  1.80503e-06
 Reference value :  1.81263e-06
 Reference value :  1.82003e-06
 Reference value :  1.82823e-06
 Reference value :  1.83763e-06
 Reference value :  1.84743e-06
 Reference value :  1.85325e-06
 Reference value :  1.86325e-06
 Reference value :  1.87325e-06
 Reference value :  1.88325e-06
 Reference value :  1.89345e-06
 Reference value :  1.90093e-06
 Reference value :  1.90743e-06
 Reference value :  1.91443e-06
 Reference value :  1.92143e-06
 Reference value :  1.92963e-06
 Reference value :  1.93943e-06
 Reference value :  1.94902e-06
 Reference value :  1.95525e-06
 Reference value :  1.96545e-06
 Reference value :  1.97505e-06
 Reference value :  1.98485e-06
 Reference value :  1.99505e-06
 Reference value :  2.00111e-06
 Reference value :  2.00823e-06
 Reference value :  2.01523e-06
 Reference value :  2.02263e-06
 Reference value :  2.03063e-06
 Reference value :  2.04023e-06
 Reference value :  2.04906e-06
 Reference value :  2.05465e-06
 Reference value :  2.06425e-06
 Reference value :  2.07505e-06
 Reference value :  2.08545e-06
 Reference value :  2.09505e-06
 Reference value :  2.10122e-06
 Reference value :  2.10883e-06
 Reference value :  2.11543e-06
 Reference value :  2.12303e-06
 Reference value :  2.13163e-06
 Reference value :  2.14143e-06
 Reference value :  2.14985e-06
 Reference value :  2.15745e-06
 Reference value :  2.16745e-06
 Reference value :  2.17705e-06
 Reference value :  2.18665e-06
 Reference value :  2.19645e-06
 Reference value :  2.20202e-06
 Reference value :  2.20963e-06
 Reference value :  2.21663e-06
 Reference value :  2.22483e-06
 Reference value :  2.23343e-06
 Reference value :  2.24343e-06
 Reference value :  2.25065e-06
 Reference value :  2.25905e-06
 Reference value :  2.26925e-06
 Reference value :  2.27945e-06
 Reference value :  2.28965e-06
 Reference value :  2.29925e-06
 Reference value :  2.30422e-06
 Reference value :  2.31163e-06
 Reference value :  2.31863e-06
 Reference value :  2.32663e-06
 Reference value :  2.33643e-06
 Reference value :  2.34643e-06
 Reference value :  2.35225e-06
 Reference value :  2.36185e-06
 Reference value :  2.37145e-06
 Reference value :  2.38185e-06
 Reference value :  2.39185e-06
 Reference value :  2.40050e-06
 Reference value :  2.40583e-06
 Reference value :  2.41323e-06
 Reference value :  2.42023e-06
 Reference value :  2.42843e-06
 Reference value :  2.43823e-06
 Reference value :  2.44803e-06
 Reference value :  2.45365e-06
 Reference value :  2.46305e-06
 Reference value :  2.47285e-06
 Reference value :  2.48325e-06
 Reference value :  2.49305e-06
 Reference value :  2.50085e-06
 Reference value :  2.50703e-06
 Reference value :  2.51423e-06
 Reference value :  2.52143e-06
 Reference value :  2.52943e-06
 Reference value :  2.53923e-06
 Reference value :  2.54902e-06
 Reference value :  2.55465e-06
 Reference value :  2.56465e-06
 Reference value :  2.57445e-06
 Reference value :  2.58425e-06
 Reference value :  2.59425e-06
 Reference value :  2.60102e-06
 Reference value :  2.60783e-06
 Reference value :  2.61483e-06
 Reference value :  2.62223e-06
 Reference value :  2.63043e-06
 Reference value :  2.64043e-06
 Reference value :  2.64950e-06
 Reference value :  2.65585e-06
 Reference value :  2.66585e-06
 Reference value :  2.67545e-06
 Reference value :  2.68525e-06
 Reference value :  2.69525e-06
 Reference value :  2.70143e-06
 Reference value :  2.70903e-06
 Reference value :  2.71603e-06
 Reference value :  2.72383e-06
 Reference value :  2.73283e-06
 Reference value :  2.74263e-06
 Reference value :  2.75002e-06
 Reference value :  2.75745e-06
 Reference value :  2.76765e-06
 Reference value :  2.77785e-06
 Reference value :  2.78785e-06
 Reference value :  2.79785e-06
 Reference value :  2.80303e-06
 Reference value :  2.81043e-06
 Reference value :  2.81743e-06
 Reference value :  2.82523e-06
 Reference value :  2.83443e-06
 Reference value :  2.84463e-06
 Reference value :  2.85125e-06
 Reference value :  2.86005e-06
 Reference value :  2.86965e-06
 Reference value :  2.87925e-06
 Reference value :  2.88905e-06
 Reference value :  2.89925e-06
 Reference value :  2.90423e-06
 Reference value :  2.91183e-06
 Reference value :  2.91883e-06
 Reference value :  2.92663e-06
 Reference value :  2.93603e-06
 Reference value :  2.94583e-06
 Reference value :  2.95205e-06
 Reference value :  2.96145e-06
 Reference value :  2.97085e-06
 Reference value :  2.98105e-06
 Reference value :  2.99085e-06
No. of Data Rows : 15406
sim/harness: analysis complete
Note: Simulation executed from .control section 
