
Note: Compatibility modes selected: hs a


Circuit: ** sch_path: /users/rwalters/github/sky130-pll/.loom/worktrees/issue-81/sim/pll-lock/testbench/tb_pll_lock.sch

option SCALE: Scale is set to 1e-06 for instance and model parameters
option SCALE: Scale is set to 1e-06 for instance and model parameters
option SCALE: Scale is set to 1e-06 for instance and model parameters
option SCALE: Scale is set to 1e-06 for instance and model parameters
Doing analysis at TEMP = 125.000000 and TNOM = 27.000000

Using KLU as Direct Linear Solver
 Reference value :  0.00000e+00
 Reference value :  2.12384e-09
 Reference value :  6.50000e-09
 Reference value :  1.35000e-08
 Reference value :  2.01000e-08
 Reference value :  2.69000e-08
 Reference value :  3.37000e-08
 Reference value :  4.15000e-08
 Reference value :  4.85000e-08
 Reference value :  5.38178e-08
 Reference value :  6.38178e-08
 Reference value :  7.38178e-08
 Reference value :  8.34178e-08
 Reference value :  9.36178e-08
 Reference value :  1.01017e-07
 Reference value :  1.08366e-07
 Reference value :  1.18166e-07
 Reference value :  1.27766e-07
 Reference value :  1.37766e-07
 Reference value :  1.47566e-07
 Reference value :  1.53016e-07
 Reference value :  1.61816e-07
 Reference value :  1.71416e-07
 Reference value :  1.81016e-07
 Reference value :  1.90616e-07
 Reference value :  2.00140e-07
 Reference value :  2.05407e-07
 Reference value :  2.15007e-07
 Reference value :  2.24807e-07
 Reference value :  2.34807e-07
 Reference value :  2.44407e-07
 Reference value :  2.50816e-07
 Reference value :  2.58616e-07
 Reference value :  2.68216e-07
 Reference value :  2.78016e-07
 Reference value :  2.88216e-07
 Reference value :  2.98016e-07
 Reference value :  3.03407e-07
 Reference value :  3.12607e-07
 Reference value :  3.22407e-07
 Reference value :  3.32207e-07
 Reference value :  3.41807e-07
 Reference value :  3.50000e-07
 Reference value :  3.56416e-07
 Reference value :  3.66216e-07
 Reference value :  3.75816e-07
 Reference value :  3.86216e-07
 Reference value :  3.96016e-07
 Reference value :  4.02007e-07
 Reference value :  4.10807e-07
 Reference value :  4.20407e-07
 Reference value :  4.30407e-07
 Reference value :  4.40807e-07
 Reference value :  4.49700e-07
 Reference value :  4.55416e-07
 Reference value :  4.65216e-07
 Reference value :  4.76016e-07
 Reference value :  4.85416e-07
 Reference value :  4.95216e-07
 Reference value :  5.02007e-07
 Reference value :  5.10807e-07
 Reference value :  5.20407e-07
 Reference value :  5.30607e-07
 Reference value :  5.40807e-07
 Reference value :  5.49500e-07
 Reference value :  5.55016e-07
 Reference value :  5.65216e-07
 Reference value :  5.74816e-07
 Reference value :  5.84216e-07
 Reference value :  5.94616e-07
 Reference value :  6.01259e-07
 Reference value :  6.09407e-07
 Reference value :  6.19407e-07
 Reference value :  6.29407e-07
 Reference value :  6.39007e-07
 Reference value :  6.48607e-07
 Reference value :  6.53816e-07
 Reference value :  6.63816e-07
 Reference value :  6.73616e-07
 Reference value :  6.83016e-07
 Reference value :  6.93216e-07
 Reference value :  7.01000e-07
 Reference value :  7.08407e-07
 Reference value :  7.18807e-07
 Reference value :  7.28607e-07
 Reference value :  7.38407e-07
 Reference value :  7.48207e-07
 Reference value :  7.54416e-07
 Reference value :  7.64016e-07
 Reference value :  7.73816e-07
 Reference value :  7.83816e-07
 Reference value :  7.94216e-07
 Reference value :  8.01052e-07
 Reference value :  8.08807e-07
 Reference value :  8.18607e-07
 Reference value :  8.28207e-07
 Reference value :  8.37807e-07
 Reference value :  8.47607e-07
 Reference value :  8.53416e-07
 Reference value :  8.62216e-07
 Reference value :  8.72016e-07
 Reference value :  8.81816e-07
 Reference value :  8.91616e-07
 Reference value :  9.00500e-07
 Reference value :  9.06607e-07
 Reference value :  9.16007e-07
 Reference value :  9.25807e-07
 Reference value :  9.35607e-07
 Reference value :  9.46607e-07
 Reference value :  9.53816e-07
 Reference value :  9.62616e-07
 Reference value :  9.72416e-07
 Reference value :  9.82416e-07
 Reference value :  9.92016e-07
 Reference value :  1.00050e-06
 Reference value :  1.00621e-06
 Reference value :  1.01601e-06
 Reference value :  1.02601e-06
 Reference value :  1.03621e-06
 Reference value :  1.04621e-06
 Reference value :  1.05222e-06
 Reference value :  1.06062e-06
 Reference value :  1.07022e-06
 Reference value :  1.07982e-06
 Reference value :  1.08942e-06
 Reference value :  1.09922e-06
 Reference value :  1.10421e-06
 Reference value :  1.11381e-06
 Reference value :  1.12381e-06
 Reference value :  1.13361e-06
 Reference value :  1.14341e-06
 Reference value :  1.15027e-06
 Reference value :  1.15762e-06
 Reference value :  1.16702e-06
 Reference value :  1.17662e-06
 Reference value :  1.18622e-06
 Reference value :  1.19582e-06
 Reference value :  1.20181e-06
 Reference value :  1.21061e-06
 Reference value :  1.22041e-06
 Reference value :  1.23021e-06
 Reference value :  1.23981e-06
 Reference value :  1.24914e-06
 Reference value :  1.25502e-06
 Reference value :  1.26462e-06
 Reference value :  1.27442e-06
 Reference value :  1.28402e-06
 Reference value :  1.29382e-06
 Reference value :  1.30102e-06
 Reference value :  1.30861e-06
 Reference value :  1.31841e-06
 Reference value :  1.32821e-06
 Reference value :  1.33801e-06
 Reference value :  1.34781e-06
 Reference value :  1.35342e-06
 Reference value :  1.36242e-06
 Reference value :  1.37222e-06
 Reference value :  1.38182e-06
 Reference value :  1.39122e-06
 Reference value :  1.40030e-06
 Reference value :  1.40581e-06
 Reference value :  1.41561e-06
 Reference value :  1.42521e-06
 Reference value :  1.43521e-06
 Reference value :  1.44481e-06
 Reference value :  1.45142e-06
 Reference value :  1.45942e-06
 Reference value :  1.46922e-06
 Reference value :  1.47882e-06
 Reference value :  1.48842e-06
 Reference value :  1.49782e-06
 Reference value :  1.50321e-06
 Reference value :  1.51241e-06
 Reference value :  1.52201e-06
 Reference value :  1.53181e-06
 Reference value :  1.54141e-06
 Reference value :  1.54985e-06
 Reference value :  1.55562e-06
 Reference value :  1.56542e-06
 Reference value :  1.57562e-06
 Reference value :  1.58522e-06
 Reference value :  1.59482e-06
 Reference value :  1.60112e-06
 Reference value :  1.60941e-06
 Reference value :  1.61881e-06
 Reference value :  1.62821e-06
 Reference value :  1.63801e-06
 Reference value :  1.64801e-06
 Reference value :  1.65362e-06
 Reference value :  1.66282e-06
 Reference value :  1.67242e-06
 Reference value :  1.68242e-06
 Reference value :  1.69182e-06
 Reference value :  1.70050e-06
 Reference value :  1.70601e-06
 Reference value :  1.71561e-06
 Reference value :  1.72521e-06
 Reference value :  1.73501e-06
 Reference value :  1.74461e-06
 Reference value :  1.75102e-06
 Reference value :  1.75842e-06
 Reference value :  1.76802e-06
 Reference value :  1.77782e-06
 Reference value :  1.78742e-06
 Reference value :  1.79702e-06
 Reference value :  1.80281e-06
 Reference value :  1.81181e-06
 Reference value :  1.82161e-06
 Reference value :  1.83121e-06
 Reference value :  1.84101e-06
 Reference value :  1.84985e-06
 Reference value :  1.85582e-06
 Reference value :  1.86522e-06
 Reference value :  1.87462e-06
 Reference value :  1.88422e-06
 Reference value :  1.89382e-06
 Reference value :  1.90102e-06
 Reference value :  1.90881e-06
 Reference value :  1.91861e-06
 Reference value :  1.92821e-06
 Reference value :  1.93801e-06
 Reference value :  1.94781e-06
 Reference value :  1.95322e-06
 Reference value :  1.96202e-06
 Reference value :  1.97162e-06
 Reference value :  1.98142e-06
 Reference value :  1.99102e-06
 Reference value :  2.00014e-06
 Reference value :  2.00561e-06
 Reference value :  2.01561e-06
 Reference value :  2.02521e-06
 Reference value :  2.03501e-06
 Reference value :  2.04501e-06
 Reference value :  2.05122e-06
 Reference value :  2.05902e-06
 Reference value :  2.06882e-06
 Reference value :  2.07842e-06
 Reference value :  2.08802e-06
 Reference value :  2.09762e-06
 Reference value :  2.10301e-06
 Reference value :  2.11241e-06
 Reference value :  2.12221e-06
 Reference value :  2.13201e-06
 Reference value :  2.14181e-06
 Reference value :  2.14985e-06
 Reference value :  2.15582e-06
 Reference value :  2.16542e-06
 Reference value :  2.17502e-06
 Reference value :  2.18482e-06
 Reference value :  2.19442e-06
 Reference value :  2.20112e-06
 Reference value :  2.20941e-06
 Reference value :  2.21881e-06
 Reference value :  2.22861e-06
 Reference value :  2.23841e-06
 Reference value :  2.24821e-06
 Reference value :  2.25362e-06
 Reference value :  2.26242e-06
 Reference value :  2.27202e-06
 Reference value :  2.28162e-06
 Reference value :  2.29102e-06
 Reference value :  2.30014e-06
 Reference value :  2.30581e-06
 Reference value :  2.31581e-06
 Reference value :  2.32621e-06
 Reference value :  2.33621e-06
 Reference value :  2.34581e-06
 Reference value :  2.35202e-06
 Reference value :  2.36042e-06
 Reference value :  2.37042e-06
 Reference value :  2.38022e-06
 Reference value :  2.38982e-06
 Reference value :  2.39922e-06
 Reference value :  2.40421e-06
 Reference value :  2.41381e-06
 Reference value :  2.42321e-06
 Reference value :  2.43281e-06
 Reference value :  2.44241e-06
 Reference value :  2.45002e-06
 Reference value :  2.45682e-06
 Reference value :  2.46642e-06
 Reference value :  2.47622e-06
 Reference value :  2.48622e-06
 Reference value :  2.49562e-06
 Reference value :  2.50161e-06
 Reference value :  2.51021e-06
 Reference value :  2.52001e-06
 Reference value :  2.52941e-06
 Reference value :  2.53921e-06
 Reference value :  2.54900e-06
 Reference value :  2.55442e-06
 Reference value :  2.56402e-06
 Reference value :  2.57382e-06
 Reference value :  2.58382e-06
 Reference value :  2.59342e-06
 Reference value :  2.60100e-06
 Reference value :  2.60841e-06
 Reference value :  2.61801e-06
 Reference value :  2.62761e-06
 Reference value :  2.63741e-06
 Reference value :  2.64701e-06
 Reference value :  2.65282e-06
 Reference value :  2.66202e-06
 Reference value :  2.67182e-06
 Reference value :  2.68122e-06
 Reference value :  2.69082e-06
 Reference value :  2.70030e-06
 Reference value :  2.70621e-06
 Reference value :  2.71641e-06
 Reference value :  2.72621e-06
 Reference value :  2.73621e-06
 Reference value :  2.74601e-06
 Reference value :  2.75222e-06
 Reference value :  2.76062e-06
 Reference value :  2.77042e-06
 Reference value :  2.78022e-06
 Reference value :  2.79002e-06
 Reference value :  2.79982e-06
 Reference value :  2.80481e-06
 Reference value :  2.81461e-06
 Reference value :  2.82441e-06
 Reference value :  2.83421e-06
 Reference value :  2.84401e-06
 Reference value :  2.85062e-06
 Reference value :  2.85842e-06
 Reference value :  2.86822e-06
 Reference value :  2.87822e-06
 Reference value :  2.88762e-06
 Reference value :  2.89722e-06
 Reference value :  2.90281e-06
 Reference value :  2.91241e-06
 Reference value :  2.92221e-06
 Reference value :  2.93201e-06
 Reference value :  2.94181e-06
 Reference value :  2.95000e-06
 Reference value :  2.95622e-06
 Reference value :  2.96602e-06
 Reference value :  2.97562e-06
 Reference value :  2.98542e-06
 Reference value :  2.99522e-06
No. of Data Rows : 15377
sim/harness: analysis complete
Note: Simulation executed from .control section 
