
Note: Compatibility modes selected: hs a


Circuit: ** sch_path: /users/rwalters/github/sky130-pll/.loom/worktrees/issue-81/sim/pll-lock/testbench/tb_pll_lock.sch

option SCALE: Scale is set to 1e-06 for instance and model parameters
option SCALE: Scale is set to 1e-06 for instance and model parameters
option SCALE: Scale is set to 1e-06 for instance and model parameters
option SCALE: Scale is set to 1e-06 for instance and model parameters
Doing analysis at TEMP = 125.000000 and TNOM = 27.000000

Using KLU as Direct Linear Solver
 Reference value :  0.00000e+00
 Reference value :  2.79814e-09
 Reference value :  7.70000e-09
 Reference value :  1.45000e-08
 Reference value :  2.13000e-08
 Reference value :  2.81000e-08
 Reference value :  3.65000e-08
 Reference value :  4.59000e-08
 Reference value :  5.04293e-08
 Reference value :  5.72293e-08
 Reference value :  6.40293e-08
 Reference value :  7.08293e-08
 Reference value :  7.76293e-08
 Reference value :  8.46293e-08
 Reference value :  9.32293e-08
 Reference value :  1.01000e-07
 Reference value :  1.06979e-07
 Reference value :  1.14379e-07
 Reference value :  1.24179e-07
 Reference value :  1.33979e-07
 Reference value :  1.43779e-07
 Reference value :  1.50181e-07
 Reference value :  1.56599e-07
 Reference value :  1.63399e-07
 Reference value :  1.70199e-07
 Reference value :  1.77199e-07
 Reference value :  1.83999e-07
 Reference value :  1.91599e-07
 Reference value :  2.00300e-07
 Reference value :  2.05857e-07
 Reference value :  2.12657e-07
 Reference value :  2.22257e-07
 Reference value :  2.32057e-07
 Reference value :  2.41857e-07
 Reference value :  2.50000e-07
 Reference value :  2.55199e-07
 Reference value :  2.62199e-07
 Reference value :  2.68999e-07
 Reference value :  2.75799e-07
 Reference value :  2.82599e-07
 Reference value :  2.89999e-07
 Reference value :  2.99399e-07
 Reference value :  3.04457e-07
 Reference value :  3.11457e-07
 Reference value :  3.20857e-07
 Reference value :  3.30257e-07
 Reference value :  3.40057e-07
 Reference value :  3.49140e-07
 Reference value :  3.53799e-07
 Reference value :  3.60799e-07
 Reference value :  3.67599e-07
 Reference value :  3.74599e-07
 Reference value :  3.81399e-07
 Reference value :  3.88599e-07
 Reference value :  3.97799e-07
 Reference value :  4.03257e-07
 Reference value :  4.09857e-07
 Reference value :  4.18657e-07
 Reference value :  4.28457e-07
 Reference value :  4.38457e-07
 Reference value :  4.48257e-07
 Reference value :  4.52799e-07
 Reference value :  4.59599e-07
 Reference value :  4.66599e-07
 Reference value :  4.73399e-07
 Reference value :  4.80199e-07
 Reference value :  4.87199e-07
 Reference value :  4.95999e-07
 Reference value :  5.02257e-07
 Reference value :  5.09057e-07
 Reference value :  5.17257e-07
 Reference value :  5.27057e-07
 Reference value :  5.36857e-07
 Reference value :  5.46857e-07
 Reference value :  5.51799e-07
 Reference value :  5.58599e-07
 Reference value :  5.65399e-07
 Reference value :  5.72199e-07
 Reference value :  5.78999e-07
 Reference value :  5.85799e-07
 Reference value :  5.94199e-07
 Reference value :  6.01060e-07
 Reference value :  6.07657e-07
 Reference value :  6.15257e-07
 Reference value :  6.25057e-07
 Reference value :  6.34857e-07
 Reference value :  6.44657e-07
 Reference value :  6.50288e-07
 Reference value :  6.56999e-07
 Reference value :  6.63999e-07
 Reference value :  6.70799e-07
 Reference value :  6.77599e-07
 Reference value :  6.84399e-07
 Reference value :  6.92599e-07
 Reference value :  7.00850e-07
 Reference value :  7.06857e-07
 Reference value :  7.14257e-07
 Reference value :  7.24457e-07
 Reference value :  7.34257e-07
 Reference value :  7.44457e-07
 Reference value :  7.50288e-07
 Reference value :  7.56999e-07
 Reference value :  7.63799e-07
 Reference value :  7.70399e-07
 Reference value :  7.77199e-07
 Reference value :  7.83999e-07
 Reference value :  7.91599e-07
 Reference value :  8.00500e-07
 Reference value :  8.06057e-07
 Reference value :  8.13057e-07
 Reference value :  8.22857e-07
 Reference value :  8.32457e-07
 Reference value :  8.42257e-07
 Reference value :  8.50060e-07
 Reference value :  8.55599e-07
 Reference value :  8.62399e-07
 Reference value :  8.69199e-07
 Reference value :  8.76199e-07
 Reference value :  8.82999e-07
 Reference value :  8.90399e-07
 Reference value :  8.99899e-07
 Reference value :  9.04857e-07
 Reference value :  9.11657e-07
 Reference value :  9.21257e-07
 Reference value :  9.31057e-07
 Reference value :  9.40857e-07
 Reference value :  9.49700e-07
 Reference value :  9.54399e-07
 Reference value :  9.61199e-07
 Reference value :  9.67999e-07
 Reference value :  9.74799e-07
 Reference value :  9.81599e-07
 Reference value :  9.88599e-07
 Reference value :  9.97799e-07
 Reference value :  1.00326e-06
 Reference value :  1.00986e-06
 Reference value :  1.01866e-06
 Reference value :  1.02886e-06
 Reference value :  1.03846e-06
 Reference value :  1.04826e-06
 Reference value :  1.05280e-06
 Reference value :  1.05980e-06
 Reference value :  1.06640e-06
 Reference value :  1.07300e-06
 Reference value :  1.07960e-06
 Reference value :  1.08660e-06
 Reference value :  1.09460e-06
 Reference value :  1.10126e-06
 Reference value :  1.10806e-06
 Reference value :  1.11606e-06
 Reference value :  1.12566e-06
 Reference value :  1.13526e-06
 Reference value :  1.14486e-06
 Reference value :  1.15040e-06
 Reference value :  1.15740e-06
 Reference value :  1.16420e-06
 Reference value :  1.17080e-06
 Reference value :  1.17760e-06
 Reference value :  1.18440e-06
 Reference value :  1.19200e-06
 Reference value :  1.20050e-06
 Reference value :  1.20586e-06
 Reference value :  1.21226e-06
 Reference value :  1.22166e-06
 Reference value :  1.23146e-06
 Reference value :  1.24066e-06
 Reference value :  1.24950e-06
 Reference value :  1.25380e-06
 Reference value :  1.26080e-06
 Reference value :  1.26700e-06
 Reference value :  1.27380e-06
 Reference value :  1.28040e-06
 Reference value :  1.28720e-06
 Reference value :  1.29600e-06
 Reference value :  1.30206e-06
 Reference value :  1.30866e-06
 Reference value :  1.31666e-06
 Reference value :  1.32646e-06
 Reference value :  1.33606e-06
 Reference value :  1.34606e-06
 Reference value :  1.35160e-06
 Reference value :  1.35840e-06
 Reference value :  1.36540e-06
 Reference value :  1.37240e-06
 Reference value :  1.37940e-06
 Reference value :  1.38620e-06
 Reference value :  1.39460e-06
 Reference value :  1.40126e-06
 Reference value :  1.40806e-06
 Reference value :  1.41586e-06
 Reference value :  1.42546e-06
 Reference value :  1.43546e-06
 Reference value :  1.44526e-06
 Reference value :  1.45080e-06
 Reference value :  1.45760e-06
 Reference value :  1.46460e-06
 Reference value :  1.47140e-06
 Reference value :  1.47820e-06
 Reference value :  1.48500e-06
 Reference value :  1.49300e-06
 Reference value :  1.50085e-06
 Reference value :  1.50666e-06
 Reference value :  1.51406e-06
 Reference value :  1.52386e-06
 Reference value :  1.53366e-06
 Reference value :  1.54346e-06
 Reference value :  1.55012e-06
 Reference value :  1.55640e-06
 Reference value :  1.56340e-06
 Reference value :  1.57040e-06
 Reference value :  1.57740e-06
 Reference value :  1.58500e-06
 Reference value :  1.59300e-06
 Reference value :  1.60085e-06
 Reference value :  1.60686e-06
 Reference value :  1.61426e-06
 Reference value :  1.62426e-06
 Reference value :  1.63426e-06
 Reference value :  1.64506e-06
 Reference value :  1.65060e-06
 Reference value :  1.65740e-06
 Reference value :  1.66420e-06
 Reference value :  1.67100e-06
 Reference value :  1.67800e-06
 Reference value :  1.68480e-06
 Reference value :  1.69260e-06
 Reference value :  1.70085e-06
 Reference value :  1.70706e-06
 Reference value :  1.71486e-06
 Reference value :  1.72466e-06
 Reference value :  1.73426e-06
 Reference value :  1.74406e-06
 Reference value :  1.75018e-06
 Reference value :  1.75660e-06
 Reference value :  1.76340e-06
 Reference value :  1.77020e-06
 Reference value :  1.77720e-06
 Reference value :  1.78400e-06
 Reference value :  1.79160e-06
 Reference value :  1.80050e-06
 Reference value :  1.80566e-06
 Reference value :  1.81246e-06
 Reference value :  1.82226e-06
 Reference value :  1.83186e-06
 Reference value :  1.84146e-06
 Reference value :  1.85000e-06
 Reference value :  1.85520e-06
 Reference value :  1.86200e-06
 Reference value :  1.86880e-06
 Reference value :  1.87560e-06
 Reference value :  1.88240e-06
 Reference value :  1.88980e-06
 Reference value :  1.89920e-06
 Reference value :  1.90426e-06
 Reference value :  1.91106e-06
 Reference value :  1.92006e-06
 Reference value :  1.92986e-06
 Reference value :  1.93946e-06
 Reference value :  1.94902e-06
 Reference value :  1.95340e-06
 Reference value :  1.96020e-06
 Reference value :  1.96700e-06
 Reference value :  1.97380e-06
 Reference value :  1.98100e-06
 Reference value :  1.98800e-06
 Reference value :  1.99700e-06
 Reference value :  2.00266e-06
 Reference value :  2.00946e-06
 Reference value :  2.01786e-06
 Reference value :  2.02786e-06
 Reference value :  2.03766e-06
 Reference value :  2.04786e-06
 Reference value :  2.05260e-06
 Reference value :  2.05940e-06
 Reference value :  2.06640e-06
 Reference value :  2.07340e-06
 Reference value :  2.08020e-06
 Reference value :  2.08720e-06
 Reference value :  2.09600e-06
 Reference value :  2.10186e-06
 Reference value :  2.10866e-06
 Reference value :  2.11646e-06
 Reference value :  2.12626e-06
 Reference value :  2.13586e-06
 Reference value :  2.14566e-06
 Reference value :  2.15080e-06
 Reference value :  2.15760e-06
 Reference value :  2.16440e-06
 Reference value :  2.17120e-06
 Reference value :  2.17800e-06
 Reference value :  2.18480e-06
 Reference value :  2.19240e-06
 Reference value :  2.20070e-06
 Reference value :  2.20626e-06
 Reference value :  2.21306e-06
 Reference value :  2.22286e-06
 Reference value :  2.23266e-06
 Reference value :  2.24246e-06
 Reference value :  2.25006e-06
 Reference value :  2.25540e-06
 Reference value :  2.26220e-06
 Reference value :  2.26900e-06
 Reference value :  2.27580e-06
 Reference value :  2.28260e-06
 Reference value :  2.29000e-06
 Reference value :  2.29940e-06
 Reference value :  2.30466e-06
 Reference value :  2.31146e-06
 Reference value :  2.32106e-06
 Reference value :  2.33086e-06
 Reference value :  2.34046e-06
 Reference value :  2.34930e-06
 Reference value :  2.35400e-06
 Reference value :  2.36080e-06
 Reference value :  2.36780e-06
 Reference value :  2.37460e-06
 Reference value :  2.38140e-06
 Reference value :  2.38860e-06
 Reference value :  2.39760e-06
 Reference value :  2.40326e-06
 Reference value :  2.41006e-06
 Reference value :  2.41866e-06
 Reference value :  2.42826e-06
 Reference value :  2.43826e-06
 Reference value :  2.44806e-06
 Reference value :  2.45260e-06
 Reference value :  2.45940e-06
 Reference value :  2.46620e-06
 Reference value :  2.47300e-06
 Reference value :  2.47980e-06
 Reference value :  2.48660e-06
 Reference value :  2.49520e-06
 Reference value :  2.50126e-06
 Reference value :  2.50806e-06
 Reference value :  2.51566e-06
 Reference value :  2.52546e-06
 Reference value :  2.53526e-06
 Reference value :  2.54506e-06
 Reference value :  2.55060e-06
 Reference value :  2.55740e-06
 Reference value :  2.56420e-06
 Reference value :  2.57100e-06
 Reference value :  2.57780e-06
 Reference value :  2.58460e-06
 Reference value :  2.59240e-06
 Reference value :  2.60070e-06
 Reference value :  2.60626e-06
 Reference value :  2.61326e-06
 Reference value :  2.62386e-06
 Reference value :  2.63426e-06
 Reference value :  2.64406e-06
 Reference value :  2.65029e-06
 Reference value :  2.65760e-06
 Reference value :  2.66440e-06
 Reference value :  2.67120e-06
 Reference value :  2.67800e-06
 Reference value :  2.68480e-06
 Reference value :  2.69260e-06
 Reference value :  2.70085e-06
 Reference value :  2.70666e-06
 Reference value :  2.71426e-06
 Reference value :  2.72426e-06
 Reference value :  2.73406e-06
 Reference value :  2.74386e-06
 Reference value :  2.75029e-06
 Reference value :  2.75700e-06
 Reference value :  2.76400e-06
 Reference value :  2.77100e-06
 Reference value :  2.77840e-06
 Reference value :  2.78520e-06
 Reference value :  2.79340e-06
 Reference value :  2.80100e-06
 Reference value :  2.80726e-06
 Reference value :  2.81446e-06
 Reference value :  2.82426e-06
 Reference value :  2.83386e-06
 Reference value :  2.84366e-06
 Reference value :  2.85018e-06
 Reference value :  2.85660e-06
 Reference value :  2.86340e-06
 Reference value :  2.87020e-06
 Reference value :  2.87720e-06
 Reference value :  2.88400e-06
 Reference value :  2.89160e-06
 Reference value :  2.90070e-06
 Reference value :  2.90646e-06
 Reference value :  2.91366e-06
 Reference value :  2.92366e-06
 Reference value :  2.93346e-06
 Reference value :  2.94306e-06
 Reference value :  2.95012e-06
 Reference value :  2.95620e-06
 Reference value :  2.96300e-06
 Reference value :  2.97000e-06
 Reference value :  2.97680e-06
 Reference value :  2.98380e-06
 Reference value :  2.99180e-06
No. of Data Rows : 15434
sim/harness: analysis complete
Note: Simulation executed from .control section 
