
Note: Compatibility modes selected: hs a


Circuit: ** sch_path: /users/rwalters/github/sky130-pll/.loom/worktrees/issue-81/sim/pll-lock/testbench/tb_pll_lock.sch

option SCALE: Scale is set to 1e-06 for instance and model parameters
option SCALE: Scale is set to 1e-06 for instance and model parameters
option SCALE: Scale is set to 1e-06 for instance and model parameters
option SCALE: Scale is set to 1e-06 for instance and model parameters
Doing analysis at TEMP = 27.000000 and TNOM = 27.000000

Using KLU as Direct Linear Solver
 Reference value :  0.00000e+00
 Reference value :  3.38339e-09
 Reference value :  9.10000e-09
 Reference value :  1.77000e-08
 Reference value :  2.91000e-08
 Reference value :  3.93000e-08
 Reference value :  4.97000e-08
 Reference value :  5.59753e-08
 Reference value :  6.41753e-08
 Reference value :  7.41753e-08
 Reference value :  8.29753e-08
 Reference value :  9.29753e-08
 Reference value :  1.00850e-07
 Reference value :  1.08070e-07
 Reference value :  1.18670e-07
 Reference value :  1.29070e-07
 Reference value :  1.39670e-07
 Reference value :  1.49700e-07
 Reference value :  1.55165e-07
 Reference value :  1.63165e-07
 Reference value :  1.70965e-07
 Reference value :  1.78365e-07
 Reference value :  1.86165e-07
 Reference value :  1.93565e-07
 Reference value :  2.00850e-07
 Reference value :  2.07870e-07
 Reference value :  2.18670e-07
 Reference value :  2.29270e-07
 Reference value :  2.39670e-07
 Reference value :  2.49300e-07
 Reference value :  2.54365e-07
 Reference value :  2.61765e-07
 Reference value :  2.69165e-07
 Reference value :  2.76765e-07
 Reference value :  2.83965e-07
 Reference value :  2.91365e-07
 Reference value :  2.98565e-07
 Reference value :  3.03670e-07
 Reference value :  3.13470e-07
 Reference value :  3.23870e-07
 Reference value :  3.34470e-07
 Reference value :  3.45070e-07
 Reference value :  3.51165e-07
 Reference value :  3.58565e-07
 Reference value :  3.65965e-07
 Reference value :  3.73965e-07
 Reference value :  3.81765e-07
 Reference value :  3.89165e-07
 Reference value :  3.96565e-07
 Reference value :  4.01870e-07
 Reference value :  4.10870e-07
 Reference value :  4.21470e-07
 Reference value :  4.32070e-07
 Reference value :  4.43470e-07
 Reference value :  4.50195e-07
 Reference value :  4.57565e-07
 Reference value :  4.65165e-07
 Reference value :  4.72965e-07
 Reference value :  4.80565e-07
 Reference value :  4.88165e-07
 Reference value :  4.95565e-07
 Reference value :  5.01020e-07
 Reference value :  5.09270e-07
 Reference value :  5.19870e-07
 Reference value :  5.30270e-07
 Reference value :  5.40670e-07
 Reference value :  5.50000e-07
 Reference value :  5.55365e-07
 Reference value :  5.62565e-07
 Reference value :  5.70165e-07
 Reference value :  5.77765e-07
 Reference value :  5.84965e-07
 Reference value :  5.92165e-07
 Reference value :  5.99565e-07
 Reference value :  6.05470e-07
 Reference value :  6.16470e-07
 Reference value :  6.27070e-07
 Reference value :  6.38470e-07
 Reference value :  6.49020e-07
 Reference value :  6.54965e-07
 Reference value :  6.62965e-07
 Reference value :  6.71165e-07
 Reference value :  6.78565e-07
 Reference value :  6.86165e-07
 Reference value :  6.94165e-07
 Reference value :  7.00850e-07
 Reference value :  7.08870e-07
 Reference value :  7.19470e-07
 Reference value :  7.30470e-07
 Reference value :  7.41270e-07
 Reference value :  7.50060e-07
 Reference value :  7.56765e-07
 Reference value :  7.64365e-07
 Reference value :  7.72365e-07
 Reference value :  7.80565e-07
 Reference value :  7.88565e-07
 Reference value :  7.96565e-07
 Reference value :  8.02070e-07
 Reference value :  8.11670e-07
 Reference value :  8.22670e-07
 Reference value :  8.34270e-07
 Reference value :  8.45270e-07
 Reference value :  8.51565e-07
 Reference value :  8.59965e-07
 Reference value :  8.67965e-07
 Reference value :  8.75565e-07
 Reference value :  8.82965e-07
 Reference value :  8.90165e-07
 Reference value :  8.97565e-07
 Reference value :  9.02670e-07
 Reference value :  9.12270e-07
 Reference value :  9.24670e-07
 Reference value :  9.35670e-07
 Reference value :  9.46470e-07
 Reference value :  9.52165e-07
 Reference value :  9.59565e-07
 Reference value :  9.66965e-07
 Reference value :  9.74965e-07
 Reference value :  9.82365e-07
 Reference value :  9.89765e-07
 Reference value :  9.97165e-07
 Reference value :  1.00247e-06
 Reference value :  1.01167e-06
 Reference value :  1.02207e-06
 Reference value :  1.03247e-06
 Reference value :  1.04307e-06
 Reference value :  1.05012e-06
 Reference value :  1.05696e-06
 Reference value :  1.06416e-06
 Reference value :  1.07196e-06
 Reference value :  1.07936e-06
 Reference value :  1.08676e-06
 Reference value :  1.09396e-06
 Reference value :  1.10070e-06
 Reference value :  1.10727e-06
 Reference value :  1.11767e-06
 Reference value :  1.12867e-06
 Reference value :  1.13907e-06
 Reference value :  1.14906e-06
 Reference value :  1.15396e-06
 Reference value :  1.16136e-06
 Reference value :  1.16876e-06
 Reference value :  1.17656e-06
 Reference value :  1.18376e-06
 Reference value :  1.19136e-06
 Reference value :  1.19876e-06
 Reference value :  1.20367e-06
 Reference value :  1.21327e-06
 Reference value :  1.22367e-06
 Reference value :  1.23427e-06
 Reference value :  1.24487e-06
 Reference value :  1.25076e-06
 Reference value :  1.25816e-06
 Reference value :  1.26576e-06
 Reference value :  1.27356e-06
 Reference value :  1.28096e-06
 Reference value :  1.28856e-06
 Reference value :  1.29596e-06
 Reference value :  1.30114e-06
 Reference value :  1.30967e-06
 Reference value :  1.32107e-06
 Reference value :  1.33167e-06
 Reference value :  1.34227e-06
 Reference value :  1.35012e-06
 Reference value :  1.35696e-06
 Reference value :  1.36556e-06
 Reference value :  1.37336e-06
 Reference value :  1.38116e-06
 Reference value :  1.38876e-06
 Reference value :  1.39616e-06
 Reference value :  1.40227e-06
 Reference value :  1.41187e-06
 Reference value :  1.42267e-06
 Reference value :  1.43367e-06
 Reference value :  1.44427e-06
 Reference value :  1.45056e-06
 Reference value :  1.45816e-06
 Reference value :  1.46556e-06
 Reference value :  1.47336e-06
 Reference value :  1.48096e-06
 Reference value :  1.48996e-06
 Reference value :  1.49756e-06
 Reference value :  1.50587e-06
 Reference value :  1.52287e-06
 Reference value :  1.53827e-06
 Reference value :  1.55041e-06
 Reference value :  1.56156e-06
 Reference value :  1.57296e-06
 Reference value :  1.58416e-06
 Reference value :  1.59236e-06
 Reference value :  1.59976e-06
 Reference value :  1.60567e-06
 Reference value :  1.61587e-06
 Reference value :  1.62627e-06
 Reference value :  1.63687e-06
 Reference value :  1.64847e-06
 Reference value :  1.65356e-06
 Reference value :  1.66136e-06
 Reference value :  1.66896e-06
 Reference value :  1.67676e-06
 Reference value :  1.68416e-06
 Reference value :  1.69156e-06
 Reference value :  1.69916e-06
 Reference value :  1.70487e-06
 Reference value :  1.71847e-06
 Reference value :  1.73307e-06
 Reference value :  1.74487e-06
 Reference value :  1.75096e-06
 Reference value :  1.75836e-06
 Reference value :  1.76596e-06
 Reference value :  1.77376e-06
 Reference value :  1.78116e-06
 Reference value :  1.78956e-06
 Reference value :  1.79736e-06
 Reference value :  1.80247e-06
 Reference value :  1.81227e-06
 Reference value :  1.82307e-06
 Reference value :  1.83407e-06
 Reference value :  1.84507e-06
 Reference value :  1.85116e-06
 Reference value :  1.85856e-06
 Reference value :  1.86756e-06
 Reference value :  1.87576e-06
 Reference value :  1.88396e-06
 Reference value :  1.89256e-06
 Reference value :  1.90000e-06
 Reference value :  1.90507e-06
 Reference value :  1.91567e-06
 Reference value :  1.92607e-06
 Reference value :  1.93667e-06
 Reference value :  1.94747e-06
 Reference value :  1.95336e-06
 Reference value :  1.96156e-06
 Reference value :  1.96896e-06
 Reference value :  1.97676e-06
 Reference value :  1.98416e-06
 Reference value :  1.99176e-06
 Reference value :  1.99916e-06
 Reference value :  2.00407e-06
 Reference value :  2.01487e-06
 Reference value :  2.02507e-06
 Reference value :  2.03547e-06
 Reference value :  2.04587e-06
 Reference value :  2.05196e-06
 Reference value :  2.05956e-06
 Reference value :  2.06696e-06
 Reference value :  2.07476e-06
 Reference value :  2.08176e-06
 Reference value :  2.08916e-06
 Reference value :  2.09716e-06
 Reference value :  2.10227e-06
 Reference value :  2.11147e-06
 Reference value :  2.12207e-06
 Reference value :  2.13267e-06
 Reference value :  2.14307e-06
 Reference value :  2.15056e-06
 Reference value :  2.15796e-06
 Reference value :  2.16556e-06
 Reference value :  2.17336e-06
 Reference value :  2.18156e-06
 Reference value :  2.18916e-06
 Reference value :  2.19656e-06
 Reference value :  2.20147e-06
 Reference value :  2.21027e-06
 Reference value :  2.22087e-06
 Reference value :  2.23127e-06
 Reference value :  2.24167e-06
 Reference value :  2.25006e-06
 Reference value :  2.25596e-06
 Reference value :  2.26336e-06
 Reference value :  2.27096e-06
 Reference value :  2.27876e-06
 Reference value :  2.28636e-06
 Reference value :  2.29376e-06
 Reference value :  2.30050e-06
 Reference value :  2.30647e-06
 Reference value :  2.31687e-06
 Reference value :  2.32747e-06
 Reference value :  2.33807e-06
 Reference value :  2.34900e-06
 Reference value :  2.35376e-06
 Reference value :  2.36116e-06
 Reference value :  2.36876e-06
 Reference value :  2.37636e-06
 Reference value :  2.38376e-06
 Reference value :  2.39096e-06
 Reference value :  2.39836e-06
 Reference value :  2.40367e-06
 Reference value :  2.41327e-06
 Reference value :  2.42387e-06
 Reference value :  2.43487e-06
 Reference value :  2.44667e-06
 Reference value :  2.45196e-06
 Reference value :  2.45936e-06
 Reference value :  2.46676e-06
 Reference value :  2.47516e-06
 Reference value :  2.48256e-06
 Reference value :  2.48996e-06
 Reference value :  2.49716e-06
 Reference value :  2.50207e-06
 Reference value :  2.51107e-06
 Reference value :  2.52107e-06
 Reference value :  2.53167e-06
 Reference value :  2.54247e-06
 Reference value :  2.55012e-06
 Reference value :  2.55676e-06
 Reference value :  2.56416e-06
 Reference value :  2.57176e-06
 Reference value :  2.57916e-06
 Reference value :  2.58676e-06
 Reference value :  2.59416e-06
 Reference value :  2.60050e-06
 Reference value :  2.60667e-06
 Reference value :  2.61727e-06
 Reference value :  2.62767e-06
 Reference value :  2.63787e-06
 Reference value :  2.64827e-06
 Reference value :  2.65336e-06
 Reference value :  2.66076e-06
 Reference value :  2.66816e-06
 Reference value :  2.67596e-06
 Reference value :  2.68316e-06
 Reference value :  2.69036e-06
 Reference value :  2.69756e-06
 Reference value :  2.70247e-06
 Reference value :  2.71187e-06
 Reference value :  2.72227e-06
 Reference value :  2.73247e-06
 Reference value :  2.74287e-06
 Reference value :  2.75012e-06
 Reference value :  2.75676e-06
 Reference value :  2.76396e-06
 Reference value :  2.77176e-06
 Reference value :  2.77956e-06
 Reference value :  2.78656e-06
 Reference value :  2.79376e-06
 Reference value :  2.80030e-06
 Reference value :  2.80607e-06
 Reference value :  2.81667e-06
 Reference value :  2.82687e-06
 Reference value :  2.83687e-06
 Reference value :  2.84687e-06
 Reference value :  2.85216e-06
 Reference value :  2.85936e-06
 Reference value :  2.86656e-06
 Reference value :  2.87456e-06
 Reference value :  2.88216e-06
 Reference value :  2.88956e-06
 Reference value :  2.89716e-06
 Reference value :  2.90207e-06
 Reference value :  2.91127e-06
 Reference value :  2.92187e-06
 Reference value :  2.93207e-06
 Reference value :  2.94247e-06
 Reference value :  2.95019e-06
 Reference value :  2.95696e-06
 Reference value :  2.96436e-06
 Reference value :  2.97196e-06
 Reference value :  2.97896e-06
 Reference value :  2.98616e-06
 Reference value :  2.99356e-06
No. of Data Rows : 15433
sim/harness: analysis complete
Note: Simulation executed from .control section 
Warning: singular matrix:  check node xxxtop.vctrl

Note: Starting dynamic gmin stepping
Note: Dynamic gmin stepping completed
